[11:33:05] - Serveur Démarré
[11:33:05] - FTP Port: 21
[13:05:16] - [1] Connecté à 86.235.162.42. Collecte du Nom d'utilisateur.
[13:05:16] - [1] Usager MIRKO.POZEN Connecté IP: 86.235.162.42
[13:05:16] - [1] MIRKO.POZEN: Répertoire en Cours: D:\kerberos.htx\
[13:05:16] - [1] MIRKO.POZEN: Répertoire en Cours: D:\kerberos.htx\
[13:05:34] - [1] MIRKO.POZEN: Répertoire en Cours: D:\kerberos.htx\exe\
[13:05:41] - [2] Connecté à 86.235.162.42. Collecte du Nom d'utilisateur.
[13:05:42] - [2] Usager MIRKO.POZEN Connecté IP: 86.235.162.42
[13:05:42] - [2] MIRKO.POZEN: Répertoire en Cours: D:\kerberos.htx\
[13:05:42] - [2] MIRKO.POZEN: Répertoire en Cours: D:\kerberos.htx\exe\
[13:05:42] - [2] MIRKO.POZEN: Début d'Upload de D:\kerberos.htx\exe\windows-movie-maker-2016-multi.exe
[13:07:30] - [2] MIRKO.POZEN: Fichier Upload: D:\kerberos.htx\exe\windows-movie-maker-2016-multi.exe (724,46 K/S -  80 860 795 bytes)
[13:07:30] - [3] Connecté à 86.235.162.42. Collecte du Nom d'utilisateur.
[13:07:30] - [1] Client 86.235.162.42 Déconnecté (00:02:14 Min)
[13:07:31] - [3] Usager MIRKO.POZEN Connecté IP: 86.235.162.42
[13:07:31] - [3] MIRKO.POZEN: Répertoire en Cours: D:\kerberos.htx\
[13:08:01] - [2] Client 86.235.162.42 Déconnecté (00:02:19 Min)
[13:15:31] - [3] Client 86.235.162.42 Déconnecté (00:08:00 Min)
[13:44:07] - [4] Connecté à 192.168.0.1. Collecte du Nom d'utilisateur.
[13:44:07] - [4] Usager MIRKO.POZEN Connecté IP: 192.168.0.1
[13:44:07] - [4] MIRKO.POZEN: Répertoire en Cours: D:\kerberos.htx\
[13:44:07] - [4] MIRKO.POZEN: Répertoire en Cours: D:\kerberos.htx\
[13:44:09] - [4] MIRKO.POZEN: Répertoire en Cours: D:\kerberos.htx\exe\
[13:45:13] - [4] MIRKO.POZEN: Répertoire en Cours: D:\kerberos.htx\
[13:45:13] - [4] MIRKO.POZEN: Répertoire en Cours: D:\kerberos.htx\rar\
[13:45:26] - [5] Connecté à 192.168.0.1. Collecte du Nom d'utilisateur.
[13:45:26] - [5] Usager MIRKO.POZEN Connecté IP: 192.168.0.1
[13:45:26] - [5] MIRKO.POZEN: Répertoire en Cours: D:\kerberos.htx\
[13:45:26] - [5] MIRKO.POZEN: Répertoire en Cours: D:\kerberos.htx\rar\
[13:45:26] - [5] MIRKO.POZEN: Début du Téléchargement de: D:\kerberos.htx\rar\paint shop pro 8 relase.rar
[13:51:13] - [5] MIRKO.POZEN: Fichier envoyé: D:\kerberos.htx\rar\paint shop pro 8 relase.rar (701,44 K/S -  249 239 850 bytes)
[13:51:44] - [5] Client 192.168.0.1 Déconnecté (00:06:18 Min)
[13:52:20] - [6] Connecté à 192.168.0.1. Collecte du Nom d'utilisateur.
[13:52:20] - [6] Usager MIRKO.POZEN Connecté IP: 192.168.0.1
[13:52:20] - [6] MIRKO.POZEN: Répertoire en Cours: D:\kerberos.htx\
[13:52:20] - [6] MIRKO.POZEN: Répertoire en Cours: D:\kerberos.htx\exe\
[13:52:20] - [6] MIRKO.POZEN: Début du Téléchargement de: D:\kerberos.htx\exe\winrar.exe
[13:52:24] - [6] MIRKO.POZEN: Fichier envoyé: D:\kerberos.htx\exe\winrar.exe (639,99 K/S -  2 621 400 bytes)
[13:52:55] - [6] Client 192.168.0.1 Déconnecté (00:00:34 Min)
[15:08:42] - [4] Client 192.168.0.1 Déconnecté (01:24:35 Min)
[17:18:56] - Serveur Démarré
[17:18:57] - FTP Port: 21
[17:19:37] - [1] Connecté à 192.168.0.1. Collecte du Nom d'utilisateur.
[17:19:37] - [1] Usager MIRKO.POZEN Connecté IP: 192.168.0.1
[17:19:37] - [1] MIRKO.POZEN: Répertoire en Cours: D:\kerberos.htx\
[17:19:37] - [1] MIRKO.POZEN: Répertoire en Cours: D:\kerberos.htx\
[17:20:42] - [1] MIRKO.POZEN: Répertoire en Cours: D:\kerberos.htx\progz\
[17:20:51] - [1] MIRKO.POZEN: Répertoire en Cours: D:\kerberos.htx\
[17:20:52] - [1] MIRKO.POZEN: Répertoire en Cours: D:\kerberos.htx\exe\
[17:21:58] - [2] Connecté à 192.168.0.1. Collecte du Nom d'utilisateur.
[17:21:58] - [2] Usager MIRKO.POZEN Connecté IP: 192.168.0.1
[17:21:58] - [2] MIRKO.POZEN: Répertoire en Cours: D:\kerberos.htx\
[17:21:58] - [2] MIRKO.POZEN: Répertoire en Cours: D:\kerberos.htx\exe\
[17:21:58] - [2] MIRKO.POZEN: Début du Téléchargement de: D:\kerberos.htx\exe\youtube_downloader_hd_setup.exe
[17:22:24] - [2] MIRKO.POZEN: Fichier envoyé: D:\kerberos.htx\exe\youtube_downloader_hd_setup.exe (361,05 K/S -  9 612 488 bytes)
[17:22:55] - [2] Client 192.168.0.1 Déconnecté (00:00:57 Min)
[17:24:13] - [1] MIRKO.POZEN: Répertoire en Cours: D:\kerberos.htx\
[17:24:13] - [1] MIRKO.POZEN: Répertoire en Cours: D:\kerberos.htx\last dow\
[17:24:21] - [1] MIRKO.POZEN: Répertoire en Cours: D:\kerberos.htx\
[17:24:21] - [1] MIRKO.POZEN: Répertoire en Cours: D:\kerberos.htx\idose\
[17:24:42] - [1] MIRKO.POZEN: Répertoire en Cours: D:\kerberos.htx\
[17:24:42] - [1] MIRKO.POZEN: Répertoire en Cours: D:\kerberos.htx\fila test\
[17:24:44] - [1] MIRKO.POZEN: Répertoire en Cours: D:\kerberos.htx\fila test\FileZilla\
[17:24:52] - [1] MIRKO.POZEN: Répertoire en Cours: D:\kerberos.htx\
[17:24:52] - [1] MIRKO.POZEN: Répertoire en Cours: D:\kerberos.htx\expo.loren\
[17:25:00] - [1] MIRKO.POZEN: Répertoire en Cours: D:\kerberos.htx\
[17:25:00] - [1] MIRKO.POZEN: Répertoire en Cours: D:\kerberos.htx\ftp\
[17:25:04] - [1] MIRKO.POZEN: Répertoire en Cours: D:\kerberos.htx\ftp\progz\
[17:25:21] - [1] MIRKO.POZEN: Répertoire en Cours: D:\kerberos.htx\
[17:25:21] - [1] MIRKO.POZEN: Répertoire en Cours: D:\kerberos.htx\logs vew\
[17:36:32] - [3] Connecté à 86.235.162.42. Collecte du Nom d'utilisateur.
[17:36:32] - [3] Usager MIRKO.POZEN Connecté IP: 86.235.162.42
[17:36:32] - [3] MIRKO.POZEN: Répertoire en Cours: D:\kerberos.htx\
[17:36:32] - [3] MIRKO.POZEN: Répertoire en Cours: D:\kerberos.htx\
[17:36:56] - [3] MIRKO.POZEN: Répertoire en Cours: D:\kerberos.htx\exe\
[17:37:01] - [3] MIRKO.POZEN: Répertoire en Cours: D:\kerberos.htx\exe\
[17:37:01] - [3] MIRKO.POZEN: Nouveau Répertoire: D:\kerberos.htx\exe\Facebook Video Downloader
[17:37:01] - [4] Connecté à 86.235.162.42. Collecte du Nom d'utilisateur.
[17:37:01] - [5] Connecté à 86.235.162.42. Collecte du Nom d'utilisateur.
[17:37:01] - [3] MIRKO.POZEN: Répertoire en Cours: D:\kerberos.htx\exe\
[17:37:01] - [3] MIRKO.POZEN: Nouveau Répertoire: D:\kerberos.htx\exe\Facebook Video Downloader
[17:37:01] - [4] Usager MIRKO.POZEN Connecté IP: 86.235.162.42
[17:37:01] - [4] MIRKO.POZEN: Répertoire en Cours: D:\kerberos.htx\
[17:37:01] - [5] Usager MIRKO.POZEN Connecté IP: 86.235.162.42
[17:37:01] - [5] MIRKO.POZEN: Répertoire en Cours: D:\kerberos.htx\
[17:37:01] - [3] MIRKO.POZEN: Répertoire en Cours: D:\kerberos.htx\exe\Facebook Video Downloader\
[17:37:01] - [3] MIRKO.POZEN: Nouveau Répertoire: D:\kerberos.htx\exe\Facebook Video Downloader\Components
[17:37:01] - [3] MIRKO.POZEN: Répertoire en Cours: D:\kerberos.htx\exe\Facebook Video Downloader\
[17:37:01] - [4] MIRKO.POZEN: Répertoire en Cours: D:\kerberos.htx\exe\Facebook Video Downloader\Components\
[17:37:01] - [5] MIRKO.POZEN: Répertoire en Cours: D:\kerberos.htx\exe\Facebook Video Downloader\Components\
[17:37:01] - [3] MIRKO.POZEN: Nouveau Répertoire: D:\kerberos.htx\exe\Facebook Video Downloader\Components
[17:37:02] - [3] MIRKO.POZEN: Répertoire en Cours: D:\kerberos.htx\exe\Facebook Video Downloader\Components\
[17:37:02] - [3] MIRKO.POZEN: Nouveau Répertoire: D:\kerberos.htx\exe\Facebook Video Downloader\Components\Presets
[17:37:02] - [3] MIRKO.POZEN: Répertoire en Cours: D:\kerberos.htx\exe\Facebook Video Downloader\Components\
[17:37:02] - [3] MIRKO.POZEN: Nouveau Répertoire: D:\kerberos.htx\exe\Facebook Video Downloader\Components\Presets
[17:37:02] - [5] MIRKO.POZEN: Début d'Upload de D:\kerberos.htx\exe\Facebook Video Downloader\Components\avdevice-56.dll
[17:37:02] - [4] MIRKO.POZEN: Début d'Upload de D:\kerberos.htx\exe\Facebook Video Downloader\Components\avcodec-56.dll
[17:37:02] - [5] MIRKO.POZEN: Fichier Upload: D:\kerberos.htx\exe\Facebook Video Downloader\Components\avdevice-56.dll (40,51 K/S -   41 486 bytes)
[17:37:02] - [5] MIRKO.POZEN: Début d'Upload de D:\kerberos.htx\exe\Facebook Video Downloader\Components\avfilter-5.dll
[17:37:04] - [5] MIRKO.POZEN: Fichier Upload: D:\kerberos.htx\exe\Facebook Video Downloader\Components\avfilter-5.dll (1 074,50 K/S -  1 100 302 bytes)
[17:37:04] - [5] MIRKO.POZEN: Début d'Upload de D:\kerberos.htx\exe\Facebook Video Downloader\Components\avformat-56.dll
[17:37:07] - [5] MIRKO.POZEN: Fichier Upload: D:\kerberos.htx\exe\Facebook Video Downloader\Components\avformat-56.dll (859,51 K/S -  1 760 270 bytes)
[17:37:07] - [5] MIRKO.POZEN: Début d'Upload de D:\kerberos.htx\exe\Facebook Video Downloader\Components\avutil-54.dll
[17:37:08] - [5] MIRKO.POZEN: Fichier Upload: D:\kerberos.htx\exe\Facebook Video Downloader\Components\avutil-54.dll (241,01 K/S -   246 798 bytes)
[17:37:08] - [5] MIRKO.POZEN: Début d'Upload de D:\kerberos.htx\exe\Facebook Video Downloader\Components\JSE_V8.dll
[17:37:09] - [5] MIRKO.POZEN: Fichier Upload: D:\kerberos.htx\exe\Facebook Video Downloader\Components\JSE_V8.dll (507,75 K/S -  1 039 872 bytes)
[17:37:10] - [5] MIRKO.POZEN: Début d'Upload de D:\kerberos.htx\exe\Facebook Video Downloader\Components\libeay32.dll
[17:37:15] - [5] MIRKO.POZEN: Fichier Upload: D:\kerberos.htx\exe\Facebook Video Downloader\Components\libeay32.dll (229,80 K/S -  1 176 576 bytes)
[17:37:15] - [5] MIRKO.POZEN: Début d'Upload de D:\kerberos.htx\exe\Facebook Video Downloader\Components\libgcc_s_dw2-1.dll
[17:37:15] - [5] MIRKO.POZEN: Fichier Upload: D:\kerberos.htx\exe\Facebook Video Downloader\Components\libgcc_s_dw2-1.dll (109,51 K/S -   112 142 bytes)
[17:37:15] - [5] MIRKO.POZEN: Début d'Upload de D:\kerberos.htx\exe\Facebook Video Downloader\Components\MediaEncode.exe
[17:37:16] - [5] MIRKO.POZEN: Fichier Upload: D:\kerberos.htx\exe\Facebook Video Downloader\Components\MediaEncode.exe (204,51 K/S -   209 422 bytes)
[17:37:16] - [5] MIRKO.POZEN: Début d'Upload de D:\kerberos.htx\exe\Facebook Video Downloader\Components\MediaPlay.exe
[17:37:16] - [5] MIRKO.POZEN: Fichier Upload: D:\kerberos.htx\exe\Facebook Video Downloader\Components\MediaPlay.exe (127,51 K/S -   130 574 bytes)
[17:37:17] - [5] MIRKO.POZEN: Début d'Upload de D:\kerberos.htx\exe\Facebook Video Downloader\Components\MediaProbe.exe
[17:37:17] - [5] MIRKO.POZEN: Fichier Upload: D:\kerberos.htx\exe\Facebook Video Downloader\Components\MediaProbe.exe (134,01 K/S -   137 230 bytes)
[17:37:18] - [5] MIRKO.POZEN: Début d'Upload de D:\kerberos.htx\exe\Facebook Video Downloader\Components\ME_ytdl.exe
[17:37:28] - [4] MIRKO.POZEN: Fichier Upload: D:\kerberos.htx\exe\Facebook Video Downloader\Components\avcodec-56.dll (764,29 K/S -  20 348 430 bytes)
[17:37:30] - [5] MIRKO.POZEN: Fichier Upload: D:\kerberos.htx\exe\Facebook Video Downloader\Components\ME_ytdl.exe (535,47 K/S -  6 579 824 bytes)
[17:37:30] - [4] MIRKO.POZEN: Début d'Upload de D:\kerberos.htx\exe\Facebook Video Downloader\Components\msvcr90.dll
[17:37:30] - [5] MIRKO.POZEN: Début d'Upload de D:\kerberos.htx\exe\Facebook Video Downloader\Components\NIO_curl.exe
[17:37:32] - [5] MIRKO.POZEN: Fichier Upload: D:\kerberos.htx\exe\Facebook Video Downloader\Components\NIO_curl.exe (247,26 K/S -   506 382 bytes)
[17:37:32] - [5] MIRKO.POZEN: Début d'Upload de D:\kerberos.htx\exe\Facebook Video Downloader\Components\NIO_msdl.exe
[17:37:32] - [4] MIRKO.POZEN: Fichier Upload: D:\kerberos.htx\exe\Facebook Video Downloader\Components\msvcr90.dll (318,91 K/S -   653 136 bytes)
[17:37:32] - [5] MIRKO.POZEN: Fichier Upload: D:\kerberos.htx\exe\Facebook Video Downloader\Components\NIO_msdl.exe (164,01 K/S -   167 950 bytes)
[17:37:32] - [4] MIRKO.POZEN: Début d'Upload de D:\kerberos.htx\exe\Facebook Video Downloader\Components\NIO_rtmp.exe
[17:37:32] - [5] MIRKO.POZEN: Début d'Upload de D:\kerberos.htx\exe\Facebook Video Downloader\Components\postproc-53.dll
[17:37:33] - [5] MIRKO.POZEN: Fichier Upload: D:\kerberos.htx\exe\Facebook Video Downloader\Components\postproc-53.dll (88,51 K/S -   90 638 bytes)
[17:37:33] - [4] MIRKO.POZEN: Fichier Upload: D:\kerberos.htx\exe\Facebook Video Downloader\Components\NIO_rtmp.exe (181,01 K/S -   185 358 bytes)
[17:37:33] - [5] MIRKO.POZEN: Répertoire en Cours: D:\kerberos.htx\exe\Facebook Video Downloader\Components\Presets\
[17:37:33] - [4] MIRKO.POZEN: Répertoire en Cours: D:\kerberos.htx\exe\Facebook Video Downloader\Components\Presets\
[17:37:33] - [5] MIRKO.POZEN: Début d'Upload de D:\kerberos.htx\exe\Facebook Video Downloader\Components\Presets\libvpx-1080p.preset
[17:37:33] - [4] MIRKO.POZEN: Début d'Upload de D:\kerberos.htx\exe\Facebook Video Downloader\Components\Presets\libvpx-1080p50_60.preset
[17:37:33] - [5] MIRKO.POZEN: Fichier Upload: D:\kerberos.htx\exe\Facebook Video Downloader\Components\Presets\libvpx-1080p.preset (0,22 K/S -    227 bytes)
[17:37:33] - [4] MIRKO.POZEN: Fichier Upload: D:\kerberos.htx\exe\Facebook Video Downloader\Components\Presets\libvpx-1080p50_60.preset (0,22 K/S -    227 bytes)
[17:37:34] - [5] MIRKO.POZEN: Début d'Upload de D:\kerberos.htx\exe\Facebook Video Downloader\Components\Presets\libvpx-360p.preset
[17:37:34] - [4] MIRKO.POZEN: Début d'Upload de D:\kerberos.htx\exe\Facebook Video Downloader\Components\Presets\libvpx-720p.preset
[17:37:34] - [5] MIRKO.POZEN: Fichier Upload: D:\kerberos.htx\exe\Facebook Video Downloader\Components\Presets\libvpx-360p.preset (0,21 K/S -    219 bytes)
[17:37:34] - [4] MIRKO.POZEN: Fichier Upload: D:\kerberos.htx\exe\Facebook Video Downloader\Components\Presets\libvpx-720p.preset (0,22 K/S -    227 bytes)
[17:37:34] - [5] MIRKO.POZEN: Début d'Upload de D:\kerberos.htx\exe\Facebook Video Downloader\Components\Presets\libvpx-720p50_60.preset
[17:37:34] - [4] MIRKO.POZEN: Début d'Upload de D:\kerberos.htx\exe\Facebook Video Downloader\Components\Presets\libx264-baseline.preset
[17:37:34] - [5] MIRKO.POZEN: Fichier Upload: D:\kerberos.htx\exe\Facebook Video Downloader\Components\Presets\libvpx-720p50_60.preset (0,22 K/S -    227 bytes)
[17:37:34] - [4] MIRKO.POZEN: Fichier Upload: D:\kerberos.htx\exe\Facebook Video Downloader\Components\Presets\libx264-baseline.preset (0,03 K/S -    34 bytes)
[17:37:34] - [5] MIRKO.POZEN: Début d'Upload de D:\kerberos.htx\exe\Facebook Video Downloader\Components\Presets\libx264-ipod320.preset
[17:37:34] - [4] MIRKO.POZEN: Début d'Upload de D:\kerberos.htx\exe\Facebook Video Downloader\Components\Presets\libx264-ipod640.preset
[17:37:34] - [5] MIRKO.POZEN: Fichier Upload: D:\kerberos.htx\exe\Facebook Video Downloader\Components\Presets\libx264-ipod320.preset (0,07 K/S -    74 bytes)
[17:37:34] - [4] MIRKO.POZEN: Fichier Upload: D:\kerberos.htx\exe\Facebook Video Downloader\Components\Presets\libx264-ipod640.preset (0,08 K/S -    77 bytes)
[17:37:35] - [4] MIRKO.POZEN: Répertoire en Cours: D:\kerberos.htx\exe\Facebook Video Downloader\Components\
[17:37:35] - [5] MIRKO.POZEN: Début d'Upload de D:\kerberos.htx\exe\Facebook Video Downloader\Components\Presets\libx264-main.preset
[17:37:35] - [5] MIRKO.POZEN: Fichier Upload: D:\kerberos.htx\exe\Facebook Video Downloader\Components\Presets\libx264-main.preset (0,03 K/S -    30 bytes)
[17:37:35] - [4] MIRKO.POZEN: Début d'Upload de D:\kerberos.htx\exe\Facebook Video Downloader\Components\pthreadGC2.dll
[17:37:35] - [5] MIRKO.POZEN: Répertoire en Cours: D:\kerberos.htx\exe\Facebook Video Downloader\Components\
[17:37:35] - [4] MIRKO.POZEN: Fichier Upload: D:\kerberos.htx\exe\Facebook Video Downloader\Components\pthreadGC2.dll (70,01 K/S -   71 694 bytes)
[17:37:35] - [4] MIRKO.POZEN: Début d'Upload de D:\kerberos.htx\exe\Facebook Video Downloader\Components\ssleay32.dll
[17:37:35] - [5] MIRKO.POZEN: Début d'Upload de D:\kerberos.htx\exe\Facebook Video Downloader\Components\SDL.dll
[17:37:36] - [4] MIRKO.POZEN: Fichier Upload: D:\kerberos.htx\exe\Facebook Video Downloader\Components\ssleay32.dll (264,00 K/S -   270 336 bytes)
[17:37:36] - [5] MIRKO.POZEN: Fichier Upload: D:\kerberos.htx\exe\Facebook Video Downloader\Components\SDL.dll (362,51 K/S -   371 214 bytes)
[17:37:36] - [4] MIRKO.POZEN: Début d'Upload de D:\kerberos.htx\exe\Facebook Video Downloader\Components\swresample-1.dll
[17:37:36] - [5] MIRKO.POZEN: Début d'Upload de D:\kerberos.htx\exe\Facebook Video Downloader\Components\swscale-3.dll
[17:37:36] - [4] MIRKO.POZEN: Fichier Upload: D:\kerberos.htx\exe\Facebook Video Downloader\Components\swresample-1.dll (96,51 K/S -   98 830 bytes)
[17:37:36] - [4] MIRKO.POZEN: Répertoire en Cours: D:\kerberos.htx\exe\Facebook Video Downloader\
[17:37:36] - [4] MIRKO.POZEN: Début d'Upload de D:\kerberos.htx\exe\Facebook Video Downloader\FacebookVideoDownloader.exe
[17:37:37] - [5] MIRKO.POZEN: Fichier Upload: D:\kerberos.htx\exe\Facebook Video Downloader\Components\swscale-3.dll (456,51 K/S -   467 470 bytes)
[17:37:37] - [5] MIRKO.POZEN: Répertoire en Cours: D:\kerberos.htx\exe\Facebook Video Downloader\
[17:37:37] - [5] MIRKO.POZEN: Début d'Upload de D:\kerberos.htx\exe\Facebook Video Downloader\MediaConverter.exe
[17:37:40] - [5] MIRKO.POZEN: Fichier Upload: D:\kerberos.htx\exe\Facebook Video Downloader\MediaConverter.exe (577,33 K/S -  1 773 568 bytes)
[17:37:40] - [4] MIRKO.POZEN: Fichier Upload: D:\kerberos.htx\exe\Facebook Video Downloader\FacebookVideoDownloader.exe (805,33 K/S -  2 473 984 bytes)
[17:37:40] - [5] MIRKO.POZEN: Début d'Upload de D:\kerberos.htx\exe\Facebook Video Downloader\MediaPlayer.exe
[17:37:40] - [4] MIRKO.POZEN: Début d'Upload de D:\kerberos.htx\exe\Facebook Video Downloader\unins000.dat
[17:37:40] - [4] MIRKO.POZEN: Fichier Upload: D:\kerberos.htx\exe\Facebook Video Downloader\unins000.dat (7,35 K/S -   7 526 bytes)
[17:37:41] - [4] MIRKO.POZEN: Début d'Upload de D:\kerberos.htx\exe\Facebook Video Downloader\unins000.exe
[17:37:42] - [4] MIRKO.POZEN: Fichier Upload: D:\kerberos.htx\exe\Facebook Video Downloader\unins000.exe (708,16 K/S -   725 157 bytes)
[17:37:44] - [5] MIRKO.POZEN: Fichier Upload: D:\kerberos.htx\exe\Facebook Video Downloader\MediaPlayer.exe (343,00 K/S -  1 404 928 bytes)
[17:38:13] - [4] Client 86.235.162.42 Déconnecté (00:01:12 Min)
[17:38:15] - [5] Client 86.235.162.42 Déconnecté (00:01:14 Min)
[17:38:43] - [3] Client 86.235.162.42 Déconnecté (00:02:10 Min)
[17:39:17] - [1] MIRKO.POZEN: Répertoire en Cours: D:\kerberos.htx\
[17:39:51] - [1] MIRKO.POZEN: Répertoire en Cours: D:\kerberos.htx\exe\
[17:39:56] - [1] MIRKO.POZEN: Répertoire en Cours: D:\kerberos.htx\exe\Facebook Video Downloader\
[17:39:57] - [1] MIRKO.POZEN: Répertoire en Cours: D:\kerberos.htx\exe\Facebook Video Downloader\Components\
[17:39:57] - [1] MIRKO.POZEN: Répertoire en Cours: D:\kerberos.htx\exe\Facebook Video Downloader\Components\Presets\
[17:39:58] - [6] Connecté à 192.168.0.1. Collecte du Nom d'utilisateur.
[17:39:58] - [7] Connecté à 192.168.0.1. Collecte du Nom d'utilisateur.
[17:39:58] - [6] Usager MIRKO.POZEN Connecté IP: 192.168.0.1
[17:39:58] - [6] MIRKO.POZEN: Répertoire en Cours: D:\kerberos.htx\
[17:39:58] - [7] Usager MIRKO.POZEN Connecté IP: 192.168.0.1
[17:39:58] - [7] MIRKO.POZEN: Répertoire en Cours: D:\kerberos.htx\
[17:39:58] - [6] MIRKO.POZEN: Répertoire en Cours: D:\kerberos.htx\exe\Facebook Video Downloader\
[17:39:58] - [7] MIRKO.POZEN: Répertoire en Cours: D:\kerberos.htx\exe\Facebook Video Downloader\
[17:39:58] - [6] MIRKO.POZEN: Début du Téléchargement de: D:\kerberos.htx\exe\Facebook Video Downloader\FacebookVideoDownloader.exe
[17:39:58] - [7] MIRKO.POZEN: Début du Téléchargement de: D:\kerberos.htx\exe\Facebook Video Downloader\MediaConverter.exe
[17:40:02] - [7] MIRKO.POZEN: Fichier envoyé: D:\kerberos.htx\exe\Facebook Video Downloader\MediaConverter.exe (433,00 K/S -  1 773 568 bytes)
[17:40:02] - [7] MIRKO.POZEN: Début du Téléchargement de: D:\kerberos.htx\exe\Facebook Video Downloader\MediaPlayer.exe
[17:40:04] - [7] MIRKO.POZEN: Fichier envoyé: D:\kerberos.htx\exe\Facebook Video Downloader\MediaPlayer.exe (686,00 K/S -  1 404 928 bytes)
[17:40:04] - [7] MIRKO.POZEN: Début du Téléchargement de: D:\kerberos.htx\exe\Facebook Video Downloader\unins000.dat
[17:40:04] - [7] MIRKO.POZEN: Fichier envoyé: D:\kerberos.htx\exe\Facebook Video Downloader\unins000.dat (7,35 K/S -   7 526 bytes)
[17:40:04] - [7] MIRKO.POZEN: Début du Téléchargement de: D:\kerberos.htx\exe\Facebook Video Downloader\unins000.exe
[17:40:06] - [7] MIRKO.POZEN: Fichier envoyé: D:\kerberos.htx\exe\Facebook Video Downloader\unins000.exe (708,16 K/S -   725 157 bytes)
[17:40:06] - [7] MIRKO.POZEN: Répertoire en Cours: D:\kerberos.htx\exe\Facebook Video Downloader\Components\
[17:40:06] - [7] MIRKO.POZEN: Début du Téléchargement de: D:\kerberos.htx\exe\Facebook Video Downloader\Components\avcodec-56.dll
[17:40:06] - [6] MIRKO.POZEN: Fichier envoyé: D:\kerberos.htx\exe\Facebook Video Downloader\FacebookVideoDownloader.exe (302,00 K/S -  2 473 984 bytes)
[17:40:06] - [6] MIRKO.POZEN: Répertoire en Cours: D:\kerberos.htx\exe\Facebook Video Downloader\Components\
[17:40:06] - [6] MIRKO.POZEN: Début du Téléchargement de: D:\kerberos.htx\exe\Facebook Video Downloader\Components\avdevice-56.dll
[17:40:06] - [6] MIRKO.POZEN: Fichier envoyé: D:\kerberos.htx\exe\Facebook Video Downloader\Components\avdevice-56.dll (40,51 K/S -   41 486 bytes)
[17:40:07] - [6] MIRKO.POZEN: Début du Téléchargement de: D:\kerberos.htx\exe\Facebook Video Downloader\Components\avfilter-5.dll
[17:40:10] - [6] MIRKO.POZEN: Fichier envoyé: D:\kerberos.htx\exe\Facebook Video Downloader\Components\avfilter-5.dll (358,17 K/S -  1 100 302 bytes)
[17:40:10] - [6] MIRKO.POZEN: Début du Téléchargement de: D:\kerberos.htx\exe\Facebook Video Downloader\Components\avformat-56.dll
[17:40:16] - [6] MIRKO.POZEN: Fichier envoyé: D:\kerberos.htx\exe\Facebook Video Downloader\Components\avformat-56.dll (245,57 K/S -  1 760 270 bytes)
[17:40:17] - [6] MIRKO.POZEN: Début du Téléchargement de: D:\kerberos.htx\exe\Facebook Video Downloader\Components\avutil-54.dll
[17:40:18] - [6] MIRKO.POZEN: Fichier envoyé: D:\kerberos.htx\exe\Facebook Video Downloader\Components\avutil-54.dll (241,01 K/S -   246 798 bytes)
[17:40:18] - [6] MIRKO.POZEN: Début du Téléchargement de: D:\kerberos.htx\exe\Facebook Video Downloader\Components\JSE_V8.dll
[17:40:21] - [6] MIRKO.POZEN: Fichier envoyé: D:\kerberos.htx\exe\Facebook Video Downloader\Components\JSE_V8.dll (338,50 K/S -  1 039 872 bytes)
[17:40:21] - [6] MIRKO.POZEN: Début du Téléchargement de: D:\kerberos.htx\exe\Facebook Video Downloader\Components\libeay32.dll
[17:40:24] - [6] MIRKO.POZEN: Fichier envoyé: D:\kerberos.htx\exe\Facebook Video Downloader\Components\libeay32.dll (383,00 K/S -  1 176 576 bytes)
[17:40:24] - [6] MIRKO.POZEN: Début du Téléchargement de: D:\kerberos.htx\exe\Facebook Video Downloader\Components\libgcc_s_dw2-1.dll
[17:40:25] - [6] MIRKO.POZEN: Fichier envoyé: D:\kerberos.htx\exe\Facebook Video Downloader\Components\libgcc_s_dw2-1.dll (109,51 K/S -   112 142 bytes)
[17:40:25] - [6] MIRKO.POZEN: Début du Téléchargement de: D:\kerberos.htx\exe\Facebook Video Downloader\Components\MediaEncode.exe
[17:40:25] - [6] MIRKO.POZEN: Fichier envoyé: D:\kerberos.htx\exe\Facebook Video Downloader\Components\MediaEncode.exe (204,51 K/S -   209 422 bytes)
[17:40:25] - [6] MIRKO.POZEN: Début du Téléchargement de: D:\kerberos.htx\exe\Facebook Video Downloader\Components\MediaPlay.exe
[17:40:26] - [6] MIRKO.POZEN: Fichier envoyé: D:\kerberos.htx\exe\Facebook Video Downloader\Components\MediaPlay.exe (127,51 K/S -   130 574 bytes)
[17:40:26] - [6] MIRKO.POZEN: Début du Téléchargement de: D:\kerberos.htx\exe\Facebook Video Downloader\Components\MediaProbe.exe
[17:40:26] - [6] MIRKO.POZEN: Fichier envoyé: D:\kerberos.htx\exe\Facebook Video Downloader\Components\MediaProbe.exe (134,01 K/S -   137 230 bytes)
[17:40:26] - [6] MIRKO.POZEN: Début du Téléchargement de: D:\kerberos.htx\exe\Facebook Video Downloader\Components\ME_ytdl.exe
[17:40:45] - [7] MIRKO.POZEN: Fichier envoyé: D:\kerberos.htx\exe\Facebook Video Downloader\Components\avcodec-56.dll (509,53 K/S -  20 348 430 bytes)
[17:40:45] - [7] MIRKO.POZEN: Début du Téléchargement de: D:\kerberos.htx\exe\Facebook Video Downloader\Components\msvcr90.dll
[17:40:46] - [7] MIRKO.POZEN: Fichier envoyé: D:\kerberos.htx\exe\Facebook Video Downloader\Components\msvcr90.dll (637,83 K/S -   653 136 bytes)
[17:40:46] - [7] MIRKO.POZEN: Début du Téléchargement de: D:\kerberos.htx\exe\Facebook Video Downloader\Components\NIO_curl.exe
[17:40:47] - [7] MIRKO.POZEN: Fichier envoyé: D:\kerberos.htx\exe\Facebook Video Downloader\Components\NIO_curl.exe (494,51 K/S -   506 382 bytes)
[17:40:47] - [7] MIRKO.POZEN: Début du Téléchargement de: D:\kerberos.htx\exe\Facebook Video Downloader\Components\NIO_msdl.exe
[17:40:47] - [7] MIRKO.POZEN: Fichier envoyé: D:\kerberos.htx\exe\Facebook Video Downloader\Components\NIO_msdl.exe (164,01 K/S -   167 950 bytes)
[17:40:47] - [7] MIRKO.POZEN: Début du Téléchargement de: D:\kerberos.htx\exe\Facebook Video Downloader\Components\NIO_rtmp.exe
[17:40:48] - [7] MIRKO.POZEN: Fichier envoyé: D:\kerberos.htx\exe\Facebook Video Downloader\Components\NIO_rtmp.exe (181,01 K/S -   185 358 bytes)
[17:40:48] - [7] MIRKO.POZEN: Début du Téléchargement de: D:\kerberos.htx\exe\Facebook Video Downloader\Components\postproc-53.dll
[17:40:48] - [7] MIRKO.POZEN: Fichier envoyé: D:\kerberos.htx\exe\Facebook Video Downloader\Components\postproc-53.dll (88,51 K/S -   90 638 bytes)
[17:40:48] - [7] MIRKO.POZEN: Début du Téléchargement de: D:\kerberos.htx\exe\Facebook Video Downloader\Components\pthreadGC2.dll
[17:40:48] - [7] MIRKO.POZEN: Fichier envoyé: D:\kerberos.htx\exe\Facebook Video Downloader\Components\pthreadGC2.dll (70,01 K/S -   71 694 bytes)
[17:40:48] - [7] MIRKO.POZEN: Début du Téléchargement de: D:\kerberos.htx\exe\Facebook Video Downloader\Components\SDL.dll
[17:40:49] - [7] MIRKO.POZEN: Fichier envoyé: D:\kerberos.htx\exe\Facebook Video Downloader\Components\SDL.dll (362,51 K/S -   371 214 bytes)
[17:40:49] - [7] MIRKO.POZEN: Début du Téléchargement de: D:\kerberos.htx\exe\Facebook Video Downloader\Components\ssleay32.dll
[17:40:49] - [7] MIRKO.POZEN: Fichier envoyé: D:\kerberos.htx\exe\Facebook Video Downloader\Components\ssleay32.dll (264,00 K/S -   270 336 bytes)
[17:40:49] - [7] MIRKO.POZEN: Début du Téléchargement de: D:\kerberos.htx\exe\Facebook Video Downloader\Components\swresample-1.dll
[17:40:50] - [7] MIRKO.POZEN: Fichier envoyé: D:\kerberos.htx\exe\Facebook Video Downloader\Components\swresample-1.dll (96,51 K/S -   98 830 bytes)
[17:40:50] - [7] MIRKO.POZEN: Début du Téléchargement de: D:\kerberos.htx\exe\Facebook Video Downloader\Components\swscale-3.dll
[17:40:51] - [7] MIRKO.POZEN: Fichier envoyé: D:\kerberos.htx\exe\Facebook Video Downloader\Components\swscale-3.dll (456,51 K/S -   467 470 bytes)
[17:40:51] - [7] MIRKO.POZEN: Répertoire en Cours: D:\kerberos.htx\exe\Facebook Video Downloader\Components\Presets\
[17:40:51] - [6] MIRKO.POZEN: Fichier envoyé: D:\kerberos.htx\exe\Facebook Video Downloader\Components\ME_ytdl.exe (257,02 K/S -  6 579 824 bytes)
[17:40:51] - [6] MIRKO.POZEN: Répertoire en Cours: D:\kerberos.htx\exe\Facebook Video Downloader\Components\Presets\
[17:40:51] - [7] MIRKO.POZEN: Début du Téléchargement de: D:\kerberos.htx\exe\Facebook Video Downloader\Components\Presets\libvpx-1080p.preset
[17:40:51] - [7] MIRKO.POZEN: Fichier envoyé: D:\kerberos.htx\exe\Facebook Video Downloader\Components\Presets\libvpx-1080p.preset (0,22 K/S -    227 bytes)
[17:40:51] - [6] MIRKO.POZEN: Début du Téléchargement de: D:\kerberos.htx\exe\Facebook Video Downloader\Components\Presets\libvpx-1080p50_60.preset
[17:40:51] - [6] MIRKO.POZEN: Fichier envoyé: D:\kerberos.htx\exe\Facebook Video Downloader\Components\Presets\libvpx-1080p50_60.preset (0,22 K/S -    227 bytes)
[17:40:51] - [7] MIRKO.POZEN: Début du Téléchargement de: D:\kerberos.htx\exe\Facebook Video Downloader\Components\Presets\libvpx-360p.preset
[17:40:51] - [7] MIRKO.POZEN: Fichier envoyé: D:\kerberos.htx\exe\Facebook Video Downloader\Components\Presets\libvpx-360p.preset (0,21 K/S -    219 bytes)
[17:40:51] - [6] MIRKO.POZEN: Début du Téléchargement de: D:\kerberos.htx\exe\Facebook Video Downloader\Components\Presets\libvpx-720p.preset
[17:40:51] - [6] MIRKO.POZEN: Fichier envoyé: D:\kerberos.htx\exe\Facebook Video Downloader\Components\Presets\libvpx-720p.preset (0,22 K/S -    227 bytes)
[17:40:52] - [7] MIRKO.POZEN: Début du Téléchargement de: D:\kerberos.htx\exe\Facebook Video Downloader\Components\Presets\libvpx-720p50_60.preset
[17:40:52] - [7] MIRKO.POZEN: Fichier envoyé: D:\kerberos.htx\exe\Facebook Video Downloader\Components\Presets\libvpx-720p50_60.preset (0,22 K/S -    227 bytes)
[17:40:52] - [6] MIRKO.POZEN: Début du Téléchargement de: D:\kerberos.htx\exe\Facebook Video Downloader\Components\Presets\libx264-baseline.preset
[17:40:52] - [6] MIRKO.POZEN: Fichier envoyé: D:\kerberos.htx\exe\Facebook Video Downloader\Components\Presets\libx264-baseline.preset (0,03 K/S -    34 bytes)
[17:40:52] - [7] MIRKO.POZEN: Début du Téléchargement de: D:\kerberos.htx\exe\Facebook Video Downloader\Components\Presets\libx264-ipod320.preset
[17:40:52] - [7] MIRKO.POZEN: Fichier envoyé: D:\kerberos.htx\exe\Facebook Video Downloader\Components\Presets\libx264-ipod320.preset (0,07 K/S -    74 bytes)
[17:40:52] - [6] MIRKO.POZEN: Début du Téléchargement de: D:\kerberos.htx\exe\Facebook Video Downloader\Components\Presets\libx264-ipod640.preset
[17:40:52] - [6] MIRKO.POZEN: Fichier envoyé: D:\kerberos.htx\exe\Facebook Video Downloader\Components\Presets\libx264-ipod640.preset (0,08 K/S -    77 bytes)
[17:40:52] - [7] MIRKO.POZEN: Début du Téléchargement de: D:\kerberos.htx\exe\Facebook Video Downloader\Components\Presets\libx264-main.preset
[17:40:52] - [7] MIRKO.POZEN: Fichier envoyé: D:\kerberos.htx\exe\Facebook Video Downloader\Components\Presets\libx264-main.preset (0,03 K/S -    30 bytes)
[17:41:23] - [6] Client 192.168.0.1 Déconnecté (00:01:25 Min)
[17:41:23] - [7] Client 192.168.0.1 Déconnecté (00:01:25 Min)
[17:47:44] - [1] Client 192.168.0.1 Déconnecté (00:28:06 Min)
[18:47:54] - [8] Connecté à 196.52.2.17. Collecte du Nom d'utilisateur.
[18:47:54] - [8] Usager ANONYMOUS Connecté IP: 196.52.2.17
[18:47:54] - [8] Mot de Passe Incorrect: Utilisateur ANONYMOUS IP: 196.52.2.17
[18:47:55] - [8] Client 196.52.2.17 Déconnecté (00:00:00 Min)
[18:51:18] - [9] Connecté à 192.168.0.1. Collecte du Nom d'utilisateur.
[18:51:18] - [9] Usager MIRKO.POZEN Connecté IP: 192.168.0.1
[18:51:18] - [9] MIRKO.POZEN: Répertoire en Cours: D:\kerberos.htx\
[18:51:18] - [9] MIRKO.POZEN: Répertoire en Cours: D:\kerberos.htx\
[18:51:22] - [9] MIRKO.POZEN: Répertoire en Cours: D:\kerberos.htx\000\
[18:51:22] - [10] Connecté à 192.168.0.1. Collecte du Nom d'utilisateur.
[18:51:23] - [11] Connecté à 192.168.0.1. Collecte du Nom d'utilisateur.
[18:51:23] - [10] Usager MIRKO.POZEN Connecté IP: 192.168.0.1
[18:51:23] - [10] MIRKO.POZEN: Répertoire en Cours: D:\kerberos.htx\
[18:51:23] - [11] Usager MIRKO.POZEN Connecté IP: 192.168.0.1
[18:51:23] - [11] MIRKO.POZEN: Répertoire en Cours: D:\kerberos.htx\
[18:51:23] - [10] MIRKO.POZEN: Répertoire en Cours: D:\kerberos.htx\000\
[18:51:23] - [11] MIRKO.POZEN: Répertoire en Cours: D:\kerberos.htx\000\
[18:51:23] - [11] MIRKO.POZEN: Début du Téléchargement de: D:\kerberos.htx\000\server2.JPG
[18:51:23] - [10] MIRKO.POZEN: Début du Téléchargement de: D:\kerberos.htx\000\anon.jpg
[18:51:24] - [10] MIRKO.POZEN: Fichier envoyé: D:\kerberos.htx\000\anon.jpg (8,62 K/S -   8 826 bytes)
[18:51:24] - [10] MIRKO.POZEN: Début du Téléchargement de: D:\kerberos.htx\000\whit.anon.jpg
[18:51:24] - [10] MIRKO.POZEN: Fichier envoyé: D:\kerberos.htx\000\whit.anon.jpg (6,13 K/S -   6 274 bytes)
[18:51:26] - [11] MIRKO.POZEN: Fichier envoyé: D:\kerberos.htx\000\server2.JPG (331,41 K/S -   678 721 bytes)
[18:51:27] - [11] Client 192.168.0.1 Déconnecté (00:00:04 Min)
[18:51:27] - [10] Client 192.168.0.1 Déconnecté (00:00:04 Min)
[18:51:28] - [9] Client 192.168.0.1 Déconnecté (00:00:09 Min)
[19:27:35] - [12] Connecté à 196.52.43.57. Collecte du Nom d'utilisateur.
[19:28:06] - [12] Client 196.52.43.57 Déconnecté (00:00:30 Min)
