[13:49:10] - Serveur Démarré
[13:49:10] - FTP Port: 21
[13:50:48] - [1] Connecté à 192.168.0.1. Collecte du Nom d'utilisateur.
[13:50:48] - [1] Usager MIRKO.POZEN Connecté IP: 192.168.0.1
[13:50:48] - [1] MIRKO.POZEN: Répertoire en Cours: D:\kerberos.htx\
[13:50:48] - [1] MIRKO.POZEN: Répertoire en Cours: D:\kerberos.htx\
[13:50:58] - [1] MIRKO.POZEN: Répertoire en Cours: D:\kerberos.htx\
[13:50:58] - [1] MIRKO.POZEN: Nouveau Répertoire: D:\kerberos.htx\idose
[13:50:58] - [2] Connecté à 192.168.0.1. Collecte du Nom d'utilisateur.
[13:50:58] - [3] Connecté à 192.168.0.1. Collecte du Nom d'utilisateur.
[13:50:58] - [1] MIRKO.POZEN: Répertoire en Cours: D:\kerberos.htx\
[13:50:58] - [1] MIRKO.POZEN: Nouveau Répertoire: D:\kerberos.htx\idose
[13:50:58] - [2] Usager MIRKO.POZEN Connecté IP: 192.168.0.1
[13:50:58] - [2] MIRKO.POZEN: Répertoire en Cours: D:\kerberos.htx\
[13:50:58] - [3] Usager MIRKO.POZEN Connecté IP: 192.168.0.1
[13:50:58] - [3] MIRKO.POZEN: Répertoire en Cours: D:\kerberos.htx\
[13:50:58] - [1] MIRKO.POZEN: Répertoire en Cours: D:\kerberos.htx\idose\
[13:50:58] - [1] MIRKO.POZEN: Nouveau Répertoire: D:\kerberos.htx\idose\172 Doses I-Doser
[13:50:59] - [1] MIRKO.POZEN: Répertoire en Cours: D:\kerberos.htx\idose\
[13:50:59] - [2] MIRKO.POZEN: Répertoire en Cours: D:\kerberos.htx\idose\172 Doses I-Doser\
[13:50:59] - [3] MIRKO.POZEN: Répertoire en Cours: D:\kerberos.htx\idose\172 Doses I-Doser\
[13:50:59] - [1] MIRKO.POZEN: Nouveau Répertoire: D:\kerberos.htx\idose\172 Doses I-Doser
[13:50:59] - [3] MIRKO.POZEN: Début d'Upload de D:\kerberos.htx\idose\172 Doses I-Doser\A-BOMB.drg
[13:50:59] - [2] MIRKO.POZEN: Début d'Upload de D:\kerberos.htx\idose\172 Doses I-Doser\5HTP1.drg
[13:50:59] - [3] MIRKO.POZEN: Fichier Upload: D:\kerberos.htx\idose\172 Doses I-Doser\A-BOMB.drg (125,71 K/S -   128 723 bytes)
[13:50:59] - [3] MIRKO.POZEN: Début d'Upload de D:\kerberos.htx\idose\172 Doses I-Doser\A-BOMB1.drg
[13:50:59] - [3] MIRKO.POZEN: Fichier Upload: D:\kerberos.htx\idose\172 Doses I-Doser\A-BOMB1.drg (125,71 K/S -   128 723 bytes)
[13:50:59] - [3] MIRKO.POZEN: Début d'Upload de D:\kerberos.htx\idose\172 Doses I-Doser\A-BOMB2.drg
[13:51:00] - [2] MIRKO.POZEN: Fichier Upload: D:\kerberos.htx\idose\172 Doses I-Doser\5HTP1.drg (125,40 K/S -   128 407 bytes)
[13:51:00] - [3] MIRKO.POZEN: Fichier Upload: D:\kerberos.htx\idose\172 Doses I-Doser\A-BOMB2.drg (125,71 K/S -   128 723 bytes)
[13:51:00] - [2] MIRKO.POZEN: Début d'Upload de D:\kerberos.htx\idose\172 Doses I-Doser\A-BOMB3.drg
[13:51:00] - [3] MIRKO.POZEN: Début d'Upload de D:\kerberos.htx\idose\172 Doses I-Doser\Absinthe.drg
[13:51:00] - [2] MIRKO.POZEN: Fichier Upload: D:\kerberos.htx\idose\172 Doses I-Doser\A-BOMB3.drg (125,71 K/S -   128 723 bytes)
[13:51:00] - [2] MIRKO.POZEN: Début d'Upload de D:\kerberos.htx\idose\172 Doses I-Doser\Absinthe1.drg
[13:51:00] - [2] MIRKO.POZEN: Fichier Upload: D:\kerberos.htx\idose\172 Doses I-Doser\Absinthe1.drg (126,17 K/S -   129 203 bytes)
[13:51:01] - [3] MIRKO.POZEN: Fichier Upload: D:\kerberos.htx\idose\172 Doses I-Doser\Absinthe.drg (126,17 K/S -   129 203 bytes)
[13:51:01] - [2] MIRKO.POZEN: Début d'Upload de D:\kerberos.htx\idose\172 Doses I-Doser\Absinthe2.drg
[13:51:01] - [3] MIRKO.POZEN: Début d'Upload de D:\kerberos.htx\idose\172 Doses I-Doser\Absinthe3.drg
[13:51:01] - [2] MIRKO.POZEN: Fichier Upload: D:\kerberos.htx\idose\172 Doses I-Doser\Absinthe2.drg (126,17 K/S -   129 203 bytes)
[13:51:01] - [3] MIRKO.POZEN: Fichier Upload: D:\kerberos.htx\idose\172 Doses I-Doser\Absinthe3.drg (126,17 K/S -   129 203 bytes)
[13:51:01] - [2] MIRKO.POZEN: Début d'Upload de D:\kerberos.htx\idose\172 Doses I-Doser\Adrenochrome.drg
[13:51:01] - [2] MIRKO.POZEN: Fichier Upload: D:\kerberos.htx\idose\172 Doses I-Doser\Adrenochrome.drg (124,92 K/S -   127 923 bytes)
[13:51:01] - [3] MIRKO.POZEN: Début d'Upload de D:\kerberos.htx\idose\172 Doses I-Doser\Alcohol.drg
[13:51:01] - [2] MIRKO.POZEN: Début d'Upload de D:\kerberos.htx\idose\172 Doses I-Doser\Alcohol1.drg
[13:51:01] - [3] MIRKO.POZEN: Fichier Upload: D:\kerberos.htx\idose\172 Doses I-Doser\Alcohol.drg (133,75 K/S -   136 963 bytes)
[13:51:02] - [2] MIRKO.POZEN: Fichier Upload: D:\kerberos.htx\idose\172 Doses I-Doser\Alcohol1.drg (133,75 K/S -   136 963 bytes)
[13:51:02] - [3] MIRKO.POZEN: Début d'Upload de D:\kerberos.htx\idose\172 Doses I-Doser\Alpha.drg
[13:51:02] - [2] MIRKO.POZEN: Début d'Upload de D:\kerberos.htx\idose\172 Doses I-Doser\Alpha1.drg
[13:51:02] - [3] MIRKO.POZEN: Fichier Upload: D:\kerberos.htx\idose\172 Doses I-Doser\Alpha.drg (125,21 K/S -   128 213 bytes)
[13:51:02] - [2] MIRKO.POZEN: Fichier Upload: D:\kerberos.htx\idose\172 Doses I-Doser\Alpha1.drg (125,21 K/S -   128 213 bytes)
[13:51:02] - [3] MIRKO.POZEN: Début d'Upload de D:\kerberos.htx\idose\172 Doses I-Doser\Alpha2.drg
[13:51:02] - [2] MIRKO.POZEN: Début d'Upload de D:\kerberos.htx\idose\172 Doses I-Doser\Alpha3.drg
[13:51:02] - [3] MIRKO.POZEN: Fichier Upload: D:\kerberos.htx\idose\172 Doses I-Doser\Alpha2.drg (125,21 K/S -   128 213 bytes)
[13:51:02] - [2] MIRKO.POZEN: Fichier Upload: D:\kerberos.htx\idose\172 Doses I-Doser\Alpha3.drg (125,21 K/S -   128 213 bytes)
[13:51:02] - [3] MIRKO.POZEN: Début d'Upload de D:\kerberos.htx\idose\172 Doses I-Doser\Anesthesia.drg
[13:51:02] - [2] MIRKO.POZEN: Début d'Upload de D:\kerberos.htx\idose\172 Doses I-Doser\Anesthesia1.drg
[13:51:03] - [3] MIRKO.POZEN: Fichier Upload: D:\kerberos.htx\idose\172 Doses I-Doser\Anesthesia.drg (125,36 K/S -   128 369 bytes)
[13:51:03] - [2] MIRKO.POZEN: Fichier Upload: D:\kerberos.htx\idose\172 Doses I-Doser\Anesthesia1.drg (125,38 K/S -   128 388 bytes)
[13:51:03] - [3] MIRKO.POZEN: Début d'Upload de D:\kerberos.htx\idose\172 Doses I-Doser\Anesthesia2.drg
[13:51:03] - [2] MIRKO.POZEN: Début d'Upload de D:\kerberos.htx\idose\172 Doses I-Doser\AntiSad.drg
[13:51:04] - [3] MIRKO.POZEN: Fichier Upload: D:\kerberos.htx\idose\172 Doses I-Doser\Anesthesia2.drg (125,36 K/S -   128 369 bytes)
[13:51:04] - [3] MIRKO.POZEN: Début d'Upload de D:\kerberos.htx\idose\172 Doses I-Doser\Astral.drg
[13:51:04] - [3] MIRKO.POZEN: Fichier Upload: D:\kerberos.htx\idose\172 Doses I-Doser\Astral.drg (125,51 K/S -   128 519 bytes)
[13:51:04] - [2] MIRKO.POZEN: Fichier Upload: D:\kerberos.htx\idose\172 Doses I-Doser\AntiSad.drg (124,92 K/S -   127 923 bytes)
[13:51:04] - [3] MIRKO.POZEN: Début d'Upload de D:\kerberos.htx\idose\172 Doses I-Doser\A_Migraine.drg
[13:51:04] - [2] MIRKO.POZEN: Début d'Upload de D:\kerberos.htx\idose\172 Doses I-Doser\Beta.drg
[13:51:04] - [3] MIRKO.POZEN: Fichier Upload: D:\kerberos.htx\idose\172 Doses I-Doser\A_Migraine.drg (125,00 K/S -   128 001 bytes)
[13:51:04] - [2] MIRKO.POZEN: Fichier Upload: D:\kerberos.htx\idose\172 Doses I-Doser\Beta.drg (124,96 K/S -   127 959 bytes)
[13:51:04] - [3] MIRKO.POZEN: Début d'Upload de D:\kerberos.htx\idose\172 Doses I-Doser\Beta1.drg
[13:51:04] - [2] MIRKO.POZEN: Début d'Upload de D:\kerberos.htx\idose\172 Doses I-Doser\Beta2.drg
[13:51:05] - [3] MIRKO.POZEN: Fichier Upload: D:\kerberos.htx\idose\172 Doses I-Doser\Beta1.drg (124,96 K/S -   127 959 bytes)
[13:51:05] - [2] MIRKO.POZEN: Fichier Upload: D:\kerberos.htx\idose\172 Doses I-Doser\Beta2.drg (124,96 K/S -   127 959 bytes)
[13:51:05] - [3] MIRKO.POZEN: Début d'Upload de D:\kerberos.htx\idose\172 Doses I-Doser\Beta3.drg
[13:51:05] - [2] MIRKO.POZEN: Début d'Upload de D:\kerberos.htx\idose\172 Doses I-Doser\Black Sunshine.drg
[13:51:05] - [3] MIRKO.POZEN: Fichier Upload: D:\kerberos.htx\idose\172 Doses I-Doser\Beta3.drg (124,96 K/S -   127 959 bytes)
[13:51:05] - [3] MIRKO.POZEN: Début d'Upload de D:\kerberos.htx\idose\172 Doses I-Doser\Black_Sunshine1.drg
[13:51:06] - [2] MIRKO.POZEN: Fichier Upload: D:\kerberos.htx\idose\172 Doses I-Doser\Black Sunshine.drg (22,97 K/S -   47 049 bytes)
[13:51:06] - [3] MIRKO.POZEN: Fichier Upload: D:\kerberos.htx\idose\172 Doses I-Doser\Black_Sunshine1.drg (22,97 K/S -   47 049 bytes)
[13:51:06] - [2] MIRKO.POZEN: Début d'Upload de D:\kerberos.htx\idose\172 Doses I-Doser\Black_Sunshine2.drg
[13:51:06] - [3] MIRKO.POZEN: Début d'Upload de D:\kerberos.htx\idose\172 Doses I-Doser\Black_Sunshine3.drg
[13:51:07] - [3] MIRKO.POZEN: Fichier Upload: D:\kerberos.htx\idose\172 Doses I-Doser\Black_Sunshine3.drg (45,95 K/S -   47 049 bytes)
[13:51:07] - [2] MIRKO.POZEN: Fichier Upload: D:\kerberos.htx\idose\172 Doses I-Doser\Black_Sunshine2.drg (45,95 K/S -   47 049 bytes)
[13:51:07] - [3] MIRKO.POZEN: Début d'Upload de D:\kerberos.htx\idose\172 Doses I-Doser\Brain+.drg
[13:51:07] - [2] MIRKO.POZEN: Début d'Upload de D:\kerberos.htx\idose\172 Doses I-Doser\Brain+1.drg
[13:51:07] - [3] MIRKO.POZEN: Fichier Upload: D:\kerberos.htx\idose\172 Doses I-Doser\Brain+.drg (145,95 K/S -   149 457 bytes)
[13:51:08] - [2] MIRKO.POZEN: Fichier Upload: D:\kerberos.htx\idose\172 Doses I-Doser\Brain+1.drg (145,95 K/S -   149 457 bytes)
[13:51:08] - [3] MIRKO.POZEN: Début d'Upload de D:\kerberos.htx\idose\172 Doses I-Doser\BufoToad.drg
[13:51:08] - [2] MIRKO.POZEN: Début d'Upload de D:\kerberos.htx\idose\172 Doses I-Doser\CalmME.drg
[13:51:08] - [3] MIRKO.POZEN: Fichier Upload: D:\kerberos.htx\idose\172 Doses I-Doser\BufoToad.drg (125,65 K/S -   128 669 bytes)
[13:51:08] - [2] MIRKO.POZEN: Fichier Upload: D:\kerberos.htx\idose\172 Doses I-Doser\CalmME.drg (125,38 K/S -   128 385 bytes)
[13:51:08] - [3] MIRKO.POZEN: Début d'Upload de D:\kerberos.htx\idose\172 Doses I-Doser\Chakra.drg
[13:51:08] - [2] MIRKO.POZEN: Début d'Upload de D:\kerberos.htx\idose\172 Doses I-Doser\Cliff Hanger.drg
[13:51:08] - [3] MIRKO.POZEN: Fichier Upload: D:\kerberos.htx\idose\172 Doses I-Doser\Chakra.drg (125,67 K/S -   128 683 bytes)
[13:51:08] - [2] MIRKO.POZEN: Fichier Upload: D:\kerberos.htx\idose\172 Doses I-Doser\Cliff Hanger.drg (125,78 K/S -   128 797 bytes)
[13:51:08] - [3] MIRKO.POZEN: Début d'Upload de D:\kerberos.htx\idose\172 Doses I-Doser\Cliff_Hanger1.drg
[13:51:08] - [2] MIRKO.POZEN: Début d'Upload de D:\kerberos.htx\idose\172 Doses I-Doser\Cliff_Hanger2.drg
[13:51:08] - [3] MIRKO.POZEN: Fichier Upload: D:\kerberos.htx\idose\172 Doses I-Doser\Cliff_Hanger1.drg (125,78 K/S -   128 797 bytes)
[13:51:08] - [2] MIRKO.POZEN: Fichier Upload: D:\kerberos.htx\idose\172 Doses I-Doser\Cliff_Hanger2.drg (125,78 K/S -   128 797 bytes)
[13:51:09] - [3] MIRKO.POZEN: Début d'Upload de D:\kerberos.htx\idose\172 Doses I-Doser\Cliff_Hanger3.drg
[13:51:09] - [2] MIRKO.POZEN: Début d'Upload de D:\kerberos.htx\idose\172 Doses I-Doser\Cocaine1.drg
[13:51:09] - [3] MIRKO.POZEN: Fichier Upload: D:\kerberos.htx\idose\172 Doses I-Doser\Cliff_Hanger3.drg (125,78 K/S -   128 797 bytes)
[13:51:09] - [2] MIRKO.POZEN: Fichier Upload: D:\kerberos.htx\idose\172 Doses I-Doser\Cocaine1.drg (125,16 K/S -   128 165 bytes)
[13:51:09] - [3] MIRKO.POZEN: Début d'Upload de D:\kerberos.htx\idose\172 Doses I-Doser\Content.drg
[13:51:09] - [2] MIRKO.POZEN: Début d'Upload de D:\kerberos.htx\idose\172 Doses I-Doser\Content1.drg
[13:51:09] - [3] MIRKO.POZEN: Fichier Upload: D:\kerberos.htx\idose\172 Doses I-Doser\Content.drg (124,97 K/S -   127 967 bytes)
[13:51:09] - [3] MIRKO.POZEN: Début d'Upload de D:\kerberos.htx\idose\172 Doses I-Doser\Crystal_Meth1.drg
[13:51:09] - [3] MIRKO.POZEN: Fichier Upload: D:\kerberos.htx\idose\172 Doses I-Doser\Crystal_Meth1.drg (125,99 K/S -   129 011 bytes)
[13:51:10] - [3] MIRKO.POZEN: Début d'Upload de D:\kerberos.htx\idose\172 Doses I-Doser\Crystal_Meth2.drg
[13:51:10] - [2] MIRKO.POZEN: Fichier Upload: D:\kerberos.htx\idose\172 Doses I-Doser\Content1.drg (124,97 K/S -   127 967 bytes)
[13:51:10] - [3] MIRKO.POZEN: Fichier Upload: D:\kerberos.htx\idose\172 Doses I-Doser\Crystal_Meth2.drg (125,99 K/S -   129 011 bytes)
[13:51:10] - [2] MIRKO.POZEN: Début d'Upload de D:\kerberos.htx\idose\172 Doses I-Doser\Crystal_Meth3.drg
[13:51:10] - [3] MIRKO.POZEN: Début d'Upload de D:\kerberos.htx\idose\172 Doses I-Doser\Delta.drg
[13:51:10] - [2] MIRKO.POZEN: Fichier Upload: D:\kerberos.htx\idose\172 Doses I-Doser\Crystal_Meth3.drg (125,99 K/S -   129 011 bytes)
[13:51:10] - [3] MIRKO.POZEN: Fichier Upload: D:\kerberos.htx\idose\172 Doses I-Doser\Delta.drg (125,15 K/S -   128 157 bytes)
[13:51:10] - [2] MIRKO.POZEN: Début d'Upload de D:\kerberos.htx\idose\172 Doses I-Doser\Delta1.drg
[13:51:10] - [3] MIRKO.POZEN: Début d'Upload de D:\kerberos.htx\idose\172 Doses I-Doser\Delta2.drg
[13:51:10] - [2] MIRKO.POZEN: Fichier Upload: D:\kerberos.htx\idose\172 Doses I-Doser\Delta1.drg (125,15 K/S -   128 157 bytes)
[13:51:11] - [3] MIRKO.POZEN: Fichier Upload: D:\kerberos.htx\idose\172 Doses I-Doser\Delta2.drg (125,15 K/S -   128 157 bytes)
[13:51:11] - [2] MIRKO.POZEN: Début d'Upload de D:\kerberos.htx\idose\172 Doses I-Doser\Delta3.drg
[13:51:11] - [3] MIRKO.POZEN: Début d'Upload de D:\kerberos.htx\idose\172 Doses I-Doser\Dexies.drg
[13:51:11] - [2] MIRKO.POZEN: Fichier Upload: D:\kerberos.htx\idose\172 Doses I-Doser\Delta3.drg (125,15 K/S -   128 157 bytes)
[13:51:11] - [3] MIRKO.POZEN: Fichier Upload: D:\kerberos.htx\idose\172 Doses I-Doser\Dexies.drg (125,81 K/S -   128 833 bytes)
[13:51:11] - [2] MIRKO.POZEN: Début d'Upload de D:\kerberos.htx\idose\172 Doses I-Doser\Dexies1.drg
[13:51:11] - [3] MIRKO.POZEN: Début d'Upload de D:\kerberos.htx\idose\172 Doses I-Doser\Dexies2.drg
[13:51:11] - [2] MIRKO.POZEN: Fichier Upload: D:\kerberos.htx\idose\172 Doses I-Doser\Dexies1.drg (125,81 K/S -   128 833 bytes)
[13:51:11] - [3] MIRKO.POZEN: Fichier Upload: D:\kerberos.htx\idose\172 Doses I-Doser\Dexies2.drg (125,81 K/S -   128 833 bytes)
[13:51:11] - [2] MIRKO.POZEN: Début d'Upload de D:\kerberos.htx\idose\172 Doses I-Doser\Dexies3.drg
[13:51:11] - [3] MIRKO.POZEN: Début d'Upload de D:\kerberos.htx\idose\172 Doses I-Doser\Divinorum.drg
[13:51:11] - [2] MIRKO.POZEN: Fichier Upload: D:\kerberos.htx\idose\172 Doses I-Doser\Dexies3.drg (125,81 K/S -   128 833 bytes)
[13:51:11] - [3] MIRKO.POZEN: Fichier Upload: D:\kerberos.htx\idose\172 Doses I-Doser\Divinorum.drg (125,22 K/S -   128 223 bytes)
[13:51:11] - [2] MIRKO.POZEN: Début d'Upload de D:\kerberos.htx\idose\172 Doses I-Doser\Divinorum1.drg
[13:51:11] - [3] MIRKO.POZEN: Début d'Upload de D:\kerberos.htx\idose\172 Doses I-Doser\Divinorum2.drg
[13:51:11] - [2] MIRKO.POZEN: Fichier Upload: D:\kerberos.htx\idose\172 Doses I-Doser\Divinorum1.drg (125,22 K/S -   128 223 bytes)
[13:51:11] - [3] MIRKO.POZEN: Fichier Upload: D:\kerberos.htx\idose\172 Doses I-Doser\Divinorum2.drg (125,22 K/S -   128 223 bytes)
[13:51:11] - [2] MIRKO.POZEN: Début d'Upload de D:\kerberos.htx\idose\172 Doses I-Doser\Divinorum3.drg
[13:51:12] - [3] MIRKO.POZEN: Début d'Upload de D:\kerberos.htx\idose\172 Doses I-Doser\DMT.drg
[13:51:12] - [2] MIRKO.POZEN: Fichier Upload: D:\kerberos.htx\idose\172 Doses I-Doser\Divinorum3.drg (125,22 K/S -   128 223 bytes)
[13:51:12] - [3] MIRKO.POZEN: Fichier Upload: D:\kerberos.htx\idose\172 Doses I-Doser\DMT.drg (125,31 K/S -   128 313 bytes)
[13:51:12] - [2] MIRKO.POZEN: Début d'Upload de D:\kerberos.htx\idose\172 Doses I-Doser\Downer.drg
[13:51:12] - [3] MIRKO.POZEN: Début d'Upload de D:\kerberos.htx\idose\172 Doses I-Doser\Downer1.drg
[13:51:12] - [2] MIRKO.POZEN: Fichier Upload: D:\kerberos.htx\idose\172 Doses I-Doser\Downer.drg (125,02 K/S -   128 017 bytes)
[13:51:12] - [3] MIRKO.POZEN: Fichier Upload: D:\kerberos.htx\idose\172 Doses I-Doser\Downer1.drg (125,02 K/S -   128 017 bytes)
[13:51:12] - [2] MIRKO.POZEN: Début d'Upload de D:\kerberos.htx\idose\172 Doses I-Doser\Downer2.drg
[13:51:12] - [3] MIRKO.POZEN: Début d'Upload de D:\kerberos.htx\idose\172 Doses I-Doser\Downer3.drg
[13:51:12] - [2] MIRKO.POZEN: Fichier Upload: D:\kerberos.htx\idose\172 Doses I-Doser\Downer2.drg (125,02 K/S -   128 017 bytes)
[13:51:13] - [3] MIRKO.POZEN: Fichier Upload: D:\kerberos.htx\idose\172 Doses I-Doser\Downer3.drg (125,02 K/S -   128 017 bytes)
[13:51:13] - [2] MIRKO.POZEN: Début d'Upload de D:\kerberos.htx\idose\172 Doses I-Doser\DXM.drg
[13:51:13] - [3] MIRKO.POZEN: Début d'Upload de D:\kerberos.htx\idose\172 Doses I-Doser\Ecstasy.drg
[13:51:13] - [2] MIRKO.POZEN: Fichier Upload: D:\kerberos.htx\idose\172 Doses I-Doser\DXM.drg (125,77 K/S -   128 785 bytes)
[13:51:13] - [3] MIRKO.POZEN: Fichier Upload: D:\kerberos.htx\idose\172 Doses I-Doser\Ecstasy.drg (125,34 K/S -   128 349 bytes)
[13:51:13] - [2] MIRKO.POZEN: Début d'Upload de D:\kerberos.htx\idose\172 Doses I-Doser\Ecstasy1.drg
[13:51:13] - [3] MIRKO.POZEN: Début d'Upload de D:\kerberos.htx\idose\172 Doses I-Doser\Ecstasy2.drg
[13:51:13] - [2] MIRKO.POZEN: Fichier Upload: D:\kerberos.htx\idose\172 Doses I-Doser\Ecstasy1.drg (125,34 K/S -   128 349 bytes)
[13:51:13] - [3] MIRKO.POZEN: Fichier Upload: D:\kerberos.htx\idose\172 Doses I-Doser\Ecstasy2.drg (125,34 K/S -   128 349 bytes)
[13:51:13] - [2] MIRKO.POZEN: Début d'Upload de D:\kerberos.htx\idose\172 Doses I-Doser\Ecstasy3.drg
[13:51:13] - [3] MIRKO.POZEN: Début d'Upload de D:\kerberos.htx\idose\172 Doses I-Doser\Excite1.drg
[13:51:13] - [2] MIRKO.POZEN: Fichier Upload: D:\kerberos.htx\idose\172 Doses I-Doser\Ecstasy3.drg (125,34 K/S -   128 349 bytes)
[13:51:13] - [3] MIRKO.POZEN: Fichier Upload: D:\kerberos.htx\idose\172 Doses I-Doser\Excite1.drg (125,48 K/S -   128 493 bytes)
[13:51:13] - [2] MIRKO.POZEN: Début d'Upload de D:\kerberos.htx\idose\172 Doses I-Doser\Excite2.drg
[13:51:13] - [3] MIRKO.POZEN: Début d'Upload de D:\kerberos.htx\idose\172 Doses I-Doser\Excite3.drg
[13:51:14] - [2] MIRKO.POZEN: Fichier Upload: D:\kerberos.htx\idose\172 Doses I-Doser\Excite2.drg (125,48 K/S -   128 493 bytes)
[13:51:14] - [3] MIRKO.POZEN: Fichier Upload: D:\kerberos.htx\idose\172 Doses I-Doser\Excite3.drg (125,48 K/S -   128 493 bytes)
[13:51:14] - [2] MIRKO.POZEN: Début d'Upload de D:\kerberos.htx\idose\172 Doses I-Doser\Extend.drg
[13:51:14] - [3] MIRKO.POZEN: Début d'Upload de D:\kerberos.htx\idose\172 Doses I-Doser\Extend1.drg
[13:51:14] - [2] MIRKO.POZEN: Fichier Upload: D:\kerberos.htx\idose\172 Doses I-Doser\Extend.drg (125,14 K/S -   128 139 bytes)
[13:51:14] - [3] MIRKO.POZEN: Fichier Upload: D:\kerberos.htx\idose\172 Doses I-Doser\Extend1.drg (125,14 K/S -   128 139 bytes)
[13:51:14] - [2] MIRKO.POZEN: Début d'Upload de D:\kerberos.htx\idose\172 Doses I-Doser\Extend2.drg
[13:51:14] - [3] MIRKO.POZEN: Début d'Upload de D:\kerberos.htx\idose\172 Doses I-Doser\Extend3.drg
[13:51:14] - [2] MIRKO.POZEN: Fichier Upload: D:\kerberos.htx\idose\172 Doses I-Doser\Extend2.drg (125,14 K/S -   128 139 bytes)
[13:51:14] - [3] MIRKO.POZEN: Fichier Upload: D:\kerberos.htx\idose\172 Doses I-Doser\Extend3.drg (125,14 K/S -   128 139 bytes)
[13:51:14] - [2] MIRKO.POZEN: Début d'Upload de D:\kerberos.htx\idose\172 Doses I-Doser\F Roast.drg
[13:51:14] - [3] MIRKO.POZEN: Début d'Upload de D:\kerberos.htx\idose\172 Doses I-Doser\FirstLove.drg
[13:51:14] - [2] MIRKO.POZEN: Fichier Upload: D:\kerberos.htx\idose\172 Doses I-Doser\F Roast.drg (125,00 K/S -   127 997 bytes)
[13:51:14] - [2] MIRKO.POZEN: Début d'Upload de D:\kerberos.htx\idose\172 Doses I-Doser\F_Roast1.drg
[13:51:15] - [2] MIRKO.POZEN: Fichier Upload: D:\kerberos.htx\idose\172 Doses I-Doser\F_Roast1.drg (125,00 K/S -   127 997 bytes)
[13:51:15] - [2] MIRKO.POZEN: Début d'Upload de D:\kerberos.htx\idose\172 Doses I-Doser\Gamma.drg
[13:51:15] - [2] MIRKO.POZEN: Fichier Upload: D:\kerberos.htx\idose\172 Doses I-Doser\Gamma.drg (125,48 K/S -   128 489 bytes)
[13:51:15] - [2] MIRKO.POZEN: Début d'Upload de D:\kerberos.htx\idose\172 Doses I-Doser\Gamma1.drg
[13:51:15] - [2] MIRKO.POZEN: Fichier Upload: D:\kerberos.htx\idose\172 Doses I-Doser\Gamma1.drg (125,48 K/S -   128 489 bytes)
[13:51:15] - [2] MIRKO.POZEN: Début d'Upload de D:\kerberos.htx\idose\172 Doses I-Doser\Gamma2.drg
[13:51:16] - [2] MIRKO.POZEN: Fichier Upload: D:\kerberos.htx\idose\172 Doses I-Doser\Gamma2.drg (125,48 K/S -   128 489 bytes)
[13:51:16] - [3] MIRKO.POZEN: Fichier Upload: D:\kerberos.htx\idose\172 Doses I-Doser\FirstLove.drg (22,53 K/S -   46 143 bytes)
[13:51:16] - [2] MIRKO.POZEN: Début d'Upload de D:\kerberos.htx\idose\172 Doses I-Doser\Gamma3.drg
[13:51:16] - [3] MIRKO.POZEN: Début d'Upload de D:\kerberos.htx\idose\172 Doses I-Doser\Genesis.drg
[13:51:16] - [2] MIRKO.POZEN: Fichier Upload: D:\kerberos.htx\idose\172 Doses I-Doser\Gamma3.drg (125,48 K/S -   128 489 bytes)
[13:51:16] - [3] MIRKO.POZEN: Fichier Upload: D:\kerberos.htx\idose\172 Doses I-Doser\Genesis.drg (125,51 K/S -   128 521 bytes)
[13:51:16] - [2] MIRKO.POZEN: Début d'Upload de D:\kerberos.htx\idose\172 Doses I-Doser\Genesis1.drg
[13:51:16] - [3] MIRKO.POZEN: Début d'Upload de D:\kerberos.htx\idose\172 Doses I-Doser\Genesis2.drg
[13:51:16] - [2] MIRKO.POZEN: Fichier Upload: D:\kerberos.htx\idose\172 Doses I-Doser\Genesis1.drg (125,51 K/S -   128 521 bytes)
[13:51:16] - [3] MIRKO.POZEN: Fichier Upload: D:\kerberos.htx\idose\172 Doses I-Doser\Genesis2.drg (125,51 K/S -   128 521 bytes)
[13:51:16] - [2] MIRKO.POZEN: Début d'Upload de D:\kerberos.htx\idose\172 Doses I-Doser\Genesis3.drg
[13:51:16] - [3] MIRKO.POZEN: Début d'Upload de D:\kerberos.htx\idose\172 Doses I-Doser\HandOfGod.drg
[13:51:16] - [2] MIRKO.POZEN: Fichier Upload: D:\kerberos.htx\idose\172 Doses I-Doser\Genesis3.drg (125,51 K/S -   128 521 bytes)
[13:51:16] - [3] MIRKO.POZEN: Fichier Upload: D:\kerberos.htx\idose\172 Doses I-Doser\HandOfGod.drg (125,51 K/S -   128 525 bytes)
[13:51:16] - [2] MIRKO.POZEN: Début d'Upload de D:\kerberos.htx\idose\172 Doses I-Doser\Hangover_Cure1.drg
[13:51:17] - [3] MIRKO.POZEN: Début d'Upload de D:\kerberos.htx\idose\172 Doses I-Doser\Hangover_Cure2.drg
[13:51:17] - [2] MIRKO.POZEN: Fichier Upload: D:\kerberos.htx\idose\172 Doses I-Doser\Hangover_Cure1.drg (125,00 K/S -   128 003 bytes)
[13:51:17] - [3] MIRKO.POZEN: Fichier Upload: D:\kerberos.htx\idose\172 Doses I-Doser\Hangover_Cure2.drg (125,00 K/S -   128 003 bytes)
[13:51:17] - [2] MIRKO.POZEN: Début d'Upload de D:\kerberos.htx\idose\172 Doses I-Doser\Hangover_Cure3.drg
[13:51:17] - [3] MIRKO.POZEN: Début d'Upload de D:\kerberos.htx\idose\172 Doses I-Doser\Hash.drg
[13:51:17] - [2] MIRKO.POZEN: Fichier Upload: D:\kerberos.htx\idose\172 Doses I-Doser\Hangover_Cure3.drg (125,00 K/S -   128 003 bytes)
[13:51:17] - [3] MIRKO.POZEN: Fichier Upload: D:\kerberos.htx\idose\172 Doses I-Doser\Hash.drg (125,68 K/S -   128 699 bytes)
[13:51:17] - [2] MIRKO.POZEN: Début d'Upload de D:\kerberos.htx\idose\172 Doses I-Doser\Heroin1.drg
[13:51:17] - [3] MIRKO.POZEN: Début d'Upload de D:\kerberos.htx\idose\172 Doses I-Doser\How To Duplicate Doses.txt
[13:51:17] - [3] MIRKO.POZEN: Fichier Upload: D:\kerberos.htx\idose\172 Doses I-Doser\How To Duplicate Doses.txt (0,55 K/S -    562 bytes)
[13:51:17] - [3] MIRKO.POZEN: Début d'Upload de D:\kerberos.htx\idose\172 Doses I-Doser\Insomniac.drg
[13:51:17] - [3] MIRKO.POZEN: Fichier Upload: D:\kerberos.htx\idose\172 Doses I-Doser\Insomniac.drg (124,99 K/S -   127 991 bytes)
[13:51:18] - [3] MIRKO.POZEN: Début d'Upload de D:\kerberos.htx\idose\172 Doses I-Doser\Inspire.drg
[13:51:18] - [3] MIRKO.POZEN: Fichier Upload: D:\kerberos.htx\idose\172 Doses I-Doser\Inspire.drg (125,27 K/S -   128 277 bytes)
[13:51:18] - [3] MIRKO.POZEN: Début d'Upload de D:\kerberos.htx\idose\172 Doses I-Doser\Inspire1.drg
[13:51:18] - [3] MIRKO.POZEN: Fichier Upload: D:\kerberos.htx\idose\172 Doses I-Doser\Inspire1.drg (125,27 K/S -   128 277 bytes)
[13:51:18] - [2] MIRKO.POZEN: Fichier Upload: D:\kerberos.htx\idose\172 Doses I-Doser\Heroin1.drg (44,99 K/S -   46 073 bytes)
[13:51:18] - [3] MIRKO.POZEN: Début d'Upload de D:\kerberos.htx\idose\172 Doses I-Doser\JuiceIT!1.drg
[13:51:18] - [2] MIRKO.POZEN: Début d'Upload de D:\kerberos.htx\idose\172 Doses I-Doser\JuiceIT!2.drg
[13:51:18] - [3] MIRKO.POZEN: Fichier Upload: D:\kerberos.htx\idose\172 Doses I-Doser\JuiceIT!1.drg (125,39 K/S -   128 395 bytes)
[13:51:18] - [2] MIRKO.POZEN: Fichier Upload: D:\kerberos.htx\idose\172 Doses I-Doser\JuiceIT!2.drg (125,39 K/S -   128 395 bytes)
[13:51:18] - [3] MIRKO.POZEN: Début d'Upload de D:\kerberos.htx\idose\172 Doses I-Doser\JuiceIT!3.drg
[13:51:18] - [2] MIRKO.POZEN: Début d'Upload de D:\kerberos.htx\idose\172 Doses I-Doser\LSD.drg
[13:51:19] - [3] MIRKO.POZEN: Fichier Upload: D:\kerberos.htx\idose\172 Doses I-Doser\JuiceIT!3.drg (125,39 K/S -   128 395 bytes)
[13:51:19] - [2] MIRKO.POZEN: Fichier Upload: D:\kerberos.htx\idose\172 Doses I-Doser\LSD.drg (125,37 K/S -   128 375 bytes)
[13:51:19] - [3] MIRKO.POZEN: Début d'Upload de D:\kerberos.htx\idose\172 Doses I-Doser\LucidDream.drg
[13:51:19] - [2] MIRKO.POZEN: Début d'Upload de D:\kerberos.htx\idose\172 Doses I-Doser\LucidDream1.drg
[13:51:19] - [3] MIRKO.POZEN: Fichier Upload: D:\kerberos.htx\idose\172 Doses I-Doser\LucidDream.drg (125,47 K/S -   128 481 bytes)
[13:51:19] - [2] MIRKO.POZEN: Fichier Upload: D:\kerberos.htx\idose\172 Doses I-Doser\LucidDream1.drg (125,47 K/S -   128 481 bytes)
[13:51:19] - [3] MIRKO.POZEN: Début d'Upload de D:\kerberos.htx\idose\172 Doses I-Doser\LucidDream2.drg
[13:51:19] - [2] MIRKO.POZEN: Début d'Upload de D:\kerberos.htx\idose\172 Doses I-Doser\LucidDream3.drg
[13:51:19] - [3] MIRKO.POZEN: Fichier Upload: D:\kerberos.htx\idose\172 Doses I-Doser\LucidDream2.drg (125,47 K/S -   128 481 bytes)
[13:51:19] - [2] MIRKO.POZEN: Fichier Upload: D:\kerberos.htx\idose\172 Doses I-Doser\LucidDream3.drg (125,47 K/S -   128 481 bytes)
[13:51:19] - [3] MIRKO.POZEN: Début d'Upload de D:\kerberos.htx\idose\172 Doses I-Doser\Marijuana.drg
[13:51:19] - [2] MIRKO.POZEN: Début d'Upload de D:\kerberos.htx\idose\172 Doses I-Doser\Marijuana1.drg
[13:51:20] - [2] MIRKO.POZEN: Fichier Upload: D:\kerberos.htx\idose\172 Doses I-Doser\Marijuana1.drg (45,52 K/S -   46 615 bytes)
[13:51:20] - [2] MIRKO.POZEN: Début d'Upload de D:\kerberos.htx\idose\172 Doses I-Doser\Marijuana2.drg
[13:51:20] - [3] MIRKO.POZEN: Fichier Upload: D:\kerberos.htx\idose\172 Doses I-Doser\Marijuana.drg (45,52 K/S -   46 615 bytes)
[13:51:20] - [3] MIRKO.POZEN: Début d'Upload de D:\kerberos.htx\idose\172 Doses I-Doser\Marijuana3.drg
[13:51:21] - [2] MIRKO.POZEN: Fichier Upload: D:\kerberos.htx\idose\172 Doses I-Doser\Marijuana2.drg (45,52 K/S -   46 615 bytes)
[13:51:21] - [2] MIRKO.POZEN: Début d'Upload de D:\kerberos.htx\idose\172 Doses I-Doser\Masochist.drg
[13:51:21] - [2] MIRKO.POZEN: Fichier Upload: D:\kerberos.htx\idose\172 Doses I-Doser\Masochist.drg (111,27 K/S -   113 945 bytes)
[13:51:21] - [2] MIRKO.POZEN: Début d'Upload de D:\kerberos.htx\idose\172 Doses I-Doser\Masochist1.drg
[13:51:21] - [2] MIRKO.POZEN: Fichier Upload: D:\kerberos.htx\idose\172 Doses I-Doser\Masochist1.drg (111,27 K/S -   113 945 bytes)
[13:51:21] - [3] MIRKO.POZEN: Fichier Upload: D:\kerberos.htx\idose\172 Doses I-Doser\Marijuana3.drg (45,52 K/S -   46 615 bytes)
[13:51:21] - [2] MIRKO.POZEN: Début d'Upload de D:\kerberos.htx\idose\172 Doses I-Doser\Masochist2.drg
[13:51:21] - [3] MIRKO.POZEN: Début d'Upload de D:\kerberos.htx\idose\172 Doses I-Doser\Morphine.drg
[13:51:21] - [2] MIRKO.POZEN: Fichier Upload: D:\kerberos.htx\idose\172 Doses I-Doser\Masochist2.drg (111,27 K/S -   113 944 bytes)
[13:51:21] - [3] MIRKO.POZEN: Fichier Upload: D:\kerberos.htx\idose\172 Doses I-Doser\Morphine.drg (125,44 K/S -   128 449 bytes)
[13:51:21] - [2] MIRKO.POZEN: Début d'Upload de D:\kerberos.htx\idose\172 Doses I-Doser\Morphine1.drg
[13:51:21] - [3] MIRKO.POZEN: Début d'Upload de D:\kerberos.htx\idose\172 Doses I-Doser\Nitrous.drg
[13:51:22] - [2] MIRKO.POZEN: Fichier Upload: D:\kerberos.htx\idose\172 Doses I-Doser\Morphine1.drg (125,44 K/S -   128 449 bytes)
[13:51:22] - [3] MIRKO.POZEN: Fichier Upload: D:\kerberos.htx\idose\172 Doses I-Doser\Nitrous.drg (125,48 K/S -   128 493 bytes)
[13:51:22] - [2] MIRKO.POZEN: Début d'Upload de D:\kerberos.htx\idose\172 Doses I-Doser\Nitrous1.drg
[13:51:22] - [3] MIRKO.POZEN: Début d'Upload de D:\kerberos.htx\idose\172 Doses I-Doser\Nitrous2.drg
[13:51:22] - [2] MIRKO.POZEN: Fichier Upload: D:\kerberos.htx\idose\172 Doses I-Doser\Nitrous1.drg (125,48 K/S -   128 493 bytes)
[13:51:22] - [2] MIRKO.POZEN: Début d'Upload de D:\kerberos.htx\idose\172 Doses I-Doser\Nitrous3.drg
[13:51:22] - [3] MIRKO.POZEN: Fichier Upload: D:\kerberos.htx\idose\172 Doses I-Doser\Nitrous2.drg (125,48 K/S -   128 493 bytes)
[13:51:22] - [2] MIRKO.POZEN: Fichier Upload: D:\kerberos.htx\idose\172 Doses I-Doser\Nitrous3.drg (125,48 K/S -   128 493 bytes)
[13:51:22] - [3] MIRKO.POZEN: Début d'Upload de D:\kerberos.htx\idose\172 Doses I-Doser\Nitrous4.drg
[13:51:22] - [2] MIRKO.POZEN: Début d'Upload de D:\kerberos.htx\idose\172 Doses I-Doser\Nitrous5.drg
[13:51:22] - [3] MIRKO.POZEN: Fichier Upload: D:\kerberos.htx\idose\172 Doses I-Doser\Nitrous4.drg (125,48 K/S -   128 493 bytes)
[13:51:22] - [2] MIRKO.POZEN: Fichier Upload: D:\kerberos.htx\idose\172 Doses I-Doser\Nitrous5.drg (125,48 K/S -   128 493 bytes)
[13:51:22] - [3] MIRKO.POZEN: Début d'Upload de D:\kerberos.htx\idose\172 Doses I-Doser\Nitrous6.drg
[13:51:22] - [2] MIRKO.POZEN: Début d'Upload de D:\kerberos.htx\idose\172 Doses I-Doser\Opium.drg
[13:51:23] - [3] MIRKO.POZEN: Fichier Upload: D:\kerberos.htx\idose\172 Doses I-Doser\Nitrous6.drg (125,48 K/S -   128 493 bytes)
[13:51:23] - [2] MIRKO.POZEN: Fichier Upload: D:\kerberos.htx\idose\172 Doses I-Doser\Opium.drg (125,22 K/S -   128 227 bytes)
[13:51:23] - [3] MIRKO.POZEN: Début d'Upload de D:\kerberos.htx\idose\172 Doses I-Doser\Opium1.drg
[13:51:23] - [2] MIRKO.POZEN: Début d'Upload de D:\kerberos.htx\idose\172 Doses I-Doser\Orgasm.drg
[13:51:23] - [3] MIRKO.POZEN: Fichier Upload: D:\kerberos.htx\idose\172 Doses I-Doser\Opium1.drg (125,22 K/S -   128 227 bytes)
[13:51:23] - [2] MIRKO.POZEN: Fichier Upload: D:\kerberos.htx\idose\172 Doses I-Doser\Orgasm.drg (125,60 K/S -   128 615 bytes)
[13:51:23] - [3] MIRKO.POZEN: Début d'Upload de D:\kerberos.htx\idose\172 Doses I-Doser\OutofBody.drg
[13:51:23] - [2] MIRKO.POZEN: Début d'Upload de D:\kerberos.htx\idose\172 Doses I-Doser\OutofBody1.drg
[13:51:23] - [3] MIRKO.POZEN: Fichier Upload: D:\kerberos.htx\idose\172 Doses I-Doser\OutofBody.drg (125,78 K/S -   128 797 bytes)
[13:51:23] - [2] MIRKO.POZEN: Fichier Upload: D:\kerberos.htx\idose\172 Doses I-Doser\OutofBody1.drg (125,78 K/S -   128 797 bytes)
[13:51:23] - [3] MIRKO.POZEN: Début d'Upload de D:\kerberos.htx\idose\172 Doses I-Doser\OutofBody2.drg
[13:51:23] - [2] MIRKO.POZEN: Début d'Upload de D:\kerberos.htx\idose\172 Doses I-Doser\OutofBody3.drg
[13:51:23] - [3] MIRKO.POZEN: Fichier Upload: D:\kerberos.htx\idose\172 Doses I-Doser\OutofBody2.drg (125,78 K/S -   128 797 bytes)
[13:51:24] - [2] MIRKO.POZEN: Fichier Upload: D:\kerberos.htx\idose\172 Doses I-Doser\OutofBody3.drg (125,78 K/S -   128 797 bytes)
[13:51:24] - [3] MIRKO.POZEN: Début d'Upload de D:\kerberos.htx\idose\172 Doses I-Doser\Oxy.drg
[13:51:24] - [2] MIRKO.POZEN: Début d'Upload de D:\kerberos.htx\idose\172 Doses I-Doser\Peyote.drg
[13:51:24] - [3] MIRKO.POZEN: Fichier Upload: D:\kerberos.htx\idose\172 Doses I-Doser\Oxy.drg (125,20 K/S -   128 203 bytes)
[13:51:24] - [2] MIRKO.POZEN: Fichier Upload: D:\kerberos.htx\idose\172 Doses I-Doser\Peyote.drg (125,72 K/S -   128 735 bytes)
[13:51:24] - [3] MIRKO.POZEN: Début d'Upload de D:\kerberos.htx\idose\172 Doses I-Doser\Peyote1.drg
[13:51:24] - [2] MIRKO.POZEN: Début d'Upload de D:\kerberos.htx\idose\172 Doses I-Doser\Peyote2.drg
[13:51:24] - [3] MIRKO.POZEN: Fichier Upload: D:\kerberos.htx\idose\172 Doses I-Doser\Peyote1.drg (125,72 K/S -   128 735 bytes)
[13:51:24] - [2] MIRKO.POZEN: Fichier Upload: D:\kerberos.htx\idose\172 Doses I-Doser\Peyote2.drg (125,72 K/S -   128 735 bytes)
[13:51:24] - [3] MIRKO.POZEN: Début d'Upload de D:\kerberos.htx\idose\172 Doses I-Doser\Peyote3.drg
[13:51:24] - [2] MIRKO.POZEN: Début d'Upload de D:\kerberos.htx\idose\172 Doses I-Doser\Prozium.drg
[13:51:24] - [3] MIRKO.POZEN: Fichier Upload: D:\kerberos.htx\idose\172 Doses I-Doser\Peyote3.drg (125,72 K/S -   128 735 bytes)
[13:51:24] - [2] MIRKO.POZEN: Fichier Upload: D:\kerberos.htx\idose\172 Doses I-Doser\Prozium.drg (125,44 K/S -   128 447 bytes)
[13:51:24] - [3] MIRKO.POZEN: Début d'Upload de D:\kerberos.htx\idose\172 Doses I-Doser\Prozium1.drg
[13:51:24] - [2] MIRKO.POZEN: Début d'Upload de D:\kerberos.htx\idose\172 Doses I-Doser\Prozium2.drg
[13:51:25] - [3] MIRKO.POZEN: Fichier Upload: D:\kerberos.htx\idose\172 Doses I-Doser\Prozium1.drg (125,44 K/S -   128 447 bytes)
[13:51:25] - [3] MIRKO.POZEN: Début d'Upload de D:\kerberos.htx\idose\172 Doses I-Doser\Prozium3.drg
[13:51:25] - [2] MIRKO.POZEN: Fichier Upload: D:\kerberos.htx\idose\172 Doses I-Doser\Prozium2.drg (125,44 K/S -   128 447 bytes)
[13:51:25] - [3] MIRKO.POZEN: Fichier Upload: D:\kerberos.htx\idose\172 Doses I-Doser\Prozium3.drg (125,44 K/S -   128 447 bytes)
[13:51:25] - [2] MIRKO.POZEN: Début d'Upload de D:\kerberos.htx\idose\172 Doses I-Doser\QuickHappy.drg
[13:51:25] - [3] MIRKO.POZEN: Début d'Upload de D:\kerberos.htx\idose\172 Doses I-Doser\QuickHappy1.drg
[13:51:25] - [2] MIRKO.POZEN: Fichier Upload: D:\kerberos.htx\idose\172 Doses I-Doser\QuickHappy.drg (125,04 K/S -   128 045 bytes)
[13:51:25] - [3] MIRKO.POZEN: Fichier Upload: D:\kerberos.htx\idose\172 Doses I-Doser\QuickHappy1.drg (125,04 K/S -   128 045 bytes)
[13:51:25] - [2] MIRKO.POZEN: Début d'Upload de D:\kerberos.htx\idose\172 Doses I-Doser\RAVE.drg
[13:51:25] - [3] MIRKO.POZEN: Début d'Upload de D:\kerberos.htx\idose\172 Doses I-Doser\RAVE1.drg
[13:51:25] - [2] MIRKO.POZEN: Fichier Upload: D:\kerberos.htx\idose\172 Doses I-Doser\RAVE.drg (125,33 K/S -   128 343 bytes)
[13:51:25] - [3] MIRKO.POZEN: Fichier Upload: D:\kerberos.htx\idose\172 Doses I-Doser\RAVE1.drg (125,33 K/S -   128 343 bytes)
[13:51:25] - [2] MIRKO.POZEN: Début d'Upload de D:\kerberos.htx\idose\172 Doses I-Doser\RAVE2.drg
[13:51:25] - [3] MIRKO.POZEN: Début d'Upload de D:\kerberos.htx\idose\172 Doses I-Doser\RAVE3.drg
[13:51:26] - [2] MIRKO.POZEN: Fichier Upload: D:\kerberos.htx\idose\172 Doses I-Doser\RAVE2.drg (125,33 K/S -   128 343 bytes)
[13:51:26] - [3] MIRKO.POZEN: Fichier Upload: D:\kerberos.htx\idose\172 Doses I-Doser\RAVE3.drg (125,33 K/S -   128 343 bytes)
[13:51:26] - [2] MIRKO.POZEN: Début d'Upload de D:\kerberos.htx\idose\172 Doses I-Doser\Read me first.txt
[13:51:26] - [2] MIRKO.POZEN: Fichier Upload: D:\kerberos.htx\idose\172 Doses I-Doser\Read me first.txt (0,20 K/S -    206 bytes)
[13:51:26] - [3] MIRKO.POZEN: Début d'Upload de D:\kerberos.htx\idose\172 Doses I-Doser\Reset1.drg
[13:51:26] - [3] MIRKO.POZEN: Fichier Upload: D:\kerberos.htx\idose\172 Doses I-Doser\Reset1.drg (134,65 K/S -   137 885 bytes)
[13:51:26] - [2] MIRKO.POZEN: Début d'Upload de D:\kerberos.htx\idose\172 Doses I-Doser\Reset3.drg
[13:51:26] - [3] MIRKO.POZEN: Début d'Upload de D:\kerberos.htx\idose\172 Doses I-Doser\S Angel.drg
[13:51:26] - [2] MIRKO.POZEN: Fichier Upload: D:\kerberos.htx\idose\172 Doses I-Doser\Reset3.drg (134,65 K/S -   137 885 bytes)
[13:51:26] - [3] MIRKO.POZEN: Fichier Upload: D:\kerberos.htx\idose\172 Doses I-Doser\S Angel.drg (125,36 K/S -   128 373 bytes)
[13:51:26] - [2] MIRKO.POZEN: Début d'Upload de D:\kerberos.htx\idose\172 Doses I-Doser\Speed.drg
[13:51:26] - [3] MIRKO.POZEN: Début d'Upload de D:\kerberos.htx\idose\172 Doses I-Doser\Speed4.drg
[13:51:27] - [2] MIRKO.POZEN: Fichier Upload: D:\kerberos.htx\idose\172 Doses I-Doser\Speed.drg (125,39 K/S -   128 395 bytes)
[13:51:27] - [3] MIRKO.POZEN: Fichier Upload: D:\kerberos.htx\idose\172 Doses I-Doser\Speed4.drg (125,39 K/S -   128 395 bytes)
[13:51:27] - [2] MIRKO.POZEN: Début d'Upload de D:\kerberos.htx\idose\172 Doses I-Doser\Speed5.drg
[13:51:27] - [3] MIRKO.POZEN: Début d'Upload de D:\kerberos.htx\idose\172 Doses I-Doser\Speed6.drg
[13:51:27] - [2] MIRKO.POZEN: Fichier Upload: D:\kerberos.htx\idose\172 Doses I-Doser\Speed5.drg (125,39 K/S -   128 395 bytes)
[13:51:27] - [3] MIRKO.POZEN: Fichier Upload: D:\kerberos.htx\idose\172 Doses I-Doser\Speed6.drg (125,39 K/S -   128 395 bytes)
[13:51:27] - [2] MIRKO.POZEN: Début d'Upload de D:\kerberos.htx\idose\172 Doses I-Doser\S_Angel1.drg
[13:51:27] - [3] MIRKO.POZEN: Début d'Upload de D:\kerberos.htx\idose\172 Doses I-Doser\S_eAngel1.drg
[13:51:27] - [2] MIRKO.POZEN: Fichier Upload: D:\kerberos.htx\idose\172 Doses I-Doser\S_Angel1.drg (125,36 K/S -   128 373 bytes)
[13:51:27] - [3] MIRKO.POZEN: Fichier Upload: D:\kerberos.htx\idose\172 Doses I-Doser\S_eAngel1.drg (125,36 K/S -   128 373 bytes)
[13:51:27] - [3] MIRKO.POZEN: Début d'Upload de D:\kerberos.htx\idose\172 Doses I-Doser\Theta.drg
[13:51:27] - [2] MIRKO.POZEN: Début d'Upload de D:\kerberos.htx\idose\172 Doses I-Doser\Theta1.drg
[13:51:27] - [3] MIRKO.POZEN: Fichier Upload: D:\kerberos.htx\idose\172 Doses I-Doser\Theta.drg (125,27 K/S -   128 279 bytes)
[13:51:27] - [2] MIRKO.POZEN: Fichier Upload: D:\kerberos.htx\idose\172 Doses I-Doser\Theta1.drg (125,27 K/S -   128 279 bytes)
[13:51:27] - [3] MIRKO.POZEN: Début d'Upload de D:\kerberos.htx\idose\172 Doses I-Doser\Theta2.drg
[13:51:27] - [2] MIRKO.POZEN: Début d'Upload de D:\kerberos.htx\idose\172 Doses I-Doser\Theta3.drg
[13:51:28] - [3] MIRKO.POZEN: Fichier Upload: D:\kerberos.htx\idose\172 Doses I-Doser\Theta2.drg (125,27 K/S -   128 279 bytes)
[13:51:28] - [2] MIRKO.POZEN: Fichier Upload: D:\kerberos.htx\idose\172 Doses I-Doser\Theta3.drg (125,27 K/S -   128 279 bytes)
[13:51:28] - [3] MIRKO.POZEN: Début d'Upload de D:\kerberos.htx\idose\172 Doses I-Doser\Tranquil.drg
[13:51:28] - [2] MIRKO.POZEN: Début d'Upload de D:\kerberos.htx\idose\172 Doses I-Doser\Tranquil1.drg
[13:51:28] - [3] MIRKO.POZEN: Fichier Upload: D:\kerberos.htx\idose\172 Doses I-Doser\Tranquil.drg (125,69 K/S -   128 703 bytes)
[13:51:28] - [2] MIRKO.POZEN: Fichier Upload: D:\kerberos.htx\idose\172 Doses I-Doser\Tranquil1.drg (125,69 K/S -   128 703 bytes)
[13:51:28] - [3] MIRKO.POZEN: Début d'Upload de D:\kerberos.htx\idose\172 Doses I-Doser\Tranquil2.drg
[13:51:28] - [2] MIRKO.POZEN: Début d'Upload de D:\kerberos.htx\idose\172 Doses I-Doser\Trip.drg
[13:51:28] - [3] MIRKO.POZEN: Fichier Upload: D:\kerberos.htx\idose\172 Doses I-Doser\Tranquil2.drg (125,69 K/S -   128 703 bytes)
[13:51:28] - [2] MIRKO.POZEN: Fichier Upload: D:\kerberos.htx\idose\172 Doses I-Doser\Trip.drg (126,42 K/S -   129 449 bytes)
[13:51:28] - [3] MIRKO.POZEN: Début d'Upload de D:\kerberos.htx\idose\172 Doses I-Doser\Trip1.drg
[13:51:28] - [2] MIRKO.POZEN: Début d'Upload de D:\kerberos.htx\idose\172 Doses I-Doser\Trip2.drg
[13:51:28] - [3] MIRKO.POZEN: Fichier Upload: D:\kerberos.htx\idose\172 Doses I-Doser\Trip1.drg (126,42 K/S -   129 449 bytes)
[13:51:29] - [2] MIRKO.POZEN: Fichier Upload: D:\kerberos.htx\idose\172 Doses I-Doser\Trip2.drg (126,42 K/S -   129 449 bytes)
[13:51:29] - [3] MIRKO.POZEN: Début d'Upload de D:\kerberos.htx\idose\172 Doses I-Doser\Trip3.drg
[13:51:29] - [2] MIRKO.POZEN: Début d'Upload de D:\kerberos.htx\idose\172 Doses I-Doser\Vico.drg
[13:51:29] - [3] MIRKO.POZEN: Fichier Upload: D:\kerberos.htx\idose\172 Doses I-Doser\Trip3.drg (126,42 K/S -   129 449 bytes)
[13:51:29] - [2] MIRKO.POZEN: Fichier Upload: D:\kerberos.htx\idose\172 Doses I-Doser\Vico.drg (127,94 K/S -   131 011 bytes)
[13:51:29] - [3] MIRKO.POZEN: Début d'Upload de D:\kerberos.htx\idose\172 Doses I-Doser\White Crosses.drg
[13:51:29] - [2] MIRKO.POZEN: Début d'Upload de D:\kerberos.htx\idose\172 Doses I-Doser\White_Crosses1.drg
[13:51:29] - [3] MIRKO.POZEN: Fichier Upload: D:\kerberos.htx\idose\172 Doses I-Doser\White Crosses.drg (125,68 K/S -   128 695 bytes)
[13:51:29] - [2] MIRKO.POZEN: Fichier Upload: D:\kerberos.htx\idose\172 Doses I-Doser\White_Crosses1.drg (125,68 K/S -   128 695 bytes)
[13:51:29] - [2] MIRKO.POZEN: Début d'Upload de D:\kerberos.htx\idose\172 Doses I-Doser\White_Crosses2.drg
[13:51:29] - [3] MIRKO.POZEN: Début d'Upload de D:\kerberos.htx\idose\172 Doses I-Doser\White_Crosses3.drg
[13:51:29] - [2] MIRKO.POZEN: Fichier Upload: D:\kerberos.htx\idose\172 Doses I-Doser\White_Crosses2.drg (125,68 K/S -   128 695 bytes)
[13:51:29] - [3] MIRKO.POZEN: Fichier Upload: D:\kerberos.htx\idose\172 Doses I-Doser\White_Crosses3.drg (125,68 K/S -   128 695 bytes)
[13:51:29] - [2] MIRKO.POZEN: Début d'Upload de D:\kerberos.htx\idose\172 Doses I-Doser\YaBa.drg
[13:51:29] - [3] MIRKO.POZEN: Début d'Upload de D:\kerberos.htx\idose\172 Doses I-Doser\YaBa1.drg
[13:51:29] - [2] MIRKO.POZEN: Fichier Upload: D:\kerberos.htx\idose\172 Doses I-Doser\YaBa.drg (125,26 K/S -   128 267 bytes)
[13:51:30] - [3] MIRKO.POZEN: Fichier Upload: D:\kerberos.htx\idose\172 Doses I-Doser\YaBa1.drg (125,26 K/S -   128 267 bytes)
[13:51:30] - [2] MIRKO.POZEN: Début d'Upload de D:\kerberos.htx\idose\172 Doses I-Doser\YaBa2.drg
[13:51:30] - [3] MIRKO.POZEN: Début d'Upload de D:\kerberos.htx\idose\172 Doses I-Doser\YaBa3.drg
[13:51:30] - [2] MIRKO.POZEN: Fichier Upload: D:\kerberos.htx\idose\172 Doses I-Doser\YaBa2.drg (125,26 K/S -   128 267 bytes)
[13:51:30] - [3] MIRKO.POZEN: Fichier Upload: D:\kerberos.htx\idose\172 Doses I-Doser\YaBa3.drg (125,26 K/S -   128 267 bytes)
[13:51:30] - [2] MIRKO.POZEN: Début d'Upload de D:\kerberos.htx\idose\172 Doses I-Doser\You-Choose Manual.txt
[13:51:30] - [3] MIRKO.POZEN: Début d'Upload de D:\kerberos.htx\idose\172 Doses I-Doser\You-Choose.drg
[13:51:30] - [3] MIRKO.POZEN: Fichier Upload: D:\kerberos.htx\idose\172 Doses I-Doser\You-Choose.drg (125,35 K/S -   128 355 bytes)
[13:51:30] - [3] MIRKO.POZEN: Répertoire en Cours: D:\kerberos.htx\idose\
[13:51:30] - [3] MIRKO.POZEN: Début d'Upload de D:\kerberos.htx\idose\IDoserSetup.exe
[13:51:32] - [2] MIRKO.POZEN: Fichier Upload: D:\kerberos.htx\idose\172 Doses I-Doser\You-Choose Manual.txt (2,41 K/S -   4 945 bytes)
[13:51:41] - [3] MIRKO.POZEN: Fichier Upload: D:\kerberos.htx\idose\IDoserSetup.exe (687,13 K/S -  7 739 809 bytes)
[13:52:03] - [2] Client 192.168.0.1 Déconnecté (00:01:04 Min)
[13:52:12] - [3] Client 192.168.0.1 Déconnecté (00:01:13 Min)
[13:58:28] - [4] Connecté à 86.235.162.42. Collecte du Nom d'utilisateur.
[13:58:28] - [4] Usager MIRKO.POZEN Connecté IP: 86.235.162.42
[13:58:28] - [4] MIRKO.POZEN: Répertoire en Cours: D:\kerberos.htx\
[13:58:28] - [4] MIRKO.POZEN: Répertoire en Cours: D:\kerberos.htx\
[13:58:50] - [4] MIRKO.POZEN: Répertoire en Cours: D:\kerberos.htx\idose\
[13:58:50] - [4] MIRKO.POZEN: Répertoire en Cours: D:\kerberos.htx\idose\172 Doses I-Doser\
[13:58:51] - [5] Connecté à 86.235.162.42. Collecte du Nom d'utilisateur.
[13:58:51] - [6] Connecté à 86.235.162.42. Collecte du Nom d'utilisateur.
[13:58:51] - [5] Usager MIRKO.POZEN Connecté IP: 86.235.162.42
[13:58:51] - [5] MIRKO.POZEN: Répertoire en Cours: D:\kerberos.htx\
[13:58:51] - [6] Usager MIRKO.POZEN Connecté IP: 86.235.162.42
[13:58:51] - [6] MIRKO.POZEN: Répertoire en Cours: D:\kerberos.htx\
[13:58:51] - [5] MIRKO.POZEN: Répertoire en Cours: D:\kerberos.htx\idose\
[13:58:51] - [6] MIRKO.POZEN: Répertoire en Cours: D:\kerberos.htx\idose\172 Doses I-Doser\
[13:58:51] - [5] MIRKO.POZEN: Début du Téléchargement de: D:\kerberos.htx\idose\IDoserSetup.exe
[13:58:52] - [6] MIRKO.POZEN: Début du Téléchargement de: D:\kerberos.htx\idose\172 Doses I-Doser\5HTP1.drg
[13:58:54] - [6] MIRKO.POZEN: Fichier envoyé: D:\kerberos.htx\idose\172 Doses I-Doser\5HTP1.drg (62,70 K/S -   128 407 bytes)
[13:58:54] - [6] MIRKO.POZEN: Début du Téléchargement de: D:\kerberos.htx\idose\172 Doses I-Doser\A-BOMB.drg
[13:58:57] - [6] MIRKO.POZEN: Fichier envoyé: D:\kerberos.htx\idose\172 Doses I-Doser\A-BOMB.drg (62,85 K/S -   128 723 bytes)
[13:58:57] - [6] MIRKO.POZEN: Début du Téléchargement de: D:\kerberos.htx\idose\172 Doses I-Doser\A-BOMB1.drg
[13:58:59] - [6] MIRKO.POZEN: Fichier envoyé: D:\kerberos.htx\idose\172 Doses I-Doser\A-BOMB1.drg (41,90 K/S -   128 723 bytes)
[13:59:00] - [6] MIRKO.POZEN: Début du Téléchargement de: D:\kerberos.htx\idose\172 Doses I-Doser\A-BOMB2.drg
[13:59:02] - [6] MIRKO.POZEN: Fichier envoyé: D:\kerberos.htx\idose\172 Doses I-Doser\A-BOMB2.drg (62,85 K/S -   128 723 bytes)
[13:59:02] - [6] MIRKO.POZEN: Début du Téléchargement de: D:\kerberos.htx\idose\172 Doses I-Doser\A-BOMB3.drg
[13:59:05] - [6] MIRKO.POZEN: Fichier envoyé: D:\kerberos.htx\idose\172 Doses I-Doser\A-BOMB3.drg (62,85 K/S -   128 723 bytes)
[13:59:05] - [6] MIRKO.POZEN: Début du Téléchargement de: D:\kerberos.htx\idose\172 Doses I-Doser\Absinthe.drg
[13:59:08] - [6] MIRKO.POZEN: Fichier envoyé: D:\kerberos.htx\idose\172 Doses I-Doser\Absinthe.drg (42,06 K/S -   129 203 bytes)
[13:59:08] - [6] MIRKO.POZEN: Début du Téléchargement de: D:\kerberos.htx\idose\172 Doses I-Doser\Absinthe1.drg
[13:59:10] - [6] MIRKO.POZEN: Fichier envoyé: D:\kerberos.htx\idose\172 Doses I-Doser\Absinthe1.drg (63,09 K/S -   129 203 bytes)
[13:59:11] - [6] MIRKO.POZEN: Début du Téléchargement de: D:\kerberos.htx\idose\172 Doses I-Doser\Absinthe2.drg
[13:59:13] - [6] MIRKO.POZEN: Fichier envoyé: D:\kerberos.htx\idose\172 Doses I-Doser\Absinthe2.drg (63,09 K/S -   129 203 bytes)
[13:59:13] - [6] MIRKO.POZEN: Début du Téléchargement de: D:\kerberos.htx\idose\172 Doses I-Doser\Absinthe3.drg
[13:59:16] - [6] MIRKO.POZEN: Fichier envoyé: D:\kerberos.htx\idose\172 Doses I-Doser\Absinthe3.drg (63,09 K/S -   129 203 bytes)
[13:59:16] - [6] MIRKO.POZEN: Début du Téléchargement de: D:\kerberos.htx\idose\172 Doses I-Doser\Adrenochrome.drg
[13:59:18] - [6] MIRKO.POZEN: Fichier envoyé: D:\kerberos.htx\idose\172 Doses I-Doser\Adrenochrome.drg (41,64 K/S -   127 923 bytes)
[13:59:19] - [6] MIRKO.POZEN: Début du Téléchargement de: D:\kerberos.htx\idose\172 Doses I-Doser\Alcohol.drg
[13:59:21] - [6] MIRKO.POZEN: Fichier envoyé: D:\kerberos.htx\idose\172 Doses I-Doser\Alcohol.drg (66,88 K/S -   136 963 bytes)
[13:59:22] - [6] MIRKO.POZEN: Début du Téléchargement de: D:\kerberos.htx\idose\172 Doses I-Doser\Alcohol1.drg
[13:59:24] - [6] MIRKO.POZEN: Fichier envoyé: D:\kerberos.htx\idose\172 Doses I-Doser\Alcohol1.drg (66,88 K/S -   136 963 bytes)
[13:59:24] - [6] MIRKO.POZEN: Début du Téléchargement de: D:\kerberos.htx\idose\172 Doses I-Doser\Alpha.drg
[13:59:27] - [6] MIRKO.POZEN: Fichier envoyé: D:\kerberos.htx\idose\172 Doses I-Doser\Alpha.drg (62,60 K/S -   128 213 bytes)
[13:59:27] - [6] MIRKO.POZEN: Début du Téléchargement de: D:\kerberos.htx\idose\172 Doses I-Doser\Alpha1.drg
[13:59:29] - [6] MIRKO.POZEN: Fichier envoyé: D:\kerberos.htx\idose\172 Doses I-Doser\Alpha1.drg (41,74 K/S -   128 213 bytes)
[13:59:30] - [6] MIRKO.POZEN: Début du Téléchargement de: D:\kerberos.htx\idose\172 Doses I-Doser\Alpha2.drg
[13:59:32] - [6] MIRKO.POZEN: Fichier envoyé: D:\kerberos.htx\idose\172 Doses I-Doser\Alpha2.drg (62,60 K/S -   128 213 bytes)
[13:59:33] - [6] MIRKO.POZEN: Début du Téléchargement de: D:\kerberos.htx\idose\172 Doses I-Doser\Alpha3.drg
[13:59:35] - [6] MIRKO.POZEN: Fichier envoyé: D:\kerberos.htx\idose\172 Doses I-Doser\Alpha3.drg (62,60 K/S -   128 213 bytes)
[13:59:35] - [6] MIRKO.POZEN: Début du Téléchargement de: D:\kerberos.htx\idose\172 Doses I-Doser\Anesthesia.drg
[13:59:38] - [6] MIRKO.POZEN: Fichier envoyé: D:\kerberos.htx\idose\172 Doses I-Doser\Anesthesia.drg (41,79 K/S -   128 369 bytes)
[13:59:38] - [6] MIRKO.POZEN: Début du Téléchargement de: D:\kerberos.htx\idose\172 Doses I-Doser\Anesthesia1.drg
[13:59:40] - [6] MIRKO.POZEN: Fichier envoyé: D:\kerberos.htx\idose\172 Doses I-Doser\Anesthesia1.drg (41,79 K/S -   128 388 bytes)
[13:59:41] - [6] MIRKO.POZEN: Début du Téléchargement de: D:\kerberos.htx\idose\172 Doses I-Doser\Anesthesia2.drg
[13:59:43] - [6] MIRKO.POZEN: Fichier envoyé: D:\kerberos.htx\idose\172 Doses I-Doser\Anesthesia2.drg (62,68 K/S -   128 369 bytes)
[13:59:43] - [6] MIRKO.POZEN: Début du Téléchargement de: D:\kerberos.htx\idose\172 Doses I-Doser\AntiSad.drg
[13:59:46] - [6] MIRKO.POZEN: Fichier envoyé: D:\kerberos.htx\idose\172 Doses I-Doser\AntiSad.drg (62,46 K/S -   127 923 bytes)
[13:59:46] - [6] MIRKO.POZEN: Début du Téléchargement de: D:\kerberos.htx\idose\172 Doses I-Doser\Astral.drg
[13:59:48] - [6] MIRKO.POZEN: Fichier envoyé: D:\kerberos.htx\idose\172 Doses I-Doser\Astral.drg (41,84 K/S -   128 519 bytes)
[13:59:49] - [6] MIRKO.POZEN: Début du Téléchargement de: D:\kerberos.htx\idose\172 Doses I-Doser\A_Migraine.drg
[13:59:51] - [6] MIRKO.POZEN: Fichier envoyé: D:\kerberos.htx\idose\172 Doses I-Doser\A_Migraine.drg (62,50 K/S -   128 001 bytes)
[13:59:52] - [6] MIRKO.POZEN: Début du Téléchargement de: D:\kerberos.htx\idose\172 Doses I-Doser\Beta.drg
[13:59:54] - [6] MIRKO.POZEN: Fichier envoyé: D:\kerberos.htx\idose\172 Doses I-Doser\Beta.drg (62,48 K/S -   127 959 bytes)
[13:59:54] - [6] MIRKO.POZEN: Début du Téléchargement de: D:\kerberos.htx\idose\172 Doses I-Doser\Beta1.drg
[13:59:57] - [6] MIRKO.POZEN: Fichier envoyé: D:\kerberos.htx\idose\172 Doses I-Doser\Beta1.drg (62,48 K/S -   127 959 bytes)
[13:59:57] - [6] MIRKO.POZEN: Début du Téléchargement de: D:\kerberos.htx\idose\172 Doses I-Doser\Beta2.drg
[14:00:00] - [6] MIRKO.POZEN: Fichier envoyé: D:\kerberos.htx\idose\172 Doses I-Doser\Beta2.drg (41,65 K/S -   127 959 bytes)
[14:00:00] - [6] MIRKO.POZEN: Début du Téléchargement de: D:\kerberos.htx\idose\172 Doses I-Doser\Beta3.drg
[14:00:02] - [6] MIRKO.POZEN: Fichier envoyé: D:\kerberos.htx\idose\172 Doses I-Doser\Beta3.drg (62,48 K/S -   127 959 bytes)
[14:00:03] - [6] MIRKO.POZEN: Début du Téléchargement de: D:\kerberos.htx\idose\172 Doses I-Doser\Black Sunshine.drg
[14:00:03] - [6] MIRKO.POZEN: Fichier envoyé: D:\kerberos.htx\idose\172 Doses I-Doser\Black Sunshine.drg (45,95 K/S -   47 049 bytes)
[14:00:04] - [6] MIRKO.POZEN: Début du Téléchargement de: D:\kerberos.htx\idose\172 Doses I-Doser\Black_Sunshine1.drg
[14:00:05] - [6] MIRKO.POZEN: Fichier envoyé: D:\kerberos.htx\idose\172 Doses I-Doser\Black_Sunshine1.drg (45,95 K/S -   47 049 bytes)
[14:00:05] - [6] MIRKO.POZEN: Début du Téléchargement de: D:\kerberos.htx\idose\172 Doses I-Doser\Black_Sunshine2.drg
[14:00:06] - [6] MIRKO.POZEN: Fichier envoyé: D:\kerberos.htx\idose\172 Doses I-Doser\Black_Sunshine2.drg (45,95 K/S -   47 049 bytes)
[14:00:06] - [6] MIRKO.POZEN: Début du Téléchargement de: D:\kerberos.htx\idose\172 Doses I-Doser\Black_Sunshine3.drg
[14:00:07] - [6] MIRKO.POZEN: Fichier envoyé: D:\kerberos.htx\idose\172 Doses I-Doser\Black_Sunshine3.drg (45,95 K/S -   47 049 bytes)
[14:00:07] - [6] MIRKO.POZEN: Début du Téléchargement de: D:\kerberos.htx\idose\172 Doses I-Doser\Brain+.drg
[14:00:10] - [6] MIRKO.POZEN: Fichier envoyé: D:\kerberos.htx\idose\172 Doses I-Doser\Brain+.drg (48,65 K/S -   149 457 bytes)
[14:00:10] - [6] MIRKO.POZEN: Début du Téléchargement de: D:\kerberos.htx\idose\172 Doses I-Doser\Brain+1.drg
[14:00:13] - [6] MIRKO.POZEN: Fichier envoyé: D:\kerberos.htx\idose\172 Doses I-Doser\Brain+1.drg (48,65 K/S -   149 457 bytes)
[14:00:13] - [6] MIRKO.POZEN: Début du Téléchargement de: D:\kerberos.htx\idose\172 Doses I-Doser\BufoToad.drg
[14:00:16] - [6] MIRKO.POZEN: Fichier envoyé: D:\kerberos.htx\idose\172 Doses I-Doser\BufoToad.drg (62,83 K/S -   128 669 bytes)
[14:00:16] - [6] MIRKO.POZEN: Début du Téléchargement de: D:\kerberos.htx\idose\172 Doses I-Doser\CalmME.drg
[14:00:18] - [6] MIRKO.POZEN: Fichier envoyé: D:\kerberos.htx\idose\172 Doses I-Doser\CalmME.drg (41,79 K/S -   128 385 bytes)
[14:00:19] - [6] MIRKO.POZEN: Début du Téléchargement de: D:\kerberos.htx\idose\172 Doses I-Doser\Chakra.drg
[14:00:21] - [6] MIRKO.POZEN: Fichier envoyé: D:\kerberos.htx\idose\172 Doses I-Doser\Chakra.drg (62,83 K/S -   128 683 bytes)
[14:00:22] - [6] MIRKO.POZEN: Début du Téléchargement de: D:\kerberos.htx\idose\172 Doses I-Doser\Cliff Hanger.drg
[14:00:24] - [6] MIRKO.POZEN: Fichier envoyé: D:\kerberos.htx\idose\172 Doses I-Doser\Cliff Hanger.drg (62,89 K/S -   128 797 bytes)
[14:00:24] - [6] MIRKO.POZEN: Début du Téléchargement de: D:\kerberos.htx\idose\172 Doses I-Doser\Cliff_Hanger1.drg
[14:00:27] - [6] MIRKO.POZEN: Fichier envoyé: D:\kerberos.htx\idose\172 Doses I-Doser\Cliff_Hanger1.drg (41,93 K/S -   128 797 bytes)
[14:00:27] - [6] MIRKO.POZEN: Début du Téléchargement de: D:\kerberos.htx\idose\172 Doses I-Doser\Cliff_Hanger2.drg
[14:00:29] - [6] MIRKO.POZEN: Fichier envoyé: D:\kerberos.htx\idose\172 Doses I-Doser\Cliff_Hanger2.drg (41,93 K/S -   128 797 bytes)
[14:00:30] - [6] MIRKO.POZEN: Début du Téléchargement de: D:\kerberos.htx\idose\172 Doses I-Doser\Cliff_Hanger3.drg
[14:00:32] - [6] MIRKO.POZEN: Fichier envoyé: D:\kerberos.htx\idose\172 Doses I-Doser\Cliff_Hanger3.drg (62,89 K/S -   128 797 bytes)
[14:00:32] - [6] MIRKO.POZEN: Début du Téléchargement de: D:\kerberos.htx\idose\172 Doses I-Doser\Cocaine1.drg
[14:00:35] - [6] MIRKO.POZEN: Fichier envoyé: D:\kerberos.htx\idose\172 Doses I-Doser\Cocaine1.drg (62,58 K/S -   128 165 bytes)
[14:00:35] - [6] MIRKO.POZEN: Début du Téléchargement de: D:\kerberos.htx\idose\172 Doses I-Doser\Content.drg
[14:00:37] - [6] MIRKO.POZEN: Fichier envoyé: D:\kerberos.htx\idose\172 Doses I-Doser\Content.drg (41,66 K/S -   127 967 bytes)
[14:00:38] - [6] MIRKO.POZEN: Début du Téléchargement de: D:\kerberos.htx\idose\172 Doses I-Doser\Content1.drg
[14:00:40] - [6] MIRKO.POZEN: Fichier envoyé: D:\kerberos.htx\idose\172 Doses I-Doser\Content1.drg (62,48 K/S -   127 967 bytes)
[14:00:40] - [6] MIRKO.POZEN: Début du Téléchargement de: D:\kerberos.htx\idose\172 Doses I-Doser\Crystal_Meth1.drg
[14:00:43] - [6] MIRKO.POZEN: Fichier envoyé: D:\kerberos.htx\idose\172 Doses I-Doser\Crystal_Meth1.drg (62,99 K/S -   129 011 bytes)
[14:00:43] - [6] MIRKO.POZEN: Début du Téléchargement de: D:\kerberos.htx\idose\172 Doses I-Doser\Crystal_Meth2.drg
[14:00:46] - [6] MIRKO.POZEN: Fichier envoyé: D:\kerberos.htx\idose\172 Doses I-Doser\Crystal_Meth2.drg (42,00 K/S -   129 011 bytes)
[14:00:46] - [6] MIRKO.POZEN: Début du Téléchargement de: D:\kerberos.htx\idose\172 Doses I-Doser\Crystal_Meth3.drg
[14:00:48] - [6] MIRKO.POZEN: Fichier envoyé: D:\kerberos.htx\idose\172 Doses I-Doser\Crystal_Meth3.drg (62,99 K/S -   129 011 bytes)
[14:00:49] - [6] MIRKO.POZEN: Début du Téléchargement de: D:\kerberos.htx\idose\172 Doses I-Doser\Delta.drg
[14:00:51] - [6] MIRKO.POZEN: Fichier envoyé: D:\kerberos.htx\idose\172 Doses I-Doser\Delta.drg (62,58 K/S -   128 157 bytes)
[14:00:51] - [6] MIRKO.POZEN: Début du Téléchargement de: D:\kerberos.htx\idose\172 Doses I-Doser\Delta1.drg
[14:00:54] - [6] MIRKO.POZEN: Fichier envoyé: D:\kerberos.htx\idose\172 Doses I-Doser\Delta1.drg (62,58 K/S -   128 157 bytes)
[14:00:54] - [6] MIRKO.POZEN: Début du Téléchargement de: D:\kerberos.htx\idose\172 Doses I-Doser\Delta2.drg
[14:00:56] - [6] MIRKO.POZEN: Fichier envoyé: D:\kerberos.htx\idose\172 Doses I-Doser\Delta2.drg (41,72 K/S -   128 157 bytes)
[14:00:57] - [6] MIRKO.POZEN: Début du Téléchargement de: D:\kerberos.htx\idose\172 Doses I-Doser\Delta3.drg
[14:00:59] - [6] MIRKO.POZEN: Fichier envoyé: D:\kerberos.htx\idose\172 Doses I-Doser\Delta3.drg (62,58 K/S -   128 157 bytes)
[14:00:59] - [6] MIRKO.POZEN: Début du Téléchargement de: D:\kerberos.htx\idose\172 Doses I-Doser\Dexies.drg
[14:01:01] - [5] MIRKO.POZEN: Fichier envoyé: D:\kerberos.htx\idose\IDoserSetup.exe (58,14 K/S -  7 739 809 bytes)
[14:01:02] - [6] MIRKO.POZEN: Fichier envoyé: D:\kerberos.htx\idose\172 Doses I-Doser\Dexies.drg (62,91 K/S -   128 833 bytes)
[14:01:02] - [6] MIRKO.POZEN: Début du Téléchargement de: D:\kerberos.htx\idose\172 Doses I-Doser\Dexies1.drg
[14:01:03] - [6] MIRKO.POZEN: Fichier envoyé: D:\kerberos.htx\idose\172 Doses I-Doser\Dexies1.drg (125,81 K/S -   128 833 bytes)
[14:01:04] - [6] MIRKO.POZEN: Début du Téléchargement de: D:\kerberos.htx\idose\172 Doses I-Doser\Dexies2.drg
[14:01:05] - [6] MIRKO.POZEN: Fichier envoyé: D:\kerberos.htx\idose\172 Doses I-Doser\Dexies2.drg (125,81 K/S -   128 833 bytes)
[14:01:05] - [5] MIRKO.POZEN: Répertoire en Cours: D:\kerberos.htx\idose\172 Doses I-Doser\
[14:01:05] - [6] MIRKO.POZEN: Début du Téléchargement de: D:\kerberos.htx\idose\172 Doses I-Doser\Dexies3.drg
[14:01:05] - [5] MIRKO.POZEN: Début du Téléchargement de: D:\kerberos.htx\idose\172 Doses I-Doser\Divinorum.drg
[14:01:07] - [6] MIRKO.POZEN: Fichier envoyé: D:\kerberos.htx\idose\172 Doses I-Doser\Dexies3.drg (41,94 K/S -   128 833 bytes)
[14:01:08] - [5] MIRKO.POZEN: Fichier envoyé: D:\kerberos.htx\idose\172 Doses I-Doser\Divinorum.drg (62,61 K/S -   128 223 bytes)
[14:01:08] - [6] MIRKO.POZEN: Début du Téléchargement de: D:\kerberos.htx\idose\172 Doses I-Doser\Divinorum1.drg
[14:01:08] - [5] MIRKO.POZEN: Début du Téléchargement de: D:\kerberos.htx\idose\172 Doses I-Doser\Divinorum2.drg
[14:01:10] - [6] MIRKO.POZEN: Fichier envoyé: D:\kerberos.htx\idose\172 Doses I-Doser\Divinorum1.drg (62,61 K/S -   128 223 bytes)
[14:01:10] - [5] MIRKO.POZEN: Fichier envoyé: D:\kerberos.htx\idose\172 Doses I-Doser\Divinorum2.drg (62,61 K/S -   128 223 bytes)
[14:01:10] - [6] MIRKO.POZEN: Début du Téléchargement de: D:\kerberos.htx\idose\172 Doses I-Doser\Divinorum3.drg
[14:01:10] - [5] MIRKO.POZEN: Début du Téléchargement de: D:\kerberos.htx\idose\172 Doses I-Doser\DMT.drg
[14:01:12] - [6] MIRKO.POZEN: Fichier envoyé: D:\kerberos.htx\idose\172 Doses I-Doser\Divinorum3.drg (62,61 K/S -   128 223 bytes)
[14:01:13] - [6] MIRKO.POZEN: Début du Téléchargement de: D:\kerberos.htx\idose\172 Doses I-Doser\Downer.drg
[14:01:13] - [5] MIRKO.POZEN: Fichier envoyé: D:\kerberos.htx\idose\172 Doses I-Doser\DMT.drg (62,65 K/S -   128 313 bytes)
[14:01:13] - [5] MIRKO.POZEN: Début du Téléchargement de: D:\kerberos.htx\idose\172 Doses I-Doser\Downer1.drg
[14:01:14] - [6] MIRKO.POZEN: Fichier envoyé: D:\kerberos.htx\idose\172 Doses I-Doser\Downer.drg (125,02 K/S -   128 017 bytes)
[14:01:15] - [6] MIRKO.POZEN: Début du Téléchargement de: D:\kerberos.htx\idose\172 Doses I-Doser\Downer2.drg
[14:01:15] - [5] MIRKO.POZEN: Fichier envoyé: D:\kerberos.htx\idose\172 Doses I-Doser\Downer1.drg (41,67 K/S -   128 017 bytes)
[14:01:16] - [5] MIRKO.POZEN: Début du Téléchargement de: D:\kerberos.htx\idose\172 Doses I-Doser\Downer3.drg
[14:01:17] - [6] MIRKO.POZEN: Fichier envoyé: D:\kerberos.htx\idose\172 Doses I-Doser\Downer2.drg (62,51 K/S -   128 017 bytes)
[14:01:17] - [6] MIRKO.POZEN: Début du Téléchargement de: D:\kerberos.htx\idose\172 Doses I-Doser\DXM.drg
[14:01:18] - [5] MIRKO.POZEN: Fichier envoyé: D:\kerberos.htx\idose\172 Doses I-Doser\Downer3.drg (62,51 K/S -   128 017 bytes)
[14:01:18] - [5] MIRKO.POZEN: Début du Téléchargement de: D:\kerberos.htx\idose\172 Doses I-Doser\Ecstasy.drg
[14:01:19] - [6] MIRKO.POZEN: Fichier envoyé: D:\kerberos.htx\idose\172 Doses I-Doser\DXM.drg (62,88 K/S -   128 785 bytes)
[14:01:19] - [6] MIRKO.POZEN: Début du Téléchargement de: D:\kerberos.htx\idose\172 Doses I-Doser\Ecstasy1.drg
[14:01:20] - [5] MIRKO.POZEN: Fichier envoyé: D:\kerberos.htx\idose\172 Doses I-Doser\Ecstasy.drg (62,67 K/S -   128 349 bytes)
[14:01:20] - [5] MIRKO.POZEN: Début du Téléchargement de: D:\kerberos.htx\idose\172 Doses I-Doser\Ecstasy2.drg
[14:01:22] - [6] MIRKO.POZEN: Fichier envoyé: D:\kerberos.htx\idose\172 Doses I-Doser\Ecstasy1.drg (62,67 K/S -   128 349 bytes)
[14:01:22] - [6] MIRKO.POZEN: Début du Téléchargement de: D:\kerberos.htx\idose\172 Doses I-Doser\Ecstasy3.drg
[14:01:22] - [5] MIRKO.POZEN: Fichier envoyé: D:\kerberos.htx\idose\172 Doses I-Doser\Ecstasy2.drg (62,67 K/S -   128 349 bytes)
[14:01:23] - [5] MIRKO.POZEN: Début du Téléchargement de: D:\kerberos.htx\idose\172 Doses I-Doser\Excite1.drg
[14:01:24] - [6] MIRKO.POZEN: Fichier envoyé: D:\kerberos.htx\idose\172 Doses I-Doser\Ecstasy3.drg (62,67 K/S -   128 349 bytes)
[14:01:24] - [6] MIRKO.POZEN: Début du Téléchargement de: D:\kerberos.htx\idose\172 Doses I-Doser\Excite2.drg
[14:01:25] - [5] MIRKO.POZEN: Fichier envoyé: D:\kerberos.htx\idose\172 Doses I-Doser\Excite1.drg (62,74 K/S -   128 493 bytes)
[14:01:25] - [5] MIRKO.POZEN: Début du Téléchargement de: D:\kerberos.htx\idose\172 Doses I-Doser\Excite3.drg
[14:01:26] - [6] MIRKO.POZEN: Fichier envoyé: D:\kerberos.htx\idose\172 Doses I-Doser\Excite2.drg (62,74 K/S -   128 493 bytes)
[14:01:27] - [6] MIRKO.POZEN: Début du Téléchargement de: D:\kerberos.htx\idose\172 Doses I-Doser\Extend.drg
[14:01:27] - [5] MIRKO.POZEN: Fichier envoyé: D:\kerberos.htx\idose\172 Doses I-Doser\Excite3.drg (41,83 K/S -   128 493 bytes)
[14:01:28] - [5] MIRKO.POZEN: Début du Téléchargement de: D:\kerberos.htx\idose\172 Doses I-Doser\Extend1.drg
[14:01:29] - [6] MIRKO.POZEN: Fichier envoyé: D:\kerberos.htx\idose\172 Doses I-Doser\Extend.drg (62,57 K/S -   128 139 bytes)
[14:01:29] - [6] MIRKO.POZEN: Début du Téléchargement de: D:\kerberos.htx\idose\172 Doses I-Doser\Extend2.drg
[14:01:30] - [5] MIRKO.POZEN: Fichier envoyé: D:\kerberos.htx\idose\172 Doses I-Doser\Extend1.drg (62,57 K/S -   128 139 bytes)
[14:01:30] - [5] MIRKO.POZEN: Début du Téléchargement de: D:\kerberos.htx\idose\172 Doses I-Doser\Extend3.drg
[14:01:31] - [6] MIRKO.POZEN: Fichier envoyé: D:\kerberos.htx\idose\172 Doses I-Doser\Extend2.drg (62,57 K/S -   128 139 bytes)
[14:01:32] - [6] MIRKO.POZEN: Début du Téléchargement de: D:\kerberos.htx\idose\172 Doses I-Doser\F Roast.drg
[14:01:32] - [5] MIRKO.POZEN: Fichier envoyé: D:\kerberos.htx\idose\172 Doses I-Doser\Extend3.drg (62,57 K/S -   128 139 bytes)
[14:01:32] - [5] MIRKO.POZEN: Début du Téléchargement de: D:\kerberos.htx\idose\172 Doses I-Doser\FirstLove.drg
[14:01:33] - [5] MIRKO.POZEN: Fichier envoyé: D:\kerberos.htx\idose\172 Doses I-Doser\FirstLove.drg (45,06 K/S -   46 143 bytes)
[14:01:33] - [6] MIRKO.POZEN: Fichier envoyé: D:\kerberos.htx\idose\172 Doses I-Doser\F Roast.drg (62,50 K/S -   127 997 bytes)
[14:01:34] - [5] MIRKO.POZEN: Début du Téléchargement de: D:\kerberos.htx\idose\172 Doses I-Doser\F_Roast1.drg
[14:01:34] - [6] MIRKO.POZEN: Début du Téléchargement de: D:\kerberos.htx\idose\172 Doses I-Doser\Gamma.drg
[14:01:36] - [5] MIRKO.POZEN: Fichier envoyé: D:\kerberos.htx\idose\172 Doses I-Doser\F_Roast1.drg (62,50 K/S -   127 997 bytes)
[14:01:36] - [6] MIRKO.POZEN: Fichier envoyé: D:\kerberos.htx\idose\172 Doses I-Doser\Gamma.drg (62,74 K/S -   128 489 bytes)
[14:01:36] - [5] MIRKO.POZEN: Début du Téléchargement de: D:\kerberos.htx\idose\172 Doses I-Doser\Gamma1.drg
[14:01:36] - [6] MIRKO.POZEN: Début du Téléchargement de: D:\kerberos.htx\idose\172 Doses I-Doser\Gamma2.drg
[14:01:38] - [5] MIRKO.POZEN: Fichier envoyé: D:\kerberos.htx\idose\172 Doses I-Doser\Gamma1.drg (62,74 K/S -   128 489 bytes)
[14:01:39] - [6] MIRKO.POZEN: Fichier envoyé: D:\kerberos.htx\idose\172 Doses I-Doser\Gamma2.drg (62,74 K/S -   128 489 bytes)
[14:01:39] - [5] MIRKO.POZEN: Début du Téléchargement de: D:\kerberos.htx\idose\172 Doses I-Doser\Gamma3.drg
[14:01:39] - [6] MIRKO.POZEN: Début du Téléchargement de: D:\kerberos.htx\idose\172 Doses I-Doser\Genesis.drg
[14:01:41] - [5] MIRKO.POZEN: Fichier envoyé: D:\kerberos.htx\idose\172 Doses I-Doser\Gamma3.drg (62,74 K/S -   128 489 bytes)
[14:01:41] - [6] MIRKO.POZEN: Fichier envoyé: D:\kerberos.htx\idose\172 Doses I-Doser\Genesis.drg (62,75 K/S -   128 521 bytes)
[14:01:41] - [5] MIRKO.POZEN: Début du Téléchargement de: D:\kerberos.htx\idose\172 Doses I-Doser\Genesis1.drg
[14:01:41] - [6] MIRKO.POZEN: Début du Téléchargement de: D:\kerberos.htx\idose\172 Doses I-Doser\Genesis2.drg
[14:01:43] - [5] MIRKO.POZEN: Fichier envoyé: D:\kerberos.htx\idose\172 Doses I-Doser\Genesis1.drg (62,75 K/S -   128 521 bytes)
[14:01:43] - [6] MIRKO.POZEN: Fichier envoyé: D:\kerberos.htx\idose\172 Doses I-Doser\Genesis2.drg (62,75 K/S -   128 521 bytes)
[14:01:44] - [5] MIRKO.POZEN: Début du Téléchargement de: D:\kerberos.htx\idose\172 Doses I-Doser\Genesis3.drg
[14:01:44] - [6] MIRKO.POZEN: Début du Téléchargement de: D:\kerberos.htx\idose\172 Doses I-Doser\HandOfGod.drg
[14:01:46] - [5] MIRKO.POZEN: Fichier envoyé: D:\kerberos.htx\idose\172 Doses I-Doser\Genesis3.drg (62,75 K/S -   128 521 bytes)
[14:01:46] - [5] MIRKO.POZEN: Début du Téléchargement de: D:\kerberos.htx\idose\172 Doses I-Doser\Hangover_Cure1.drg
[14:01:46] - [6] MIRKO.POZEN: Fichier envoyé: D:\kerberos.htx\idose\172 Doses I-Doser\HandOfGod.drg (62,76 K/S -   128 525 bytes)
[14:01:46] - [6] MIRKO.POZEN: Début du Téléchargement de: D:\kerberos.htx\idose\172 Doses I-Doser\Hangover_Cure2.drg
[14:01:48] - [5] MIRKO.POZEN: Fichier envoyé: D:\kerberos.htx\idose\172 Doses I-Doser\Hangover_Cure1.drg (62,50 K/S -   128 003 bytes)
[14:01:48] - [5] MIRKO.POZEN: Début du Téléchargement de: D:\kerberos.htx\idose\172 Doses I-Doser\Hangover_Cure3.drg
[14:01:48] - [6] MIRKO.POZEN: Fichier envoyé: D:\kerberos.htx\idose\172 Doses I-Doser\Hangover_Cure2.drg (41,67 K/S -   128 003 bytes)
[14:01:49] - [6] MIRKO.POZEN: Début du Téléchargement de: D:\kerberos.htx\idose\172 Doses I-Doser\Hash.drg
[14:01:50] - [5] MIRKO.POZEN: Fichier envoyé: D:\kerberos.htx\idose\172 Doses I-Doser\Hangover_Cure3.drg (62,50 K/S -   128 003 bytes)
[14:01:51] - [5] MIRKO.POZEN: Début du Téléchargement de: D:\kerberos.htx\idose\172 Doses I-Doser\Heroin1.drg
[14:01:51] - [6] MIRKO.POZEN: Fichier envoyé: D:\kerberos.htx\idose\172 Doses I-Doser\Hash.drg (62,84 K/S -   128 699 bytes)
[14:01:51] - [6] MIRKO.POZEN: Début du Téléchargement de: D:\kerberos.htx\idose\172 Doses I-Doser\How To Duplicate Doses.txt
[14:01:51] - [6] MIRKO.POZEN: Fichier envoyé: D:\kerberos.htx\idose\172 Doses I-Doser\How To Duplicate Doses.txt (0,55 K/S -    562 bytes)
[14:01:51] - [5] MIRKO.POZEN: Fichier envoyé: D:\kerberos.htx\idose\172 Doses I-Doser\Heroin1.drg (44,99 K/S -   46 073 bytes)
[14:01:51] - [5] MIRKO.POZEN: Début du Téléchargement de: D:\kerberos.htx\idose\172 Doses I-Doser\Insomniac.drg
[14:01:51] - [6] MIRKO.POZEN: Début du Téléchargement de: D:\kerberos.htx\idose\172 Doses I-Doser\Inspire.drg
[14:01:54] - [5] MIRKO.POZEN: Fichier envoyé: D:\kerberos.htx\idose\172 Doses I-Doser\Insomniac.drg (62,50 K/S -   127 991 bytes)
[14:01:54] - [6] MIRKO.POZEN: Fichier envoyé: D:\kerberos.htx\idose\172 Doses I-Doser\Inspire.drg (62,64 K/S -   128 277 bytes)
[14:01:54] - [6] MIRKO.POZEN: Début du Téléchargement de: D:\kerberos.htx\idose\172 Doses I-Doser\Inspire1.drg
[14:01:54] - [5] MIRKO.POZEN: Début du Téléchargement de: D:\kerberos.htx\idose\172 Doses I-Doser\JuiceIT!1.drg
[14:01:56] - [6] MIRKO.POZEN: Fichier envoyé: D:\kerberos.htx\idose\172 Doses I-Doser\Inspire1.drg (62,64 K/S -   128 277 bytes)
[14:01:56] - [5] MIRKO.POZEN: Fichier envoyé: D:\kerberos.htx\idose\172 Doses I-Doser\JuiceIT!1.drg (41,80 K/S -   128 395 bytes)
[14:01:57] - [6] MIRKO.POZEN: Début du Téléchargement de: D:\kerberos.htx\idose\172 Doses I-Doser\JuiceIT!2.drg
[14:01:57] - [5] MIRKO.POZEN: Début du Téléchargement de: D:\kerberos.htx\idose\172 Doses I-Doser\JuiceIT!3.drg
[14:01:59] - [6] MIRKO.POZEN: Fichier envoyé: D:\kerberos.htx\idose\172 Doses I-Doser\JuiceIT!2.drg (62,69 K/S -   128 395 bytes)
[14:01:59] - [5] MIRKO.POZEN: Fichier envoyé: D:\kerberos.htx\idose\172 Doses I-Doser\JuiceIT!3.drg (62,69 K/S -   128 395 bytes)
[14:01:59] - [6] MIRKO.POZEN: Début du Téléchargement de: D:\kerberos.htx\idose\172 Doses I-Doser\LSD.drg
[14:01:59] - [5] MIRKO.POZEN: Début du Téléchargement de: D:\kerberos.htx\idose\172 Doses I-Doser\LucidDream.drg
[14:02:01] - [6] MIRKO.POZEN: Fichier envoyé: D:\kerberos.htx\idose\172 Doses I-Doser\LSD.drg (41,79 K/S -   128 375 bytes)
[14:02:01] - [5] MIRKO.POZEN: Fichier envoyé: D:\kerberos.htx\idose\172 Doses I-Doser\LucidDream.drg (41,82 K/S -   128 481 bytes)
[14:02:02] - [6] MIRKO.POZEN: Début du Téléchargement de: D:\kerberos.htx\idose\172 Doses I-Doser\LucidDream1.drg
[14:02:02] - [5] MIRKO.POZEN: Début du Téléchargement de: D:\kerberos.htx\idose\172 Doses I-Doser\LucidDream2.drg
[14:02:04] - [6] MIRKO.POZEN: Fichier envoyé: D:\kerberos.htx\idose\172 Doses I-Doser\LucidDream1.drg (62,73 K/S -   128 481 bytes)
[14:02:04] - [5] MIRKO.POZEN: Fichier envoyé: D:\kerberos.htx\idose\172 Doses I-Doser\LucidDream2.drg (62,73 K/S -   128 481 bytes)
[14:02:04] - [6] MIRKO.POZEN: Début du Téléchargement de: D:\kerberos.htx\idose\172 Doses I-Doser\LucidDream3.drg
[14:02:04] - [5] MIRKO.POZEN: Début du Téléchargement de: D:\kerberos.htx\idose\172 Doses I-Doser\Marijuana.drg
[14:02:05] - [5] MIRKO.POZEN: Fichier envoyé: D:\kerberos.htx\idose\172 Doses I-Doser\Marijuana.drg (45,52 K/S -   46 615 bytes)
[14:02:05] - [5] MIRKO.POZEN: Début du Téléchargement de: D:\kerberos.htx\idose\172 Doses I-Doser\Marijuana1.drg
[14:02:06] - [6] MIRKO.POZEN: Fichier envoyé: D:\kerberos.htx\idose\172 Doses I-Doser\LucidDream3.drg (62,73 K/S -   128 481 bytes)
[14:02:06] - [5] MIRKO.POZEN: Fichier envoyé: D:\kerberos.htx\idose\172 Doses I-Doser\Marijuana1.drg (45,52 K/S -   46 615 bytes)
[14:02:06] - [6] MIRKO.POZEN: Début du Téléchargement de: D:\kerberos.htx\idose\172 Doses I-Doser\Marijuana2.drg
[14:02:06] - [5] MIRKO.POZEN: Début du Téléchargement de: D:\kerberos.htx\idose\172 Doses I-Doser\Marijuana3.drg
[14:02:07] - [6] MIRKO.POZEN: Fichier envoyé: D:\kerberos.htx\idose\172 Doses I-Doser\Marijuana2.drg (45,52 K/S -   46 615 bytes)
[14:02:07] - [5] MIRKO.POZEN: Fichier envoyé: D:\kerberos.htx\idose\172 Doses I-Doser\Marijuana3.drg (45,52 K/S -   46 615 bytes)
[14:02:07] - [6] MIRKO.POZEN: Début du Téléchargement de: D:\kerberos.htx\idose\172 Doses I-Doser\Masochist.drg
[14:02:07] - [5] MIRKO.POZEN: Début du Téléchargement de: D:\kerberos.htx\idose\172 Doses I-Doser\Masochist1.drg
[14:02:09] - [6] MIRKO.POZEN: Fichier envoyé: D:\kerberos.htx\idose\172 Doses I-Doser\Masochist.drg (55,64 K/S -   113 945 bytes)
[14:02:09] - [5] MIRKO.POZEN: Fichier envoyé: D:\kerberos.htx\idose\172 Doses I-Doser\Masochist1.drg (55,64 K/S -   113 945 bytes)
[14:02:10] - [6] MIRKO.POZEN: Début du Téléchargement de: D:\kerberos.htx\idose\172 Doses I-Doser\Masochist2.drg
[14:02:10] - [5] MIRKO.POZEN: Début du Téléchargement de: D:\kerberos.htx\idose\172 Doses I-Doser\Morphine.drg
[14:02:12] - [6] MIRKO.POZEN: Fichier envoyé: D:\kerberos.htx\idose\172 Doses I-Doser\Masochist2.drg (55,64 K/S -   113 944 bytes)
[14:02:12] - [5] MIRKO.POZEN: Fichier envoyé: D:\kerberos.htx\idose\172 Doses I-Doser\Morphine.drg (62,72 K/S -   128 449 bytes)
[14:02:12] - [6] MIRKO.POZEN: Début du Téléchargement de: D:\kerberos.htx\idose\172 Doses I-Doser\Morphine1.drg
[14:02:12] - [5] MIRKO.POZEN: Début du Téléchargement de: D:\kerberos.htx\idose\172 Doses I-Doser\Nitrous.drg
[14:02:14] - [6] MIRKO.POZEN: Fichier envoyé: D:\kerberos.htx\idose\172 Doses I-Doser\Morphine1.drg (62,72 K/S -   128 449 bytes)
[14:02:14] - [6] MIRKO.POZEN: Début du Téléchargement de: D:\kerberos.htx\idose\172 Doses I-Doser\Nitrous1.drg
[14:02:14] - [5] MIRKO.POZEN: Fichier envoyé: D:\kerberos.htx\idose\172 Doses I-Doser\Nitrous.drg (41,83 K/S -   128 493 bytes)
[14:02:15] - [5] MIRKO.POZEN: Début du Téléchargement de: D:\kerberos.htx\idose\172 Doses I-Doser\Nitrous2.drg
[14:02:16] - [6] MIRKO.POZEN: Fichier envoyé: D:\kerberos.htx\idose\172 Doses I-Doser\Nitrous1.drg (62,74 K/S -   128 493 bytes)
[14:02:17] - [6] MIRKO.POZEN: Début du Téléchargement de: D:\kerberos.htx\idose\172 Doses I-Doser\Nitrous3.drg
[14:02:17] - [5] MIRKO.POZEN: Fichier envoyé: D:\kerberos.htx\idose\172 Doses I-Doser\Nitrous2.drg (62,74 K/S -   128 493 bytes)
[14:02:17] - [5] MIRKO.POZEN: Début du Téléchargement de: D:\kerberos.htx\idose\172 Doses I-Doser\Nitrous4.drg
[14:02:19] - [6] MIRKO.POZEN: Fichier envoyé: D:\kerberos.htx\idose\172 Doses I-Doser\Nitrous3.drg (62,74 K/S -   128 493 bytes)
[14:02:19] - [6] MIRKO.POZEN: Début du Téléchargement de: D:\kerberos.htx\idose\172 Doses I-Doser\Nitrous5.drg
[14:02:19] - [5] MIRKO.POZEN: Fichier envoyé: D:\kerberos.htx\idose\172 Doses I-Doser\Nitrous4.drg (62,74 K/S -   128 493 bytes)
[14:02:19] - [5] MIRKO.POZEN: Début du Téléchargement de: D:\kerberos.htx\idose\172 Doses I-Doser\Nitrous6.drg
[14:02:21] - [6] MIRKO.POZEN: Fichier envoyé: D:\kerberos.htx\idose\172 Doses I-Doser\Nitrous5.drg (62,74 K/S -   128 493 bytes)
[14:02:22] - [6] MIRKO.POZEN: Début du Téléchargement de: D:\kerberos.htx\idose\172 Doses I-Doser\Opium.drg
[14:02:22] - [5] MIRKO.POZEN: Fichier envoyé: D:\kerberos.htx\idose\172 Doses I-Doser\Nitrous6.drg (62,74 K/S -   128 493 bytes)
[14:02:22] - [5] MIRKO.POZEN: Début du Téléchargement de: D:\kerberos.htx\idose\172 Doses I-Doser\Opium1.drg
[14:02:24] - [6] MIRKO.POZEN: Fichier envoyé: D:\kerberos.htx\idose\172 Doses I-Doser\Opium.drg (62,61 K/S -   128 227 bytes)
[14:02:24] - [6] MIRKO.POZEN: Début du Téléchargement de: D:\kerberos.htx\idose\172 Doses I-Doser\Orgasm.drg
[14:02:24] - [5] MIRKO.POZEN: Fichier envoyé: D:\kerberos.htx\idose\172 Doses I-Doser\Opium1.drg (62,61 K/S -   128 227 bytes)
[14:02:24] - [5] MIRKO.POZEN: Début du Téléchargement de: D:\kerberos.htx\idose\172 Doses I-Doser\OutofBody.drg
[14:02:26] - [6] MIRKO.POZEN: Fichier envoyé: D:\kerberos.htx\idose\172 Doses I-Doser\Orgasm.drg (62,80 K/S -   128 615 bytes)
[14:02:26] - [6] MIRKO.POZEN: Début du Téléchargement de: D:\kerberos.htx\idose\172 Doses I-Doser\OutofBody1.drg
[14:02:26] - [5] MIRKO.POZEN: Fichier envoyé: D:\kerberos.htx\idose\172 Doses I-Doser\OutofBody.drg (62,89 K/S -   128 797 bytes)
[14:02:27] - [5] MIRKO.POZEN: Début du Téléchargement de: D:\kerberos.htx\idose\172 Doses I-Doser\OutofBody2.drg
[14:02:28] - [6] MIRKO.POZEN: Fichier envoyé: D:\kerberos.htx\idose\172 Doses I-Doser\OutofBody1.drg (62,89 K/S -   128 797 bytes)
[14:02:29] - [6] MIRKO.POZEN: Début du Téléchargement de: D:\kerberos.htx\idose\172 Doses I-Doser\OutofBody3.drg
[14:02:29] - [5] MIRKO.POZEN: Fichier envoyé: D:\kerberos.htx\idose\172 Doses I-Doser\OutofBody2.drg (62,89 K/S -   128 797 bytes)
[14:02:29] - [5] MIRKO.POZEN: Début du Téléchargement de: D:\kerberos.htx\idose\172 Doses I-Doser\Oxy.drg
[14:02:31] - [6] MIRKO.POZEN: Fichier envoyé: D:\kerberos.htx\idose\172 Doses I-Doser\OutofBody3.drg (62,89 K/S -   128 797 bytes)
[14:02:31] - [6] MIRKO.POZEN: Début du Téléchargement de: D:\kerberos.htx\idose\172 Doses I-Doser\Peyote.drg
[14:02:31] - [5] MIRKO.POZEN: Fichier envoyé: D:\kerberos.htx\idose\172 Doses I-Doser\Oxy.drg (41,73 K/S -   128 203 bytes)
[14:02:32] - [5] MIRKO.POZEN: Début du Téléchargement de: D:\kerberos.htx\idose\172 Doses I-Doser\Peyote1.drg
[14:02:33] - [6] MIRKO.POZEN: Fichier envoyé: D:\kerberos.htx\idose\172 Doses I-Doser\Peyote.drg (41,91 K/S -   128 735 bytes)
[14:02:34] - [6] MIRKO.POZEN: Début du Téléchargement de: D:\kerberos.htx\idose\172 Doses I-Doser\Peyote2.drg
[14:02:34] - [5] MIRKO.POZEN: Fichier envoyé: D:\kerberos.htx\idose\172 Doses I-Doser\Peyote1.drg (62,86 K/S -   128 735 bytes)
[14:02:34] - [5] MIRKO.POZEN: Début du Téléchargement de: D:\kerberos.htx\idose\172 Doses I-Doser\Peyote3.drg
[14:02:36] - [6] MIRKO.POZEN: Fichier envoyé: D:\kerberos.htx\idose\172 Doses I-Doser\Peyote2.drg (62,86 K/S -   128 735 bytes)
[14:02:36] - [6] MIRKO.POZEN: Début du Téléchargement de: D:\kerberos.htx\idose\172 Doses I-Doser\Prozium.drg
[14:02:36] - [5] MIRKO.POZEN: Fichier envoyé: D:\kerberos.htx\idose\172 Doses I-Doser\Peyote3.drg (62,86 K/S -   128 735 bytes)
[14:02:37] - [5] MIRKO.POZEN: Début du Téléchargement de: D:\kerberos.htx\idose\172 Doses I-Doser\Prozium1.drg
[14:02:38] - [6] MIRKO.POZEN: Fichier envoyé: D:\kerberos.htx\idose\172 Doses I-Doser\Prozium.drg (62,72 K/S -   128 447 bytes)
[14:02:38] - [6] MIRKO.POZEN: Début du Téléchargement de: D:\kerberos.htx\idose\172 Doses I-Doser\Prozium2.drg
[14:02:39] - [5] MIRKO.POZEN: Fichier envoyé: D:\kerberos.htx\idose\172 Doses I-Doser\Prozium1.drg (62,72 K/S -   128 447 bytes)
[14:02:39] - [5] MIRKO.POZEN: Début du Téléchargement de: D:\kerberos.htx\idose\172 Doses I-Doser\Prozium3.drg
[14:02:41] - [6] MIRKO.POZEN: Fichier envoyé: D:\kerberos.htx\idose\172 Doses I-Doser\Prozium2.drg (62,72 K/S -   128 447 bytes)
[14:02:41] - [6] MIRKO.POZEN: Début du Téléchargement de: D:\kerberos.htx\idose\172 Doses I-Doser\QuickHappy.drg
[14:02:41] - [5] MIRKO.POZEN: Fichier envoyé: D:\kerberos.htx\idose\172 Doses I-Doser\Prozium3.drg (62,72 K/S -   128 447 bytes)
[14:02:41] - [5] MIRKO.POZEN: Début du Téléchargement de: D:\kerberos.htx\idose\172 Doses I-Doser\QuickHappy1.drg
[14:02:43] - [6] MIRKO.POZEN: Fichier envoyé: D:\kerberos.htx\idose\172 Doses I-Doser\QuickHappy.drg (62,52 K/S -   128 045 bytes)
[14:02:43] - [6] MIRKO.POZEN: Début du Téléchargement de: D:\kerberos.htx\idose\172 Doses I-Doser\RAVE.drg
[14:02:43] - [5] MIRKO.POZEN: Fichier envoyé: D:\kerberos.htx\idose\172 Doses I-Doser\QuickHappy1.drg (62,52 K/S -   128 045 bytes)
[14:02:44] - [5] MIRKO.POZEN: Début du Téléchargement de: D:\kerberos.htx\idose\172 Doses I-Doser\RAVE1.drg
[14:02:45] - [6] MIRKO.POZEN: Fichier envoyé: D:\kerberos.htx\idose\172 Doses I-Doser\RAVE.drg (41,78 K/S -   128 343 bytes)
[14:02:46] - [6] MIRKO.POZEN: Début du Téléchargement de: D:\kerberos.htx\idose\172 Doses I-Doser\RAVE2.drg
[14:02:46] - [5] MIRKO.POZEN: Fichier envoyé: D:\kerberos.htx\idose\172 Doses I-Doser\RAVE1.drg (62,67 K/S -   128 343 bytes)
[14:02:46] - [5] MIRKO.POZEN: Début du Téléchargement de: D:\kerberos.htx\idose\172 Doses I-Doser\RAVE3.drg
[14:02:48] - [6] MIRKO.POZEN: Fichier envoyé: D:\kerberos.htx\idose\172 Doses I-Doser\RAVE2.drg (62,67 K/S -   128 343 bytes)
[14:02:48] - [6] MIRKO.POZEN: Début du Téléchargement de: D:\kerberos.htx\idose\172 Doses I-Doser\Read me first.txt
[14:02:48] - [6] MIRKO.POZEN: Fichier envoyé: D:\kerberos.htx\idose\172 Doses I-Doser\Read me first.txt (0,20 K/S -    206 bytes)
[14:02:48] - [5] MIRKO.POZEN: Fichier envoyé: D:\kerberos.htx\idose\172 Doses I-Doser\RAVE3.drg (62,67 K/S -   128 343 bytes)
[14:02:48] - [5] MIRKO.POZEN: Début du Téléchargement de: D:\kerberos.htx\idose\172 Doses I-Doser\Reset1.drg
[14:02:49] - [6] MIRKO.POZEN: Début du Téléchargement de: D:\kerberos.htx\idose\172 Doses I-Doser\Reset3.drg
[14:02:51] - [5] MIRKO.POZEN: Fichier envoyé: D:\kerberos.htx\idose\172 Doses I-Doser\Reset1.drg (67,33 K/S -   137 885 bytes)
[14:02:51] - [6] MIRKO.POZEN: Fichier envoyé: D:\kerberos.htx\idose\172 Doses I-Doser\Reset3.drg (67,33 K/S -   137 885 bytes)
[14:02:51] - [5] MIRKO.POZEN: Début du Téléchargement de: D:\kerberos.htx\idose\172 Doses I-Doser\S Angel.drg
[14:02:51] - [6] MIRKO.POZEN: Début du Téléchargement de: D:\kerberos.htx\idose\172 Doses I-Doser\Speed.drg
[14:02:53] - [5] MIRKO.POZEN: Fichier envoyé: D:\kerberos.htx\idose\172 Doses I-Doser\S Angel.drg (62,68 K/S -   128 373 bytes)
[14:02:53] - [6] MIRKO.POZEN: Fichier envoyé: D:\kerberos.htx\idose\172 Doses I-Doser\Speed.drg (62,69 K/S -   128 395 bytes)
[14:02:54] - [5] MIRKO.POZEN: Début du Téléchargement de: D:\kerberos.htx\idose\172 Doses I-Doser\Speed4.drg
[14:02:54] - [6] MIRKO.POZEN: Début du Téléchargement de: D:\kerberos.htx\idose\172 Doses I-Doser\Speed5.drg
[14:02:56] - [5] MIRKO.POZEN: Fichier envoyé: D:\kerberos.htx\idose\172 Doses I-Doser\Speed4.drg (62,69 K/S -   128 395 bytes)
[14:02:56] - [6] MIRKO.POZEN: Fichier envoyé: D:\kerberos.htx\idose\172 Doses I-Doser\Speed5.drg (62,69 K/S -   128 395 bytes)
[14:02:56] - [5] MIRKO.POZEN: Début du Téléchargement de: D:\kerberos.htx\idose\172 Doses I-Doser\Speed6.drg
[14:02:56] - [6] MIRKO.POZEN: Début du Téléchargement de: D:\kerberos.htx\idose\172 Doses I-Doser\S_Angel1.drg
[14:02:58] - [5] MIRKO.POZEN: Fichier envoyé: D:\kerberos.htx\idose\172 Doses I-Doser\Speed6.drg (62,69 K/S -   128 395 bytes)
[14:02:58] - [6] MIRKO.POZEN: Fichier envoyé: D:\kerberos.htx\idose\172 Doses I-Doser\S_Angel1.drg (41,79 K/S -   128 373 bytes)
[14:02:58] - [5] MIRKO.POZEN: Début du Téléchargement de: D:\kerberos.htx\idose\172 Doses I-Doser\S_eAngel1.drg
[14:02:59] - [6] MIRKO.POZEN: Début du Téléchargement de: D:\kerberos.htx\idose\172 Doses I-Doser\Theta.drg
[14:03:00] - [5] MIRKO.POZEN: Fichier envoyé: D:\kerberos.htx\idose\172 Doses I-Doser\S_eAngel1.drg (62,68 K/S -   128 373 bytes)
[14:03:01] - [5] MIRKO.POZEN: Début du Téléchargement de: D:\kerberos.htx\idose\172 Doses I-Doser\Theta1.drg
[14:03:01] - [6] MIRKO.POZEN: Fichier envoyé: D:\kerberos.htx\idose\172 Doses I-Doser\Theta.drg (62,64 K/S -   128 279 bytes)
[14:03:01] - [6] MIRKO.POZEN: Début du Téléchargement de: D:\kerberos.htx\idose\172 Doses I-Doser\Theta2.drg
[14:03:03] - [5] MIRKO.POZEN: Fichier envoyé: D:\kerberos.htx\idose\172 Doses I-Doser\Theta1.drg (62,64 K/S -   128 279 bytes)
[14:03:03] - [5] MIRKO.POZEN: Début du Téléchargement de: D:\kerberos.htx\idose\172 Doses I-Doser\Theta3.drg
[14:03:03] - [6] MIRKO.POZEN: Fichier envoyé: D:\kerberos.htx\idose\172 Doses I-Doser\Theta2.drg (41,76 K/S -   128 279 bytes)
[14:03:04] - [6] MIRKO.POZEN: Début du Téléchargement de: D:\kerberos.htx\idose\172 Doses I-Doser\Tranquil.drg
[14:03:05] - [5] MIRKO.POZEN: Fichier envoyé: D:\kerberos.htx\idose\172 Doses I-Doser\Theta3.drg (62,64 K/S -   128 279 bytes)
[14:03:06] - [6] MIRKO.POZEN: Fichier envoyé: D:\kerberos.htx\idose\172 Doses I-Doser\Tranquil.drg (62,84 K/S -   128 703 bytes)
[14:03:06] - [5] MIRKO.POZEN: Début du Téléchargement de: D:\kerberos.htx\idose\172 Doses I-Doser\Tranquil1.drg
[14:03:06] - [6] MIRKO.POZEN: Début du Téléchargement de: D:\kerberos.htx\idose\172 Doses I-Doser\Tranquil2.drg
[14:03:08] - [5] MIRKO.POZEN: Fichier envoyé: D:\kerberos.htx\idose\172 Doses I-Doser\Tranquil1.drg (62,84 K/S -   128 703 bytes)
[14:03:08] - [5] MIRKO.POZEN: Début du Téléchargement de: D:\kerberos.htx\idose\172 Doses I-Doser\Trip.drg
[14:03:08] - [6] MIRKO.POZEN: Fichier envoyé: D:\kerberos.htx\idose\172 Doses I-Doser\Tranquil2.drg (62,84 K/S -   128 703 bytes)
[14:03:08] - [6] MIRKO.POZEN: Début du Téléchargement de: D:\kerberos.htx\idose\172 Doses I-Doser\Trip1.drg
[14:03:10] - [5] MIRKO.POZEN: Fichier envoyé: D:\kerberos.htx\idose\172 Doses I-Doser\Trip.drg (63,21 K/S -   129 449 bytes)
[14:03:11] - [5] MIRKO.POZEN: Début du Téléchargement de: D:\kerberos.htx\idose\172 Doses I-Doser\Trip2.drg
[14:03:11] - [6] MIRKO.POZEN: Fichier envoyé: D:\kerberos.htx\idose\172 Doses I-Doser\Trip1.drg (63,21 K/S -   129 449 bytes)
[14:03:11] - [6] MIRKO.POZEN: Début du Téléchargement de: D:\kerberos.htx\idose\172 Doses I-Doser\Trip3.drg
[14:03:13] - [5] MIRKO.POZEN: Fichier envoyé: D:\kerberos.htx\idose\172 Doses I-Doser\Trip2.drg (63,21 K/S -   129 449 bytes)
[14:03:13] - [5] MIRKO.POZEN: Début du Téléchargement de: D:\kerberos.htx\idose\172 Doses I-Doser\Vico.drg
[14:03:13] - [6] MIRKO.POZEN: Fichier envoyé: D:\kerberos.htx\idose\172 Doses I-Doser\Trip3.drg (63,21 K/S -   129 449 bytes)
[14:03:13] - [6] MIRKO.POZEN: Début du Téléchargement de: D:\kerberos.htx\idose\172 Doses I-Doser\White Crosses.drg
[14:03:15] - [5] MIRKO.POZEN: Fichier envoyé: D:\kerberos.htx\idose\172 Doses I-Doser\Vico.drg (63,97 K/S -   131 011 bytes)
[14:03:15] - [6] MIRKO.POZEN: Fichier envoyé: D:\kerberos.htx\idose\172 Doses I-Doser\White Crosses.drg (62,84 K/S -   128 695 bytes)
[14:03:16] - [5] MIRKO.POZEN: Début du Téléchargement de: D:\kerberos.htx\idose\172 Doses I-Doser\White_Crosses1.drg
[14:03:16] - [6] MIRKO.POZEN: Début du Téléchargement de: D:\kerberos.htx\idose\172 Doses I-Doser\White_Crosses2.drg
[14:03:18] - [5] MIRKO.POZEN: Fichier envoyé: D:\kerberos.htx\idose\172 Doses I-Doser\White_Crosses1.drg (62,84 K/S -   128 695 bytes)
[14:03:18] - [5] MIRKO.POZEN: Début du Téléchargement de: D:\kerberos.htx\idose\172 Doses I-Doser\White_Crosses3.drg
[14:03:18] - [6] MIRKO.POZEN: Fichier envoyé: D:\kerberos.htx\idose\172 Doses I-Doser\White_Crosses2.drg (62,84 K/S -   128 695 bytes)
[14:03:18] - [6] MIRKO.POZEN: Début du Téléchargement de: D:\kerberos.htx\idose\172 Doses I-Doser\YaBa.drg
[14:03:20] - [5] MIRKO.POZEN: Fichier envoyé: D:\kerberos.htx\idose\172 Doses I-Doser\White_Crosses3.drg (62,84 K/S -   128 695 bytes)
[14:03:20] - [5] MIRKO.POZEN: Début du Téléchargement de: D:\kerberos.htx\idose\172 Doses I-Doser\YaBa1.drg
[14:03:20] - [6] MIRKO.POZEN: Fichier envoyé: D:\kerberos.htx\idose\172 Doses I-Doser\YaBa.drg (41,75 K/S -   128 267 bytes)
[14:03:21] - [6] MIRKO.POZEN: Début du Téléchargement de: D:\kerberos.htx\idose\172 Doses I-Doser\YaBa2.drg
[14:03:22] - [5] MIRKO.POZEN: Fichier envoyé: D:\kerberos.htx\idose\172 Doses I-Doser\YaBa1.drg (62,63 K/S -   128 267 bytes)
[14:03:23] - [5] MIRKO.POZEN: Début du Téléchargement de: D:\kerberos.htx\idose\172 Doses I-Doser\YaBa3.drg
[14:03:23] - [6] MIRKO.POZEN: Fichier envoyé: D:\kerberos.htx\idose\172 Doses I-Doser\YaBa2.drg (62,63 K/S -   128 267 bytes)
[14:03:23] - [6] MIRKO.POZEN: Début du Téléchargement de: D:\kerberos.htx\idose\172 Doses I-Doser\You-Choose Manual.txt
[14:03:23] - [6] MIRKO.POZEN: Fichier envoyé: D:\kerberos.htx\idose\172 Doses I-Doser\You-Choose Manual.txt (4,83 K/S -   4 945 bytes)
[14:03:24] - [6] MIRKO.POZEN: Début du Téléchargement de: D:\kerberos.htx\idose\172 Doses I-Doser\You-Choose.drg
[14:03:24] - [5] MIRKO.POZEN: Fichier envoyé: D:\kerberos.htx\idose\172 Doses I-Doser\YaBa3.drg (62,63 K/S -   128 267 bytes)
[14:03:25] - [6] MIRKO.POZEN: Fichier envoyé: D:\kerberos.htx\idose\172 Doses I-Doser\You-Choose.drg (125,35 K/S -   128 355 bytes)
[14:03:55] - [6] Client 86.235.162.42 Déconnecté (00:05:04 Min)
[14:03:55] - [5] Client 86.235.162.42 Déconnecté (00:05:04 Min)
[14:03:55] - [4] Client 86.235.162.42 Déconnecté (00:05:27 Min)
[14:04:07] - [7] Connecté à 86.235.162.42. Collecte du Nom d'utilisateur.
[14:04:07] - [7] Usager MIRKO.POZEN Connecté IP: 86.235.162.42
[14:04:07] - [7] MIRKO.POZEN: Répertoire en Cours: D:\kerberos.htx\
[14:04:07] - [7] MIRKO.POZEN: Répertoire en Cours: D:\kerberos.htx\
[14:04:12] - [7] MIRKO.POZEN: Répertoire en Cours: D:\kerberos.htx\idose\
[14:04:21] - [7] MIRKO.POZEN: Répertoire en Cours: D:\kerberos.htx\idose\
[14:04:21] - [8] Connecté à 86.235.162.42. Collecte du Nom d'utilisateur.
[14:04:21] - [9] Connecté à 86.235.162.42. Collecte du Nom d'utilisateur.
[14:04:21] - [7] MIRKO.POZEN: Nouveau Répertoire: D:\kerberos.htx\idose\last idose setup
[14:04:22] - [8] Usager MIRKO.POZEN Connecté IP: 86.235.162.42
[14:04:22] - [8] MIRKO.POZEN: Répertoire en Cours: D:\kerberos.htx\
[14:04:22] - [9] Usager MIRKO.POZEN Connecté IP: 86.235.162.42
[14:04:22] - [9] MIRKO.POZEN: Répertoire en Cours: D:\kerberos.htx\
[14:04:22] - [7] MIRKO.POZEN: Répertoire en Cours: D:\kerberos.htx\idose\
[14:04:22] - [7] MIRKO.POZEN: Nouveau Répertoire: D:\kerberos.htx\idose\last idose setup
[14:04:22] - [8] MIRKO.POZEN: Répertoire en Cours: D:\kerberos.htx\idose\last idose setup\
[14:04:22] - [9] MIRKO.POZEN: Répertoire en Cours: D:\kerberos.htx\idose\last idose setup\
[14:04:22] - [8] MIRKO.POZEN: Début d'Upload de D:\kerberos.htx\idose\last idose setup\IDoserFreeInstall.zip
[14:04:22] - [9] MIRKO.POZEN: Début d'Upload de D:\kerberos.htx\idose\last idose setup\IDoserFreeSetup.exe
[14:04:25] - [9] MIRKO.POZEN: Fichier Upload: D:\kerberos.htx\idose\last idose setup\IDoserFreeSetup.exe (525,77 K/S -  2 153 564 bytes)
[14:04:25] - [8] MIRKO.POZEN: Fichier Upload: D:\kerberos.htx\idose\last idose setup\IDoserFreeInstall.zip (522,98 K/S -  2 142 127 bytes)
[14:04:25] - [9] MIRKO.POZEN: Début d'Upload de D:\kerberos.htx\idose\last idose setup\IDoser_ReadMe.html
[14:04:26] - [9] MIRKO.POZEN: Fichier Upload: D:\kerberos.htx\idose\last idose setup\IDoser_ReadMe.html (69,92 K/S -   71 598 bytes)
[14:04:42] - [7] MIRKO.POZEN: Répertoire en Cours: D:\kerberos.htx\idose\last idose setup\
[14:04:45] - [10] Connecté à 86.235.162.42. Collecte du Nom d'utilisateur.
[14:04:45] - [10] Usager MIRKO.POZEN Connecté IP: 86.235.162.42
[14:04:46] - [10] MIRKO.POZEN: Répertoire en Cours: D:\kerberos.htx\
[14:04:46] - [10] MIRKO.POZEN: Répertoire en Cours: D:\kerberos.htx\
[14:04:57] - [9] Client 86.235.162.42 Déconnecté (00:00:35 Min)
[14:04:57] - [8] Client 86.235.162.42 Déconnecté (00:00:35 Min)
[14:05:03] - [10] MIRKO.POZEN: Répertoire en Cours: D:\kerberos.htx\idose\
[14:05:09] - [11] Connecté à 86.235.162.42. Collecte du Nom d'utilisateur.
[14:05:09] - [11] Usager MIRKO.POZEN Connecté IP: 86.235.162.42
[14:05:09] - [11] MIRKO.POZEN: Répertoire en Cours: D:\kerberos.htx\
[14:05:09] - [11] MIRKO.POZEN: Répertoire en Cours: D:\kerberos.htx\idose\
[14:05:17] - [11] MIRKO.POZEN: Début du Téléchargement de: D:\kerberos.htx\idose\IDoserSetup.exe
[14:05:20] - [10] MIRKO.POZEN: Répertoire en Cours: D:\kerberos.htx\idose\last idose setup\
[14:05:36] - [12] Connecté à 86.235.162.42. Collecte du Nom d'utilisateur.
[14:05:36] - [12] Usager MIRKO.POZEN Connecté IP: 86.235.162.42
[14:05:36] - [12] MIRKO.POZEN: Répertoire en Cours: D:\kerberos.htx\
[14:05:36] - [12] MIRKO.POZEN: Répertoire en Cours: D:\kerberos.htx\idose\last idose setup\
[14:05:36] - [12] MIRKO.POZEN: Début du Téléchargement de: D:\kerberos.htx\idose\last idose setup\IDoser_ReadMe.html
[14:05:38] - [12] MIRKO.POZEN: Fichier envoyé: D:\kerberos.htx\idose\last idose setup\IDoser_ReadMe.html (69,92 K/S -   71 598 bytes)
[14:05:38] - [12] MIRKO.POZEN: Début du Téléchargement de: D:\kerberos.htx\idose\last idose setup\IDoserFreeInstall.zip
[14:06:18] - [12] MIRKO.POZEN: Fichier envoyé: D:\kerberos.htx\idose\last idose setup\IDoserFreeInstall.zip (52,30 K/S -  2 142 127 bytes)
[14:06:18] - [12] MIRKO.POZEN: Début du Téléchargement de: D:\kerberos.htx\idose\last idose setup\IDoserFreeSetup.exe
[14:06:59] - [12] MIRKO.POZEN: Fichier envoyé: D:\kerberos.htx\idose\last idose setup\IDoserFreeSetup.exe (52,58 K/S -  2 153 564 bytes)
[14:07:10] - [11] MIRKO.POZEN: Fichier envoyé: D:\kerberos.htx\idose\IDoserSetup.exe (66,30 K/S -  7 739 809 bytes)
[14:07:30] - [12] Client 86.235.162.42 Déconnecté (00:01:54 Min)
[14:07:45] - [11] Client 86.235.162.42 Déconnecté (00:02:36 Min)
[14:09:15] - [10] Client 86.235.162.42 Déconnecté (00:04:29 Min)
[14:24:15] - [13] Connecté à 86.235.162.42. Collecte du Nom d'utilisateur.
[14:24:15] - [14] Connecté à 86.235.162.42. Collecte du Nom d'utilisateur.
[14:24:15] - [13] Usager MIRKO.POZEN Connecté IP: 86.235.162.42
[14:24:15] - [13] MIRKO.POZEN: Répertoire en Cours: D:\kerberos.htx\
[14:24:15] - [14] Usager MIRKO.POZEN Connecté IP: 86.235.162.42
[14:24:15] - [14] MIRKO.POZEN: Répertoire en Cours: D:\kerberos.htx\
[14:24:15] - [13] MIRKO.POZEN: Répertoire en Cours: D:\kerberos.htx\idose\
[14:24:15] - [14] MIRKO.POZEN: Répertoire en Cours: D:\kerberos.htx\idose\
[14:24:15] - [13] MIRKO.POZEN: Début d'Upload de D:\kerberos.htx\idose\Doses non-officielles.zip
[14:24:15] - [14] MIRKO.POZEN: Début d'Upload de D:\kerberos.htx\idose\Doses officielles.zip
[14:24:16] - [13] MIRKO.POZEN: Fichier Upload: D:\kerberos.htx\idose\Doses non-officielles.zip (598,70 K/S -   613 066 bytes)
[14:24:39] - [14] MIRKO.POZEN: Fichier Upload: D:\kerberos.htx\idose\Doses officielles.zip (837,41 K/S -  19 722 702 bytes)
[14:24:39] - [7] MIRKO.POZEN: Répertoire en Cours: D:\kerberos.htx\idose\
[14:24:46] - [14] Client 86.235.162.42 Déconnecté (00:00:30 Min)
[14:24:46] - [13] Client 86.235.162.42 Déconnecté (00:00:30 Min)
[14:24:46] - [7] Client 86.235.162.42 Déconnecté (00:20:38 Min)
[15:41:19] - [15] Connecté à 84.127.242.120. Collecte du Nom d'utilisateur.
[15:41:19] - [15] Authentification Incorrect: Utilisateur FTP IP: 84.127.242.120
[15:41:19] - [15] Client 84.127.242.120 Déconnecté (00:00:00 Min)
[17:34:53] - [1] Client 192.168.0.1 Déconnecté (03:44:04 Min)
[18:01:14] - Serveur Démarré
[18:01:14] - FTP Port: 21
[19:58:46] - Serveur Démarré
[19:58:46] - FTP Port: 21
[19:58:58] - [1] Connecté à 86.235.162.42. Collecte du Nom d'utilisateur.
[19:58:59] - [1] Usager MIRKO.POZEN Connecté IP: 86.235.162.42
[19:58:59] - [1] MIRKO.POZEN: Répertoire en Cours: D:\kerberos.htx\
[19:58:59] - [1] MIRKO.POZEN: Répertoire en Cours: D:\kerberos.htx\
[19:59:17] - [1] Client 86.235.162.42 Déconnecté (00:00:18 Min)
[20:31:47] - [2] Connecté à 192.168.0.1. Collecte du Nom d'utilisateur.
[20:31:47] - [2] Usager MIRKO.POZEN Connecté IP: 192.168.0.1
[20:31:47] - [2] MIRKO.POZEN: Répertoire en Cours: D:\kerberos.htx\
[20:31:47] - [2] MIRKO.POZEN: Répertoire en Cours: D:\kerberos.htx\
[20:32:00] - [3] Connecté à 192.168.0.1. Collecte du Nom d'utilisateur.
[20:32:00] - [3] Usager MIRKO.POZEN Connecté IP: 192.168.0.1
[20:32:01] - [3] MIRKO.POZEN: Répertoire en Cours: D:\kerberos.htx\
[20:32:01] - [3] MIRKO.POZEN: Répertoire en Cours: D:\kerberos.htx\
[20:32:01] - [3] MIRKO.POZEN: Début d'Upload de D:\kerberos.htx\glogg-v1.0.3-setup.exe
[20:32:04] - [3] MIRKO.POZEN: Fichier Upload: D:\kerberos.htx\glogg-v1.0.3-setup.exe (1 724,70 K/S -  5 298 133 bytes)
[20:32:34] - [3] Client 192.168.0.1 Déconnecté (00:00:33 Min)
[20:49:05] - [4] Connecté à 192.168.0.1. Collecte du Nom d'utilisateur.
[20:49:05] - [4] Usager MIRKO.POZEN Connecté IP: 192.168.0.1
[20:49:05] - [4] MIRKO.POZEN: Répertoire en Cours: D:\kerberos.htx\
[20:49:05] - [4] MIRKO.POZEN: Répertoire en Cours: D:\kerberos.htx\
[20:49:05] - [4] MIRKO.POZEN: Début d'Upload de D:\kerberos.htx\HttpLogBrowser-Setup.exe
[20:49:18] - [4] MIRKO.POZEN: Fichier Upload: D:\kerberos.htx\HttpLogBrowser-Setup.exe (1 496,00 K/S -  19 914 560 bytes)
[20:49:48] - [4] Client 192.168.0.1 Déconnecté (00:00:43 Min)
[20:59:31] - [2] Client 192.168.0.1 Déconnecté (00:27:43 Min)
[21:03:09] - [5] Connecté à 192.168.0.53. Collecte du Nom d'utilisateur.
[21:03:09] - [5] Client 192.168.0.53 Déconnecté (00:00:00 Min)
[21:34:33] - [6] Connecté à 192.168.0.1. Collecte du Nom d'utilisateur.
[21:34:33] - [6] Usager MIRKO.POZEN Connecté IP: 192.168.0.1
[21:34:33] - [6] MIRKO.POZEN: Répertoire en Cours: D:\kerberos.htx\
[21:34:34] - [6] MIRKO.POZEN: Répertoire en Cours: D:\kerberos.htx\
[21:34:56] - [7] Connecté à 192.168.0.1. Collecte du Nom d'utilisateur.
[21:34:56] - [7] Usager MIRKO.POZEN Connecté IP: 192.168.0.1
[21:34:56] - [7] MIRKO.POZEN: Répertoire en Cours: D:\kerberos.htx\
[21:34:56] - [7] MIRKO.POZEN: Répertoire en Cours: D:\kerberos.htx\
[21:34:56] - [7] MIRKO.POZEN: Début d'Upload de D:\kerberos.htx\inetmgr_x86_fr-FR.msi
[21:34:57] - [7] MIRKO.POZEN: Fichier Upload: D:\kerberos.htx\inetmgr_x86_fr-FR.msi (2 256,50 K/S -  2 310 656 bytes)
[21:35:28] - [7] Client 192.168.0.1 Déconnecté (00:00:32 Min)
[21:56:25] - [6] MIRKO.POZEN: Répertoire en Cours: D:\kerberos.htx\logs vew\
[21:56:29] - [8] Connecté à 192.168.0.1. Collecte du Nom d'utilisateur.
[21:56:29] - [8] Usager MIRKO.POZEN Connecté IP: 192.168.0.1
[21:56:29] - [8] MIRKO.POZEN: Répertoire en Cours: D:\kerberos.htx\
[21:56:29] - [8] MIRKO.POZEN: Répertoire en Cours: D:\kerberos.htx\logs vew\
[21:56:29] - [8] MIRKO.POZEN: Début d'Upload de D:\kerberos.htx\logs vew\IISview.exe
[21:56:31] - [8] MIRKO.POZEN: Fichier Upload: D:\kerberos.htx\logs vew\IISview.exe (2 244,00 K/S -  2 297 856 bytes)
[21:57:02] - [8] Client 192.168.0.1 Déconnecté (00:00:32 Min)
[22:04:21] - [6] Client 192.168.0.1 Déconnecté (00:29:47 Min)
[22:28:30] - Serveur Démarré
[22:28:30] - FTP Port: 21
[22:28:40] - [1] Connecté à 192.168.0.1. Collecte du Nom d'utilisateur.
[22:28:40] - [1] Usager MIRKO.POZEN Connecté IP: 192.168.0.1
[22:28:40] - [1] MIRKO.POZEN: Répertoire en Cours: D:\kerberos.htx\
[22:28:40] - [1] MIRKO.POZEN: Répertoire en Cours: D:\kerberos.htx\
[22:29:14] - [1] Client 192.168.0.1 Déconnecté (00:00:31 Min)
[22:45:26] - Serveur Démarré
[22:45:26] - FTP Port: 21
[22:45:38] - [1] Connecté à 192.168.0.1. Collecte du Nom d'utilisateur.
[22:45:38] - [1] Usager MIRKO.POZEN Connecté IP: 192.168.0.1
[22:45:38] - [1] MIRKO.POZEN: Répertoire en Cours: D:\kerberos.htx\
[22:45:38] - [1] MIRKO.POZEN: Répertoire en Cours: D:\kerberos.htx\
[22:48:06] - [1] MIRKO.POZEN: Répertoire en Cours: D:\kerberos.htx\enzo\
[22:48:11] - [1] Client 192.168.0.1 Déconnecté (00:02:33 Min)
