[12:37:12] - Serveur Démarré
[12:37:12] - FTP Port: 21
[16:35:05] - Serveur Démarré
[16:35:05] - FTP Port: 21
[17:00:39] - [1] Connecté à 109.221.106.50. Collecte du Nom d'utilisateur.
[17:00:39] - [1] Usager VICTOR.POZEN Connecté IP: 109.221.106.50
[17:00:39] - [1] VICTOR.POZEN: Répertoire en Cours: D:\kerberos.htx\
[17:00:39] - [1] VICTOR.POZEN: Répertoire en Cours: D:\kerberos.htx\
[17:01:17] - [1] VICTOR.POZEN: Répertoire en Cours: D:\kerberos.htx\exe\
[17:01:31] - [1] VICTOR.POZEN: Répertoire en Cours: D:\kerberos.htx\exe\reactivate wk7\
[17:01:35] - [2] Connecté à 109.221.106.50. Collecte du Nom d'utilisateur.
[17:01:35] - [2] Usager VICTOR.POZEN Connecté IP: 109.221.106.50
[17:01:35] - [2] VICTOR.POZEN: Répertoire en Cours: D:\kerberos.htx\
[17:01:35] - [2] VICTOR.POZEN: Début du Téléchargement de: D:\kerberos.htx\exe\reactivate wk7\CW.eXe
[17:01:42] - [2] VICTOR.POZEN: Fichier envoyé: D:\kerberos.htx\exe\reactivate wk7\CW.eXe (1 539,46 K/S -  9 458 428 bytes)
[17:02:06] - [2] VICTOR.POZEN: Début du Téléchargement de: D:\kerberos.htx\exe\DriversCloud_Win.exe
[17:02:06] - [2] VICTOR.POZEN: Fichier envoyé: D:\kerberos.htx\exe\DriversCloud_Win.exe (228,63 K/S -   234 112 bytes)
[17:02:17] - [2] VICTOR.POZEN: Début du Téléchargement de: D:\kerberos.htx\exe\Firefox Setup Stub 50.1.0.exe
[17:02:18] - [2] VICTOR.POZEN: Fichier envoyé: D:\kerberos.htx\exe\Firefox Setup Stub 50.1.0.exe (238,07 K/S -   243 784 bytes)
[17:02:31] - [2] VICTOR.POZEN: Début du Téléchargement de: D:\kerberos.htx\exe\never10.exe
[17:02:31] - [2] VICTOR.POZEN: Fichier envoyé: D:\kerberos.htx\exe\never10.exe (82,98 K/S -   84 976 bytes)
[17:02:44] - [2] VICTOR.POZEN: Début du Téléchargement de: D:\kerberos.htx\exe\slimdrivers_2-3-0-1_fr_412744.exe
[17:02:44] - [2] VICTOR.POZEN: Fichier envoyé: D:\kerberos.htx\exe\slimdrivers_2-3-0-1_fr_412744.exe (958,72 K/S -   981 728 bytes)
[17:03:10] - [2] VICTOR.POZEN: Début du Téléchargement de: D:\kerberos.htx\exe\ClassicShellSetup_4_2_5.exe
[17:03:15] - [2] VICTOR.POZEN: Fichier envoyé: D:\kerberos.htx\exe\ClassicShellSetup_4_2_5.exe (1 360,95 K/S -  6 968 048 bytes)
[17:03:46] - [2] Client 109.221.106.50 Déconnecté (00:02:10 Min)
[17:05:42] - [1] Client 109.221.106.50 Déconnecté (00:05:03 Min)
[20:53:49] - [3] Connecté à 141.212.122.32. Collecte du Nom d'utilisateur.
[20:53:49] - [3] Client 141.212.122.32 Déconnecté (00:00:00 Min)
