[01:13:51] - [38] Connecté à 51.38.12.23. Collecte du Nom d'utilisateur.
[01:13:51] - [38] Client 51.38.12.23 Déconnecté (00:00:00 Min)
[01:38:00] - [39] Connecté à 71.6.232.4. Collecte du Nom d'utilisateur.
[01:38:01] - [39] Client 71.6.232.4 Déconnecté (00:00:00 Min)
[04:13:41] - [0] Connexion Time-Out Pour:  MIRKO.POZEN 
[04:13:41] - [28] Client 192.168.0.1 Déconnecté (11:59:07 Min)
[07:41:38] - [40] Connecté à 216.218.206.68. Collecte du Nom d'utilisateur.
[07:41:38] - [40] Client 216.218.206.68 Déconnecté (00:00:00 Min)
[11:29:49] - [37] Client 60.191.0.245 Déconnecté (12:51:05 Min)
[11:39:25] - [41] Connecté à 192.168.0.50. Collecte du Nom d'utilisateur.
[11:39:25] - [41] Client 192.168.0.50 Déconnecté (00:00:00 Min)
[11:43:56] - [42] Connecté à 192.168.0.50. Collecte du Nom d'utilisateur.
[11:43:56] - [42] Usager ANONYMOUS Connecté IP: 192.168.0.50
[11:43:57] - [42] Mot de Passe Incorrect: Utilisateur ANONYMOUS IP: 192.168.0.50
[11:43:57] - [43] Connecté à 192.168.0.50. Collecte du Nom d'utilisateur.
[11:43:58] - [42] Client 192.168.0.50 Déconnecté (00:00:01 Min)
[11:44:04] - [43] Client 192.168.0.50 Déconnecté (00:00:06 Min)
[11:45:12] - [44] Connecté à 192.168.0.1. Collecte du Nom d'utilisateur.
[11:45:12] - [44] Usager MIRKO.POZEN Connecté IP: 192.168.0.1
[11:45:12] - [44] MIRKO.POZEN: Répertoire en Cours: D:\kerberos.htx\
[11:45:13] - [44] MIRKO.POZEN: Répertoire en Cours: D:\kerberos.htx\
[11:45:25] - [44] MIRKO.POZEN: Répertoire en Cours: D:\kerberos.htx\Advanced IP Scanner\
[11:45:25] - [44] MIRKO.POZEN: Répertoire en Cours: D:\kerberos.htx\Advanced IP Scanner\printsupport\
[11:45:25] - [44] MIRKO.POZEN: Répertoire en Cours: D:\kerberos.htx\Advanced IP Scanner\
[11:45:25] - [44] MIRKO.POZEN: Répertoire en Cours: D:\kerberos.htx\Advanced IP Scanner\platforms\
[11:45:26] - [45] Connecté à 192.168.0.1. Collecte du Nom d'utilisateur.
[11:45:26] - [46] Connecté à 192.168.0.1. Collecte du Nom d'utilisateur.
[11:45:26] - [45] Usager MIRKO.POZEN Connecté IP: 192.168.0.1
[11:45:26] - [45] MIRKO.POZEN: Répertoire en Cours: D:\kerberos.htx\
[11:45:26] - [46] Usager MIRKO.POZEN Connecté IP: 192.168.0.1
[11:45:26] - [46] MIRKO.POZEN: Répertoire en Cours: D:\kerberos.htx\
[11:45:26] - [45] MIRKO.POZEN: Répertoire en Cours: D:\kerberos.htx\Advanced IP Scanner\
[11:45:26] - [46] MIRKO.POZEN: Répertoire en Cours: D:\kerberos.htx\Advanced IP Scanner\
[11:45:26] - [46] MIRKO.POZEN: Début du Téléchargement de: D:\kerberos.htx\Advanced IP Scanner\advanced_ip_scanner_ar_sa.qm
[11:45:26] - [45] MIRKO.POZEN: Début du Téléchargement de: D:\kerberos.htx\Advanced IP Scanner\advanced_ip_scanner.exe
[11:45:26] - [46] MIRKO.POZEN: Fichier envoyé: D:\kerberos.htx\Advanced IP Scanner\advanced_ip_scanner_ar_sa.qm (27,13 K/S -   27 784 bytes)
[11:45:26] - [46] MIRKO.POZEN: Début du Téléchargement de: D:\kerberos.htx\Advanced IP Scanner\advanced_ip_scanner_console.exe
[11:45:27] - [46] MIRKO.POZEN: Fichier envoyé: D:\kerberos.htx\Advanced IP Scanner\advanced_ip_scanner_console.exe (364,67 K/S -   373 424 bytes)
[11:45:27] - [46] MIRKO.POZEN: Début du Téléchargement de: D:\kerberos.htx\Advanced IP Scanner\advanced_ip_scanner_cs_cz.qm
[11:45:28] - [46] MIRKO.POZEN: Fichier envoyé: D:\kerberos.htx\Advanced IP Scanner\advanced_ip_scanner_cs_cz.qm (28,93 K/S -   29 623 bytes)
[11:45:28] - [46] MIRKO.POZEN: Début du Téléchargement de: D:\kerberos.htx\Advanced IP Scanner\advanced_ip_scanner_de_de.qm
[11:45:28] - [46] MIRKO.POZEN: Fichier envoyé: D:\kerberos.htx\Advanced IP Scanner\advanced_ip_scanner_de_de.qm (31,13 K/S -   31 874 bytes)
[11:45:28] - [46] MIRKO.POZEN: Début du Téléchargement de: D:\kerberos.htx\Advanced IP Scanner\advanced_ip_scanner_el_gr.qm
[11:45:28] - [46] MIRKO.POZEN: Fichier envoyé: D:\kerberos.htx\Advanced IP Scanner\advanced_ip_scanner_el_gr.qm (32,20 K/S -   32 974 bytes)
[11:45:28] - [46] MIRKO.POZEN: Début du Téléchargement de: D:\kerberos.htx\Advanced IP Scanner\advanced_ip_scanner_es_es.qm
[11:45:28] - [46] MIRKO.POZEN: Fichier envoyé: D:\kerberos.htx\Advanced IP Scanner\advanced_ip_scanner_es_es.qm (31,20 K/S -   31 948 bytes)
[11:45:28] - [46] MIRKO.POZEN: Début du Téléchargement de: D:\kerberos.htx\Advanced IP Scanner\advanced_ip_scanner_fa_ir.qm
[11:45:28] - [46] MIRKO.POZEN: Fichier envoyé: D:\kerberos.htx\Advanced IP Scanner\advanced_ip_scanner_fa_ir.qm (26,64 K/S -   27 284 bytes)
[11:45:29] - [46] MIRKO.POZEN: Début du Téléchargement de: D:\kerberos.htx\Advanced IP Scanner\advanced_ip_scanner_fr_fr.qm
[11:45:29] - [46] MIRKO.POZEN: Fichier envoyé: D:\kerberos.htx\Advanced IP Scanner\advanced_ip_scanner_fr_fr.qm (31,23 K/S -   31 976 bytes)
[11:45:29] - [46] MIRKO.POZEN: Début du Téléchargement de: D:\kerberos.htx\Advanced IP Scanner\advanced_ip_scanner_id_id.qm
[11:45:29] - [46] MIRKO.POZEN: Fichier envoyé: D:\kerberos.htx\Advanced IP Scanner\advanced_ip_scanner_id_id.qm (28,13 K/S -   28 810 bytes)
[11:45:29] - [46] MIRKO.POZEN: Début du Téléchargement de: D:\kerberos.htx\Advanced IP Scanner\advanced_ip_scanner_it_it.qm
[11:45:29] - [46] MIRKO.POZEN: Fichier envoyé: D:\kerberos.htx\Advanced IP Scanner\advanced_ip_scanner_it_it.qm (30,90 K/S -   31 640 bytes)
[11:45:29] - [46] MIRKO.POZEN: Début du Téléchargement de: D:\kerberos.htx\Advanced IP Scanner\advanced_ip_scanner_ja_jp.qm
[11:45:29] - [46] MIRKO.POZEN: Fichier envoyé: D:\kerberos.htx\Advanced IP Scanner\advanced_ip_scanner_ja_jp.qm (25,89 K/S -   26 513 bytes)
[11:45:29] - [46] MIRKO.POZEN: Début du Téléchargement de: D:\kerberos.htx\Advanced IP Scanner\advanced_ip_scanner_ko_kr.qm
[11:45:30] - [46] MIRKO.POZEN: Fichier envoyé: D:\kerberos.htx\Advanced IP Scanner\advanced_ip_scanner_ko_kr.qm (23,36 K/S -   23 918 bytes)
[11:45:30] - [46] MIRKO.POZEN: Début du Téléchargement de: D:\kerberos.htx\Advanced IP Scanner\advanced_ip_scanner_nl_nl.qm
[11:45:30] - [46] MIRKO.POZEN: Fichier envoyé: D:\kerberos.htx\Advanced IP Scanner\advanced_ip_scanner_nl_nl.qm (30,67 K/S -   31 402 bytes)
[11:45:30] - [45] MIRKO.POZEN: Fichier envoyé: D:\kerberos.htx\Advanced IP Scanner\advanced_ip_scanner.exe (453,72 K/S -  1 393 840 bytes)
[11:45:30] - [46] MIRKO.POZEN: Début du Téléchargement de: D:\kerberos.htx\Advanced IP Scanner\advanced_ip_scanner_pl_pl.qm
[11:45:30] - [45] MIRKO.POZEN: Début du Téléchargement de: D:\kerberos.htx\Advanced IP Scanner\advanced_ip_scanner_pt_br.qm
[11:45:30] - [46] MIRKO.POZEN: Fichier envoyé: D:\kerberos.htx\Advanced IP Scanner\advanced_ip_scanner_pl_pl.qm (29,01 K/S -   29 703 bytes)
[11:45:30] - [45] MIRKO.POZEN: Fichier envoyé: D:\kerberos.htx\Advanced IP Scanner\advanced_ip_scanner_pt_br.qm (30,98 K/S -   31 726 bytes)
[11:45:30] - [46] MIRKO.POZEN: Début du Téléchargement de: D:\kerberos.htx\Advanced IP Scanner\advanced_ip_scanner_ro_ro.qm
[11:45:31] - [45] MIRKO.POZEN: Début du Téléchargement de: D:\kerberos.htx\Advanced IP Scanner\advanced_ip_scanner_ru_ru.qm
[11:45:31] - [46] MIRKO.POZEN: Fichier envoyé: D:\kerberos.htx\Advanced IP Scanner\advanced_ip_scanner_ro_ro.qm (28,80 K/S -   29 493 bytes)
[11:45:31] - [45] MIRKO.POZEN: Fichier envoyé: D:\kerberos.htx\Advanced IP Scanner\advanced_ip_scanner_ru_ru.qm (31,39 K/S -   32 144 bytes)
[11:45:31] - [46] MIRKO.POZEN: Début du Téléchargement de: D:\kerberos.htx\Advanced IP Scanner\advanced_ip_scanner_sv_se.qm
[11:45:31] - [46] MIRKO.POZEN: Fichier envoyé: D:\kerberos.htx\Advanced IP Scanner\advanced_ip_scanner_sv_se.qm (27,82 K/S -   28 485 bytes)
[11:45:31] - [45] MIRKO.POZEN: Début du Téléchargement de: D:\kerberos.htx\Advanced IP Scanner\advanced_ip_scanner_th_th.qm
[11:45:31] - [46] MIRKO.POZEN: Début du Téléchargement de: D:\kerberos.htx\Advanced IP Scanner\advanced_ip_scanner_tr_tr.qm
[11:45:31] - [45] MIRKO.POZEN: Fichier envoyé: D:\kerberos.htx\Advanced IP Scanner\advanced_ip_scanner_th_th.qm (29,10 K/S -   29 803 bytes)
[11:45:31] - [46] MIRKO.POZEN: Fichier envoyé: D:\kerberos.htx\Advanced IP Scanner\advanced_ip_scanner_tr_tr.qm (30,00 K/S -   30 723 bytes)
[11:45:31] - [45] MIRKO.POZEN: Début du Téléchargement de: D:\kerberos.htx\Advanced IP Scanner\advanced_ip_scanner_vi_vn.qm
[11:45:31] - [46] MIRKO.POZEN: Début du Téléchargement de: D:\kerberos.htx\Advanced IP Scanner\advanced_ip_scanner_zh_cn.qm
[11:45:31] - [45] MIRKO.POZEN: Fichier envoyé: D:\kerberos.htx\Advanced IP Scanner\advanced_ip_scanner_vi_vn.qm (27,85 K/S -   28 516 bytes)
[11:45:31] - [46] MIRKO.POZEN: Fichier envoyé: D:\kerberos.htx\Advanced IP Scanner\advanced_ip_scanner_zh_cn.qm (23,77 K/S -   24 345 bytes)
[11:45:31] - [45] MIRKO.POZEN: Début du Téléchargement de: D:\kerberos.htx\Advanced IP Scanner\advanced_ip_scanner_zh_tw.qm
[11:45:32] - [46] MIRKO.POZEN: Début du Téléchargement de: D:\kerberos.htx\Advanced IP Scanner\details_panel_ar_sa.tpl
[11:45:32] - [46] MIRKO.POZEN: Fichier envoyé: D:\kerberos.htx\Advanced IP Scanner\details_panel_ar_sa.tpl (1,76 K/S -   1 800 bytes)
[11:45:32] - [45] MIRKO.POZEN: Fichier envoyé: D:\kerberos.htx\Advanced IP Scanner\advanced_ip_scanner_zh_tw.qm (22,27 K/S -   22 802 bytes)
[11:45:32] - [46] MIRKO.POZEN: Début du Téléchargement de: D:\kerberos.htx\Advanced IP Scanner\details_panel_cs_cz.tpl
[11:45:32] - [46] MIRKO.POZEN: Fichier envoyé: D:\kerberos.htx\Advanced IP Scanner\details_panel_cs_cz.tpl (1,13 K/S -   1 153 bytes)
[11:45:32] - [45] MIRKO.POZEN: Début du Téléchargement de: D:\kerberos.htx\Advanced IP Scanner\details_panel_de_de.tpl
[11:45:32] - [45] MIRKO.POZEN: Fichier envoyé: D:\kerberos.htx\Advanced IP Scanner\details_panel_de_de.tpl (1,13 K/S -   1 153 bytes)
[11:45:32] - [45] MIRKO.POZEN: Début du Téléchargement de: D:\kerberos.htx\Advanced IP Scanner\details_panel_el_gr.tpl
[11:45:32] - [45] MIRKO.POZEN: Fichier envoyé: D:\kerberos.htx\Advanced IP Scanner\details_panel_el_gr.tpl (1,23 K/S -   1 256 bytes)
[11:45:32] - [46] MIRKO.POZEN: Début du Téléchargement de: D:\kerberos.htx\Advanced IP Scanner\details_panel_en_us.tpl
[11:45:32] - [46] MIRKO.POZEN: Fichier envoyé: D:\kerberos.htx\Advanced IP Scanner\details_panel_en_us.tpl (1,12 K/S -   1 147 bytes)
[11:45:32] - [45] MIRKO.POZEN: Début du Téléchargement de: D:\kerberos.htx\Advanced IP Scanner\details_panel_es_es.tpl
[11:45:32] - [45] MIRKO.POZEN: Fichier envoyé: D:\kerberos.htx\Advanced IP Scanner\details_panel_es_es.tpl (1,15 K/S -   1 173 bytes)
[11:45:32] - [46] MIRKO.POZEN: Début du Téléchargement de: D:\kerberos.htx\Advanced IP Scanner\details_panel_fa_ir.tpl
[11:45:32] - [46] MIRKO.POZEN: Fichier envoyé: D:\kerberos.htx\Advanced IP Scanner\details_panel_fa_ir.tpl (1,71 K/S -   1 751 bytes)
[11:45:32] - [45] MIRKO.POZEN: Début du Téléchargement de: D:\kerberos.htx\Advanced IP Scanner\details_panel_fr_fr.tpl
[11:45:32] - [45] MIRKO.POZEN: Fichier envoyé: D:\kerberos.htx\Advanced IP Scanner\details_panel_fr_fr.tpl (1,14 K/S -   1 163 bytes)
[11:45:32] - [46] MIRKO.POZEN: Début du Téléchargement de: D:\kerberos.htx\Advanced IP Scanner\details_panel_id_id.tpl
[11:45:33] - [46] MIRKO.POZEN: Fichier envoyé: D:\kerberos.htx\Advanced IP Scanner\details_panel_id_id.tpl (1,12 K/S -   1 148 bytes)
[11:45:33] - [45] MIRKO.POZEN: Début du Téléchargement de: D:\kerberos.htx\Advanced IP Scanner\details_panel_it_it.tpl
[11:45:33] - [45] MIRKO.POZEN: Fichier envoyé: D:\kerberos.htx\Advanced IP Scanner\details_panel_it_it.tpl (1,12 K/S -   1 149 bytes)
[11:45:33] - [45] MIRKO.POZEN: Début du Téléchargement de: D:\kerberos.htx\Advanced IP Scanner\details_panel_ja_jp.tpl
[11:45:33] - [46] MIRKO.POZEN: Début du Téléchargement de: D:\kerberos.htx\Advanced IP Scanner\details_panel_ko_kr.tpl
[11:45:33] - [45] MIRKO.POZEN: Fichier envoyé: D:\kerberos.htx\Advanced IP Scanner\details_panel_ja_jp.tpl (1,16 K/S -   1 187 bytes)
[11:45:33] - [46] MIRKO.POZEN: Fichier envoyé: D:\kerberos.htx\Advanced IP Scanner\details_panel_ko_kr.tpl (1,13 K/S -   1 162 bytes)
[11:45:33] - [46] MIRKO.POZEN: Début du Téléchargement de: D:\kerberos.htx\Advanced IP Scanner\details_panel_nl_nl.tpl
[11:45:33] - [45] MIRKO.POZEN: Début du Téléchargement de: D:\kerberos.htx\Advanced IP Scanner\details_panel_pl_pl.tpl
[11:45:33] - [46] MIRKO.POZEN: Fichier envoyé: D:\kerberos.htx\Advanced IP Scanner\details_panel_nl_nl.tpl (1,13 K/S -   1 154 bytes)
[11:45:33] - [45] MIRKO.POZEN: Fichier envoyé: D:\kerberos.htx\Advanced IP Scanner\details_panel_pl_pl.tpl (1,13 K/S -   1 155 bytes)
[11:45:33] - [45] MIRKO.POZEN: Début du Téléchargement de: D:\kerberos.htx\Advanced IP Scanner\details_panel_pt_br.tpl
[11:45:33] - [46] MIRKO.POZEN: Début du Téléchargement de: D:\kerberos.htx\Advanced IP Scanner\details_panel_ro_ro.tpl
[11:45:33] - [45] MIRKO.POZEN: Fichier envoyé: D:\kerberos.htx\Advanced IP Scanner\details_panel_pt_br.tpl (1,13 K/S -   1 158 bytes)
[11:45:33] - [46] MIRKO.POZEN: Fichier envoyé: D:\kerberos.htx\Advanced IP Scanner\details_panel_ro_ro.tpl (1,13 K/S -   1 155 bytes)
[11:45:34] - [46] MIRKO.POZEN: Début du Téléchargement de: D:\kerberos.htx\Advanced IP Scanner\details_panel_sv_se.tpl
[11:45:34] - [45] MIRKO.POZEN: Début du Téléchargement de: D:\kerberos.htx\Advanced IP Scanner\details_panel_ru_ru.tpl
[11:45:34] - [46] MIRKO.POZEN: Fichier envoyé: D:\kerberos.htx\Advanced IP Scanner\details_panel_sv_se.tpl (1,13 K/S -   1 154 bytes)
[11:45:34] - [45] MIRKO.POZEN: Fichier envoyé: D:\kerberos.htx\Advanced IP Scanner\details_panel_ru_ru.tpl (1,21 K/S -   1 244 bytes)
[11:45:34] - [45] MIRKO.POZEN: Début du Téléchargement de: D:\kerberos.htx\Advanced IP Scanner\details_panel_th_th.tpl
[11:45:34] - [46] MIRKO.POZEN: Début du Téléchargement de: D:\kerberos.htx\Advanced IP Scanner\details_panel_tr_tr.tpl
[11:45:34] - [45] MIRKO.POZEN: Fichier envoyé: D:\kerberos.htx\Advanced IP Scanner\details_panel_th_th.tpl (1,26 K/S -   1 292 bytes)
[11:45:34] - [46] MIRKO.POZEN: Fichier envoyé: D:\kerberos.htx\Advanced IP Scanner\details_panel_tr_tr.tpl (1,13 K/S -   1 155 bytes)
[11:45:34] - [46] MIRKO.POZEN: Début du Téléchargement de: D:\kerberos.htx\Advanced IP Scanner\details_panel_vi_vn.tpl
[11:45:34] - [46] MIRKO.POZEN: Fichier envoyé: D:\kerberos.htx\Advanced IP Scanner\details_panel_vi_vn.tpl (1,16 K/S -   1 184 bytes)
[11:45:34] - [45] MIRKO.POZEN: Début du Téléchargement de: D:\kerberos.htx\Advanced IP Scanner\details_panel_zh_cn.tpl
[11:45:34] - [45] MIRKO.POZEN: Fichier envoyé: D:\kerberos.htx\Advanced IP Scanner\details_panel_zh_cn.tpl (1,12 K/S -   1 142 bytes)
[11:45:34] - [46] MIRKO.POZEN: Début du Téléchargement de: D:\kerberos.htx\Advanced IP Scanner\details_panel_zh_tw.tpl
[11:45:34] - [46] MIRKO.POZEN: Fichier envoyé: D:\kerberos.htx\Advanced IP Scanner\details_panel_zh_tw.tpl (1,12 K/S -   1 151 bytes)
[11:45:34] - [45] MIRKO.POZEN: Début du Téléchargement de: D:\kerberos.htx\Advanced IP Scanner\libeay32.dll
[11:45:35] - [46] MIRKO.POZEN: Début du Téléchargement de: D:\kerberos.htx\Advanced IP Scanner\mac_interval_tree.txt
[11:45:38] - [46] MIRKO.POZEN: Fichier envoyé: D:\kerberos.htx\Advanced IP Scanner\mac_interval_tree.txt (383,75 K/S -  1 178 892 bytes)
[11:45:38] - [45] MIRKO.POZEN: Fichier envoyé: D:\kerberos.htx\Advanced IP Scanner\libeay32.dll (399,06 K/S -  1 225 904 bytes)
[11:45:38] - [46] MIRKO.POZEN: Début du Téléchargement de: D:\kerberos.htx\Advanced IP Scanner\msvcp120.dll
[11:45:38] - [45] MIRKO.POZEN: Début du Téléchargement de: D:\kerberos.htx\Advanced IP Scanner\msvcr120.dll
[11:45:39] - [46] MIRKO.POZEN: Fichier envoyé: D:\kerberos.htx\Advanced IP Scanner\msvcp120.dll (222,33 K/S -   455 328 bytes)
[11:45:39] - [46] MIRKO.POZEN: Début du Téléchargement de: D:\kerberos.htx\Advanced IP Scanner\pcre.dll
[11:45:40] - [46] MIRKO.POZEN: Fichier envoyé: D:\kerberos.htx\Advanced IP Scanner\pcre.dll (290,17 K/S -   297 136 bytes)
[11:45:40] - [46] MIRKO.POZEN: Début du Téléchargement de: D:\kerberos.htx\Advanced IP Scanner\Qt5Core.dll
[11:45:41] - [45] MIRKO.POZEN: Fichier envoyé: D:\kerberos.htx\Advanced IP Scanner\msvcr120.dll (316,05 K/S -   970 912 bytes)
[11:45:41] - [45] MIRKO.POZEN: Début du Téléchargement de: D:\kerberos.htx\Advanced IP Scanner\Qt5Gui.dll
[11:45:50] - [46] MIRKO.POZEN: Fichier envoyé: D:\kerberos.htx\Advanced IP Scanner\Qt5Core.dll (448,07 K/S -  4 588 208 bytes)
[11:45:51] - [46] MIRKO.POZEN: Début du Téléchargement de: D:\kerberos.htx\Advanced IP Scanner\Qt5Network.dll
[11:45:53] - [46] MIRKO.POZEN: Fichier envoyé: D:\kerberos.htx\Advanced IP Scanner\Qt5Network.dll (405,84 K/S -   831 152 bytes)
[11:45:53] - [46] MIRKO.POZEN: Début du Téléchargement de: D:\kerberos.htx\Advanced IP Scanner\Qt5PrintSupport.dll
[11:45:54] - [46] MIRKO.POZEN: Fichier envoyé: D:\kerberos.htx\Advanced IP Scanner\Qt5PrintSupport.dll (269,17 K/S -   275 632 bytes)
[11:45:54] - [46] MIRKO.POZEN: Début du Téléchargement de: D:\kerberos.htx\Advanced IP Scanner\Qt5Widgets.dll
[11:45:55] - [45] MIRKO.POZEN: Fichier envoyé: D:\kerberos.htx\Advanced IP Scanner\Qt5Gui.dll (365,55 K/S -  4 866 224 bytes)
[11:45:55] - [45] MIRKO.POZEN: Début du Téléchargement de: D:\kerberos.htx\Advanced IP Scanner\Qt5Xml.dll
[11:45:56] - [45] MIRKO.POZEN: Fichier envoyé: D:\kerberos.htx\Advanced IP Scanner\Qt5Xml.dll (158,67 K/S -   162 480 bytes)
[11:45:56] - [45] MIRKO.POZEN: Début du Téléchargement de: D:\kerberos.htx\Advanced IP Scanner\service_probes
[11:45:57] - [45] MIRKO.POZEN: Fichier envoyé: D:\kerberos.htx\Advanced IP Scanner\service_probes (275,86 K/S -   564 954 bytes)
[11:45:57] - [45] MIRKO.POZEN: Début du Téléchargement de: D:\kerberos.htx\Advanced IP Scanner\ssleay32.dll
[11:45:58] - [45] MIRKO.POZEN: Fichier envoyé: D:\kerberos.htx\Advanced IP Scanner\ssleay32.dll (283,17 K/S -   289 968 bytes)
[11:45:59] - [45] MIRKO.POZEN: Répertoire en Cours: D:\kerberos.htx\Advanced IP Scanner\printsupport\
[11:45:59] - [45] MIRKO.POZEN: Début du Téléchargement de: D:\kerberos.htx\Advanced IP Scanner\printsupport\windowsprintersupport.dll
[11:45:59] - [45] MIRKO.POZEN: Fichier envoyé: D:\kerberos.htx\Advanced IP Scanner\printsupport\windowsprintersupport.dll (45,17 K/S -   46 256 bytes)
[11:45:59] - [45] MIRKO.POZEN: Répertoire en Cours: D:\kerberos.htx\Advanced IP Scanner\platforms\
[11:45:59] - [45] MIRKO.POZEN: Début du Téléchargement de: D:\kerberos.htx\Advanced IP Scanner\platforms\qwindows.dll
[11:46:02] - [45] MIRKO.POZEN: Fichier envoyé: D:\kerberos.htx\Advanced IP Scanner\platforms\qwindows.dll (322,39 K/S -   990 384 bytes)
[11:46:04] - [46] MIRKO.POZEN: Fichier envoyé: D:\kerberos.htx\Advanced IP Scanner\Qt5Widgets.dll (421,57 K/S -  4 316 848 bytes)
[11:46:24] - [46] Client 192.168.0.1 Déconnecté (00:00:58 Min)
[11:46:24] - [45] Client 192.168.0.1 Déconnecté (00:00:58 Min)
[11:46:24] - [44] Client 192.168.0.1 Déconnecté (00:01:11 Min)
[11:54:57] - [47] Connecté à 192.168.0.1. Collecte du Nom d'utilisateur.
[11:54:57] - [47] Usager MIRKO.POZEN Connecté IP: 192.168.0.1
[11:54:57] - [47] MIRKO.POZEN: Répertoire en Cours: D:\kerberos.htx\
[11:54:57] - [47] MIRKO.POZEN: Répertoire en Cours: D:\kerberos.htx\
[11:55:00] - [47] MIRKO.POZEN: Répertoire en Cours: D:\kerberos.htx\a trier\
[11:55:12] - [47] MIRKO.POZEN: Répertoire en Cours: D:\kerberos.htx\a trier\progz mig\
[11:55:14] - [47] MIRKO.POZEN: Répertoire en Cours: D:\kerberos.htx\a trier\progz mig\brutus\
[11:55:31] - [47] MIRKO.POZEN: Répertoire en Cours: D:\kerberos.htx\a trier\progz mig\brutus\pass\
[11:55:32] - [47] MIRKO.POZEN: Répertoire en Cours: D:\kerberos.htx\a trier\progz mig\brutus\
[11:55:32] - [47] MIRKO.POZEN: Répertoire en Cours: D:\kerberos.htx\a trier\progz mig\brutus\dico\
[11:55:38] - [48] Connecté à 192.168.0.1. Collecte du Nom d'utilisateur.
[11:55:38] - [49] Connecté à 192.168.0.1. Collecte du Nom d'utilisateur.
[11:55:38] - [48] Usager MIRKO.POZEN Connecté IP: 192.168.0.1
[11:55:38] - [48] MIRKO.POZEN: Répertoire en Cours: D:\kerberos.htx\
[11:55:38] - [49] Usager MIRKO.POZEN Connecté IP: 192.168.0.1
[11:55:38] - [49] MIRKO.POZEN: Répertoire en Cours: D:\kerberos.htx\
[11:55:38] - [48] MIRKO.POZEN: Répertoire en Cours: D:\kerberos.htx\a trier\progz mig\brutus\
[11:55:38] - [49] MIRKO.POZEN: Répertoire en Cours: D:\kerberos.htx\a trier\progz mig\brutus\
[11:55:38] - [48] MIRKO.POZEN: Début du Téléchargement de: D:\kerberos.htx\a trier\progz mig\brutus\autosave.bru
[11:55:38] - [49] MIRKO.POZEN: Début du Téléchargement de: D:\kerberos.htx\a trier\progz mig\brutus\brutus-aet2.zip
[11:55:40] - [48] MIRKO.POZEN: Fichier envoyé: D:\kerberos.htx\a trier\progz mig\brutus\autosave.bru (6,35 K/S -   6 498 bytes)
[11:55:40] - [49] MIRKO.POZEN: Echec de l'envoie du Fichier: D:\kerberos.htx\a trier\progz mig\brutus\brutus-aet2.zip (0,00 K/S -     bytes)
[11:55:40] - [49] MIRKO.POZEN: Début du Téléchargement de: D:\kerberos.htx\a trier\progz mig\brutus\brutus-aet2.zip
[11:55:40] - [49] MIRKO.POZEN: Echec de l'envoie du Fichier: D:\kerberos.htx\a trier\progz mig\brutus\brutus-aet2.zip (331,00 K/S -   338 947 bytes)
[11:55:40] - [48] MIRKO.POZEN: Début du Téléchargement de: D:\kerberos.htx\a trier\progz mig\brutus\example-combo.txt
[11:55:40] - [48] MIRKO.POZEN: Fichier envoyé: D:\kerberos.htx\a trier\progz mig\brutus\example-combo.txt (0,29 K/S -    297 bytes)
[11:55:40] - [49] MIRKO.POZEN: Début du Téléchargement de: D:\kerberos.htx\a trier\progz mig\brutus\brutus-aet2.zip
[11:55:40] - [48] MIRKO.POZEN: Début du Téléchargement de: D:\kerberos.htx\a trier\progz mig\brutus\NetBus.bad
[11:55:40] - [49] MIRKO.POZEN: Echec de l'envoie du Fichier: D:\kerberos.htx\a trier\progz mig\brutus\brutus-aet2.zip (331,00 K/S -   338 947 bytes)
[11:55:40] - [48] MIRKO.POZEN: Fichier envoyé: D:\kerberos.htx\a trier\progz mig\brutus\NetBus.bad (1,93 K/S -   1 978 bytes)
[11:55:40] - [49] MIRKO.POZEN: Début du Téléchargement de: D:\kerberos.htx\a trier\progz mig\brutus\brutus-aet2.zip
[11:55:41] - [48] MIRKO.POZEN: Début du Téléchargement de: D:\kerberos.htx\a trier\progz mig\brutus\Nouveau document texte.txt
[11:55:41] - [49] MIRKO.POZEN: Echec de l'envoie du Fichier: D:\kerberos.htx\a trier\progz mig\brutus\brutus-aet2.zip (331,00 K/S -   338 947 bytes)
[11:55:41] - [48] MIRKO.POZEN: Fichier envoyé: D:\kerberos.htx\a trier\progz mig\brutus\Nouveau document texte.txt (0,00 K/S -    5 bytes)
[11:55:41] - [48] MIRKO.POZEN: Début du Téléchargement de: D:\kerberos.htx\a trier\progz mig\brutus\Overview.doc
[11:55:41] - [49] MIRKO.POZEN: Début du Téléchargement de: D:\kerberos.htx\a trier\progz mig\brutus\brutus-aet2.zip
[11:55:41] - [49] MIRKO.POZEN: Echec de l'envoie du Fichier: D:\kerberos.htx\a trier\progz mig\brutus\brutus-aet2.zip (331,00 K/S -   338 947 bytes)
[11:55:41] - [48] MIRKO.POZEN: Fichier envoyé: D:\kerberos.htx\a trier\progz mig\brutus\Overview.doc (24,00 K/S -   24 576 bytes)
[11:55:41] - [48] MIRKO.POZEN: Début du Téléchargement de: D:\kerberos.htx\a trier\progz mig\brutus\readme.doc
[11:55:41] - [49] MIRKO.POZEN: Début du Téléchargement de: D:\kerberos.htx\a trier\progz mig\brutus\brutus-aet2.zip
[11:55:41] - [49] MIRKO.POZEN: Echec de l'envoie du Fichier: D:\kerberos.htx\a trier\progz mig\brutus\brutus-aet2.zip (331,00 K/S -   338 947 bytes)
[11:55:41] - [48] MIRKO.POZEN: Fichier envoyé: D:\kerberos.htx\a trier\progz mig\brutus\readme.doc (16,50 K/S -   16 896 bytes)
[11:55:41] - [48] MIRKO.POZEN: Début du Téléchargement de: D:\kerberos.htx\a trier\progz mig\brutus\users.txt
[11:55:41] - [48] MIRKO.POZEN: Fichier envoyé: D:\kerberos.htx\a trier\progz mig\brutus\users.txt (0,05 K/S -    49 bytes)
[11:55:41] - [49] MIRKO.POZEN: Début du Téléchargement de: D:\kerberos.htx\a trier\progz mig\brutus\brutus-aet2.zip
[11:55:41] - [49] MIRKO.POZEN: Echec de l'envoie du Fichier: D:\kerberos.htx\a trier\progz mig\brutus\brutus-aet2.zip (331,00 K/S -   338 947 bytes)
[11:55:41] - [48] MIRKO.POZEN: Début du Téléchargement de: D:\kerberos.htx\a trier\progz mig\brutus\words.txt
[11:55:42] - [48] MIRKO.POZEN: Fichier envoyé: D:\kerberos.htx\a trier\progz mig\brutus\words.txt (6,45 K/S -   6 603 bytes)
[11:55:42] - [48] MIRKO.POZEN: Répertoire en Cours: D:\kerberos.htx\a trier\progz mig\brutus\pass\
[11:55:42] - [49] MIRKO.POZEN: Début du Téléchargement de: D:\kerberos.htx\a trier\progz mig\brutus\brutus-aet2.zip
[11:55:42] - [49] MIRKO.POZEN: Echec de l'envoie du Fichier: D:\kerberos.htx\a trier\progz mig\brutus\brutus-aet2.zip (331,00 K/S -   338 947 bytes)
[11:55:42] - [48] MIRKO.POZEN: Début du Téléchargement de: D:\kerberos.htx\a trier\progz mig\brutus\pass\7 caracteres de 0 a 9.txt
[11:55:42] - [49] MIRKO.POZEN: Début du Téléchargement de: D:\kerberos.htx\a trier\progz mig\brutus\brutus-aet2.zip
[11:55:42] - [49] MIRKO.POZEN: Echec de l'envoie du Fichier: D:\kerberos.htx\a trier\progz mig\brutus\brutus-aet2.zip (331,00 K/S -   338 947 bytes)
[11:55:42] - [49] MIRKO.POZEN: Début du Téléchargement de: D:\kerberos.htx\a trier\progz mig\brutus\brutus-aet2.zip
[11:55:42] - [49] MIRKO.POZEN: Echec de l'envoie du Fichier: D:\kerberos.htx\a trier\progz mig\brutus\brutus-aet2.zip (331,00 K/S -   338 947 bytes)
[11:55:43] - [49] MIRKO.POZEN: Début du Téléchargement de: D:\kerberos.htx\a trier\progz mig\brutus\brutus-aet2.zip
[11:55:43] - [49] MIRKO.POZEN: Echec de l'envoie du Fichier: D:\kerberos.htx\a trier\progz mig\brutus\brutus-aet2.zip (331,00 K/S -   338 947 bytes)
[11:55:43] - [49] MIRKO.POZEN: Début du Téléchargement de: D:\kerberos.htx\a trier\progz mig\brutus\brutus-aet2.zip
[11:55:43] - [49] MIRKO.POZEN: Echec de l'envoie du Fichier: D:\kerberos.htx\a trier\progz mig\brutus\brutus-aet2.zip (331,00 K/S -   338 947 bytes)
[11:55:43] - [49] MIRKO.POZEN: Début du Téléchargement de: D:\kerberos.htx\a trier\progz mig\brutus\brutus-aet2.zip
[11:55:43] - [49] MIRKO.POZEN: Echec de l'envoie du Fichier: D:\kerberos.htx\a trier\progz mig\brutus\brutus-aet2.zip (331,00 K/S -   338 947 bytes)
[11:55:43] - [49] MIRKO.POZEN: Début du Téléchargement de: D:\kerberos.htx\a trier\progz mig\brutus\brutus-aet2.zip
[11:55:43] - [49] MIRKO.POZEN: Echec de l'envoie du Fichier: D:\kerberos.htx\a trier\progz mig\brutus\brutus-aet2.zip (331,00 K/S -   338 947 bytes)
[11:55:44] - [49] MIRKO.POZEN: Début du Téléchargement de: D:\kerberos.htx\a trier\progz mig\brutus\brutus-aet2.zip
[11:55:44] - [49] MIRKO.POZEN: Echec de l'envoie du Fichier: D:\kerberos.htx\a trier\progz mig\brutus\brutus-aet2.zip (331,00 K/S -   338 947 bytes)
[11:55:44] - [49] MIRKO.POZEN: Début du Téléchargement de: D:\kerberos.htx\a trier\progz mig\brutus\brutus-aet2.zip
[11:55:44] - [49] MIRKO.POZEN: Echec de l'envoie du Fichier: D:\kerberos.htx\a trier\progz mig\brutus\brutus-aet2.zip (331,00 K/S -   338 947 bytes)
[11:55:44] - [49] MIRKO.POZEN: Début du Téléchargement de: D:\kerberos.htx\a trier\progz mig\brutus\brutus-aet2.zip
[11:55:44] - [49] MIRKO.POZEN: Echec de l'envoie du Fichier: D:\kerberos.htx\a trier\progz mig\brutus\brutus-aet2.zip (331,00 K/S -   338 947 bytes)
[11:55:44] - [49] MIRKO.POZEN: Début du Téléchargement de: D:\kerberos.htx\a trier\progz mig\brutus\brutus-aet2.zip
[11:55:44] - [49] MIRKO.POZEN: Echec de l'envoie du Fichier: D:\kerberos.htx\a trier\progz mig\brutus\brutus-aet2.zip (331,00 K/S -   338 947 bytes)
[11:55:45] - [49] MIRKO.POZEN: Début du Téléchargement de: D:\kerberos.htx\a trier\progz mig\brutus\brutus-aet2.zip
[11:55:45] - [49] MIRKO.POZEN: Echec de l'envoie du Fichier: D:\kerberos.htx\a trier\progz mig\brutus\brutus-aet2.zip (331,00 K/S -   338 947 bytes)
[11:55:45] - [49] MIRKO.POZEN: Début du Téléchargement de: D:\kerberos.htx\a trier\progz mig\brutus\brutus-aet2.zip
[11:55:45] - [49] MIRKO.POZEN: Echec de l'envoie du Fichier: D:\kerberos.htx\a trier\progz mig\brutus\brutus-aet2.zip (331,00 K/S -   338 947 bytes)
[11:55:45] - [49] MIRKO.POZEN: Répertoire en Cours: D:\kerberos.htx\a trier\progz mig\brutus\pass\
[11:55:45] - [49] MIRKO.POZEN: Début du Téléchargement de: D:\kerberos.htx\a trier\progz mig\brutus\pass\List de mots anglais.txt
[11:56:11] - [49] MIRKO.POZEN: Fichier envoyé: D:\kerberos.htx\a trier\progz mig\brutus\pass\List de mots anglais.txt (426,80 K/S -  10 926 181 bytes)
[11:56:11] - [49] MIRKO.POZEN: Début du Téléchargement de: D:\kerberos.htx\a trier\progz mig\brutus\pass\pass.dicos.txt
[11:56:34] - [47] MIRKO.POZEN: Répertoire en Cours: D:\kerberos.htx\a trier\
[11:56:34] - [47] MIRKO.POZEN: Répertoire en Cours: D:\kerberos.htx\a trier\1\
[11:56:41] - [47] MIRKO.POZEN: Répertoire en Cours: D:\kerberos.htx\a trier\1\BruteForcer_091\
[11:56:42] - [47] MIRKO.POZEN: Répertoire en Cours: D:\kerberos.htx\a trier\1\BruteForcer_091\Server\
[11:56:42] - [47] MIRKO.POZEN: Répertoire en Cours: D:\kerberos.htx\a trier\1\BruteForcer_091\
[11:56:42] - [47] MIRKO.POZEN: Répertoire en Cours: D:\kerberos.htx\a trier\1\BruteForcer_091\Client\
[11:56:42] - [47] MIRKO.POZEN: Répertoire en Cours: D:\kerberos.htx\a trier\1\BruteForcer_091\Client\Plugins\
[11:56:43] - [47] MIRKO.POZEN: Répertoire en Cours: D:\kerberos.htx\a trier\1\
[11:56:43] - [47] MIRKO.POZEN: Répertoire en Cours: D:\kerberos.htx\a trier\1\Bruter_1.1\
[11:56:43] - [47] MIRKO.POZEN: Répertoire en Cours: D:\kerberos.htx\a trier\1\Bruter_1.1\doc\
[11:56:44] - [47] MIRKO.POZEN: Répertoire en Cours: D:\kerberos.htx\a trier\1\Bruter_1.1\
[11:56:44] - [47] MIRKO.POZEN: Répertoire en Cours: D:\kerberos.htx\a trier\1\Bruter_1.1\dicos\
[11:56:44] - [47] MIRKO.POZEN: Répertoire en Cours: D:\kerberos.htx\a trier\1\Bruter_1.1\
[11:56:44] - [47] MIRKO.POZEN: Répertoire en Cours: D:\kerberos.htx\a trier\1\Bruter_1.1\cfg\
[11:56:45] - [47] MIRKO.POZEN: Répertoire en Cours: D:\kerberos.htx\a trier\1\Bruter_1.1\cfg\default\
[11:57:07] - [49] MIRKO.POZEN: Fichier envoyé: D:\kerberos.htx\a trier\progz mig\brutus\pass\pass.dicos.txt (389,13 K/S -  22 314 001 bytes)
[11:57:07] - [49] MIRKO.POZEN: Début du Téléchargement de: D:\kerberos.htx\a trier\progz mig\brutus\pass\pass2.txt
[11:57:07] - [49] MIRKO.POZEN: Fichier envoyé: D:\kerberos.htx\a trier\progz mig\brutus\pass\pass2.txt (0,01 K/S -    8 bytes)
[11:57:07] - [49] MIRKO.POZEN: Répertoire en Cours: D:\kerberos.htx\a trier\progz mig\brutus\dico\
[11:57:07] - [49] MIRKO.POZEN: Début du Téléchargement de: D:\kerberos.htx\a trier\progz mig\brutus\dico\anglais-divers.txt
[11:58:44] - [49] MIRKO.POZEN: Fichier envoyé: D:\kerberos.htx\a trier\progz mig\brutus\dico\anglais-divers.txt (335,65 K/S -  33 339 092 bytes)
[11:58:44] - [49] MIRKO.POZEN: Début du Téléchargement de: D:\kerberos.htx\a trier\progz mig\brutus\dico\anglais-divers.zip
[11:59:05] - [49] MIRKO.POZEN: Fichier envoyé: D:\kerberos.htx\a trier\progz mig\brutus\dico\anglais-divers.zip (432,19 K/S -  9 293 808 bytes)
[11:59:06] - [49] MIRKO.POZEN: Répertoire en Cours: D:\kerberos.htx\a trier\1\BruteForcer_091\
[11:59:06] - [49] MIRKO.POZEN: Début du Téléchargement de: D:\kerberos.htx\a trier\1\BruteForcer_091\BruteForcer_091.rar
[11:59:10] - [49] MIRKO.POZEN: Fichier envoyé: D:\kerberos.htx\a trier\1\BruteForcer_091\BruteForcer_091.rar (373,72 K/S -  1 913 424 bytes)
[11:59:10] - [49] MIRKO.POZEN: Début du Téléchargement de: D:\kerberos.htx\a trier\1\BruteForcer_091\Readme.txt
[11:59:11] - [49] MIRKO.POZEN: Fichier envoyé: D:\kerberos.htx\a trier\1\BruteForcer_091\Readme.txt (4,14 K/S -   4 243 bytes)
[11:59:11] - [49] MIRKO.POZEN: Répertoire en Cours: D:\kerberos.htx\a trier\1\BruteForcer_091\Server\
[11:59:11] - [49] MIRKO.POZEN: Début du Téléchargement de: D:\kerberos.htx\a trier\1\BruteForcer_091\Server\BFS.exe
[11:59:24] - [49] MIRKO.POZEN: Fichier envoyé: D:\kerberos.htx\a trier\1\BruteForcer_091\Server\BFS.exe (19,08 K/S -   253 952 bytes)
[11:59:24] - [49] MIRKO.POZEN: Répertoire en Cours: D:\kerberos.htx\a trier\1\BruteForcer_091\Client\
[11:59:24] - [49] MIRKO.POZEN: Début du Téléchargement de: D:\kerberos.htx\a trier\1\BruteForcer_091\Client\BFC.exe
[11:59:25] - [49] MIRKO.POZEN: Fichier envoyé: D:\kerberos.htx\a trier\1\BruteForcer_091\Client\BFC.exe (107,50 K/S -   220 160 bytes)
[11:59:25] - [49] MIRKO.POZEN: Début du Téléchargement de: D:\kerberos.htx\a trier\1\BruteForcer_091\Client\English.bfw
[11:59:33] - [49] MIRKO.POZEN: Fichier envoyé: D:\kerberos.htx\a trier\1\BruteForcer_091\Client\English.bfw (421,65 K/S -  3 454 134 bytes)
[11:59:33] - [49] MIRKO.POZEN: Début du Téléchargement de: D:\kerberos.htx\a trier\1\BruteForcer_091\Client\Test.rar
[11:59:33] - [49] MIRKO.POZEN: Fichier envoyé: D:\kerberos.htx\a trier\1\BruteForcer_091\Client\Test.rar (1,21 K/S -   1 236 bytes)
[11:59:33] - [49] MIRKO.POZEN: Répertoire en Cours: D:\kerberos.htx\a trier\1\BruteForcer_091\Client\Plugins\
[11:59:33] - [49] MIRKO.POZEN: Début du Téléchargement de: D:\kerberos.htx\a trier\1\BruteForcer_091\Client\Plugins\BF_Rar3.bfl
[11:59:34] - [49] MIRKO.POZEN: Fichier envoyé: D:\kerberos.htx\a trier\1\BruteForcer_091\Client\Plugins\BF_Rar3.bfl (41,00 K/S -   41 984 bytes)
[11:59:34] - [49] MIRKO.POZEN: Début du Téléchargement de: D:\kerberos.htx\a trier\1\BruteForcer_091\Client\Plugins\unrar.dll
[11:59:34] - [49] MIRKO.POZEN: Fichier envoyé: D:\kerberos.htx\a trier\1\BruteForcer_091\Client\Plugins\unrar.dll (188,00 K/S -   192 512 bytes)
[11:59:34] - [49] MIRKO.POZEN: Répertoire en Cours: D:\kerberos.htx\a trier\1\Bruter_1.1\
[11:59:35] - [49] MIRKO.POZEN: Début du Téléchargement de: D:\kerberos.htx\a trier\1\Bruter_1.1\Bruter.exe
[11:59:35] - [49] MIRKO.POZEN: Fichier envoyé: D:\kerberos.htx\a trier\1\Bruter_1.1\Bruter.exe (226,50 K/S -   231 936 bytes)
[11:59:35] - [49] MIRKO.POZEN: Début du Téléchargement de: D:\kerberos.htx\a trier\1\Bruter_1.1\Changelog.txt
[11:59:36] - [49] MIRKO.POZEN: Fichier envoyé: D:\kerberos.htx\a trier\1\Bruter_1.1\Changelog.txt (4,96 K/S -   5 074 bytes)
[11:59:36] - [49] MIRKO.POZEN: Début du Téléchargement de: D:\kerberos.htx\a trier\1\Bruter_1.1\example_dict.txt
[11:59:36] - [49] MIRKO.POZEN: Fichier envoyé: D:\kerberos.htx\a trier\1\Bruter_1.1\example_dict.txt (0,13 K/S -    134 bytes)
[11:59:36] - [49] MIRKO.POZEN: Début du Téléchargement de: D:\kerberos.htx\a trier\1\Bruter_1.1\libeay32.dll
[11:59:39] - [49] MIRKO.POZEN: Fichier envoyé: D:\kerberos.htx\a trier\1\Bruter_1.1\libeay32.dll (358,00 K/S -  1 099 776 bytes)
[11:59:39] - [49] MIRKO.POZEN: Début du Téléchargement de: D:\kerberos.htx\a trier\1\Bruter_1.1\libssh2.dll
[11:59:39] - [49] MIRKO.POZEN: Fichier envoyé: D:\kerberos.htx\a trier\1\Bruter_1.1\libssh2.dll (105,50 K/S -   108 032 bytes)
[11:59:39] - [49] MIRKO.POZEN: Début du Téléchargement de: D:\kerberos.htx\a trier\1\Bruter_1.1\LICENSE.txt
[11:59:39] - [49] MIRKO.POZEN: Fichier envoyé: D:\kerberos.htx\a trier\1\Bruter_1.1\LICENSE.txt (1,50 K/S -   1 531 bytes)
[11:59:39] - [49] MIRKO.POZEN: Début du Téléchargement de: D:\kerberos.htx\a trier\1\Bruter_1.1\LICENSE_openssl.txt
[11:59:40] - [49] MIRKO.POZEN: Fichier envoyé: D:\kerberos.htx\a trier\1\Bruter_1.1\LICENSE_openssl.txt (6,26 K/S -   6 406 bytes)
[11:59:40] - [49] MIRKO.POZEN: Début du Téléchargement de: D:\kerberos.htx\a trier\1\Bruter_1.1\README.txt
[11:59:40] - [49] MIRKO.POZEN: Fichier envoyé: D:\kerberos.htx\a trier\1\Bruter_1.1\README.txt (0,02 K/S -    20 bytes)
[11:59:40] - [49] MIRKO.POZEN: Début du Téléchargement de: D:\kerberos.htx\a trier\1\Bruter_1.1\ssleay32.dll
[11:59:41] - [49] MIRKO.POZEN: Fichier envoyé: D:\kerberos.htx\a trier\1\Bruter_1.1\ssleay32.dll (231,50 K/S -   237 056 bytes)
[11:59:41] - [49] MIRKO.POZEN: Répertoire en Cours: D:\kerberos.htx\a trier\1\Bruter_1.1\doc\
[11:59:41] - [49] MIRKO.POZEN: Début du Téléchargement de: D:\kerberos.htx\a trier\1\Bruter_1.1\doc\ftp.html
[11:59:41] - [49] MIRKO.POZEN: Fichier envoyé: D:\kerberos.htx\a trier\1\Bruter_1.1\doc\ftp.html (0,18 K/S -    185 bytes)
[11:59:41] - [49] MIRKO.POZEN: Début du Téléchargement de: D:\kerberos.htx\a trier\1\Bruter_1.1\doc\http.html
[11:59:41] - [49] MIRKO.POZEN: Fichier envoyé: D:\kerberos.htx\a trier\1\Bruter_1.1\doc\http.html (0,64 K/S -    652 bytes)
[11:59:41] - [49] MIRKO.POZEN: Début du Téléchargement de: D:\kerberos.htx\a trier\1\Bruter_1.1\doc\imap.html
[11:59:41] - [49] MIRKO.POZEN: Fichier envoyé: D:\kerberos.htx\a trier\1\Bruter_1.1\doc\imap.html (1,42 K/S -   1 458 bytes)
[11:59:42] - [49] MIRKO.POZEN: Début du Téléchargement de: D:\kerberos.htx\a trier\1\Bruter_1.1\doc\index.html
[11:59:42] - [49] MIRKO.POZEN: Fichier envoyé: D:\kerberos.htx\a trier\1\Bruter_1.1\doc\index.html (9,97 K/S -   10 214 bytes)
[11:59:42] - [49] MIRKO.POZEN: Début du Téléchargement de: D:\kerberos.htx\a trier\1\Bruter_1.1\doc\mssql.html
[11:59:42] - [49] MIRKO.POZEN: Fichier envoyé: D:\kerberos.htx\a trier\1\Bruter_1.1\doc\mssql.html (0,30 K/S -    307 bytes)
[11:59:42] - [49] MIRKO.POZEN: Début du Téléchargement de: D:\kerberos.htx\a trier\1\Bruter_1.1\doc\mysql.html
[11:59:42] - [49] MIRKO.POZEN: Fichier envoyé: D:\kerberos.htx\a trier\1\Bruter_1.1\doc\mysql.html (0,30 K/S -    307 bytes)
[11:59:42] - [49] MIRKO.POZEN: Début du Téléchargement de: D:\kerberos.htx\a trier\1\Bruter_1.1\doc\pgsql.html
[11:59:42] - [49] MIRKO.POZEN: Fichier envoyé: D:\kerberos.htx\a trier\1\Bruter_1.1\doc\pgsql.html (0,36 K/S -    366 bytes)
[11:59:42] - [49] MIRKO.POZEN: Début du Téléchargement de: D:\kerberos.htx\a trier\1\Bruter_1.1\doc\pop3.html
[11:59:42] - [49] MIRKO.POZEN: Fichier envoyé: D:\kerberos.htx\a trier\1\Bruter_1.1\doc\pop3.html (1,44 K/S -   1 470 bytes)
[11:59:43] - [49] MIRKO.POZEN: Début du Téléchargement de: D:\kerberos.htx\a trier\1\Bruter_1.1\doc\sip.html
[11:59:43] - [49] MIRKO.POZEN: Fichier envoyé: D:\kerberos.htx\a trier\1\Bruter_1.1\doc\sip.html (0,59 K/S -    601 bytes)
[11:59:43] - [49] MIRKO.POZEN: Début du Téléchargement de: D:\kerberos.htx\a trier\1\Bruter_1.1\doc\smb.html
[11:59:43] - [49] MIRKO.POZEN: Fichier envoyé: D:\kerberos.htx\a trier\1\Bruter_1.1\doc\smb.html (3,56 K/S -   3 641 bytes)
[11:59:43] - [49] MIRKO.POZEN: Début du Téléchargement de: D:\kerberos.htx\a trier\1\Bruter_1.1\doc\smtp.html
[11:59:43] - [49] MIRKO.POZEN: Fichier envoyé: D:\kerberos.htx\a trier\1\Bruter_1.1\doc\smtp.html (1,43 K/S -   1 463 bytes)
[11:59:43] - [49] MIRKO.POZEN: Début du Téléchargement de: D:\kerberos.htx\a trier\1\Bruter_1.1\doc\snmp.html
[11:59:43] - [49] MIRKO.POZEN: Fichier envoyé: D:\kerberos.htx\a trier\1\Bruter_1.1\doc\snmp.html (1,38 K/S -   1 412 bytes)
[11:59:44] - [49] MIRKO.POZEN: Début du Téléchargement de: D:\kerberos.htx\a trier\1\Bruter_1.1\doc\ssh.html
[11:59:44] - [49] MIRKO.POZEN: Fichier envoyé: D:\kerberos.htx\a trier\1\Bruter_1.1\doc\ssh.html (0,71 K/S -    723 bytes)
[11:59:44] - [49] MIRKO.POZEN: Début du Téléchargement de: D:\kerberos.htx\a trier\1\Bruter_1.1\doc\telnet.html
[11:59:44] - [49] MIRKO.POZEN: Fichier envoyé: D:\kerberos.htx\a trier\1\Bruter_1.1\doc\telnet.html (0,26 K/S -    264 bytes)
[11:59:44] - [49] MIRKO.POZEN: Début du Téléchargement de: D:\kerberos.htx\a trier\1\Bruter_1.1\doc\vnc.html
[11:59:44] - [49] MIRKO.POZEN: Fichier envoyé: D:\kerberos.htx\a trier\1\Bruter_1.1\doc\vnc.html (0,45 K/S -    460 bytes)
[11:59:44] - [49] MIRKO.POZEN: Début du Téléchargement de: D:\kerberos.htx\a trier\1\Bruter_1.1\doc\web_form.html
[11:59:44] - [49] MIRKO.POZEN: Fichier envoyé: D:\kerberos.htx\a trier\1\Bruter_1.1\doc\web_form.html (4,40 K/S -   4 505 bytes)
[11:59:44] - [49] MIRKO.POZEN: Répertoire en Cours: D:\kerberos.htx\a trier\1\Bruter_1.1\dicos\
[11:59:45] - [49] MIRKO.POZEN: Début du Téléchargement de: D:\kerberos.htx\a trier\1\Bruter_1.1\dicos\14 million password.txt
[11:59:45] - [48] MIRKO.POZEN: Fichier envoyé: D:\kerberos.htx\a trier\progz mig\brutus\pass\7 caracteres de 0 a 9.txt (360,21 K/S -  90 000 000 bytes)
[11:59:45] - [48] MIRKO.POZEN: Répertoire en Cours: D:\kerberos.htx\a trier\1\Bruter_1.1\dicos\
[11:59:45] - [48] MIRKO.POZEN: Début du Téléchargement de: D:\kerberos.htx\a trier\1\Bruter_1.1\dicos\pass brute force1.txt
[11:59:46] - [49] MIRKO.POZEN: Fichier envoyé: D:\kerberos.htx\a trier\1\Bruter_1.1\dicos\14 million password.txt (317,62 K/S -   325 243 bytes)
[11:59:46] - [49] MIRKO.POZEN: Répertoire en Cours: D:\kerberos.htx\a trier\1\Bruter_1.1\cfg\default\
[11:59:46] - [49] MIRKO.POZEN: Début du Téléchargement de: D:\kerberos.htx\a trier\1\Bruter_1.1\cfg\default\http.cfg
[11:59:46] - [49] MIRKO.POZEN: Fichier envoyé: D:\kerberos.htx\a trier\1\Bruter_1.1\cfg\default\http.cfg (0,02 K/S -    24 bytes)
[11:59:46] - [49] MIRKO.POZEN: Début du Téléchargement de: D:\kerberos.htx\a trier\1\Bruter_1.1\cfg\default\imap.cfg
[11:59:46] - [49] MIRKO.POZEN: Fichier envoyé: D:\kerberos.htx\a trier\1\Bruter_1.1\cfg\default\imap.cfg (0,05 K/S -    50 bytes)
[11:59:46] - [49] MIRKO.POZEN: Début du Téléchargement de: D:\kerberos.htx\a trier\1\Bruter_1.1\cfg\default\main.cfg
[11:59:46] - [49] MIRKO.POZEN: Fichier envoyé: D:\kerberos.htx\a trier\1\Bruter_1.1\cfg\default\main.cfg (0,76 K/S -    775 bytes)
[11:59:46] - [49] MIRKO.POZEN: Début du Téléchargement de: D:\kerberos.htx\a trier\1\Bruter_1.1\cfg\default\pop3.cfg
[11:59:46] - [49] MIRKO.POZEN: Fichier envoyé: D:\kerberos.htx\a trier\1\Bruter_1.1\cfg\default\pop3.cfg (0,05 K/S -    50 bytes)
[11:59:46] - [49] MIRKO.POZEN: Début du Téléchargement de: D:\kerberos.htx\a trier\1\Bruter_1.1\cfg\default\sip-tcp.cfg
[11:59:47] - [49] MIRKO.POZEN: Fichier envoyé: D:\kerberos.htx\a trier\1\Bruter_1.1\cfg\default\sip-tcp.cfg (0,02 K/S -    21 bytes)
[11:59:47] - [49] MIRKO.POZEN: Début du Téléchargement de: D:\kerberos.htx\a trier\1\Bruter_1.1\cfg\default\sip.cfg
[11:59:47] - [49] MIRKO.POZEN: Fichier envoyé: D:\kerberos.htx\a trier\1\Bruter_1.1\cfg\default\sip.cfg (0,02 K/S -    21 bytes)
[11:59:47] - [49] MIRKO.POZEN: Début du Téléchargement de: D:\kerberos.htx\a trier\1\Bruter_1.1\cfg\default\smb.cfg
[11:59:47] - [49] MIRKO.POZEN: Fichier envoyé: D:\kerberos.htx\a trier\1\Bruter_1.1\cfg\default\smb.cfg (0,04 K/S -    38 bytes)
[11:59:47] - [49] MIRKO.POZEN: Début du Téléchargement de: D:\kerberos.htx\a trier\1\Bruter_1.1\cfg\default\smtp.cfg
[11:59:47] - [49] MIRKO.POZEN: Fichier envoyé: D:\kerberos.htx\a trier\1\Bruter_1.1\cfg\default\smtp.cfg (0,05 K/S -    50 bytes)
[11:59:47] - [49] MIRKO.POZEN: Début du Téléchargement de: D:\kerberos.htx\a trier\1\Bruter_1.1\cfg\default\web-form.cfg
[11:59:47] - [49] MIRKO.POZEN: Fichier envoyé: D:\kerberos.htx\a trier\1\Bruter_1.1\cfg\default\web-form.cfg (0,14 K/S -    141 bytes)
[11:59:48] - [49] MIRKO.POZEN: Répertoire en Cours: D:\kerberos.htx\a trier\1\
[11:59:48] - [49] MIRKO.POZEN: Début du Téléchargement de: D:\kerberos.htx\a trier\1\pscan24.exe
[12:00:04] - [48] MIRKO.POZEN: Fichier envoyé: D:\kerberos.htx\a trier\1\Bruter_1.1\dicos\pass brute force1.txt (433,15 K/S -  8 427 420 bytes)
[12:00:08] - [49] MIRKO.POZEN: Fichier envoyé: D:\kerberos.htx\a trier\1\pscan24.exe (431,16 K/S -  8 830 152 bytes)
[12:00:36] - [48] Client 192.168.0.1 Déconnecté (00:04:57 Min)
[12:00:40] - [49] Client 192.168.0.1 Déconnecté (00:05:01 Min)
[13:51:00] - [50] Connecté à 41.203.191.125. Collecte du Nom d'utilisateur.
[13:51:00] - [50] Usager ANONYMOUS Connecté IP: 41.203.191.125
[13:51:00] - [50] Mot de Passe Incorrect: Utilisateur ANONYMOUS IP: 41.203.191.125
[13:51:01] - [50] Client 41.203.191.125 Déconnecté (00:00:00 Min)
[15:18:25] - [47] Client 192.168.0.1 Déconnecté (03:23:28 Min)
[15:24:52] - [51] Connecté à 192.168.0.1. Collecte du Nom d'utilisateur.
[15:24:52] - [51] Usager MIRKO.POZEN Connecté IP: 192.168.0.1
[15:24:52] - [51] MIRKO.POZEN: Répertoire en Cours: D:\kerberos.htx\
[15:24:53] - [51] MIRKO.POZEN: Répertoire en Cours: D:\kerberos.htx\
[15:24:57] - [51] MIRKO.POZEN: Répertoire en Cours: D:\kerberos.htx\exe\
[15:25:16] - [52] Connecté à 192.168.0.1. Collecte du Nom d'utilisateur.
[15:25:16] - [52] Usager MIRKO.POZEN Connecté IP: 192.168.0.1
[15:25:16] - [52] MIRKO.POZEN: Répertoire en Cours: D:\kerberos.htx\
[15:25:16] - [52] MIRKO.POZEN: Répertoire en Cours: D:\kerberos.htx\exe\
[15:25:16] - [52] MIRKO.POZEN: Début du Téléchargement de: D:\kerberos.htx\exe\kompozer-0.8b3.fr.win32.exe
[15:25:27] - [52] MIRKO.POZEN: Fichier envoyé: D:\kerberos.htx\exe\kompozer-0.8b3.fr.win32.exe (603,82 K/S -  6 801 477 bytes)
[15:25:35] - [52] Client 192.168.0.1 Déconnecté (00:00:19 Min)
[15:25:35] - [51] Client 192.168.0.1 Déconnecté (00:00:42 Min)
[20:08:46] - Serveur Démarré
[20:08:46] - FTP Port: 21
[20:24:13] - [1] Connecté à 192.168.0.1. Collecte du Nom d'utilisateur.
[20:24:13] - [1] Usager MIRKO.POZEN Connecté IP: 192.168.0.1
[20:24:13] - [1] MIRKO.POZEN: Répertoire en Cours: D:\kerberos.htx\
[20:24:13] - [1] MIRKO.POZEN: Répertoire en Cours: D:\kerberos.htx\
[20:24:24] - [1] MIRKO.POZEN: Répertoire en Cours: D:\kerberos.htx\rar\
[20:24:48] - [2] Connecté à 192.168.0.1. Collecte du Nom d'utilisateur.
[20:24:48] - [2] Usager MIRKO.POZEN Connecté IP: 192.168.0.1
[20:24:48] - [2] MIRKO.POZEN: Répertoire en Cours: D:\kerberos.htx\
[20:24:48] - [2] MIRKO.POZEN: Répertoire en Cours: D:\kerberos.htx\rar\
[20:24:48] - [2] MIRKO.POZEN: Début du Téléchargement de: D:\kerberos.htx\rar\Username_and_Password_Generator.zip
[20:24:48] - [2] MIRKO.POZEN: Fichier envoyé: D:\kerberos.htx\rar\Username_and_Password_Generator.zip (127,02 K/S -   130 067 bytes)
[20:24:57] - [1] MIRKO.POZEN: Répertoire en Cours: D:\kerberos.htx\rar\hack progz\
[20:25:20] - [2] Client 192.168.0.1 Déconnecté (00:00:32 Min)
[20:25:52] - [1] MIRKO.POZEN: Répertoire en Cours: D:\kerberos.htx\
[20:25:53] - [1] MIRKO.POZEN: Répertoire en Cours: D:\kerberos.htx\progz\
[20:25:55] - [1] MIRKO.POZEN: Répertoire en Cours: D:\kerberos.htx\progz\scanner vul\
[20:26:00] - [3] Connecté à 192.168.0.1. Collecte du Nom d'utilisateur.
[20:26:00] - [3] Usager MIRKO.POZEN Connecté IP: 192.168.0.1
[20:26:00] - [3] MIRKO.POZEN: Répertoire en Cours: D:\kerberos.htx\
[20:26:00] - [3] MIRKO.POZEN: Répertoire en Cours: D:\kerberos.htx\progz\scanner vul\
[20:26:00] - [3] MIRKO.POZEN: Début du Téléchargement de: D:\kerberos.htx\progz\scanner vul\Andiparos-1.0.6-Installer.exe
[20:26:09] - [3] MIRKO.POZEN: Fichier envoyé: D:\kerberos.htx\progz\scanner vul\Andiparos-1.0.6-Installer.exe (563,80 K/S -  5 773 337 bytes)
[20:26:15] - [1] MIRKO.POZEN: Répertoire en Cours: D:\kerberos.htx\progz\
[20:26:15] - [1] MIRKO.POZEN: Répertoire en Cours: D:\kerberos.htx\progz\tools\
[20:26:20] - [1] MIRKO.POZEN: Répertoire en Cours: D:\kerberos.htx\progz\tools\java\
[20:26:20] - [3] MIRKO.POZEN: Répertoire en Cours: D:\kerberos.htx\progz\tools\java\
[20:26:20] - [3] MIRKO.POZEN: Début du Téléchargement de: D:\kerberos.htx\progz\tools\java\jxpiinstall.exe
[20:26:22] - [3] MIRKO.POZEN: Fichier envoyé: D:\kerberos.htx\progz\tools\java\jxpiinstall.exe (721,56 K/S -   738 880 bytes)
[20:26:26] - [1] MIRKO.POZEN: Répertoire en Cours: D:\kerberos.htx\progz\tools\
[20:26:26] - [1] MIRKO.POZEN: Répertoire en Cours: D:\kerberos.htx\progz\tools\acunetix-web-vulnerability-scanner_10\
[20:26:26] - [3] MIRKO.POZEN: Répertoire en Cours: D:\kerberos.htx\progz\tools\acunetix-web-vulnerability-scanner_10\
[20:26:26] - [3] MIRKO.POZEN: Début du Téléchargement de: D:\kerberos.htx\progz\tools\acunetix-web-vulnerability-scanner_10\Acunetix =10,5=.rar
[20:26:31] - [4] Connecté à 192.168.0.1. Collecte du Nom d'utilisateur.
[20:26:31] - [3] MIRKO.POZEN: Echec de l'envoie du Fichier: D:\kerberos.htx\progz\tools\acunetix-web-vulnerability-scanner_10\Acunetix =10,5=.rar (0,00 K/S -     bytes)
[20:26:31] - [4] Usager MIRKO.POZEN Connecté IP: 192.168.0.1
[20:26:31] - [4] MIRKO.POZEN: Répertoire en Cours: D:\kerberos.htx\
[20:26:31] - [4] MIRKO.POZEN: Répertoire en Cours: D:\kerberos.htx\progz\tools\acunetix-web-vulnerability-scanner_10\
[20:26:31] - [3] MIRKO.POZEN: Début du Téléchargement de: D:\kerberos.htx\progz\tools\acunetix-web-vulnerability-scanner_10\Acunetix =10,5=.rar
[20:26:31] - [3] MIRKO.POZEN: Echec de l'envoie du Fichier: D:\kerberos.htx\progz\tools\acunetix-web-vulnerability-scanner_10\Acunetix =10,5=.rar (45 871,00 K/S -  46 971 758 bytes)
[20:26:31] - [4] MIRKO.POZEN: Début du Téléchargement de: D:\kerberos.htx\progz\tools\acunetix-web-vulnerability-scanner_10\acunetix-web-vulnerability-scanner_10-5-20160215_fr_47882.exe
[20:26:32] - [3] MIRKO.POZEN: Début du Téléchargement de: D:\kerberos.htx\progz\tools\acunetix-web-vulnerability-scanner_10\Acunetix =10,5=.rar
[20:26:32] - [3] MIRKO.POZEN: Echec de l'envoie du Fichier: D:\kerberos.htx\progz\tools\acunetix-web-vulnerability-scanner_10\Acunetix =10,5=.rar (45 871,00 K/S -  46 971 758 bytes)
[20:26:32] - [3] MIRKO.POZEN: Début du Téléchargement de: D:\kerberos.htx\progz\tools\acunetix-web-vulnerability-scanner_10\Acunetix =10,5=.rar
[20:26:32] - [3] MIRKO.POZEN: Echec de l'envoie du Fichier: D:\kerberos.htx\progz\tools\acunetix-web-vulnerability-scanner_10\Acunetix =10,5=.rar (45 871,00 K/S -  46 971 758 bytes)
[20:26:33] - [3] MIRKO.POZEN: Début du Téléchargement de: D:\kerberos.htx\progz\tools\acunetix-web-vulnerability-scanner_10\Acunetix =10,5=.rar
[20:26:33] - [3] MIRKO.POZEN: Echec de l'envoie du Fichier: D:\kerberos.htx\progz\tools\acunetix-web-vulnerability-scanner_10\Acunetix =10,5=.rar (45 871,00 K/S -  46 971 758 bytes)
[20:26:33] - [3] MIRKO.POZEN: Début du Téléchargement de: D:\kerberos.htx\progz\tools\acunetix-web-vulnerability-scanner_10\Acunetix =10,5=.rar
[20:26:33] - [3] MIRKO.POZEN: Echec de l'envoie du Fichier: D:\kerberos.htx\progz\tools\acunetix-web-vulnerability-scanner_10\Acunetix =10,5=.rar (45 871,00 K/S -  46 971 758 bytes)
[20:26:33] - [3] MIRKO.POZEN: Début du Téléchargement de: D:\kerberos.htx\progz\tools\acunetix-web-vulnerability-scanner_10\Acunetix =10,5=.rar
[20:26:33] - [3] MIRKO.POZEN: Echec de l'envoie du Fichier: D:\kerberos.htx\progz\tools\acunetix-web-vulnerability-scanner_10\Acunetix =10,5=.rar (45 871,00 K/S -  46 971 758 bytes)
[20:26:33] - [3] MIRKO.POZEN: Début du Téléchargement de: D:\kerberos.htx\progz\tools\acunetix-web-vulnerability-scanner_10\Acunetix =10,5=.rar
[20:26:33] - [3] MIRKO.POZEN: Echec de l'envoie du Fichier: D:\kerberos.htx\progz\tools\acunetix-web-vulnerability-scanner_10\Acunetix =10,5=.rar (45 871,00 K/S -  46 971 758 bytes)
[20:26:33] - [3] MIRKO.POZEN: Début du Téléchargement de: D:\kerberos.htx\progz\tools\acunetix-web-vulnerability-scanner_10\Acunetix =10,5=.rar
[20:26:33] - [3] MIRKO.POZEN: Echec de l'envoie du Fichier: D:\kerberos.htx\progz\tools\acunetix-web-vulnerability-scanner_10\Acunetix =10,5=.rar (45 871,00 K/S -  46 971 758 bytes)
[20:26:34] - [3] MIRKO.POZEN: Début du Téléchargement de: D:\kerberos.htx\progz\tools\acunetix-web-vulnerability-scanner_10\Acunetix =10,5=.rar
[20:26:34] - [3] MIRKO.POZEN: Echec de l'envoie du Fichier: D:\kerberos.htx\progz\tools\acunetix-web-vulnerability-scanner_10\Acunetix =10,5=.rar (45 871,00 K/S -  46 971 758 bytes)
[20:26:34] - [3] MIRKO.POZEN: Début du Téléchargement de: D:\kerberos.htx\progz\tools\acunetix-web-vulnerability-scanner_10\Acunetix =10,5=.rar
[20:26:34] - [3] MIRKO.POZEN: Echec de l'envoie du Fichier: D:\kerberos.htx\progz\tools\acunetix-web-vulnerability-scanner_10\Acunetix =10,5=.rar (45 871,00 K/S -  46 971 758 bytes)
[20:26:34] - [3] MIRKO.POZEN: Début du Téléchargement de: D:\kerberos.htx\progz\tools\acunetix-web-vulnerability-scanner_10\Acunetix =10,5=.rar
[20:26:34] - [3] MIRKO.POZEN: Echec de l'envoie du Fichier: D:\kerberos.htx\progz\tools\acunetix-web-vulnerability-scanner_10\Acunetix =10,5=.rar (45 871,00 K/S -  46 971 758 bytes)
[20:26:34] - [3] MIRKO.POZEN: Début du Téléchargement de: D:\kerberos.htx\progz\tools\acunetix-web-vulnerability-scanner_10\Acunetix =10,5=.rar
[20:26:34] - [3] MIRKO.POZEN: Echec de l'envoie du Fichier: D:\kerberos.htx\progz\tools\acunetix-web-vulnerability-scanner_10\Acunetix =10,5=.rar (45 871,00 K/S -  46 971 758 bytes)
[20:26:34] - [3] MIRKO.POZEN: Début du Téléchargement de: D:\kerberos.htx\progz\tools\acunetix-web-vulnerability-scanner_10\Acunetix =10,5=.rar
[20:26:34] - [3] MIRKO.POZEN: Echec de l'envoie du Fichier: D:\kerberos.htx\progz\tools\acunetix-web-vulnerability-scanner_10\Acunetix =10,5=.rar (45 871,00 K/S -  46 971 758 bytes)
[20:26:35] - [3] MIRKO.POZEN: Début du Téléchargement de: D:\kerberos.htx\progz\tools\acunetix-web-vulnerability-scanner_10\Acunetix =10,5=.rar
[20:26:35] - [3] MIRKO.POZEN: Echec de l'envoie du Fichier: D:\kerberos.htx\progz\tools\acunetix-web-vulnerability-scanner_10\Acunetix =10,5=.rar (45 871,00 K/S -  46 971 758 bytes)
[20:26:35] - [3] MIRKO.POZEN: Début du Téléchargement de: D:\kerberos.htx\progz\tools\acunetix-web-vulnerability-scanner_10\Acunetix =10,5=.rar
[20:26:35] - [3] MIRKO.POZEN: Echec de l'envoie du Fichier: D:\kerberos.htx\progz\tools\acunetix-web-vulnerability-scanner_10\Acunetix =10,5=.rar (45 871,00 K/S -  46 971 758 bytes)
[20:26:35] - [3] MIRKO.POZEN: Début du Téléchargement de: D:\kerberos.htx\progz\tools\acunetix-web-vulnerability-scanner_10\Acunetix =10,5=.rar
[20:26:35] - [3] MIRKO.POZEN: Echec de l'envoie du Fichier: D:\kerberos.htx\progz\tools\acunetix-web-vulnerability-scanner_10\Acunetix =10,5=.rar (45 871,00 K/S -  46 971 758 bytes)
[20:26:35] - [3] MIRKO.POZEN: Début du Téléchargement de: D:\kerberos.htx\progz\tools\acunetix-web-vulnerability-scanner_10\Acunetix =10,5=.rar
[20:26:35] - [3] MIRKO.POZEN: Echec de l'envoie du Fichier: D:\kerberos.htx\progz\tools\acunetix-web-vulnerability-scanner_10\Acunetix =10,5=.rar (45 871,00 K/S -  46 971 758 bytes)
[20:26:35] - [3] MIRKO.POZEN: Début du Téléchargement de: D:\kerberos.htx\progz\tools\acunetix-web-vulnerability-scanner_10\Acunetix =10,5=.rar
[20:26:35] - [3] MIRKO.POZEN: Echec de l'envoie du Fichier: D:\kerberos.htx\progz\tools\acunetix-web-vulnerability-scanner_10\Acunetix =10,5=.rar (45 871,00 K/S -  46 971 758 bytes)
[20:26:36] - [3] MIRKO.POZEN: Début du Téléchargement de: D:\kerberos.htx\progz\tools\acunetix-web-vulnerability-scanner_10\Acunetix =10,5=.rar
[20:26:36] - [3] MIRKO.POZEN: Echec de l'envoie du Fichier: D:\kerberos.htx\progz\tools\acunetix-web-vulnerability-scanner_10\Acunetix =10,5=.rar (45 871,00 K/S -  46 971 758 bytes)
[20:27:07] - [3] Client 192.168.0.1 Déconnecté (00:01:07 Min)
[20:27:26] - [4] MIRKO.POZEN: Echec de l'envoie du Fichier: D:\kerberos.htx\progz\tools\acunetix-web-vulnerability-scanner_10\acunetix-web-vulnerability-scanner_10-5-20160215_fr_47882.exe (400,74 K/S -  22 159 360 bytes)
[20:27:26] - [4] MIRKO.POZEN: Résumé du Téléchargement de: D:\kerberos.htx\progz\tools\acunetix-web-vulnerability-scanner_10\acunetix-web-vulnerability-scanner_10-5-20160215_fr_47882.exe A:  22 150 580 bytes
[20:27:38] - [4] MIRKO.POZEN: Fichier envoyé: D:\kerberos.htx\progz\tools\acunetix-web-vulnerability-scanner_10\acunetix-web-vulnerability-scanner_10-5-20160215_fr_47882.exe (2 493,42 K/S -  30 639 184 bytes)
[20:28:10] - [4] Client 192.168.0.1 Déconnecté (00:01:38 Min)
[20:29:01] - [5] Connecté à 5.79.68.210. Collecte du Nom d'utilisateur.
[20:29:01] - [5] Client 5.79.68.210 Déconnecté (00:00:00 Min)
[20:32:11] - [6] Connecté à 5.79.68.210. Collecte du Nom d'utilisateur.
[20:32:11] - [6] Client 5.79.68.210 Déconnecté (00:00:00 Min)
[20:34:02] - [7] Connecté à 192.168.0.1. Collecte du Nom d'utilisateur.
[20:34:02] - [7] Usager MIRKO.POZEN Connecté IP: 192.168.0.1
[20:34:02] - [7] MIRKO.POZEN: Répertoire en Cours: D:\kerberos.htx\
[20:35:02] - [8] Connecté à 192.168.0.1. Collecte du Nom d'utilisateur.
[20:35:02] - [8] Client 192.168.0.1 Déconnecté (00:00:00 Min)
[20:35:24] - [9] Connecté à 192.168.0.1. Collecte du Nom d'utilisateur.
[20:35:24] - [9] Usager MIRKO.POZEN Connecté IP: 192.168.0.1
[20:35:24] - [9] MIRKO.POZEN: Répertoire en Cours: D:\kerberos.htx\
[20:36:29] - [10] Connecté à 192.168.0.1. Collecte du Nom d'utilisateur.
[20:36:29] - [10] Usager MIRKO.POZEN Connecté IP: 192.168.0.1
[20:36:29] - [10] MIRKO.POZEN: Répertoire en Cours: D:\kerberos.htx\
[20:37:57] - [10] Client 192.168.0.1 Déconnecté (00:01:27 Min)
[20:46:40] - [11] Connecté à 192.168.0.1. Collecte du Nom d'utilisateur.
[20:46:40] - [11] Client 192.168.0.1 Déconnecté (00:00:00 Min)
[20:55:23] - [12] Connecté à 192.168.0.1. Collecte du Nom d'utilisateur.
[20:55:23] - [12] Client 192.168.0.1 Déconnecté (00:00:00 Min)
[21:29:18] - [13] Connecté à 192.168.0.1. Collecte du Nom d'utilisateur.
[21:29:18] - [13] Usager MIRKO.POZEN Connecté IP: 192.168.0.1
[21:29:18] - [13] MIRKO.POZEN: Répertoire en Cours: D:\kerberos.htx\
[21:29:18] - [13] MIRKO.POZEN: Répertoire en Cours: D:\kerberos.htx\
[21:29:33] - [14] Connecté à 192.168.0.1. Collecte du Nom d'utilisateur.
[21:29:33] - [14] Usager MIRKO.POZEN Connecté IP: 192.168.0.1
[21:29:33] - [14] MIRKO.POZEN: Répertoire en Cours: D:\kerberos.htx\
[21:29:33] - [14] MIRKO.POZEN: Répertoire en Cours: D:\kerberos.htx\
[21:29:33] - [14] MIRKO.POZEN: Début d'Upload de D:\kerberos.htx\Username_and_Password_Generator.exe
[21:29:33] - [14] MIRKO.POZEN: Fichier Upload: D:\kerberos.htx\Username_and_Password_Generator.exe (166,00 K/S -   169 984 bytes)
[21:30:05] - [14] Client 192.168.0.1 Déconnecté (00:00:31 Min)
[21:34:08] - [15] Connecté à 192.168.0.1. Collecte du Nom d'utilisateur.
[21:34:08] - [15] Client 192.168.0.1 Déconnecté (00:00:00 Min)
[22:10:20] - [16] Connecté à 192.168.0.1. Collecte du Nom d'utilisateur.
[22:10:20] - [16] Usager MIRKO.POZEN Connecté IP: 192.168.0.1
[22:10:20] - [16] MIRKO.POZEN: Répertoire en Cours: D:\kerberos.htx\
[22:10:20] - [16] MIRKO.POZEN: Répertoire en Cours: D:\kerberos.htx\
[22:25:15] - [16] Client 192.168.0.1 Déconnecté (00:14:54 Min)
