[20:37:37] - Serveur Démarré
[20:37:37] - FTP Port: 21
[21:32:38] - [1] Connecté à 192.168.0.1. Collecte du Nom d'utilisateur.
[21:32:38] - [1] Usager MIRKO.POZEN Connecté IP: 192.168.0.1
[21:32:38] - [1] MIRKO.POZEN: Répertoire en Cours: D:\kerberos.htx\
[21:32:38] - [1] MIRKO.POZEN: Répertoire en Cours: D:\kerberos.htx\
[21:32:56] - [1] MIRKO.POZEN: Répertoire en Cours: D:\kerberos.htx\
[21:32:56] - [1] MIRKO.POZEN: Nouveau Répertoire: D:\kerberos.htx\uxor, conjux  original
[21:32:56] - [1] MIRKO.POZEN: Répertoire en Cours: D:\kerberos.htx\
[21:32:56] - [1] MIRKO.POZEN: Nouveau Répertoire: D:\kerberos.htx\uxor, conjux  original
[21:32:56] - [1] MIRKO.POZEN: Répertoire en Cours: D:\kerberos.htx\uxor, conjux  original\
[21:32:56] - [1] MIRKO.POZEN: Nouveau Répertoire: D:\kerberos.htx\uxor, conjux  original\uxor, conjux  redimentionne
[21:32:56] - [1] MIRKO.POZEN: Répertoire en Cours: D:\kerberos.htx\uxor, conjux  original\
[21:32:56] - [1] MIRKO.POZEN: Nouveau Répertoire: D:\kerberos.htx\uxor, conjux  original\uxor, conjux  redimentionne
[21:33:55] - [1] MIRKO.POZEN: Répertoire en Cours: D:\kerberos.htx\
[21:33:55] - [1] MIRKO.POZEN: Répertoire en Cours: D:\kerberos.htx\mig thoor\
[21:34:03] - [1] MIRKO.POZEN: Répertoire en Cours: D:\kerberos.htx\mig thoor\uxor, conjux  original\
[21:34:04] - [1] MIRKO.POZEN: Répertoire en Cours: D:\kerberos.htx\mig thoor\uxor, conjux  original\uxor, conjux  redimentionne\
[21:34:04] - [1] MIRKO.POZEN: Répertoire en Cours: D:\kerberos.htx\mig thoor\
[21:34:04] - [1] MIRKO.POZEN: Répertoire en Cours: D:\kerberos.htx\mig thoor\stop.the.war.in the.world\
[21:34:04] - [1] MIRKO.POZEN: Répertoire en Cours: D:\kerberos.htx\mig thoor\
[21:34:04] - [1] MIRKO.POZEN: Répertoire en Cours: D:\kerberos.htx\mig thoor\sculpture.art.brut.meccanica.keys\
[21:34:05] - [1] MIRKO.POZEN: Répertoire en Cours: D:\kerberos.htx\mig thoor\
[21:34:05] - [1] MIRKO.POZEN: Répertoire en Cours: D:\kerberos.htx\mig thoor\photos.maison.canaries\
[21:34:05] - [1] MIRKO.POZEN: Répertoire en Cours: D:\kerberos.htx\mig thoor\photos.maison.canaries\img.jardin\
[21:34:06] - [1] MIRKO.POZEN: Répertoire en Cours: D:\kerberos.htx\mig thoor\
[21:34:06] - [1] MIRKO.POZEN: Répertoire en Cours: D:\kerberos.htx\mig thoor\lost the car original\
[21:34:06] - [1] MIRKO.POZEN: Répertoire en Cours: D:\kerberos.htx\mig thoor\lost the car original\lostcart redimentionnee\
[21:34:06] - [2] Connecté à 192.168.0.1. Collecte du Nom d'utilisateur.
[21:34:06] - [2] Usager MIRKO.POZEN Connecté IP: 192.168.0.1
[21:34:06] - [2] MIRKO.POZEN: Répertoire en Cours: D:\kerberos.htx\
[21:34:06] - [3] Connecté à 192.168.0.1. Collecte du Nom d'utilisateur.
[21:34:06] - [3] Usager MIRKO.POZEN Connecté IP: 192.168.0.1
[21:34:07] - [3] MIRKO.POZEN: Répertoire en Cours: D:\kerberos.htx\
[21:34:07] - [2] MIRKO.POZEN: Répertoire en Cours: D:\kerberos.htx\mig thoor\
[21:34:07] - [3] MIRKO.POZEN: Répertoire en Cours: D:\kerberos.htx\mig thoor\
[21:34:07] - [2] MIRKO.POZEN: Début du Téléchargement de: D:\kerberos.htx\mig thoor\canal blog mig thoor.txt
[21:34:07] - [2] MIRKO.POZEN: Fichier envoyé: D:\kerberos.htx\mig thoor\canal blog mig thoor.txt (0,12 K/S -    121 bytes)
[21:34:07] - [3] MIRKO.POZEN: Début du Téléchargement de: D:\kerberos.htx\mig thoor\Thumbs.db
[21:34:07] - [3] MIRKO.POZEN: Fichier envoyé: D:\kerberos.htx\mig thoor\Thumbs.db (8,00 K/S -   8 192 bytes)
[21:34:07] - [3] MIRKO.POZEN: Répertoire en Cours: D:\kerberos.htx\mig thoor\uxor, conjux  original\
[21:34:07] - [3] MIRKO.POZEN: Début du Téléchargement de: D:\kerberos.htx\mig thoor\uxor, conjux  original\DSCF7042.JPG
[21:34:07] - [2] MIRKO.POZEN: Répertoire en Cours: D:\kerberos.htx\mig thoor\uxor, conjux  original\
[21:34:07] - [2] MIRKO.POZEN: Début du Téléchargement de: D:\kerberos.htx\mig thoor\uxor, conjux  original\DSCF7043.JPG
[21:34:11] - [3] MIRKO.POZEN: Fichier envoyé: D:\kerberos.htx\mig thoor\uxor, conjux  original\DSCF7042.JPG (327,12 K/S -  1 339 866 bytes)
[21:34:11] - [3] MIRKO.POZEN: Début du Téléchargement de: D:\kerberos.htx\mig thoor\uxor, conjux  original\DSCF7045.JPG
[21:34:11] - [2] MIRKO.POZEN: Fichier envoyé: D:\kerberos.htx\mig thoor\uxor, conjux  original\DSCF7043.JPG (332,39 K/S -  1 361 471 bytes)
[21:34:11] - [2] MIRKO.POZEN: Début du Téléchargement de: D:\kerberos.htx\mig thoor\uxor, conjux  original\DSCF7046.JPG
[21:34:13] - [3] MIRKO.POZEN: Fichier envoyé: D:\kerberos.htx\mig thoor\uxor, conjux  original\DSCF7045.JPG (424,11 K/S -  1 302 860 bytes)
[21:34:13] - [3] MIRKO.POZEN: Début du Téléchargement de: D:\kerberos.htx\mig thoor\uxor, conjux  original\DSCF7048.JPG
[21:34:15] - [2] MIRKO.POZEN: Fichier envoyé: D:\kerberos.htx\mig thoor\uxor, conjux  original\DSCF7046.JPG (327,75 K/S -  1 342 470 bytes)
[21:34:15] - [2] MIRKO.POZEN: Début du Téléchargement de: D:\kerberos.htx\mig thoor\uxor, conjux  original\DSCF7049.JPG
[21:34:17] - [3] MIRKO.POZEN: Fichier envoyé: D:\kerberos.htx\mig thoor\uxor, conjux  original\DSCF7048.JPG (436,91 K/S -  1 342 197 bytes)
[21:34:17] - [3] MIRKO.POZEN: Début du Téléchargement de: D:\kerberos.htx\mig thoor\uxor, conjux  original\DSCF7050.JPG
[21:34:18] - [2] MIRKO.POZEN: Fichier envoyé: D:\kerberos.htx\mig thoor\uxor, conjux  original\DSCF7049.JPG (428,80 K/S -  1 317 272 bytes)
[21:34:18] - [2] MIRKO.POZEN: Début du Téléchargement de: D:\kerberos.htx\mig thoor\uxor, conjux  original\DSCF7051.JPG
[21:34:21] - [3] MIRKO.POZEN: Fichier envoyé: D:\kerberos.htx\mig thoor\uxor, conjux  original\DSCF7050.JPG (328,56 K/S -  1 345 768 bytes)
[21:34:21] - [3] MIRKO.POZEN: Début du Téléchargement de: D:\kerberos.htx\mig thoor\uxor, conjux  original\DSCF7052.JPG
[21:34:22] - [2] MIRKO.POZEN: Fichier envoyé: D:\kerberos.htx\mig thoor\uxor, conjux  original\DSCF7051.JPG (433,68 K/S -  1 332 279 bytes)
[21:34:22] - [2] MIRKO.POZEN: Début du Téléchargement de: D:\kerberos.htx\mig thoor\uxor, conjux  original\DSCF7053.JPG
[21:34:24] - [3] MIRKO.POZEN: Fichier envoyé: D:\kerberos.htx\mig thoor\uxor, conjux  original\DSCF7052.JPG (441,34 K/S -  1 355 800 bytes)
[21:34:24] - [3] MIRKO.POZEN: Début du Téléchargement de: D:\kerberos.htx\mig thoor\uxor, conjux  original\DSCF7054.JPG
[21:34:26] - [2] MIRKO.POZEN: Fichier envoyé: D:\kerberos.htx\mig thoor\uxor, conjux  original\DSCF7053.JPG (331,04 K/S -  1 355 939 bytes)
[21:34:26] - [2] MIRKO.POZEN: Début du Téléchargement de: D:\kerberos.htx\mig thoor\uxor, conjux  original\DSCF7055.JPG
[21:34:28] - [3] MIRKO.POZEN: Fichier envoyé: D:\kerberos.htx\mig thoor\uxor, conjux  original\DSCF7054.JPG (357,67 K/S -  1 465 000 bytes)
[21:34:28] - [3] MIRKO.POZEN: Début du Téléchargement de: D:\kerberos.htx\mig thoor\uxor, conjux  original\DSCF7056.JPG
[21:34:29] - [2] MIRKO.POZEN: Fichier envoyé: D:\kerberos.htx\mig thoor\uxor, conjux  original\DSCF7055.JPG (439,63 K/S -  1 350 536 bytes)
[21:34:29] - [2] MIRKO.POZEN: Début du Téléchargement de: D:\kerberos.htx\mig thoor\uxor, conjux  original\DSCF7057.JPG
[21:34:31] - [3] MIRKO.POZEN: Fichier envoyé: D:\kerberos.htx\mig thoor\uxor, conjux  original\DSCF7056.JPG (424,29 K/S -  1 303 409 bytes)
[21:34:31] - [3] MIRKO.POZEN: Début du Téléchargement de: D:\kerberos.htx\mig thoor\uxor, conjux  original\DSCF7059.JPG
[21:34:33] - [2] MIRKO.POZEN: Fichier envoyé: D:\kerberos.htx\mig thoor\uxor, conjux  original\DSCF7057.JPG (350,66 K/S -  1 436 295 bytes)
[21:34:33] - [2] MIRKO.POZEN: Début du Téléchargement de: D:\kerberos.htx\mig thoor\uxor, conjux  original\DSCF7060.JPG
[21:34:35] - [3] MIRKO.POZEN: Fichier envoyé: D:\kerberos.htx\mig thoor\uxor, conjux  original\DSCF7059.JPG (487,04 K/S -  1 496 184 bytes)
[21:34:35] - [3] MIRKO.POZEN: Début du Téléchargement de: D:\kerberos.htx\mig thoor\uxor, conjux  original\DSCF7061.JPG
[21:34:37] - [2] MIRKO.POZEN: Fichier envoyé: D:\kerberos.htx\mig thoor\uxor, conjux  original\DSCF7060.JPG (350,30 K/S -  1 434 842 bytes)
[21:34:37] - [2] MIRKO.POZEN: Début du Téléchargement de: D:\kerberos.htx\mig thoor\uxor, conjux  original\DSCF7062.JPG
[21:34:39] - [3] MIRKO.POZEN: Fichier envoyé: D:\kerberos.htx\mig thoor\uxor, conjux  original\DSCF7061.JPG (329,84 K/S -  1 351 013 bytes)
[21:34:39] - [3] MIRKO.POZEN: Début du Téléchargement de: D:\kerberos.htx\mig thoor\uxor, conjux  original\DSCF7065.JPG
[21:34:41] - [2] MIRKO.POZEN: Fichier envoyé: D:\kerberos.htx\mig thoor\uxor, conjux  original\DSCF7062.JPG (294,57 K/S -  1 508 191 bytes)
[21:34:42] - [2] MIRKO.POZEN: Début du Téléchargement de: D:\kerberos.htx\mig thoor\uxor, conjux  original\DSCF7066.JPG
[21:34:43] - [3] MIRKO.POZEN: Fichier envoyé: D:\kerberos.htx\mig thoor\uxor, conjux  original\DSCF7065.JPG (359,09 K/S -  1 470 842 bytes)
[21:34:43] - [3] MIRKO.POZEN: Début du Téléchargement de: D:\kerberos.htx\mig thoor\uxor, conjux  original\DSCF7067.JPG
[21:34:45] - [2] MIRKO.POZEN: Fichier envoyé: D:\kerberos.htx\mig thoor\uxor, conjux  original\DSCF7066.JPG (362,33 K/S -  1 484 085 bytes)
[21:34:45] - [2] MIRKO.POZEN: Début du Téléchargement de: D:\kerberos.htx\mig thoor\uxor, conjux  original\Thumbs.db
[21:34:46] - [2] MIRKO.POZEN: Fichier envoyé: D:\kerberos.htx\mig thoor\uxor, conjux  original\Thumbs.db (85,50 K/S -   87 552 bytes)
[21:34:46] - [2] MIRKO.POZEN: Répertoire en Cours: D:\kerberos.htx\mig thoor\uxor, conjux  original\uxor, conjux  redimentionne\
[21:34:46] - [2] MIRKO.POZEN: Début du Téléchargement de: D:\kerberos.htx\mig thoor\uxor, conjux  original\uxor, conjux  redimentionne\Image1.jpg
[21:34:46] - [3] MIRKO.POZEN: Fichier envoyé: D:\kerberos.htx\mig thoor\uxor, conjux  original\DSCF7067.JPG (347,56 K/S -  1 423 620 bytes)
[21:34:46] - [3] MIRKO.POZEN: Répertoire en Cours: D:\kerberos.htx\mig thoor\uxor, conjux  original\uxor, conjux  redimentionne\
[21:34:47] - [3] MIRKO.POZEN: Début du Téléchargement de: D:\kerberos.htx\mig thoor\uxor, conjux  original\uxor, conjux  redimentionne\Image10.jpg
[21:34:48] - [2] MIRKO.POZEN: Fichier envoyé: D:\kerberos.htx\mig thoor\uxor, conjux  original\uxor, conjux  redimentionne\Image1.jpg (291,54 K/S -   597 068 bytes)
[21:34:48] - [2] MIRKO.POZEN: Début du Téléchargement de: D:\kerberos.htx\mig thoor\uxor, conjux  original\uxor, conjux  redimentionne\Image11.jpg
[21:34:49] - [3] MIRKO.POZEN: Fichier envoyé: D:\kerberos.htx\mig thoor\uxor, conjux  original\uxor, conjux  redimentionne\Image10.jpg (415,94 K/S -   851 840 bytes)
[21:34:49] - [3] MIRKO.POZEN: Début du Téléchargement de: D:\kerberos.htx\mig thoor\uxor, conjux  original\uxor, conjux  redimentionne\Image12.jpg
[21:34:50] - [2] MIRKO.POZEN: Fichier envoyé: D:\kerberos.htx\mig thoor\uxor, conjux  original\uxor, conjux  redimentionne\Image11.jpg (421,96 K/S -   864 164 bytes)
[21:34:50] - [2] MIRKO.POZEN: Début du Téléchargement de: D:\kerberos.htx\mig thoor\uxor, conjux  original\uxor, conjux  redimentionne\Image13.jpg
[21:34:50] - [3] MIRKO.POZEN: Fichier envoyé: D:\kerberos.htx\mig thoor\uxor, conjux  original\uxor, conjux  redimentionne\Image12.jpg (602,51 K/S -   616 967 bytes)
[21:34:50] - [3] MIRKO.POZEN: Début du Téléchargement de: D:\kerberos.htx\mig thoor\uxor, conjux  original\uxor, conjux  redimentionne\Image14.jpg
[21:34:53] - [2] MIRKO.POZEN: Fichier envoyé: D:\kerberos.htx\mig thoor\uxor, conjux  original\uxor, conjux  redimentionne\Image13.jpg (393,42 K/S -  1 208 585 bytes)
[21:34:53] - [2] MIRKO.POZEN: Début du Téléchargement de: D:\kerberos.htx\mig thoor\uxor, conjux  original\uxor, conjux  redimentionne\Image15.jpg
[21:34:53] - [3] MIRKO.POZEN: Fichier envoyé: D:\kerberos.htx\mig thoor\uxor, conjux  original\uxor, conjux  redimentionne\Image14.jpg (309,41 K/S -  1 267 324 bytes)
[21:34:54] - [3] MIRKO.POZEN: Début du Téléchargement de: D:\kerberos.htx\mig thoor\uxor, conjux  original\uxor, conjux  redimentionne\Image16.jpg
[21:34:55] - [2] MIRKO.POZEN: Fichier envoyé: D:\kerberos.htx\mig thoor\uxor, conjux  original\uxor, conjux  redimentionne\Image15.jpg (309,95 K/S -   634 768 bytes)
[21:34:55] - [2] MIRKO.POZEN: Début du Téléchargement de: D:\kerberos.htx\mig thoor\uxor, conjux  original\uxor, conjux  redimentionne\Image17.jpg
[21:34:56] - [3] MIRKO.POZEN: Fichier envoyé: D:\kerberos.htx\mig thoor\uxor, conjux  original\uxor, conjux  redimentionne\Image16.jpg (413,37 K/S -   846 574 bytes)
[21:34:56] - [3] MIRKO.POZEN: Début du Téléchargement de: D:\kerberos.htx\mig thoor\uxor, conjux  original\uxor, conjux  redimentionne\Image18.jpg
[21:34:58] - [2] MIRKO.POZEN: Fichier envoyé: D:\kerberos.htx\mig thoor\uxor, conjux  original\uxor, conjux  redimentionne\Image17.jpg (404,14 K/S -  1 241 512 bytes)
[21:34:58] - [2] MIRKO.POZEN: Début du Téléchargement de: D:\kerberos.htx\mig thoor\uxor, conjux  original\uxor, conjux  redimentionne\Image19.jpg
[21:34:59] - [3] MIRKO.POZEN: Fichier envoyé: D:\kerberos.htx\mig thoor\uxor, conjux  original\uxor, conjux  redimentionne\Image18.jpg (346,01 K/S -  1 062 950 bytes)
[21:34:59] - [3] MIRKO.POZEN: Début du Téléchargement de: D:\kerberos.htx\mig thoor\uxor, conjux  original\uxor, conjux  redimentionne\Image2.jpg
[21:35:01] - [3] MIRKO.POZEN: Fichier envoyé: D:\kerberos.htx\mig thoor\uxor, conjux  original\uxor, conjux  redimentionne\Image2.jpg (280,70 K/S -   574 876 bytes)
[21:35:01] - [3] MIRKO.POZEN: Début du Téléchargement de: D:\kerberos.htx\mig thoor\uxor, conjux  original\uxor, conjux  redimentionne\Image20.jpg
[21:35:01] - [2] MIRKO.POZEN: Fichier envoyé: D:\kerberos.htx\mig thoor\uxor, conjux  original\uxor, conjux  redimentionne\Image19.jpg (350,02 K/S -  1 075 263 bytes)
[21:35:01] - [2] MIRKO.POZEN: Début du Téléchargement de: D:\kerberos.htx\mig thoor\uxor, conjux  original\uxor, conjux  redimentionne\Image21.jpg
[21:35:03] - [3] MIRKO.POZEN: Fichier envoyé: D:\kerberos.htx\mig thoor\uxor, conjux  original\uxor, conjux  redimentionne\Image20.jpg (452,54 K/S -   926 803 bytes)
[21:35:03] - [3] MIRKO.POZEN: Début du Téléchargement de: D:\kerberos.htx\mig thoor\uxor, conjux  original\uxor, conjux  redimentionne\Image22.jpg
[21:35:03] - [2] MIRKO.POZEN: Fichier envoyé: D:\kerberos.htx\mig thoor\uxor, conjux  original\uxor, conjux  redimentionne\Image21.jpg (310,37 K/S -   953 444 bytes)
[21:35:03] - [2] MIRKO.POZEN: Début du Téléchargement de: D:\kerberos.htx\mig thoor\uxor, conjux  original\uxor, conjux  redimentionne\Image3.jpg
[21:35:05] - [3] MIRKO.POZEN: Fichier envoyé: D:\kerberos.htx\mig thoor\uxor, conjux  original\uxor, conjux  redimentionne\Image22.jpg (346,64 K/S -   709 920 bytes)
[21:35:05] - [3] MIRKO.POZEN: Début du Téléchargement de: D:\kerberos.htx\mig thoor\uxor, conjux  original\uxor, conjux  redimentionne\Image4.jpg
[21:35:05] - [2] MIRKO.POZEN: Fichier envoyé: D:\kerberos.htx\mig thoor\uxor, conjux  original\uxor, conjux  redimentionne\Image3.jpg (328,07 K/S -   671 885 bytes)
[21:35:05] - [2] MIRKO.POZEN: Début du Téléchargement de: D:\kerberos.htx\mig thoor\uxor, conjux  original\uxor, conjux  redimentionne\Image5.jpg
[21:35:07] - [3] MIRKO.POZEN: Fichier envoyé: D:\kerberos.htx\mig thoor\uxor, conjux  original\uxor, conjux  redimentionne\Image4.jpg (234,13 K/S -   479 505 bytes)
[21:35:07] - [3] MIRKO.POZEN: Début du Téléchargement de: D:\kerberos.htx\mig thoor\uxor, conjux  original\uxor, conjux  redimentionne\Image6.jpg
[21:35:07] - [2] MIRKO.POZEN: Fichier envoyé: D:\kerberos.htx\mig thoor\uxor, conjux  original\uxor, conjux  redimentionne\Image5.jpg (446,21 K/S -   456 920 bytes)
[21:35:07] - [2] MIRKO.POZEN: Début du Téléchargement de: D:\kerberos.htx\mig thoor\uxor, conjux  original\uxor, conjux  redimentionne\Image7.jpg
[21:35:09] - [2] MIRKO.POZEN: Fichier envoyé: D:\kerberos.htx\mig thoor\uxor, conjux  original\uxor, conjux  redimentionne\Image7.jpg (371,50 K/S -   760 829 bytes)
[21:35:09] - [2] MIRKO.POZEN: Début du Téléchargement de: D:\kerberos.htx\mig thoor\uxor, conjux  original\uxor, conjux  redimentionne\Image8.jpg
[21:35:10] - [3] MIRKO.POZEN: Fichier envoyé: D:\kerberos.htx\mig thoor\uxor, conjux  original\uxor, conjux  redimentionne\Image6.jpg (409,27 K/S -  1 257 286 bytes)
[21:35:10] - [3] MIRKO.POZEN: Début du Téléchargement de: D:\kerberos.htx\mig thoor\uxor, conjux  original\uxor, conjux  redimentionne\Image9.jpg
[21:35:11] - [3] MIRKO.POZEN: Fichier envoyé: D:\kerberos.htx\mig thoor\uxor, conjux  original\uxor, conjux  redimentionne\Image9.jpg (407,89 K/S -   417 678 bytes)
[21:35:11] - [2] MIRKO.POZEN: Fichier envoyé: D:\kerberos.htx\mig thoor\uxor, conjux  original\uxor, conjux  redimentionne\Image8.jpg (426,31 K/S -   873 085 bytes)
[21:35:11] - [3] MIRKO.POZEN: Début du Téléchargement de: D:\kerberos.htx\mig thoor\uxor, conjux  original\uxor, conjux  redimentionne\Thumbs.db
[21:35:11] - [2] MIRKO.POZEN: Répertoire en Cours: D:\kerberos.htx\mig thoor\stop.the.war.in the.world\
[21:35:11] - [2] MIRKO.POZEN: Début du Téléchargement de: D:\kerberos.htx\mig thoor\stop.the.war.in the.world\stop the war in the world.jpg
[21:35:12] - [3] MIRKO.POZEN: Fichier envoyé: D:\kerberos.htx\mig thoor\uxor, conjux  original\uxor, conjux  redimentionne\Thumbs.db (113,00 K/S -   115 712 bytes)
[21:35:12] - [3] MIRKO.POZEN: Répertoire en Cours: D:\kerberos.htx\mig thoor\stop.the.war.in the.world\
[21:35:12] - [3] MIRKO.POZEN: Début du Téléchargement de: D:\kerberos.htx\mig thoor\stop.the.war.in the.world\stop the war in the world1.jpg
[21:35:13] - [2] MIRKO.POZEN: Fichier envoyé: D:\kerberos.htx\mig thoor\stop.the.war.in the.world\stop the war in the world.jpg (668,17 K/S -   684 201 bytes)
[21:35:13] - [2] MIRKO.POZEN: Début du Téléchargement de: D:\kerberos.htx\mig thoor\stop.the.war.in the.world\stop the war in the world2.jpg
[21:35:13] - [3] MIRKO.POZEN: Fichier envoyé: D:\kerberos.htx\mig thoor\stop.the.war.in the.world\stop the war in the world1.jpg (289,26 K/S -   592 412 bytes)
[21:35:13] - [3] MIRKO.POZEN: Début du Téléchargement de: D:\kerberos.htx\mig thoor\stop.the.war.in the.world\stop the war in the world3.jpg
[21:35:14] - [2] MIRKO.POZEN: Fichier envoyé: D:\kerberos.htx\mig thoor\stop.the.war.in the.world\stop the war in the world2.jpg (278,12 K/S -   284 793 bytes)
[21:35:14] - [2] MIRKO.POZEN: Début du Téléchargement de: D:\kerberos.htx\mig thoor\stop.the.war.in the.world\stop the war in the world4.jpg
[21:35:16] - [2] MIRKO.POZEN: Fichier envoyé: D:\kerberos.htx\mig thoor\stop.the.war.in the.world\stop the war in the world4.jpg (315,09 K/S -   645 299 bytes)
[21:35:16] - [2] MIRKO.POZEN: Début du Téléchargement de: D:\kerberos.htx\mig thoor\stop.the.war.in the.world\Thumbs.db
[21:35:16] - [2] MIRKO.POZEN: Fichier envoyé: D:\kerberos.htx\mig thoor\stop.the.war.in the.world\Thumbs.db (30,00 K/S -   30 720 bytes)
[21:35:16] - [2] MIRKO.POZEN: Répertoire en Cours: D:\kerberos.htx\mig thoor\sculpture.art.brut.meccanica.keys\
[21:35:16] - [2] MIRKO.POZEN: Début du Téléchargement de: D:\kerberos.htx\mig thoor\sculpture.art.brut.meccanica.keys\sculpture.art.brut.meccanica.keys.jpg
[21:35:17] - [3] MIRKO.POZEN: Fichier envoyé: D:\kerberos.htx\mig thoor\stop.the.war.in the.world\stop the war in the world3.jpg (434,27 K/S -  1 334 076 bytes)
[21:35:17] - [3] MIRKO.POZEN: Répertoire en Cours: D:\kerberos.htx\mig thoor\sculpture.art.brut.meccanica.keys\
[21:35:17] - [3] MIRKO.POZEN: Début du Téléchargement de: D:\kerberos.htx\mig thoor\sculpture.art.brut.meccanica.keys\sculpture.art.brut.meccanica.keys1.jpg
[21:35:18] - [2] MIRKO.POZEN: Fichier envoyé: D:\kerberos.htx\mig thoor\sculpture.art.brut.meccanica.keys\sculpture.art.brut.meccanica.keys.jpg (489,63 K/S -   501 385 bytes)
[21:35:18] - [2] MIRKO.POZEN: Début du Téléchargement de: D:\kerberos.htx\mig thoor\sculpture.art.brut.meccanica.keys\sculpture.art.brut.meccanica.keys2.jpg
[21:35:18] - [3] MIRKO.POZEN: Fichier envoyé: D:\kerberos.htx\mig thoor\sculpture.art.brut.meccanica.keys\sculpture.art.brut.meccanica.keys1.jpg (439,03 K/S -   449 565 bytes)
[21:35:18] - [3] MIRKO.POZEN: Début du Téléchargement de: D:\kerberos.htx\mig thoor\sculpture.art.brut.meccanica.keys\sculpture.art.brut.meccanica.keys3.jpg
[21:35:19] - [2] MIRKO.POZEN: Fichier envoyé: D:\kerberos.htx\mig thoor\sculpture.art.brut.meccanica.keys\sculpture.art.brut.meccanica.keys2.jpg (344,74 K/S -   353 015 bytes)
[21:35:19] - [2] MIRKO.POZEN: Début du Téléchargement de: D:\kerberos.htx\mig thoor\sculpture.art.brut.meccanica.keys\Thumbs.db
[21:35:19] - [2] MIRKO.POZEN: Fichier envoyé: D:\kerberos.htx\mig thoor\sculpture.art.brut.meccanica.keys\Thumbs.db (23,50 K/S -   24 064 bytes)
[21:35:19] - [2] MIRKO.POZEN: Répertoire en Cours: D:\kerberos.htx\mig thoor\photos.maison.canaries\
[21:35:19] - [2] MIRKO.POZEN: Début du Téléchargement de: D:\kerberos.htx\mig thoor\photos.maison.canaries\cuisine.jpg
[21:35:20] - [2] MIRKO.POZEN: Fichier envoyé: D:\kerberos.htx\mig thoor\photos.maison.canaries\cuisine.jpg (172,46 K/S -   176 599 bytes)
[21:35:20] - [3] MIRKO.POZEN: Fichier envoyé: D:\kerberos.htx\mig thoor\sculpture.art.brut.meccanica.keys\sculpture.art.brut.meccanica.keys3.jpg (312,18 K/S -   639 353 bytes)
[21:35:20] - [2] MIRKO.POZEN: Début du Téléchargement de: D:\kerberos.htx\mig thoor\photos.maison.canaries\maison.cercado.de.espino.2.jpg
[21:35:20] - [3] MIRKO.POZEN: Répertoire en Cours: D:\kerberos.htx\mig thoor\photos.maison.canaries\
[21:35:20] - [3] MIRKO.POZEN: Début du Téléchargement de: D:\kerberos.htx\mig thoor\photos.maison.canaries\maison.cercado.de.espino.jpg
[21:35:20] - [2] MIRKO.POZEN: Fichier envoyé: D:\kerberos.htx\mig thoor\photos.maison.canaries\maison.cercado.de.espino.2.jpg (159,69 K/S -   163 520 bytes)
[21:35:20] - [2] MIRKO.POZEN: Début du Téléchargement de: D:\kerberos.htx\mig thoor\photos.maison.canaries\salle.de.bain.jpg
[21:35:20] - [3] MIRKO.POZEN: Fichier envoyé: D:\kerberos.htx\mig thoor\photos.maison.canaries\maison.cercado.de.espino.jpg (278,56 K/S -   285 244 bytes)
[21:35:21] - [2] MIRKO.POZEN: Fichier envoyé: D:\kerberos.htx\mig thoor\photos.maison.canaries\salle.de.bain.jpg (147,06 K/S -   150 589 bytes)
[21:35:21] - [3] MIRKO.POZEN: Début du Téléchargement de: D:\kerberos.htx\mig thoor\photos.maison.canaries\terrain.1.jpg
[21:35:21] - [2] MIRKO.POZEN: Début du Téléchargement de: D:\kerberos.htx\mig thoor\photos.maison.canaries\terrain.2.jpg
[21:35:21] - [2] MIRKO.POZEN: Fichier envoyé: D:\kerberos.htx\mig thoor\photos.maison.canaries\terrain.2.jpg (212,84 K/S -   217 949 bytes)
[21:35:21] - [3] MIRKO.POZEN: Fichier envoyé: D:\kerberos.htx\mig thoor\photos.maison.canaries\terrain.1.jpg (256,51 K/S -   262 666 bytes)
[21:35:21] - [2] MIRKO.POZEN: Début du Téléchargement de: D:\kerberos.htx\mig thoor\photos.maison.canaries\Thumbs.db
[21:35:21] - [3] MIRKO.POZEN: Début du Téléchargement de: D:\kerberos.htx\mig thoor\photos.maison.canaries\veranda.jpg
[21:35:22] - [2] MIRKO.POZEN: Fichier envoyé: D:\kerberos.htx\mig thoor\photos.maison.canaries\Thumbs.db (71,50 K/S -   73 216 bytes)
[21:35:22] - [2] MIRKO.POZEN: Répertoire en Cours: D:\kerberos.htx\mig thoor\photos.maison.canaries\img.jardin\
[21:35:22] - [2] MIRKO.POZEN: Début du Téléchargement de: D:\kerberos.htx\mig thoor\photos.maison.canaries\img.jardin\SDC14494.jpg
[21:35:22] - [3] MIRKO.POZEN: Fichier envoyé: D:\kerberos.htx\mig thoor\photos.maison.canaries\veranda.jpg (158,75 K/S -   162 555 bytes)
[21:35:22] - [2] MIRKO.POZEN: Fichier envoyé: D:\kerberos.htx\mig thoor\photos.maison.canaries\img.jardin\SDC14494.jpg (81,22 K/S -   83 171 bytes)
[21:35:22] - [3] MIRKO.POZEN: Répertoire en Cours: D:\kerberos.htx\mig thoor\photos.maison.canaries\img.jardin\
[21:35:22] - [3] MIRKO.POZEN: Début du Téléchargement de: D:\kerberos.htx\mig thoor\photos.maison.canaries\img.jardin\SDC14495.jpg
[21:35:22] - [2] MIRKO.POZEN: Début du Téléchargement de: D:\kerberos.htx\mig thoor\photos.maison.canaries\img.jardin\SDC14496.jpg
[21:35:22] - [3] MIRKO.POZEN: Fichier envoyé: D:\kerberos.htx\mig thoor\photos.maison.canaries\img.jardin\SDC14495.jpg (110,90 K/S -   113 563 bytes)
[21:35:22] - [2] MIRKO.POZEN: Fichier envoyé: D:\kerberos.htx\mig thoor\photos.maison.canaries\img.jardin\SDC14496.jpg (109,31 K/S -   111 937 bytes)
[21:35:22] - [3] MIRKO.POZEN: Début du Téléchargement de: D:\kerberos.htx\mig thoor\photos.maison.canaries\img.jardin\SDC14497.jpg
[21:35:23] - [2] MIRKO.POZEN: Début du Téléchargement de: D:\kerberos.htx\mig thoor\photos.maison.canaries\img.jardin\SDC14498.jpg
[21:35:23] - [3] MIRKO.POZEN: Fichier envoyé: D:\kerberos.htx\mig thoor\photos.maison.canaries\img.jardin\SDC14497.jpg (104,27 K/S -   106 773 bytes)
[21:35:23] - [2] MIRKO.POZEN: Fichier envoyé: D:\kerberos.htx\mig thoor\photos.maison.canaries\img.jardin\SDC14498.jpg (100,83 K/S -   103 248 bytes)
[21:35:23] - [3] MIRKO.POZEN: Début du Téléchargement de: D:\kerberos.htx\mig thoor\photos.maison.canaries\img.jardin\SDC14502.jpg
[21:35:23] - [2] MIRKO.POZEN: Début du Téléchargement de: D:\kerberos.htx\mig thoor\photos.maison.canaries\img.jardin\SDC14503.jpg
[21:35:23] - [3] MIRKO.POZEN: Fichier envoyé: D:\kerberos.htx\mig thoor\photos.maison.canaries\img.jardin\SDC14502.jpg (89,75 K/S -   91 909 bytes)
[21:35:23] - [2] MIRKO.POZEN: Fichier envoyé: D:\kerberos.htx\mig thoor\photos.maison.canaries\img.jardin\SDC14503.jpg (92,33 K/S -   94 545 bytes)
[21:35:23] - [3] MIRKO.POZEN: Début du Téléchargement de: D:\kerberos.htx\mig thoor\photos.maison.canaries\img.jardin\SDC14505.jpg
[21:35:23] - [2] MIRKO.POZEN: Début du Téléchargement de: D:\kerberos.htx\mig thoor\photos.maison.canaries\img.jardin\SDC14506.jpg
[21:35:23] - [3] MIRKO.POZEN: Fichier envoyé: D:\kerberos.htx\mig thoor\photos.maison.canaries\img.jardin\SDC14505.jpg (90,56 K/S -   92 733 bytes)
[21:35:23] - [3] MIRKO.POZEN: Début du Téléchargement de: D:\kerberos.htx\mig thoor\photos.maison.canaries\img.jardin\SDC14507.jpg
[21:35:23] - [2] MIRKO.POZEN: Fichier envoyé: D:\kerberos.htx\mig thoor\photos.maison.canaries\img.jardin\SDC14506.jpg (105,36 K/S -   107 893 bytes)
[21:35:24] - [2] MIRKO.POZEN: Début du Téléchargement de: D:\kerberos.htx\mig thoor\photos.maison.canaries\img.jardin\SDC14508.jpg
[21:35:24] - [3] MIRKO.POZEN: Fichier envoyé: D:\kerberos.htx\mig thoor\photos.maison.canaries\img.jardin\SDC14507.jpg (86,17 K/S -   88 238 bytes)
[21:35:24] - [3] MIRKO.POZEN: Début du Téléchargement de: D:\kerberos.htx\mig thoor\photos.maison.canaries\img.jardin\SDC14509.jpg
[21:35:24] - [2] MIRKO.POZEN: Fichier envoyé: D:\kerberos.htx\mig thoor\photos.maison.canaries\img.jardin\SDC14508.jpg (90,98 K/S -   93 166 bytes)
[21:35:24] - [2] MIRKO.POZEN: Début du Téléchargement de: D:\kerberos.htx\mig thoor\photos.maison.canaries\img.jardin\SDC14512.jpg
[21:35:24] - [3] MIRKO.POZEN: Fichier envoyé: D:\kerberos.htx\mig thoor\photos.maison.canaries\img.jardin\SDC14509.jpg (88,30 K/S -   90 417 bytes)
[21:35:24] - [3] MIRKO.POZEN: Début du Téléchargement de: D:\kerberos.htx\mig thoor\photos.maison.canaries\img.jardin\SDC14513.jpg
[21:35:24] - [2] MIRKO.POZEN: Fichier envoyé: D:\kerberos.htx\mig thoor\photos.maison.canaries\img.jardin\SDC14512.jpg (86,16 K/S -   88 232 bytes)
[21:35:24] - [2] MIRKO.POZEN: Début du Téléchargement de: D:\kerberos.htx\mig thoor\photos.maison.canaries\img.jardin\SDC14514.jpg
[21:35:24] - [3] MIRKO.POZEN: Fichier envoyé: D:\kerberos.htx\mig thoor\photos.maison.canaries\img.jardin\SDC14513.jpg (53,62 K/S -   54 908 bytes)
[21:35:24] - [3] MIRKO.POZEN: Début du Téléchargement de: D:\kerberos.htx\mig thoor\photos.maison.canaries\img.jardin\SDC14515.jpg
[21:35:25] - [2] MIRKO.POZEN: Fichier envoyé: D:\kerberos.htx\mig thoor\photos.maison.canaries\img.jardin\SDC14514.jpg (84,30 K/S -   86 320 bytes)
[21:35:25] - [2] MIRKO.POZEN: Début du Téléchargement de: D:\kerberos.htx\mig thoor\photos.maison.canaries\img.jardin\SDC14516.jpg
[21:35:25] - [3] MIRKO.POZEN: Fichier envoyé: D:\kerberos.htx\mig thoor\photos.maison.canaries\img.jardin\SDC14515.jpg (101,87 K/S -   104 311 bytes)
[21:35:25] - [3] MIRKO.POZEN: Début du Téléchargement de: D:\kerberos.htx\mig thoor\photos.maison.canaries\img.jardin\SDC14517.jpg
[21:35:25] - [2] MIRKO.POZEN: Fichier envoyé: D:\kerberos.htx\mig thoor\photos.maison.canaries\img.jardin\SDC14516.jpg (70,85 K/S -   72 552 bytes)
[21:35:25] - [2] MIRKO.POZEN: Début du Téléchargement de: D:\kerberos.htx\mig thoor\photos.maison.canaries\img.jardin\SDC14518.jpg
[21:35:25] - [3] MIRKO.POZEN: Fichier envoyé: D:\kerberos.htx\mig thoor\photos.maison.canaries\img.jardin\SDC14517.jpg (88,24 K/S -   90 355 bytes)
[21:35:25] - [3] MIRKO.POZEN: Début du Téléchargement de: D:\kerberos.htx\mig thoor\photos.maison.canaries\img.jardin\SDC14519.jpg
[21:35:25] - [2] MIRKO.POZEN: Fichier envoyé: D:\kerberos.htx\mig thoor\photos.maison.canaries\img.jardin\SDC14518.jpg (100,88 K/S -   103 297 bytes)
[21:35:25] - [3] MIRKO.POZEN: Fichier envoyé: D:\kerberos.htx\mig thoor\photos.maison.canaries\img.jardin\SDC14519.jpg (69,89 K/S -   71 569 bytes)
[21:35:25] - [2] MIRKO.POZEN: Début du Téléchargement de: D:\kerberos.htx\mig thoor\photos.maison.canaries\img.jardin\SDC14520.jpg
[21:35:26] - [3] MIRKO.POZEN: Début du Téléchargement de: D:\kerberos.htx\mig thoor\photos.maison.canaries\img.jardin\SDC14521.jpg
[21:35:26] - [2] MIRKO.POZEN: Fichier envoyé: D:\kerberos.htx\mig thoor\photos.maison.canaries\img.jardin\SDC14520.jpg (73,71 K/S -   75 475 bytes)
[21:35:26] - [3] MIRKO.POZEN: Fichier envoyé: D:\kerberos.htx\mig thoor\photos.maison.canaries\img.jardin\SDC14521.jpg (78,39 K/S -   80 271 bytes)
[21:35:26] - [2] MIRKO.POZEN: Début du Téléchargement de: D:\kerberos.htx\mig thoor\photos.maison.canaries\img.jardin\SDC14527.jpg
[21:35:26] - [3] MIRKO.POZEN: Début du Téléchargement de: D:\kerberos.htx\mig thoor\photos.maison.canaries\img.jardin\SDC14528.jpg
[21:35:26] - [3] MIRKO.POZEN: Fichier envoyé: D:\kerberos.htx\mig thoor\photos.maison.canaries\img.jardin\SDC14528.jpg (73,65 K/S -   75 416 bytes)
[21:35:26] - [2] MIRKO.POZEN: Fichier envoyé: D:\kerberos.htx\mig thoor\photos.maison.canaries\img.jardin\SDC14527.jpg (95,88 K/S -   98 179 bytes)
[21:35:26] - [3] MIRKO.POZEN: Début du Téléchargement de: D:\kerberos.htx\mig thoor\photos.maison.canaries\img.jardin\SDC14530.jpg
[21:35:26] - [2] MIRKO.POZEN: Début du Téléchargement de: D:\kerberos.htx\mig thoor\photos.maison.canaries\img.jardin\SDC14533.jpg
[21:35:26] - [3] MIRKO.POZEN: Fichier envoyé: D:\kerberos.htx\mig thoor\photos.maison.canaries\img.jardin\SDC14530.jpg (94,28 K/S -   96 544 bytes)
[21:35:26] - [3] MIRKO.POZEN: Début du Téléchargement de: D:\kerberos.htx\mig thoor\photos.maison.canaries\img.jardin\SDC14536.jpg
[21:35:27] - [2] MIRKO.POZEN: Fichier envoyé: D:\kerberos.htx\mig thoor\photos.maison.canaries\img.jardin\SDC14533.jpg (111,10 K/S -   113 763 bytes)
[21:35:27] - [2] MIRKO.POZEN: Début du Téléchargement de: D:\kerberos.htx\mig thoor\photos.maison.canaries\img.jardin\SDC14543.jpg
[21:35:27] - [3] MIRKO.POZEN: Fichier envoyé: D:\kerberos.htx\mig thoor\photos.maison.canaries\img.jardin\SDC14536.jpg (97,11 K/S -   99 441 bytes)
[21:35:27] - [3] MIRKO.POZEN: Début du Téléchargement de: D:\kerberos.htx\mig thoor\photos.maison.canaries\img.jardin\SDC14544.jpg
[21:35:27] - [2] MIRKO.POZEN: Fichier envoyé: D:\kerberos.htx\mig thoor\photos.maison.canaries\img.jardin\SDC14543.jpg (109,65 K/S -   112 282 bytes)
[21:35:27] - [3] MIRKO.POZEN: Fichier envoyé: D:\kerberos.htx\mig thoor\photos.maison.canaries\img.jardin\SDC14544.jpg (81,30 K/S -   83 249 bytes)
[21:35:27] - [2] MIRKO.POZEN: Début du Téléchargement de: D:\kerberos.htx\mig thoor\photos.maison.canaries\img.jardin\SDC14545.jpg
[21:35:27] - [3] MIRKO.POZEN: Début du Téléchargement de: D:\kerberos.htx\mig thoor\photos.maison.canaries\img.jardin\SDC14550.jpg
[21:35:27] - [2] MIRKO.POZEN: Fichier envoyé: D:\kerberos.htx\mig thoor\photos.maison.canaries\img.jardin\SDC14545.jpg (73,25 K/S -   75 005 bytes)
[21:35:27] - [3] MIRKO.POZEN: Fichier envoyé: D:\kerberos.htx\mig thoor\photos.maison.canaries\img.jardin\SDC14550.jpg (92,39 K/S -   94 606 bytes)
[21:35:27] - [2] MIRKO.POZEN: Début du Téléchargement de: D:\kerberos.htx\mig thoor\photos.maison.canaries\img.jardin\SDC14551.jpg
[21:35:27] - [3] MIRKO.POZEN: Début du Téléchargement de: D:\kerberos.htx\mig thoor\photos.maison.canaries\img.jardin\SDC14552.jpg
[21:35:28] - [2] MIRKO.POZEN: Fichier envoyé: D:\kerberos.htx\mig thoor\photos.maison.canaries\img.jardin\SDC14551.jpg (92,77 K/S -   94 994 bytes)
[21:35:28] - [3] MIRKO.POZEN: Fichier envoyé: D:\kerberos.htx\mig thoor\photos.maison.canaries\img.jardin\SDC14552.jpg (103,62 K/S -   106 103 bytes)
[21:35:28] - [2] MIRKO.POZEN: Début du Téléchargement de: D:\kerberos.htx\mig thoor\photos.maison.canaries\img.jardin\SDC14553.jpg
[21:35:28] - [3] MIRKO.POZEN: Début du Téléchargement de: D:\kerberos.htx\mig thoor\photos.maison.canaries\img.jardin\SDC14554.jpg
[21:35:28] - [2] MIRKO.POZEN: Fichier envoyé: D:\kerberos.htx\mig thoor\photos.maison.canaries\img.jardin\SDC14553.jpg (57,07 K/S -   58 443 bytes)
[21:35:28] - [3] MIRKO.POZEN: Fichier envoyé: D:\kerberos.htx\mig thoor\photos.maison.canaries\img.jardin\SDC14554.jpg (56,10 K/S -   57 451 bytes)
[21:35:28] - [2] MIRKO.POZEN: Début du Téléchargement de: D:\kerberos.htx\mig thoor\photos.maison.canaries\img.jardin\SDC14555.jpg
[21:35:28] - [3] MIRKO.POZEN: Début du Téléchargement de: D:\kerberos.htx\mig thoor\photos.maison.canaries\img.jardin\SDC14559.jpg
[21:35:28] - [2] MIRKO.POZEN: Fichier envoyé: D:\kerberos.htx\mig thoor\photos.maison.canaries\img.jardin\SDC14555.jpg (54,72 K/S -   56 033 bytes)
[21:35:28] - [3] MIRKO.POZEN: Fichier envoyé: D:\kerberos.htx\mig thoor\photos.maison.canaries\img.jardin\SDC14559.jpg (57,74 K/S -   59 124 bytes)
[21:35:28] - [2] MIRKO.POZEN: Début du Téléchargement de: D:\kerberos.htx\mig thoor\photos.maison.canaries\img.jardin\Thumbs.db
[21:35:28] - [3] MIRKO.POZEN: Répertoire en Cours: D:\kerberos.htx\mig thoor\lost the car original\
[21:35:28] - [2] MIRKO.POZEN: Fichier envoyé: D:\kerberos.htx\mig thoor\photos.maison.canaries\img.jardin\Thumbs.db (8,50 K/S -   8 704 bytes)
[21:35:29] - [3] MIRKO.POZEN: Début du Téléchargement de: D:\kerberos.htx\mig thoor\lost the car original\DSCF7068.JPG
[21:35:29] - [2] MIRKO.POZEN: Répertoire en Cours: D:\kerberos.htx\mig thoor\lost the car original\
[21:35:29] - [2] MIRKO.POZEN: Début du Téléchargement de: D:\kerberos.htx\mig thoor\lost the car original\DSCF7069.JPG
[21:35:32] - [3] MIRKO.POZEN: Fichier envoyé: D:\kerberos.htx\mig thoor\lost the car original\DSCF7068.JPG (429,99 K/S -  1 320 939 bytes)
[21:35:32] - [3] MIRKO.POZEN: Début du Téléchargement de: D:\kerberos.htx\mig thoor\lost the car original\DSCF7070.JPG
[21:35:33] - [2] MIRKO.POZEN: Fichier envoyé: D:\kerberos.htx\mig thoor\lost the car original\DSCF7069.JPG (350,63 K/S -  1 436 197 bytes)
[21:35:33] - [2] MIRKO.POZEN: Début du Téléchargement de: D:\kerberos.htx\mig thoor\lost the car original\DSCF7071.JPG
[21:35:36] - [3] MIRKO.POZEN: Fichier envoyé: D:\kerberos.htx\mig thoor\lost the car original\DSCF7070.JPG (351,04 K/S -  1 437 845 bytes)
[21:35:36] - [3] MIRKO.POZEN: Début du Téléchargement de: D:\kerberos.htx\mig thoor\lost the car original\DSCF7072.JPG
[21:35:37] - [2] MIRKO.POZEN: Fichier envoyé: D:\kerberos.htx\mig thoor\lost the car original\DSCF7071.JPG (365,49 K/S -  1 497 045 bytes)
[21:35:37] - [2] MIRKO.POZEN: Début du Téléchargement de: D:\kerberos.htx\mig thoor\lost the car original\DSCF7073.JPG
[21:35:39] - [3] MIRKO.POZEN: Fichier envoyé: D:\kerberos.htx\mig thoor\lost the car original\DSCF7072.JPG (471,79 K/S -  1 449 354 bytes)
[21:35:39] - [3] MIRKO.POZEN: Début du Téléchargement de: D:\kerberos.htx\mig thoor\lost the car original\DSCF7074.JPG
[21:35:41] - [2] MIRKO.POZEN: Fichier envoyé: D:\kerberos.htx\mig thoor\lost the car original\DSCF7073.JPG (353,59 K/S -  1 448 319 bytes)
[21:35:41] - [2] MIRKO.POZEN: Début du Téléchargement de: D:\kerberos.htx\mig thoor\lost the car original\DSCF7075.JPG
[21:35:43] - [3] MIRKO.POZEN: Fichier envoyé: D:\kerberos.htx\mig thoor\lost the car original\DSCF7074.JPG (469,13 K/S -  1 441 179 bytes)
[21:35:43] - [3] MIRKO.POZEN: Début du Téléchargement de: D:\kerberos.htx\mig thoor\lost the car original\DSCF7076.JPG
[21:35:45] - [2] MIRKO.POZEN: Fichier envoyé: D:\kerberos.htx\mig thoor\lost the car original\DSCF7075.JPG (323,56 K/S -  1 325 294 bytes)
[21:35:45] - [2] MIRKO.POZEN: Début du Téléchargement de: D:\kerberos.htx\mig thoor\lost the car original\Thumbs.db
[21:35:45] - [2] MIRKO.POZEN: Fichier envoyé: D:\kerberos.htx\mig thoor\lost the car original\Thumbs.db (35,00 K/S -   35 840 bytes)
[21:35:45] - [2] MIRKO.POZEN: Répertoire en Cours: D:\kerberos.htx\mig thoor\lost the car original\lostcart redimentionnee\
[21:35:45] - [2] MIRKO.POZEN: Début du Téléchargement de: D:\kerberos.htx\mig thoor\lost the car original\lostcart redimentionnee\Image1.jpg
[21:35:46] - [2] MIRKO.POZEN: Fichier envoyé: D:\kerberos.htx\mig thoor\lost the car original\lostcart redimentionnee\Image1.jpg (402,82 K/S -   412 492 bytes)
[21:35:46] - [2] MIRKO.POZEN: Début du Téléchargement de: D:\kerberos.htx\mig thoor\lost the car original\lostcart redimentionnee\Image2.jpg
[21:35:47] - [3] MIRKO.POZEN: Fichier envoyé: D:\kerberos.htx\mig thoor\lost the car original\DSCF7076.JPG (324,99 K/S -  1 331 168 bytes)
[21:35:47] - [3] MIRKO.POZEN: Répertoire en Cours: D:\kerberos.htx\mig thoor\lost the car original\lostcart redimentionnee\
[21:35:47] - [3] MIRKO.POZEN: Début du Téléchargement de: D:\kerberos.htx\mig thoor\lost the car original\lostcart redimentionnee\Image3.jpg
[21:35:48] - [2] MIRKO.POZEN: Fichier envoyé: D:\kerberos.htx\mig thoor\lost the car original\lostcart redimentionnee\Image2.jpg (513,42 K/S -   525 738 bytes)
[21:35:48] - [2] MIRKO.POZEN: Début du Téléchargement de: D:\kerberos.htx\mig thoor\lost the car original\lostcart redimentionnee\Image4.jpg
[21:35:48] - [3] MIRKO.POZEN: Fichier envoyé: D:\kerberos.htx\mig thoor\lost the car original\lostcart redimentionnee\Image3.jpg (308,63 K/S -   632 071 bytes)
[21:35:48] - [3] MIRKO.POZEN: Début du Téléchargement de: D:\kerberos.htx\mig thoor\lost the car original\lostcart redimentionnee\Image5.jpg
[21:35:49] - [2] MIRKO.POZEN: Fichier envoyé: D:\kerberos.htx\mig thoor\lost the car original\lostcart redimentionnee\Image4.jpg (376,34 K/S -   385 373 bytes)
[21:35:49] - [2] MIRKO.POZEN: Début du Téléchargement de: D:\kerberos.htx\mig thoor\lost the car original\lostcart redimentionnee\Image6.jpg
[21:35:50] - [2] MIRKO.POZEN: Fichier envoyé: D:\kerberos.htx\mig thoor\lost the car original\lostcart redimentionnee\Image6.jpg (286,30 K/S -   586 336 bytes)
[21:35:50] - [3] MIRKO.POZEN: Fichier envoyé: D:\kerberos.htx\mig thoor\lost the car original\lostcart redimentionnee\Image5.jpg (377,67 K/S -   773 478 bytes)
[21:35:51] - [2] MIRKO.POZEN: Début du Téléchargement de: D:\kerberos.htx\mig thoor\lost the car original\lostcart redimentionnee\Image7.jpg
[21:35:51] - [3] MIRKO.POZEN: Début du Téléchargement de: D:\kerberos.htx\mig thoor\lost the car original\lostcart redimentionnee\Image8.jpg
[21:35:52] - [2] MIRKO.POZEN: Fichier envoyé: D:\kerberos.htx\mig thoor\lost the car original\lostcart redimentionnee\Image7.jpg (434,17 K/S -   444 588 bytes)
[21:35:52] - [2] MIRKO.POZEN: Début du Téléchargement de: D:\kerberos.htx\mig thoor\lost the car original\lostcart redimentionnee\Thumbs.db
[21:35:52] - [2] MIRKO.POZEN: Fichier envoyé: D:\kerberos.htx\mig thoor\lost the car original\lostcart redimentionnee\Thumbs.db (44,50 K/S -   45 568 bytes)
[21:35:52] - [3] MIRKO.POZEN: Fichier envoyé: D:\kerberos.htx\mig thoor\lost the car original\lostcart redimentionnee\Image8.jpg (340,20 K/S -   696 721 bytes)
[21:36:24] - [3] Client 192.168.0.1 Déconnecté (00:02:17 Min)
[21:36:24] - [2] Client 192.168.0.1 Déconnecté (00:02:17 Min)
[21:45:17] - [1] Client 192.168.0.1 Déconnecté (00:12:38 Min)
[22:29:49] - [4] Connecté à 196.52.2.17. Collecte du Nom d'utilisateur.
[22:29:50] - [4] Usager ANONYMOUS Connecté IP: 196.52.2.17
[22:29:50] - [4] Mot de Passe Incorrect: Utilisateur ANONYMOUS IP: 196.52.2.17
[22:29:50] - [4] Client 196.52.2.17 Déconnecté (00:00:00 Min)
