[00:00:48] - [3] VICTOR.POZEN: Fichier Upload: D:\kerberos.htx\films 127 go\1\Beautiful.Creatures.2013.FRENCH.BRRIP.XviD-FUZION.avi (599,66 K/S - 1 465 753 600 bytes)
[00:00:49] - [3] VICTOR.POZEN: Début d'Upload de D:\kerberos.htx\films 127 go\1\Dark_Crystal.avi
[00:07:29] - [2] VICTOR.POZEN: Fichier Upload: D:\kerberos.htx\films 127 go\1\Coup.De.Chaud.2015.FRENCH.WEBRiP.XViD-FUNKKY.avi (639,43 K/S -  745 139 348 bytes)
[00:07:29] - [2] VICTOR.POZEN: Début d'Upload de D:\kerberos.htx\films 127 go\1\Gaten.Ragnarok.2013.TRUEFRENCH.DVDRip.XviD-UTT.avi
[00:16:28] - [3] VICTOR.POZEN: Fichier Upload: D:\kerberos.htx\films 127 go\1\Dark_Crystal.avi (761,16 K/S -  731 883 520 bytes)
[00:16:28] - [3] VICTOR.POZEN: Début d'Upload de D:\kerberos.htx\films 127 go\1\Hisss - Film entier en  français - YouTube (360p).mp4
[00:23:11] - [2] VICTOR.POZEN: Fichier Upload: D:\kerberos.htx\films 127 go\1\Gaten.Ragnarok.2013.TRUEFRENCH.DVDRip.XviD-UTT.avi (757,84 K/S -  731 022 348 bytes)
[00:23:12] - [2] VICTOR.POZEN: Début d'Upload de D:\kerberos.htx\films 127 go\1\HPELRDLM1.avi
[00:23:32] - [3] VICTOR.POZEN: Fichier Upload: D:\kerberos.htx\films 127 go\1\Hisss - Film entier en  français - YouTube (360p).mp4 (768,25 K/S -  332 770 663 bytes)
[00:23:32] - [3] VICTOR.POZEN: Début d'Upload de D:\kerberos.htx\films 127 go\1\Kshamsa le Gitan Film Vf Complet - YouTube (360p).mp4
[00:29:52] - [3] VICTOR.POZEN: Fichier Upload: D:\kerberos.htx\films 127 go\1\Kshamsa le Gitan Film Vf Complet - YouTube (360p).mp4 (760,17 K/S -  296 574 472 bytes)
[00:29:53] - [3] VICTOR.POZEN: Début d'Upload de D:\kerberos.htx\films 127 go\1\L Armee des 12 singes FRENCH Film Complet en Francais - YouTube (360p).mp4
[00:38:07] - [3] VICTOR.POZEN: Fichier Upload: D:\kerberos.htx\films 127 go\1\L Armee des 12 singes FRENCH Film Complet en Francais - YouTube (360p).mp4 (748,85 K/S -  378 809 323 bytes)
[00:38:07] - [3] VICTOR.POZEN: Début d'Upload de D:\kerberos.htx\films 127 go\1\Le.Parfum.TRUEFRENCH.DVDRIP.XVID.AC3-PoneyClub.avi
[00:38:39] - [2] VICTOR.POZEN: Fichier Upload: D:\kerberos.htx\films 127 go\1\HPELRDLM1.avi (768,06 K/S -  729 079 304 bytes)
[00:38:39] - [2] VICTOR.POZEN: Début d'Upload de D:\kerberos.htx\films 127 go\1\Mission.Impossible.Rogue.Nation.2015.FRENCH.BDRIP.XviD-ShowFr.www.Cpasbien.pw.avi
[01:11:14] - [2] VICTOR.POZEN: Fichier Upload: D:\kerberos.htx\films 127 go\1\Mission.Impossible.Rogue.Nation.2015.FRENCH.BDRIP.XviD-ShowFr.www.Cpasbien.pw.avi (670,14 K/S - 1 341 559 524 bytes)
[01:11:14] - [2] VICTOR.POZEN: Début d'Upload de D:\kerberos.htx\films 127 go\1\Mon Frère Ce Super Héros - film complet (en entier) français - YouTube (360p).mp4
[01:19:42] - [3] VICTOR.POZEN: Fichier Upload: D:\kerberos.htx\films 127 go\1\Le.Parfum.TRUEFRENCH.DVDRIP.XVID.AC3-PoneyClub.avi (582,83 K/S - 1 488 469 218 bytes)
[01:19:42] - [3] VICTOR.POZEN: Début d'Upload de D:\kerberos.htx\films 127 go\1\Outcast.2015.FRENCH.DVDRIP.XVID.AC3-PREM.avi
[01:23:46] - [2] VICTOR.POZEN: Fichier Upload: D:\kerberos.htx\films 127 go\1\Mon Frère Ce Super Héros - film complet (en entier) français - YouTube (360p).mp4 (418,32 K/S -  321 700 539 bytes)
[01:23:46] - [2] VICTOR.POZEN: Début d'Upload de D:\kerberos.htx\films 127 go\1\Phénomène - YouTube (360p).mp4
[01:30:55] - [2] VICTOR.POZEN: Fichier Upload: D:\kerberos.htx\films 127 go\1\Phénomène - YouTube (360p).mp4 (803,15 K/S -  351 998 113 bytes)
[01:30:55] - [2] VICTOR.POZEN: Début d'Upload de D:\kerberos.htx\films 127 go\1\Pitch Black.avi
[01:48:24] - [3] VICTOR.POZEN: Fichier Upload: D:\kerberos.htx\films 127 go\1\Outcast.2015.FRENCH.DVDRIP.XVID.AC3-PREM.avi (830,29 K/S - 1 464 932 352 bytes)
[01:48:25] - [3] VICTOR.POZEN: Début d'Upload de D:\kerberos.htx\films 127 go\1\Regarder Insomnia  le film complet en francais - YouTube (360p).mp4
[01:53:24] - [3] VICTOR.POZEN: Fichier Upload: D:\kerberos.htx\films 127 go\1\Regarder Insomnia  le film complet en francais - YouTube (360p).mp4 (878,12 K/S -  269 757 632 bytes)
[01:53:25] - [3] VICTOR.POZEN: Début d'Upload de D:\kerberos.htx\films 127 go\1\Residente-3v1l-Retribuzion-CAM-FR.avi
[01:58:37] - [2] VICTOR.POZEN: Fichier Upload: D:\kerberos.htx\films 127 go\1\Pitch Black.avi (863,34 K/S - 1 468 423 564 bytes)
[01:58:37] - [2] VICTOR.POZEN: Début d'Upload de D:\kerberos.htx\films 127 go\1\The Full Monty.avi
[02:07:41] - [3] VICTOR.POZEN: Fichier Upload: D:\kerberos.htx\films 127 go\1\Residente-3v1l-Retribuzion-CAM-FR.avi (837,21 K/S -  733 853 404 bytes)
[02:07:41] - [3] VICTOR.POZEN: Début d'Upload de D:\kerberos.htx\films 127 go\1\The Prince - film complet en francais - YouTube (360p).mp4
[02:12:19] - [3] VICTOR.POZEN: Fichier Upload: D:\kerberos.htx\films 127 go\1\The Prince - film complet en francais - YouTube (360p).mp4 (813,84 K/S -  231 676 116 bytes)
[02:12:20] - [3] VICTOR.POZEN: Début d'Upload de D:\kerberos.htx\films 127 go\1\The.Physician.2013.REPACK.TRUEFRENCH.BDRip.XViD-FUNKKY.avi
[02:13:23] - [2] VICTOR.POZEN: Fichier Upload: D:\kerberos.htx\films 127 go\1\The Full Monty.avi (808,79 K/S -  732 956 672 bytes)
[02:13:23] - [2] VICTOR.POZEN: Début d'Upload de D:\kerberos.htx\films 127 go\1\The.Transporter.Refueled.2015.FRENCH.BDRiP.XViD-AViTECH.avi
[02:28:17] - [2] VICTOR.POZEN: Fichier Upload: D:\kerberos.htx\films 127 go\1\The.Transporter.Refueled.2015.FRENCH.BDRiP.XViD-AViTECH.avi (801,69 K/S -  733 915 136 bytes)
[02:28:17] - [2] VICTOR.POZEN: Début d'Upload de D:\kerberos.htx\films 127 go\1\Underground 1995  Comédie Dramatique FRENCH Film Complet en Francais - YouTube (360p).mp4
[02:39:44] - [2] VICTOR.POZEN: Fichier Upload: D:\kerberos.htx\films 127 go\1\Underground 1995  Comédie Dramatique FRENCH Film Complet en Francais - YouTube (360p).mp4 (797,95 K/S -  561 345 845 bytes)
[02:39:44] - [2] VICTOR.POZEN: Début d'Upload de D:\kerberos.htx\films 127 go\1\[ www.CpasBien.cm ] El.Desconocido.2015.FRENCH.BDRip.XviD-EXTREME.avi
[02:42:06] - [3] VICTOR.POZEN: Fichier Upload: D:\kerberos.htx\films 127 go\1\The.Physician.2013.REPACK.TRUEFRENCH.BDRip.XViD-FUNKKY.avi (807,64 K/S - 1 477 886 718 bytes)
[02:42:07] - [3] VICTOR.POZEN: Début d'Upload de D:\kerberos.htx\films 127 go\1\[ www.CpasBien.io ] Shrew.s.Nest.2014.TRUEFRENCH.DVDRiP.XviD-Slay3R.avi
[02:54:32] - [2] VICTOR.POZEN: Fichier Upload: D:\kerberos.htx\films 127 go\1\[ www.CpasBien.cm ] El.Desconocido.2015.FRENCH.BDRip.XviD-EXTREME.avi (801,17 K/S -  728 512 090 bytes)
[02:54:32] - [2] VICTOR.POZEN: Début d'Upload de D:\kerberos.htx\films 127 go\1\[ www.CpasBien.io ] Solace.2015.REPACK.1CD.TRUEFRENCH.BRRiP.XviD-Slay3R.avi
[02:56:57] - [3] VICTOR.POZEN: Fichier Upload: D:\kerberos.htx\films 127 go\1\[ www.CpasBien.io ] Shrew.s.Nest.2014.TRUEFRENCH.DVDRiP.XviD-Slay3R.avi (806,76 K/S -  735 250 420 bytes)
[02:56:57] - [3] VICTOR.POZEN: Début d'Upload de D:\kerberos.htx\films 127 go\1\[ www.Cpasbien.pw ] The.Boy.Next.Door.2015.FRENCH.DVDRip.XviD-GLUPS.avi
[03:09:25] - [2] VICTOR.POZEN: Fichier Upload: D:\kerberos.htx\films 127 go\1\[ www.CpasBien.io ] Solace.2015.REPACK.1CD.TRUEFRENCH.BRRiP.XviD-Slay3R.avi (800,84 K/S -  732 309 365 bytes)
[03:09:25] - [2] VICTOR.POZEN: Début d'Upload de D:\kerberos.htx\films 127 go\1\[Viy.2014.TRUEFRENCH.DVDRip.XviD-UTT.avi
[03:11:50] - [3] VICTOR.POZEN: Fichier Upload: D:\kerberos.htx\films 127 go\1\[ www.Cpasbien.pw ] The.Boy.Next.Door.2015.FRENCH.DVDRip.XviD-GLUPS.avi (802,55 K/S -  733 053 624 bytes)
[03:11:50] - [3] VICTOR.POZEN: Début d'Upload de D:\kerberos.htx\films 127 go\1\[www.Cpasbien.com] Garuda.2004.FRENCH.DVDRip.XviD-SHARiNG.avi
[03:23:45] - [2] VICTOR.POZEN: Fichier Upload: D:\kerberos.htx\films 127 go\1\[Viy.2014.TRUEFRENCH.DVDRip.XviD-UTT.avi (833,41 K/S -  733 935 898 bytes)
[03:23:45] - [2] VICTOR.POZEN: Début d'Upload de D:\kerberos.htx\films 127 go\1\[www.Cpasbien.pe] Le.Dernier.Diamant.2014.FRENCH.DVDRip.XviD-UTT.avi
[03:26:17] - [3] VICTOR.POZEN: Fichier Upload: D:\kerberos.htx\films 127 go\1\[www.Cpasbien.com] Garuda.2004.FRENCH.DVDRip.XviD-SHARiNG.avi (825,50 K/S -  733 734 912 bytes)
[03:26:18] - [3] VICTOR.POZEN: Début d'Upload de D:\kerberos.htx\films 127 go\1\[www.Cpasbien.pe] Mea.Culpa.2014.FRENCH.DVDRip.XviD-UTT.avi
[03:37:49] - [2] VICTOR.POZEN: Fichier Upload: D:\kerberos.htx\films 127 go\1\[www.Cpasbien.pe] Le.Dernier.Diamant.2014.FRENCH.DVDRip.XviD-UTT.avi (850,34 K/S -  734 909 120 bytes)
[03:37:49] - [2] VICTOR.POZEN: Début d'Upload de D:\kerberos.htx\films 127 go\Indiana.Jones\A.Viking.Saga.The.Darkest.avi
[03:40:14] - [3] VICTOR.POZEN: Fichier Upload: D:\kerberos.htx\films 127 go\1\[www.Cpasbien.pe] Mea.Culpa.2014.FRENCH.DVDRip.XviD-UTT.avi (857,10 K/S -  733 736 134 bytes)
[03:40:14] - [3] VICTOR.POZEN: Début d'Upload de D:\kerberos.htx\films 127 go\Indiana.Jones\Lara Croft - Tomb Raider, Le Berceau De La Vie.avi
[03:52:40] - [2] VICTOR.POZEN: Fichier Upload: D:\kerberos.htx\films 127 go\Indiana.Jones\A.Viking.Saga.The.Darkest.avi (803,91 K/S -  733 475 430 bytes)
[03:52:40] - [2] VICTOR.POZEN: Début d'Upload de D:\kerberos.htx\films 127 go\Indiana.Jones\sade-indiana.last.crusade.french.ac3.avi
[03:55:13] - [3] VICTOR.POZEN: Fichier Upload: D:\kerberos.htx\films 127 go\Indiana.Jones\Lara Croft - Tomb Raider, Le Berceau De La Vie.avi (803,91 K/S -  740 062 648 bytes)
[03:55:14] - [3] VICTOR.POZEN: Début d'Upload de D:\kerberos.htx\films 127 go\Indiana.Jones\sade-indiana.lost.ark.french.ac3.avi
[04:22:57] - [2] VICTOR.POZEN: Fichier Upload: D:\kerberos.htx\films 127 go\Indiana.Jones\sade-indiana.last.crusade.french.ac3.avi (788,27 K/S - 1 466 664 960 bytes)
[04:22:57] - [2] VICTOR.POZEN: Début d'Upload de D:\kerberos.htx\films 127 go\Indiana.Jones\sade-indiana.temple.doom.french.ac3.avi
[04:25:20] - [3] VICTOR.POZEN: Fichier Upload: D:\kerberos.htx\films 127 go\Indiana.Jones\sade-indiana.lost.ark.french.ac3.avi (793,18 K/S - 1 466 855 424 bytes)
[04:25:21] - [3] VICTOR.POZEN: Début d'Upload de D:\kerberos.htx\films 127 go\last fimls\1\green zone.FRENCH.DVDRiP.XViD-ASTRAL.MORPH.avi
[04:40:40] - [3] VICTOR.POZEN: Fichier Upload: D:\kerberos.htx\films 127 go\last fimls\1\green zone.FRENCH.DVDRiP.XViD-ASTRAL.MORPH.avi (782,88 K/S -  736 735 232 bytes)
[04:40:40] - [3] VICTOR.POZEN: Début d'Upload de D:\kerberos.htx\films 127 go\last fimls\1\Hotel.Rwanda.FRENCH.DVDRip.REPACK.1CD.XVID.1KP-TEAM.by.[emule-island.com].avi
[04:52:27] - [2] VICTOR.POZEN: Fichier Upload: D:\kerberos.htx\films 127 go\Indiana.Jones\sade-indiana.temple.doom.french.ac3.avi (809,20 K/S - 1 466 650 624 bytes)
[04:52:28] - [2] VICTOR.POZEN: Début d'Upload de D:\kerberos.htx\films 127 go\last fimls\1\Incognito.FRENCH.DVDRiP.XviD-SURViVAL.By.Hadopix.[emule-island.com].avi
[04:56:43] - [3] VICTOR.POZEN: Fichier Upload: D:\kerberos.htx\films 127 go\last fimls\1\Hotel.Rwanda.FRENCH.DVDRip.REPACK.1CD.XVID.1KP-TEAM.by.[emule-island.com].avi (742,43 K/S -  732 121 088 bytes)
[04:56:43] - [3] VICTOR.POZEN: Début d'Upload de D:\kerberos.htx\films 127 go\last fimls\1\Indiana.Jones.and.the.Kingdom.of.the.Crystal.Skull.FRENCH.DVDRIP.REPACK.1CD.XVID-SYR.caline012.LcKt.[emule-island.com].avi
[05:07:18] - [2] VICTOR.POZEN: Fichier Upload: D:\kerberos.htx\films 127 go\last fimls\1\Incognito.FRENCH.DVDRiP.XviD-SURViVAL.By.Hadopix.[emule-island.com].avi (803,76 K/S -  732 516 352 bytes)
[05:07:18] - [2] VICTOR.POZEN: Début d'Upload de D:\kerberos.htx\films 127 go\last fimls\1\La.ligne.Rouge.DivX.fr.par-www.[emule-island.com].avi
[05:10:27] - [4] Connecté à 71.6.146.185. Collecte du Nom d'utilisateur.
[05:10:27] - [4] Usager ANONYMOUS Connecté IP: 71.6.146.185
[05:10:27] - [4] Mot de Passe Incorrect: Utilisateur ANONYMOUS IP: 71.6.146.185
[05:10:28] - [4] Client 71.6.146.185 Déconnecté (00:00:01 Min)
[05:12:28] - [3] VICTOR.POZEN: Fichier Upload: D:\kerberos.htx\films 127 go\last fimls\1\Indiana.Jones.and.the.Kingdom.of.the.Crystal.Skull.FRENCH.DVDRIP.REPACK.1CD.XVID-SYR.caline012.LcKt.[emule-island.com].avi (759,76 K/S -  735 203 328 bytes)
[05:12:29] - [3] VICTOR.POZEN: Début d'Upload de D:\kerberos.htx\films 127 go\last fimls\1\Largo.Winch.FRENCH.BRDRiP.XviD-SURViVAL.CD1.[emule-island.com].avi
[05:22:05] - [2] VICTOR.POZEN: Fichier Upload: D:\kerberos.htx\films 127 go\last fimls\1\La.ligne.Rouge.DivX.fr.par-www.[emule-island.com].avi (822,53 K/S -  747 096 064 bytes)
[05:22:05] - [2] VICTOR.POZEN: Début d'Upload de D:\kerberos.htx\films 127 go\last fimls\1\Largo.Winch.FRENCH.BRDRiP.XviD-SURViVAL.CD2.[emule-island.com].avi
[05:28:23] - [3] VICTOR.POZEN: Fichier Upload: D:\kerberos.htx\films 127 go\last fimls\1\Largo.Winch.FRENCH.BRDRiP.XviD-SURViVAL.CD1.[emule-island.com].avi (750,86 K/S -  734 277 632 bytes)
[05:28:24] - [3] VICTOR.POZEN: Début d'Upload de D:\kerberos.htx\films 127 go\last fimls\1\le royaume.avi
[05:37:37] - [2] VICTOR.POZEN: Fichier Upload: D:\kerberos.htx\films 127 go\last fimls\1\Largo.Winch.FRENCH.BRDRiP.XviD-SURViVAL.CD2.[emule-island.com].avi (769,66 K/S -  733 747 200 bytes)
[05:37:37] - [2] VICTOR.POZEN: Début d'Upload de D:\kerberos.htx\films 127 go\last fimls\1\LE.PARRAIN.(1972).Vraie.VF.Divx6.French.DVDRip.ARLBOUFFIARD.avi
[05:42:42] - [3] VICTOR.POZEN: Fichier Upload: D:\kerberos.htx\films 127 go\last fimls\1\le royaume.avi (835,19 K/S -  733 790 208 bytes)
[05:42:42] - [3] VICTOR.POZEN: Début d'Upload de D:\kerberos.htx\films 127 go\last fimls\1\Le.Seigneur.des.Anneaux.Le.Retour.du.Roi.TRUEFRENCH.DVDRip.Xvid-LcKtM.[emule-island.com].avi
[06:08:56] - [2] VICTOR.POZEN: Fichier Upload: D:\kerberos.htx\films 127 go\last fimls\1\LE.PARRAIN.(1972).Vraie.VF.Divx6.French.DVDRip.ARLBOUFFIARD.avi (760,42 K/S - 1 463 115 776 bytes)
[06:08:56] - [2] VICTOR.POZEN: Début d'Upload de D:\kerberos.htx\films 127 go\last fimls\2\Manu.Payet.Au.bataclan.2008.French.Dvdrip.Xvid-RLD.By.Agecanonix.[eMule-Box.com].avi
[06:12:57] - [3] VICTOR.POZEN: Fichier Upload: D:\kerberos.htx\films 127 go\last fimls\1\Le.Seigneur.des.Anneaux.Le.Retour.du.Roi.TRUEFRENCH.DVDRip.Xvid-LcKtM.[emule-island.com].avi (789,95 K/S - 1 467 369 823 bytes)
[06:12:57] - [3] VICTOR.POZEN: Début d'Upload de D:\kerberos.htx\films 127 go\last fimls\2\OBrother.(.Divx.-.Fr.).by.[emule-island.com].avi
[06:24:04] - [2] VICTOR.POZEN: Fichier Upload: D:\kerberos.htx\films 127 go\last fimls\2\Manu.Payet.Au.bataclan.2008.French.Dvdrip.Xvid-RLD.By.Agecanonix.[eMule-Box.com].avi (789,63 K/S -  733 386 752 bytes)
[06:24:04] - [2] VICTOR.POZEN: Début d'Upload de D:\kerberos.htx\films 127 go\last fimls\2\Platoon.FRENCH.DVDRIP.DIVX.xfred.ALLTEAM.avi
[06:27:41] - [3] VICTOR.POZEN: Fichier Upload: D:\kerberos.htx\films 127 go\last fimls\2\OBrother.(.Divx.-.Fr.).by.[emule-island.com].avi (783,73 K/S -  708 646 912 bytes)
[06:27:41] - [3] VICTOR.POZEN: Début d'Upload de D:\kerberos.htx\films 127 go\last fimls\2\Public.Enemies.TRUEFRENCH.TS.MD.REPACK.1CD.XViD-FUCK.[emule-island.com].avi
[06:31:53] - [5] Connecté à 184.105.247.196. Collecte du Nom d'utilisateur.
[06:31:53] - [5] Client 184.105.247.196 Déconnecté (00:00:00 Min)
[06:38:32] - [2] VICTOR.POZEN: Fichier Upload: D:\kerberos.htx\films 127 go\last fimls\2\Platoon.FRENCH.DVDRIP.DIVX.xfred.ALLTEAM.avi (793,19 K/S -  705 013 760 bytes)
[06:38:32] - [2] VICTOR.POZEN: Début d'Upload de D:\kerberos.htx\films 127 go\last fimls\2\RAISONS.D'ETAT.(2007).Vraie.VF.Divx6.French.DVDRip.ARLBOUFFIARD.[emule-island.com].avi
[06:43:01] - [3] VICTOR.POZEN: Fichier Upload: D:\kerberos.htx\films 127 go\last fimls\2\Public.Enemies.TRUEFRENCH.TS.MD.REPACK.1CD.XViD-FUCK.[emule-island.com].avi (779,00 K/S -  733 884 416 bytes)
[06:43:02] - [3] VICTOR.POZEN: Début d'Upload de D:\kerberos.htx\films 127 go\last fimls\2\Sacre.Robin.Des.Bois.FRENCH.DVDRiP.DiVX.[emule-island.com].avi
[06:58:00] - [3] VICTOR.POZEN: Fichier Upload: D:\kerberos.htx\films 127 go\last fimls\2\Sacre.Robin.Des.Bois.FRENCH.DVDRiP.DiVX.[emule-island.com].avi (793,48 K/S -  729 645 056 bytes)
[06:58:00] - [3] VICTOR.POZEN: Début d'Upload de D:\kerberos.htx\films 127 go\last fimls\2\Smokin.Aces.2.Assassins.Ball.UNRATED.STV.FRENCH.DVDRiP.XViD-SURViVAL.By.Hadopix.[emule-island.com].avi
[07:08:50] - [2] VICTOR.POZEN: Fichier Upload: D:\kerberos.htx\films 127 go\last fimls\2\RAISONS.D'ETAT.(2007).Vraie.VF.Divx6.French.DVDRip.ARLBOUFFIARD.[emule-island.com].avi (785,86 K/S - 1 462 171 648 bytes)
[07:08:50] - [2] VICTOR.POZEN: Début d'Upload de D:\kerberos.htx\films 127 go\last fimls\2\Soyez.Sympa.Rembobinez.Version.Longue.DVDRip.FR.XviD-AssiD.[emule-island.com].avi
[07:12:59] - [3] VICTOR.POZEN: Fichier Upload: D:\kerberos.htx\films 127 go\last fimls\2\Smokin.Aces.2.Assassins.Ball.UNRATED.STV.FRENCH.DVDRiP.XViD-SURViVAL.By.Hadopix.[emule-island.com].avi (794,95 K/S -  732 628 992 bytes)
[07:12:59] - [3] VICTOR.POZEN: Début d'Upload de D:\kerberos.htx\films 127 go\last fimls\2\Staten.Island.LiMiTED.FRENCH.BDRip.XviD-DeMonaco.FUCK.[emule-island.com].avi
[07:24:03] - [2] VICTOR.POZEN: Fichier Upload: D:\kerberos.htx\films 127 go\last fimls\2\Soyez.Sympa.Rembobinez.Version.Longue.DVDRip.FR.XviD-AssiD.[emule-island.com].avi (784,88 K/S -  733 794 304 bytes)
[07:24:03] - [2] VICTOR.POZEN: Début d'Upload de D:\kerberos.htx\films 127 go\last fimls\2\Sweeney Todd DvdRip FR XviD AC3-Andy.[emule-island.com].avi
[07:28:08] - [3] VICTOR.POZEN: Fichier Upload: D:\kerberos.htx\films 127 go\last fimls\2\Staten.Island.LiMiTED.FRENCH.BDRip.XviD-DeMonaco.FUCK.[emule-island.com].avi (788,87 K/S -  734 294 650 bytes)
[07:28:09] - [3] VICTOR.POZEN: Début d'Upload de D:\kerberos.htx\films 127 go\last fimls\2\Sweeney.Todd.The.Demon.Barber.of.Fleet.Street.FRENCH.DVDRiP.XviD-iD.[emule-island.com].avi
[07:43:10] - [3] VICTOR.POZEN: Fichier Upload: D:\kerberos.htx\films 127 go\last fimls\2\Sweeney.Todd.The.Demon.Barber.of.Fleet.Street.FRENCH.DVDRiP.XviD-iD.[emule-island.com].avi (794,32 K/S -  733 671 424 bytes)
[07:43:11] - [3] VICTOR.POZEN: Début d'Upload de D:\kerberos.htx\films 127 go\last fimls\2\The Beast with a billion backs.avi
[07:54:42] - [2] VICTOR.POZEN: Fichier Upload: D:\kerberos.htx\films 127 go\last fimls\2\Sweeney Todd DvdRip FR XviD AC3-Andy.[emule-island.com].avi (779,82 K/S - 1 468 506 112 bytes)
[07:54:42] - [2] VICTOR.POZEN: Début d'Upload de D:\kerberos.htx\films 127 go\last fimls\2\The.Bank.Job.FRENCH.DVDRiP.XviD-POSTMAX.LiCoKInE.TeaM.[emule-island.com].avi
[07:58:13] - [3] VICTOR.POZEN: Fichier Upload: D:\kerberos.htx\films 127 go\last fimls\2\The Beast with a billion backs.avi (791,49 K/S -  731 060 224 bytes)
[07:58:13] - [3] VICTOR.POZEN: Début d'Upload de D:\kerberos.htx\films 127 go\last fimls\2\The.Hangover.FRENCH.DVDSCR.LD.REPACK.1CD.XviD-FUCK.[emule-island.com].avi
[08:06:15] - [6] Connecté à 203.192.218.127. Collecte du Nom d'utilisateur.
[08:06:16] - [6] Authentification Incorrect: Utilisateur WWW-DATA IP: 203.192.218.127
[08:06:16] - [6] Client 203.192.218.127 Déconnecté (00:00:00 Min)
[08:09:39] - [2] VICTOR.POZEN: Fichier Upload: D:\kerberos.htx\films 127 go\last fimls\2\The.Bank.Job.FRENCH.DVDRiP.XviD-POSTMAX.LiCoKInE.TeaM.[emule-island.com].avi (800,11 K/S -  734 105 600 bytes)
[08:09:39] - [2] VICTOR.POZEN: Début d'Upload de D:\kerberos.htx\films 127 go\last fimls\2\Tropic.Thunder.FRENCH.DVDRiP.XviD-ULTRASON.LcKtM.[emule-island.com].avi
[08:13:29] - [3] VICTOR.POZEN: Fichier Upload: D:\kerberos.htx\films 127 go\last fimls\2\The.Hangover.FRENCH.DVDSCR.LD.REPACK.1CD.XviD-FUCK.[emule-island.com].avi (781,25 K/S -  732 803 072 bytes)
[08:13:29] - [3] VICTOR.POZEN: Début d'Upload de D:\kerberos.htx\films 127 go\last fimls\99.F.FRENCH.DVDRiP.XViD.avi
[08:24:53] - [2] VICTOR.POZEN: Fichier Upload: D:\kerberos.htx\films 127 go\last fimls\2\Tropic.Thunder.FRENCH.DVDRiP.XviD-ULTRASON.LcKtM.[emule-island.com].avi (785,23 K/S -  734 922 752 bytes)
[08:24:53] - [2] VICTOR.POZEN: Début d'Upload de D:\kerberos.htx\films 127 go\last fimls\Angles.D'Attaque.DVDRip.FR.XviD-AssiD.[emule-island.com].avi
[08:28:37] - [3] VICTOR.POZEN: Fichier Upload: D:\kerberos.htx\films 127 go\last fimls\99.F.FRENCH.DVDRiP.XViD.avi (784,56 K/S -  728 670 208 bytes)
[08:28:37] - [3] VICTOR.POZEN: Début d'Upload de D:\kerberos.htx\films 127 go\last fimls\Apocalypse Now (Nouveau) Top Quality French par Besson.avi
[08:39:55] - [2] VICTOR.POZEN: Fichier Upload: D:\kerberos.htx\films 127 go\last fimls\Angles.D'Attaque.DVDRip.FR.XviD-AssiD.[emule-island.com].avi (794,48 K/S -  733 816 832 bytes)
[08:39:55] - [2] VICTOR.POZEN: Début d'Upload de D:\kerberos.htx\films 127 go\last fimls\Apocalypse.Now.Redux.2002.FRENCH.DVDRiP.XviD-EVeReST.CD1.[emule-island.com].avi
[08:49:09] - [3] VICTOR.POZEN: Fichier Upload: D:\kerberos.htx\films 127 go\last fimls\Apocalypse Now (Nouveau) Top Quality French par Besson.avi (788,88 K/S -  995 220 464 bytes)
[08:49:09] - [3] VICTOR.POZEN: Début d'Upload de D:\kerberos.htx\films 127 go\last fimls\Apocalypse.Now.Redux.2002.FRENCH.DVDRiP.XviD-EVeReST.CD2.[emule-island.com].avi
[08:55:05] - [2] VICTOR.POZEN: Fichier Upload: D:\kerberos.htx\films 127 go\last fimls\Apocalypse.Now.Redux.2002.FRENCH.DVDRiP.XviD-EVeReST.CD1.[emule-island.com].avi (783,35 K/S -  729 958 400 bytes)
[08:55:05] - [2] VICTOR.POZEN: Début d'Upload de D:\kerberos.htx\films 127 go\last fimls\Apocalypse.Now.Redux.2002.FRENCH.DVDRiP.XviD-EVeReST.CD3.[emule-island.com].avi
[09:04:14] - [3] VICTOR.POZEN: Fichier Upload: D:\kerberos.htx\films 127 go\last fimls\Apocalypse.Now.Redux.2002.FRENCH.DVDRiP.XviD-EVeReST.CD2.[emule-island.com].avi (791,09 K/S -  733 122 560 bytes)
[09:04:14] - [3] VICTOR.POZEN: Début d'Upload de D:\kerberos.htx\films 127 go\last fimls\Arizona_dream_Dvd_rip_Divx_francais.[emule-island.com].avi
[09:10:25] - [2] VICTOR.POZEN: Fichier Upload: D:\kerberos.htx\films 127 go\last fimls\Apocalypse.Now.Redux.2002.FRENCH.DVDRiP.XviD-EVeReST.CD3.[emule-island.com].avi (776,66 K/S -  731 674 624 bytes)
[09:10:25] - [2] VICTOR.POZEN: Début d'Upload de D:\kerberos.htx\films 127 go\last fimls\Armageddon.DvD.Rip.FR-French-Divx5.02-pass-2.by.Badgerkiller.[emule-island.com].avi
[09:19:05] - [3] VICTOR.POZEN: Fichier Upload: D:\kerberos.htx\films 127 go\last fimls\Arizona_dream_Dvd_rip_Divx_francais.[emule-island.com].avi (792,00 K/S -  723 422 208 bytes)
[09:19:05] - [3] VICTOR.POZEN: Début d'Upload de D:\kerberos.htx\films 127 go\last fimls\Bienvenue.Chez.Les.Chtis.FRENCH.DVDSCR.XViD.avi
[09:25:30] - [2] VICTOR.POZEN: Fichier Upload: D:\kerberos.htx\films 127 go\last fimls\Armageddon.DvD.Rip.FR-French-Divx5.02-pass-2.by.Badgerkiller.[emule-island.com].avi (782,76 K/S -  725 401 600 bytes)
[09:25:30] - [2] VICTOR.POZEN: Début d'Upload de D:\kerberos.htx\films 127 go\last fimls\Che.Part.One.REPACK.1CD.FRENCH.DVDSCR.MD.XViD.ITOMA.LcKtM.[emule-island.com].avi
[09:34:07] - [3] VICTOR.POZEN: Fichier Upload: D:\kerberos.htx\films 127 go\last fimls\Bienvenue.Chez.Les.Chtis.FRENCH.DVDSCR.XViD.avi (797,30 K/S -  735 604 736 bytes)
[09:34:07] - [3] VICTOR.POZEN: Début d'Upload de D:\kerberos.htx\films 127 go\last fimls\Collision.(Crash).FRENCH.DVDRip.XViD-PLM-GGT.-dvdphoenix.fr.st-.avi
[09:40:38] - [2] VICTOR.POZEN: Fichier Upload: D:\kerberos.htx\films 127 go\last fimls\Che.Part.One.REPACK.1CD.FRENCH.DVDSCR.MD.XViD.ITOMA.LcKtM.[emule-island.com].avi (782,06 K/S -  727 154 688 bytes)
[09:40:39] - [2] VICTOR.POZEN: Début d'Upload de D:\kerberos.htx\films 127 go\last fimls\Demineurs French Dvdrip Repack 1CD Xvid-LECHTI.By.Hadopix.[emule-island.com].avi
[09:49:10] - [3] VICTOR.POZEN: Fichier Upload: D:\kerberos.htx\films 127 go\last fimls\Collision.(Crash).FRENCH.DVDRip.XViD-PLM-GGT.-dvdphoenix.fr.st-.avi (789,11 K/S -  729 669 632 bytes)
[09:49:10] - [3] VICTOR.POZEN: Début d'Upload de D:\kerberos.htx\films 127 go\last fimls\Full.metal.jacket.divx-fr.testé.[emule-island.com].avi
[09:55:32] - [2] VICTOR.POZEN: Fichier Upload: D:\kerberos.htx\films 127 go\last fimls\Demineurs French Dvdrip Repack 1CD Xvid-LECHTI.By.Hadopix.[emule-island.com].avi (791,53 K/S -  723 797 126 bytes)
[09:55:32] - [2] VICTOR.POZEN: Début d'Upload de D:\kerberos.htx\films 127 go\last fimls\Le Parrain 3 - Dvdrip - French.avi
[10:02:58] - [3] VICTOR.POZEN: Fichier Upload: D:\kerberos.htx\films 127 go\last fimls\Full.metal.jacket.divx-fr.testé.[emule-island.com].avi (777,39 K/S -  659 920 896 bytes)
[10:02:59] - [3] VICTOR.POZEN: Début d'Upload de D:\kerberos.htx\films 127 go\last fimls\Sherlock.Holmes.avi
[10:10:32] - [2] VICTOR.POZEN: Fichier Upload: D:\kerberos.htx\films 127 go\last fimls\Le Parrain 3 - Dvdrip - French.avi (796,84 K/S -  734 370 266 bytes)
[10:10:32] - [2] VICTOR.POZEN: Début d'Upload de D:\kerberos.htx\films 127 go\last fimls\slevin.avi
[10:18:17] - [3] VICTOR.POZEN: Fichier Upload: D:\kerberos.htx\films 127 go\last fimls\Sherlock.Holmes.avi (784,98 K/S -  737 902 592 bytes)
[10:18:17] - [3] VICTOR.POZEN: Début d'Upload de D:\kerberos.htx\films 127 go\last fimls\Thumbs.db
[10:18:17] - [3] VICTOR.POZEN: Fichier Upload: D:\kerberos.htx\films 127 go\last fimls\Thumbs.db (3,00 K/S -   3 072 bytes)
[10:18:18] - [3] VICTOR.POZEN: Début d'Upload de D:\kerberos.htx\films 127 go\last fimls\TOMCATS.(2001).Vraie.VF.Divx6.French.DVDRip.ARLBOUFFIARD.avi
[10:25:27] - [2] VICTOR.POZEN: Fichier Upload: D:\kerberos.htx\films 127 go\last fimls\slevin.avi (796,29 K/S -  730 599 424 bytes)
[10:25:28] - [2] VICTOR.POZEN: Début d'Upload de D:\kerberos.htx\films 127 go\last fimls\V.For.Vendetta.FRENCH.DVDRip.REPACK.1CD.XViD-COBRA-songo52.avi
[10:33:34] - [3] VICTOR.POZEN: Fichier Upload: D:\kerberos.htx\films 127 go\last fimls\TOMCATS.(2001).Vraie.VF.Divx6.French.DVDRip.ARLBOUFFIARD.avi (783,83 K/S -  735 221 760 bytes)
[10:33:35] - [3] VICTOR.POZEN: Début d'Upload de D:\kerberos.htx\films 127 go\last videos\part1videos.last\real steel.avi
[10:40:28] - [2] VICTOR.POZEN: Fichier Upload: D:\kerberos.htx\films 127 go\last fimls\V.For.Vendetta.FRENCH.DVDRip.REPACK.1CD.XViD-COBRA-songo52.avi (790,99 K/S -  728 979 456 bytes)
[10:40:28] - [2] VICTOR.POZEN: Début d'Upload de D:\kerberos.htx\films 127 go\last videos\part1videos.last\Rebirth.2011.FRENCH.DVDRip.XviD-ARTEFAC.avi
[10:42:12] - [3] VICTOR.POZEN: Fichier Upload: D:\kerberos.htx\films 127 go\last videos\part1videos.last\real steel.avi (784,36 K/S -  415 247 796 bytes)
[10:42:12] - [3] VICTOR.POZEN: Début d'Upload de D:\kerberos.htx\films 127 go\last videos\part1videos.last\Robocop.2014.TRUEFRENCH.CAM.MD.XViD-THX.avi
[10:55:38] - [2] VICTOR.POZEN: Fichier Upload: D:\kerberos.htx\films 127 go\last videos\part1videos.last\Rebirth.2011.FRENCH.DVDRip.XviD-ARTEFAC.avi (788,93 K/S -  734 346 862 bytes)
[10:55:38] - [2] VICTOR.POZEN: Début d'Upload de D:\kerberos.htx\films 127 go\last videos\part1videos.last\Saving.God.2008.TRUEFRENCH.DVDRip.XviD-UTT.[emule-island.ru].avi
[10:57:48] - [3] VICTOR.POZEN: Fichier Upload: D:\kerberos.htx\films 127 go\last videos\part1videos.last\Robocop.2014.TRUEFRENCH.CAM.MD.XViD-THX.avi (787,94 K/S -  754 401 280 bytes)
[10:57:48] - [3] VICTOR.POZEN: Début d'Upload de D:\kerberos.htx\films 127 go\last videos\part1videos.last\Snowflake.2011.FRENCH.DVDRiP.XViD-STVFRV.By.Morphix.[emule-island.ru].avi
[11:10:51] - [2] VICTOR.POZEN: Fichier Upload: D:\kerberos.htx\films 127 go\last videos\part1videos.last\Saving.God.2008.TRUEFRENCH.DVDRip.XviD-UTT.[emule-island.ru].avi (786,31 K/S -  735 126 466 bytes)
[11:10:51] - [2] VICTOR.POZEN: Début d'Upload de D:\kerberos.htx\films 127 go\last videos\part1videos.last\stardiab-Man-MasterTeam.avi
[11:11:05] - [2] VICTOR.POZEN: Fichier Upload: D:\kerberos.htx\films 127 go\last videos\part1videos.last\stardiab-Man-MasterTeam.avi (871,39 K/S -  12 492 212 bytes)
[11:11:05] - [2] VICTOR.POZEN: Début d'Upload de D:\kerberos.htx\films 127 go\last videos\part1videos.last\Street Racer.avi
[11:11:14] - [2] VICTOR.POZEN: Fichier Upload: D:\kerberos.htx\films 127 go\last videos\part1videos.last\Street Racer.avi (777,43 K/S -  6 368 692 bytes)
[11:11:14] - [2] VICTOR.POZEN: Début d'Upload de D:\kerberos.htx\films 127 go\last videos\part1videos.last\The.Chaperone.2011.TRUEFRENCH.DVDRiP.XViD-FiCTiON.MORPH.avi
[11:12:52] - [3] VICTOR.POZEN: Fichier Upload: D:\kerberos.htx\films 127 go\last videos\part1videos.last\Snowflake.2011.FRENCH.DVDRiP.XViD-STVFRV.By.Morphix.[emule-island.ru].avi (793,04 K/S -  734 115 840 bytes)
[11:12:52] - [3] VICTOR.POZEN: Début d'Upload de D:\kerberos.htx\films 127 go\last videos\part1videos.last\The.Cold.Light.Of.Day.2012.FRENCH.BDRip.XviD-NERD.By.DreameR.[emule-island.ru].avi
[11:26:32] - [2] VICTOR.POZEN: Fichier Upload: D:\kerberos.htx\films 127 go\last videos\part1videos.last\The.Chaperone.2011.TRUEFRENCH.DVDRiP.XViD-FiCTiON.MORPH.avi (783,25 K/S -  735 477 760 bytes)
[11:26:32] - [2] VICTOR.POZEN: Début d'Upload de D:\kerberos.htx\films 127 go\last videos\part1videos.last\The.Day.The.Earth.Stopped.2008.STV.FRENCH.DVDRip.XviD-SHARiNG.By.Emulix.[emule-island.ru].avi
[11:27:56] - [3] VICTOR.POZEN: Fichier Upload: D:\kerberos.htx\films 127 go\last videos\part1videos.last\The.Cold.Light.Of.Day.2012.FRENCH.BDRip.XviD-NERD.By.DreameR.[emule-island.ru].avi (793,91 K/S -  734 103 552 bytes)
[11:27:56] - [3] VICTOR.POZEN: Début d'Upload de D:\kerberos.htx\films 127 go\last videos\part1videos.last\The.Fourth.State.2012.SUBFORCED.FRENCH.BDRip.XviD-UTT.By.DreameR.[emule-island.ru].avi
[11:41:30] - [2] VICTOR.POZEN: Fichier Upload: D:\kerberos.htx\films 127 go\last videos\part1videos.last\The.Day.The.Earth.Stopped.2008.STV.FRENCH.DVDRip.XviD-SHARiNG.By.Emulix.[emule-island.ru].avi (797,99 K/S -  733 796 352 bytes)
[11:41:30] - [2] VICTOR.POZEN: Début d'Upload de D:\kerberos.htx\films 127 go\last videos\part1videos.last\The.Hangover.Part.3.2013 TS.FRENCH.LD.Xvid-73v3n.avi
[11:43:15] - [3] VICTOR.POZEN: Fichier Upload: D:\kerberos.htx\films 127 go\last videos\part1videos.last\The.Fourth.State.2012.SUBFORCED.FRENCH.BDRip.XviD-UTT.By.DreameR.[emule-island.ru].avi (784,41 K/S -  738 171 510 bytes)
[11:43:15] - [3] VICTOR.POZEN: Début d'Upload de D:\kerberos.htx\films 127 go\last videos\part1videos.last\The.Host.2013.FRENCH.DVDSCR.XViD.STVFRV.By.Hadopix.[emule-island.ru].avi
[11:56:42] - [2] VICTOR.POZEN: Fichier Upload: D:\kerberos.htx\films 127 go\last videos\part1videos.last\The.Hangover.Part.3.2013 TS.FRENCH.LD.Xvid-73v3n.avi (786,09 K/S -  734 120 722 bytes)
[11:56:42] - [2] VICTOR.POZEN: Début d'Upload de D:\kerberos.htx\films 127 go\last videos\part1videos.last\The.Mountie.2011.TRUEFRENCH.DVDRip.XviD-UTT.By.Emulix.[emule-island.ru].avi
[11:58:40] - [3] VICTOR.POZEN: Fichier Upload: D:\kerberos.htx\films 127 go\last videos\part1videos.last\The.Host.2013.FRENCH.DVDSCR.XViD.STVFRV.By.Hadopix.[emule-island.ru].avi (788,29 K/S -  746 668 032 bytes)
[11:58:40] - [3] VICTOR.POZEN: Début d'Upload de D:\kerberos.htx\films 127 go\last videos\part1videos.last\Un.Monstre.A.Paris.2011.FRENCH.BDRip.XViD-AYMO.By.Morphix.[emule-island.ru].avi
[12:11:42] - [2] VICTOR.POZEN: Fichier Upload: D:\kerberos.htx\films 127 go\last videos\part1videos.last\The.Mountie.2011.TRUEFRENCH.DVDRip.XviD-UTT.By.Emulix.[emule-island.ru].avi (791,43 K/S -  728 573 956 bytes)
[12:11:42] - [2] VICTOR.POZEN: Début d'Upload de D:\kerberos.htx\films 127 go\last videos\part1videos.last\World.War.Z.2013.FRENCH.READNFO.TS.avi
[12:13:43] - [3] VICTOR.POZEN: Fichier Upload: D:\kerberos.htx\films 127 go\last videos\part1videos.last\Un.Monstre.A.Paris.2011.FRENCH.BDRip.XViD-AYMO.By.Morphix.[emule-island.ru].avi (793,06 K/S -  734 134 272 bytes)
[12:13:44] - [3] VICTOR.POZEN: Début d'Upload de D:\kerberos.htx\films 127 go\last videos\part1videos.last\Yellow.Rock.2011.TRUEFRENCH.DVDRip.XviD-UTT.By.Emulix.[emule-island.ru].avi
[12:28:56] - [3] VICTOR.POZEN: Fichier Upload: D:\kerberos.htx\films 127 go\last videos\part1videos.last\Yellow.Rock.2011.TRUEFRENCH.DVDRip.XviD-UTT.By.Emulix.[emule-island.ru].avi (788,80 K/S -  737 462 272 bytes)
[12:28:57] - [3] VICTOR.POZEN: Début d'Upload de D:\kerberos.htx\films 127 go\last videos\part2videos.last\0Demineurs.mp4
[12:30:51] - [2] VICTOR.POZEN: Fichier Upload: D:\kerberos.htx\films 127 go\last videos\part1videos.last\World.War.Z.2013.FRENCH.READNFO.TS.avi (790,04 K/S -  929 536 757 bytes)
[12:30:51] - [2] VICTOR.POZEN: Début d'Upload de D:\kerberos.htx\films 127 go\last videos\part2videos.last\13.Hrs.2010.TRUEFRENCH.DVDRip.XviD-UTT.By.Emulix.[emule-island.ru].avi
[12:44:49] - [3] VICTOR.POZEN: Fichier Upload: D:\kerberos.htx\films 127 go\last videos\part2videos.last\0Demineurs.mp4 (789,81 K/S -  769 948 613 bytes)
[12:44:49] - [3] VICTOR.POZEN: Début d'Upload de D:\kerberos.htx\films 127 go\last videos\part2videos.last\Alien.Armageddon.2011.STV.FRENCH.DVDRip.XviD-Johnson.By.Emulix.[emule-island.ru].avi
[12:46:05] - [2] VICTOR.POZEN: Fichier Upload: D:\kerberos.htx\films 127 go\last videos\part2videos.last\13.Hrs.2010.TRUEFRENCH.DVDRip.XviD-UTT.By.Emulix.[emule-island.ru].avi (787,92 K/S -  736 638 976 bytes)
[12:46:05] - [2] VICTOR.POZEN: Début d'Upload de D:\kerberos.htx\films 127 go\last videos\part2videos.last\Argo.2012.FRENCH.BDRip.XviD.AC3-TMB.By.DreameR.[emule-island.ru].avi
[12:59:51] - [3] VICTOR.POZEN: Fichier Upload: D:\kerberos.htx\films 127 go\last videos\part2videos.last\Alien.Armageddon.2011.STV.FRENCH.DVDRip.XviD-Johnson.By.Emulix.[emule-island.ru].avi (794,43 K/S -  733 769 728 bytes)
[12:59:51] - [3] VICTOR.POZEN: Début d'Upload de D:\kerberos.htx\films 127 go\last videos\part2videos.last\ARMEE DES MORTS.avi
[13:14:51] - [3] VICTOR.POZEN: Fichier Upload: D:\kerberos.htx\films 127 go\last videos\part2videos.last\ARMEE DES MORTS.avi (792,40 K/S -  729 464 832 bytes)
[13:14:51] - [3] VICTOR.POZEN: Début d'Upload de D:\kerberos.htx\films 127 go\last videos\part2videos.last\Banlieue 13 Ultimatum.mp4
[13:24:50] - [3] VICTOR.POZEN: Fichier Upload: D:\kerberos.htx\films 127 go\last videos\part2videos.last\Banlieue 13 Ultimatum.mp4 (795,64 K/S -  488 024 254 bytes)
[13:24:50] - [3] VICTOR.POZEN: Début d'Upload de D:\kerberos.htx\films 127 go\last videos\part2videos.last\Clash.Of.The.Empires.2012.STV.FRENCH.DVDRip.XviD-ARTEFAC.By.Emulix.[emule-island.ru].avi
[13:34:03] - [2] VICTOR.POZEN: Fichier Upload: D:\kerberos.htx\films 127 go\last videos\part2videos.last\Argo.2012.FRENCH.BDRip.XviD.AC3-TMB.By.DreameR.[emule-island.ru].avi (-671,25 K/S - -1 977 536 081 bytes)
[13:34:03] - [2] VICTOR.POZEN: Début d'Upload de D:\kerberos.htx\films 127 go\last videos\part2videos.last\Comme.un.Chef.2012.FRENCH.DVDRiP.XviD-BLOODYMARY.By.DreameR.[emule-island.ru].avi
[13:39:58] - [3] VICTOR.POZEN: Fichier Upload: D:\kerberos.htx\films 127 go\last videos\part2videos.last\Clash.Of.The.Empires.2012.STV.FRENCH.DVDRip.XviD-ARTEFAC.By.Emulix.[emule-island.ru].avi (787,13 K/S -  732 668 654 bytes)
[13:39:59] - [3] VICTOR.POZEN: Début d'Upload de D:\kerberos.htx\films 127 go\last videos\part2videos.last\Course de la mort 1.avi
[13:49:12] - [2] VICTOR.POZEN: Fichier Upload: D:\kerberos.htx\films 127 go\last videos\part2videos.last\Comme.un.Chef.2012.FRENCH.DVDRiP.XviD-BLOODYMARY.By.DreameR.[emule-island.ru].avi (788,37 K/S -  733 824 014 bytes)
[13:49:13] - [2] VICTOR.POZEN: Début d'Upload de D:\kerberos.htx\films 127 go\last videos\part2videos.last\Course de la mort 2.avi
[13:55:03] - [3] VICTOR.POZEN: Fichier Upload: D:\kerberos.htx\films 127 go\last videos\part2videos.last\Course de la mort 1.avi (792,68 K/S -  734 588 928 bytes)
[13:55:04] - [3] VICTOR.POZEN: Début d'Upload de D:\kerberos.htx\films 127 go\last videos\part2videos.last\Destination Finale 4.avi
[14:04:22] - [2] VICTOR.POZEN: Fichier Upload: D:\kerberos.htx\films 127 go\last videos\part2videos.last\Course de la mort 2.avi (774,75 K/S -  721 149 172 bytes)
[14:04:22] - [2] VICTOR.POZEN: Début d'Upload de D:\kerberos.htx\films 127 go\last videos\part2videos.last\Dirty.Dancing.Havana.Nights.FRENCH.DVDRip.XviD-LOGiK-GGT.[emule-island.ru].avi
[14:19:31] - [2] VICTOR.POZEN: Fichier Upload: D:\kerberos.htx\films 127 go\last videos\part2videos.last\Dirty.Dancing.Havana.Nights.FRENCH.DVDRip.XviD-LOGiK-GGT.[emule-island.ru].avi (788,99 K/S -  734 402 448 bytes)
[14:19:31] - [2] VICTOR.POZEN: Début d'Upload de D:\kerberos.htx\films 127 go\last videos\part2videos.last\Escape.Plan.2013.HDCAM.TRUEFRENCH.MD.XviD-ViVARiUM-[WawaCity.su].avi
[14:26:09] - [3] VICTOR.POZEN: Fichier Upload: D:\kerberos.htx\films 127 go\last videos\part2videos.last\Destination Finale 4.avi (796,77 K/S - 1 522 455 492 bytes)
[14:26:09] - [3] VICTOR.POZEN: Début d'Upload de D:\kerberos.htx\films 127 go\last videos\part2videos.last\Expendables.avi
[14:36:47] - [2] VICTOR.POZEN: Fichier Upload: D:\kerberos.htx\films 127 go\last videos\part2videos.last\Escape.Plan.2013.HDCAM.TRUEFRENCH.MD.XviD-ViVARiUM-[WawaCity.su].avi (787,21 K/S -  835 127 907 bytes)
[14:36:47] - [2] VICTOR.POZEN: Début d'Upload de D:\kerberos.htx\films 127 go\last videos\part2videos.last\[www.Cpasbien.me] Blood.Money.2012.FRENCH.DVDRip.XviD-ARTEFAC.avi
[14:41:20] - [3] VICTOR.POZEN: Fichier Upload: D:\kerberos.htx\films 127 go\last videos\part2videos.last\Expendables.avi (789,32 K/S -  735 516 672 bytes)
[14:41:20] - [3] VICTOR.POZEN: Début d'Upload de D:\kerberos.htx\films 127 go\last videos\part2videos.last\[www.Cpasbien.me] G.I.Joe.Retaliation.2013.FRENCH.DVDRip.LD.XViD-RELiC.avi
[14:51:53] - [2] VICTOR.POZEN: Fichier Upload: D:\kerberos.htx\films 127 go\last videos\part2videos.last\[www.Cpasbien.me] Blood.Money.2012.FRENCH.DVDRip.XviD-ARTEFAC.avi (793,10 K/S -  735 791 176 bytes)
[14:51:54] - [2] VICTOR.POZEN: Début d'Upload de D:\kerberos.htx\films 127 go\last videos\part3videos.last\Expendables.mp4
[14:56:38] - [3] VICTOR.POZEN: Fichier Upload: D:\kerberos.htx\films 127 go\last videos\part2videos.last\[www.Cpasbien.me] G.I.Joe.Retaliation.2013.FRENCH.DVDRip.LD.XViD-RELiC.avi (784,78 K/S -  738 521 156 bytes)
[14:56:39] - [3] VICTOR.POZEN: Début d'Upload de D:\kerberos.htx\films 127 go\last videos\part3videos.last\Faces.In.The.Crowd.2011.STV.FRENCH.DVDRip.XviD-SHARiNG.By.Emulix.[emule-island.ru].avi
[15:00:09] - [2] VICTOR.POZEN: Fichier Upload: D:\kerberos.htx\films 127 go\last videos\part3videos.last\Expendables.mp4 (783,64 K/S -  397 209 887 bytes)
[15:00:09] - [2] VICTOR.POZEN: Début d'Upload de D:\kerberos.htx\films 127 go\last videos\part3videos.last\Flesh.Wounds.2011.STV.FRENCH.DVDRip.XviD-SHARiNG.By.Emulix.[emule-island.ru].avi
[15:16:08] - [3] VICTOR.POZEN: Fichier Upload: D:\kerberos.htx\films 127 go\last videos\part3videos.last\Faces.In.The.Crowd.2011.STV.FRENCH.DVDRip.XviD-SHARiNG.By.Emulix.[emule-island.ru].avi (612,98 K/S -  733 767 680 bytes)
[15:16:08] - [3] VICTOR.POZEN: Début d'Upload de D:\kerberos.htx\films 127 go\last videos\part3videos.last\From.Paris.With.Love.FRENCH.2010.DVDRip.XViD.JefJef10.mp4
[15:20:39] - [2] VICTOR.POZEN: Fichier Upload: D:\kerberos.htx\films 127 go\last videos\part3videos.last\Flesh.Wounds.2011.STV.FRENCH.DVDRip.XviD-SHARiNG.By.Emulix.[emule-island.ru].avi (582,19 K/S -  733 880 320 bytes)
[15:20:40] - [2] VICTOR.POZEN: Début d'Upload de D:\kerberos.htx\films 127 go\last videos\part3videos.last\Gangster.Squad.2013.FRENCH.BDRiP.XviD-CARPEDIEM.avi
[15:25:59] - [3] VICTOR.POZEN: Fichier Upload: D:\kerberos.htx\films 127 go\last videos\part3videos.last\From.Paris.With.Love.FRENCH.2010.DVDRip.XViD.JefJef10.mp4 (656,06 K/S -  397 035 681 bytes)
[15:25:59] - [3] VICTOR.POZEN: Début d'Upload de D:\kerberos.htx\films 127 go\last videos\part3videos.last\Ghost Rider 1.avi
[15:37:19] - [2] VICTOR.POZEN: Fichier Upload: D:\kerberos.htx\films 127 go\last videos\part3videos.last\Gangster.Squad.2013.FRENCH.BDRiP.XviD-CARPEDIEM.avi (718,54 K/S -  735 784 960 bytes)
[15:37:20] - [2] VICTOR.POZEN: Début d'Upload de D:\kerberos.htx\films 127 go\last videos\part3videos.last\Gone.FRENCH.DVDRiP.XViD-FUTiL.By.Phoenix.[emule-island.ru].avi
[15:51:53] - [3] VICTOR.POZEN: Fichier Upload: D:\kerberos.htx\films 127 go\last videos\part3videos.last\Ghost Rider 1.avi (460,18 K/S -  732 751 872 bytes)
[15:51:55] - [3] VICTOR.POZEN: Début d'Upload de D:\kerberos.htx\films 127 go\last videos\part3videos.last\Green Lantern.avi
[17:23:53] - [7] Connecté à 164.132.91.3. Collecte du Nom d'utilisateur.
[17:23:53] - [7] Client 164.132.91.3 Déconnecté (00:00:00 Min)
[17:46:06] - [1] VICTOR.POZEN: Répertoire en Cours: D:\kerberos.htx\films 127 go\
[17:49:33] - [2] VICTOR.POZEN: Fichier Upload: D:\kerberos.htx\films 127 go\last videos\part3videos.last\Gone.FRENCH.DVDRiP.XViD-FUTiL.By.Phoenix.[emule-island.ru].avi (90,41 K/S -  734 404 608 bytes)
[17:49:33] - [2] VICTOR.POZEN: Début d'Upload de D:\kerberos.htx\films 127 go\last videos\part3videos.last\Hitman.avi
[18:03:49] - [2] VICTOR.POZEN: Fichier Upload: D:\kerberos.htx\films 127 go\last videos\part3videos.last\Hitman.avi (837,14 K/S -  733 788 160 bytes)
[18:03:49] - [2] VICTOR.POZEN: Début d'Upload de D:\kerberos.htx\films 127 go\last videos\part3videos.last\Hooked.2010.FRENCH.DVDRiP.XViD.By.Emulix.[emule-island.ru].avi
[18:08:16] - [3] VICTOR.POZEN: Fichier Upload: D:\kerberos.htx\films 127 go\last videos\part3videos.last\Green Lantern.avi (175,48 K/S - 1 470 244 864 bytes)
[18:08:16] - [3] VICTOR.POZEN: Début d'Upload de D:\kerberos.htx\films 127 go\last videos\part3videos.last\Hooligans 1.avi
[18:18:44] - [2] VICTOR.POZEN: Fichier Upload: D:\kerberos.htx\films 127 go\last videos\part3videos.last\Hooked.2010.FRENCH.DVDRiP.XViD.By.Emulix.[emule-island.ru].avi (798,43 K/S -  732 566 996 bytes)
[18:18:44] - [2] VICTOR.POZEN: Début d'Upload de D:\kerberos.htx\films 127 go\last videos\part3videos.last\Hyper tension 2.avi
[18:23:24] - [3] VICTOR.POZEN: Fichier Upload: D:\kerberos.htx\films 127 go\last videos\part3videos.last\Hooligans 1.avi (788,36 K/S -  733 011 968 bytes)
[18:23:25] - [3] VICTOR.POZEN: Début d'Upload de D:\kerberos.htx\films 127 go\last videos\part3videos.last\Intersections.2012.FRENCH.DVDRip.avi
[18:33:49] - [2] VICTOR.POZEN: Fichier Upload: D:\kerberos.htx\films 127 go\last videos\part3videos.last\Hyper tension 2.avi (797,86 K/S -  738 576 384 bytes)
[18:33:49] - [2] VICTOR.POZEN: Début d'Upload de D:\kerberos.htx\films 127 go\last videos\part3videos.last\La.Nouvelle.Guerre.Des.Boutons.2011.FRENCH.DVDRip.XViD-UTT.[emule-island.ru].avi
[18:38:09] - [3] VICTOR.POZEN: Fichier Upload: D:\kerberos.htx\films 127 go\last videos\part3videos.last\Intersections.2012.FRENCH.DVDRip.avi (809,32 K/S -  732 605 241 bytes)
[18:38:09] - [3] VICTOR.POZEN: Début d'Upload de D:\kerberos.htx\films 127 go\last videos\part3videos.last\Legend.Of.The.Boneknapper.Dragon.2010.TRUEFRENCH.DVDRiP.XViD-SLiM.By.Emulix.[emule-island.ru].avi
[18:38:36] - [2] VICTOR.POZEN: Fichier Upload: D:\kerberos.htx\films 127 go\last videos\part3videos.last\La.Nouvelle.Guerre.Des.Boutons.2011.FRENCH.DVDRip.XViD-UTT.[emule-island.ru].avi (806,88 K/S -  236 305 844 bytes)
[18:38:36] - [2] VICTOR.POZEN: Début d'Upload de D:\kerberos.htx\films 127 go\last videos\part4videos.last\Lol.avi
[18:39:28] - [3] VICTOR.POZEN: Fichier Upload: D:\kerberos.htx\films 127 go\last videos\part3videos.last\Legend.Of.The.Boneknapper.Dragon.2010.TRUEFRENCH.DVDRiP.XViD-SLiM.By.Emulix.[emule-island.ru].avi (832,17 K/S -  66 467 252 bytes)
[18:39:28] - [3] VICTOR.POZEN: Début d'Upload de D:\kerberos.htx\films 127 go\last videos\part4videos.last\mad3.avi
[19:05:29] - [2] VICTOR.POZEN: Fichier Upload: D:\kerberos.htx\films 127 go\last videos\part4videos.last\Lol.avi (444,63 K/S -  733 943 808 bytes)
[19:05:29] - [2] VICTOR.POZEN: Début d'Upload de D:\kerberos.htx\films 127 go\last videos\part4videos.last\Man.Of.Tai.Chi.2013.LiMiTED.FRENCH.DVDRiQCP.avi
[19:06:54] - [3] VICTOR.POZEN: Fichier Upload: D:\kerberos.htx\films 127 go\last videos\part4videos.last\mad3.avi (434,04 K/S -  732 012 544 bytes)
[19:06:55] - [3] VICTOR.POZEN: Début d'Upload de D:\kerberos.htx\films 127 go\last videos\part4videos.last\meilleures ennemies.avi
[19:26:55] - [2] VICTOR.POZEN: Fichier Upload: D:\kerberos.htx\films 127 go\last videos\part4videos.last\Man.Of.Tai.Chi.2013.LiMiTED.FRENCH.DVDRiQCP.avi (561,91 K/S -  739 379 210 bytes)
[19:26:55] - [2] VICTOR.POZEN: Début d'Upload de D:\kerberos.htx\films 127 go\last videos\part4videos.last\Mercenaries.2011.TRUEFRENCH.DVDRip.XviD-UTT.By.Emulix.[emule-island.ru].avi
[19:27:18] - [3] VICTOR.POZEN: Fichier Upload: D:\kerberos.htx\films 127 go\last videos\part4videos.last\meilleures ennemies.avi (586,05 K/S -  733 945 856 bytes)
[19:27:18] - [3] VICTOR.POZEN: Début d'Upload de D:\kerberos.htx\films 127 go\last videos\part4videos.last\Mnstr.Unvrs.2013.avi
[19:41:52] - [2] VICTOR.POZEN: Fichier Upload: D:\kerberos.htx\films 127 go\last videos\part4videos.last\Mercenaries.2011.TRUEFRENCH.DVDRip.XviD-UTT.By.Emulix.[emule-island.ru].avi (802,28 K/S -  736 095 626 bytes)
[19:41:52] - [2] VICTOR.POZEN: Début d'Upload de D:\kerberos.htx\films 127 go\last videos\part4videos.last\New.Years.Eve.2011.FRENCH.BDRip.XviD-AYMO.By.Phoenix.[emule-island.ru].avi
[19:43:34] - [3] VICTOR.POZEN: Fichier Upload: D:\kerberos.htx\films 127 go\last videos\part4videos.last\Mnstr.Unvrs.2013.avi (806,87 K/S -  806 408 746 bytes)
[19:43:34] - [3] VICTOR.POZEN: Début d'Upload de D:\kerberos.htx\films 127 go\last videos\part4videos.last\Orc.Wars.2013.TRUEFRENCH.DVDRiP.XviD-Up4U.avi
[19:56:08] - [2] VICTOR.POZEN: Fichier Upload: D:\kerberos.htx\films 127 go\last videos\part4videos.last\New.Years.Eve.2011.FRENCH.BDRip.XviD-AYMO.By.Phoenix.[emule-island.ru].avi (837,00 K/S -  733 671 654 bytes)
[19:56:08] - [2] VICTOR.POZEN: Début d'Upload de D:\kerberos.htx\films 127 go\last videos\part4videos.last\Oz.the.Great.and.Powerful.2013.HDRiP.FRENCH.LD.XViD-73v3n.[emule-island.ru].avi
[19:57:39] - [3] VICTOR.POZEN: Fichier Upload: D:\kerberos.htx\films 127 go\last videos\part4videos.last\Orc.Wars.2013.TRUEFRENCH.DVDRiP.XviD-Up4U.avi (852,94 K/S -  738 030 796 bytes)
[19:57:39] - [3] VICTOR.POZEN: Début d'Upload de D:\kerberos.htx\films 127 go\last videos\part4videos.last\pusher.vff.2012.avi
[20:10:44] - [3] VICTOR.POZEN: Fichier Upload: D:\kerberos.htx\films 127 go\last videos\part4videos.last\pusher.vff.2012.avi (915,11 K/S -  735 598 592 bytes)
[20:10:44] - [3] VICTOR.POZEN: Début d'Upload de D:\kerberos.htx\films 127 go\qi gong\gi gong full cd\VIDEO_TS\VIDEO_TS.IFO
[20:10:45] - [3] VICTOR.POZEN: Fichier Upload: D:\kerberos.htx\films 127 go\qi gong\gi gong full cd\VIDEO_TS\VIDEO_TS.IFO (34,00 K/S -   34 816 bytes)
[20:10:45] - [3] VICTOR.POZEN: Début d'Upload de D:\kerberos.htx\films 127 go\qi gong\gi gong full cd\VIDEO_TS\VTS_01_0.IFO
[20:10:45] - [3] VICTOR.POZEN: Fichier Upload: D:\kerberos.htx\films 127 go\qi gong\gi gong full cd\VIDEO_TS\VTS_01_0.IFO (36,00 K/S -   36 864 bytes)
[20:10:45] - [3] VICTOR.POZEN: Début d'Upload de D:\kerberos.htx\films 127 go\qi gong\gi gong full cd\VIDEO_TS\VTS_02_0.IFO
[20:10:45] - [3] VICTOR.POZEN: Fichier Upload: D:\kerberos.htx\films 127 go\qi gong\gi gong full cd\VIDEO_TS\VTS_02_0.IFO (18,00 K/S -   18 432 bytes)
[20:10:46] - [3] VICTOR.POZEN: Début d'Upload de D:\kerberos.htx\films 127 go\qi gong\gi gong full cd\VIDEO_TS\VTS_03_0.IFO
[20:10:46] - [3] VICTOR.POZEN: Fichier Upload: D:\kerberos.htx\films 127 go\qi gong\gi gong full cd\VIDEO_TS\VTS_03_0.IFO (18,00 K/S -   18 432 bytes)
[20:10:46] - [3] VICTOR.POZEN: Début d'Upload de D:\kerberos.htx\films 127 go\qi gong\gi gong full cd\VIDEO_TS\VTS_04_0.IFO
[20:10:46] - [3] VICTOR.POZEN: Fichier Upload: D:\kerberos.htx\films 127 go\qi gong\gi gong full cd\VIDEO_TS\VTS_04_0.IFO (18,00 K/S -   18 432 bytes)
[20:10:46] - [3] VICTOR.POZEN: Début d'Upload de D:\kerberos.htx\films 127 go\qi gong\gi gong full cd\VIDEO_TS\VTS_05_0.IFO
[20:10:47] - [3] VICTOR.POZEN: Fichier Upload: D:\kerberos.htx\films 127 go\qi gong\gi gong full cd\VIDEO_TS\VTS_05_0.IFO (18,00 K/S -   18 432 bytes)
[20:10:47] - [3] VICTOR.POZEN: Début d'Upload de D:\kerberos.htx\films 127 go\qi gong\gi gong full cd\VIDEO_TS\VTS_06_0.IFO
[20:10:47] - [3] VICTOR.POZEN: Fichier Upload: D:\kerberos.htx\films 127 go\qi gong\gi gong full cd\VIDEO_TS\VTS_06_0.IFO (18,00 K/S -   18 432 bytes)
[20:10:47] - [3] VICTOR.POZEN: Début d'Upload de D:\kerberos.htx\films 127 go\qi gong\gi gong full cd\VIDEO_TS\VTS_07_0.IFO
[20:10:47] - [3] VICTOR.POZEN: Fichier Upload: D:\kerberos.htx\films 127 go\qi gong\gi gong full cd\VIDEO_TS\VTS_07_0.IFO (20,00 K/S -   20 480 bytes)
[20:10:47] - [3] VICTOR.POZEN: Début d'Upload de D:\kerberos.htx\films 127 go\qi gong\gi gong full cd\VIDEO_TS\VTS_08_0.IFO
[20:10:48] - [3] VICTOR.POZEN: Fichier Upload: D:\kerberos.htx\films 127 go\qi gong\gi gong full cd\VIDEO_TS\VTS_08_0.IFO (18,00 K/S -   18 432 bytes)
[20:10:48] - [3] VICTOR.POZEN: Début d'Upload de D:\kerberos.htx\films 127 go\qi gong\gi gong full cd\VIDEO_TS\VTS_09_0.IFO
[20:10:48] - [3] VICTOR.POZEN: Fichier Upload: D:\kerberos.htx\films 127 go\qi gong\gi gong full cd\VIDEO_TS\VTS_09_0.IFO (18,00 K/S -   18 432 bytes)
[20:10:48] - [3] VICTOR.POZEN: Début d'Upload de D:\kerberos.htx\films 127 go\qi gong\gi gong full cd\VIDEO_TS\VTS_10_0.IFO
[20:10:48] - [3] VICTOR.POZEN: Fichier Upload: D:\kerberos.htx\films 127 go\qi gong\gi gong full cd\VIDEO_TS\VTS_10_0.IFO (18,00 K/S -   18 432 bytes)
[20:10:49] - [3] VICTOR.POZEN: Début d'Upload de D:\kerberos.htx\films 127 go\qi gong\gi gong full cd\VIDEO_TS\VTS_11_0.IFO
[20:10:49] - [3] VICTOR.POZEN: Fichier Upload: D:\kerberos.htx\films 127 go\qi gong\gi gong full cd\VIDEO_TS\VTS_11_0.IFO (18,00 K/S -   18 432 bytes)
[20:10:49] - [3] VICTOR.POZEN: Début d'Upload de D:\kerberos.htx\films 127 go\qi gong\gi gong full cd\VIDEO_TS\VTS_12_0.IFO
[20:10:49] - [3] VICTOR.POZEN: Fichier Upload: D:\kerberos.htx\films 127 go\qi gong\gi gong full cd\VIDEO_TS\VTS_12_0.IFO (18,00 K/S -   18 432 bytes)
[20:10:49] - [3] VICTOR.POZEN: Début d'Upload de D:\kerberos.htx\films 127 go\qi gong\gi gong full cd\VIDEO_TS\VTS_13_0.IFO
[20:10:49] - [3] VICTOR.POZEN: Fichier Upload: D:\kerberos.htx\films 127 go\qi gong\gi gong full cd\VIDEO_TS\VTS_13_0.IFO (24,00 K/S -   24 576 bytes)
[20:10:50] - [3] VICTOR.POZEN: Début d'Upload de D:\kerberos.htx\films 127 go\qi gong\gi gong full cd\VIDEO_TS\VTS_14_0.IFO
[20:10:50] - [3] VICTOR.POZEN: Fichier Upload: D:\kerberos.htx\films 127 go\qi gong\gi gong full cd\VIDEO_TS\VTS_14_0.IFO (18,00 K/S -   18 432 bytes)
[20:10:50] - [3] VICTOR.POZEN: Début d'Upload de D:\kerberos.htx\films 127 go\qi gong\gi gong full cd\VIDEO_TS\VTS_15_0.IFO
[20:10:50] - [3] VICTOR.POZEN: Fichier Upload: D:\kerberos.htx\films 127 go\qi gong\gi gong full cd\VIDEO_TS\VTS_15_0.IFO (18,00 K/S -   18 432 bytes)
[20:10:50] - [3] VICTOR.POZEN: Début d'Upload de D:\kerberos.htx\films 127 go\qi gong\gi gong full cd\VIDEO_TS\VTS_16_0.IFO
[20:10:51] - [3] VICTOR.POZEN: Fichier Upload: D:\kerberos.htx\films 127 go\qi gong\gi gong full cd\VIDEO_TS\VTS_16_0.IFO (18,00 K/S -   18 432 bytes)
[20:10:51] - [3] VICTOR.POZEN: Début d'Upload de D:\kerberos.htx\films 127 go\qi gong\gi gong full cd\VIDEO_TS\VTS_17_0.IFO
[20:10:51] - [3] VICTOR.POZEN: Fichier Upload: D:\kerberos.htx\films 127 go\qi gong\gi gong full cd\VIDEO_TS\VTS_17_0.IFO (18,00 K/S -   18 432 bytes)
[20:10:51] - [3] VICTOR.POZEN: Début d'Upload de D:\kerberos.htx\films 127 go\qi gong\gi gong full cd\VIDEO_TS\VTS_18_0.IFO
[20:10:51] - [3] VICTOR.POZEN: Fichier Upload: D:\kerberos.htx\films 127 go\qi gong\gi gong full cd\VIDEO_TS\VTS_18_0.IFO (18,00 K/S -   18 432 bytes)
[20:10:52] - [3] VICTOR.POZEN: Début d'Upload de D:\kerberos.htx\films 127 go\qi gong\gi gong full cd\VIDEO_TS\VTS_19_0.IFO
[20:10:52] - [3] VICTOR.POZEN: Fichier Upload: D:\kerberos.htx\films 127 go\qi gong\gi gong full cd\VIDEO_TS\VTS_19_0.IFO (24,00 K/S -   24 576 bytes)
[20:10:52] - [3] VICTOR.POZEN: Début d'Upload de D:\kerberos.htx\films 127 go\qi gong\gi gong full cd\VIDEO_TS\VTS_20_0.IFO
[20:10:52] - [3] VICTOR.POZEN: Fichier Upload: D:\kerberos.htx\films 127 go\qi gong\gi gong full cd\VIDEO_TS\VTS_20_0.IFO (18,00 K/S -   18 432 bytes)
[20:10:52] - [3] VICTOR.POZEN: Début d'Upload de D:\kerberos.htx\films 127 go\qi gong\gi gong full cd\VIDEO_TS\VTS_21_0.IFO
[20:10:52] - [3] VICTOR.POZEN: Fichier Upload: D:\kerberos.htx\films 127 go\qi gong\gi gong full cd\VIDEO_TS\VTS_21_0.IFO (18,00 K/S -   18 432 bytes)
[20:10:53] - [3] VICTOR.POZEN: Début d'Upload de D:\kerberos.htx\films 127 go\qi gong\gi gong full cd\VIDEO_TS\VTS_22_0.IFO
[20:10:53] - [3] VICTOR.POZEN: Fichier Upload: D:\kerberos.htx\films 127 go\qi gong\gi gong full cd\VIDEO_TS\VTS_22_0.IFO (18,00 K/S -   18 432 bytes)
[20:10:53] - [3] VICTOR.POZEN: Début d'Upload de D:\kerberos.htx\films 127 go\qi gong\gi gong full cd\VIDEO_TS\VTS_23_0.IFO
[20:10:53] - [3] VICTOR.POZEN: Fichier Upload: D:\kerberos.htx\films 127 go\qi gong\gi gong full cd\VIDEO_TS\VTS_23_0.IFO (18,00 K/S -   18 432 bytes)
[20:10:53] - [3] VICTOR.POZEN: Début d'Upload de D:\kerberos.htx\films 127 go\qi gong\gi gong full cd\VIDEO_TS\VTS_24_0.IFO
[20:10:53] - [3] VICTOR.POZEN: Fichier Upload: D:\kerberos.htx\films 127 go\qi gong\gi gong full cd\VIDEO_TS\VTS_24_0.IFO (18,00 K/S -   18 432 bytes)
[20:10:54] - [3] VICTOR.POZEN: Début d'Upload de D:\kerberos.htx\films 127 go\qi gong\gi gong full cd\VIDEO_TS\VTS_25_0.IFO
[20:10:54] - [3] VICTOR.POZEN: Fichier Upload: D:\kerberos.htx\films 127 go\qi gong\gi gong full cd\VIDEO_TS\VTS_25_0.IFO (18,00 K/S -   18 432 bytes)
[20:10:54] - [3] VICTOR.POZEN: Début d'Upload de D:\kerberos.htx\films 127 go\qi gong\gi gong full cd\VIDEO_TS\VTS_26_0.IFO
[20:10:54] - [3] VICTOR.POZEN: Fichier Upload: D:\kerberos.htx\films 127 go\qi gong\gi gong full cd\VIDEO_TS\VTS_26_0.IFO (20,00 K/S -   20 480 bytes)
[20:10:54] - [3] VICTOR.POZEN: Début d'Upload de D:\kerberos.htx\films 127 go\qi gong\gi gong full cd\VIDEO_TS\VTS_27_0.IFO
[20:10:55] - [3] VICTOR.POZEN: Fichier Upload: D:\kerberos.htx\films 127 go\qi gong\gi gong full cd\VIDEO_TS\VTS_27_0.IFO (18,00 K/S -   18 432 bytes)
[20:15:09] - [2] VICTOR.POZEN: Fichier Upload: D:\kerberos.htx\films 127 go\last videos\part4videos.last\Oz.the.Great.and.Powerful.2013.HDRiP.FRENCH.LD.XViD-73v3n.[emule-island.ru].avi (1 113,10 K/S - 1 300 487 472 bytes)
[20:15:09] - [2] VICTOR.POZEN: Début d'Upload de D:\kerberos.htx\films 127 go\qi gong\qi gong\Battements binaural pour relaxation cérébrale - YouTube (360p).mp4
[20:16:18] - [2] VICTOR.POZEN: Fichier Upload: D:\kerberos.htx\films 127 go\qi gong\qi gong\Battements binaural pour relaxation cérébrale - YouTube (360p).mp4 (1 793,10 K/S -  126 694 497 bytes)
[20:16:19] - [2] VICTOR.POZEN: Début d'Upload de D:\kerberos.htx\films 127 go\qi gong\qi gong\Chant pour la guérison - YouTube (360p).mp4
[20:16:40] - [2] VICTOR.POZEN: Fichier Upload: D:\kerberos.htx\films 127 go\qi gong\qi gong\Chant pour la guérison - YouTube (360p).mp4 (1 768,80 K/S -  39 847 168 bytes)
[20:16:41] - [2] VICTOR.POZEN: Début d'Upload de D:\kerberos.htx\films 127 go\qi gong\qi gong\Chi Gong - Harmonisation des énergies - YouTube (360p).mp4
[20:16:51] - [2] VICTOR.POZEN: Fichier Upload: D:\kerberos.htx\films 127 go\qi gong\qi gong\Chi Gong - Harmonisation des énergies - YouTube (360p).mp4 (1 876,10 K/S -  19 211 246 bytes)
[20:16:51] - [2] VICTOR.POZEN: Début d'Upload de D:\kerberos.htx\films 127 go\qi gong\qi gong\Chi Gong - Les Huits Pièces de Soie (Baduanjin) - YouTube (360p).mp4
[20:17:08] - [2] VICTOR.POZEN: Fichier Upload: D:\kerberos.htx\films 127 go\qi gong\qi gong\Chi Gong - Les Huits Pièces de Soie (Baduanjin) - YouTube (360p).mp4 (1 822,20 K/S -  29 854 817 bytes)
[20:17:08] - [2] VICTOR.POZEN: Début d'Upload de D:\kerberos.htx\films 127 go\qi gong\qi gong\Chi Gong - Les Marches Thérapeuthiques - YouTube (360p).mp4
[20:17:13] - [2] VICTOR.POZEN: Fichier Upload: D:\kerberos.htx\films 127 go\qi gong\qi gong\Chi Gong - Les Marches Thérapeuthiques - YouTube (360p).mp4 (1 615,40 K/S -  8 270 950 bytes)
[20:17:13] - [2] VICTOR.POZEN: Début d'Upload de D:\kerberos.htx\films 127 go\qi gong\qi gong\Chi Gong - Les Six Sons (Liu Zi Jue) - YouTube (360p).mp4
[20:17:25] - [2] VICTOR.POZEN: Fichier Upload: D:\kerberos.htx\films 127 go\qi gong\qi gong\Chi Gong - Les Six Sons (Liu Zi Jue) - YouTube (360p).mp4 (1 687,90 K/S -  22 469 959 bytes)
[20:17:25] - [2] VICTOR.POZEN: Début d'Upload de D:\kerberos.htx\films 127 go\qi gong\qi gong\EXERCICES MATINAUX - ETIREMENTS ET EQUILIBRAGES - YouTube (360p).mp4
[20:17:54] - [2] VICTOR.POZEN: Fichier Upload: D:\kerberos.htx\films 127 go\qi gong\qi gong\EXERCICES MATINAUX - ETIREMENTS ET EQUILIBRAGES - YouTube (360p).mp4 (1 815,70 K/S -  52 058 658 bytes)
[20:17:54] - [2] VICTOR.POZEN: Début d'Upload de D:\kerberos.htx\films 127 go\qi gong\qi gong\Fréquence 396 htz développe l&#39;accès à la connaissance en libérant les peurs et la culpabilité - YouTube (360p).mp4
[20:18:09] - [2] VICTOR.POZEN: Fichier Upload: D:\kerberos.htx\films 127 go\qi gong\qi gong\Fréquence 396 htz développe l&#39;accès à la connaissance en libérant les peurs et la culpabilité - YouTube (360p).mp4 (1 801,90 K/S -  27 677 048 bytes)
[20:18:09] - [2] VICTOR.POZEN: Début d'Upload de D:\kerberos.htx\films 127 go\qi gong\qi gong\Fréquence de l&#39;Amour, fréquence miraculeuse - YouTube (360p).mp4
[20:18:21] - [2] VICTOR.POZEN: Fichier Upload: D:\kerberos.htx\films 127 go\qi gong\qi gong\Fréquence de l&#39;Amour, fréquence miraculeuse - YouTube (360p).mp4 (1 743,10 K/S -  21 419 155 bytes)
[20:18:21] - [2] VICTOR.POZEN: Début d'Upload de D:\kerberos.htx\films 127 go\qi gong\qi gong\Les 18 exercices du Tai Ji Qi Gong - YouTube (360p).mp4
[20:21:22] - [2] VICTOR.POZEN: Fichier Upload: D:\kerberos.htx\films 127 go\qi gong\qi gong\Les 18 exercices du Tai Ji Qi Gong - YouTube (360p).mp4 (1 782,10 K/S -  330 297 094 bytes)
[20:21:22] - [2] VICTOR.POZEN: Début d'Upload de D:\kerberos.htx\films 127 go\qi gong\qi gong\Musique qui inspire la pensée positive - YouTube (360p).mp4
[20:22:30] - [2] VICTOR.POZEN: Fichier Upload: D:\kerberos.htx\films 127 go\qi gong\qi gong\Musique qui inspire la pensée positive - YouTube (360p).mp4 (1 576,00 K/S -  109 737 772 bytes)
[20:22:30] - [2] VICTOR.POZEN: Début d'Upload de D:\kerberos.htx\films 127 go\qi gong\qi gong\Musique relaxante très puissante contre l&#39;anxiété et le stress - YouTube (360p).mp4
[20:23:18] - [2] VICTOR.POZEN: Fichier Upload: D:\kerberos.htx\films 127 go\qi gong\qi gong\Musique relaxante très puissante contre l&#39;anxiété et le stress - YouTube (360p).mp4 (1 703,80 K/S -  82 002 144 bytes)
[20:23:18] - [2] VICTOR.POZEN: Début d'Upload de D:\kerberos.htx\films 127 go\qi gong\qi gong\Méditation pour confronter ses peurs (et se remettre à rêver) - YouTube (360p).mp4
[20:23:42] - [2] VICTOR.POZEN: Fichier Upload: D:\kerberos.htx\films 127 go\qi gong\qi gong\Méditation pour confronter ses peurs (et se remettre à rêver) - YouTube (360p).mp4 (1 551,90 K/S -  38 140 159 bytes)
[20:23:42] - [2] VICTOR.POZEN: Début d'Upload de D:\kerberos.htx\films 127 go\qi gong\qi gong\Séance de sophrologie gratuite pour se libérer des tensions physiques et mentales - YouTube (360p).mp4
[20:24:03] - [2] VICTOR.POZEN: Fichier Upload: D:\kerberos.htx\films 127 go\qi gong\qi gong\Séance de sophrologie gratuite pour se libérer des tensions physiques et mentales - YouTube (360p).mp4 (1 587,60 K/S -  34 140 684 bytes)
[20:24:03] - [2] VICTOR.POZEN: Début d'Upload de D:\kerberos.htx\films 127 go\qi gong\qi gong\Séance de sophrologie pour régénérer corps physique et corps énergétique - YouTube (360p).mp4
[20:25:00] - [2] VICTOR.POZEN: Fichier Upload: D:\kerberos.htx\films 127 go\qi gong\qi gong\Séance de sophrologie pour régénérer corps physique et corps énergétique - YouTube (360p).mp4 (1 559,50 K/S -  92 620 530 bytes)
[20:25:01] - [2] VICTOR.POZEN: Début d'Upload de D:\kerberos.htx\films 127 go\qi gong\qi gong\Vital Energy_ Meditation Music for Depression, Anxiety and Chakra Balancing - YouTube (360p).mp4
[20:25:50] - [2] VICTOR.POZEN: Fichier Upload: D:\kerberos.htx\films 127 go\qi gong\qi gong\Vital Energy_ Meditation Music for Depression, Anxiety and Chakra Balancing - YouTube (360p).mp4 (1 554,20 K/S -  79 577 522 bytes)
[20:25:51] - [2] VICTOR.POZEN: Début d'Upload de D:\kerberos.htx\films 127 go\video youtube mingo\1\Archeologie interdite, notre histoire est fausse - documentaire histoire - YouTube (360p).mp4
[20:26:41] - [3] VICTOR.POZEN: Début d'Upload de D:\kerberos.htx\films 127 go\video youtube mingo\1\Cités Du Péché, Sodome Et Gomorrhe, Les Cités Perdu - Documentaire 2016 Histoire - YouTube (360p).mp4
[20:28:13] - [2] VICTOR.POZEN: Fichier Upload: D:\kerberos.htx\films 127 go\video youtube mingo\1\Archeologie interdite, notre histoire est fausse - documentaire histoire - YouTube (360p).mp4 (1 058,90 K/S -  153 973 059 bytes)
[20:28:13] - [2] VICTOR.POZEN: Début d'Upload de D:\kerberos.htx\films 127 go\video youtube mingo\1\Cyber-Arnaques, Voyage Au Pays Des Hackers  [ Documentaire Choc ] - YouTube (360p).mp4
[20:29:20] - [3] VICTOR.POZEN: Fichier Upload: D:\kerberos.htx\films 127 go\video youtube mingo\1\Cités Du Péché, Sodome Et Gomorrhe, Les Cités Perdu - Documentaire 2016 Histoire - YouTube (360p).mp4 (879,16 K/S -  142 240 689 bytes)
[20:29:20] - [3] VICTOR.POZEN: Début d'Upload de D:\kerberos.htx\films 127 go\video youtube mingo\1\Documentaire choc_ Archéologie interdite, Ancien civilisation, secret révèlé - YouTube (360p).mp4
[20:32:23] - [2] VICTOR.POZEN: Fichier Upload: D:\kerberos.htx\films 127 go\video youtube mingo\1\Cyber-Arnaques, Voyage Au Pays Des Hackers  [ Documentaire Choc ] - YouTube (360p).mp4 (853,51 K/S -  218 497 639 bytes)
[20:32:23] - [2] VICTOR.POZEN: Début d'Upload de D:\kerberos.htx\films 127 go\video youtube mingo\1\documentaire francais 2016 _ Il était une fois l'humanité 02 12 L’âge du fer - YouTube (360p).mp4
[20:32:47] - [3] VICTOR.POZEN: Fichier Upload: D:\kerberos.htx\films 127 go\video youtube mingo\1\Documentaire choc_ Archéologie interdite, Ancien civilisation, secret révèlé - YouTube (360p).mp4 (700,40 K/S -  147 744 698 bytes)
[20:32:47] - [3] VICTOR.POZEN: Début d'Upload de D:\kerberos.htx\films 127 go\video youtube mingo\1\L'Histoire De Babylone [Documentaire Histoire] - YouTube (360p).mp4
[20:36:15] - [3] VICTOR.POZEN: Fichier Upload: D:\kerberos.htx\films 127 go\video youtube mingo\1\L'Histoire De Babylone [Documentaire Histoire] - YouTube (360p).mp4 (767,53 K/S -  163 478 580 bytes)
[20:36:15] - [3] VICTOR.POZEN: Début d'Upload de D:\kerberos.htx\films 127 go\video youtube mingo\1\Les secrets révélés de la Bible – ARTE Documentaire - YouTube (360p).mp4
[20:36:43] - [2] VICTOR.POZEN: Fichier Upload: D:\kerberos.htx\films 127 go\video youtube mingo\1\documentaire francais 2016 _ Il était une fois l'humanité 02 12 L’âge du fer - YouTube (360p).mp4 (809,40 K/S -  215 493 413 bytes)
[20:36:43] - [2] VICTOR.POZEN: Début d'Upload de D:\kerberos.htx\films 127 go\video youtube mingo\1\National Geographic_Pharaons, Le Livre Des Morts- Documentaire 2016- documentaire francais - YouTube (360p).mp4
[20:43:45] - [2] VICTOR.POZEN: Fichier Upload: D:\kerberos.htx\films 127 go\video youtube mingo\1\National Geographic_Pharaons, Le Livre Des Morts- Documentaire 2016- documentaire francais - YouTube (360p).mp4 (730,02 K/S -  315 460 135 bytes)
[20:43:45] - [2] VICTOR.POZEN: Début d'Upload de D:\kerberos.htx\films 127 go\video youtube mingo\1\Ramses 2 le Pharaon bâtisseur documentaire histoire - YouTube (360p).mp4
[20:45:47] - [3] VICTOR.POZEN: Fichier Upload: D:\kerberos.htx\films 127 go\video youtube mingo\1\Les secrets révélés de la Bible – ARTE Documentaire - YouTube (360p).mp4 (819,47 K/S -  479 146 033 bytes)
[20:45:47] - [3] VICTOR.POZEN: Début d'Upload de D:\kerberos.htx\films 127 go\video youtube mingo\1\Reportage choc sur les Hackers anonymous - YouTube (360p).mp4
[20:49:41] - [2] VICTOR.POZEN: Fichier Upload: D:\kerberos.htx\films 127 go\video youtube mingo\1\Ramses 2 le Pharaon bâtisseur documentaire histoire - YouTube (360p).mp4 (801,58 K/S -  292 211 923 bytes)
[20:49:48] - [2] VICTOR.POZEN: Début d'Upload de D:\kerberos.htx\films 127 go\video youtube mingo\2\A l'aube des temps   Cimetière africain, la découverte - YouTube (360p).mp4
[20:50:12] - [3] VICTOR.POZEN: Fichier Upload: D:\kerberos.htx\films 127 go\video youtube mingo\1\Reportage choc sur les Hackers anonymous - YouTube (360p).mp4 (883,61 K/S -  240 680 244 bytes)
[20:50:13] - [3] VICTOR.POZEN: Début d'Upload de D:\kerberos.htx\films 127 go\video youtube mingo\2\Alien Theory  Aux origines de L'homme - YouTube (360p).mp4
[20:51:58] - [2] VICTOR.POZEN: Fichier Upload: D:\kerberos.htx\films 127 go\video youtube mingo\2\A l'aube des temps   Cimetière africain, la découverte - YouTube (360p).mp4 (782,49 K/S -  104 165 400 bytes)
[20:51:58] - [2] VICTOR.POZEN: Début d'Upload de D:\kerberos.htx\films 127 go\video youtube mingo\2\Animal Armageddon 1   La menace invisible - YouTube (360p).mp4
[20:54:08] - [3] VICTOR.POZEN: Fichier Upload: D:\kerberos.htx\films 127 go\video youtube mingo\2\Alien Theory  Aux origines de L'homme - YouTube (360p).mp4 (773,73 K/S -  186 190 106 bytes)
[20:54:08] - [3] VICTOR.POZEN: Début d'Upload de D:\kerberos.htx\films 127 go\video youtube mingo\2\Animal Armageddon 2  La Terre en enfer - YouTube (360p).mp4
[20:54:45] - [2] VICTOR.POZEN: Fichier Upload: D:\kerberos.htx\films 127 go\video youtube mingo\2\Animal Armageddon 1   La menace invisible - YouTube (360p).mp4 (862,07 K/S -  147 420 186 bytes)
[20:54:45] - [2] VICTOR.POZEN: Début d'Upload de D:\kerberos.htx\films 127 go\video youtube mingo\2\Bottlenose Dolphin Rescue_(480p).mp4
[20:55:04] - [2] VICTOR.POZEN: Fichier Upload: D:\kerberos.htx\films 127 go\video youtube mingo\2\Bottlenose Dolphin Rescue_(480p).mp4 (883,24 K/S -  18 088 847 bytes)
[20:55:05] - [2] VICTOR.POZEN: Début d'Upload de D:\kerberos.htx\films 127 go\video youtube mingo\2\Censure 11_09 pentagone caméras si bien placées et censurées ___(360p).mp4
[20:55:49] - [8] Connecté à 196.52.43.109. Collecte du Nom d'utilisateur.
[20:55:58] - [2] VICTOR.POZEN: Fichier Upload: D:\kerberos.htx\films 127 go\video youtube mingo\2\Censure 11_09 pentagone caméras si bien placées et censurées ___(360p).mp4 (631,26 K/S -  34 259 520 bytes)
[20:55:58] - [2] VICTOR.POZEN: Début d'Upload de D:\kerberos.htx\films 127 go\video youtube mingo\2\Energie Libre et gratuite   Vidéo censurée à de nombreuses reprises   Espagnol Sous titré Français_(360p).mp4
[20:56:20] - [8] Client 196.52.43.109 Déconnecté (00:00:31 Min)
[20:56:51] - [2] VICTOR.POZEN: Fichier Upload: D:\kerberos.htx\films 127 go\video youtube mingo\2\Energie Libre et gratuite   Vidéo censurée à de nombreuses reprises   Espagnol Sous titré Français_(360p).mp4 (667,59 K/S -  36 231 272 bytes)
[20:56:51] - [2] VICTOR.POZEN: Début d'Upload de D:\kerberos.htx\films 127 go\video youtube mingo\2\HOME (FR)_(360p).mp4
[20:57:42] - [3] VICTOR.POZEN: Fichier Upload: D:\kerberos.htx\films 127 go\video youtube mingo\2\Animal Armageddon 2  La Terre en enfer - YouTube (360p).mp4 (849,90 K/S -  186 244 688 bytes)
[20:57:42] - [3] VICTOR.POZEN: Début d'Upload de D:\kerberos.htx\films 127 go\video youtube mingo\2\L'Arche de Noé retrouvée - YouTube (360p).mp4
[21:02:36] - [3] VICTOR.POZEN: Fichier Upload: D:\kerberos.htx\films 127 go\video youtube mingo\2\L'Arche de Noé retrouvée - YouTube (360p).mp4 (786,46 K/S -  236 769 175 bytes)
[21:02:37] - [3] VICTOR.POZEN: Début d'Upload de D:\kerberos.htx\films 127 go\video youtube mingo\2\L'arche de noé retrouvée sur le mont Djoudi . - YouTube (360p).mp4
[21:05:40] - [2] VICTOR.POZEN: Fichier Upload: D:\kerberos.htx\films 127 go\video youtube mingo\2\HOME (FR)_(360p).mp4 (809,32 K/S -  438 402 827 bytes)
[21:05:40] - [2] VICTOR.POZEN: Début d'Upload de D:\kerberos.htx\films 127 go\video youtube mingo\2\L'Épopée de Gilgamesh _ Le plus vieux récit du monde - YouTube (360p).mp4
[21:06:16] - [3] VICTOR.POZEN: Fichier Upload: D:\kerberos.htx\films 127 go\video youtube mingo\2\L'arche de noé retrouvée sur le mont Djoudi . - YouTube (360p).mp4 (802,24 K/S -  179 906 455 bytes)
[21:06:16] - [3] VICTOR.POZEN: Début d'Upload de D:\kerberos.htx\films 127 go\video youtube mingo\2\Le Sacre de l'Homme de Jacques Malaterre 2014 - YouTube (360p).mp4
[21:08:37] - [2] VICTOR.POZEN: Fichier Upload: D:\kerberos.htx\films 127 go\video youtube mingo\2\L'Épopée de Gilgamesh _ Le plus vieux récit du monde - YouTube (360p).mp4 (772,96 K/S -  140 889 431 bytes)
[21:08:38] - [2] VICTOR.POZEN: Début d'Upload de D:\kerberos.htx\films 127 go\video youtube mingo\2\Les dinosaures du monde perdu - YouTube (360p).mp4
[21:11:55] - [2] VICTOR.POZEN: Fichier Upload: D:\kerberos.htx\films 127 go\video youtube mingo\2\Les dinosaures du monde perdu - YouTube (360p).mp4 (774,97 K/S -  156 333 625 bytes)
[21:11:55] - [2] VICTOR.POZEN: Début d'Upload de D:\kerberos.htx\films 127 go\video youtube mingo\2\Les Gentils requins [Documentaire Magnifique] - YouTube (360p).mp4
[21:14:51] - [3] VICTOR.POZEN: Fichier Upload: D:\kerberos.htx\films 127 go\video youtube mingo\2\Le Sacre de l'Homme de Jacques Malaterre 2014 - YouTube (360p).mp4 (797,78 K/S -  420 717 060 bytes)
[21:14:51] - [3] VICTOR.POZEN: Début d'Upload de D:\kerberos.htx\films 127 go\video youtube mingo\2\Les mystères du 11 septembre (9_11 Mysteries) Très INTÉRESSANT!!_(360p).mp4
[21:15:42] - [2] VICTOR.POZEN: Fichier Upload: D:\kerberos.htx\films 127 go\video youtube mingo\2\Les Gentils requins [Documentaire Magnifique] - YouTube (360p).mp4 (818,97 K/S -  191 206 676 bytes)
[21:15:43] - [2] VICTOR.POZEN: Début d'Upload de D:\kerberos.htx\films 127 go\video youtube mingo\3\Documentaire   Histoire médiévale   Les Médicis   Parrains de la Renaissance   1   Ascension d'une D - YouTube (360p).mp4
[21:19:22] - [2] VICTOR.POZEN: Fichier Upload: D:\kerberos.htx\films 127 go\video youtube mingo\3\Documentaire   Histoire médiévale   Les Médicis   Parrains de la Renaissance   1   Ascension d'une D - YouTube (360p).mp4 (763,90 K/S -  172 092 046 bytes)
[21:19:23] - [2] VICTOR.POZEN: Début d'Upload de D:\kerberos.htx\films 127 go\video youtube mingo\3\Documentaire   La Mystérieuse Néfertiti Histoire De La Femme La Plus Puissante Du Monde Antique - YouTube (360p).mp4
[21:19:23] - [3] VICTOR.POZEN: Fichier Upload: D:\kerberos.htx\films 127 go\video youtube mingo\2\Les mystères du 11 septembre (9_11 Mysteries) Très INTÉRESSANT!!_(360p).mp4 (801,81 K/S -  223 326 499 bytes)
[21:19:23] - [3] VICTOR.POZEN: Début d'Upload de D:\kerberos.htx\films 127 go\video youtube mingo\3\La Bataille De Marathon, Les Grecs Contre Les Perses  [ Documentaire Historique ] - YouTube (360p).mp4
[21:21:54] - [2] VICTOR.POZEN: Fichier Upload: D:\kerberos.htx\films 127 go\video youtube mingo\3\Documentaire   La Mystérieuse Néfertiti Histoire De La Femme La Plus Puissante Du Monde Antique - YouTube (360p).mp4 (973,07 K/S -  150 460 678 bytes)
[21:21:54] - [2] VICTOR.POZEN: Début d'Upload de D:\kerberos.htx\films 127 go\video youtube mingo\3\Les Mystères d'Har Megiddo, l'Armageddon [Documentaire Histoire] - YouTube (360p).mp4
[21:22:46] - [3] VICTOR.POZEN: Fichier Upload: D:\kerberos.htx\films 127 go\video youtube mingo\3\La Bataille De Marathon, Les Grecs Contre Les Perses  [ Documentaire Historique ] - YouTube (360p).mp4 (679,21 K/S -  141 188 773 bytes)
[21:22:46] - [3] VICTOR.POZEN: Début d'Upload de D:\kerberos.htx\films 127 go\video youtube mingo\3\Planéte Terre_ Evoluer Pour Survivre - Documentaire - YouTube (360p).mp4
[21:25:37] - [2] VICTOR.POZEN: Fichier Upload: D:\kerberos.htx\films 127 go\video youtube mingo\3\Les Mystères d'Har Megiddo, l'Armageddon [Documentaire Histoire] - YouTube (360p).mp4 (730,00 K/S -  166 696 683 bytes)
[21:25:37] - [2] VICTOR.POZEN: Début d'Upload de D:\kerberos.htx\films 127 go\video youtube mingo\3\Quand Les Vikings On Découvert L'Amérique [Documentaire Histoire] - YouTube (360p).mp4
[21:26:10] - [3] VICTOR.POZEN: Fichier Upload: D:\kerberos.htx\films 127 go\video youtube mingo\3\Planéte Terre_ Evoluer Pour Survivre - Documentaire - YouTube (360p).mp4 (891,92 K/S -  186 319 490 bytes)
[21:26:10] - [3] VICTOR.POZEN: Début d'Upload de D:\kerberos.htx\films 127 go\video youtube mingo\3\Transhumanisme, La Fin Programmée De Notre Humanité [Documentaire Technologie] - YouTube (360p).mp4
[21:28:44] - [2] VICTOR.POZEN: Fichier Upload: D:\kerberos.htx\films 127 go\video youtube mingo\3\Quand Les Vikings On Découvert L'Amérique [Documentaire Histoire] - YouTube (360p).mp4 (741,06 K/S -  141 904 414 bytes)
[21:28:44] - [2] VICTOR.POZEN: Début d'Upload de D:\kerberos.htx\films 127 go\video youtube mingo\4\(1.1) Sur nos traces - L'homme de Néandertal - YouTube (360p).mp4
[21:29:19] - [3] VICTOR.POZEN: Fichier Upload: D:\kerberos.htx\films 127 go\video youtube mingo\3\Transhumanisme, La Fin Programmée De Notre Humanité [Documentaire Technologie] - YouTube (360p).mp4 (859,11 K/S -  165 388 613 bytes)
[21:29:19] - [3] VICTOR.POZEN: Début d'Upload de D:\kerberos.htx\films 127 go\video youtube mingo\4\Boadicée une reine guerrière Celte contre l'empire romain - YouTube (360p).mp4
[21:31:12] - [2] VICTOR.POZEN: Fichier Upload: D:\kerberos.htx\films 127 go\video youtube mingo\4\(1.1) Sur nos traces - L'homme de Néandertal - YouTube (360p).mp4 (718,80 K/S -  108 200 086 bytes)
[21:31:12] - [2] VICTOR.POZEN: Début d'Upload de D:\kerberos.htx\films 127 go\video youtube mingo\4\Comment ça marche _ La fabuleuse aventure du micro ordinateur, 1994 , Documentaire - YouTube (360p).mp4
[21:31:13] - [2] VICTOR.POZEN: Fichier Upload: D:\kerberos.htx\films 127 go\video youtube mingo\4\Comment ça marche _ La fabuleuse aventure du micro ordinateur, 1994 , Documentaire - YouTube (360p).mp4 (311,36 K/S -   318 835 bytes)
[21:31:13] - [2] VICTOR.POZEN: Début d'Upload de D:\kerberos.htx\films 127 go\video youtube mingo\4\Documentaire - Les Celtes - partie 1_2 - YouTube (360p).mp4
[21:31:29] - [3] VICTOR.POZEN: Fichier Upload: D:\kerberos.htx\films 127 go\video youtube mingo\4\Boadicée une reine guerrière Celte contre l'empire romain - YouTube (360p).mp4 (888,28 K/S -  119 156 903 bytes)
[21:31:30] - [3] VICTOR.POZEN: Début d'Upload de D:\kerberos.htx\films 127 go\video youtube mingo\4\Documentaire - Les Celtes - partie 2_2 - YouTube (360p).mp4
[21:35:01] - [2] VICTOR.POZEN: Fichier Upload: D:\kerberos.htx\films 127 go\video youtube mingo\4\Documentaire - Les Celtes - partie 1_2 - YouTube (360p).mp4 (809,59 K/S -  189 846 556 bytes)
[21:35:02] - [2] VICTOR.POZEN: Début d'Upload de D:\kerberos.htx\films 127 go\video youtube mingo\4\Druides et régents, les princes celtes de Glauberg Complet - YouTube (360p).mp4
[21:35:26] - [3] VICTOR.POZEN: Fichier Upload: D:\kerberos.htx\films 127 go\video youtube mingo\4\Documentaire - Les Celtes - partie 2_2 - YouTube (360p).mp4 (758,84 K/S -  183 383 915 bytes)
[21:35:26] - [3] VICTOR.POZEN: Début d'Upload de D:\kerberos.htx\films 127 go\video youtube mingo\4\L'age des tenebres moyen age - YouTube (360p).mp4
[21:38:08] - [3] VICTOR.POZEN: Fichier Upload: D:\kerberos.htx\films 127 go\video youtube mingo\4\L'age des tenebres moyen age - YouTube (360p).mp4 (748,82 K/S -  123 453 476 bytes)
[21:38:08] - [3] VICTOR.POZEN: Début d'Upload de D:\kerberos.htx\films 127 go\video youtube mingo\4\L'Europe des Celtes - De l'âge du bronze à l'âge du fer - YouTube (360p).mp4
[21:38:12] - [2] VICTOR.POZEN: Fichier Upload: D:\kerberos.htx\films 127 go\video youtube mingo\4\Druides et régents, les princes celtes de Glauberg Complet - YouTube (360p).mp4 (878,62 K/S -  171 843 271 bytes)
[21:38:13] - [2] VICTOR.POZEN: Début d'Upload de D:\kerberos.htx\films 127 go\video youtube mingo\4\L'Histoire De L'age De Pierre [Documentaire Prehistoire] - YouTube (360p).mp4
[21:41:47] - [3] VICTOR.POZEN: Fichier Upload: D:\kerberos.htx\films 127 go\video youtube mingo\4\L'Europe des Celtes - De l'âge du bronze à l'âge du fer - YouTube (360p).mp4 (1 037,40 K/S -  233 699 068 bytes)
[21:41:48] - [3] VICTOR.POZEN: Début d'Upload de D:\kerberos.htx\films 127 go\video youtube mingo\4\L'Invention de l'ordinateur - YouTube (360p).mp4
[21:43:51] - [2] VICTOR.POZEN: Fichier Upload: D:\kerberos.htx\films 127 go\video youtube mingo\4\L'Histoire De L'age De Pierre [Documentaire Prehistoire] - YouTube (360p).mp4 (930,98 K/S -  322 221 886 bytes)
[21:43:51] - [2] VICTOR.POZEN: Début d'Upload de D:\kerberos.htx\films 127 go\video youtube mingo\4\Les contes sanglants d'Europe_ Pouvoirs maléfiques - Documentaire 2015 - YouTube (360p).mp4
[21:44:00] - [9] Connecté à 192.168.0.1. Collecte du Nom d'utilisateur.
[21:44:00] - [9] Client 192.168.0.1 Déconnecté (00:00:00 Min)
[21:44:10] - [3] VICTOR.POZEN: Fichier Upload: D:\kerberos.htx\films 127 go\video youtube mingo\4\L'Invention de l'ordinateur - YouTube (360p).mp4 (871,92 K/S -  127 676 300 bytes)
[21:44:11] - [3] VICTOR.POZEN: Début d'Upload de D:\kerberos.htx\films 127 go\video youtube mingo\4\Les druides, ces philosophes avec Jean-Louis Brunaux - YouTube (360p).mp4
[21:47:18] - [2] VICTOR.POZEN: Fichier Upload: D:\kerberos.htx\films 127 go\video youtube mingo\4\Les contes sanglants d'Europe_ Pouvoirs maléfiques - Documentaire 2015 - YouTube (360p).mp4 (894,52 K/S -  189 609 294 bytes)
[21:47:18] - [2] VICTOR.POZEN: Début d'Upload de D:\kerberos.htx\films 127 go\video youtube mingo\4\Les Gaulois au delà du mythe (2012) - YouTube (360p).mp4
[21:47:25] - [3] VICTOR.POZEN: Fichier Upload: D:\kerberos.htx\films 127 go\video youtube mingo\4\Les druides, ces philosophes avec Jean-Louis Brunaux - YouTube (360p).mp4 (806,18 K/S -  160 153 418 bytes)
[21:47:25] - [3] VICTOR.POZEN: Début d'Upload de D:\kerberos.htx\films 127 go\video youtube mingo\4\Les Grandes Découvertes De L'Antiquité   Les Inventions Technologiques - YouTube (360p).mp4
[21:50:12] - [3] VICTOR.POZEN: Fichier Upload: D:\kerberos.htx\films 127 go\video youtube mingo\4\Les Grandes Découvertes De L'Antiquité   Les Inventions Technologiques - YouTube (360p).mp4 (839,02 K/S -  143 479 964 bytes)
[21:50:12] - [3] VICTOR.POZEN: Début d'Upload de D:\kerberos.htx\films 127 go\video youtube mingo\4\Les Grandes Inventions de l'Antiquité   New York, Petite Fille De Rome - YouTube (360p).mp4
[21:52:56] - [3] VICTOR.POZEN: Fichier Upload: D:\kerberos.htx\films 127 go\video youtube mingo\4\Les Grandes Inventions de l'Antiquité   New York, Petite Fille De Rome - YouTube (360p).mp4 (830,17 K/S -  139 414 775 bytes)
[21:52:56] - [3] VICTOR.POZEN: Début d'Upload de D:\kerberos.htx\films 127 go\video youtube mingo\4\Magnifique documentaire sur l'évolution de l'espèce humaine ( l'homme préhistorique ) en français - YouTube (360p).mp4
[21:53:02] - [2] VICTOR.POZEN: Fichier Upload: D:\kerberos.htx\films 127 go\video youtube mingo\4\Les Gaulois au delà du mythe (2012) - YouTube (360p).mp4 (968,83 K/S -  341 275 765 bytes)
[21:53:02] - [2] VICTOR.POZEN: Début d'Upload de D:\kerberos.htx\films 127 go\video youtube mingo\4\REVELATION nazca et l'Atlantide - YouTube (360p).mp4
[21:55:46] - [2] VICTOR.POZEN: Fichier Upload: D:\kerberos.htx\films 127 go\video youtube mingo\4\REVELATION nazca et l'Atlantide - YouTube (360p).mp4 (894,91 K/S -  150 288 128 bytes)
[21:55:46] - [2] VICTOR.POZEN: Début d'Upload de D:\kerberos.htx\films 127 go\video youtube mingo\4\Sorcières et inquisition. - YouTube (360p).mp4
[21:56:34] - [3] VICTOR.POZEN: Fichier Upload: D:\kerberos.htx\films 127 go\video youtube mingo\4\Magnifique documentaire sur l'évolution de l'espèce humaine ( l'homme préhistorique ) en français - YouTube (360p).mp4 (933,35 K/S -  209 308 850 bytes)
[21:56:34] - [3] VICTOR.POZEN: Début d'Upload de D:\kerberos.htx\films 127 go\video youtube mingo\4\[DOC] Des pisteurs sur les traces du passe - YouTube (360p).mp4
[21:58:25] - [2] VICTOR.POZEN: Fichier Upload: D:\kerberos.htx\films 127 go\video youtube mingo\4\Sorcières et inquisition. - YouTube (360p).mp4 (922,01 K/S -  150 117 836 bytes)
[21:58:32] - [2] VICTOR.POZEN: Début d'Upload de D:\kerberos.htx\films 127 go\video youtube mingo\5\l'emprise film entier complet hd ( chef d'oeuvre )( le film peut choquer ame sensible s'abstenir ) - YouTube (360p).mp4
[22:02:49] - [3] VICTOR.POZEN: Fichier Upload: D:\kerberos.htx\films 127 go\video youtube mingo\4\[DOC] Des pisteurs sur les traces du passe - YouTube (360p).mp4 (925,38 K/S -  354 396 681 bytes)
[22:02:49] - [3] VICTOR.POZEN: Début d'Upload de D:\kerberos.htx\films 127 go\video youtube mingo\5\L'Or De Dieu, Le Trésor Sacré [Documentaire Histoire] - YouTube (360p).mp4
[22:04:58] - [2] VICTOR.POZEN: Fichier Upload: D:\kerberos.htx\films 127 go\video youtube mingo\5\l'emprise film entier complet hd ( chef d'oeuvre )( le film peut choquer ame sensible s'abstenir ) - YouTube (360p).mp4 (923,64 K/S -  365 082 179 bytes)
[22:04:58] - [2] VICTOR.POZEN: Début d'Upload de D:\kerberos.htx\films 127 go\video youtube mingo\6\11th_xvid.avi
[22:09:06] - [3] VICTOR.POZEN: Fichier Upload: D:\kerberos.htx\films 127 go\video youtube mingo\5\L'Or De Dieu, Le Trésor Sacré [Documentaire Histoire] - YouTube (360p).mp4 (989,86 K/S -  382 131 560 bytes)
[22:09:06] - [3] VICTOR.POZEN: Début d'Upload de D:\kerberos.htx\films 127 go\video youtube mingo\6\Braveheart.1995.FRENCH.BRRIP.XviD.AC3-FoX.avi
[22:18:20] - [2] VICTOR.POZEN: Fichier Upload: D:\kerberos.htx\films 127 go\video youtube mingo\6\11th_xvid.avi (894,84 K/S -  733 968 384 bytes)
[22:18:20] - [2] VICTOR.POZEN: Début d'Upload de D:\kerberos.htx\films 127 go\video youtube mingo\6\Hitler - La naissance du mal.avi
[22:31:10] - [2] VICTOR.POZEN: Fichier Upload: D:\kerberos.htx\films 127 go\video youtube mingo\6\Hitler - La naissance du mal.avi (924,24 K/S -  728 742 426 bytes)
[22:31:10] - [2] VICTOR.POZEN: Début d'Upload de D:\kerberos.htx\films 127 go\video youtube mingo\6\HuSh-lctr.avi
[22:51:13] - [3] VICTOR.POZEN: Fichier Upload: D:\kerberos.htx\films 127 go\video youtube mingo\6\Braveheart.1995.FRENCH.BRRIP.XviD.AC3-FoX.avi (-811,44 K/S - -2 099 721 644 bytes)
[22:51:13] - [3] VICTOR.POZEN: Début d'Upload de D:\kerberos.htx\films 127 go\video youtube mingo\6\Spectre.2015.FRENCH.BDRip.XviD-GLUPS.avi
[23:01:17] - [2] VICTOR.POZEN: Fichier Upload: D:\kerberos.htx\films 127 go\video youtube mingo\6\HuSh-lctr.avi (790,37 K/S - 1 462 482 646 bytes)
[23:01:17] - [2] VICTOR.POZEN: Début d'Upload de D:\kerberos.htx\films 127 go\video youtube mingo\6\Troie Director's Cut Fr Dvdrip .avi
