[00:09:41] - [10] Connecté à 192.168.0.1. Collecte du Nom d'utilisateur.
[00:09:41] - [10] Client 192.168.0.1 Déconnecté (00:00:00 Min)
[00:12:55] - [11] Connecté à 192.168.0.1. Collecte du Nom d'utilisateur.
[00:12:55] - [11] Usager ANONYMOUS Connecté IP: 192.168.0.1
[00:12:55] - [11] Mot de Passe Incorrect: Utilisateur ANONYMOUS IP: 192.168.0.1
[00:12:55] - [12] Connecté à 192.168.0.1. Collecte du Nom d'utilisateur.
[00:12:55] - [11] Client 192.168.0.1 Déconnecté (00:00:00 Min)
[00:13:12] - [12] Authentification Incorrect: Utilisateur LOCIOSERVER IP: 192.168.0.1
[00:13:12] - [12] Client 192.168.0.1 Déconnecté (00:00:16 Min)
[11:52:26] - Serveur Démarré
[11:52:26] - FTP Port: 21
[19:54:36] - [1] Connecté à 192.168.0.1. Collecte du Nom d'utilisateur.
[19:54:36] - [1] Usager MIRKO.POZEN Connecté IP: 192.168.0.1
[19:54:36] - [1] MIRKO.POZEN: Répertoire en Cours: D:\kerberos.htx\
[19:54:44] - [1] MIRKO.POZEN: Répertoire en Cours: D:\kerberos.htx\
[19:54:47] - [1] Client 192.168.0.1 Déconnecté (00:00:11 Min)
[20:06:10] - [2] Connecté à 196.52.43.56. Collecte du Nom d'utilisateur.
[20:06:41] - [2] Client 196.52.43.56 Déconnecté (00:00:30 Min)
[20:07:32] - [3] Connecté à 196.52.43.121. Collecte du Nom d'utilisateur.
[20:07:42] - [3] Client 196.52.43.121 Déconnecté (00:00:09 Min)
[21:06:52] - [4] Connecté à 84.6.64.217. Collecte du Nom d'utilisateur.
[21:06:52] - [4] Usager MIRKO.POZEN Connecté IP: 84.6.64.217
[21:06:52] - [4] MIRKO.POZEN: Répertoire en Cours: D:\kerberos.htx\
[21:06:53] - [4] MIRKO.POZEN: Répertoire en Cours: D:\kerberos.htx\
[21:07:06] - [4] MIRKO.POZEN: Répertoire en Cours: D:\kerberos.htx\Windows 7 SP1 Ultimate X86 X64 FR-IT-NL OEM ESD Aug 2016 {Gen2}\
[21:07:06] - [4] MIRKO.POZEN: Répertoire en Cours: D:\kerberos.htx\Windows 7 SP1 Ultimate X86 X64 FR-IT-NL OEM ESD Aug 2016 {Gen2}\USB-tool\
[21:07:07] - [5] Connecté à 84.6.64.217. Collecte du Nom d'utilisateur.
[21:07:07] - [6] Connecté à 84.6.64.217. Collecte du Nom d'utilisateur.
[21:07:07] - [5] Usager MIRKO.POZEN Connecté IP: 84.6.64.217
[21:07:07] - [5] MIRKO.POZEN: Répertoire en Cours: D:\kerberos.htx\
[21:07:07] - [6] Usager MIRKO.POZEN Connecté IP: 84.6.64.217
[21:07:07] - [6] MIRKO.POZEN: Répertoire en Cours: D:\kerberos.htx\
[21:07:07] - [5] MIRKO.POZEN: Répertoire en Cours: D:\kerberos.htx\Windows 7 SP1 Ultimate X86 X64 FR-IT-NL OEM ESD Aug 2016 {Gen2}\
[21:07:07] - [6] MIRKO.POZEN: Répertoire en Cours: D:\kerberos.htx\Windows 7 SP1 Ultimate X86 X64 FR-IT-NL OEM ESD Aug 2016 {Gen2}\
[21:07:07] - [5] MIRKO.POZEN: Début du Téléchargement de: D:\kerberos.htx\Windows 7 SP1 Ultimate X86 X64 FR-IT-NL OEM ESD Aug 2016 {Gen2}\READ ME.txt
[21:07:08] - [5] MIRKO.POZEN: Fichier envoyé: D:\kerberos.htx\Windows 7 SP1 Ultimate X86 X64 FR-IT-NL OEM ESD Aug 2016 {Gen2}\READ ME.txt (0,17 K/S -    172 bytes)
[21:07:08] - [6] MIRKO.POZEN: Début du Téléchargement de: D:\kerberos.htx\Windows 7 SP1 Ultimate X86 X64 FR-IT-NL OEM ESD Aug 2016 {Gen2}\W7ULT.X86X64.FR.IT.NL.Aug2016.iso
[21:07:08] - [5] MIRKO.POZEN: Début du Téléchargement de: D:\kerberos.htx\Windows 7 SP1 Ultimate X86 X64 FR-IT-NL OEM ESD Aug 2016 {Gen2}\Windows 7 SP1 Ultimate X86 X64 FR-IT-NL OEM ESD Aug 2016 {Gen2}.txt
[21:07:08] - [5] MIRKO.POZEN: Fichier envoyé: D:\kerberos.htx\Windows 7 SP1 Ultimate X86 X64 FR-IT-NL OEM ESD Aug 2016 {Gen2}\Windows 7 SP1 Ultimate X86 X64 FR-IT-NL OEM ESD Aug 2016 {Gen2}.txt (1,52 K/S -   1 555 bytes)
[21:07:08] - [5] MIRKO.POZEN: Répertoire en Cours: D:\kerberos.htx\Windows 7 SP1 Ultimate X86 X64 FR-IT-NL OEM ESD Aug 2016 {Gen2}\USB-tool\
[21:07:08] - [5] MIRKO.POZEN: Début du Téléchargement de: D:\kerberos.htx\Windows 7 SP1 Ultimate X86 X64 FR-IT-NL OEM ESD Aug 2016 {Gen2}\USB-tool\Rufus 2.10.exe
[21:07:30] - [5] MIRKO.POZEN: Fichier envoyé: D:\kerberos.htx\Windows 7 SP1 Ultimate X86 X64 FR-IT-NL OEM ESD Aug 2016 {Gen2}\USB-tool\Rufus 2.10.exe (41,60 K/S -   937 080 bytes)
[21:07:31] - [5] MIRKO.POZEN: Début du Téléchargement de: D:\kerberos.htx\Windows 7 SP1 Ultimate X86 X64 FR-IT-NL OEM ESD Aug 2016 {Gen2}\USB-tool\rufus-2.18.exe
[21:07:54] - [5] MIRKO.POZEN: Fichier envoyé: D:\kerberos.htx\Windows 7 SP1 Ultimate X86 X64 FR-IT-NL OEM ESD Aug 2016 {Gen2}\USB-tool\rufus-2.18.exe (42,96 K/S -   967 800 bytes)
[21:08:26] - [5] Client 84.6.64.217 Déconnecté (00:01:19 Min)
[21:41:03] - [4] MIRKO.POZEN: Répertoire en Cours: D:\kerberos.htx\
[21:41:03] - [4] MIRKO.POZEN: Répertoire en Cours: D:\kerberos.htx\Windows 7 SP1 Ultimate X86 X64 FR-IT-NL OEM ESD Aug 2016 {Gen2}\
[21:46:39] - [4] MIRKO.POZEN: Répertoire en Cours: D:\kerberos.htx\
[21:46:49] - [4] MIRKO.POZEN: Répertoire en Cours: D:\kerberos.htx\progz\
[21:46:59] - [4] MIRKO.POZEN: Répertoire en Cours: D:\kerberos.htx\
[21:46:59] - [4] MIRKO.POZEN: Répertoire en Cours: D:\kerberos.htx\a trier\
[21:47:04] - [4] MIRKO.POZEN: Répertoire en Cours: D:\kerberos.htx\a trier\exe\
[21:47:32] - [7] Connecté à 84.6.64.217. Collecte du Nom d'utilisateur.
[21:47:32] - [7] Usager MIRKO.POZEN Connecté IP: 84.6.64.217
[21:47:32] - [7] MIRKO.POZEN: Répertoire en Cours: D:\kerberos.htx\
[21:47:32] - [7] MIRKO.POZEN: Répertoire en Cours: D:\kerberos.htx\a trier\exe\
[21:47:33] - [7] MIRKO.POZEN: Début du Téléchargement de: D:\kerberos.htx\a trier\exe\cdburnerxp_4-5-4-5143_fr_18424.exe
[21:48:59] - [4] MIRKO.POZEN: Répertoire en Cours: D:\kerberos.htx\a trier\
[21:48:59] - [4] MIRKO.POZEN: Répertoire en Cours: D:\kerberos.htx\a trier\2\
[21:49:13] - [4] MIRKO.POZEN: Répertoire en Cours: D:\kerberos.htx\a trier\
[21:49:13] - [4] MIRKO.POZEN: Répertoire en Cours: D:\kerberos.htx\a trier\cleusb 16go\
[21:49:23] - [4] MIRKO.POZEN: Répertoire en Cours: D:\kerberos.htx\a trier\cleusb 16go\usb14go\
[21:49:31] - [4] MIRKO.POZEN: Répertoire en Cours: D:\kerberos.htx\a trier\cleusb 16go\usb14go\mig\
[21:49:33] - [7] MIRKO.POZEN: Fichier envoyé: D:\kerberos.htx\a trier\exe\cdburnerxp_4-5-4-5143_fr_18424.exe (45,86 K/S -  5 634 808 bytes)
[21:49:34] - [7] MIRKO.POZEN: Début du Téléchargement de: D:\kerberos.htx\a trier\exe\CrucialFRScan.exe
[21:49:39] - [7] MIRKO.POZEN: Fichier envoyé: D:\kerberos.htx\a trier\exe\CrucialFRScan.exe (45,27 K/S -   231 760 bytes)
[21:49:40] - [7] MIRKO.POZEN: Début du Téléchargement de: D:\kerberos.htx\a trier\exe\kompozer-0.8b3.fr.win32.exe
[21:49:51] - [4] MIRKO.POZEN: Répertoire en Cours: D:\kerberos.htx\a trier\
[21:49:51] - [4] MIRKO.POZEN: Répertoire en Cours: D:\kerberos.htx\a trier\douwloads\
[21:51:55] - [7] MIRKO.POZEN: Fichier envoyé: D:\kerberos.htx\a trier\exe\kompozer-0.8b3.fr.win32.exe (49,20 K/S -  6 801 477 bytes)
[21:51:55] - [7] MIRKO.POZEN: Début du Téléchargement de: D:\kerberos.htx\a trier\exe\pplfr165_x64comp.exe
[21:52:02] - [7] MIRKO.POZEN: Fichier envoyé: D:\kerberos.htx\a trier\exe\pplfr165_x64comp.exe (33,26 K/S -   238 430 bytes)
[21:52:33] - [7] Client 84.6.64.217 Déconnecté (00:05:01 Min)
[21:54:08] - [4] MIRKO.POZEN: Répertoire en Cours: D:\kerberos.htx\a trier\
[21:54:08] - [4] MIRKO.POZEN: Répertoire en Cours: D:\kerberos.htx\a trier\ISO to USB\
[21:54:23] - [8] Connecté à 84.6.64.217. Collecte du Nom d'utilisateur.
[21:54:23] - [8] Usager MIRKO.POZEN Connecté IP: 84.6.64.217
[21:54:23] - [8] MIRKO.POZEN: Répertoire en Cours: D:\kerberos.htx\
[21:54:24] - [8] MIRKO.POZEN: Répertoire en Cours: D:\kerberos.htx\a trier\ISO to USB\
[21:54:24] - [8] MIRKO.POZEN: Début du Téléchargement de: D:\kerberos.htx\a trier\ISO to USB\7z.dll
[21:54:39] - [8] MIRKO.POZEN: Fichier envoyé: D:\kerberos.htx\a trier\ISO to USB\7z.dll (50,64 K/S -   726 016 bytes)
[21:54:39] - [4] MIRKO.POZEN: Répertoire en Cours: D:\kerberos.htx\a trier\
[21:54:39] - [4] MIRKO.POZEN: Répertoire en Cours: D:\kerberos.htx\a trier\hack fb\
[21:54:39] - [8] MIRKO.POZEN: Début du Téléchargement de: D:\kerberos.htx\a trier\ISO to USB\bootsect_x64.exe
[21:54:42] - [8] MIRKO.POZEN: Fichier envoyé: D:\kerberos.htx\a trier\ISO to USB\bootsect_x64.exe (32,33 K/S -   99 328 bytes)
[21:54:42] - [8] MIRKO.POZEN: Début du Téléchargement de: D:\kerberos.htx\a trier\ISO to USB\bootsect_x86.exe
[21:54:44] - [8] MIRKO.POZEN: Fichier envoyé: D:\kerberos.htx\a trier\ISO to USB\bootsect_x86.exe (42,75 K/S -   87 552 bytes)
[21:54:45] - [8] MIRKO.POZEN: Début du Téléchargement de: D:\kerberos.htx\a trier\ISO to USB\cygwin1.dll
[21:54:59] - [4] MIRKO.POZEN: Répertoire en Cours: D:\kerberos.htx\a trier\
[21:55:20] - [8] MIRKO.POZEN: Fichier envoyé: D:\kerberos.htx\a trier\ISO to USB\cygwin1.dll (48,98 K/S -  1 805 448 bytes)
[21:55:21] - [8] MIRKO.POZEN: Début du Téléchargement de: D:\kerberos.htx\a trier\ISO to USB\isoinfo.exe
[21:55:23] - [8] MIRKO.POZEN: Fichier envoyé: D:\kerberos.htx\a trier\ISO to USB\isoinfo.exe (37,97 K/S -   116 647 bytes)
[21:55:24] - [8] MIRKO.POZEN: Début du Téléchargement de: D:\kerberos.htx\a trier\ISO to USB\isotousb.exe
[21:55:42] - [4] MIRKO.POZEN: Répertoire en Cours: D:\kerberos.htx\a trier\usb important\
[21:56:03] - [8] MIRKO.POZEN: Fichier envoyé: D:\kerberos.htx\a trier\ISO to USB\isotousb.exe (48,36 K/S -  1 980 928 bytes)
[21:56:04] - [8] MIRKO.POZEN: Début du Téléchargement de: D:\kerberos.htx\a trier\ISO to USB\license.txt
[21:56:04] - [8] MIRKO.POZEN: Fichier envoyé: D:\kerberos.htx\a trier\ISO to USB\license.txt (1,42 K/S -   1 459 bytes)
[21:56:04] - [8] MIRKO.POZEN: Début du Téléchargement de: D:\kerberos.htx\a trier\ISO to USB\unins000.dat
[21:56:04] - [8] MIRKO.POZEN: Fichier envoyé: D:\kerberos.htx\a trier\ISO to USB\unins000.dat (3,30 K/S -   3 383 bytes)
[21:56:05] - [8] MIRKO.POZEN: Début du Téléchargement de: D:\kerberos.htx\a trier\ISO to USB\unins000.exe
[21:56:19] - [8] MIRKO.POZEN: Fichier envoyé: D:\kerberos.htx\a trier\ISO to USB\unins000.exe (50,19 K/S -   719 521 bytes)
[21:56:50] - [8] Client 84.6.64.217 Déconnecté (00:02:27 Min)
[22:02:23] - [6] MIRKO.POZEN: Fichier envoyé: D:\kerberos.htx\Windows 7 SP1 Ultimate X86 X64 FR-IT-NL OEM ESD Aug 2016 {Gen2}\W7ULT.X86X64.FR.IT.NL.Aug2016.iso (-59,93 K/S - - 203 423 744 bytes)
[22:02:53] - [6] Client 84.6.64.217 Déconnecté (00:55:46 Min)
[22:16:30] - [4] Client 84.6.64.217 Déconnecté (01:09:37 Min)
[22:30:33] - [9] Connecté à 84.6.64.217. Collecte du Nom d'utilisateur.
[22:30:33] - [9] Usager MIRKO.POZEN Connecté IP: 84.6.64.217
[22:30:33] - [9] MIRKO.POZEN: Répertoire en Cours: D:\kerberos.htx\
[22:30:34] - [9] MIRKO.POZEN: Répertoire en Cours: D:\kerberos.htx\
[22:30:37] - [9] MIRKO.POZEN: Répertoire en Cours: D:\kerberos.htx\Windows 7 SP1 Ultimate X86 X64 FR-IT-NL OEM ESD Aug 2016 {Gen2}\
[22:30:41] - [9] MIRKO.POZEN: Répertoire en Cours: D:\kerberos.htx\Windows 7 SP1 Ultimate X86 X64 FR-IT-NL OEM ESD Aug 2016 {Gen2}\USB-tool\
[22:30:41] - [10] Connecté à 84.6.64.217. Collecte du Nom d'utilisateur.
[22:30:41] - [11] Connecté à 84.6.64.217. Collecte du Nom d'utilisateur.
[22:30:41] - [10] Usager MIRKO.POZEN Connecté IP: 84.6.64.217
[22:30:41] - [10] MIRKO.POZEN: Répertoire en Cours: D:\kerberos.htx\
[22:30:42] - [11] Usager MIRKO.POZEN Connecté IP: 84.6.64.217
[22:30:42] - [11] MIRKO.POZEN: Répertoire en Cours: D:\kerberos.htx\
[22:30:42] - [10] MIRKO.POZEN: Répertoire en Cours: D:\kerberos.htx\Windows 7 SP1 Ultimate X86 X64 FR-IT-NL OEM ESD Aug 2016 {Gen2}\USB-tool\
[22:30:42] - [11] MIRKO.POZEN: Répertoire en Cours: D:\kerberos.htx\Windows 7 SP1 Ultimate X86 X64 FR-IT-NL OEM ESD Aug 2016 {Gen2}\USB-tool\
[22:30:42] - [10] MIRKO.POZEN: Début du Téléchargement de: D:\kerberos.htx\Windows 7 SP1 Ultimate X86 X64 FR-IT-NL OEM ESD Aug 2016 {Gen2}\USB-tool\Rufus 2.10.exe
[22:30:42] - [11] MIRKO.POZEN: Début du Téléchargement de: D:\kerberos.htx\Windows 7 SP1 Ultimate X86 X64 FR-IT-NL OEM ESD Aug 2016 {Gen2}\USB-tool\rufus-2.18.exe
[22:31:00] - [10] MIRKO.POZEN: Fichier envoyé: D:\kerberos.htx\Windows 7 SP1 Ultimate X86 X64 FR-IT-NL OEM ESD Aug 2016 {Gen2}\USB-tool\Rufus 2.10.exe (50,84 K/S -   937 080 bytes)
[22:31:01] - [11] MIRKO.POZEN: Fichier envoyé: D:\kerberos.htx\Windows 7 SP1 Ultimate X86 X64 FR-IT-NL OEM ESD Aug 2016 {Gen2}\USB-tool\rufus-2.18.exe (49,74 K/S -   967 800 bytes)
[22:31:32] - [10] Client 84.6.64.217 Déconnecté (00:00:50 Min)
[22:31:33] - [11] Client 84.6.64.217 Déconnecté (00:00:51 Min)
[22:36:31] - [12] Connecté à 84.6.64.217. Collecte du Nom d'utilisateur.
[22:36:31] - [12] Usager MIRKO.POZEN Connecté IP: 84.6.64.217
[22:36:31] - [12] MIRKO.POZEN: Répertoire en Cours: D:\kerberos.htx\
[22:36:32] - [12] MIRKO.POZEN: Répertoire en Cours: D:\kerberos.htx\Windows 7 SP1 Ultimate X86 X64 FR-IT-NL OEM ESD Aug 2016 {Gen2}\
[22:36:39] - [12] MIRKO.POZEN: Résumé du Téléchargement de: D:\kerberos.htx\Windows 7 SP1 Ultimate X86 X64 FR-IT-NL OEM ESD Aug 2016 {Gen2}\W7ULT.X86X64.FR.IT.NL.Aug2016.iso A:  83 019 188 bytes
[22:38:09] - [9] MIRKO.POZEN: Répertoire en Cours: D:\kerberos.htx\
[22:38:09] - [9] MIRKO.POZEN: Répertoire en Cours: D:\kerberos.htx\iso wk7\
[22:38:23] - [9] MIRKO.POZEN: Répertoire en Cours: D:\kerberos.htx\iso wk7\Windows 7 Professional x64 FR Copie originale\
[22:38:30] - [13] Connecté à 84.6.64.217. Collecte du Nom d'utilisateur.
[22:38:30] - [13] Usager MIRKO.POZEN Connecté IP: 84.6.64.217
[22:38:30] - [13] MIRKO.POZEN: Répertoire en Cours: D:\kerberos.htx\
[22:38:31] - [13] MIRKO.POZEN: Répertoire en Cours: D:\kerberos.htx\iso wk7\Windows 7 Professional x64 FR Copie originale\
[22:38:31] - [13] MIRKO.POZEN: Début du Téléchargement de: D:\kerberos.htx\iso wk7\Windows 7 Professional x64 FR Copie originale\windows-7-professional_x64_dvd_x15-65811.iso
[22:38:33] - [9] MIRKO.POZEN: Répertoire en Cours: D:\kerberos.htx\iso wk7\Windows 7 Professional x64 FR Copie originale\RemoveWAT v2.2.5.2\
[22:38:47] - [9] MIRKO.POZEN: Répertoire en Cours: D:\kerberos.htx\
[22:38:48] - [9] MIRKO.POZEN: Répertoire en Cours: D:\kerberos.htx\exe\
[22:41:17] - [9] MIRKO.POZEN: Répertoire en Cours: D:\kerberos.htx\exe\hddentinel\
[22:41:57] - [9] MIRKO.POZEN: Répertoire en Cours: D:\kerberos.htx\exe\hddentinel\crack\
[22:43:33] - [9] MIRKO.POZEN: Répertoire en Cours: D:\kerberos.htx\exe\
[22:43:34] - [9] MIRKO.POZEN: Répertoire en Cours: D:\kerberos.htx\exe\DarkComet\
[22:43:59] - [9] MIRKO.POZEN: Répertoire en Cours: D:\kerberos.htx\exe\DarkComet\Users\
[22:44:00] - [9] MIRKO.POZEN: Répertoire en Cours: D:\kerberos.htx\exe\DarkComet\
[22:44:00] - [9] MIRKO.POZEN: Répertoire en Cours: D:\kerberos.htx\exe\DarkComet\skins\
[22:44:01] - [9] MIRKO.POZEN: Répertoire en Cours: D:\kerberos.htx\exe\DarkComet\skins\Spoof extensions\
[22:44:02] - [9] MIRKO.POZEN: Répertoire en Cours: D:\kerberos.htx\exe\DarkComet\skins\Spoof extensions\Users\
[22:44:03] - [9] MIRKO.POZEN: Répertoire en Cours: D:\kerberos.htx\exe\DarkComet\skins\Spoof extensions\Users\åse[ÅSE-PC ]\
[22:44:04] - [9] MIRKO.POZEN: Répertoire en Cours: D:\kerberos.htx\exe\DarkComet\skins\Spoof extensions\Users\
[22:44:04] - [9] MIRKO.POZEN: Répertoire en Cours: D:\kerberos.htx\exe\DarkComet\skins\Spoof extensions\Users\sander[SANDER-PC ]\
[22:44:05] - [9] MIRKO.POZEN: Répertoire en Cours: D:\kerberos.htx\exe\DarkComet\skins\Spoof extensions\Users\
[22:44:06] - [9] MIRKO.POZEN: Répertoire en Cours: D:\kerberos.htx\exe\DarkComet\skins\Spoof extensions\Users\robbey[PC_VAN_PARADIGI ]\
[22:44:07] - [9] MIRKO.POZEN: Répertoire en Cours: D:\kerberos.htx\exe\DarkComet\skins\Spoof extensions\Users\
[22:44:07] - [9] MIRKO.POZEN: Répertoire en Cours: D:\kerberos.htx\exe\DarkComet\skins\Spoof extensions\Users\Martijn[MARTIJNLAPPY ]\
[22:44:08] - [9] MIRKO.POZEN: Répertoire en Cours: D:\kerberos.htx\exe\DarkComet\skins\Spoof extensions\Users\
[22:44:08] - [9] MIRKO.POZEN: Répertoire en Cours: D:\kerberos.htx\exe\DarkComet\skins\Spoof extensions\Users\Jessy[SERENA-HP ]\
[22:44:09] - [9] MIRKO.POZEN: Répertoire en Cours: D:\kerberos.htx\exe\DarkComet\
[22:44:09] - [9] MIRKO.POZEN: Répertoire en Cours: D:\kerberos.htx\exe\DarkComet\Notes\
[22:44:10] - [9] MIRKO.POZEN: Répertoire en Cours: D:\kerberos.htx\exe\DarkComet\Notes\INI\
[22:44:11] - [9] MIRKO.POZEN: Répertoire en Cours: D:\kerberos.htx\exe\DarkComet\
[22:44:12] - [9] MIRKO.POZEN: Répertoire en Cours: D:\kerberos.htx\exe\DarkComet\INI\
[22:44:13] - [9] MIRKO.POZEN: Répertoire en Cours: D:\kerberos.htx\exe\DarkComet\
[22:44:13] - [9] MIRKO.POZEN: Répertoire en Cours: D:\kerberos.htx\exe\DarkComet\Goodies\
[22:44:14] - [9] MIRKO.POZEN: Répertoire en Cours: D:\kerberos.htx\exe\DarkComet\Goodies\Icons\
[22:44:15] - [9] MIRKO.POZEN: Répertoire en Cours: D:\kerberos.htx\exe\DarkComet\
[22:44:15] - [9] MIRKO.POZEN: Répertoire en Cours: D:\kerberos.htx\exe\DarkComet\Celesty Binder\
[22:44:16] - [9] MIRKO.POZEN: Répertoire en Cours: D:\kerberos.htx\exe\DarkComet\Celesty Binder\Lang\
[22:44:17] - [9] MIRKO.POZEN: Répertoire en Cours: D:\kerberos.htx\exe\DarkComet\Celesty Binder\
[22:44:17] - [9] MIRKO.POZEN: Répertoire en Cours: D:\kerberos.htx\exe\DarkComet\Celesty Binder\Celesty Binder\
[22:44:19] - [9] MIRKO.POZEN: Répertoire en Cours: D:\kerberos.htx\exe\DarkComet\Celesty Binder\Celesty Binder\Lang\
[22:46:49] - [9] MIRKO.POZEN: Répertoire en Cours: D:\kerberos.htx\
[22:46:49] - [9] MIRKO.POZEN: Répertoire en Cours: D:\kerberos.htx\http2\
[22:47:03] - [9] MIRKO.POZEN: Répertoire en Cours: D:\kerberos.htx\http2\pc kerberos\
[22:47:19] - [9] MIRKO.POZEN: Répertoire en Cours: D:\kerberos.htx\
[22:47:19] - [9] MIRKO.POZEN: Répertoire en Cours: D:\kerberos.htx\Bruter_1.1\
[22:47:20] - [9] MIRKO.POZEN: Répertoire en Cours: D:\kerberos.htx\Bruter_1.1\Bruter_1.1\
[22:47:21] - [9] MIRKO.POZEN: Répertoire en Cours: D:\kerberos.htx\Bruter_1.1\Bruter_1.1\doc\
[22:47:22] - [9] MIRKO.POZEN: Répertoire en Cours: D:\kerberos.htx\Bruter_1.1\Bruter_1.1\
[22:47:23] - [9] MIRKO.POZEN: Répertoire en Cours: D:\kerberos.htx\Bruter_1.1\Bruter_1.1\cfg\
[22:47:24] - [9] MIRKO.POZEN: Répertoire en Cours: D:\kerberos.htx\Bruter_1.1\Bruter_1.1\cfg\_last_state\
[22:47:25] - [9] MIRKO.POZEN: Répertoire en Cours: D:\kerberos.htx\Bruter_1.1\Bruter_1.1\cfg\
[22:47:25] - [9] MIRKO.POZEN: Répertoire en Cours: D:\kerberos.htx\Bruter_1.1\Bruter_1.1\cfg\default\
[22:47:31] - [9] MIRKO.POZEN: Répertoire en Cours: D:\kerberos.htx\
[22:47:32] - [9] MIRKO.POZEN: Répertoire en Cours: D:\kerberos.htx\getrt520\
[22:47:41] - [9] MIRKO.POZEN: Répertoire en Cours: D:\kerberos.htx\getrt520\Traductions\
[22:47:42] - [9] MIRKO.POZEN: Répertoire en Cours: D:\kerberos.htx\getrt520\Traductions\Turkish\
[22:47:43] - [9] MIRKO.POZEN: Répertoire en Cours: D:\kerberos.htx\getrt520\Traductions\
[22:47:43] - [9] MIRKO.POZEN: Répertoire en Cours: D:\kerberos.htx\getrt520\Traductions\Spanish\
[22:47:44] - [9] MIRKO.POZEN: Répertoire en Cours: D:\kerberos.htx\getrt520\Traductions\
[22:47:45] - [9] MIRKO.POZEN: Répertoire en Cours: D:\kerberos.htx\getrt520\Traductions\Slovak\
[22:47:46] - [9] MIRKO.POZEN: Répertoire en Cours: D:\kerberos.htx\getrt520\Traductions\
[22:47:46] - [9] MIRKO.POZEN: Répertoire en Cours: D:\kerberos.htx\getrt520\Traductions\Italian\
[22:47:47] - [9] MIRKO.POZEN: Répertoire en Cours: D:\kerberos.htx\getrt520\Traductions\
[22:47:47] - [9] MIRKO.POZEN: Répertoire en Cours: D:\kerberos.htx\getrt520\Traductions\Hungarian\
[22:47:48] - [9] MIRKO.POZEN: Répertoire en Cours: D:\kerberos.htx\getrt520\Traductions\
[22:47:49] - [9] MIRKO.POZEN: Répertoire en Cours: D:\kerberos.htx\getrt520\Traductions\German\
[22:47:50] - [9] MIRKO.POZEN: Répertoire en Cours: D:\kerberos.htx\getrt520\Traductions\
[22:47:50] - [9] MIRKO.POZEN: Répertoire en Cours: D:\kerberos.htx\getrt520\Traductions\French\
[22:47:51] - [9] MIRKO.POZEN: Répertoire en Cours: D:\kerberos.htx\getrt520\Traductions\
[22:47:52] - [9] MIRKO.POZEN: Répertoire en Cours: D:\kerberos.htx\getrt520\Traductions\Danish\
[22:47:52] - [9] MIRKO.POZEN: Répertoire en Cours: D:\kerberos.htx\getrt520\Traductions\
[22:47:53] - [9] MIRKO.POZEN: Répertoire en Cours: D:\kerberos.htx\getrt520\Traductions\Czech\
[22:47:54] - [9] MIRKO.POZEN: Répertoire en Cours: D:\kerberos.htx\getrt520\Traductions\
[22:47:54] - [9] MIRKO.POZEN: Répertoire en Cours: D:\kerberos.htx\getrt520\Traductions\Catalan\
[22:49:01] - [9] MIRKO.POZEN: Répertoire en Cours: D:\kerberos.htx\
[22:49:02] - [9] MIRKO.POZEN: Répertoire en Cours: D:\kerberos.htx\progz\
[22:49:10] - [9] MIRKO.POZEN: Répertoire en Cours: D:\kerberos.htx\progz\Acunetix\
[22:49:18] - [9] MIRKO.POZEN: Répertoire en Cours: D:\kerberos.htx\progz\Acunetix\Web Vulnerability Scanner 10\
[22:49:19] - [9] MIRKO.POZEN: Répertoire en Cours: D:\kerberos.htx\progz\Acunetix\Web Vulnerability Scanner 10\sqldrivers\
[22:49:20] - [9] MIRKO.POZEN: Répertoire en Cours: D:\kerberos.htx\progz\Acunetix\Web Vulnerability Scanner 10\
[22:49:21] - [9] MIRKO.POZEN: Répertoire en Cours: D:\kerberos.htx\progz\Acunetix\Web Vulnerability Scanner 10\platforms\
[22:49:22] - [9] MIRKO.POZEN: Répertoire en Cours: D:\kerberos.htx\progz\Acunetix\Web Vulnerability Scanner 10\
[22:49:22] - [9] MIRKO.POZEN: Répertoire en Cours: D:\kerberos.htx\progz\Acunetix\Web Vulnerability Scanner 10\imageformats\
[22:50:29] - [9] MIRKO.POZEN: Répertoire en Cours: D:\kerberos.htx\progz\
[22:50:29] - [9] MIRKO.POZEN: Répertoire en Cours: D:\kerberos.htx\progz\tools\
[22:51:22] - [9] MIRKO.POZEN: Répertoire en Cours: D:\kerberos.htx\exe\
[22:51:23] - [9] MIRKO.POZEN: Répertoire en Cours: D:\kerberos.htx\exe\deluge\
[22:54:57] - [9] MIRKO.POZEN: Répertoire en Cours: D:\kerberos.htx\exe\
[22:54:57] - [9] MIRKO.POZEN: Répertoire en Cours: D:\kerberos.htx\exe\pour.xp\
[22:55:28] - [9] MIRKO.POZEN: Répertoire en Cours: D:\kerberos.htx\
[22:55:28] - [9] MIRKO.POZEN: Répertoire en Cours: D:\kerberos.htx\rar\
[22:56:57] - [9] MIRKO.POZEN: Répertoire en Cours: D:\kerberos.htx\rar\hack progz\
[22:57:16] - [9] MIRKO.POZEN: Répertoire en Cours: D:\kerberos.htx\
[22:57:16] - [9] MIRKO.POZEN: Répertoire en Cours: D:\kerberos.htx\mig thoor\
[22:57:41] - [9] MIRKO.POZEN: Répertoire en Cours: D:\kerberos.htx\
[22:57:42] - [9] MIRKO.POZEN: Répertoire en Cours: D:\kerberos.htx\ftp\
[22:57:45] - [9] MIRKO.POZEN: Répertoire en Cours: D:\kerberos.htx\ftp\progz\
[22:57:51] - [9] MIRKO.POZEN: Répertoire en Cours: D:\kerberos.htx\ftp\progz\AusLogics Disk Defrag\
[22:57:52] - [9] MIRKO.POZEN: Répertoire en Cours: D:\kerberos.htx\ftp\progz\AusLogics Disk Defrag\reports\
[22:57:53] - [9] MIRKO.POZEN: Répertoire en Cours: D:\kerberos.htx\ftp\progz\AusLogics Disk Defrag\
[22:57:53] - [9] MIRKO.POZEN: Répertoire en Cours: D:\kerberos.htx\ftp\progz\AusLogics Disk Defrag\Lang\
[22:57:54] - [9] MIRKO.POZEN: Répertoire en Cours: D:\kerberos.htx\ftp\progz\AusLogics Disk Defrag\
[22:57:55] - [9] MIRKO.POZEN: Répertoire en Cours: D:\kerberos.htx\ftp\progz\AusLogics Disk Defrag\Data\
[22:58:51] - [9] MIRKO.POZEN: Répertoire en Cours: D:\kerberos.htx\
[22:58:51] - [9] MIRKO.POZEN: Répertoire en Cours: D:\kerberos.htx\scanner\
