[02:03:42] - [11] Connecté à 51.38.12.23. Collecte du Nom d'utilisateur.
[02:03:42] - [11] Client 51.38.12.23 Déconnecté (00:00:00 Min)
[06:57:09] - [12] Connecté à 216.218.206.66. Collecte du Nom d'utilisateur.
[06:57:09] - [12] Client 216.218.206.66 Déconnecté (00:00:00 Min)
[09:53:34] - [13] Connecté à 176.59.84.177. Collecte du Nom d'utilisateur.
[09:53:34] - [13] Usager ANONYMOUS Connecté IP: 176.59.84.177
[09:53:34] - [13] Mot de Passe Incorrect: Utilisateur ANONYMOUS IP: 176.59.84.177
[09:53:34] - [13] Client 176.59.84.177 Déconnecté (00:00:00 Min)
[17:29:33] - [14] Connecté à 196.52.43.120. Collecte du Nom d'utilisateur.
[17:30:04] - [14] Client 196.52.43.120 Déconnecté (00:00:31 Min)
[17:33:03] - [15] Connecté à 196.52.43.100. Collecte du Nom d'utilisateur.
[17:33:12] - [15] Client 196.52.43.100 Déconnecté (00:00:09 Min)
[18:19:33] - Serveur Démarré
[18:19:33] - FTP Port: 21
[18:44:32] - [1] Connecté à 192.168.0.1. Collecte du Nom d'utilisateur.
[18:44:32] - [1] Usager MIRKO.POZEN Connecté IP: 192.168.0.1
[18:44:32] - [1] MIRKO.POZEN: Répertoire en Cours: D:\kerberos.htx\
[18:44:32] - [1] MIRKO.POZEN: Répertoire en Cours: D:\kerberos.htx\
[18:44:45] - [1] MIRKO.POZEN: Répertoire en Cours: D:\kerberos.htx\fotos lune et agathe\
[18:44:46] - [1] MIRKO.POZEN: Répertoire en Cours: D:\kerberos.htx\fotos lune et agathe\101NIKON\
[18:44:46] - [1] MIRKO.POZEN: Répertoire en Cours: D:\kerberos.htx\fotos lune et agathe\
[18:44:46] - [1] MIRKO.POZEN: Répertoire en Cours: D:\kerberos.htx\fotos lune et agathe\100NIKON\
[18:44:47] - [2] Connecté à 192.168.0.1. Collecte du Nom d'utilisateur.
[18:44:47] - [3] Connecté à 192.168.0.1. Collecte du Nom d'utilisateur.
[18:44:47] - [2] Usager MIRKO.POZEN Connecté IP: 192.168.0.1
[18:44:47] - [2] MIRKO.POZEN: Répertoire en Cours: D:\kerberos.htx\
[18:44:47] - [3] Usager MIRKO.POZEN Connecté IP: 192.168.0.1
[18:44:47] - [3] MIRKO.POZEN: Répertoire en Cours: D:\kerberos.htx\
[18:44:47] - [2] MIRKO.POZEN: Répertoire en Cours: D:\kerberos.htx\fotos lune et agathe\101NIKON\
[18:44:47] - [3] MIRKO.POZEN: Répertoire en Cours: D:\kerberos.htx\fotos lune et agathe\101NIKON\
[18:44:47] - [2] MIRKO.POZEN: Début du Téléchargement de: D:\kerberos.htx\fotos lune et agathe\101NIKON\DSCN4261.JPG
[18:44:47] - [3] MIRKO.POZEN: Début du Téléchargement de: D:\kerberos.htx\fotos lune et agathe\101NIKON\DSCN4262.JPG
[18:45:02] - [2] MIRKO.POZEN: Fichier envoyé: D:\kerberos.htx\fotos lune et agathe\101NIKON\DSCN4261.JPG (451,23 K/S -  6 930 966 bytes)
[18:45:02] - [2] MIRKO.POZEN: Début du Téléchargement de: D:\kerberos.htx\fotos lune et agathe\101NIKON\DSCN4263.JPG
[18:45:02] - [3] MIRKO.POZEN: Fichier envoyé: D:\kerberos.htx\fotos lune et agathe\101NIKON\DSCN4262.JPG (376,69 K/S -  6 171 636 bytes)
[18:45:03] - [3] MIRKO.POZEN: Début du Téléchargement de: D:\kerberos.htx\fotos lune et agathe\101NIKON\DSCN4264.JPG
[18:45:17] - [2] MIRKO.POZEN: Fichier envoyé: D:\kerberos.htx\fotos lune et agathe\101NIKON\DSCN4263.JPG (414,78 K/S -  6 371 004 bytes)
[18:45:17] - [2] MIRKO.POZEN: Début du Téléchargement de: D:\kerberos.htx\fotos lune et agathe\101NIKON\DSCN4265.JPG
[18:45:19] - [3] MIRKO.POZEN: Fichier envoyé: D:\kerberos.htx\fotos lune et agathe\101NIKON\DSCN4264.JPG (381,10 K/S -  6 634 233 bytes)
[18:45:19] - [3] MIRKO.POZEN: Début du Téléchargement de: D:\kerberos.htx\fotos lune et agathe\101NIKON\DSCN4266.JPG
[18:45:32] - [2] MIRKO.POZEN: Fichier envoyé: D:\kerberos.htx\fotos lune et agathe\101NIKON\DSCN4265.JPG (407,60 K/S -  6 678 133 bytes)
[18:45:32] - [2] MIRKO.POZEN: Début du Téléchargement de: D:\kerberos.htx\fotos lune et agathe\101NIKON\DSCN4267.JPG
[18:45:36] - [3] MIRKO.POZEN: Fichier envoyé: D:\kerberos.htx\fotos lune et agathe\101NIKON\DSCN4266.JPG (417,40 K/S -  6 838 692 bytes)
[18:45:36] - [3] MIRKO.POZEN: Début du Téléchargement de: D:\kerberos.htx\fotos lune et agathe\101NIKON\DSCN4268.JPG
[18:45:47] - [2] MIRKO.POZEN: Fichier envoyé: D:\kerberos.htx\fotos lune et agathe\101NIKON\DSCN4267.JPG (472,10 K/S -  6 768 051 bytes)
[18:45:47] - [2] MIRKO.POZEN: Début du Téléchargement de: D:\kerberos.htx\fotos lune et agathe\101NIKON\DSCN4269.JPG
[18:45:54] - [3] MIRKO.POZEN: Fichier envoyé: D:\kerberos.htx\fotos lune et agathe\101NIKON\DSCN4268.JPG (373,91 K/S -  6 891 884 bytes)
[18:45:54] - [3] MIRKO.POZEN: Début du Téléchargement de: D:\kerberos.htx\fotos lune et agathe\101NIKON\DSCN4270.JPG
[18:46:04] - [2] MIRKO.POZEN: Fichier envoyé: D:\kerberos.htx\fotos lune et agathe\101NIKON\DSCN4269.JPG (425,93 K/S -  6 978 515 bytes)
[18:46:04] - [2] MIRKO.POZEN: Début du Téléchargement de: D:\kerberos.htx\fotos lune et agathe\101NIKON\DSCN4271.JPG
[18:46:11] - [3] MIRKO.POZEN: Fichier envoyé: D:\kerberos.htx\fotos lune et agathe\101NIKON\DSCN4270.JPG (376,44 K/S -  6 938 522 bytes)
[18:46:12] - [3] MIRKO.POZEN: Début du Téléchargement de: D:\kerberos.htx\fotos lune et agathe\101NIKON\DSCN4272.JPG
[18:46:22] - [2] MIRKO.POZEN: Fichier envoyé: D:\kerberos.htx\fotos lune et agathe\101NIKON\DSCN4271.JPG (402,29 K/S -  7 415 021 bytes)
[18:46:22] - [2] MIRKO.POZEN: Début du Téléchargement de: D:\kerberos.htx\fotos lune et agathe\101NIKON\DSCN4273.JPG
[18:46:28] - [3] MIRKO.POZEN: Fichier envoyé: D:\kerberos.htx\fotos lune et agathe\101NIKON\DSCN4272.JPG (418,98 K/S -  6 864 546 bytes)
[18:46:28] - [3] MIRKO.POZEN: Début du Téléchargement de: D:\kerberos.htx\fotos lune et agathe\101NIKON\DSCN4274.JPG
[18:46:38] - [2] MIRKO.POZEN: Fichier envoyé: D:\kerberos.htx\fotos lune et agathe\101NIKON\DSCN4273.JPG (345,26 K/S -  6 010 231 bytes)
[18:46:38] - [2] MIRKO.POZEN: Début du Téléchargement de: D:\kerberos.htx\fotos lune et agathe\101NIKON\DSCN4275.JPG
[18:46:45] - [3] MIRKO.POZEN: Fichier envoyé: D:\kerberos.htx\fotos lune et agathe\101NIKON\DSCN4274.JPG (413,84 K/S -  7 204 082 bytes)
[18:46:45] - [3] MIRKO.POZEN: Début du Téléchargement de: D:\kerberos.htx\fotos lune et agathe\101NIKON\DSCN4276.JPG
[18:46:57] - [2] MIRKO.POZEN: Fichier envoyé: D:\kerberos.htx\fotos lune et agathe\101NIKON\DSCN4275.JPG (377,44 K/S -  6 957 066 bytes)
[18:46:57] - [2] MIRKO.POZEN: Début du Téléchargement de: D:\kerberos.htx\fotos lune et agathe\101NIKON\DSCN4277.JPG
[18:47:03] - [3] MIRKO.POZEN: Fichier envoyé: D:\kerberos.htx\fotos lune et agathe\101NIKON\DSCN4276.JPG (354,32 K/S -  6 893 579 bytes)
[18:47:04] - [3] MIRKO.POZEN: Début du Téléchargement de: D:\kerberos.htx\fotos lune et agathe\101NIKON\DSCN4278.JPG
[18:47:14] - [2] MIRKO.POZEN: Fichier envoyé: D:\kerberos.htx\fotos lune et agathe\101NIKON\DSCN4277.JPG (433,80 K/S -  7 107 417 bytes)
[18:47:14] - [2] MIRKO.POZEN: Début du Téléchargement de: D:\kerberos.htx\fotos lune et agathe\101NIKON\DSCN4279.JPG
[18:47:19] - [3] MIRKO.POZEN: Fichier envoyé: D:\kerberos.htx\fotos lune et agathe\101NIKON\DSCN4278.JPG (381,95 K/S -  5 866 777 bytes)
[18:47:19] - [3] MIRKO.POZEN: Début du Téléchargement de: D:\kerberos.htx\fotos lune et agathe\101NIKON\DSCN4280.JPG
[18:47:33] - [2] MIRKO.POZEN: Fichier envoyé: D:\kerberos.htx\fotos lune et agathe\101NIKON\DSCN4279.JPG (343,92 K/S -  7 043 535 bytes)
[18:47:33] - [2] MIRKO.POZEN: Début du Téléchargement de: D:\kerberos.htx\fotos lune et agathe\101NIKON\DSCN4281.JPG
[18:47:37] - [3] MIRKO.POZEN: Fichier envoyé: D:\kerberos.htx\fotos lune et agathe\101NIKON\DSCN4280.JPG (397,11 K/S -  7 319 579 bytes)
[18:47:37] - [3] MIRKO.POZEN: Début du Téléchargement de: D:\kerberos.htx\fotos lune et agathe\101NIKON\DSCN4282.JPG
[18:47:49] - [2] MIRKO.POZEN: Fichier envoyé: D:\kerberos.htx\fotos lune et agathe\101NIKON\DSCN4281.JPG (443,68 K/S -  6 814 858 bytes)
[18:47:49] - [2] MIRKO.POZEN: Début du Téléchargement de: D:\kerberos.htx\fotos lune et agathe\101NIKON\DSCN4283.JPG
[18:47:52] - [3] MIRKO.POZEN: Fichier envoyé: D:\kerberos.htx\fotos lune et agathe\101NIKON\DSCN4282.JPG (428,72 K/S -  6 585 099 bytes)
[18:47:52] - [3] MIRKO.POZEN: Début du Téléchargement de: D:\kerberos.htx\fotos lune et agathe\101NIKON\DSCN4284.JPG
[18:48:04] - [2] MIRKO.POZEN: Fichier envoyé: D:\kerberos.htx\fotos lune et agathe\101NIKON\DSCN4283.JPG (401,33 K/S -  6 575 338 bytes)
[18:48:04] - [2] MIRKO.POZEN: Début du Téléchargement de: D:\kerberos.htx\fotos lune et agathe\101NIKON\DSCN4285.JPG
[18:48:10] - [3] MIRKO.POZEN: Fichier envoyé: D:\kerberos.htx\fotos lune et agathe\101NIKON\DSCN4284.JPG (385,63 K/S -  6 713 099 bytes)
[18:48:10] - [3] MIRKO.POZEN: Début du Téléchargement de: D:\kerberos.htx\fotos lune et agathe\101NIKON\DSCN4286.JPG
[18:48:19] - [2] MIRKO.POZEN: Fichier envoyé: D:\kerberos.htx\fotos lune et agathe\101NIKON\DSCN4285.JPG (426,40 K/S -  6 112 871 bytes)
[18:48:19] - [2] MIRKO.POZEN: Début du Téléchargement de: D:\kerberos.htx\fotos lune et agathe\101NIKON\DSCN4287.JPG
[18:48:25] - [3] MIRKO.POZEN: Fichier envoyé: D:\kerberos.htx\fotos lune et agathe\101NIKON\DSCN4286.JPG (396,04 K/S -  6 488 743 bytes)
[18:48:26] - [3] MIRKO.POZEN: Début du Téléchargement de: D:\kerberos.htx\fotos lune et agathe\101NIKON\DSCN4288.JPG
[18:48:33] - [2] MIRKO.POZEN: Fichier envoyé: D:\kerberos.htx\fotos lune et agathe\101NIKON\DSCN4287.JPG (414,94 K/S -  5 948 620 bytes)
[18:48:33] - [2] MIRKO.POZEN: Début du Téléchargement de: D:\kerberos.htx\fotos lune et agathe\101NIKON\DSCN4289.JPG
[18:48:42] - [3] MIRKO.POZEN: Fichier envoyé: D:\kerberos.htx\fotos lune et agathe\101NIKON\DSCN4288.JPG (433,34 K/S -  7 099 808 bytes)
[18:48:42] - [3] MIRKO.POZEN: Début du Téléchargement de: D:\kerberos.htx\fotos lune et agathe\101NIKON\DSCN4290.JPG
[18:48:52] - [2] MIRKO.POZEN: Fichier envoyé: D:\kerberos.htx\fotos lune et agathe\101NIKON\DSCN4289.JPG (376,12 K/S -  6 932 730 bytes)
[18:48:52] - [2] MIRKO.POZEN: Début du Téléchargement de: D:\kerberos.htx\fotos lune et agathe\101NIKON\DSCN4291.JPG
[18:49:00] - [3] MIRKO.POZEN: Fichier envoyé: D:\kerberos.htx\fotos lune et agathe\101NIKON\DSCN4290.JPG (374,09 K/S -  6 895 149 bytes)
[18:49:00] - [3] MIRKO.POZEN: Début du Téléchargement de: D:\kerberos.htx\fotos lune et agathe\101NIKON\DSCN4292.JPG
[18:49:09] - [2] MIRKO.POZEN: Fichier envoyé: D:\kerberos.htx\fotos lune et agathe\101NIKON\DSCN4291.JPG (403,95 K/S -  7 031 976 bytes)
[18:49:09] - [2] MIRKO.POZEN: Début du Téléchargement de: D:\kerberos.htx\fotos lune et agathe\101NIKON\DSCN4293.JPG
[18:49:18] - [3] MIRKO.POZEN: Fichier envoyé: D:\kerberos.htx\fotos lune et agathe\101NIKON\DSCN4292.JPG (409,19 K/S -  7 123 143 bytes)
[18:49:18] - [3] MIRKO.POZEN: Début du Téléchargement de: D:\kerberos.htx\fotos lune et agathe\101NIKON\DSCN4294.JPG
[18:49:22] - [2] MIRKO.POZEN: Fichier envoyé: D:\kerberos.htx\fotos lune et agathe\101NIKON\DSCN4293.JPG (457,34 K/S -  6 088 164 bytes)
[18:49:22] - [2] MIRKO.POZEN: Début du Téléchargement de: D:\kerberos.htx\fotos lune et agathe\101NIKON\DSCN4295.JPG
[18:49:34] - [3] MIRKO.POZEN: Fichier envoyé: D:\kerberos.htx\fotos lune et agathe\101NIKON\DSCN4294.JPG (363,85 K/S -  5 961 324 bytes)
[18:49:34] - [3] MIRKO.POZEN: Début du Téléchargement de: D:\kerberos.htx\fotos lune et agathe\101NIKON\DSCN4296.JPG
[18:49:35] - [2] MIRKO.POZEN: Fichier envoyé: D:\kerberos.htx\fotos lune et agathe\101NIKON\DSCN4295.JPG (438,09 K/S -  5 831 840 bytes)
[18:49:35] - [2] MIRKO.POZEN: Début du Téléchargement de: D:\kerberos.htx\fotos lune et agathe\101NIKON\DSCN4297.JPG
[18:49:47] - [3] MIRKO.POZEN: Fichier envoyé: D:\kerberos.htx\fotos lune et agathe\101NIKON\DSCN4296.JPG (457,11 K/S -  6 084 999 bytes)
[18:49:47] - [3] MIRKO.POZEN: Début du Téléchargement de: D:\kerberos.htx\fotos lune et agathe\101NIKON\DSCN4298.JPG
[18:49:50] - [2] MIRKO.POZEN: Fichier envoyé: D:\kerberos.htx\fotos lune et agathe\101NIKON\DSCN4297.JPG (458,14 K/S -  6 567 961 bytes)
[18:49:50] - [2] MIRKO.POZEN: Début du Téléchargement de: D:\kerberos.htx\fotos lune et agathe\101NIKON\DSCN4299.JPG
[18:50:00] - [3] MIRKO.POZEN: Fichier envoyé: D:\kerberos.htx\fotos lune et agathe\101NIKON\DSCN4298.JPG (366,75 K/S -  5 257 759 bytes)
[18:50:01] - [3] MIRKO.POZEN: Début du Téléchargement de: D:\kerberos.htx\fotos lune et agathe\101NIKON\DSCN4300.JPG
[18:50:04] - [2] MIRKO.POZEN: Fichier envoyé: D:\kerberos.htx\fotos lune et agathe\101NIKON\DSCN4299.JPG (398,27 K/S -  5 709 632 bytes)
[18:50:04] - [2] MIRKO.POZEN: Début du Téléchargement de: D:\kerberos.htx\fotos lune et agathe\101NIKON\DSCN4301.JPG
[18:50:13] - [3] MIRKO.POZEN: Fichier envoyé: D:\kerberos.htx\fotos lune et agathe\101NIKON\DSCN4300.JPG (479,92 K/S -  5 897 197 bytes)
[18:50:13] - [3] MIRKO.POZEN: Début du Téléchargement de: D:\kerberos.htx\fotos lune et agathe\101NIKON\DSCN4302.JPG
[18:50:18] - [2] MIRKO.POZEN: Fichier envoyé: D:\kerberos.htx\fotos lune et agathe\101NIKON\DSCN4301.JPG (387,51 K/S -  5 555 354 bytes)
[18:50:18] - [2] MIRKO.POZEN: Début du Téléchargement de: D:\kerberos.htx\fotos lune et agathe\101NIKON\DSCN4303.JPG
[18:50:25] - [3] MIRKO.POZEN: Fichier envoyé: D:\kerberos.htx\fotos lune et agathe\101NIKON\DSCN4302.JPG (465,50 K/S -  5 720 069 bytes)
[18:50:25] - [3] MIRKO.POZEN: Début du Téléchargement de: D:\kerberos.htx\fotos lune et agathe\101NIKON\DSCN4304.JPG
[18:50:32] - [2] MIRKO.POZEN: Fichier envoyé: D:\kerberos.htx\fotos lune et agathe\101NIKON\DSCN4303.JPG (408,45 K/S -  5 855 539 bytes)
[18:50:32] - [2] MIRKO.POZEN: Début du Téléchargement de: D:\kerberos.htx\fotos lune et agathe\101NIKON\DSCN4305.JPG
[18:50:38] - [3] MIRKO.POZEN: Fichier envoyé: D:\kerberos.htx\fotos lune et agathe\101NIKON\DSCN4304.JPG (417,01 K/S -  5 551 297 bytes)
[18:50:38] - [3] MIRKO.POZEN: Début du Téléchargement de: D:\kerberos.htx\fotos lune et agathe\101NIKON\DSCN4306.JPG
[18:50:44] - [2] MIRKO.POZEN: Fichier envoyé: D:\kerberos.htx\fotos lune et agathe\101NIKON\DSCN4305.JPG (459,22 K/S -  5 642 893 bytes)
[18:50:44] - [2] MIRKO.POZEN: Début du Téléchargement de: D:\kerberos.htx\fotos lune et agathe\101NIKON\DSCN4307.JPG
[18:50:51] - [3] MIRKO.POZEN: Fichier envoyé: D:\kerberos.htx\fotos lune et agathe\101NIKON\DSCN4306.JPG (422,45 K/S -  5 623 658 bytes)
[18:50:51] - [3] MIRKO.POZEN: Début du Téléchargement de: D:\kerberos.htx\fotos lune et agathe\101NIKON\DSCN4308.JPG
[18:50:57] - [1] MIRKO.POZEN: Répertoire en Cours: D:\kerberos.htx\
[18:50:57] - [1] MIRKO.POZEN: Répertoire en Cours: D:\kerberos.htx\film fantatsic\
[18:50:57] - [2] MIRKO.POZEN: Fichier envoyé: D:\kerberos.htx\fotos lune et agathe\101NIKON\DSCN4307.JPG (461,99 K/S -  5 676 984 bytes)
[18:50:57] - [2] MIRKO.POZEN: Début du Téléchargement de: D:\kerberos.htx\fotos lune et agathe\101NIKON\DSCN4309.JPG
[18:51:04] - [3] MIRKO.POZEN: Fichier envoyé: D:\kerberos.htx\fotos lune et agathe\101NIKON\DSCN4308.JPG (400,47 K/S -  5 741 159 bytes)
[18:51:05] - [3] MIRKO.POZEN: Début du Téléchargement de: D:\kerberos.htx\fotos lune et agathe\101NIKON\DSCN4310.JPG
[18:51:09] - [2] MIRKO.POZEN: Fichier envoyé: D:\kerberos.htx\fotos lune et agathe\101NIKON\DSCN4309.JPG (450,27 K/S -  5 532 979 bytes)
[18:51:09] - [2] MIRKO.POZEN: Début du Téléchargement de: D:\kerberos.htx\fotos lune et agathe\101NIKON\DSCN4311.JPG
[18:51:18] - [3] MIRKO.POZEN: Fichier envoyé: D:\kerberos.htx\fotos lune et agathe\101NIKON\DSCN4310.JPG (431,58 K/S -  5 745 240 bytes)
[18:51:18] - [3] MIRKO.POZEN: Début du Téléchargement de: D:\kerberos.htx\fotos lune et agathe\101NIKON\DSCN4312.JPG
[18:51:23] - [2] MIRKO.POZEN: Fichier envoyé: D:\kerberos.htx\fotos lune et agathe\101NIKON\DSCN4311.JPG (402,69 K/S -  5 772 935 bytes)
[18:51:23] - [2] MIRKO.POZEN: Début du Téléchargement de: D:\kerberos.htx\fotos lune et agathe\101NIKON\DSCN4313.JPG
[18:51:31] - [3] MIRKO.POZEN: Fichier envoyé: D:\kerberos.htx\fotos lune et agathe\101NIKON\DSCN4312.JPG (437,20 K/S -  5 820 044 bytes)
[18:51:31] - [3] MIRKO.POZEN: Début du Téléchargement de: D:\kerberos.htx\fotos lune et agathe\101NIKON\DSCN4314.JPG
[18:51:37] - [2] MIRKO.POZEN: Fichier envoyé: D:\kerberos.htx\fotos lune et agathe\101NIKON\DSCN4313.JPG (435,25 K/S -  5 794 090 bytes)
[18:51:37] - [2] MIRKO.POZEN: Début du Téléchargement de: D:\kerberos.htx\fotos lune et agathe\101NIKON\DSCN4315.JPG
[18:51:43] - [3] MIRKO.POZEN: Fichier envoyé: D:\kerberos.htx\fotos lune et agathe\101NIKON\DSCN4314.JPG (432,48 K/S -  5 757 144 bytes)
[18:51:43] - [3] MIRKO.POZEN: Début du Téléchargement de: D:\kerberos.htx\fotos lune et agathe\101NIKON\DSCN4316.JPG
[18:51:51] - [2] MIRKO.POZEN: Fichier envoyé: D:\kerberos.htx\fotos lune et agathe\101NIKON\DSCN4315.JPG (398,37 K/S -  5 711 026 bytes)
[18:51:51] - [2] MIRKO.POZEN: Début du Téléchargement de: D:\kerberos.htx\fotos lune et agathe\101NIKON\DSCN4317.JPG
[18:51:57] - [3] MIRKO.POZEN: Fichier envoyé: D:\kerberos.htx\fotos lune et agathe\101NIKON\DSCN4316.JPG (423,85 K/S -  5 642 303 bytes)
[18:51:57] - [3] MIRKO.POZEN: Début du Téléchargement de: D:\kerberos.htx\fotos lune et agathe\101NIKON\DSCN4318.JPG
[18:52:04] - [2] MIRKO.POZEN: Fichier envoyé: D:\kerberos.htx\fotos lune et agathe\101NIKON\DSCN4317.JPG (427,02 K/S -  5 684 434 bytes)
[18:52:04] - [2] MIRKO.POZEN: Début du Téléchargement de: D:\kerberos.htx\fotos lune et agathe\101NIKON\DSCN4319.JPG
[18:52:10] - [3] MIRKO.POZEN: Fichier envoyé: D:\kerberos.htx\fotos lune et agathe\101NIKON\DSCN4318.JPG (406,91 K/S -  5 833 420 bytes)
[18:52:14] - [3] MIRKO.POZEN: Début du Téléchargement de: D:\kerberos.htx\fotos lune et agathe\101NIKON\DSCN4320.JPG
[18:52:22] - [2] MIRKO.POZEN: Fichier envoyé: D:\kerberos.htx\fotos lune et agathe\101NIKON\DSCN4319.JPG (327,43 K/S -  5 699 833 bytes)
[18:52:22] - [2] MIRKO.POZEN: Début du Téléchargement de: D:\kerberos.htx\fotos lune et agathe\101NIKON\DSCN4321.JPG
[18:52:38] - [3] MIRKO.POZEN: Fichier envoyé: D:\kerberos.htx\fotos lune et agathe\101NIKON\DSCN4320.JPG (257,83 K/S -  6 072 398 bytes)
[18:52:38] - [3] MIRKO.POZEN: Début du Téléchargement de: D:\kerberos.htx\fotos lune et agathe\101NIKON\DSCN4322.JPG
[18:52:39] - [2] MIRKO.POZEN: Fichier envoyé: D:\kerberos.htx\fotos lune et agathe\101NIKON\DSCN4321.JPG (367,01 K/S -  6 013 096 bytes)
[18:52:39] - [2] MIRKO.POZEN: Début du Téléchargement de: D:\kerberos.htx\fotos lune et agathe\101NIKON\DSCN4323.JPG
[18:52:51] - [3] MIRKO.POZEN: Fichier envoyé: D:\kerberos.htx\fotos lune et agathe\101NIKON\DSCN4322.JPG (453,73 K/S -  5 575 412 bytes)
[18:52:51] - [3] MIRKO.POZEN: Début du Téléchargement de: D:\kerberos.htx\fotos lune et agathe\101NIKON\DSCN4324.JPG
[18:52:52] - [2] MIRKO.POZEN: Fichier envoyé: D:\kerberos.htx\fotos lune et agathe\101NIKON\DSCN4323.JPG (413,54 K/S -  5 505 022 bytes)
[18:52:52] - [2] MIRKO.POZEN: Début du Téléchargement de: D:\kerberos.htx\fotos lune et agathe\101NIKON\DSCN4325.JPG
[18:53:05] - [3] MIRKO.POZEN: Fichier envoyé: D:\kerberos.htx\fotos lune et agathe\101NIKON\DSCN4324.JPG (408,42 K/S -  5 855 149 bytes)
[18:53:05] - [3] MIRKO.POZEN: Début du Téléchargement de: D:\kerberos.htx\fotos lune et agathe\101NIKON\DSCN4326.JPG
[18:53:06] - [2] MIRKO.POZEN: Fichier envoyé: D:\kerberos.htx\fotos lune et agathe\101NIKON\DSCN4325.JPG (401,00 K/S -  5 748 774 bytes)
[18:53:06] - [2] MIRKO.POZEN: Début du Téléchargement de: D:\kerberos.htx\fotos lune et agathe\101NIKON\DSCN4334.JPG
[18:53:19] - [3] MIRKO.POZEN: Fichier envoyé: D:\kerberos.htx\fotos lune et agathe\101NIKON\DSCN4326.JPG (399,91 K/S -  5 733 155 bytes)
[18:53:20] - [3] MIRKO.POZEN: Début du Téléchargement de: D:\kerberos.htx\fotos lune et agathe\101NIKON\DSCN4335.JPG
[18:53:24] - [2] MIRKO.POZEN: Fichier envoyé: D:\kerberos.htx\fotos lune et agathe\101NIKON\DSCN4334.JPG (428,50 K/S -  7 898 022 bytes)
[18:53:24] - [2] MIRKO.POZEN: Début du Téléchargement de: D:\kerberos.htx\fotos lune et agathe\101NIKON\DSCN4336.JPG
[18:53:35] - [3] MIRKO.POZEN: Fichier envoyé: D:\kerberos.htx\fotos lune et agathe\101NIKON\DSCN4335.JPG (421,98 K/S -  6 481 564 bytes)
[18:53:35] - [3] MIRKO.POZEN: Début du Téléchargement de: D:\kerberos.htx\fotos lune et agathe\101NIKON\DSCN4346.JPG
[18:53:42] - [2] MIRKO.POZEN: Fichier envoyé: D:\kerberos.htx\fotos lune et agathe\101NIKON\DSCN4336.JPG (413,77 K/S -  7 626 600 bytes)
[18:53:42] - [2] MIRKO.POZEN: Début du Téléchargement de: D:\kerberos.htx\fotos lune et agathe\101NIKON\DSCN4347.JPG
[18:53:50] - [3] MIRKO.POZEN: Fichier envoyé: D:\kerberos.htx\fotos lune et agathe\101NIKON\DSCN4346.JPG (421,71 K/S -  6 477 528 bytes)
[18:53:50] - [3] MIRKO.POZEN: Début du Téléchargement de: D:\kerberos.htx\fotos lune et agathe\101NIKON\DSCN4348.JPG
[18:53:56] - [2] MIRKO.POZEN: Fichier envoyé: D:\kerberos.htx\fotos lune et agathe\101NIKON\DSCN4347.JPG (450,44 K/S -  6 457 489 bytes)
[18:53:56] - [2] MIRKO.POZEN: Début du Téléchargement de: D:\kerberos.htx\fotos lune et agathe\101NIKON\DSCN4349.JPG
[18:54:04] - [3] MIRKO.POZEN: Fichier envoyé: D:\kerberos.htx\fotos lune et agathe\101NIKON\DSCN4348.JPG (421,98 K/S -  6 049 534 bytes)
[18:54:04] - [3] MIRKO.POZEN: Début du Téléchargement de: D:\kerberos.htx\fotos lune et agathe\101NIKON\DSCN4350.JPG
[18:54:14] - [2] MIRKO.POZEN: Fichier envoyé: D:\kerberos.htx\fotos lune et agathe\101NIKON\DSCN4349.JPG (399,94 K/S -  7 371 773 bytes)
[18:54:14] - [2] MIRKO.POZEN: Début du Téléchargement de: D:\kerberos.htx\fotos lune et agathe\101NIKON\DSCN4351.JPG
[18:54:19] - [3] MIRKO.POZEN: Fichier envoyé: D:\kerberos.htx\fotos lune et agathe\101NIKON\DSCN4350.JPG (436,44 K/S -  6 703 689 bytes)
[18:54:19] - [3] MIRKO.POZEN: Début du Téléchargement de: D:\kerberos.htx\fotos lune et agathe\101NIKON\DSCN4352.JPG
[18:54:25] - [3] MIRKO.POZEN: Fichier envoyé: D:\kerberos.htx\fotos lune et agathe\101NIKON\DSCN4352.JPG (442,13 K/S -  2 263 691 bytes)
[18:54:25] - [3] MIRKO.POZEN: Début du Téléchargement de: D:\kerberos.htx\fotos lune et agathe\101NIKON\DSCN4353.JPG
[18:54:31] - [2] MIRKO.POZEN: Fichier envoyé: D:\kerberos.htx\fotos lune et agathe\101NIKON\DSCN4351.JPG (389,68 K/S -  6 783 560 bytes)
[18:54:31] - [2] MIRKO.POZEN: Début du Téléchargement de: D:\kerberos.htx\fotos lune et agathe\101NIKON\DSCN4354.JPG
[18:54:40] - [1] Client 192.168.0.1 Déconnecté (00:10:08 Min)
[18:54:40] - [2] MIRKO.POZEN: Fichier envoyé: D:\kerberos.htx\fotos lune et agathe\101NIKON\DSCN4354.JPG (388,00 K/S -  3 575 785 bytes)
[18:54:40] - [2] MIRKO.POZEN: Début du Téléchargement de: D:\kerberos.htx\fotos lune et agathe\101NIKON\DSCN4355.JPG
[18:54:41] - [3] MIRKO.POZEN: Fichier envoyé: D:\kerberos.htx\fotos lune et agathe\101NIKON\DSCN4353.JPG (421,64 K/S -  6 476 378 bytes)
[18:54:41] - [3] MIRKO.POZEN: Début du Téléchargement de: D:\kerberos.htx\fotos lune et agathe\101NIKON\DSCN4356.JPG
[18:54:45] - [3] MIRKO.POZEN: Echec de l'envoie du Fichier: D:\kerberos.htx\fotos lune et agathe\101NIKON\DSCN4356.JPG (356,50 K/S -  1 460 224 bytes)
[18:54:45] - [3] Client 192.168.0.1 Déconnecté (00:09:58 Min)
[18:54:45] - [2] MIRKO.POZEN: Fichier envoyé: D:\kerberos.htx\fotos lune et agathe\101NIKON\DSCN4355.JPG (625,43 K/S -  3 202 185 bytes)
[18:54:45] - [2] Client 192.168.0.1 Déconnecté (00:09:58 Min)
[18:56:22] - [4] Connecté à 192.168.0.1. Collecte du Nom d'utilisateur.
[18:56:23] - [4] Usager MIRKO.POZEN Connecté IP: 192.168.0.1
[18:56:23] - [4] MIRKO.POZEN: Répertoire en Cours: D:\kerberos.htx\
[18:56:23] - [4] MIRKO.POZEN: Répertoire en Cours: D:\kerberos.htx\
[18:56:28] - [4] Client 192.168.0.1 Déconnecté (00:00:05 Min)
[18:58:58] - [5] Connecté à 192.168.0.1. Collecte du Nom d'utilisateur.
[18:58:58] - [5] Usager MIRKO.POZEN Connecté IP: 192.168.0.1
[18:58:58] - [5] MIRKO.POZEN: Répertoire en Cours: D:\kerberos.htx\
[18:58:58] - [5] MIRKO.POZEN: Répertoire en Cours: D:\kerberos.htx\
[18:59:19] - [5] Client 192.168.0.1 Déconnecté (00:00:21 Min)
[19:07:48] - [6] Connecté à 192.168.0.51. Collecte du Nom d'utilisateur.
[19:07:48] - [6] Client 192.168.0.51 Déconnecté (00:00:00 Min)
