[14:18:42] - Serveur Démarré
[14:18:42] - FTP Port: 21
[14:33:25] - [1] Connecté à 192.168.0.1. Collecte du Nom d'utilisateur.
[14:33:25] - [1] Usager MIRKO.POZEN Connecté IP: 192.168.0.1
[14:33:25] - [1] MIRKO.POZEN: Répertoire en Cours: D:\kerberos.htx\
[14:33:25] - [1] MIRKO.POZEN: Répertoire en Cours: D:\kerberos.htx\
[14:33:41] - [1] MIRKO.POZEN: Répertoire en Cours: D:\kerberos.htx\
[14:33:41] - [1] MIRKO.POZEN: Nouveau Répertoire: D:\kerberos.htx\fotos lune et agathe
[14:33:41] - [2] Connecté à 192.168.0.1. Collecte du Nom d'utilisateur.
[14:33:42] - [3] Connecté à 192.168.0.1. Collecte du Nom d'utilisateur.
[14:33:42] - [1] MIRKO.POZEN: Répertoire en Cours: D:\kerberos.htx\
[14:33:42] - [2] Usager MIRKO.POZEN Connecté IP: 192.168.0.1
[14:33:42] - [2] MIRKO.POZEN: Répertoire en Cours: D:\kerberos.htx\
[14:33:42] - [1] MIRKO.POZEN: Nouveau Répertoire: D:\kerberos.htx\fotos lune et agathe
[14:33:42] - [3] Usager MIRKO.POZEN Connecté IP: 192.168.0.1
[14:33:42] - [3] MIRKO.POZEN: Répertoire en Cours: D:\kerberos.htx\
[14:33:42] - [1] MIRKO.POZEN: Répertoire en Cours: D:\kerberos.htx\fotos lune et agathe\
[14:33:42] - [2] MIRKO.POZEN: Répertoire en Cours: D:\kerberos.htx\fotos lune et agathe\
[14:33:42] - [3] MIRKO.POZEN: Répertoire en Cours: D:\kerberos.htx\fotos lune et agathe\
[14:33:42] - [1] MIRKO.POZEN: Nouveau Répertoire: D:\kerberos.htx\fotos lune et agathe\100NIKON
[14:33:42] - [2] MIRKO.POZEN: Nouveau Répertoire: D:\kerberos.htx\fotos lune et agathe\100NIKON
[14:33:42] - [3] MIRKO.POZEN: Nouveau Répertoire: D:\kerberos.htx\fotos lune et agathe\100NIKON
[14:33:42] - [1] MIRKO.POZEN: Répertoire en Cours: D:\kerberos.htx\fotos lune et agathe\
[14:33:42] - [2] MIRKO.POZEN: Répertoire en Cours: D:\kerberos.htx\fotos lune et agathe\100NIKON\
[14:33:43] - [3] MIRKO.POZEN: Répertoire en Cours: D:\kerberos.htx\fotos lune et agathe\100NIKON\
[14:33:43] - [1] MIRKO.POZEN: Nouveau Répertoire: D:\kerberos.htx\fotos lune et agathe\100NIKON
[14:33:43] - [1] MIRKO.POZEN: Répertoire en Cours: D:\kerberos.htx\fotos lune et agathe\
[14:33:43] - [1] MIRKO.POZEN: Nouveau Répertoire: D:\kerberos.htx\fotos lune et agathe\101NIKON
[14:33:43] - [1] MIRKO.POZEN: Répertoire en Cours: D:\kerberos.htx\fotos lune et agathe\
[14:33:43] - [1] MIRKO.POZEN: Nouveau Répertoire: D:\kerberos.htx\fotos lune et agathe\101NIKON
[14:33:43] - [3] MIRKO.POZEN: Début d'Upload de D:\kerberos.htx\fotos lune et agathe\100NIKON\DSCN4062.JPG
[14:33:43] - [2] MIRKO.POZEN: Début d'Upload de D:\kerberos.htx\fotos lune et agathe\100NIKON\DSCN4061.JPG
[14:33:50] - [3] MIRKO.POZEN: Fichier Upload: D:\kerberos.htx\fotos lune et agathe\100NIKON\DSCN4062.JPG (945,57 K/S -  6 777 844 bytes)
[14:33:50] - [3] MIRKO.POZEN: Début d'Upload de D:\kerberos.htx\fotos lune et agathe\100NIKON\DSCN4063.JPG
[14:33:53] - [2] MIRKO.POZEN: Fichier Upload: D:\kerberos.htx\fotos lune et agathe\100NIKON\DSCN4061.JPG (622,08 K/S -  6 370 061 bytes)
[14:33:53] - [2] MIRKO.POZEN: Début d'Upload de D:\kerberos.htx\fotos lune et agathe\100NIKON\DSCN4064.JPG
[14:33:59] - [3] MIRKO.POZEN: Fichier Upload: D:\kerberos.htx\fotos lune et agathe\100NIKON\DSCN4063.JPG (699,50 K/S -  6 446 550 bytes)
[14:33:59] - [3] MIRKO.POZEN: Début d'Upload de D:\kerberos.htx\fotos lune et agathe\100NIKON\DSCN4065.JPG
[14:34:00] - [2] MIRKO.POZEN: Fichier Upload: D:\kerberos.htx\fotos lune et agathe\100NIKON\DSCN4064.JPG (782,17 K/S -  6 407 524 bytes)
[14:34:00] - [2] MIRKO.POZEN: Début d'Upload de D:\kerberos.htx\fotos lune et agathe\100NIKON\DSCN4066.JPG
[14:34:07] - [3] MIRKO.POZEN: Fichier Upload: D:\kerberos.htx\fotos lune et agathe\100NIKON\DSCN4065.JPG (852,80 K/S -  6 986 177 bytes)
[14:34:07] - [3] MIRKO.POZEN: Début d'Upload de D:\kerberos.htx\fotos lune et agathe\100NIKON\DSCN4067.JPG
[14:34:10] - [2] MIRKO.POZEN: Fichier Upload: D:\kerberos.htx\fotos lune et agathe\100NIKON\DSCN4066.JPG (830,65 K/S -  7 655 228 bytes)
[14:34:10] - [2] MIRKO.POZEN: Début d'Upload de D:\kerberos.htx\fotos lune et agathe\100NIKON\DSCN4068.JPG
[14:34:16] - [3] MIRKO.POZEN: Fichier Upload: D:\kerberos.htx\fotos lune et agathe\100NIKON\DSCN4067.JPG (916,01 K/S -  7 503 919 bytes)
[14:34:16] - [3] MIRKO.POZEN: Début d'Upload de D:\kerberos.htx\fotos lune et agathe\100NIKON\DSCN4069.JPG
[14:34:18] - [2] MIRKO.POZEN: Fichier Upload: D:\kerberos.htx\fotos lune et agathe\100NIKON\DSCN4068.JPG (882,77 K/S -  7 231 659 bytes)
[14:34:18] - [2] MIRKO.POZEN: Début d'Upload de D:\kerberos.htx\fotos lune et agathe\100NIKON\DSCN4070.JPG
[14:34:24] - [3] MIRKO.POZEN: Fichier Upload: D:\kerberos.htx\fotos lune et agathe\100NIKON\DSCN4069.JPG (848,03 K/S -  6 947 070 bytes)
[14:34:24] - [3] MIRKO.POZEN: Début d'Upload de D:\kerberos.htx\fotos lune et agathe\100NIKON\DSCN4071.JPG
[14:34:26] - [2] MIRKO.POZEN: Fichier Upload: D:\kerberos.htx\fotos lune et agathe\100NIKON\DSCN4070.JPG (769,97 K/S -  7 096 004 bytes)
[14:34:27] - [2] MIRKO.POZEN: Début d'Upload de D:\kerberos.htx\fotos lune et agathe\100NIKON\DSCN4072.JPG
[14:34:32] - [3] MIRKO.POZEN: Fichier Upload: D:\kerberos.htx\fotos lune et agathe\100NIKON\DSCN4071.JPG (888,67 K/S -  7 279 955 bytes)
[14:34:32] - [3] MIRKO.POZEN: Début d'Upload de D:\kerberos.htx\fotos lune et agathe\100NIKON\DSCN4073.JPG
[14:34:35] - [2] MIRKO.POZEN: Fichier Upload: D:\kerberos.htx\fotos lune et agathe\100NIKON\DSCN4072.JPG (752,94 K/S -  6 939 096 bytes)
[14:34:36] - [2] MIRKO.POZEN: Début d'Upload de D:\kerberos.htx\fotos lune et agathe\100NIKON\DSCN4074.JPG
[14:34:40] - [3] MIRKO.POZEN: Fichier Upload: D:\kerberos.htx\fotos lune et agathe\100NIKON\DSCN4073.JPG (760,21 K/S -  7 006 059 bytes)
[14:34:41] - [3] MIRKO.POZEN: Début d'Upload de D:\kerberos.htx\fotos lune et agathe\100NIKON\DSCN4075.JPG
[14:34:46] - [2] MIRKO.POZEN: Fichier Upload: D:\kerberos.htx\fotos lune et agathe\100NIKON\DSCN4074.JPG (683,24 K/S -  6 996 334 bytes)
[14:34:46] - [2] MIRKO.POZEN: Début d'Upload de D:\kerberos.htx\fotos lune et agathe\100NIKON\DSCN4076.JPG
[14:34:48] - [3] MIRKO.POZEN: Fichier Upload: D:\kerberos.htx\fotos lune et agathe\100NIKON\DSCN4075.JPG (978,83 K/S -  7 016 252 bytes)
[14:34:48] - [3] MIRKO.POZEN: Début d'Upload de D:\kerberos.htx\fotos lune et agathe\100NIKON\DSCN4077.JPG
[14:34:53] - [2] MIRKO.POZEN: Fichier Upload: D:\kerberos.htx\fotos lune et agathe\100NIKON\DSCN4076.JPG (915,16 K/S -  6 559 894 bytes)
[14:34:53] - [2] MIRKO.POZEN: Début d'Upload de D:\kerberos.htx\fotos lune et agathe\100NIKON\DSCN4078.JPG
[14:34:57] - [3] MIRKO.POZEN: Fichier Upload: D:\kerberos.htx\fotos lune et agathe\100NIKON\DSCN4077.JPG (724,78 K/S -  6 679 594 bytes)
[14:34:57] - [3] MIRKO.POZEN: Début d'Upload de D:\kerberos.htx\fotos lune et agathe\100NIKON\DSCN4079.JPG
[14:35:00] - [2] MIRKO.POZEN: Fichier Upload: D:\kerberos.htx\fotos lune et agathe\100NIKON\DSCN4078.JPG (770,39 K/S -  6 311 012 bytes)
[14:35:01] - [2] MIRKO.POZEN: Début d'Upload de D:\kerberos.htx\fotos lune et agathe\100NIKON\DSCN4080.JPG
[14:35:04] - [3] MIRKO.POZEN: Fichier Upload: D:\kerberos.htx\fotos lune et agathe\100NIKON\DSCN4079.JPG (876,60 K/S -  6 283 473 bytes)
[14:35:04] - [3] MIRKO.POZEN: Début d'Upload de D:\kerberos.htx\fotos lune et agathe\100NIKON\DSCN4081.JPG
[14:35:06] - [2] MIRKO.POZEN: Fichier Upload: D:\kerberos.htx\fotos lune et agathe\100NIKON\DSCN4080.JPG (947,28 K/S -  4 850 066 bytes)
[14:35:06] - [2] MIRKO.POZEN: Début d'Upload de D:\kerberos.htx\fotos lune et agathe\100NIKON\DSCN4082.JPG
[14:35:10] - [3] MIRKO.POZEN: Fichier Upload: D:\kerberos.htx\fotos lune et agathe\100NIKON\DSCN4081.JPG (962,24 K/S -  4 926 680 bytes)
[14:35:10] - [3] MIRKO.POZEN: Début d'Upload de D:\kerberos.htx\fotos lune et agathe\100NIKON\DSCN4083.JPG
[14:35:12] - [2] MIRKO.POZEN: Fichier Upload: D:\kerberos.htx\fotos lune et agathe\100NIKON\DSCN4082.JPG (674,98 K/S -  4 147 056 bytes)
[14:35:12] - [2] MIRKO.POZEN: Début d'Upload de D:\kerberos.htx\fotos lune et agathe\100NIKON\DSCN4084.JPG
[14:35:16] - [3] MIRKO.POZEN: Fichier Upload: D:\kerberos.htx\fotos lune et agathe\100NIKON\DSCN4083.JPG (896,19 K/S -  5 506 184 bytes)
[14:35:16] - [3] MIRKO.POZEN: Début d'Upload de D:\kerberos.htx\fotos lune et agathe\100NIKON\DSCN4085.JPG
[14:35:18] - [2] MIRKO.POZEN: Fichier Upload: D:\kerberos.htx\fotos lune et agathe\100NIKON\DSCN4084.JPG (836,04 K/S -  5 136 612 bytes)
[14:35:18] - [2] MIRKO.POZEN: Début d'Upload de D:\kerberos.htx\fotos lune et agathe\100NIKON\DSCN4086.JPG
[14:35:23] - [2] MIRKO.POZEN: Fichier Upload: D:\kerberos.htx\fotos lune et agathe\100NIKON\DSCN4086.JPG (980,79 K/S -  5 021 641 bytes)
[14:35:23] - [2] MIRKO.POZEN: Début d'Upload de D:\kerberos.htx\fotos lune et agathe\100NIKON\DSCN4087.JPG
[14:35:24] - [3] MIRKO.POZEN: Fichier Upload: D:\kerberos.htx\fotos lune et agathe\100NIKON\DSCN4085.JPG (664,59 K/S -  5 444 358 bytes)
[14:35:24] - [3] MIRKO.POZEN: Début d'Upload de D:\kerberos.htx\fotos lune et agathe\100NIKON\DSCN4088.JPG
[14:35:29] - [2] MIRKO.POZEN: Fichier Upload: D:\kerberos.htx\fotos lune et agathe\100NIKON\DSCN4087.JPG (914,06 K/S -  6 552 001 bytes)
[14:35:30] - [2] MIRKO.POZEN: Début d'Upload de D:\kerberos.htx\fotos lune et agathe\100NIKON\DSCN4089.JPG
[14:35:32] - [3] MIRKO.POZEN: Fichier Upload: D:\kerberos.htx\fotos lune et agathe\100NIKON\DSCN4088.JPG (697,99 K/S -  6 432 668 bytes)
[14:35:33] - [3] MIRKO.POZEN: Début d'Upload de D:\kerberos.htx\fotos lune et agathe\100NIKON\DSCN4090.JPG
[14:35:38] - [2] MIRKO.POZEN: Fichier Upload: D:\kerberos.htx\fotos lune et agathe\100NIKON\DSCN4089.JPG (819,47 K/S -  6 713 103 bytes)
[14:35:38] - [2] MIRKO.POZEN: Début d'Upload de D:\kerberos.htx\fotos lune et agathe\100NIKON\DSCN4091.JPG
[14:35:41] - [3] MIRKO.POZEN: Fichier Upload: D:\kerberos.htx\fotos lune et agathe\100NIKON\DSCN4090.JPG (803,15 K/S -  6 579 365 bytes)
[14:35:41] - [3] MIRKO.POZEN: Début d'Upload de D:\kerberos.htx\fotos lune et agathe\100NIKON\DSCN4092.JPG
[14:35:45] - [2] MIRKO.POZEN: Fichier Upload: D:\kerberos.htx\fotos lune et agathe\100NIKON\DSCN4091.JPG (870,11 K/S -  6 236 951 bytes)
[14:35:45] - [2] MIRKO.POZEN: Début d'Upload de D:\kerberos.htx\fotos lune et agathe\100NIKON\DSCN4093.JPG
[14:35:49] - [3] MIRKO.POZEN: Fichier Upload: D:\kerberos.htx\fotos lune et agathe\100NIKON\DSCN4092.JPG (863,36 K/S -  6 188 530 bytes)
[14:35:49] - [3] MIRKO.POZEN: Début d'Upload de D:\kerberos.htx\fotos lune et agathe\100NIKON\DSCN4094.JPG
[14:35:55] - [2] MIRKO.POZEN: Fichier Upload: D:\kerberos.htx\fotos lune et agathe\100NIKON\DSCN4093.JPG (597,97 K/S -  6 123 230 bytes)
[14:35:55] - [2] MIRKO.POZEN: Début d'Upload de D:\kerberos.htx\fotos lune et agathe\100NIKON\DSCN4095.JPG
[14:35:55] - [3] MIRKO.POZEN: Fichier Upload: D:\kerberos.htx\fotos lune et agathe\100NIKON\DSCN4094.JPG (1 094,10 K/S -  6 722 406 bytes)
[14:35:55] - [3] MIRKO.POZEN: Début d'Upload de D:\kerberos.htx\fotos lune et agathe\100NIKON\DSCN4096.AVI
[14:35:56] - [3] MIRKO.POZEN: Fichier Upload: D:\kerberos.htx\fotos lune et agathe\100NIKON\DSCN4096.AVI (310,20 K/S -   317 640 bytes)
[14:35:56] - [3] MIRKO.POZEN: Début d'Upload de D:\kerberos.htx\fotos lune et agathe\100NIKON\DSCN4097.JPG
[14:36:01] - [2] MIRKO.POZEN: Fichier Upload: D:\kerberos.htx\fotos lune et agathe\100NIKON\DSCN4095.JPG (948,81 K/S -  6 801 053 bytes)
[14:36:02] - [2] MIRKO.POZEN: Début d'Upload de D:\kerberos.htx\fotos lune et agathe\100NIKON\DSCN4098.JPG
[14:36:03] - [3] MIRKO.POZEN: Fichier Upload: D:\kerberos.htx\fotos lune et agathe\100NIKON\DSCN4097.JPG (737,25 K/S -  6 039 538 bytes)
[14:36:04] - [3] MIRKO.POZEN: Début d'Upload de D:\kerberos.htx\fotos lune et agathe\100NIKON\DSCN4099.JPG
[14:36:09] - [2] MIRKO.POZEN: Fichier Upload: D:\kerberos.htx\fotos lune et agathe\100NIKON\DSCN4098.JPG (859,47 K/S -  6 160 689 bytes)
[14:36:09] - [2] MIRKO.POZEN: Début d'Upload de D:\kerberos.htx\fotos lune et agathe\100NIKON\DSCN4100.JPG
[14:36:11] - [3] MIRKO.POZEN: Fichier Upload: D:\kerberos.htx\fotos lune et agathe\100NIKON\DSCN4099.JPG (884,62 K/S -  6 340 971 bytes)
[14:36:11] - [3] MIRKO.POZEN: Début d'Upload de D:\kerberos.htx\fotos lune et agathe\100NIKON\DSCN4101.JPG
[14:36:17] - [2] MIRKO.POZEN: Fichier Upload: D:\kerberos.htx\fotos lune et agathe\100NIKON\DSCN4100.JPG (708,90 K/S -  6 533 253 bytes)
[14:36:18] - [2] MIRKO.POZEN: Début d'Upload de D:\kerberos.htx\fotos lune et agathe\100NIKON\DSCN4102.JPG
[14:36:19] - [3] MIRKO.POZEN: Fichier Upload: D:\kerberos.htx\fotos lune et agathe\100NIKON\DSCN4101.JPG (727,62 K/S -  6 705 747 bytes)
[14:36:20] - [3] MIRKO.POZEN: Début d'Upload de D:\kerberos.htx\fotos lune et agathe\100NIKON\DSCN4103.JPG
[14:36:25] - [2] MIRKO.POZEN: Fichier Upload: D:\kerberos.htx\fotos lune et agathe\100NIKON\DSCN4102.JPG (909,88 K/S -  6 522 000 bytes)
[14:36:25] - [2] MIRKO.POZEN: Début d'Upload de D:\kerberos.htx\fotos lune et agathe\100NIKON\DSCN4104.JPG
[14:36:28] - [3] MIRKO.POZEN: Fichier Upload: D:\kerberos.htx\fotos lune et agathe\100NIKON\DSCN4103.JPG (824,04 K/S -  6 750 570 bytes)
[14:36:28] - [3] MIRKO.POZEN: Début d'Upload de D:\kerberos.htx\fotos lune et agathe\100NIKON\DSCN4105.JPG
[14:36:33] - [2] MIRKO.POZEN: Fichier Upload: D:\kerberos.htx\fotos lune et agathe\100NIKON\DSCN4104.JPG (862,23 K/S -  7 063 365 bytes)
[14:36:33] - [2] MIRKO.POZEN: Début d'Upload de D:\kerberos.htx\fotos lune et agathe\100NIKON\DSCN4106.JPG
[14:36:37] - [3] MIRKO.POZEN: Fichier Upload: D:\kerberos.htx\fotos lune et agathe\100NIKON\DSCN4105.JPG (761,63 K/S -  7 019 184 bytes)
[14:36:37] - [3] MIRKO.POZEN: Début d'Upload de D:\kerberos.htx\fotos lune et agathe\100NIKON\DSCN4107.JPG
[14:36:41] - [2] MIRKO.POZEN: Fichier Upload: D:\kerberos.htx\fotos lune et agathe\100NIKON\DSCN4106.JPG (856,92 K/S -  7 019 853 bytes)
[14:36:41] - [2] MIRKO.POZEN: Début d'Upload de D:\kerberos.htx\fotos lune et agathe\100NIKON\DSCN4108.JPG
[14:36:46] - [3] MIRKO.POZEN: Fichier Upload: D:\kerberos.htx\fotos lune et agathe\100NIKON\DSCN4107.JPG (673,90 K/S -  6 900 759 bytes)
[14:36:47] - [3] MIRKO.POZEN: Début d'Upload de D:\kerberos.htx\fotos lune et agathe\100NIKON\DSCN4109.JPG
[14:36:48] - [2] MIRKO.POZEN: Fichier Upload: D:\kerberos.htx\fotos lune et agathe\100NIKON\DSCN4108.JPG (827,85 K/S -  5 934 039 bytes)
[14:36:48] - [2] MIRKO.POZEN: Début d'Upload de D:\kerberos.htx\fotos lune et agathe\100NIKON\DSCN4110.JPG
[14:36:53] - [3] MIRKO.POZEN: Fichier Upload: D:\kerberos.htx\fotos lune et agathe\100NIKON\DSCN4109.JPG (981,00 K/S -  6 027 257 bytes)
[14:36:53] - [3] MIRKO.POZEN: Début d'Upload de D:\kerberos.htx\fotos lune et agathe\100NIKON\DSCN4111.JPG
[14:36:57] - [2] MIRKO.POZEN: Fichier Upload: D:\kerberos.htx\fotos lune et agathe\100NIKON\DSCN4110.JPG (666,52 K/S -  6 142 668 bytes)
[14:36:57] - [2] MIRKO.POZEN: Début d'Upload de D:\kerberos.htx\fotos lune et agathe\100NIKON\DSCN4112.JPG
[14:37:00] - [3] MIRKO.POZEN: Fichier Upload: D:\kerberos.htx\fotos lune et agathe\100NIKON\DSCN4111.JPG (868,51 K/S -  6 225 474 bytes)
[14:37:00] - [3] MIRKO.POZEN: Début d'Upload de D:\kerberos.htx\fotos lune et agathe\100NIKON\DSCN4113.JPG
[14:37:03] - [2] MIRKO.POZEN: Fichier Upload: D:\kerberos.htx\fotos lune et agathe\100NIKON\DSCN4112.JPG (838,66 K/S -  6 011 486 bytes)
[14:37:04] - [2] MIRKO.POZEN: Début d'Upload de D:\kerberos.htx\fotos lune et agathe\100NIKON\DSCN4114.JPG
[14:37:08] - [3] MIRKO.POZEN: Fichier Upload: D:\kerberos.htx\fotos lune et agathe\100NIKON\DSCN4113.JPG (771,20 K/S -  6 317 696 bytes)
[14:37:08] - [3] MIRKO.POZEN: Début d'Upload de D:\kerberos.htx\fotos lune et agathe\100NIKON\DSCN4115.JPG
[14:37:08] - [2] MIRKO.POZEN: Fichier Upload: D:\kerberos.htx\fotos lune et agathe\100NIKON\DSCN4114.JPG (709,65 K/S -  3 633 429 bytes)
[14:37:08] - [2] MIRKO.POZEN: Début d'Upload de D:\kerberos.htx\fotos lune et agathe\100NIKON\DSCN4116.JPG
[14:37:11] - [3] MIRKO.POZEN: Fichier Upload: D:\kerberos.htx\fotos lune et agathe\100NIKON\DSCN4115.JPG (1 150,00 K/S -  3 532 857 bytes)
[14:37:11] - [3] MIRKO.POZEN: Début d'Upload de D:\kerberos.htx\fotos lune et agathe\100NIKON\DSCN4117.JPG
[14:37:14] - [2] MIRKO.POZEN: Fichier Upload: D:\kerberos.htx\fotos lune et agathe\100NIKON\DSCN4116.JPG (786,29 K/S -  4 830 991 bytes)
[14:37:14] - [2] MIRKO.POZEN: Début d'Upload de D:\kerberos.htx\fotos lune et agathe\100NIKON\DSCN4118.JPG
[14:37:17] - [3] MIRKO.POZEN: Fichier Upload: D:\kerberos.htx\fotos lune et agathe\100NIKON\DSCN4117.JPG (802,73 K/S -  4 931 985 bytes)
[14:37:17] - [3] MIRKO.POZEN: Début d'Upload de D:\kerberos.htx\fotos lune et agathe\100NIKON\DSCN4119.JPG
[14:37:20] - [2] MIRKO.POZEN: Fichier Upload: D:\kerberos.htx\fotos lune et agathe\100NIKON\DSCN4118.JPG (857,33 K/S -  4 389 535 bytes)
[14:37:20] - [2] MIRKO.POZEN: Début d'Upload de D:\kerberos.htx\fotos lune et agathe\100NIKON\DSCN4120.JPG
[14:37:22] - [3] MIRKO.POZEN: Fichier Upload: D:\kerberos.htx\fotos lune et agathe\100NIKON\DSCN4119.JPG (807,55 K/S -  3 307 707 bytes)
[14:37:22] - [3] MIRKO.POZEN: Début d'Upload de D:\kerberos.htx\fotos lune et agathe\100NIKON\DSCN4121.JPG
[14:37:24] - [2] MIRKO.POZEN: Fichier Upload: D:\kerberos.htx\fotos lune et agathe\100NIKON\DSCN4120.JPG (920,40 K/S -  3 769 966 bytes)
[14:37:24] - [2] MIRKO.POZEN: Début d'Upload de D:\kerberos.htx\fotos lune et agathe\100NIKON\DSCN4122.JPG
[14:37:26] - [3] MIRKO.POZEN: Fichier Upload: D:\kerberos.htx\fotos lune et agathe\100NIKON\DSCN4121.JPG (650,21 K/S -  3 329 055 bytes)
[14:37:27] - [3] MIRKO.POZEN: Début d'Upload de D:\kerberos.htx\fotos lune et agathe\100NIKON\DSCN4123.JPG
[14:37:29] - [2] MIRKO.POZEN: Fichier Upload: D:\kerberos.htx\fotos lune et agathe\100NIKON\DSCN4122.JPG (861,40 K/S -  4 410 362 bytes)
[14:37:29] - [2] MIRKO.POZEN: Début d'Upload de D:\kerberos.htx\fotos lune et agathe\100NIKON\DSCN4124.JPG
[14:37:32] - [3] MIRKO.POZEN: Fichier Upload: D:\kerberos.htx\fotos lune et agathe\100NIKON\DSCN4123.JPG (855,72 K/S -  4 381 272 bytes)
[14:37:32] - [3] MIRKO.POZEN: Début d'Upload de D:\kerberos.htx\fotos lune et agathe\100NIKON\DSCN4125.JPG
[14:37:35] - [2] MIRKO.POZEN: Fichier Upload: D:\kerberos.htx\fotos lune et agathe\100NIKON\DSCN4124.JPG (746,32 K/S -  4 585 366 bytes)
[14:37:35] - [2] MIRKO.POZEN: Début d'Upload de D:\kerberos.htx\fotos lune et agathe\100NIKON\DSCN4126.JPG
[14:37:37] - [3] MIRKO.POZEN: Fichier Upload: D:\kerberos.htx\fotos lune et agathe\100NIKON\DSCN4125.JPG (711,23 K/S -  4 369 818 bytes)
[14:37:38] - [3] MIRKO.POZEN: Début d'Upload de D:\kerberos.htx\fotos lune et agathe\100NIKON\DSCN4127.JPG
[14:37:40] - [2] MIRKO.POZEN: Fichier Upload: D:\kerberos.htx\fotos lune et agathe\100NIKON\DSCN4126.JPG (842,44 K/S -  4 313 298 bytes)
[14:37:40] - [2] MIRKO.POZEN: Début d'Upload de D:\kerberos.htx\fotos lune et agathe\100NIKON\DSCN4128.JPG
[14:37:43] - [3] MIRKO.POZEN: Fichier Upload: D:\kerberos.htx\fotos lune et agathe\100NIKON\DSCN4127.JPG (865,53 K/S -  4 431 507 bytes)
[14:37:43] - [3] MIRKO.POZEN: Début d'Upload de D:\kerberos.htx\fotos lune et agathe\100NIKON\DSCN4129.JPG
[14:37:46] - [2] MIRKO.POZEN: Fichier Upload: D:\kerberos.htx\fotos lune et agathe\100NIKON\DSCN4128.JPG (898,34 K/S -  4 599 492 bytes)
[14:37:46] - [2] MIRKO.POZEN: Début d'Upload de D:\kerberos.htx\fotos lune et agathe\100NIKON\DSCN4130.JPG
[14:37:48] - [3] MIRKO.POZEN: Fichier Upload: D:\kerberos.htx\fotos lune et agathe\100NIKON\DSCN4129.JPG (860,86 K/S -  4 407 579 bytes)
[14:37:48] - [3] MIRKO.POZEN: Début d'Upload de D:\kerberos.htx\fotos lune et agathe\100NIKON\DSCN4131.JPG
[14:37:51] - [2] MIRKO.POZEN: Fichier Upload: D:\kerberos.htx\fotos lune et agathe\100NIKON\DSCN4130.JPG (1 059,80 K/S -  4 340 773 bytes)
[14:37:51] - [2] MIRKO.POZEN: Début d'Upload de D:\kerberos.htx\fotos lune et agathe\100NIKON\DSCN4132.JPG
[14:37:55] - [3] MIRKO.POZEN: Fichier Upload: D:\kerberos.htx\fotos lune et agathe\100NIKON\DSCN4131.JPG (653,64 K/S -  4 685 287 bytes)
[14:37:55] - [3] MIRKO.POZEN: Début d'Upload de D:\kerberos.htx\fotos lune et agathe\100NIKON\DSCN4133.JPG
[14:37:56] - [2] MIRKO.POZEN: Fichier Upload: D:\kerberos.htx\fotos lune et agathe\100NIKON\DSCN4132.JPG (875,97 K/S -  4 484 949 bytes)
[14:37:56] - [2] MIRKO.POZEN: Début d'Upload de D:\kerberos.htx\fotos lune et agathe\100NIKON\DSCN4134.JPG
[14:38:00] - [3] MIRKO.POZEN: Fichier Upload: D:\kerberos.htx\fotos lune et agathe\100NIKON\DSCN4133.JPG (901,05 K/S -  4 613 360 bytes)
[14:38:00] - [3] MIRKO.POZEN: Début d'Upload de D:\kerberos.htx\fotos lune et agathe\100NIKON\DSCN4135.JPG
[14:38:03] - [2] MIRKO.POZEN: Fichier Upload: D:\kerberos.htx\fotos lune et agathe\100NIKON\DSCN4134.JPG (762,96 K/S -  4 687 655 bytes)
[14:38:03] - [2] MIRKO.POZEN: Début d'Upload de D:\kerberos.htx\fotos lune et agathe\100NIKON\DSCN4136.JPG
[14:38:05] - [3] MIRKO.POZEN: Fichier Upload: D:\kerberos.htx\fotos lune et agathe\100NIKON\DSCN4135.JPG (842,71 K/S -  5 177 591 bytes)
[14:38:05] - [3] MIRKO.POZEN: Début d'Upload de D:\kerberos.htx\fotos lune et agathe\100NIKON\DSCN4137.JPG
[14:38:09] - [2] MIRKO.POZEN: Fichier Upload: D:\kerberos.htx\fotos lune et agathe\100NIKON\DSCN4136.JPG (777,37 K/S -  4 776 162 bytes)
[14:38:09] - [2] MIRKO.POZEN: Début d'Upload de D:\kerberos.htx\fotos lune et agathe\100NIKON\DSCN4138.JPG
[14:38:11] - [3] MIRKO.POZEN: Fichier Upload: D:\kerberos.htx\fotos lune et agathe\100NIKON\DSCN4137.JPG (928,32 K/S -  4 752 982 bytes)
[14:38:11] - [3] MIRKO.POZEN: Début d'Upload de D:\kerberos.htx\fotos lune et agathe\100NIKON\DSCN4139.JPG
[14:38:13] - [2] MIRKO.POZEN: Fichier Upload: D:\kerberos.htx\fotos lune et agathe\100NIKON\DSCN4138.JPG (894,05 K/S -  3 662 038 bytes)
[14:38:13] - [2] MIRKO.POZEN: Début d'Upload de D:\kerberos.htx\fotos lune et agathe\100NIKON\DSCN4140.JPG
[14:38:16] - [3] MIRKO.POZEN: Fichier Upload: D:\kerberos.htx\fotos lune et agathe\100NIKON\DSCN4139.JPG (650,51 K/S -  3 330 613 bytes)
[14:38:16] - [3] MIRKO.POZEN: Début d'Upload de D:\kerberos.htx\fotos lune et agathe\100NIKON\DSCN4141.JPG
[14:38:19] - [2] MIRKO.POZEN: Fichier Upload: D:\kerberos.htx\fotos lune et agathe\100NIKON\DSCN4140.JPG (933,26 K/S -  5 733 976 bytes)
[14:38:19] - [2] MIRKO.POZEN: Début d'Upload de D:\kerberos.htx\fotos lune et agathe\100NIKON\DSCN4142.JPG
[14:38:23] - [3] MIRKO.POZEN: Fichier Upload: D:\kerberos.htx\fotos lune et agathe\100NIKON\DSCN4141.JPG (833,07 K/S -  5 971 480 bytes)
[14:38:23] - [3] MIRKO.POZEN: Début d'Upload de D:\kerberos.htx\fotos lune et agathe\100NIKON\DSCN4143.JPG
[14:38:25] - [2] MIRKO.POZEN: Fichier Upload: D:\kerberos.htx\fotos lune et agathe\100NIKON\DSCN4142.JPG (780,29 K/S -  4 794 121 bytes)
[14:38:25] - [2] MIRKO.POZEN: Début d'Upload de D:\kerberos.htx\fotos lune et agathe\100NIKON\DSCN4144.JPG
[14:38:29] - [3] MIRKO.POZEN: Fichier Upload: D:\kerberos.htx\fotos lune et agathe\100NIKON\DSCN4143.JPG (941,36 K/S -  5 783 712 bytes)
[14:38:29] - [3] MIRKO.POZEN: Début d'Upload de D:\kerberos.htx\fotos lune et agathe\100NIKON\DSCN4145.JPG
[14:38:32] - [2] MIRKO.POZEN: Fichier Upload: D:\kerberos.htx\fotos lune et agathe\100NIKON\DSCN4144.JPG (870,88 K/S -  5 350 713 bytes)
[14:38:32] - [2] MIRKO.POZEN: Début d'Upload de D:\kerberos.htx\fotos lune et agathe\100NIKON\DSCN4146.JPG
[14:38:36] - [3] MIRKO.POZEN: Fichier Upload: D:\kerberos.htx\fotos lune et agathe\100NIKON\DSCN4145.JPG (738,48 K/S -  5 293 455 bytes)
[14:38:37] - [3] MIRKO.POZEN: Début d'Upload de D:\kerberos.htx\fotos lune et agathe\100NIKON\DSCN4147.JPG
[14:38:38] - [2] MIRKO.POZEN: Fichier Upload: D:\kerberos.htx\fotos lune et agathe\100NIKON\DSCN4146.JPG (850,99 K/S -  5 228 511 bytes)
[14:38:38] - [2] MIRKO.POZEN: Début d'Upload de D:\kerberos.htx\fotos lune et agathe\100NIKON\DSCN4148.JPG
[14:38:44] - [3] MIRKO.POZEN: Fichier Upload: D:\kerberos.htx\fotos lune et agathe\100NIKON\DSCN4147.JPG (786,81 K/S -  5 639 824 bytes)
[14:38:44] - [3] MIRKO.POZEN: Début d'Upload de D:\kerberos.htx\fotos lune et agathe\100NIKON\DSCN4149.JPG
[14:38:44] - [2] MIRKO.POZEN: Fichier Upload: D:\kerberos.htx\fotos lune et agathe\100NIKON\DSCN4148.JPG (826,38 K/S -  5 077 302 bytes)
[14:38:44] - [2] MIRKO.POZEN: Début d'Upload de D:\kerberos.htx\fotos lune et agathe\100NIKON\DSCN4150.JPG
[14:38:48] - [2] MIRKO.POZEN: Fichier Upload: D:\kerberos.htx\fotos lune et agathe\100NIKON\DSCN4150.JPG (1 279,70 K/S -  3 931 184 bytes)
[14:38:48] - [2] MIRKO.POZEN: Début d'Upload de D:\kerberos.htx\fotos lune et agathe\100NIKON\DSCN4151.JPG
[14:38:51] - [3] MIRKO.POZEN: Fichier Upload: D:\kerberos.htx\fotos lune et agathe\100NIKON\DSCN4149.JPG (685,11 K/S -  4 910 874 bytes)
[14:38:51] - [3] MIRKO.POZEN: Début d'Upload de D:\kerberos.htx\fotos lune et agathe\100NIKON\DSCN4152.JPG
[14:38:52] - [2] MIRKO.POZEN: Fichier Upload: D:\kerberos.htx\fotos lune et agathe\100NIKON\DSCN4151.JPG (844,59 K/S -  3 459 427 bytes)
[14:38:52] - [2] MIRKO.POZEN: Début d'Upload de D:\kerberos.htx\fotos lune et agathe\100NIKON\DSCN4153.JPG
[14:38:55] - [3] MIRKO.POZEN: Fichier Upload: D:\kerberos.htx\fotos lune et agathe\100NIKON\DSCN4152.JPG (874,35 K/S -  3 581 319 bytes)
[14:38:55] - [3] MIRKO.POZEN: Début d'Upload de D:\kerberos.htx\fotos lune et agathe\100NIKON\DSCN4154.JPG
[14:39:00] - [2] MIRKO.POZEN: Fichier Upload: D:\kerberos.htx\fotos lune et agathe\100NIKON\DSCN4153.JPG (718,78 K/S -  5 888 276 bytes)
[14:39:00] - [3] MIRKO.POZEN: Fichier Upload: D:\kerberos.htx\fotos lune et agathe\100NIKON\DSCN4154.JPG (775,87 K/S -  3 972 430 bytes)
[14:39:00] - [3] MIRKO.POZEN: Début d'Upload de D:\kerberos.htx\fotos lune et agathe\100NIKON\DSCN4156.JPG
[14:39:00] - [2] MIRKO.POZEN: Début d'Upload de D:\kerberos.htx\fotos lune et agathe\100NIKON\DSCN4155.JPG
[14:39:06] - [3] MIRKO.POZEN: Fichier Upload: D:\kerberos.htx\fotos lune et agathe\100NIKON\DSCN4156.JPG (797,75 K/S -  4 084 463 bytes)
[14:39:06] - [3] MIRKO.POZEN: Début d'Upload de D:\kerberos.htx\fotos lune et agathe\100NIKON\DSCN4157.JPG
[14:39:06] - [2] MIRKO.POZEN: Fichier Upload: D:\kerberos.htx\fotos lune et agathe\100NIKON\DSCN4155.JPG (963,81 K/S -  4 934 714 bytes)
[14:39:06] - [2] MIRKO.POZEN: Début d'Upload de D:\kerberos.htx\fotos lune et agathe\100NIKON\DSCN4158.JPG
[14:39:11] - [2] MIRKO.POZEN: Fichier Upload: D:\kerberos.htx\fotos lune et agathe\100NIKON\DSCN4158.JPG (730,11 K/S -  3 738 186 bytes)
[14:39:11] - [2] MIRKO.POZEN: Début d'Upload de D:\kerberos.htx\fotos lune et agathe\100NIKON\DSCN4159.JPG
[14:39:11] - [3] MIRKO.POZEN: Fichier Upload: D:\kerberos.htx\fotos lune et agathe\100NIKON\DSCN4157.JPG (801,22 K/S -  4 922 695 bytes)
[14:39:12] - [3] MIRKO.POZEN: Début d'Upload de D:\kerberos.htx\fotos lune et agathe\100NIKON\DSCN4160.JPG
[14:39:16] - [2] MIRKO.POZEN: Fichier Upload: D:\kerberos.htx\fotos lune et agathe\100NIKON\DSCN4159.JPG (908,14 K/S -  4 649 676 bytes)
[14:39:17] - [2] MIRKO.POZEN: Début d'Upload de D:\kerberos.htx\fotos lune et agathe\100NIKON\DSCN4161.JPG
[14:39:18] - [3] MIRKO.POZEN: Fichier Upload: D:\kerberos.htx\fotos lune et agathe\100NIKON\DSCN4160.JPG (865,49 K/S -  5 317 558 bytes)
[14:39:19] - [3] MIRKO.POZEN: Début d'Upload de D:\kerberos.htx\fotos lune et agathe\100NIKON\DSCN4162.JPG
[14:39:22] - [2] MIRKO.POZEN: Fichier Upload: D:\kerberos.htx\fotos lune et agathe\100NIKON\DSCN4161.JPG (1 032,90 K/S -  5 288 214 bytes)
[14:39:22] - [2] MIRKO.POZEN: Début d'Upload de D:\kerberos.htx\fotos lune et agathe\100NIKON\DSCN4163.JPG
[14:39:25] - [3] MIRKO.POZEN: Fichier Upload: D:\kerberos.htx\fotos lune et agathe\100NIKON\DSCN4162.JPG (893,13 K/S -  5 487 397 bytes)
[14:39:25] - [3] MIRKO.POZEN: Début d'Upload de D:\kerberos.htx\fotos lune et agathe\100NIKON\DSCN4164.JPG
[14:39:28] - [2] MIRKO.POZEN: Fichier Upload: D:\kerberos.htx\fotos lune et agathe\100NIKON\DSCN4163.JPG (877,83 K/S -  5 393 387 bytes)
[14:39:28] - [2] MIRKO.POZEN: Début d'Upload de D:\kerberos.htx\fotos lune et agathe\100NIKON\DSCN4165.JPG
[14:39:32] - [3] MIRKO.POZEN: Fichier Upload: D:\kerberos.htx\fotos lune et agathe\100NIKON\DSCN4164.JPG (866,33 K/S -  5 322 721 bytes)
[14:39:32] - [3] MIRKO.POZEN: Début d'Upload de D:\kerberos.htx\fotos lune et agathe\100NIKON\DSCN4166.JPG
[14:39:35] - [2] MIRKO.POZEN: Fichier Upload: D:\kerberos.htx\fotos lune et agathe\100NIKON\DSCN4165.JPG (931,44 K/S -  5 722 745 bytes)
[14:39:35] - [2] MIRKO.POZEN: Début d'Upload de D:\kerberos.htx\fotos lune et agathe\100NIKON\DSCN4167.JPG
[14:39:39] - [3] MIRKO.POZEN: Fichier Upload: D:\kerberos.htx\fotos lune et agathe\100NIKON\DSCN4166.JPG (735,11 K/S -  5 269 235 bytes)
[14:39:39] - [3] MIRKO.POZEN: Début d'Upload de D:\kerberos.htx\fotos lune et agathe\100NIKON\DSCN4168.JPG
[14:39:41] - [2] MIRKO.POZEN: Fichier Upload: D:\kerberos.htx\fotos lune et agathe\100NIKON\DSCN4167.JPG (717,91 K/S -  5 145 977 bytes)
[14:39:42] - [2] MIRKO.POZEN: Début d'Upload de D:\kerberos.htx\fotos lune et agathe\100NIKON\DSCN4169.JPG
[14:39:45] - [3] MIRKO.POZEN: Fichier Upload: D:\kerberos.htx\fotos lune et agathe\100NIKON\DSCN4168.JPG (1 020,30 K/S -  5 224 189 bytes)
[14:39:45] - [3] MIRKO.POZEN: Début d'Upload de D:\kerberos.htx\fotos lune et agathe\100NIKON\DSCN4170.JPG
[14:39:49] - [2] MIRKO.POZEN: Fichier Upload: D:\kerberos.htx\fotos lune et agathe\100NIKON\DSCN4169.JPG (729,96 K/S -  5 232 339 bytes)
[14:39:49] - [2] MIRKO.POZEN: Début d'Upload de D:\kerberos.htx\fotos lune et agathe\100NIKON\DSCN4171.JPG
[14:39:51] - [3] MIRKO.POZEN: Fichier Upload: D:\kerberos.htx\fotos lune et agathe\100NIKON\DSCN4170.JPG (865,11 K/S -  5 315 208 bytes)
[14:39:51] - [3] MIRKO.POZEN: Début d'Upload de D:\kerberos.htx\fotos lune et agathe\100NIKON\DSCN4172.JPG
[14:39:54] - [2] MIRKO.POZEN: Fichier Upload: D:\kerberos.htx\fotos lune et agathe\100NIKON\DSCN4171.JPG (868,17 K/S -  5 334 052 bytes)
[14:39:55] - [2] MIRKO.POZEN: Début d'Upload de D:\kerberos.htx\fotos lune et agathe\100NIKON\DSCN4173.JPG
[14:39:57] - [3] MIRKO.POZEN: Fichier Upload: D:\kerberos.htx\fotos lune et agathe\100NIKON\DSCN4172.JPG (1 029,80 K/S -  5 272 675 bytes)
[14:39:57] - [3] MIRKO.POZEN: Début d'Upload de D:\kerberos.htx\fotos lune et agathe\100NIKON\DSCN4174.JPG
[14:40:00] - [2] MIRKO.POZEN: Fichier Upload: D:\kerberos.htx\fotos lune et agathe\100NIKON\DSCN4173.JPG (857,50 K/S -  5 268 461 bytes)
[14:40:00] - [2] MIRKO.POZEN: Début d'Upload de D:\kerberos.htx\fotos lune et agathe\100NIKON\DSCN4175.JPG
[14:40:04] - [3] MIRKO.POZEN: Fichier Upload: D:\kerberos.htx\fotos lune et agathe\100NIKON\DSCN4174.JPG (810,01 K/S -  5 806 178 bytes)
[14:40:04] - [3] MIRKO.POZEN: Début d'Upload de D:\kerberos.htx\fotos lune et agathe\100NIKON\DSCN4176.JPG
[14:40:07] - [2] MIRKO.POZEN: Fichier Upload: D:\kerberos.htx\fotos lune et agathe\100NIKON\DSCN4175.JPG (831,21 K/S -  5 958 098 bytes)
[14:40:07] - [2] MIRKO.POZEN: Début d'Upload de D:\kerberos.htx\fotos lune et agathe\100NIKON\DSCN4177.JPG
[14:40:11] - [3] MIRKO.POZEN: Fichier Upload: D:\kerberos.htx\fotos lune et agathe\100NIKON\DSCN4176.JPG (716,09 K/S -  5 866 192 bytes)
[14:40:12] - [3] MIRKO.POZEN: Début d'Upload de D:\kerberos.htx\fotos lune et agathe\100NIKON\DSCN4178.JPG
[14:40:16] - [2] MIRKO.POZEN: Fichier Upload: D:\kerberos.htx\fotos lune et agathe\100NIKON\DSCN4177.JPG (724,08 K/S -  5 931 660 bytes)
[14:40:16] - [2] MIRKO.POZEN: Début d'Upload de D:\kerberos.htx\fotos lune et agathe\100NIKON\DSCN4179.JPG
[14:40:17] - [3] MIRKO.POZEN: Fichier Upload: D:\kerberos.htx\fotos lune et agathe\100NIKON\DSCN4178.JPG (966,21 K/S -  5 936 375 bytes)
[14:40:18] - [3] MIRKO.POZEN: Début d'Upload de D:\kerberos.htx\fotos lune et agathe\100NIKON\DSCN4180.JPG
[14:40:23] - [2] MIRKO.POZEN: Fichier Upload: D:\kerberos.htx\fotos lune et agathe\100NIKON\DSCN4179.JPG (728,38 K/S -  5 966 907 bytes)
[14:40:25] - [3] MIRKO.POZEN: Fichier Upload: D:\kerberos.htx\fotos lune et agathe\100NIKON\DSCN4180.JPG (846,11 K/S -  6 064 896 bytes)
[14:40:25] - [2] MIRKO.POZEN: Début d'Upload de D:\kerberos.htx\fotos lune et agathe\100NIKON\DSCN4181.JPG
[14:40:25] - [3] MIRKO.POZEN: Début d'Upload de D:\kerberos.htx\fotos lune et agathe\100NIKON\DSCN4182.JPG
[14:40:30] - [2] MIRKO.POZEN: Fichier Upload: D:\kerberos.htx\fotos lune et agathe\100NIKON\DSCN4181.JPG (1 005,40 K/S -  5 147 699 bytes)
[14:40:30] - [2] MIRKO.POZEN: Début d'Upload de D:\kerberos.htx\fotos lune et agathe\100NIKON\DSCN4183.JPG
[14:40:33] - [3] MIRKO.POZEN: Fichier Upload: D:\kerberos.htx\fotos lune et agathe\100NIKON\DSCN4182.JPG (720,09 K/S -  5 161 637 bytes)
[14:40:33] - [3] MIRKO.POZEN: Début d'Upload de D:\kerberos.htx\fotos lune et agathe\100NIKON\DSCN4184.JPG
[14:40:37] - [2] MIRKO.POZEN: Fichier Upload: D:\kerberos.htx\fotos lune et agathe\100NIKON\DSCN4183.JPG (875,43 K/S -  5 378 664 bytes)
[14:40:37] - [2] MIRKO.POZEN: Début d'Upload de D:\kerberos.htx\fotos lune et agathe\100NIKON\DSCN4185.JPG
[14:40:39] - [3] MIRKO.POZEN: Fichier Upload: D:\kerberos.htx\fotos lune et agathe\100NIKON\DSCN4184.JPG (836,51 K/S -  5 996 127 bytes)
[14:40:39] - [3] MIRKO.POZEN: Début d'Upload de D:\kerberos.htx\fotos lune et agathe\100NIKON\DSCN4186.JPG
[14:40:44] - [2] MIRKO.POZEN: Fichier Upload: D:\kerberos.htx\fotos lune et agathe\100NIKON\DSCN4185.JPG (711,21 K/S -  5 097 925 bytes)
[14:40:44] - [2] MIRKO.POZEN: Début d'Upload de D:\kerberos.htx\fotos lune et agathe\100NIKON\DSCN4187.JPG
[14:40:44] - [3] MIRKO.POZEN: Fichier Upload: D:\kerberos.htx\fotos lune et agathe\100NIKON\DSCN4186.JPG (861,70 K/S -  3 529 519 bytes)
[14:40:44] - [3] MIRKO.POZEN: Début d'Upload de D:\kerberos.htx\fotos lune et agathe\100NIKON\DSCN4188.JPG
[14:40:46] - [2] MIRKO.POZEN: Fichier Upload: D:\kerberos.htx\fotos lune et agathe\100NIKON\DSCN4187.JPG (645,42 K/S -  1 321 826 bytes)
[14:40:46] - [2] MIRKO.POZEN: Début d'Upload de D:\kerberos.htx\fotos lune et agathe\100NIKON\DSCN4189.JPG
[14:40:47] - [3] MIRKO.POZEN: Fichier Upload: D:\kerberos.htx\fotos lune et agathe\100NIKON\DSCN4188.JPG (718,38 K/S -  1 471 240 bytes)
[14:40:47] - [3] MIRKO.POZEN: Début d'Upload de D:\kerberos.htx\fotos lune et agathe\100NIKON\DSCN4190.JPG
[14:40:50] - [3] MIRKO.POZEN: Fichier Upload: D:\kerberos.htx\fotos lune et agathe\100NIKON\DSCN4190.JPG (483,53 K/S -  1 485 407 bytes)
[14:40:51] - [3] MIRKO.POZEN: Début d'Upload de D:\kerberos.htx\fotos lune et agathe\100NIKON\DSCN4191.JPG
[14:40:54] - [2] MIRKO.POZEN: Fichier Upload: D:\kerberos.htx\fotos lune et agathe\100NIKON\DSCN4189.JPG (502,54 K/S -  4 116 837 bytes)
[14:40:54] - [2] MIRKO.POZEN: Début d'Upload de D:\kerberos.htx\fotos lune et agathe\100NIKON\DSCN4192.JPG
[14:40:56] - [3] MIRKO.POZEN: Fichier Upload: D:\kerberos.htx\fotos lune et agathe\100NIKON\DSCN4191.JPG (1 011,30 K/S -  4 142 476 bytes)
[14:40:56] - [3] MIRKO.POZEN: Début d'Upload de D:\kerberos.htx\fotos lune et agathe\100NIKON\DSCN4193.JPG
[14:40:59] - [3] MIRKO.POZEN: Fichier Upload: D:\kerberos.htx\fotos lune et agathe\100NIKON\DSCN4193.JPG (728,56 K/S -  1 492 097 bytes)
[14:40:59] - [2] MIRKO.POZEN: Fichier Upload: D:\kerberos.htx\fotos lune et agathe\100NIKON\DSCN4192.JPG (1 141,80 K/S -  4 676 925 bytes)
[14:40:59] - [3] MIRKO.POZEN: Début d'Upload de D:\kerberos.htx\fotos lune et agathe\100NIKON\DSCN4194.JPG
[14:40:59] - [2] MIRKO.POZEN: Début d'Upload de D:\kerberos.htx\fotos lune et agathe\100NIKON\DSCN4195.JPG
[14:41:03] - [3] MIRKO.POZEN: Fichier Upload: D:\kerberos.htx\fotos lune et agathe\100NIKON\DSCN4194.JPG (798,75 K/S -  2 453 764 bytes)
[14:41:03] - [3] MIRKO.POZEN: Début d'Upload de D:\kerberos.htx\fotos lune et agathe\100NIKON\DSCN4196.JPG
[14:41:04] - [2] MIRKO.POZEN: Fichier Upload: D:\kerberos.htx\fotos lune et agathe\100NIKON\DSCN4195.JPG (899,62 K/S -  3 684 863 bytes)
[14:41:04] - [2] MIRKO.POZEN: Début d'Upload de D:\kerberos.htx\fotos lune et agathe\100NIKON\DSCN4197.JPG
[14:41:06] - [3] MIRKO.POZEN: Fichier Upload: D:\kerberos.htx\fotos lune et agathe\100NIKON\DSCN4196.JPG (914,17 K/S -  2 808 336 bytes)
[14:41:06] - [3] MIRKO.POZEN: Début d'Upload de D:\kerberos.htx\fotos lune et agathe\100NIKON\DSCN4198.JPG
[14:41:09] - [2] MIRKO.POZEN: Fichier Upload: D:\kerberos.htx\fotos lune et agathe\100NIKON\DSCN4197.JPG (817,43 K/S -  3 348 194 bytes)
[14:41:09] - [2] MIRKO.POZEN: Début d'Upload de D:\kerberos.htx\fotos lune et agathe\100NIKON\DSCN4199.JPG
[14:41:11] - [3] MIRKO.POZEN: Fichier Upload: D:\kerberos.htx\fotos lune et agathe\100NIKON\DSCN4198.JPG (789,79 K/S -  4 043 749 bytes)
[14:41:11] - [3] MIRKO.POZEN: Début d'Upload de D:\kerberos.htx\fotos lune et agathe\100NIKON\DSCN4200.JPG
[14:41:13] - [2] MIRKO.POZEN: Fichier Upload: D:\kerberos.htx\fotos lune et agathe\100NIKON\DSCN4199.JPG (938,91 K/S -  3 845 763 bytes)
[14:41:13] - [2] MIRKO.POZEN: Début d'Upload de D:\kerberos.htx\fotos lune et agathe\100NIKON\DSCN4201.JPG
[14:41:16] - [3] MIRKO.POZEN: Fichier Upload: D:\kerberos.htx\fotos lune et agathe\100NIKON\DSCN4200.JPG (896,76 K/S -  4 591 416 bytes)
[14:41:16] - [3] MIRKO.POZEN: Début d'Upload de D:\kerberos.htx\fotos lune et agathe\100NIKON\DSCN4202.JPG
[14:41:17] - [2] MIRKO.POZEN: Fichier Upload: D:\kerberos.htx\fotos lune et agathe\100NIKON\DSCN4201.JPG (778,06 K/S -  2 390 189 bytes)
[14:41:17] - [2] MIRKO.POZEN: Début d'Upload de D:\kerberos.htx\fotos lune et agathe\100NIKON\DSCN4203.JPG
[14:41:18] - [3] MIRKO.POZEN: Fichier Upload: D:\kerberos.htx\fotos lune et agathe\100NIKON\DSCN4202.JPG (1 573,40 K/S -  1 611 153 bytes)
[14:41:18] - [3] MIRKO.POZEN: Début d'Upload de D:\kerberos.htx\fotos lune et agathe\100NIKON\DSCN4204.JPG
[14:41:19] - [2] MIRKO.POZEN: Fichier Upload: D:\kerberos.htx\fotos lune et agathe\100NIKON\DSCN4203.JPG (726,67 K/S -  1 488 213 bytes)
[14:41:19] - [2] MIRKO.POZEN: Début d'Upload de D:\kerberos.htx\fotos lune et agathe\100NIKON\DSCN4205.JPG
[14:41:22] - [3] MIRKO.POZEN: Fichier Upload: D:\kerberos.htx\fotos lune et agathe\100NIKON\DSCN4204.JPG (877,23 K/S -  3 593 142 bytes)
[14:41:22] - [3] MIRKO.POZEN: Début d'Upload de D:\kerberos.htx\fotos lune et agathe\100NIKON\DSCN4206.JPG
[14:41:24] - [2] MIRKO.POZEN: Fichier Upload: D:\kerberos.htx\fotos lune et agathe\100NIKON\DSCN4205.JPG (736,54 K/S -  3 771 094 bytes)
[14:41:24] - [2] MIRKO.POZEN: Début d'Upload de D:\kerberos.htx\fotos lune et agathe\100NIKON\DSCN4207.JPG
[14:41:25] - [3] MIRKO.POZEN: Fichier Upload: D:\kerberos.htx\fotos lune et agathe\100NIKON\DSCN4206.JPG (666,66 K/S -  2 730 637 bytes)
[14:41:25] - [3] MIRKO.POZEN: Début d'Upload de D:\kerberos.htx\fotos lune et agathe\100NIKON\DSCN4208.JPG
[14:41:26] - [2] MIRKO.POZEN: Fichier Upload: D:\kerberos.htx\fotos lune et agathe\100NIKON\DSCN4207.JPG (776,14 K/S -  1 589 543 bytes)
[14:41:26] - [2] MIRKO.POZEN: Début d'Upload de D:\kerberos.htx\fotos lune et agathe\100NIKON\DSCN4209.JPG
[14:41:28] - [2] MIRKO.POZEN: Fichier Upload: D:\kerberos.htx\fotos lune et agathe\100NIKON\DSCN4209.JPG (593,82 K/S -  1 824 226 bytes)
[14:41:29] - [2] MIRKO.POZEN: Début d'Upload de D:\kerberos.htx\fotos lune et agathe\100NIKON\DSCN4210.JPG
[14:41:33] - [3] MIRKO.POZEN: Fichier Upload: D:\kerberos.htx\fotos lune et agathe\100NIKON\DSCN4208.JPG (708,89 K/S -  5 081 315 bytes)
[14:41:33] - [2] MIRKO.POZEN: Fichier Upload: D:\kerberos.htx\fotos lune et agathe\100NIKON\DSCN4210.JPG (684,05 K/S -  2 801 879 bytes)
[14:41:33] - [3] MIRKO.POZEN: Début d'Upload de D:\kerberos.htx\fotos lune et agathe\100NIKON\DSCN4211.JPG
[14:41:33] - [2] MIRKO.POZEN: Début d'Upload de D:\kerberos.htx\fotos lune et agathe\100NIKON\DSCN4212.JPG
[14:41:39] - [3] MIRKO.POZEN: Fichier Upload: D:\kerberos.htx\fotos lune et agathe\100NIKON\DSCN4211.JPG (1 169,20 K/S -  5 986 234 bytes)
[14:41:39] - [3] MIRKO.POZEN: Début d'Upload de D:\kerberos.htx\fotos lune et agathe\100NIKON\DSCN4213.JPG
[14:41:42] - [2] MIRKO.POZEN: Fichier Upload: D:\kerberos.htx\fotos lune et agathe\100NIKON\DSCN4212.JPG (736,61 K/S -  6 034 308 bytes)
[14:41:42] - [2] MIRKO.POZEN: Début d'Upload de D:\kerberos.htx\fotos lune et agathe\100NIKON\DSCN4214.JPG
[14:41:48] - [3] MIRKO.POZEN: Fichier Upload: D:\kerberos.htx\fotos lune et agathe\100NIKON\DSCN4213.JPG (722,90 K/S -  5 922 003 bytes)
[14:41:48] - [3] MIRKO.POZEN: Début d'Upload de D:\kerberos.htx\fotos lune et agathe\100NIKON\DSCN4215.JPG
[14:41:48] - [2] MIRKO.POZEN: Fichier Upload: D:\kerberos.htx\fotos lune et agathe\100NIKON\DSCN4214.JPG (1 171,30 K/S -  5 997 053 bytes)
[14:41:48] - [2] MIRKO.POZEN: Début d'Upload de D:\kerberos.htx\fotos lune et agathe\100NIKON\DSCN4216.JPG
[14:41:53] - [3] MIRKO.POZEN: Fichier Upload: D:\kerberos.htx\fotos lune et agathe\100NIKON\DSCN4215.JPG (963,22 K/S -  5 918 002 bytes)
[14:41:54] - [3] MIRKO.POZEN: Début d'Upload de D:\kerberos.htx\fotos lune et agathe\100NIKON\DSCN4217.JPG
[14:41:54] - [2] MIRKO.POZEN: Fichier Upload: D:\kerberos.htx\fotos lune et agathe\100NIKON\DSCN4216.JPG (613,05 K/S -  3 766 589 bytes)
[14:41:54] - [2] MIRKO.POZEN: Début d'Upload de D:\kerberos.htx\fotos lune et agathe\100NIKON\DSCN4218.JPG
[14:42:01] - [2] MIRKO.POZEN: Fichier Upload: D:\kerberos.htx\fotos lune et agathe\100NIKON\DSCN4218.JPG (875,53 K/S -  6 275 819 bytes)
[14:42:01] - [2] MIRKO.POZEN: Début d'Upload de D:\kerberos.htx\fotos lune et agathe\100NIKON\DSCN4219.JPG
[14:42:01] - [3] MIRKO.POZEN: Fichier Upload: D:\kerberos.htx\fotos lune et agathe\100NIKON\DSCN4217.JPG (743,07 K/S -  6 087 226 bytes)
[14:42:02] - [3] MIRKO.POZEN: Début d'Upload de D:\kerberos.htx\fotos lune et agathe\100NIKON\DSCN4220.JPG
[14:42:10] - [2] MIRKO.POZEN: Fichier Upload: D:\kerberos.htx\fotos lune et agathe\100NIKON\DSCN4219.JPG (701,46 K/S -  7 182 949 bytes)
[14:42:11] - [2] MIRKO.POZEN: Début d'Upload de D:\kerberos.htx\fotos lune et agathe\100NIKON\DSCN4221.JPG
[14:42:11] - [3] MIRKO.POZEN: Fichier Upload: D:\kerberos.htx\fotos lune et agathe\100NIKON\DSCN4220.JPG (674,86 K/S -  6 219 521 bytes)
[14:42:11] - [3] MIRKO.POZEN: Début d'Upload de D:\kerberos.htx\fotos lune et agathe\100NIKON\DSCN4222.JPG
[14:42:17] - [3] MIRKO.POZEN: Fichier Upload: D:\kerberos.htx\fotos lune et agathe\100NIKON\DSCN4222.JPG (752,74 K/S -  4 624 817 bytes)
[14:42:17] - [3] MIRKO.POZEN: Début d'Upload de D:\kerberos.htx\fotos lune et agathe\100NIKON\DSCN4223.JPG
[14:42:18] - [2] MIRKO.POZEN: Fichier Upload: D:\kerberos.htx\fotos lune et agathe\100NIKON\DSCN4221.JPG (887,12 K/S -  6 358 865 bytes)
[14:42:18] - [2] MIRKO.POZEN: Début d'Upload de D:\kerberos.htx\fotos lune et agathe\100NIKON\DSCN4224.JPG
[14:42:20] - [3] MIRKO.POZEN: Fichier Upload: D:\kerberos.htx\fotos lune et agathe\100NIKON\DSCN4223.JPG (745,74 K/S -  3 054 551 bytes)
[14:42:21] - [3] MIRKO.POZEN: Début d'Upload de D:\kerberos.htx\fotos lune et agathe\100NIKON\DSCN4225.JPG
[14:42:24] - [3] MIRKO.POZEN: Fichier Upload: D:\kerberos.htx\fotos lune et agathe\100NIKON\DSCN4225.JPG (896,28 K/S -  2 753 373 bytes)
[14:42:24] - [3] MIRKO.POZEN: Début d'Upload de D:\kerberos.htx\fotos lune et agathe\100NIKON\DSCN4226.JPG
[14:42:24] - [2] MIRKO.POZEN: Fichier Upload: D:\kerberos.htx\fotos lune et agathe\100NIKON\DSCN4224.JPG (941,14 K/S -  4 818 615 bytes)
[14:42:24] - [2] MIRKO.POZEN: Début d'Upload de D:\kerberos.htx\fotos lune et agathe\100NIKON\DSCN4227.JPG
[14:42:28] - [3] MIRKO.POZEN: Fichier Upload: D:\kerberos.htx\fotos lune et agathe\100NIKON\DSCN4226.JPG (1 006,40 K/S -  4 122 061 bytes)
[14:42:28] - [3] MIRKO.POZEN: Début d'Upload de D:\kerberos.htx\fotos lune et agathe\100NIKON\DSCN4228.JPG
[14:42:32] - [2] MIRKO.POZEN: Fichier Upload: D:\kerberos.htx\fotos lune et agathe\100NIKON\DSCN4227.JPG (867,43 K/S -  6 217 773 bytes)
[14:42:32] - [2] MIRKO.POZEN: Début d'Upload de D:\kerberos.htx\fotos lune et agathe\100NIKON\DSCN4229.JPG
[14:42:36] - [3] MIRKO.POZEN: Fichier Upload: D:\kerberos.htx\fotos lune et agathe\100NIKON\DSCN4228.JPG (762,07 K/S -  6 242 900 bytes)
[14:42:37] - [3] MIRKO.POZEN: Début d'Upload de D:\kerberos.htx\fotos lune et agathe\100NIKON\DSCN4230.JPG
[14:42:40] - [2] MIRKO.POZEN: Fichier Upload: D:\kerberos.htx\fotos lune et agathe\100NIKON\DSCN4229.JPG (757,96 K/S -  6 209 174 bytes)
[14:42:40] - [2] MIRKO.POZEN: Début d'Upload de D:\kerberos.htx\fotos lune et agathe\100NIKON\DSCN4231.JPG
[14:42:46] - [3] MIRKO.POZEN: Fichier Upload: D:\kerberos.htx\fotos lune et agathe\100NIKON\DSCN4230.JPG (679,62 K/S -  6 263 363 bytes)
[14:42:46] - [3] MIRKO.POZEN: Début d'Upload de D:\kerberos.htx\fotos lune et agathe\100NIKON\DSCN4232.JPG
[14:42:47] - [2] MIRKO.POZEN: Fichier Upload: D:\kerberos.htx\fotos lune et agathe\100NIKON\DSCN4231.JPG (854,07 K/S -  6 122 003 bytes)
[14:42:47] - [2] MIRKO.POZEN: Début d'Upload de D:\kerberos.htx\fotos lune et agathe\100NIKON\DSCN4233.JPG
[14:42:53] - [3] MIRKO.POZEN: Fichier Upload: D:\kerberos.htx\fotos lune et agathe\100NIKON\DSCN4232.JPG (844,36 K/S -  6 052 374 bytes)
[14:42:53] - [3] MIRKO.POZEN: Début d'Upload de D:\kerberos.htx\fotos lune et agathe\100NIKON\DSCN4234.JPG
[14:42:56] - [2] MIRKO.POZEN: Fichier Upload: D:\kerberos.htx\fotos lune et agathe\100NIKON\DSCN4233.JPG (755,63 K/S -  6 190 098 bytes)
[14:42:56] - [2] MIRKO.POZEN: Début d'Upload de D:\kerberos.htx\fotos lune et agathe\100NIKON\DSCN4235.JPG
[14:43:00] - [3] MIRKO.POZEN: Fichier Upload: D:\kerberos.htx\fotos lune et agathe\100NIKON\DSCN4234.JPG (852,81 K/S -  6 112 926 bytes)
[14:43:00] - [3] MIRKO.POZEN: Début d'Upload de D:\kerberos.htx\fotos lune et agathe\100NIKON\DSCN4236.JPG
[14:43:03] - [2] MIRKO.POZEN: Fichier Upload: D:\kerberos.htx\fotos lune et agathe\100NIKON\DSCN4235.JPG (835,59 K/S -  5 989 479 bytes)
[14:43:03] - [2] MIRKO.POZEN: Début d'Upload de D:\kerberos.htx\fotos lune et agathe\100NIKON\DSCN4237.JPG
[14:43:07] - [3] MIRKO.POZEN: Fichier Upload: D:\kerberos.htx\fotos lune et agathe\100NIKON\DSCN4236.JPG (752,37 K/S -  6 163 395 bytes)
[14:43:08] - [3] MIRKO.POZEN: Début d'Upload de D:\kerberos.htx\fotos lune et agathe\100NIKON\DSCN4238.JPG
[14:43:14] - [3] MIRKO.POZEN: Fichier Upload: D:\kerberos.htx\fotos lune et agathe\100NIKON\DSCN4238.JPG (984,64 K/S -  6 049 643 bytes)
[14:43:14] - [3] MIRKO.POZEN: Début d'Upload de D:\kerberos.htx\fotos lune et agathe\100NIKON\DSCN4239.JPG
[14:43:14] - [2] MIRKO.POZEN: Fichier Upload: D:\kerberos.htx\fotos lune et agathe\100NIKON\DSCN4237.JPG (680,71 K/S -  6 970 507 bytes)
[14:43:14] - [2] MIRKO.POZEN: Début d'Upload de D:\kerberos.htx\fotos lune et agathe\100NIKON\DSCN4240.JPG
[14:43:20] - [3] MIRKO.POZEN: Fichier Upload: D:\kerberos.htx\fotos lune et agathe\100NIKON\DSCN4239.JPG (1 002,90 K/S -  6 161 758 bytes)
[14:43:20] - [3] MIRKO.POZEN: Début d'Upload de D:\kerberos.htx\fotos lune et agathe\100NIKON\DSCN4241.JPG
[14:43:23] - [2] MIRKO.POZEN: Fichier Upload: D:\kerberos.htx\fotos lune et agathe\100NIKON\DSCN4240.JPG (761,04 K/S -  6 234 464 bytes)
[14:43:23] - [2] MIRKO.POZEN: Début d'Upload de D:\kerberos.htx\fotos lune et agathe\100NIKON\DSCN4242.JPG
[14:43:29] - [2] MIRKO.POZEN: Fichier Upload: D:\kerberos.htx\fotos lune et agathe\100NIKON\DSCN4242.JPG (1 010,70 K/S -  6 209 633 bytes)
[14:43:29] - [2] MIRKO.POZEN: Début d'Upload de D:\kerberos.htx\fotos lune et agathe\100NIKON\DSCN4243.JPG
[14:43:30] - [3] MIRKO.POZEN: Fichier Upload: D:\kerberos.htx\fotos lune et agathe\100NIKON\DSCN4241.JPG (609,67 K/S -  6 242 999 bytes)
[14:43:30] - [3] MIRKO.POZEN: Début d'Upload de D:\kerberos.htx\fotos lune et agathe\100NIKON\DSCN4244.JPG
[14:43:35] - [2] MIRKO.POZEN: Fichier Upload: D:\kerberos.htx\fotos lune et agathe\100NIKON\DSCN4243.JPG (874,11 K/S -  6 265 622 bytes)
[14:43:36] - [2] MIRKO.POZEN: Début d'Upload de D:\kerberos.htx\fotos lune et agathe\100NIKON\DSCN4245.JPG
[14:43:38] - [3] MIRKO.POZEN: Fichier Upload: D:\kerberos.htx\fotos lune et agathe\100NIKON\DSCN4244.JPG (791,49 K/S -  6 483 872 bytes)
[14:43:38] - [3] MIRKO.POZEN: Début d'Upload de D:\kerberos.htx\fotos lune et agathe\100NIKON\DSCN4246.JPG
[14:43:44] - [2] MIRKO.POZEN: Fichier Upload: D:\kerberos.htx\fotos lune et agathe\100NIKON\DSCN4245.JPG (825,41 K/S -  6 761 737 bytes)
[14:43:44] - [2] MIRKO.POZEN: Début d'Upload de D:\kerberos.htx\fotos lune et agathe\100NIKON\DSCN4247.JPG
[14:43:46] - [3] MIRKO.POZEN: Fichier Upload: D:\kerberos.htx\fotos lune et agathe\100NIKON\DSCN4246.JPG (920,09 K/S -  6 595 170 bytes)
[14:43:46] - [3] MIRKO.POZEN: Début d'Upload de D:\kerberos.htx\fotos lune et agathe\100NIKON\DSCN4248.JPG
[14:43:52] - [2] MIRKO.POZEN: Fichier Upload: D:\kerberos.htx\fotos lune et agathe\100NIKON\DSCN4247.JPG (913,04 K/S -  6 544 688 bytes)
[14:43:52] - [2] MIRKO.POZEN: Début d'Upload de D:\kerberos.htx\fotos lune et agathe\100NIKON\DSCN4249.JPG
[14:43:56] - [3] MIRKO.POZEN: Fichier Upload: D:\kerberos.htx\fotos lune et agathe\100NIKON\DSCN4248.JPG (756,35 K/S -  6 970 513 bytes)
[14:43:56] - [3] MIRKO.POZEN: Début d'Upload de D:\kerberos.htx\fotos lune et agathe\100NIKON\DSCN4250.JPG
[14:44:01] - [2] MIRKO.POZEN: Fichier Upload: D:\kerberos.htx\fotos lune et agathe\100NIKON\DSCN4249.JPG (745,86 K/S -  6 873 831 bytes)
[14:44:01] - [2] MIRKO.POZEN: Début d'Upload de D:\kerberos.htx\fotos lune et agathe\100NIKON\DSCN4251.JPG
[14:44:05] - [3] MIRKO.POZEN: Fichier Upload: D:\kerberos.htx\fotos lune et agathe\100NIKON\DSCN4250.JPG (767,84 K/S -  7 076 416 bytes)
[14:44:05] - [3] MIRKO.POZEN: Début d'Upload de D:\kerberos.htx\fotos lune et agathe\100NIKON\DSCN4252.JPG
[14:44:09] - [2] MIRKO.POZEN: Fichier Upload: D:\kerberos.htx\fotos lune et agathe\100NIKON\DSCN4251.JPG (773,90 K/S -  7 132 271 bytes)
[14:44:10] - [2] MIRKO.POZEN: Début d'Upload de D:\kerberos.htx\fotos lune et agathe\100NIKON\DSCN4253.JPG
[14:44:16] - [3] MIRKO.POZEN: Fichier Upload: D:\kerberos.htx\fotos lune et agathe\100NIKON\DSCN4252.JPG (687,21 K/S -  7 036 992 bytes)
[14:44:18] - [3] MIRKO.POZEN: Début d'Upload de D:\kerberos.htx\fotos lune et agathe\100NIKON\DSCN4254.JPG
[14:44:20] - [2] MIRKO.POZEN: Fichier Upload: D:\kerberos.htx\fotos lune et agathe\100NIKON\DSCN4253.JPG (675,58 K/S -  6 917 969 bytes)
[14:44:20] - [2] MIRKO.POZEN: Début d'Upload de D:\kerberos.htx\fotos lune et agathe\100NIKON\DSCN4255.JPG
[14:44:26] - [3] MIRKO.POZEN: Fichier Upload: D:\kerberos.htx\fotos lune et agathe\100NIKON\DSCN4254.JPG (723,15 K/S -  6 664 547 bytes)
[14:44:27] - [3] MIRKO.POZEN: Début d'Upload de D:\kerberos.htx\fotos lune et agathe\100NIKON\DSCN4256.JPG
[14:44:29] - [2] MIRKO.POZEN: Fichier Upload: D:\kerberos.htx\fotos lune et agathe\100NIKON\DSCN4255.JPG (727,24 K/S -  6 702 241 bytes)
[14:44:29] - [2] MIRKO.POZEN: Début d'Upload de D:\kerberos.htx\fotos lune et agathe\100NIKON\DSCN4257.JPG
[14:44:34] - [3] MIRKO.POZEN: Fichier Upload: D:\kerberos.htx\fotos lune et agathe\100NIKON\DSCN4256.JPG (925,33 K/S -  6 632 791 bytes)
[14:44:34] - [3] MIRKO.POZEN: Début d'Upload de D:\kerberos.htx\fotos lune et agathe\100NIKON\DSCN4258.JPG
[14:44:37] - [2] MIRKO.POZEN: Fichier Upload: D:\kerberos.htx\fotos lune et agathe\100NIKON\DSCN4257.JPG (788,64 K/S -  6 460 536 bytes)
[14:44:37] - [2] MIRKO.POZEN: Début d'Upload de D:\kerberos.htx\fotos lune et agathe\100NIKON\DSCN4259.JPG
[14:44:41] - [3] MIRKO.POZEN: Fichier Upload: D:\kerberos.htx\fotos lune et agathe\100NIKON\DSCN4258.JPG (891,73 K/S -  6 391 946 bytes)
[14:44:41] - [3] MIRKO.POZEN: Début d'Upload de D:\kerberos.htx\fotos lune et agathe\100NIKON\DSCN4260.JPG
[14:44:45] - [2] MIRKO.POZEN: Fichier Upload: D:\kerberos.htx\fotos lune et agathe\100NIKON\DSCN4259.JPG (785,73 K/S -  6 436 694 bytes)
[14:44:45] - [2] MIRKO.POZEN: Répertoire en Cours: D:\kerberos.htx\fotos lune et agathe\101NIKON\
[14:44:45] - [2] MIRKO.POZEN: Début d'Upload de D:\kerberos.htx\fotos lune et agathe\101NIKON\DSCN4261.JPG
[14:44:49] - [3] MIRKO.POZEN: Fichier Upload: D:\kerberos.htx\fotos lune et agathe\100NIKON\DSCN4260.JPG (905,29 K/S -  6 489 106 bytes)
[14:44:49] - [3] MIRKO.POZEN: Répertoire en Cours: D:\kerberos.htx\fotos lune et agathe\101NIKON\
[14:44:49] - [3] MIRKO.POZEN: Début d'Upload de D:\kerberos.htx\fotos lune et agathe\101NIKON\DSCN4262.JPG
[14:44:53] - [2] MIRKO.POZEN: Fichier Upload: D:\kerberos.htx\fotos lune et agathe\101NIKON\DSCN4261.JPG (966,93 K/S -  6 930 966 bytes)
[14:44:53] - [2] MIRKO.POZEN: Début d'Upload de D:\kerberos.htx\fotos lune et agathe\101NIKON\DSCN4263.JPG
[14:44:58] - [3] MIRKO.POZEN: Fichier Upload: D:\kerberos.htx\fotos lune et agathe\101NIKON\DSCN4262.JPG (669,67 K/S -  6 171 636 bytes)
[14:44:59] - [3] MIRKO.POZEN: Début d'Upload de D:\kerberos.htx\fotos lune et agathe\101NIKON\DSCN4264.JPG
[14:45:01] - [2] MIRKO.POZEN: Fichier Upload: D:\kerberos.htx\fotos lune et agathe\101NIKON\DSCN4263.JPG (888,81 K/S -  6 371 004 bytes)
[14:45:01] - [2] MIRKO.POZEN: Début d'Upload de D:\kerberos.htx\fotos lune et agathe\101NIKON\DSCN4265.JPG
[14:45:07] - [3] MIRKO.POZEN: Fichier Upload: D:\kerberos.htx\fotos lune et agathe\101NIKON\DSCN4264.JPG (925,53 K/S -  6 634 233 bytes)
[14:45:07] - [3] MIRKO.POZEN: Début d'Upload de D:\kerberos.htx\fotos lune et agathe\101NIKON\DSCN4266.JPG
[14:45:11] - [2] MIRKO.POZEN: Fichier Upload: D:\kerberos.htx\fotos lune et agathe\101NIKON\DSCN4265.JPG (724,62 K/S -  6 678 133 bytes)
[14:45:14] - [2] MIRKO.POZEN: Début d'Upload de D:\kerberos.htx\fotos lune et agathe\101NIKON\DSCN4267.JPG
[14:45:15] - [3] MIRKO.POZEN: Fichier Upload: D:\kerberos.htx\fotos lune et agathe\101NIKON\DSCN4266.JPG (834,80 K/S -  6 838 692 bytes)
[14:45:19] - [3] MIRKO.POZEN: Début d'Upload de D:\kerberos.htx\fotos lune et agathe\101NIKON\DSCN4268.JPG
[14:45:21] - [2] MIRKO.POZEN: Fichier Upload: D:\kerberos.htx\fotos lune et agathe\101NIKON\DSCN4267.JPG (826,18 K/S -  6 768 051 bytes)
[14:45:22] - [2] MIRKO.POZEN: Début d'Upload de D:\kerberos.htx\fotos lune et agathe\101NIKON\DSCN4269.JPG
[14:45:30] - [3] MIRKO.POZEN: Fichier Upload: D:\kerberos.htx\fotos lune et agathe\101NIKON\DSCN4268.JPG (611,85 K/S -  6 891 884 bytes)
[14:45:31] - [3] MIRKO.POZEN: Début d'Upload de D:\kerberos.htx\fotos lune et agathe\101NIKON\DSCN4270.JPG
[14:45:33] - [2] MIRKO.POZEN: Fichier Upload: D:\kerberos.htx\fotos lune et agathe\101NIKON\DSCN4269.JPG (619,54 K/S -  6 978 515 bytes)
[14:45:34] - [2] MIRKO.POZEN: Début d'Upload de D:\kerberos.htx\fotos lune et agathe\101NIKON\DSCN4271.JPG
[14:45:41] - [3] MIRKO.POZEN: Fichier Upload: D:\kerberos.htx\fotos lune et agathe\101NIKON\DSCN4270.JPG (752,88 K/S -  6 938 522 bytes)
[14:45:42] - [3] MIRKO.POZEN: Début d'Upload de D:\kerberos.htx\fotos lune et agathe\101NIKON\DSCN4272.JPG
[14:45:44] - [2] MIRKO.POZEN: Fichier Upload: D:\kerberos.htx\fotos lune et agathe\101NIKON\DSCN4271.JPG (724,12 K/S -  7 415 021 bytes)
[14:45:44] - [2] MIRKO.POZEN: Début d'Upload de D:\kerberos.htx\fotos lune et agathe\101NIKON\DSCN4273.JPG
[14:45:51] - [3] MIRKO.POZEN: Fichier Upload: D:\kerberos.htx\fotos lune et agathe\101NIKON\DSCN4272.JPG (744,85 K/S -  6 864 546 bytes)
[14:45:51] - [3] MIRKO.POZEN: Début d'Upload de D:\kerberos.htx\fotos lune et agathe\101NIKON\DSCN4274.JPG
[14:45:52] - [2] MIRKO.POZEN: Fichier Upload: D:\kerberos.htx\fotos lune et agathe\101NIKON\DSCN4273.JPG (733,67 K/S -  6 010 231 bytes)
[14:45:53] - [2] MIRKO.POZEN: Début d'Upload de D:\kerberos.htx\fotos lune et agathe\101NIKON\DSCN4275.JPG
[14:46:01] - [3] MIRKO.POZEN: Fichier Upload: D:\kerberos.htx\fotos lune et agathe\101NIKON\DSCN4274.JPG (703,52 K/S -  7 204 082 bytes)
[14:46:01] - [3] MIRKO.POZEN: Début d'Upload de D:\kerberos.htx\fotos lune et agathe\101NIKON\DSCN4276.JPG
[14:46:01] - [2] MIRKO.POZEN: Fichier Upload: D:\kerberos.htx\fotos lune et agathe\101NIKON\DSCN4275.JPG (754,89 K/S -  6 957 066 bytes)
[14:46:02] - [2] MIRKO.POZEN: Début d'Upload de D:\kerberos.htx\fotos lune et agathe\101NIKON\DSCN4277.JPG
[14:46:10] - [3] MIRKO.POZEN: Fichier Upload: D:\kerberos.htx\fotos lune et agathe\101NIKON\DSCN4276.JPG (748,00 K/S -  6 893 579 bytes)
[14:46:10] - [3] MIRKO.POZEN: Début d'Upload de D:\kerberos.htx\fotos lune et agathe\101NIKON\DSCN4278.JPG
[14:46:10] - [2] MIRKO.POZEN: Fichier Upload: D:\kerberos.htx\fotos lune et agathe\101NIKON\DSCN4277.JPG (867,60 K/S -  7 107 417 bytes)
[14:46:10] - [2] MIRKO.POZEN: Début d'Upload de D:\kerberos.htx\fotos lune et agathe\101NIKON\DSCN4279.JPG
[14:46:16] - [3] MIRKO.POZEN: Fichier Upload: D:\kerberos.htx\fotos lune et agathe\101NIKON\DSCN4278.JPG (954,88 K/S -  5 866 777 bytes)
[14:46:16] - [3] MIRKO.POZEN: Début d'Upload de D:\kerberos.htx\fotos lune et agathe\101NIKON\DSCN4280.JPG
[14:46:19] - [2] MIRKO.POZEN: Fichier Upload: D:\kerberos.htx\fotos lune et agathe\101NIKON\DSCN4279.JPG (764,27 K/S -  7 043 535 bytes)
[14:46:20] - [2] MIRKO.POZEN: Début d'Upload de D:\kerberos.htx\fotos lune et agathe\101NIKON\DSCN4281.JPG
[14:46:27] - [2] MIRKO.POZEN: Fichier Upload: D:\kerberos.htx\fotos lune et agathe\101NIKON\DSCN4281.JPG (950,73 K/S -  6 814 858 bytes)
[14:46:27] - [3] MIRKO.POZEN: Fichier Upload: D:\kerberos.htx\fotos lune et agathe\101NIKON\DSCN4280.JPG (649,82 K/S -  7 319 579 bytes)
[14:46:27] - [2] MIRKO.POZEN: Début d'Upload de D:\kerberos.htx\fotos lune et agathe\101NIKON\DSCN4282.JPG
[14:46:27] - [3] MIRKO.POZEN: Début d'Upload de D:\kerberos.htx\fotos lune et agathe\101NIKON\DSCN4283.JPG
[14:46:36] - [2] MIRKO.POZEN: Fichier Upload: D:\kerberos.htx\fotos lune et agathe\101NIKON\DSCN4282.JPG (803,85 K/S -  6 585 099 bytes)
[14:46:36] - [3] MIRKO.POZEN: Fichier Upload: D:\kerberos.htx\fotos lune et agathe\101NIKON\DSCN4283.JPG (713,47 K/S -  6 575 338 bytes)
[14:46:36] - [2] MIRKO.POZEN: Début d'Upload de D:\kerberos.htx\fotos lune et agathe\101NIKON\DSCN4284.JPG
[14:46:37] - [3] MIRKO.POZEN: Début d'Upload de D:\kerberos.htx\fotos lune et agathe\101NIKON\DSCN4285.JPG
[14:46:44] - [2] MIRKO.POZEN: Fichier Upload: D:\kerberos.htx\fotos lune et agathe\101NIKON\DSCN4284.JPG (819,47 K/S -  6 713 099 bytes)
[14:46:45] - [2] MIRKO.POZEN: Début d'Upload de D:\kerberos.htx\fotos lune et agathe\101NIKON\DSCN4286.JPG
[14:46:45] - [3] MIRKO.POZEN: Fichier Upload: D:\kerberos.htx\fotos lune et agathe\101NIKON\DSCN4285.JPG (746,20 K/S -  6 112 871 bytes)
[14:46:45] - [3] MIRKO.POZEN: Début d'Upload de D:\kerberos.htx\fotos lune et agathe\101NIKON\DSCN4287.JPG
[14:46:53] - [2] MIRKO.POZEN: Fichier Upload: D:\kerberos.htx\fotos lune et agathe\101NIKON\DSCN4286.JPG (792,08 K/S -  6 488 743 bytes)
[14:46:53] - [2] MIRKO.POZEN: Début d'Upload de D:\kerberos.htx\fotos lune et agathe\101NIKON\DSCN4288.JPG
[14:46:53] - [3] MIRKO.POZEN: Fichier Upload: D:\kerberos.htx\fotos lune et agathe\101NIKON\DSCN4287.JPG (726,15 K/S -  5 948 620 bytes)
[14:46:53] - [3] MIRKO.POZEN: Début d'Upload de D:\kerberos.htx\fotos lune et agathe\101NIKON\DSCN4289.JPG
[14:46:59] - [2] MIRKO.POZEN: Fichier Upload: D:\kerberos.htx\fotos lune et agathe\101NIKON\DSCN4288.JPG (990,49 K/S -  7 099 808 bytes)
[14:47:00] - [2] MIRKO.POZEN: Début d'Upload de D:\kerberos.htx\fotos lune et agathe\101NIKON\DSCN4290.JPG
[14:47:03] - [3] MIRKO.POZEN: Fichier Upload: D:\kerberos.htx\fotos lune et agathe\101NIKON\DSCN4289.JPG (677,02 K/S -  6 932 730 bytes)
[14:47:03] - [3] MIRKO.POZEN: Début d'Upload de D:\kerberos.htx\fotos lune et agathe\101NIKON\DSCN4291.JPG
[14:47:09] - [2] MIRKO.POZEN: Fichier Upload: D:\kerberos.htx\fotos lune et agathe\101NIKON\DSCN4290.JPG (748,17 K/S -  6 895 149 bytes)
[14:47:09] - [2] MIRKO.POZEN: Début d'Upload de D:\kerberos.htx\fotos lune et agathe\101NIKON\DSCN4292.JPG
[14:47:11] - [3] MIRKO.POZEN: Fichier Upload: D:\kerberos.htx\fotos lune et agathe\101NIKON\DSCN4291.JPG (858,40 K/S -  7 031 976 bytes)
[14:47:11] - [3] MIRKO.POZEN: Début d'Upload de D:\kerberos.htx\fotos lune et agathe\101NIKON\DSCN4293.JPG
[14:47:16] - [2] MIRKO.POZEN: Fichier Upload: D:\kerberos.htx\fotos lune et agathe\101NIKON\DSCN4292.JPG (869,52 K/S -  7 123 143 bytes)
[14:47:17] - [2] MIRKO.POZEN: Début d'Upload de D:\kerberos.htx\fotos lune et agathe\101NIKON\DSCN4294.JPG
[14:47:19] - [3] MIRKO.POZEN: Fichier Upload: D:\kerberos.htx\fotos lune et agathe\101NIKON\DSCN4293.JPG (849,35 K/S -  6 088 164 bytes)
[14:47:19] - [3] MIRKO.POZEN: Début d'Upload de D:\kerberos.htx\fotos lune et agathe\101NIKON\DSCN4295.JPG
[14:47:24] - [2] MIRKO.POZEN: Fichier Upload: D:\kerberos.htx\fotos lune et agathe\101NIKON\DSCN4294.JPG (831,66 K/S -  5 961 324 bytes)
[14:47:24] - [2] MIRKO.POZEN: Début d'Upload de D:\kerberos.htx\fotos lune et agathe\101NIKON\DSCN4296.JPG
[14:47:26] - [3] MIRKO.POZEN: Fichier Upload: D:\kerberos.htx\fotos lune et agathe\101NIKON\DSCN4295.JPG (949,19 K/S -  5 831 840 bytes)
[14:47:26] - [3] MIRKO.POZEN: Début d'Upload de D:\kerberos.htx\fotos lune et agathe\101NIKON\DSCN4297.JPG
[14:47:31] - [2] MIRKO.POZEN: Fichier Upload: D:\kerberos.htx\fotos lune et agathe\101NIKON\DSCN4296.JPG (848,91 K/S -  6 084 999 bytes)
[14:47:31] - [2] MIRKO.POZEN: Début d'Upload de D:\kerberos.htx\fotos lune et agathe\101NIKON\DSCN4298.JPG
[14:47:34] - [3] MIRKO.POZEN: Fichier Upload: D:\kerberos.htx\fotos lune et agathe\101NIKON\DSCN4297.JPG (712,67 K/S -  6 567 961 bytes)
[14:47:35] - [3] MIRKO.POZEN: Début d'Upload de D:\kerberos.htx\fotos lune et agathe\101NIKON\DSCN4299.JPG
[14:47:37] - [2] MIRKO.POZEN: Fichier Upload: D:\kerberos.htx\fotos lune et agathe\101NIKON\DSCN4298.JPG (733,50 K/S -  5 257 759 bytes)
[14:47:38] - [2] MIRKO.POZEN: Début d'Upload de D:\kerberos.htx\fotos lune et agathe\101NIKON\DSCN4300.JPG
[14:47:41] - [3] MIRKO.POZEN: Fichier Upload: D:\kerberos.htx\fotos lune et agathe\101NIKON\DSCN4299.JPG (929,30 K/S -  5 709 632 bytes)
[14:47:41] - [3] MIRKO.POZEN: Début d'Upload de D:\kerberos.htx\fotos lune et agathe\101NIKON\DSCN4301.JPG
[14:47:44] - [2] MIRKO.POZEN: Fichier Upload: D:\kerberos.htx\fotos lune et agathe\101NIKON\DSCN4300.JPG (822,71 K/S -  5 897 197 bytes)
[14:47:45] - [2] MIRKO.POZEN: Début d'Upload de D:\kerberos.htx\fotos lune et agathe\101NIKON\DSCN4302.JPG
[14:47:48] - [3] MIRKO.POZEN: Fichier Upload: D:\kerberos.htx\fotos lune et agathe\101NIKON\DSCN4301.JPG (904,19 K/S -  5 555 354 bytes)
[14:47:48] - [3] MIRKO.POZEN: Début d'Upload de D:\kerberos.htx\fotos lune et agathe\101NIKON\DSCN4303.JPG
[14:47:51] - [2] MIRKO.POZEN: Fichier Upload: D:\kerberos.htx\fotos lune et agathe\101NIKON\DSCN4302.JPG (798,00 K/S -  5 720 069 bytes)
[14:47:52] - [2] MIRKO.POZEN: Début d'Upload de D:\kerberos.htx\fotos lune et agathe\101NIKON\DSCN4304.JPG
[14:47:55] - [3] MIRKO.POZEN: Fichier Upload: D:\kerberos.htx\fotos lune et agathe\101NIKON\DSCN4303.JPG (714,79 K/S -  5 855 539 bytes)
[14:47:56] - [3] MIRKO.POZEN: Début d'Upload de D:\kerberos.htx\fotos lune et agathe\101NIKON\DSCN4305.JPG
[14:47:58] - [2] MIRKO.POZEN: Fichier Upload: D:\kerberos.htx\fotos lune et agathe\101NIKON\DSCN4304.JPG (774,46 K/S -  5 551 297 bytes)
[14:47:59] - [2] MIRKO.POZEN: Début d'Upload de D:\kerberos.htx\fotos lune et agathe\101NIKON\DSCN4306.JPG
[14:48:02] - [3] MIRKO.POZEN: Fichier Upload: D:\kerberos.htx\fotos lune et agathe\101NIKON\DSCN4305.JPG (787,23 K/S -  5 642 893 bytes)
[14:48:03] - [3] MIRKO.POZEN: Début d'Upload de D:\kerberos.htx\fotos lune et agathe\101NIKON\DSCN4307.JPG
[14:48:06] - [2] MIRKO.POZEN: Fichier Upload: D:\kerberos.htx\fotos lune et agathe\101NIKON\DSCN4306.JPG (784,55 K/S -  5 623 658 bytes)
[14:48:06] - [2] MIRKO.POZEN: Début d'Upload de D:\kerberos.htx\fotos lune et agathe\101NIKON\DSCN4308.JPG
[14:48:09] - [3] MIRKO.POZEN: Fichier Upload: D:\kerberos.htx\fotos lune et agathe\101NIKON\DSCN4307.JPG (791,99 K/S -  5 676 984 bytes)
[14:48:10] - [3] MIRKO.POZEN: Début d'Upload de D:\kerberos.htx\fotos lune et agathe\101NIKON\DSCN4309.JPG
[14:48:13] - [2] MIRKO.POZEN: Fichier Upload: D:\kerberos.htx\fotos lune et agathe\101NIKON\DSCN4308.JPG (800,94 K/S -  5 741 159 bytes)
[14:48:13] - [2] MIRKO.POZEN: Début d'Upload de D:\kerberos.htx\fotos lune et agathe\101NIKON\DSCN4310.JPG
[14:48:16] - [3] MIRKO.POZEN: Fichier Upload: D:\kerberos.htx\fotos lune et agathe\101NIKON\DSCN4309.JPG (771,90 K/S -  5 532 979 bytes)
[14:48:17] - [3] MIRKO.POZEN: Début d'Upload de D:\kerberos.htx\fotos lune et agathe\101NIKON\DSCN4311.JPG
[14:48:20] - [2] MIRKO.POZEN: Fichier Upload: D:\kerberos.htx\fotos lune et agathe\101NIKON\DSCN4310.JPG (801,51 K/S -  5 745 240 bytes)
[14:48:20] - [2] MIRKO.POZEN: Début d'Upload de D:\kerberos.htx\fotos lune et agathe\101NIKON\DSCN4312.JPG
[14:48:24] - [3] MIRKO.POZEN: Fichier Upload: D:\kerberos.htx\fotos lune et agathe\101NIKON\DSCN4311.JPG (805,38 K/S -  5 772 935 bytes)
[14:48:24] - [3] MIRKO.POZEN: Début d'Upload de D:\kerberos.htx\fotos lune et agathe\101NIKON\DSCN4313.JPG
[14:48:27] - [2] MIRKO.POZEN: Fichier Upload: D:\kerberos.htx\fotos lune et agathe\101NIKON\DSCN4312.JPG (811,95 K/S -  5 820 044 bytes)
[14:48:27] - [2] MIRKO.POZEN: Début d'Upload de D:\kerberos.htx\fotos lune et agathe\101NIKON\DSCN4314.JPG
[14:48:32] - [3] MIRKO.POZEN: Fichier Upload: D:\kerberos.htx\fotos lune et agathe\101NIKON\DSCN4313.JPG (707,29 K/S -  5 794 090 bytes)
[14:48:32] - [3] MIRKO.POZEN: Début d'Upload de D:\kerberos.htx\fotos lune et agathe\101NIKON\DSCN4315.JPG
[14:48:34] - [2] MIRKO.POZEN: Fichier Upload: D:\kerberos.htx\fotos lune et agathe\101NIKON\DSCN4314.JPG (937,04 K/S -  5 757 144 bytes)
[14:48:34] - [2] MIRKO.POZEN: Début d'Upload de D:\kerberos.htx\fotos lune et agathe\101NIKON\DSCN4316.JPG
[14:48:38] - [3] MIRKO.POZEN: Fichier Upload: D:\kerberos.htx\fotos lune et agathe\101NIKON\DSCN4315.JPG (796,74 K/S -  5 711 026 bytes)
[14:48:39] - [3] MIRKO.POZEN: Début d'Upload de D:\kerberos.htx\fotos lune et agathe\101NIKON\DSCN4317.JPG
[14:48:41] - [2] MIRKO.POZEN: Fichier Upload: D:\kerberos.htx\fotos lune et agathe\101NIKON\DSCN4316.JPG (787,15 K/S -  5 642 303 bytes)
[14:48:41] - [2] MIRKO.POZEN: Début d'Upload de D:\kerberos.htx\fotos lune et agathe\101NIKON\DSCN4318.JPG
[14:48:46] - [3] MIRKO.POZEN: Fichier Upload: D:\kerberos.htx\fotos lune et agathe\101NIKON\DSCN4317.JPG (693,90 K/S -  5 684 434 bytes)
[14:48:47] - [3] MIRKO.POZEN: Début d'Upload de D:\kerberos.htx\fotos lune et agathe\101NIKON\DSCN4319.JPG
[14:48:48] - [2] MIRKO.POZEN: Fichier Upload: D:\kerberos.htx\fotos lune et agathe\101NIKON\DSCN4318.JPG (949,45 K/S -  5 833 420 bytes)
[14:48:48] - [2] MIRKO.POZEN: Début d'Upload de D:\kerberos.htx\fotos lune et agathe\101NIKON\DSCN4320.JPG
[14:48:53] - [3] MIRKO.POZEN: Fichier Upload: D:\kerberos.htx\fotos lune et agathe\101NIKON\DSCN4319.JPG (927,71 K/S -  5 699 833 bytes)
[14:48:53] - [3] MIRKO.POZEN: Début d'Upload de D:\kerberos.htx\fotos lune et agathe\101NIKON\DSCN4321.JPG
[14:48:56] - [2] MIRKO.POZEN: Fichier Upload: D:\kerberos.htx\fotos lune et agathe\101NIKON\DSCN4320.JPG (847,15 K/S -  6 072 398 bytes)
[14:48:56] - [2] MIRKO.POZEN: Début d'Upload de D:\kerberos.htx\fotos lune et agathe\101NIKON\DSCN4322.JPG
[14:49:00] - [3] MIRKO.POZEN: Fichier Upload: D:\kerberos.htx\fotos lune et agathe\101NIKON\DSCN4321.JPG (838,88 K/S -  6 013 096 bytes)
[14:49:00] - [3] MIRKO.POZEN: Début d'Upload de D:\kerberos.htx\fotos lune et agathe\101NIKON\DSCN4323.JPG
[14:49:04] - [2] MIRKO.POZEN: Fichier Upload: D:\kerberos.htx\fotos lune et agathe\101NIKON\DSCN4322.JPG (680,59 K/S -  5 575 412 bytes)
[14:49:04] - [2] MIRKO.POZEN: Début d'Upload de D:\kerberos.htx\fotos lune et agathe\101NIKON\DSCN4324.JPG
[14:49:06] - [3] MIRKO.POZEN: Fichier Upload: D:\kerberos.htx\fotos lune et agathe\101NIKON\DSCN4323.JPG (768,00 K/S -  5 505 022 bytes)
[14:49:07] - [3] MIRKO.POZEN: Début d'Upload de D:\kerberos.htx\fotos lune et agathe\101NIKON\DSCN4325.JPG
[14:49:10] - [2] MIRKO.POZEN: Fichier Upload: D:\kerberos.htx\fotos lune et agathe\101NIKON\DSCN4324.JPG (816,85 K/S -  5 855 149 bytes)
[14:49:11] - [2] MIRKO.POZEN: Début d'Upload de D:\kerberos.htx\fotos lune et agathe\101NIKON\DSCN4326.JPG
[14:49:14] - [3] MIRKO.POZEN: Fichier Upload: D:\kerberos.htx\fotos lune et agathe\101NIKON\DSCN4325.JPG (802,01 K/S -  5 748 774 bytes)
[14:49:14] - [3] MIRKO.POZEN: Début d'Upload de D:\kerberos.htx\fotos lune et agathe\101NIKON\DSCN4334.JPG
[14:49:18] - [2] MIRKO.POZEN: Fichier Upload: D:\kerberos.htx\fotos lune et agathe\101NIKON\DSCN4326.JPG (799,83 K/S -  5 733 155 bytes)
[14:49:18] - [2] MIRKO.POZEN: Début d'Upload de D:\kerberos.htx\fotos lune et agathe\101NIKON\DSCN4335.JPG
[14:49:23] - [3] MIRKO.POZEN: Fichier Upload: D:\kerberos.htx\fotos lune et agathe\101NIKON\DSCN4334.JPG (856,99 K/S -  7 898 022 bytes)
[14:49:23] - [3] MIRKO.POZEN: Début d'Upload de D:\kerberos.htx\fotos lune et agathe\101NIKON\DSCN4336.JPG
[14:49:26] - [2] MIRKO.POZEN: Fichier Upload: D:\kerberos.htx\fotos lune et agathe\101NIKON\DSCN4335.JPG (791,21 K/S -  6 481 564 bytes)
[14:49:27] - [2] MIRKO.POZEN: Début d'Upload de D:\kerberos.htx\fotos lune et agathe\101NIKON\DSCN4346.JPG
[14:49:33] - [3] MIRKO.POZEN: Fichier Upload: D:\kerberos.htx\fotos lune et agathe\101NIKON\DSCN4336.JPG (744,79 K/S -  7 626 600 bytes)
[14:49:33] - [3] MIRKO.POZEN: Début d'Upload de D:\kerberos.htx\fotos lune et agathe\101NIKON\DSCN4347.JPG
[14:49:34] - [2] MIRKO.POZEN: Fichier Upload: D:\kerberos.htx\fotos lune et agathe\101NIKON\DSCN4346.JPG (903,67 K/S -  6 477 528 bytes)
[14:49:34] - [2] MIRKO.POZEN: Début d'Upload de D:\kerberos.htx\fotos lune et agathe\101NIKON\DSCN4348.JPG
[14:49:40] - [3] MIRKO.POZEN: Fichier Upload: D:\kerberos.htx\fotos lune et agathe\101NIKON\DSCN4347.JPG (900,88 K/S -  6 457 489 bytes)
[14:49:40] - [3] MIRKO.POZEN: Début d'Upload de D:\kerberos.htx\fotos lune et agathe\101NIKON\DSCN4349.JPG
[14:49:43] - [2] MIRKO.POZEN: Fichier Upload: D:\kerberos.htx\fotos lune et agathe\101NIKON\DSCN4348.JPG (738,47 K/S -  6 049 534 bytes)
[14:49:43] - [2] MIRKO.POZEN: Début d'Upload de D:\kerberos.htx\fotos lune et agathe\101NIKON\DSCN4350.JPG
[14:49:48] - [3] MIRKO.POZEN: Fichier Upload: D:\kerberos.htx\fotos lune et agathe\101NIKON\DSCN4349.JPG (899,87 K/S -  7 371 773 bytes)
[14:49:48] - [3] MIRKO.POZEN: Début d'Upload de D:\kerberos.htx\fotos lune et agathe\101NIKON\DSCN4351.JPG
[14:49:51] - [2] MIRKO.POZEN: Fichier Upload: D:\kerberos.htx\fotos lune et agathe\101NIKON\DSCN4350.JPG (727,40 K/S -  6 703 689 bytes)
[14:49:52] - [2] MIRKO.POZEN: Début d'Upload de D:\kerberos.htx\fotos lune et agathe\101NIKON\DSCN4352.JPG
[14:49:55] - [2] MIRKO.POZEN: Fichier Upload: D:\kerberos.htx\fotos lune et agathe\101NIKON\DSCN4352.JPG (552,66 K/S -  2 263 691 bytes)
[14:49:56] - [2] MIRKO.POZEN: Début d'Upload de D:\kerberos.htx\fotos lune et agathe\101NIKON\DSCN4353.JPG
[14:49:56] - [3] MIRKO.POZEN: Fichier Upload: D:\kerberos.htx\fotos lune et agathe\101NIKON\DSCN4351.JPG (946,37 K/S -  6 783 560 bytes)
[14:49:56] - [3] MIRKO.POZEN: Début d'Upload de D:\kerberos.htx\fotos lune et agathe\101NIKON\DSCN4354.JPG
[14:50:02] - [2] MIRKO.POZEN: Fichier Upload: D:\kerberos.htx\fotos lune et agathe\101NIKON\DSCN4353.JPG (1 054,10 K/S -  6 476 378 bytes)
[14:50:02] - [3] MIRKO.POZEN: Fichier Upload: D:\kerberos.htx\fotos lune et agathe\101NIKON\DSCN4354.JPG (698,40 K/S -  3 575 785 bytes)
[14:50:02] - [2] MIRKO.POZEN: Début d'Upload de D:\kerberos.htx\fotos lune et agathe\101NIKON\DSCN4355.JPG
[14:50:02] - [3] MIRKO.POZEN: Début d'Upload de D:\kerberos.htx\fotos lune et agathe\101NIKON\DSCN4356.JPG
[14:50:05] - [2] MIRKO.POZEN: Fichier Upload: D:\kerberos.htx\fotos lune et agathe\101NIKON\DSCN4355.JPG (1 042,40 K/S -  3 202 185 bytes)
[14:50:05] - [2] MIRKO.POZEN: Début d'Upload de D:\kerberos.htx\fotos lune et agathe\101NIKON\DSCN4357.JPG
[14:50:09] - [2] MIRKO.POZEN: Fichier Upload: D:\kerberos.htx\fotos lune et agathe\101NIKON\DSCN4357.JPG (581,55 K/S -  2 382 016 bytes)
[14:50:09] - [2] MIRKO.POZEN: Début d'Upload de D:\kerberos.htx\fotos lune et agathe\101NIKON\DSCN4358.JPG
[14:50:10] - [3] MIRKO.POZEN: Fichier Upload: D:\kerberos.htx\fotos lune et agathe\101NIKON\DSCN4356.JPG (953,05 K/S -  6 831 489 bytes)
[14:50:10] - [3] MIRKO.POZEN: Début d'Upload de D:\kerberos.htx\fotos lune et agathe\101NIKON\DSCN4359.JPG
[14:50:12] - [2] MIRKO.POZEN: Fichier Upload: D:\kerberos.htx\fotos lune et agathe\101NIKON\DSCN4358.JPG (1 201,90 K/S -  2 461 450 bytes)
[14:50:12] - [2] MIRKO.POZEN: Début d'Upload de D:\kerberos.htx\fotos lune et agathe\101NIKON\DSCN4360.JPG
[14:50:13] - [3] MIRKO.POZEN: Fichier Upload: D:\kerberos.htx\fotos lune et agathe\101NIKON\DSCN4359.JPG (609,78 K/S -  2 497 663 bytes)
[14:50:15] - [2] MIRKO.POZEN: Fichier Upload: D:\kerberos.htx\fotos lune et agathe\101NIKON\DSCN4360.JPG (834,90 K/S -  2 564 826 bytes)
[14:50:45] - [3] Client 192.168.0.1 Déconnecté (00:17:03 Min)
[14:50:46] - [2] Client 192.168.0.1 Déconnecté (00:17:04 Min)
[15:22:27] - [1] Client 192.168.0.1 Déconnecté (00:49:02 Min)
[20:09:04] - [4] Connecté à 107.170.212.114. Collecte du Nom d'utilisateur.
[20:09:14] - [4] Client 107.170.212.114 Déconnecté (00:00:09 Min)
[20:36:27] - [5] Connecté à 196.52.43.114. Collecte du Nom d'utilisateur.
[20:36:58] - [5] Client 196.52.43.114 Déconnecté (00:00:30 Min)
[20:40:08] - [6] Connecté à 196.52.43.104. Collecte du Nom d'utilisateur.
[20:40:18] - [6] Client 196.52.43.104 Déconnecté (00:00:09 Min)
[21:54:56] - [7] Connecté à 51.38.12.23. Collecte du Nom d'utilisateur.
[21:54:56] - [7] Client 51.38.12.23 Déconnecté (00:00:00 Min)
[21:56:59] - [8] Connecté à 104.223.123.98. Collecte du Nom d'utilisateur.
[21:57:00] - [8] Usager ANONYMOUS Connecté IP: 104.223.123.98
[21:57:00] - [8] Mot de Passe Incorrect: Utilisateur ANONYMOUS IP: 104.223.123.98
[21:57:01] - [8] Client 104.223.123.98 Déconnecté (00:00:01 Min)
