[11:45:31] - Serveur Démarré
[11:45:31] - FTP Port: 21
[11:48:04] - [1] Connecté à 192.168.0.1. Collecte du Nom d'utilisateur.
[11:48:05] - [1] Usager MIRKO.POZEN Connecté IP: 192.168.0.1
[11:48:05] - [1] MIRKO.POZEN: Répertoire en Cours: D:\kerberos.htx\
[11:48:06] - [1] MIRKO.POZEN: Répertoire en Cours: D:\kerberos.htx\
[11:58:53] - [1] Client 192.168.0.1 Déconnecté (00:10:48 Min)
[12:09:15] - [2] Connecté à 192.168.0.1. Collecte du Nom d'utilisateur.
[12:09:15] - [2] Usager MIRKO.POZEN Connecté IP: 192.168.0.1
[12:09:15] - [2] MIRKO.POZEN: Répertoire en Cours: D:\kerberos.htx\
[12:09:15] - [2] MIRKO.POZEN: Répertoire en Cours: D:\kerberos.htx\
[12:09:29] - [2] Client 192.168.0.1 Déconnecté (00:00:13 Min)
[12:09:39] - [3] Connecté à 192.168.0.1. Collecte du Nom d'utilisateur.
[12:09:39] - [3] Usager MIRKO.POZEN Connecté IP: 192.168.0.1
[12:09:39] - [3] MIRKO.POZEN: Répertoire en Cours: D:\kerberos.htx\
[12:09:39] - [3] MIRKO.POZEN: Répertoire en Cours: D:\kerberos.htx\
[12:10:22] - [3] MIRKO.POZEN: Répertoire en Cours: D:\kerberos.htx\exe\
[12:10:35] - [3] MIRKO.POZEN: Répertoire en Cours: D:\kerberos.htx\exe\aida32\
[12:10:36] - [4] Connecté à 192.168.0.1. Collecte du Nom d'utilisateur.
[12:10:36] - [5] Connecté à 192.168.0.1. Collecte du Nom d'utilisateur.
[12:10:36] - [5] Usager MIRKO.POZEN Connecté IP: 192.168.0.1
[12:10:36] - [5] MIRKO.POZEN: Répertoire en Cours: D:\kerberos.htx\
[12:10:36] - [4] Usager MIRKO.POZEN Connecté IP: 192.168.0.1
[12:10:36] - [4] MIRKO.POZEN: Répertoire en Cours: D:\kerberos.htx\
[12:10:36] - [5] MIRKO.POZEN: Répertoire en Cours: D:\kerberos.htx\exe\aida32\
[12:10:36] - [4] MIRKO.POZEN: Répertoire en Cours: D:\kerberos.htx\exe\aida32\
[12:10:36] - [4] MIRKO.POZEN: Début du Téléchargement de: D:\kerberos.htx\exe\aida32\aida-32_3-94-2_fr_11155.zip
[12:10:36] - [5] MIRKO.POZEN: Début du Téléchargement de: D:\kerberos.htx\exe\aida32\aida32.bin
[12:10:52] - [5] MIRKO.POZEN: Fichier envoyé: D:\kerberos.htx\exe\aida32\aida32.bin (65,94 K/S -  1 080 320 bytes)
[12:10:52] - [5] MIRKO.POZEN: Début du Téléchargement de: D:\kerberos.htx\exe\aida32\aida32.dat
[12:10:53] - [5] MIRKO.POZEN: Fichier envoyé: D:\kerberos.htx\exe\aida32\aida32.dat (429,09 K/S -   439 388 bytes)
[12:10:53] - [5] MIRKO.POZEN: Début du Téléchargement de: D:\kerberos.htx\exe\aida32\aida32.exe
[12:10:53] - [5] MIRKO.POZEN: Fichier envoyé: D:\kerberos.htx\exe\aida32\aida32.exe (14,50 K/S -   14 848 bytes)
[12:10:53] - [5] MIRKO.POZEN: Début du Téléchargement de: D:\kerberos.htx\exe\aida32\aida32.mem
[12:10:53] - [5] MIRKO.POZEN: Fichier envoyé: D:\kerberos.htx\exe\aida32\aida32.mem (2,44 K/S -   2 501 bytes)
[12:10:53] - [5] MIRKO.POZEN: Début du Téléchargement de: D:\kerberos.htx\exe\aida32\aida32.sa6
[12:10:53] - [5] MIRKO.POZEN: Fichier envoyé: D:\kerberos.htx\exe\aida32\aida32.sa6 (6,00 K/S -   6 144 bytes)
[12:10:54] - [5] MIRKO.POZEN: Début du Téléchargement de: D:\kerberos.htx\exe\aida32\aida32.si6
[12:10:54] - [5] MIRKO.POZEN: Fichier envoyé: D:\kerberos.htx\exe\aida32\aida32.si6 (9,00 K/S -   9 216 bytes)
[12:10:54] - [5] MIRKO.POZEN: Début du Téléchargement de: D:\kerberos.htx\exe\aida32\aida32.sys
[12:10:54] - [5] MIRKO.POZEN: Fichier envoyé: D:\kerberos.htx\exe\aida32\aida32.sys (3,50 K/S -   3 584 bytes)
[12:10:54] - [5] MIRKO.POZEN: Début du Téléchargement de: D:\kerberos.htx\exe\aida32\aida32.vxd
[12:10:54] - [5] MIRKO.POZEN: Fichier envoyé: D:\kerberos.htx\exe\aida32\aida32.vxd (7,06 K/S -   7 228 bytes)
[12:10:54] - [5] MIRKO.POZEN: Début du Téléchargement de: D:\kerberos.htx\exe\aida32\aida32.web
[12:10:54] - [5] MIRKO.POZEN: Fichier envoyé: D:\kerberos.htx\exe\aida32\aida32.web (5,84 K/S -   5 976 bytes)
[12:10:55] - [5] MIRKO.POZEN: Début du Téléchargement de: D:\kerberos.htx\exe\aida32\aidaplugin_diskbench.dll
[12:10:55] - [5] MIRKO.POZEN: Fichier envoyé: D:\kerberos.htx\exe\aida32\aidaplugin_diskbench.dll (200,50 K/S -   205 312 bytes)
[12:10:56] - [5] MIRKO.POZEN: Début du Téléchargement de: D:\kerberos.htx\exe\aida32\aidaplugin_monitordiag.dll
[12:10:56] - [5] MIRKO.POZEN: Fichier envoyé: D:\kerberos.htx\exe\aida32\aidaplugin_monitordiag.dll (182,00 K/S -   186 368 bytes)
[12:10:57] - [5] MIRKO.POZEN: Début du Téléchargement de: D:\kerberos.htx\exe\aida32\aidaplugin_netbench.dll
[12:10:58] - [5] MIRKO.POZEN: Fichier envoyé: D:\kerberos.htx\exe\aida32\aidaplugin_netbench.dll (253,00 K/S -   259 072 bytes)
[12:10:58] - [5] MIRKO.POZEN: Début du Téléchargement de: D:\kerberos.htx\exe\aida32\aida_directx.dll
[12:10:58] - [5] MIRKO.POZEN: Fichier envoyé: D:\kerberos.htx\exe\aida32\aida_directx.dll (45,50 K/S -   46 592 bytes)
[12:10:58] - [4] MIRKO.POZEN: Fichier envoyé: D:\kerberos.htx\exe\aida32\aida-32_3-94-2_fr_11155.zip (144,56 K/S -  3 256 656 bytes)
[12:10:58] - [5] MIRKO.POZEN: Début du Téléchargement de: D:\kerberos.htx\exe\aida32\aida_icons.dll
[12:10:58] - [4] MIRKO.POZEN: Début du Téléchargement de: D:\kerberos.htx\exe\aida32\aida_xpicons.dll
[12:10:58] - [5] MIRKO.POZEN: Fichier envoyé: D:\kerberos.htx\exe\aida32\aida_icons.dll (95,00 K/S -   97 280 bytes)
[12:10:59] - [5] MIRKO.POZEN: Début du Téléchargement de: D:\kerberos.htx\exe\aida32\al.lng
[12:10:59] - [4] MIRKO.POZEN: Fichier envoyé: D:\kerberos.htx\exe\aida32\aida_xpicons.dll (139,00 K/S -   142 336 bytes)
[12:10:59] - [5] MIRKO.POZEN: Fichier envoyé: D:\kerberos.htx\exe\aida32\al.lng (75,28 K/S -   77 088 bytes)
[12:10:59] - [5] MIRKO.POZEN: Début du Téléchargement de: D:\kerberos.htx\exe\aida32\ca.lng
[12:10:59] - [4] MIRKO.POZEN: Début du Téléchargement de: D:\kerberos.htx\exe\aida32\bg.lng
[12:10:59] - [5] MIRKO.POZEN: Fichier envoyé: D:\kerberos.htx\exe\aida32\ca.lng (78,61 K/S -   80 501 bytes)
[12:10:59] - [4] MIRKO.POZEN: Fichier envoyé: D:\kerberos.htx\exe\aida32\bg.lng (74,07 K/S -   75 848 bytes)
[12:10:59] - [5] MIRKO.POZEN: Début du Téléchargement de: D:\kerberos.htx\exe\aida32\cn.lng
[12:10:59] - [4] MIRKO.POZEN: Début du Téléchargement de: D:\kerberos.htx\exe\aida32\cz.lng
[12:10:59] - [5] MIRKO.POZEN: Fichier envoyé: D:\kerberos.htx\exe\aida32\cn.lng (63,95 K/S -   65 483 bytes)
[12:10:59] - [5] MIRKO.POZEN: Début du Téléchargement de: D:\kerberos.htx\exe\aida32\DB - Access.mdb
[12:11:00] - [4] MIRKO.POZEN: Fichier envoyé: D:\kerberos.htx\exe\aida32\cz.lng (71,27 K/S -   72 978 bytes)
[12:11:00] - [4] MIRKO.POZEN: Début du Téléchargement de: D:\kerberos.htx\exe\aida32\DB - Access97.mdb
[12:11:00] - [4] MIRKO.POZEN: Fichier envoyé: D:\kerberos.htx\exe\aida32\DB - Access97.mdb (90,00 K/S -   92 160 bytes)
[12:11:00] - [4] MIRKO.POZEN: Début du Téléchargement de: D:\kerberos.htx\exe\aida32\DB - MySQL.sql
[12:11:00] - [5] MIRKO.POZEN: Fichier envoyé: D:\kerberos.htx\exe\aida32\DB - Access.mdb (164,00 K/S -   167 936 bytes)
[12:11:00] - [4] MIRKO.POZEN: Fichier envoyé: D:\kerberos.htx\exe\aida32\DB - MySQL.sql (0,83 K/S -    853 bytes)
[12:11:00] - [5] MIRKO.POZEN: Début du Téléchargement de: D:\kerberos.htx\exe\aida32\DB - Oracle.sql
[12:11:00] - [5] MIRKO.POZEN: Fichier envoyé: D:\kerberos.htx\exe\aida32\DB - Oracle.sql (0,98 K/S -   1 001 bytes)
[12:11:00] - [4] MIRKO.POZEN: Début du Téléchargement de: D:\kerberos.htx\exe\aida32\DB - SQL Server.sql
[12:11:00] - [4] MIRKO.POZEN: Fichier envoyé: D:\kerberos.htx\exe\aida32\DB - SQL Server.sql (1,25 K/S -   1 275 bytes)
[12:11:00] - [5] MIRKO.POZEN: Début du Téléchargement de: D:\kerberos.htx\exe\aida32\de.lng
[12:11:00] - [5] MIRKO.POZEN: Fichier envoyé: D:\kerberos.htx\exe\aida32\de.lng (73,16 K/S -   74 914 bytes)
[12:11:00] - [4] MIRKO.POZEN: Début du Téléchargement de: D:\kerberos.htx\exe\aida32\dk.lng
[12:11:00] - [5] MIRKO.POZEN: Début du Téléchargement de: D:\kerberos.htx\exe\aida32\es.lng
[12:11:01] - [4] MIRKO.POZEN: Fichier envoyé: D:\kerberos.htx\exe\aida32\dk.lng (70,05 K/S -   71 732 bytes)
[12:11:01] - [5] MIRKO.POZEN: Fichier envoyé: D:\kerberos.htx\exe\aida32\es.lng (78,84 K/S -   80 733 bytes)
[12:11:01] - [4] MIRKO.POZEN: Début du Téléchargement de: D:\kerberos.htx\exe\aida32\fi.lng
[12:11:01] - [5] MIRKO.POZEN: Début du Téléchargement de: D:\kerberos.htx\exe\aida32\fr.lng
[12:11:01] - [4] MIRKO.POZEN: Fichier envoyé: D:\kerberos.htx\exe\aida32\fi.lng (67,71 K/S -   69 338 bytes)
[12:11:01] - [4] MIRKO.POZEN: Début du Téléchargement de: D:\kerberos.htx\exe\aida32\gl.lng
[12:11:01] - [5] MIRKO.POZEN: Fichier envoyé: D:\kerberos.htx\exe\aida32\fr.lng (77,81 K/S -   79 678 bytes)
[12:11:01] - [5] MIRKO.POZEN: Début du Téléchargement de: D:\kerberos.htx\exe\aida32\gr.lng
[12:11:01] - [4] MIRKO.POZEN: Fichier envoyé: D:\kerberos.htx\exe\aida32\gl.lng (77,11 K/S -   78 956 bytes)
[12:11:01] - [5] MIRKO.POZEN: Fichier envoyé: D:\kerberos.htx\exe\aida32\gr.lng (75,86 K/S -   77 678 bytes)
[12:11:01] - [4] MIRKO.POZEN: Début du Téléchargement de: D:\kerberos.htx\exe\aida32\hr.lng
[12:11:02] - [5] MIRKO.POZEN: Début du Téléchargement de: D:\kerberos.htx\exe\aida32\hu.lng
[12:11:02] - [4] MIRKO.POZEN: Fichier envoyé: D:\kerberos.htx\exe\aida32\hr.lng (73,75 K/S -   75 515 bytes)
[12:11:02] - [5] MIRKO.POZEN: Fichier envoyé: D:\kerberos.htx\exe\aida32\hu.lng (72,12 K/S -   73 853 bytes)
[12:11:02] - [4] MIRKO.POZEN: Début du Téléchargement de: D:\kerberos.htx\exe\aida32\it.lng
[12:11:02] - [5] MIRKO.POZEN: Début du Téléchargement de: D:\kerberos.htx\exe\aida32\jp.lng
[12:11:02] - [4] MIRKO.POZEN: Fichier envoyé: D:\kerberos.htx\exe\aida32\it.lng (76,48 K/S -   78 315 bytes)
[12:11:02] - [5] MIRKO.POZEN: Fichier envoyé: D:\kerberos.htx\exe\aida32\jp.lng (69,83 K/S -   71 501 bytes)
[12:11:02] - [4] MIRKO.POZEN: Début du Téléchargement de: D:\kerberos.htx\exe\aida32\kr.lng
[12:11:02] - [5] MIRKO.POZEN: Début du Téléchargement de: D:\kerberos.htx\exe\aida32\lt.lng
[12:11:03] - [4] MIRKO.POZEN: Fichier envoyé: D:\kerberos.htx\exe\aida32\kr.lng (62,83 K/S -   64 343 bytes)
[12:11:03] - [4] MIRKO.POZEN: Début du Téléchargement de: D:\kerberos.htx\exe\aida32\lv.lng
[12:11:03] - [5] MIRKO.POZEN: Fichier envoyé: D:\kerberos.htx\exe\aida32\lt.lng (75,44 K/S -   77 253 bytes)
[12:11:03] - [5] MIRKO.POZEN: Début du Téléchargement de: D:\kerberos.htx\exe\aida32\mk.lng
[12:11:03] - [4] MIRKO.POZEN: Fichier envoyé: D:\kerberos.htx\exe\aida32\lv.lng (72,05 K/S -   73 779 bytes)
[12:11:03] - [4] MIRKO.POZEN: Début du Téléchargement de: D:\kerberos.htx\exe\aida32\nl.lng
[12:11:03] - [5] MIRKO.POZEN: Fichier envoyé: D:\kerberos.htx\exe\aida32\mk.lng (77,10 K/S -   78 946 bytes)
[12:11:03] - [5] MIRKO.POZEN: Début du Téléchargement de: D:\kerberos.htx\exe\aida32\no.lng
[12:11:03] - [4] MIRKO.POZEN: Fichier envoyé: D:\kerberos.htx\exe\aida32\nl.lng (72,19 K/S -   73 926 bytes)
[12:11:03] - [4] MIRKO.POZEN: Début du Téléchargement de: D:\kerberos.htx\exe\aida32\pl.lng
[12:11:03] - [5] MIRKO.POZEN: Fichier envoyé: D:\kerberos.htx\exe\aida32\no.lng (70,05 K/S -   71 733 bytes)
[12:11:03] - [5] MIRKO.POZEN: Début du Téléchargement de: D:\kerberos.htx\exe\aida32\pt.lng
[12:11:04] - [4] MIRKO.POZEN: Fichier envoyé: D:\kerberos.htx\exe\aida32\pl.lng (77,32 K/S -   79 179 bytes)
[12:11:04] - [4] MIRKO.POZEN: Début du Téléchargement de: D:\kerberos.htx\exe\aida32\ro.lng
[12:11:04] - [5] MIRKO.POZEN: Fichier envoyé: D:\kerberos.htx\exe\aida32\pt.lng (76,79 K/S -   78 637 bytes)
[12:11:04] - [5] MIRKO.POZEN: Début du Téléchargement de: D:\kerberos.htx\exe\aida32\ru.lng
[12:11:04] - [4] MIRKO.POZEN: Fichier envoyé: D:\kerberos.htx\exe\aida32\ro.lng (74,46 K/S -   76 242 bytes)
[12:11:04] - [4] MIRKO.POZEN: Début du Téléchargement de: D:\kerberos.htx\exe\aida32\se.lng
[12:11:04] - [5] MIRKO.POZEN: Fichier envoyé: D:\kerberos.htx\exe\aida32\ru.lng (72,42 K/S -   74 159 bytes)
[12:11:04] - [5] MIRKO.POZEN: Début du Téléchargement de: D:\kerberos.htx\exe\aida32\si.lng
[12:11:04] - [4] MIRKO.POZEN: Fichier envoyé: D:\kerberos.htx\exe\aida32\se.lng (71,47 K/S -   73 185 bytes)
[12:11:04] - [4] MIRKO.POZEN: Début du Téléchargement de: D:\kerberos.htx\exe\aida32\sk.lng
[12:11:04] - [5] MIRKO.POZEN: Fichier envoyé: D:\kerberos.htx\exe\aida32\si.lng (71,12 K/S -   72 827 bytes)
[12:11:04] - [5] MIRKO.POZEN: Début du Téléchargement de: D:\kerberos.htx\exe\aida32\sr.lng
[12:11:05] - [4] MIRKO.POZEN: Fichier envoyé: D:\kerberos.htx\exe\aida32\sk.lng (71,81 K/S -   73 534 bytes)
[12:11:05] - [4] MIRKO.POZEN: Début du Téléchargement de: D:\kerberos.htx\exe\aida32\tr.lng
[12:11:05] - [5] MIRKO.POZEN: Fichier envoyé: D:\kerberos.htx\exe\aida32\sr.lng (72,18 K/S -   73 908 bytes)
[12:11:05] - [5] MIRKO.POZEN: Début du Téléchargement de: D:\kerberos.htx\exe\aida32\tw.lng
[12:11:05] - [4] MIRKO.POZEN: Fichier envoyé: D:\kerberos.htx\exe\aida32\tr.lng (70,43 K/S -   72 116 bytes)
[12:11:05] - [5] MIRKO.POZEN: Fichier envoyé: D:\kerberos.htx\exe\aida32\tw.lng (58,35 K/S -   59 753 bytes)
[12:11:05] - [4] MIRKO.POZEN: Début du Téléchargement de: D:\kerberos.htx\exe\aida32\ua.lng
[12:11:05] - [4] MIRKO.POZEN: Fichier envoyé: D:\kerberos.htx\exe\aida32\ua.lng (71,79 K/S -   73 513 bytes)
[12:11:36] - [5] Client 192.168.0.1 Déconnecté (00:01:00 Min)
[12:11:36] - [4] Client 192.168.0.1 Déconnecté (00:01:00 Min)
[15:47:14] - [0] Connexion Time-Out Pour:  MIRKO.POZEN
[15:47:14] - [3] Client 192.168.0.1 Déconnecté (03:37:35 Min)
[18:57:01] - [6] Connecté à 196.52.43.86. Collecte du Nom d'utilisateur.
[18:57:31] - [6] Client 196.52.43.86 Déconnecté (00:00:30 Min)
[18:58:50] - [7] Connecté à 196.52.43.66. Collecte du Nom d'utilisateur.
[18:59:00] - [7] Client 196.52.43.66 Déconnecté (00:00:09 Min)
[22:17:57] - [8] Connecté à 107.170.227.133. Collecte du Nom d'utilisateur.
[22:17:57] - [8] Client 107.170.227.133 Déconnecté (00:00:00 Min)
