[00:04:17] - Serveur Démarré
[00:04:17] - FTP Port: 21
[00:10:16] - [1] Connecté à 90.100.68.138. Collecte du Nom d'utilisateur.
[00:10:17] - [1] Usager VICTOR.POZEN Connecté IP: 90.100.68.138
[00:10:17] - [1] VICTOR.POZEN: Répertoire en Cours: D:\kerberos.htx\
[00:10:17] - [1] VICTOR.POZEN: Répertoire en Cours: D:\kerberos.htx\
[00:28:12] - [1] VICTOR.POZEN: Répertoire en Cours: D:\kerberos.htx\rar\
[00:28:37] - [1] VICTOR.POZEN: Répertoire en Cours: D:\kerberos.htx\rar\hack progz\
[00:28:50] - [1] VICTOR.POZEN: Répertoire en Cours: D:\kerberos.htx\exe\
[00:28:55] - [1] VICTOR.POZEN: Répertoire en Cours: D:\kerberos.htx\exe\getrt520\
[00:30:27] - [1] VICTOR.POZEN: Répertoire en Cours: D:\kerberos.htx\exe\getrt520\Traductions\
[00:30:28] - [1] VICTOR.POZEN: Répertoire en Cours: D:\kerberos.htx\exe\getrt520\Traductions\Turkish\
[00:30:28] - [1] VICTOR.POZEN: Répertoire en Cours: D:\kerberos.htx\exe\getrt520\Traductions\Spanish\
[00:30:28] - [1] VICTOR.POZEN: Répertoire en Cours: D:\kerberos.htx\exe\getrt520\Traductions\Slovak\
[00:30:29] - [1] VICTOR.POZEN: Répertoire en Cours: D:\kerberos.htx\exe\getrt520\Traductions\Italian\
[00:30:29] - [1] VICTOR.POZEN: Répertoire en Cours: D:\kerberos.htx\exe\getrt520\Traductions\Hungarian\
[00:30:30] - [1] VICTOR.POZEN: Répertoire en Cours: D:\kerberos.htx\exe\getrt520\Traductions\German\
[00:30:30] - [1] VICTOR.POZEN: Répertoire en Cours: D:\kerberos.htx\exe\getrt520\Traductions\French\
[00:30:30] - [1] VICTOR.POZEN: Répertoire en Cours: D:\kerberos.htx\exe\getrt520\Traductions\Danish\
[00:30:31] - [1] VICTOR.POZEN: Répertoire en Cours: D:\kerberos.htx\exe\getrt520\Traductions\Czech\
[00:30:31] - [1] VICTOR.POZEN: Répertoire en Cours: D:\kerberos.htx\exe\getrt520\Traductions\Catalan\
[00:30:32] - [2] Connecté à 90.100.68.138. Collecte du Nom d'utilisateur.
[00:30:32] - [3] Connecté à 90.100.68.138. Collecte du Nom d'utilisateur.
[00:30:32] - [2] Usager VICTOR.POZEN Connecté IP: 90.100.68.138
[00:30:32] - [2] VICTOR.POZEN: Répertoire en Cours: D:\kerberos.htx\
[00:30:32] - [3] Usager VICTOR.POZEN Connecté IP: 90.100.68.138
[00:30:32] - [3] VICTOR.POZEN: Répertoire en Cours: D:\kerberos.htx\
[00:30:32] - [2] VICTOR.POZEN: Début du Téléchargement de: D:\kerberos.htx\exe\getrt520\Serial.txt
[00:30:32] - [3] VICTOR.POZEN: Début du Téléchargement de: D:\kerberos.htx\exe\getrt520\getrt520.exe
[00:30:38] - [2] VICTOR.POZEN: Fichier envoyé: D:\kerberos.htx\exe\getrt520\Serial.txt (0,00 K/S -    30 bytes)
[00:30:39] - [2] VICTOR.POZEN: Début du Téléchargement de: D:\kerberos.htx\exe\getrt520\Traductions\Turkish\gr_turkish.dll
[00:30:45] - [2] VICTOR.POZEN: Fichier envoyé: D:\kerberos.htx\exe\getrt520\Traductions\Turkish\gr_turkish.dll (53,67 K/S -   329 728 bytes)
[00:30:45] - [2] VICTOR.POZEN: Début du Téléchargement de: D:\kerberos.htx\exe\getrt520\Traductions\Turkish\Kaldìr.reg
[00:30:45] - [2] VICTOR.POZEN: Fichier envoyé: D:\kerberos.htx\exe\getrt520\Traductions\Turkish\Kaldìr.reg (0,13 K/S -    137 bytes)
[00:30:46] - [2] VICTOR.POZEN: Début du Téléchargement de: D:\kerberos.htx\exe\getrt520\Traductions\Turkish\Yükle.reg
[00:30:46] - [2] VICTOR.POZEN: Fichier envoyé: D:\kerberos.htx\exe\getrt520\Traductions\Turkish\Yükle.reg (0,15 K/S -    151 bytes)
[00:30:46] - [2] VICTOR.POZEN: Début du Téléchargement de: D:\kerberos.htx\exe\getrt520\Traductions\Spanish\Getright 52_Es.exe
[00:30:58] - [2] VICTOR.POZEN: Fichier envoyé: D:\kerberos.htx\exe\getrt520\Traductions\Spanish\Getright 52_Es.exe (33,85 K/S -   415 907 bytes)
[00:30:59] - [2] VICTOR.POZEN: Début du Téléchargement de: D:\kerberos.htx\exe\getrt520\Traductions\Spanish\Pasos a seguir.txt
[00:30:59] - [2] VICTOR.POZEN: Fichier envoyé: D:\kerberos.htx\exe\getrt520\Traductions\Spanish\Pasos a seguir.txt (0,92 K/S -    944 bytes)
[00:30:59] - [2] VICTOR.POZEN: Début du Téléchargement de: D:\kerberos.htx\exe\getrt520\Traductions\Slovak\instal_sk.exe
[00:31:08] - [2] VICTOR.POZEN: Fichier envoyé: D:\kerberos.htx\exe\getrt520\Traductions\Slovak\instal_sk.exe (45,49 K/S -   419 210 bytes)
[00:31:08] - [2] VICTOR.POZEN: Début du Téléchargement de: D:\kerberos.htx\exe\getrt520\Traductions\Italian\Disinstalla.reg
[00:31:08] - [2] VICTOR.POZEN: Fichier envoyé: D:\kerberos.htx\exe\getrt520\Traductions\Italian\Disinstalla.reg (0,13 K/S -    137 bytes)
[00:31:09] - [2] VICTOR.POZEN: Début du Téléchargement de: D:\kerberos.htx\exe\getrt520\Traductions\Italian\Gr52_Italiano.dll
[00:31:29] - [2] VICTOR.POZEN: Fichier envoyé: D:\kerberos.htx\exe\getrt520\Traductions\Italian\Gr52_Italiano.dll (51,40 K/S -  1 052 672 bytes)
[00:31:30] - [2] VICTOR.POZEN: Début du Téléchargement de: D:\kerberos.htx\exe\getrt520\Traductions\Italian\GRFolder.ini
[00:31:30] - [2] VICTOR.POZEN: Fichier envoyé: D:\kerberos.htx\exe\getrt520\Traductions\Italian\GRFolder.ini (0,49 K/S -    500 bytes)
[00:31:30] - [2] VICTOR.POZEN: Début du Téléchargement de: D:\kerberos.htx\exe\getrt520\Traductions\Italian\Installa.reg
[00:31:30] - [2] VICTOR.POZEN: Fichier envoyé: D:\kerberos.htx\exe\getrt520\Traductions\Italian\Installa.reg (0,15 K/S -    154 bytes)
[00:31:30] - [2] VICTOR.POZEN: Début du Téléchargement de: D:\kerberos.htx\exe\getrt520\Traductions\Italian\Leggimi.txt
[00:31:31] - [2] VICTOR.POZEN: Fichier envoyé: D:\kerberos.htx\exe\getrt520\Traductions\Italian\Leggimi.txt (1,87 K/S -   1 911 bytes)
[00:31:31] - [2] VICTOR.POZEN: Début du Téléchargement de: D:\kerberos.htx\exe\getrt520\Traductions\Hungarian\gr_hun520.dll
[00:31:39] - [3] VICTOR.POZEN: Fichier envoyé: D:\kerberos.htx\exe\getrt520\getrt520.exe (46,39 K/S -  3 182 658 bytes)
[00:31:40] - [3] VICTOR.POZEN: Début du Téléchargement de: D:\kerberos.htx\exe\getrt520\Traductions\Hungarian\install.reg
[00:31:40] - [3] VICTOR.POZEN: Fichier envoyé: D:\kerberos.htx\exe\getrt520\Traductions\Hungarian\install.reg (0,15 K/S -    150 bytes)
[00:31:40] - [3] VICTOR.POZEN: Début du Téléchargement de: D:\kerberos.htx\exe\getrt520\Traductions\Hungarian\Olvassel.txt
[00:31:40] - [3] VICTOR.POZEN: Fichier envoyé: D:\kerberos.htx\exe\getrt520\Traductions\Hungarian\Olvassel.txt (2,64 K/S -   2 705 bytes)
[00:31:40] - [3] VICTOR.POZEN: Début du Téléchargement de: D:\kerberos.htx\exe\getrt520\Traductions\Hungarian\uninstall.reg
[00:31:40] - [3] VICTOR.POZEN: Fichier envoyé: D:\kerberos.htx\exe\getrt520\Traductions\Hungarian\uninstall.reg (0,13 K/S -    137 bytes)
[00:31:41] - [3] VICTOR.POZEN: Début du Téléchargement de: D:\kerberos.htx\exe\getrt520\Traductions\German\gr_ger520.exe
[00:31:49] - [3] VICTOR.POZEN: Fichier envoyé: D:\kerberos.htx\exe\getrt520\Traductions\German\gr_ger520.exe (45,91 K/S -   376 072 bytes)
[00:31:49] - [2] VICTOR.POZEN: Fichier envoyé: D:\kerberos.htx\exe\getrt520\Traductions\Hungarian\gr_hun520.dll (51,34 K/S -   998 912 bytes)
[00:31:50] - [3] VICTOR.POZEN: Début du Téléchargement de: D:\kerberos.htx\exe\getrt520\Traductions\French\gr_5_fr.exe
[00:31:50] - [2] VICTOR.POZEN: Début du Téléchargement de: D:\kerberos.htx\exe\getrt520\Traductions\Danish\GRFolder.ini
[00:31:50] - [2] VICTOR.POZEN: Fichier envoyé: D:\kerberos.htx\exe\getrt520\Traductions\Danish\GRFolder.ini (0,48 K/S -    491 bytes)
[00:31:50] - [2] VICTOR.POZEN: Début du Téléchargement de: D:\kerberos.htx\exe\getrt520\Traductions\Danish\gr_danish.dll
[00:31:57] - [3] VICTOR.POZEN: Fichier envoyé: D:\kerberos.htx\exe\getrt520\Traductions\French\gr_5_fr.exe (57,84 K/S -   414 594 bytes)
[00:31:58] - [3] VICTOR.POZEN: Début du Téléchargement de: D:\kerberos.htx\exe\getrt520\Traductions\Danish\install.reg
[00:31:58] - [3] VICTOR.POZEN: Fichier envoyé: D:\kerberos.htx\exe\getrt520\Traductions\Danish\install.reg (0,15 K/S -    150 bytes)
[00:31:58] - [3] VICTOR.POZEN: Début du Téléchargement de: D:\kerberos.htx\exe\getrt520\Traductions\Danish\Læs-mig-først.txt
[00:31:58] - [3] VICTOR.POZEN: Fichier envoyé: D:\kerberos.htx\exe\getrt520\Traductions\Danish\Læs-mig-først.txt (0,69 K/S -    711 bytes)
[00:31:59] - [3] VICTOR.POZEN: Début du Téléchargement de: D:\kerberos.htx\exe\getrt520\Traductions\Danish\uninstall.reg
[00:31:59] - [3] VICTOR.POZEN: Fichier envoyé: D:\kerberos.htx\exe\getrt520\Traductions\Danish\uninstall.reg (0,13 K/S -    137 bytes)
[00:31:59] - [3] VICTOR.POZEN: Début du Téléchargement de: D:\kerberos.htx\exe\getrt520\Traductions\Czech\Ctimne.txt
[00:31:59] - [3] VICTOR.POZEN: Fichier envoyé: D:\kerberos.htx\exe\getrt520\Traductions\Czech\Ctimne.txt (1,21 K/S -   1 235 bytes)
[00:32:00] - [3] VICTOR.POZEN: Début du Téléchargement de: D:\kerberos.htx\exe\getrt520\Traductions\Czech\instal_cz.exe
[00:32:08] - [2] VICTOR.POZEN: Fichier envoyé: D:\kerberos.htx\exe\getrt520\Traductions\Danish\gr_danish.dll (58,35 K/S -  1 015 808 bytes)
[00:32:08] - [3] VICTOR.POZEN: Fichier envoyé: D:\kerberos.htx\exe\getrt520\Traductions\Czech\instal_cz.exe (45,43 K/S -   418 675 bytes)
[00:32:09] - [2] VICTOR.POZEN: Début du Téléchargement de: D:\kerberos.htx\exe\getrt520\Traductions\Catalan\gr_catala.dll
[00:32:09] - [3] VICTOR.POZEN: Début du Téléchargement de: D:\kerberos.htx\exe\getrt520\Traductions\Catalan\install.reg
[00:32:09] - [3] VICTOR.POZEN: Fichier envoyé: D:\kerberos.htx\exe\getrt520\Traductions\Catalan\install.reg (0,15 K/S -    150 bytes)
[00:32:09] - [3] VICTOR.POZEN: Début du Téléchargement de: D:\kerberos.htx\exe\getrt520\Traductions\Catalan\Llegeix-me.txt
[00:32:09] - [3] VICTOR.POZEN: Fichier envoyé: D:\kerberos.htx\exe\getrt520\Traductions\Catalan\Llegeix-me.txt (0,98 K/S -   1 000 bytes)
[00:32:10] - [3] VICTOR.POZEN: Début du Téléchargement de: D:\kerberos.htx\exe\getrt520\Traductions\Catalan\uninstall.reg
[00:32:10] - [3] VICTOR.POZEN: Fichier envoyé: D:\kerberos.htx\exe\getrt520\Traductions\Catalan\uninstall.reg (0,13 K/S -    137 bytes)
[00:32:22] - [2] VICTOR.POZEN: Fichier envoyé: D:\kerberos.htx\exe\getrt520\Traductions\Catalan\gr_catala.dll (97,44 K/S -  1 396 829 bytes)
[00:32:41] - [3] Client 90.100.68.138 Déconnecté (00:02:08 Min)
[00:32:54] - [2] Client 90.100.68.138 Déconnecté (00:02:21 Min)
[01:14:13] - [4] Connecté à 118.193.31.179. Collecte du Nom d'utilisateur.
[01:14:13] - [4] Client 118.193.31.179 Déconnecté (00:00:00 Min)
[01:14:14] - [5] Connecté à 118.193.31.179. Collecte du Nom d'utilisateur.
[01:14:17] - [5] Client 118.193.31.179 Déconnecté (00:00:03 Min)
[01:32:22] - [1] Client 90.100.68.138 Déconnecté (01:22:04 Min)
[05:10:27] - [6] Connecté à 184.105.139.67. Collecte du Nom d'utilisateur.
[05:10:27] - [6] Client 184.105.139.67 Déconnecté (00:00:00 Min)
[12:22:47] - [7] Connecté à 47.247.8.141. Collecte du Nom d'utilisateur.
[12:22:51] - [7] Authentification Incorrect: Utilisateur ADMIN IP: 47.247.8.141
[12:22:51] - [7] Client 47.247.8.141 Déconnecté (00:00:03 Min)
[14:41:56] - [8] Connecté à 90.100.68.138. Collecte du Nom d'utilisateur.
[14:41:57] - [8] Usager VICTOR.POZEN Connecté IP: 90.100.68.138
[14:41:57] - [8] VICTOR.POZEN: Répertoire en Cours: D:\kerberos.htx\
[14:41:57] - [8] VICTOR.POZEN: Répertoire en Cours: D:\kerberos.htx\
[14:42:20] - [8] VICTOR.POZEN: Répertoire en Cours: D:\kerberos.htx\TXT\
[14:42:29] - [8] VICTOR.POZEN: Répertoire en Cours: D:\kerberos.htx\bat\
[14:42:33] - [8] VICTOR.POZEN: Répertoire en Cours: D:\kerberos.htx\bat\fichiers bat\
[14:42:55] - [8] Client 90.100.68.138 Déconnecté (00:00:58 Min)
[18:36:48] - [9] Connecté à 164.132.91.3. Collecte du Nom d'utilisateur.
[18:36:52] - [9] Client 164.132.91.3 Déconnecté (00:00:00 Min)
[18:37:59] - [10] Connecté à 164.132.91.3. Collecte du Nom d'utilisateur.
[18:38:06] - [10] Client 164.132.91.3 Déconnecté (00:00:07 Min)
