[13:56:19] - Serveur Démarré
[13:56:19] - FTP Port: 21
[18:59:29] - [1] Connecté à 192.168.0.1. Collecte du Nom d'utilisateur.
[18:59:29] - [1] Usager VICTOR.POZEN Connecté IP: 192.168.0.1
[18:59:29] - [1] VICTOR.POZEN: Répertoire en Cours: D:\kerberos.htx\
[18:59:29] - [1] VICTOR.POZEN: Répertoire en Cours: D:\kerberos.htx\
[18:59:39] - [1] VICTOR.POZEN: Répertoire en Cours: D:\kerberos.htx\rar\
[18:59:52] - [1] VICTOR.POZEN: Répertoire en Cours: D:\kerberos.htx\exe\
[18:59:58] - [1] VICTOR.POZEN: Répertoire en Cours: D:\kerberos.htx\exe\hddentinel\
[19:01:58] - [1] VICTOR.POZEN: Répertoire en Cours: D:\kerberos.htx\rar\hack progz\
[19:02:21] - [1] VICTOR.POZEN: Répertoire en Cours: D:\kerberos.htx\pc mila\
[19:02:46] - [1] VICTOR.POZEN: Répertoire en Cours: D:\kerberos.htx\pc mila\progz\
[19:02:58] - [1] VICTOR.POZEN: Répertoire en Cours: D:\kerberos.htx\pc mila\progz\hddentinel\
[19:03:08] - [2] Connecté à 192.168.0.1. Collecte du Nom d'utilisateur.
[19:03:08] - [2] Usager VICTOR.POZEN Connecté IP: 192.168.0.1
[19:03:08] - [2] VICTOR.POZEN: Répertoire en Cours: D:\kerberos.htx\
[19:03:10] - [2] VICTOR.POZEN: Début du Téléchargement de: D:\kerberos.htx\pc mila\progz\hddentinel\Keygen.exe
[19:03:10] - [2] VICTOR.POZEN: Fichier envoyé: D:\kerberos.htx\pc mila\progz\hddentinel\Keygen.exe (29,00 K/S -   29 696 bytes)
[19:03:17] - [2] Client 192.168.0.1 Déconnecté (00:00:09 Min)
[19:03:17] - [1] Client 192.168.0.1 Déconnecté (00:03:48 Min)
[19:20:48] - [3] Connecté à 192.168.0.1. Collecte du Nom d'utilisateur.
[19:20:48] - [3] Usager VICTOR.POZEN Connecté IP: 192.168.0.1
[19:20:48] - [3] VICTOR.POZEN: Répertoire en Cours: D:\kerberos.htx\
[19:20:48] - [3] VICTOR.POZEN: Répertoire en Cours: D:\kerberos.htx\
[19:20:55] - [3] VICTOR.POZEN: Répertoire en Cours: D:\kerberos.htx\exe\
[19:21:33] - [4] Connecté à 192.168.0.1. Collecte du Nom d'utilisateur.
[19:21:33] - [4] Usager VICTOR.POZEN Connecté IP: 192.168.0.1
[19:21:33] - [4] VICTOR.POZEN: Répertoire en Cours: D:\kerberos.htx\
[19:21:33] - [4] VICTOR.POZEN: Début du Téléchargement de: D:\kerberos.htx\exe\kompozer-0.8b3.fr.win32.exe
[19:21:44] - [4] VICTOR.POZEN: Fichier envoyé: D:\kerberos.htx\exe\kompozer-0.8b3.fr.win32.exe (664,21 K/S -  6 801 477 bytes)
[19:22:15] - [4] Client 192.168.0.1 Déconnecté (00:00:41 Min)
[19:22:40] - [5] Connecté à 192.168.0.1. Collecte du Nom d'utilisateur.
[19:22:40] - [5] Usager VICTOR.POZEN Connecté IP: 192.168.0.1
[19:22:40] - [5] VICTOR.POZEN: Répertoire en Cours: D:\kerberos.htx\
[19:22:40] - [5] VICTOR.POZEN: Début du Téléchargement de: D:\kerberos.htx\exe\MaConfig_7_1_5_0.exe
[19:22:49] - [5] VICTOR.POZEN: Fichier envoyé: D:\kerberos.htx\exe\MaConfig_7_1_5_0.exe (675,32 K/S -  5 532 232 bytes)
[19:23:21] - [5] Client 192.168.0.1 Déconnecté (00:00:40 Min)
[19:44:47] - [3] Client 192.168.0.1 Déconnecté (00:23:59 Min)
[20:45:05] - [6] Connecté à 192.168.0.1. Collecte du Nom d'utilisateur.
[20:45:05] - [6] Usager VICTOR.POZEN Connecté IP: 192.168.0.1
[20:45:05] - [6] VICTOR.POZEN: Répertoire en Cours: D:\kerberos.htx\
[20:45:05] - [6] VICTOR.POZEN: Répertoire en Cours: D:\kerberos.htx\
[21:22:56] - [6] VICTOR.POZEN: Répertoire en Cours: D:\kerberos.htx\rar\
[21:23:05] - [7] Connecté à 192.168.0.1. Collecte du Nom d'utilisateur.
[21:23:05] - [7] Usager VICTOR.POZEN Connecté IP: 192.168.0.1
[21:23:05] - [7] VICTOR.POZEN: Répertoire en Cours: D:\kerberos.htx\
[21:23:05] - [7] VICTOR.POZEN: Début du Téléchargement de: D:\kerberos.htx\rar\aida-32_3-94-2_fr_11155.zip
[21:23:13] - [7] VICTOR.POZEN: Fichier envoyé: D:\kerberos.htx\rar\aida-32_3-94-2_fr_11155.zip (454,33 K/S -  3 256 656 bytes)
[21:23:14] - [7] VICTOR.POZEN: Début du Téléchargement de: D:\kerberos.htx\rar\AusLogics.BoostSpeed.5.0.6.245 incl crack.rar
[21:23:25] - [7] VICTOR.POZEN: Fichier envoyé: D:\kerberos.htx\rar\AusLogics.BoostSpeed.5.0.6.245 incl crack.rar (716,04 K/S -  8 065 457 bytes)
[21:23:28] - [7] VICTOR.POZEN: Début du Téléchargement de: D:\kerberos.htx\rar\EVEREST.Ultimate.Edition v.5.50.2253+Keygen.rar
[21:23:44] - [7] VICTOR.POZEN: Fichier envoyé: D:\kerberos.htx\rar\EVEREST.Ultimate.Edition v.5.50.2253+Keygen.rar (666,33 K/S -  10 917 114 bytes)
[21:24:15] - [7] Client 192.168.0.1 Déconnecté (00:01:09 Min)
[21:26:48] - [6] VICTOR.POZEN: Répertoire en Cours: D:\kerberos.htx\
[21:26:50] - [6] VICTOR.POZEN: Répertoire en Cours: D:\kerberos.htx\exe\
[21:27:02] - [8] Connecté à 192.168.0.1. Collecte du Nom d'utilisateur.
[21:27:02] - [8] Usager VICTOR.POZEN Connecté IP: 192.168.0.1
[21:27:02] - [8] VICTOR.POZEN: Répertoire en Cours: D:\kerberos.htx\
[21:27:02] - [8] VICTOR.POZEN: Début du Téléchargement de: D:\kerberos.htx\exe\CrucialFRScan.exe
[21:27:03] - [8] VICTOR.POZEN: Fichier envoyé: D:\kerberos.htx\exe\CrucialFRScan.exe (226,33 K/S -   231 760 bytes)
[21:27:35] - [8] Client 192.168.0.1 Déconnecté (00:00:33 Min)
[21:33:30] - [9] Connecté à 192.168.0.1. Collecte du Nom d'utilisateur.
[21:33:30] - [9] Usager VICTOR.POZEN Connecté IP: 192.168.0.1
[21:33:30] - [9] VICTOR.POZEN: Répertoire en Cours: D:\kerberos.htx\
[21:33:31] - [9] VICTOR.POZEN: Début du Téléchargement de: D:\kerberos.htx\exe\youtube_downloader_hd_setup.exe
[21:33:46] - [6] VICTOR.POZEN: Répertoire en Cours: D:\kerberos.htx\exe\deteckpassword\
[21:33:51] - [9] VICTOR.POZEN: Fichier envoyé: D:\kerberos.htx\exe\youtube_downloader_hd_setup.exe (469,36 K/S -  9 612 488 bytes)
[21:34:00] - [6] VICTOR.POZEN: Répertoire en Cours: D:\kerberos.htx\exe\camtasia\
[21:34:23] - [9] Client 192.168.0.1 Déconnecté (00:00:52 Min)
[21:45:18] - [10] Connecté à 192.168.0.1. Collecte du Nom d'utilisateur.
[21:45:18] - [10] Usager VICTOR.POZEN Connecté IP: 192.168.0.1
[21:45:18] - [10] VICTOR.POZEN: Répertoire en Cours: D:\kerberos.htx\
[21:45:18] - [10] VICTOR.POZEN: Début du Téléchargement de: D:\kerberos.htx\rar\office ok.rar
[21:46:49] - [6] VICTOR.POZEN: Répertoire en Cours: D:\kerberos.htx\last dow\
[22:09:57] - [10] VICTOR.POZEN: Fichier envoyé: D:\kerberos.htx\rar\office ok.rar (558,13 K/S -  845 285 480 bytes)
[22:10:04] - [10] Client 192.168.0.1 Déconnecté (00:24:46 Min)
[22:10:04] - [6] Client 192.168.0.1 Déconnecté (01:24:58 Min)
[22:12:40] - [11] Connecté à 192.168.0.1. Collecte du Nom d'utilisateur.
[22:12:40] - [11] Usager VICTOR.POZEN Connecté IP: 192.168.0.1
[22:12:40] - [11] VICTOR.POZEN: Répertoire en Cours: D:\kerberos.htx\
[22:12:40] - [11] VICTOR.POZEN: Répertoire en Cours: D:\kerberos.htx\
[22:13:06] - [11] VICTOR.POZEN: Nouveau Répertoire: D:\kerberos.htx\pc loren acer
[22:13:10] - [11] Client 192.168.0.1 Déconnecté (00:00:30 Min)
[22:16:51] - [12] Connecté à 90.100.66.214. Collecte du Nom d'utilisateur.
[22:16:51] - [12] Usager VICTOR.POZEN Connecté IP: 90.100.66.214
[22:16:51] - [12] VICTOR.POZEN: Répertoire en Cours: D:\kerberos.htx\
[22:16:51] - [12] VICTOR.POZEN: Répertoire en Cours: D:\kerberos.htx\
[22:16:57] - [12] VICTOR.POZEN: Répertoire en Cours: D:\kerberos.htx\pc loren acer\
[22:17:52] - [12] VICTOR.POZEN: Nouveau Répertoire: D:\kerberos.htx\pc loren acer\Diettes et tics
[22:17:52] - [13] Connecté à 90.100.66.214. Collecte du Nom d'utilisateur.
[22:17:52] - [14] Connecté à 90.100.66.214. Collecte du Nom d'utilisateur.
[22:17:53] - [12] VICTOR.POZEN: Nouveau Répertoire: D:\kerberos.htx\pc loren acer\Diettes et tics
[22:17:53] - [13] Usager VICTOR.POZEN Connecté IP: 90.100.66.214
[22:17:53] - [13] VICTOR.POZEN: Répertoire en Cours: D:\kerberos.htx\
[22:17:53] - [14] Usager VICTOR.POZEN Connecté IP: 90.100.66.214
[22:17:53] - [14] VICTOR.POZEN: Répertoire en Cours: D:\kerberos.htx\
[22:17:53] - [12] VICTOR.POZEN: Nouveau Répertoire: D:\kerberos.htx\pc loren acer\Diettes et tics\sauvegarde
[22:17:53] - [12] VICTOR.POZEN: Nouveau Répertoire: D:\kerberos.htx\pc loren acer\Diettes et tics\sauvegarde
[22:17:53] - [14] VICTOR.POZEN: Début d'Upload de D:\kerberos.htx\pc loren acer\Diettes et tics\aide.chm
[22:17:53] - [13] VICTOR.POZEN: Début d'Upload de D:\kerberos.htx\pc loren acer\Diettes et tics\activites.xml
[22:17:53] - [13] VICTOR.POZEN: Fichier Upload: D:\kerberos.htx\pc loren acer\Diettes et tics\activites.xml (3,36 K/S -   3 439 bytes)
[22:17:53] - [14] VICTOR.POZEN: Fichier Upload: D:\kerberos.htx\pc loren acer\Diettes et tics\aide.chm (19,09 K/S -   19 544 bytes)
[22:17:53] - [13] VICTOR.POZEN: Début d'Upload de D:\kerberos.htx\pc loren acer\Diettes et tics\bdt.xml
[22:17:53] - [14] VICTOR.POZEN: Début d'Upload de D:\kerberos.htx\pc loren acer\Diettes et tics\Composants.dll
[22:17:54] - [14] VICTOR.POZEN: Fichier Upload: D:\kerberos.htx\pc loren acer\Diettes et tics\Composants.dll (71,50 K/S -   73 216 bytes)
[22:17:54] - [13] VICTOR.POZEN: Fichier Upload: D:\kerberos.htx\pc loren acer\Diettes et tics\bdt.xml (158,23 K/S -   162 029 bytes)
[22:17:54] - [14] VICTOR.POZEN: Début d'Upload de D:\kerberos.htx\pc loren acer\Diettes et tics\Diettes et Tics.exe
[22:17:54] - [13] VICTOR.POZEN: Début d'Upload de D:\kerberos.htx\pc loren acer\Diettes et tics\licence.lic
[22:17:54] - [13] VICTOR.POZEN: Fichier Upload: D:\kerberos.htx\pc loren acer\Diettes et tics\licence.lic (0,04 K/S -    42 bytes)
[22:17:54] - [13] VICTOR.POZEN: Début d'Upload de D:\kerberos.htx\pc loren acer\Diettes et tics\logiciel.ico
[22:17:54] - [13] VICTOR.POZEN: Fichier Upload: D:\kerberos.htx\pc loren acer\Diettes et tics\logiciel.ico (49,22 K/S -   50 406 bytes)
[22:17:55] - [13] VICTOR.POZEN: Début d'Upload de D:\kerberos.htx\pc loren acer\Diettes et tics\loren.ini
[22:17:55] - [13] VICTOR.POZEN: Fichier Upload: D:\kerberos.htx\pc loren acer\Diettes et tics\loren.ini (0,39 K/S -    398 bytes)
[22:17:55] - [13] VICTOR.POZEN: Début d'Upload de D:\kerberos.htx\pc loren acer\Diettes et tics\loren.xml
[22:17:55] - [13] VICTOR.POZEN: Fichier Upload: D:\kerberos.htx\pc loren acer\Diettes et tics\loren.xml (207,62 K/S -   212 605 bytes)
[22:17:56] - [13] VICTOR.POZEN: Début d'Upload de D:\kerberos.htx\pc loren acer\Diettes et tics\loren_activite.xml
[22:17:56] - [13] VICTOR.POZEN: Fichier Upload: D:\kerberos.htx\pc loren acer\Diettes et tics\loren_activite.xml (12,20 K/S -   12 496 bytes)
[22:17:56] - [13] VICTOR.POZEN: Début d'Upload de D:\kerberos.htx\pc loren acer\Diettes et tics\loren_poids.xml
[22:17:56] - [14] VICTOR.POZEN: Fichier Upload: D:\kerberos.htx\pc loren acer\Diettes et tics\Diettes et Tics.exe (404,83 K/S -  1 243 648 bytes)
[22:17:57] - [13] VICTOR.POZEN: Fichier Upload: D:\kerberos.htx\pc loren acer\Diettes et tics\loren_poids.xml (4,26 K/S -   4 359 bytes)
[22:17:57] - [14] VICTOR.POZEN: Début d'Upload de D:\kerberos.htx\pc loren acer\Diettes et tics\Newtonsoft.Json.dll
[22:17:57] - [13] VICTOR.POZEN: Début d'Upload de D:\kerberos.htx\pc loren acer\Diettes et tics\repas.xml
[22:17:57] - [13] VICTOR.POZEN: Fichier Upload: D:\kerberos.htx\pc loren acer\Diettes et tics\repas.xml (0,06 K/S -    58 bytes)
[22:17:57] - [13] VICTOR.POZEN: Début d'Upload de D:\kerberos.htx\pc loren acer\Diettes et tics\sauvegarde\04.11.2017.xml
[22:17:58] - [14] VICTOR.POZEN: Fichier Upload: D:\kerberos.htx\pc loren acer\Diettes et tics\Newtonsoft.Json.dll (478,00 K/S -   489 472 bytes)
[22:17:58] - [13] VICTOR.POZEN: Fichier Upload: D:\kerberos.htx\pc loren acer\Diettes et tics\sauvegarde\04.11.2017.xml (154,32 K/S -   158 022 bytes)
[22:17:58] - [14] VICTOR.POZEN: Début d'Upload de D:\kerberos.htx\pc loren acer\Diettes et tics\sauvegarde\12.01.2017.xml
[22:17:58] - [13] VICTOR.POZEN: Début d'Upload de D:\kerberos.htx\pc loren acer\Diettes et tics\sauvegarde\13.01.2017.xml
[22:17:59] - [14] VICTOR.POZEN: Fichier Upload: D:\kerberos.htx\pc loren acer\Diettes et tics\sauvegarde\12.01.2017.xml (154,15 K/S -   157 846 bytes)
[22:17:59] - [13] VICTOR.POZEN: Fichier Upload: D:\kerberos.htx\pc loren acer\Diettes et tics\sauvegarde\13.01.2017.xml (149,68 K/S -   153 268 bytes)
[22:17:59] - [14] VICTOR.POZEN: Début d'Upload de D:\kerberos.htx\pc loren acer\Diettes et tics\sauvegarde\18.09.2017.xml
[22:17:59] - [13] VICTOR.POZEN: Début d'Upload de D:\kerberos.htx\pc loren acer\Diettes et tics\System.Windows.Forms.DataVisualization.dll
[22:17:59] - [14] VICTOR.POZEN: Fichier Upload: D:\kerberos.htx\pc loren acer\Diettes et tics\sauvegarde\18.09.2017.xml (151,24 K/S -   154 870 bytes)
[22:17:59] - [14] VICTOR.POZEN: Début d'Upload de D:\kerberos.htx\pc loren acer\Diettes et tics\Thumbs.db
[22:18:00] - [14] VICTOR.POZEN: Fichier Upload: D:\kerberos.htx\pc loren acer\Diettes et tics\Thumbs.db (5,50 K/S -   5 632 bytes)
[22:18:00] - [14] VICTOR.POZEN: Début d'Upload de D:\kerberos.htx\pc loren acer\Diettes et tics\unins000.dat
[22:18:00] - [14] VICTOR.POZEN: Fichier Upload: D:\kerberos.htx\pc loren acer\Diettes et tics\unins000.dat (5,26 K/S -   5 388 bytes)
[22:18:00] - [14] VICTOR.POZEN: Début d'Upload de D:\kerberos.htx\pc loren acer\Diettes et tics\unins000.exe
[22:18:03] - [14] VICTOR.POZEN: Fichier Upload: D:\kerberos.htx\pc loren acer\Diettes et tics\unins000.exe (245,34 K/S -   753 697 bytes)
[22:18:03] - [13] VICTOR.POZEN: Fichier Upload: D:\kerberos.htx\pc loren acer\Diettes et tics\System.Windows.Forms.DataVisualization.dll (428,00 K/S -  1 753 088 bytes)
[22:18:03] - [14] VICTOR.POZEN: Début d'Upload de D:\kerberos.htx\pc loren acer\Diettes et tics\utilisateur.ini
[22:18:03] - [14] VICTOR.POZEN: Fichier Upload: D:\kerberos.htx\pc loren acer\Diettes et tics\utilisateur.ini (0,08 K/S -    86 bytes)
[22:18:34] - [13] Client 90.100.66.214 Déconnecté (00:00:41 Min)
[22:18:34] - [14] Client 90.100.66.214 Déconnecté (00:00:41 Min)
[22:19:19] - [12] VICTOR.POZEN: Nouveau Répertoire: D:\kerberos.htx\pc loren acer\Kalender
[22:19:20] - [12] VICTOR.POZEN: Nouveau Répertoire: D:\kerberos.htx\pc loren acer\Kalender
[22:19:20] - [12] VICTOR.POZEN: Nouveau Répertoire: D:\kerberos.htx\pc loren acer\Kalender\doc
[22:19:20] - [12] VICTOR.POZEN: Nouveau Répertoire: D:\kerberos.htx\pc loren acer\Kalender\doc
[22:19:20] - [15] Connecté à 90.100.66.214. Collecte du Nom d'utilisateur.
[22:19:20] - [16] Connecté à 90.100.66.214. Collecte du Nom d'utilisateur.
[22:19:20] - [12] VICTOR.POZEN: Nouveau Répertoire: D:\kerberos.htx\pc loren acer\Kalender\doc\english
[22:19:20] - [15] Usager VICTOR.POZEN Connecté IP: 90.100.66.214
[22:19:20] - [15] VICTOR.POZEN: Répertoire en Cours: D:\kerberos.htx\
[22:19:20] - [16] Usager VICTOR.POZEN Connecté IP: 90.100.66.214
[22:19:20] - [16] VICTOR.POZEN: Répertoire en Cours: D:\kerberos.htx\
[22:19:20] - [12] VICTOR.POZEN: Nouveau Répertoire: D:\kerberos.htx\pc loren acer\Kalender\doc\english
[22:19:20] - [12] VICTOR.POZEN: Nouveau Répertoire: D:\kerberos.htx\pc loren acer\Kalender\doc\german
[22:19:20] - [12] VICTOR.POZEN: Nouveau Répertoire: D:\kerberos.htx\pc loren acer\Kalender\doc\german
[22:19:20] - [12] VICTOR.POZEN: Nouveau Répertoire: D:\kerberos.htx\pc loren acer\Kalender\events
[22:19:20] - [12] VICTOR.POZEN: Nouveau Répertoire: D:\kerberos.htx\pc loren acer\Kalender\events
[22:19:20] - [15] VICTOR.POZEN: Début d'Upload de D:\kerberos.htx\pc loren acer\Kalender\doc\german\Manual.chm
[22:19:20] - [16] VICTOR.POZEN: Début d'Upload de D:\kerberos.htx\pc loren acer\Kalender\doc\english\Manual.chm
[22:19:20] - [12] VICTOR.POZEN: Nouveau Répertoire: D:\kerberos.htx\pc loren acer\Kalender\holidays
[22:19:20] - [12] VICTOR.POZEN: Nouveau Répertoire: D:\kerberos.htx\pc loren acer\Kalender\holidays
[22:19:20] - [12] VICTOR.POZEN: Nouveau Répertoire: D:\kerberos.htx\pc loren acer\Kalender\icons
[22:19:21] - [12] VICTOR.POZEN: Nouveau Répertoire: D:\kerberos.htx\pc loren acer\Kalender\icons
[22:19:21] - [12] VICTOR.POZEN: Nouveau Répertoire: D:\kerberos.htx\pc loren acer\Kalender\lang
[22:19:21] - [12] VICTOR.POZEN: Nouveau Répertoire: D:\kerberos.htx\pc loren acer\Kalender\lang
[22:19:22] - [16] VICTOR.POZEN: Fichier Upload: D:\kerberos.htx\pc loren acer\Kalender\doc\english\Manual.chm (459,21 K/S -   470 226 bytes)
[22:19:22] - [15] VICTOR.POZEN: Fichier Upload: D:\kerberos.htx\pc loren acer\Kalender\doc\german\Manual.chm (483,92 K/S -   495 530 bytes)
[22:19:22] - [16] VICTOR.POZEN: Début d'Upload de D:\kerberos.htx\pc loren acer\Kalender\events\dates.b00
[22:19:22] - [15] VICTOR.POZEN: Début d'Upload de D:\kerberos.htx\pc loren acer\Kalender\events\dates.b01
[22:19:22] - [16] VICTOR.POZEN: Fichier Upload: D:\kerberos.htx\pc loren acer\Kalender\events\dates.b00 (33,16 K/S -   33 957 bytes)
[22:19:22] - [15] VICTOR.POZEN: Fichier Upload: D:\kerberos.htx\pc loren acer\Kalender\events\dates.b01 (34,44 K/S -   35 268 bytes)
[22:19:22] - [16] VICTOR.POZEN: Début d'Upload de D:\kerberos.htx\pc loren acer\Kalender\events\dates.b02
[22:19:22] - [15] VICTOR.POZEN: Début d'Upload de D:\kerberos.htx\pc loren acer\Kalender\events\dates.b03
[22:19:22] - [15] VICTOR.POZEN: Fichier Upload: D:\kerberos.htx\pc loren acer\Kalender\events\dates.b03 (31,90 K/S -   32 669 bytes)
[22:19:22] - [16] VICTOR.POZEN: Fichier Upload: D:\kerberos.htx\pc loren acer\Kalender\events\dates.b02 (34,44 K/S -   35 268 bytes)
[22:19:23] - [15] VICTOR.POZEN: Début d'Upload de D:\kerberos.htx\pc loren acer\Kalender\events\dates.b04
[22:19:23] - [16] VICTOR.POZEN: Début d'Upload de D:\kerberos.htx\pc loren acer\Kalender\events\dates.b05
[22:19:23] - [15] VICTOR.POZEN: Fichier Upload: D:\kerberos.htx\pc loren acer\Kalender\events\dates.b04 (31,90 K/S -   32 669 bytes)
[22:19:23] - [16] VICTOR.POZEN: Fichier Upload: D:\kerberos.htx\pc loren acer\Kalender\events\dates.b05 (32,66 K/S -   33 446 bytes)
[22:19:23] - [15] VICTOR.POZEN: Début d'Upload de D:\kerberos.htx\pc loren acer\Kalender\events\dates.b06
[22:19:23] - [16] VICTOR.POZEN: Début d'Upload de D:\kerberos.htx\pc loren acer\Kalender\events\dates.dat
[22:19:23] - [15] VICTOR.POZEN: Fichier Upload: D:\kerberos.htx\pc loren acer\Kalender\events\dates.b06 (32,66 K/S -   33 446 bytes)
[22:19:23] - [16] VICTOR.POZEN: Fichier Upload: D:\kerberos.htx\pc loren acer\Kalender\events\dates.dat (34,44 K/S -   35 268 bytes)
[22:19:23] - [15] VICTOR.POZEN: Début d'Upload de D:\kerberos.htx\pc loren acer\Kalender\holidays\Australia.hol
[22:19:23] - [16] VICTOR.POZEN: Début d'Upload de D:\kerberos.htx\pc loren acer\Kalender\holidays\Austria.hol
[22:19:24] - [15] VICTOR.POZEN: Fichier Upload: D:\kerberos.htx\pc loren acer\Kalender\holidays\Australia.hol (4,03 K/S -   4 129 bytes)
[22:19:24] - [16] VICTOR.POZEN: Fichier Upload: D:\kerberos.htx\pc loren acer\Kalender\holidays\Austria.hol (4,68 K/S -   4 788 bytes)
[22:19:24] - [15] VICTOR.POZEN: Début d'Upload de D:\kerberos.htx\pc loren acer\Kalender\holidays\Belgium (Dutch).hol
[22:19:24] - [16] VICTOR.POZEN: Début d'Upload de D:\kerberos.htx\pc loren acer\Kalender\holidays\Belgium (French).hol
[22:19:24] - [15] VICTOR.POZEN: Fichier Upload: D:\kerberos.htx\pc loren acer\Kalender\holidays\Belgium (Dutch).hol (2,19 K/S -   2 240 bytes)
[22:19:24] - [16] VICTOR.POZEN: Fichier Upload: D:\kerberos.htx\pc loren acer\Kalender\holidays\Belgium (French).hol (2,17 K/S -   2 219 bytes)
[22:19:24] - [15] VICTOR.POZEN: Début d'Upload de D:\kerberos.htx\pc loren acer\Kalender\holidays\Brazil.hol
[22:19:24] - [16] VICTOR.POZEN: Début d'Upload de D:\kerberos.htx\pc loren acer\Kalender\holidays\Canada.hol
[22:19:24] - [15] VICTOR.POZEN: Fichier Upload: D:\kerberos.htx\pc loren acer\Kalender\holidays\Brazil.hol (5,56 K/S -   5 693 bytes)
[22:19:24] - [16] VICTOR.POZEN: Fichier Upload: D:\kerberos.htx\pc loren acer\Kalender\holidays\Canada.hol (1,68 K/S -   1 719 bytes)
[22:19:24] - [15] VICTOR.POZEN: Début d'Upload de D:\kerberos.htx\pc loren acer\Kalender\holidays\Colombia.hol
[22:19:24] - [16] VICTOR.POZEN: Début d'Upload de D:\kerberos.htx\pc loren acer\Kalender\holidays\Croatia.hol
[22:19:24] - [15] VICTOR.POZEN: Fichier Upload: D:\kerberos.htx\pc loren acer\Kalender\holidays\Colombia.hol (5,11 K/S -   5 235 bytes)
[22:19:24] - [16] VICTOR.POZEN: Fichier Upload: D:\kerberos.htx\pc loren acer\Kalender\holidays\Croatia.hol (2,56 K/S -   2 617 bytes)
[22:19:25] - [15] VICTOR.POZEN: Début d'Upload de D:\kerberos.htx\pc loren acer\Kalender\holidays\Czech.hol
[22:19:25] - [16] VICTOR.POZEN: Début d'Upload de D:\kerberos.htx\pc loren acer\Kalender\holidays\Denmark.hol
[22:19:25] - [15] VICTOR.POZEN: Fichier Upload: D:\kerberos.htx\pc loren acer\Kalender\holidays\Czech.hol (1,86 K/S -   1 900 bytes)
[22:19:25] - [16] VICTOR.POZEN: Fichier Upload: D:\kerberos.htx\pc loren acer\Kalender\holidays\Denmark.hol (5,64 K/S -   5 776 bytes)
[22:19:25] - [15] VICTOR.POZEN: Début d'Upload de D:\kerberos.htx\pc loren acer\Kalender\holidays\Finland.hol
[22:19:25] - [16] VICTOR.POZEN: Début d'Upload de D:\kerberos.htx\pc loren acer\Kalender\holidays\France.hol
[22:19:25] - [15] VICTOR.POZEN: Fichier Upload: D:\kerberos.htx\pc loren acer\Kalender\holidays\Finland.hol (1,84 K/S -   1 889 bytes)
[22:19:25] - [16] VICTOR.POZEN: Fichier Upload: D:\kerberos.htx\pc loren acer\Kalender\holidays\France.hol (2,79 K/S -   2 853 bytes)
[22:19:25] - [15] VICTOR.POZEN: Début d'Upload de D:\kerberos.htx\pc loren acer\Kalender\holidays\Germany.hol
[22:19:25] - [16] VICTOR.POZEN: Début d'Upload de D:\kerberos.htx\pc loren acer\Kalender\holidays\Greece.hol
[22:19:25] - [15] VICTOR.POZEN: Fichier Upload: D:\kerberos.htx\pc loren acer\Kalender\holidays\Germany.hol (4,28 K/S -   4 383 bytes)
[22:19:26] - [16] VICTOR.POZEN: Fichier Upload: D:\kerberos.htx\pc loren acer\Kalender\holidays\Greece.hol (9,29 K/S -   9 514 bytes)
[22:19:26] - [15] VICTOR.POZEN: Début d'Upload de D:\kerberos.htx\pc loren acer\Kalender\holidays\Hungary.hol
[22:19:26] - [16] VICTOR.POZEN: Début d'Upload de D:\kerberos.htx\pc loren acer\Kalender\holidays\Israel_Eng.hol
[22:19:26] - [15] VICTOR.POZEN: Fichier Upload: D:\kerberos.htx\pc loren acer\Kalender\holidays\Hungary.hol (2,12 K/S -   2 175 bytes)
[22:19:26] - [15] VICTOR.POZEN: Début d'Upload de D:\kerberos.htx\pc loren acer\Kalender\holidays\Israel_Heb.hol
[22:19:26] - [16] VICTOR.POZEN: Fichier Upload: D:\kerberos.htx\pc loren acer\Kalender\holidays\Israel_Eng.hol (164,96 K/S -   168 922 bytes)
[22:19:26] - [15] VICTOR.POZEN: Fichier Upload: D:\kerberos.htx\pc loren acer\Kalender\holidays\Israel_Heb.hol (159,48 K/S -   163 306 bytes)
[22:19:26] - [16] VICTOR.POZEN: Début d'Upload de D:\kerberos.htx\pc loren acer\Kalender\holidays\Italy.hol
[22:19:26] - [15] VICTOR.POZEN: Début d'Upload de D:\kerberos.htx\pc loren acer\Kalender\holidays\Netherlands.hol
[22:19:26] - [16] VICTOR.POZEN: Fichier Upload: D:\kerberos.htx\pc loren acer\Kalender\holidays\Italy.hol (1,43 K/S -   1 462 bytes)
[22:19:26] - [15] VICTOR.POZEN: Fichier Upload: D:\kerberos.htx\pc loren acer\Kalender\holidays\Netherlands.hol (3,34 K/S -   3 417 bytes)
[22:19:27] - [16] VICTOR.POZEN: Début d'Upload de D:\kerberos.htx\pc loren acer\Kalender\holidays\New Zealand.hol
[22:19:27] - [15] VICTOR.POZEN: Début d'Upload de D:\kerberos.htx\pc loren acer\Kalender\holidays\Norway.hol
[22:19:27] - [16] VICTOR.POZEN: Fichier Upload: D:\kerberos.htx\pc loren acer\Kalender\holidays\New Zealand.hol (1,61 K/S -   1 646 bytes)
[22:19:27] - [15] VICTOR.POZEN: Fichier Upload: D:\kerberos.htx\pc loren acer\Kalender\holidays\Norway.hol (2,71 K/S -   2 778 bytes)
[22:19:27] - [16] VICTOR.POZEN: Début d'Upload de D:\kerberos.htx\pc loren acer\Kalender\holidays\Poland.hol
[22:19:27] - [15] VICTOR.POZEN: Début d'Upload de D:\kerberos.htx\pc loren acer\Kalender\holidays\Spain.hol
[22:19:27] - [16] VICTOR.POZEN: Fichier Upload: D:\kerberos.htx\pc loren acer\Kalender\holidays\Poland.hol (3,19 K/S -   3 265 bytes)
[22:19:27] - [15] VICTOR.POZEN: Fichier Upload: D:\kerberos.htx\pc loren acer\Kalender\holidays\Spain.hol (1,92 K/S -   1 968 bytes)
[22:19:27] - [16] VICTOR.POZEN: Début d'Upload de D:\kerberos.htx\pc loren acer\Kalender\holidays\Sweden.hol
[22:19:27] - [15] VICTOR.POZEN: Début d'Upload de D:\kerberos.htx\pc loren acer\Kalender\holidays\Türkiye.hol
[22:19:27] - [16] VICTOR.POZEN: Fichier Upload: D:\kerberos.htx\pc loren acer\Kalender\holidays\Sweden.hol (2,90 K/S -   2 973 bytes)
[22:19:27] - [15] VICTOR.POZEN: Fichier Upload: D:\kerberos.htx\pc loren acer\Kalender\holidays\Türkiye.hol (4,93 K/S -   5 053 bytes)
[22:19:27] - [16] VICTOR.POZEN: Début d'Upload de D:\kerberos.htx\pc loren acer\Kalender\holidays\UK.hol
[22:19:27] - [15] VICTOR.POZEN: Début d'Upload de D:\kerberos.htx\pc loren acer\Kalender\holidays\USA.hol
[22:19:27] - [16] VICTOR.POZEN: Fichier Upload: D:\kerberos.htx\pc loren acer\Kalender\holidays\UK.hol (5,65 K/S -   5 789 bytes)
[22:19:27] - [15] VICTOR.POZEN: Fichier Upload: D:\kerberos.htx\pc loren acer\Kalender\holidays\USA.hol (5,76 K/S -   5 903 bytes)
[22:19:28] - [16] VICTOR.POZEN: Début d'Upload de D:\kerberos.htx\pc loren acer\Kalender\icons\Anchor.ico
[22:19:28] - [15] VICTOR.POZEN: Début d'Upload de D:\kerberos.htx\pc loren acer\Kalender\icons\Atom.ico
[22:19:28] - [16] VICTOR.POZEN: Fichier Upload: D:\kerberos.htx\pc loren acer\Kalender\icons\Anchor.ico (2,19 K/S -   2 238 bytes)
[22:19:28] - [15] VICTOR.POZEN: Fichier Upload: D:\kerberos.htx\pc loren acer\Kalender\icons\Atom.ico (0,75 K/S -    766 bytes)
[22:19:28] - [16] VICTOR.POZEN: Début d'Upload de D:\kerberos.htx\pc loren acer\Kalender\icons\Attention.ico
[22:19:28] - [15] VICTOR.POZEN: Début d'Upload de D:\kerberos.htx\pc loren acer\Kalender\icons\Bag.ico
[22:19:28] - [16] VICTOR.POZEN: Fichier Upload: D:\kerberos.htx\pc loren acer\Kalender\icons\Attention.ico (2,19 K/S -   2 238 bytes)
[22:19:28] - [15] VICTOR.POZEN: Fichier Upload: D:\kerberos.htx\pc loren acer\Kalender\icons\Bag.ico (2,19 K/S -   2 238 bytes)
[22:19:28] - [16] VICTOR.POZEN: Début d'Upload de D:\kerberos.htx\pc loren acer\Kalender\icons\Balloons.ico
[22:19:28] - [15] VICTOR.POZEN: Début d'Upload de D:\kerberos.htx\pc loren acer\Kalender\icons\Basketball.ico
[22:19:28] - [16] VICTOR.POZEN: Fichier Upload: D:\kerberos.htx\pc loren acer\Kalender\icons\Balloons.ico (2,19 K/S -   2 238 bytes)
[22:19:28] - [15] VICTOR.POZEN: Fichier Upload: D:\kerberos.htx\pc loren acer\Kalender\icons\Basketball.ico (2,19 K/S -   2 238 bytes)
[22:19:28] - [16] VICTOR.POZEN: Début d'Upload de D:\kerberos.htx\pc loren acer\Kalender\icons\Battery.ico
[22:19:28] - [15] VICTOR.POZEN: Début d'Upload de D:\kerberos.htx\pc loren acer\Kalender\icons\Bell.ico
[22:19:28] - [16] VICTOR.POZEN: Fichier Upload: D:\kerberos.htx\pc loren acer\Kalender\icons\Battery.ico (2,19 K/S -   2 238 bytes)
[22:19:28] - [15] VICTOR.POZEN: Fichier Upload: D:\kerberos.htx\pc loren acer\Kalender\icons\Bell.ico (1,05 K/S -   1 078 bytes)
[22:19:28] - [16] VICTOR.POZEN: Début d'Upload de D:\kerberos.htx\pc loren acer\Kalender\icons\Bomb.ico
[22:19:28] - [15] VICTOR.POZEN: Début d'Upload de D:\kerberos.htx\pc loren acer\Kalender\icons\Book.ico
[22:19:29] - [16] VICTOR.POZEN: Fichier Upload: D:\kerberos.htx\pc loren acer\Kalender\icons\Bomb.ico (2,93 K/S -   2 998 bytes)
[22:19:29] - [15] VICTOR.POZEN: Fichier Upload: D:\kerberos.htx\pc loren acer\Kalender\icons\Book.ico (2,19 K/S -   2 238 bytes)
[22:19:29] - [16] VICTOR.POZEN: Début d'Upload de D:\kerberos.htx\pc loren acer\Kalender\icons\Boots.ico
[22:19:29] - [15] VICTOR.POZEN: Début d'Upload de D:\kerberos.htx\pc loren acer\Kalender\icons\Bottle.ico
[22:19:29] - [16] VICTOR.POZEN: Fichier Upload: D:\kerberos.htx\pc loren acer\Kalender\icons\Boots.ico (2,19 K/S -   2 238 bytes)
[22:19:29] - [15] VICTOR.POZEN: Fichier Upload: D:\kerberos.htx\pc loren acer\Kalender\icons\Bottle.ico (2,19 K/S -   2 238 bytes)
[22:19:29] - [16] VICTOR.POZEN: Début d'Upload de D:\kerberos.htx\pc loren acer\Kalender\icons\Bucket.ico
[22:19:29] - [15] VICTOR.POZEN: Début d'Upload de D:\kerberos.htx\pc loren acer\Kalender\icons\Bunny.ico
[22:19:29] - [15] VICTOR.POZEN: Fichier Upload: D:\kerberos.htx\pc loren acer\Kalender\icons\Bunny.ico (2,19 K/S -   2 238 bytes)
[22:19:29] - [16] VICTOR.POZEN: Fichier Upload: D:\kerberos.htx\pc loren acer\Kalender\icons\Bucket.ico (2,93 K/S -   2 998 bytes)
[22:19:29] - [15] VICTOR.POZEN: Début d'Upload de D:\kerberos.htx\pc loren acer\Kalender\icons\Burger.ico
[22:19:29] - [16] VICTOR.POZEN: Début d'Upload de D:\kerberos.htx\pc loren acer\Kalender\icons\Cabinet.ico
[22:19:29] - [15] VICTOR.POZEN: Fichier Upload: D:\kerberos.htx\pc loren acer\Kalender\icons\Burger.ico (2,19 K/S -   2 238 bytes)
[22:19:29] - [16] VICTOR.POZEN: Fichier Upload: D:\kerberos.htx\pc loren acer\Kalender\icons\Cabinet.ico (2,19 K/S -   2 238 bytes)
[22:19:29] - [15] VICTOR.POZEN: Début d'Upload de D:\kerberos.htx\pc loren acer\Kalender\icons\Camera.ico
[22:19:29] - [16] VICTOR.POZEN: Début d'Upload de D:\kerberos.htx\pc loren acer\Kalender\icons\Candle.ico
[22:19:30] - [15] VICTOR.POZEN: Fichier Upload: D:\kerberos.htx\pc loren acer\Kalender\icons\Camera.ico (2,19 K/S -   2 238 bytes)
[22:19:30] - [16] VICTOR.POZEN: Fichier Upload: D:\kerberos.htx\pc loren acer\Kalender\icons\Candle.ico (2,19 K/S -   2 238 bytes)
[22:19:30] - [15] VICTOR.POZEN: Début d'Upload de D:\kerberos.htx\pc loren acer\Kalender\icons\Candles.ico
[22:19:30] - [16] VICTOR.POZEN: Début d'Upload de D:\kerberos.htx\pc loren acer\Kalender\icons\Car.ico
[22:19:30] - [15] VICTOR.POZEN: Fichier Upload: D:\kerberos.htx\pc loren acer\Kalender\icons\Candles.ico (2,19 K/S -   2 238 bytes)
[22:19:30] - [16] VICTOR.POZEN: Fichier Upload: D:\kerberos.htx\pc loren acer\Kalender\icons\Car.ico (2,19 K/S -   2 238 bytes)
[22:19:30] - [15] VICTOR.POZEN: Début d'Upload de D:\kerberos.htx\pc loren acer\Kalender\icons\Carrot.ico
[22:19:30] - [16] VICTOR.POZEN: Début d'Upload de D:\kerberos.htx\pc loren acer\Kalender\icons\Case.ico
[22:19:30] - [15] VICTOR.POZEN: Fichier Upload: D:\kerberos.htx\pc loren acer\Kalender\icons\Carrot.ico (2,19 K/S -   2 238 bytes)
[22:19:30] - [16] VICTOR.POZEN: Fichier Upload: D:\kerberos.htx\pc loren acer\Kalender\icons\Case.ico (4,60 K/S -   4 710 bytes)
[22:19:30] - [15] VICTOR.POZEN: Début d'Upload de D:\kerberos.htx\pc loren acer\Kalender\icons\Cat.ico
[22:19:30] - [16] VICTOR.POZEN: Début d'Upload de D:\kerberos.htx\pc loren acer\Kalender\icons\Certificate.ico
[22:19:30] - [15] VICTOR.POZEN: Fichier Upload: D:\kerberos.htx\pc loren acer\Kalender\icons\Cat.ico (2,19 K/S -   2 238 bytes)
[22:19:30] - [16] VICTOR.POZEN: Fichier Upload: D:\kerberos.htx\pc loren acer\Kalender\icons\Certificate.ico (0,75 K/S -    766 bytes)
[22:19:30] - [15] VICTOR.POZEN: Début d'Upload de D:\kerberos.htx\pc loren acer\Kalender\icons\Clock.ico
[22:19:31] - [16] VICTOR.POZEN: Début d'Upload de D:\kerberos.htx\pc loren acer\Kalender\icons\Compact Disk.ico
[22:19:31] - [15] VICTOR.POZEN: Fichier Upload: D:\kerberos.htx\pc loren acer\Kalender\icons\Clock.ico (4,60 K/S -   4 710 bytes)
[22:19:31] - [16] VICTOR.POZEN: Fichier Upload: D:\kerberos.htx\pc loren acer\Kalender\icons\Compact Disk.ico (3,55 K/S -   3 638 bytes)
[22:19:31] - [15] VICTOR.POZEN: Début d'Upload de D:\kerberos.htx\pc loren acer\Kalender\icons\Compass.ico
[22:19:31] - [16] VICTOR.POZEN: Début d'Upload de D:\kerberos.htx\pc loren acer\Kalender\icons\Dice.ico
[22:19:31] - [15] VICTOR.POZEN: Fichier Upload: D:\kerberos.htx\pc loren acer\Kalender\icons\Compass.ico (2,19 K/S -   2 238 bytes)
[22:19:31] - [16] VICTOR.POZEN: Fichier Upload: D:\kerberos.htx\pc loren acer\Kalender\icons\Dice.ico (0,75 K/S -    766 bytes)
[22:19:31] - [15] VICTOR.POZEN: Début d'Upload de D:\kerberos.htx\pc loren acer\Kalender\icons\Dog.ico
[22:19:31] - [16] VICTOR.POZEN: Début d'Upload de D:\kerberos.htx\pc loren acer\Kalender\icons\Drink.ico
[22:19:31] - [15] VICTOR.POZEN: Fichier Upload: D:\kerberos.htx\pc loren acer\Kalender\icons\Dog.ico (2,19 K/S -   2 238 bytes)
[22:19:31] - [16] VICTOR.POZEN: Fichier Upload: D:\kerberos.htx\pc loren acer\Kalender\icons\Drink.ico (2,19 K/S -   2 238 bytes)
[22:19:31] - [15] VICTOR.POZEN: Début d'Upload de D:\kerberos.htx\pc loren acer\Kalender\icons\Election.ico
[22:19:31] - [16] VICTOR.POZEN: Début d'Upload de D:\kerberos.htx\pc loren acer\Kalender\icons\Favorites.ico
[22:19:31] - [15] VICTOR.POZEN: Fichier Upload: D:\kerberos.htx\pc loren acer\Kalender\icons\Election.ico (3,55 K/S -   3 638 bytes)
[22:19:31] - [16] VICTOR.POZEN: Fichier Upload: D:\kerberos.htx\pc loren acer\Kalender\icons\Favorites.ico (8,94 K/S -   9 158 bytes)
[22:19:31] - [15] VICTOR.POZEN: Début d'Upload de D:\kerberos.htx\pc loren acer\Kalender\icons\Fish.ico
[22:19:32] - [16] VICTOR.POZEN: Début d'Upload de D:\kerberos.htx\pc loren acer\Kalender\icons\Floppy.ico
[22:19:32] - [15] VICTOR.POZEN: Fichier Upload: D:\kerberos.htx\pc loren acer\Kalender\icons\Fish.ico (2,19 K/S -   2 238 bytes)
[22:19:32] - [16] VICTOR.POZEN: Fichier Upload: D:\kerberos.htx\pc loren acer\Kalender\icons\Floppy.ico (2,19 K/S -   2 238 bytes)
[22:19:32] - [15] VICTOR.POZEN: Début d'Upload de D:\kerberos.htx\pc loren acer\Kalender\icons\Flower.ico
[22:19:32] - [16] VICTOR.POZEN: Début d'Upload de D:\kerberos.htx\pc loren acer\Kalender\icons\Ghost.ico
[22:19:32] - [15] VICTOR.POZEN: Fichier Upload: D:\kerberos.htx\pc loren acer\Kalender\icons\Flower.ico (2,19 K/S -   2 238 bytes)
[22:19:32] - [16] VICTOR.POZEN: Fichier Upload: D:\kerberos.htx\pc loren acer\Kalender\icons\Ghost.ico (2,19 K/S -   2 238 bytes)
[22:19:32] - [15] VICTOR.POZEN: Début d'Upload de D:\kerberos.htx\pc loren acer\Kalender\icons\Gift.ico
[22:19:32] - [16] VICTOR.POZEN: Début d'Upload de D:\kerberos.htx\pc loren acer\Kalender\icons\Graph.ico
[22:19:32] - [15] VICTOR.POZEN: Fichier Upload: D:\kerberos.htx\pc loren acer\Kalender\icons\Gift.ico (2,19 K/S -   2 238 bytes)
[22:19:32] - [16] VICTOR.POZEN: Fichier Upload: D:\kerberos.htx\pc loren acer\Kalender\icons\Graph.ico (0,75 K/S -    766 bytes)
[22:19:32] - [15] VICTOR.POZEN: Début d'Upload de D:\kerberos.htx\pc loren acer\Kalender\icons\Green Bin.ico
[22:19:32] - [16] VICTOR.POZEN: Début d'Upload de D:\kerberos.htx\pc loren acer\Kalender\icons\Guitar.ico
[22:19:32] - [15] VICTOR.POZEN: Fichier Upload: D:\kerberos.htx\pc loren acer\Kalender\icons\Green Bin.ico (3,55 K/S -   3 638 bytes)
[22:19:32] - [16] VICTOR.POZEN: Fichier Upload: D:\kerberos.htx\pc loren acer\Kalender\icons\Guitar.ico (2,19 K/S -   2 238 bytes)
[22:19:32] - [15] VICTOR.POZEN: Début d'Upload de D:\kerberos.htx\pc loren acer\Kalender\icons\Heart.ico
[22:19:32] - [16] VICTOR.POZEN: Début d'Upload de D:\kerberos.htx\pc loren acer\Kalender\icons\Helmet.ico
[22:19:32] - [15] VICTOR.POZEN: Fichier Upload: D:\kerberos.htx\pc loren acer\Kalender\icons\Heart.ico (5,10 K/S -   5 222 bytes)
[22:19:32] - [16] VICTOR.POZEN: Fichier Upload: D:\kerberos.htx\pc loren acer\Kalender\icons\Helmet.ico (2,19 K/S -   2 238 bytes)
[22:19:33] - [15] VICTOR.POZEN: Début d'Upload de D:\kerberos.htx\pc loren acer\Kalender\icons\Home.ico
[22:19:33] - [16] VICTOR.POZEN: Début d'Upload de D:\kerberos.htx\pc loren acer\Kalender\icons\Ice Cream.ico
[22:19:33] - [15] VICTOR.POZEN: Fichier Upload: D:\kerberos.htx\pc loren acer\Kalender\icons\Home.ico (3,55 K/S -   3 638 bytes)
[22:19:33] - [16] VICTOR.POZEN: Fichier Upload: D:\kerberos.htx\pc loren acer\Kalender\icons\Ice Cream.ico (2,19 K/S -   2 238 bytes)
[22:19:33] - [15] VICTOR.POZEN: Début d'Upload de D:\kerberos.htx\pc loren acer\Kalender\icons\Iron.ico
[22:19:33] - [16] VICTOR.POZEN: Début d'Upload de D:\kerberos.htx\pc loren acer\Kalender\icons\Joystick.ico
[22:19:33] - [15] VICTOR.POZEN: Fichier Upload: D:\kerberos.htx\pc loren acer\Kalender\icons\Iron.ico (2,93 K/S -   2 998 bytes)
[22:19:33] - [16] VICTOR.POZEN: Fichier Upload: D:\kerberos.htx\pc loren acer\Kalender\icons\Joystick.ico (9,90 K/S -   10 134 bytes)
[22:19:33] - [15] VICTOR.POZEN: Début d'Upload de D:\kerberos.htx\pc loren acer\Kalender\icons\Key.ico
[22:19:33] - [16] VICTOR.POZEN: Début d'Upload de D:\kerberos.htx\pc loren acer\Kalender\icons\Knife.ico
[22:19:33] - [15] VICTOR.POZEN: Fichier Upload: D:\kerberos.htx\pc loren acer\Kalender\icons\Key.ico (3,55 K/S -   3 638 bytes)
[22:19:33] - [16] VICTOR.POZEN: Fichier Upload: D:\kerberos.htx\pc loren acer\Kalender\icons\Knife.ico (2,19 K/S -   2 238 bytes)
[22:19:33] - [15] VICTOR.POZEN: Début d'Upload de D:\kerberos.htx\pc loren acer\Kalender\icons\Letter.ico
[22:19:33] - [16] VICTOR.POZEN: Début d'Upload de D:\kerberos.htx\pc loren acer\Kalender\icons\Life Belt.ico
[22:19:33] - [15] VICTOR.POZEN: Fichier Upload: D:\kerberos.htx\pc loren acer\Kalender\icons\Letter.ico (1,05 K/S -   1 078 bytes)
[22:19:33] - [16] VICTOR.POZEN: Fichier Upload: D:\kerberos.htx\pc loren acer\Kalender\icons\Life Belt.ico (2,19 K/S -   2 238 bytes)
[22:19:33] - [15] VICTOR.POZEN: Début d'Upload de D:\kerberos.htx\pc loren acer\Kalender\icons\Light Bulb.ico
[22:19:34] - [16] VICTOR.POZEN: Début d'Upload de D:\kerberos.htx\pc loren acer\Kalender\icons\Lock.ico
[22:19:34] - [15] VICTOR.POZEN: Fichier Upload: D:\kerberos.htx\pc loren acer\Kalender\icons\Light Bulb.ico (0,75 K/S -    766 bytes)
[22:19:34] - [16] VICTOR.POZEN: Fichier Upload: D:\kerberos.htx\pc loren acer\Kalender\icons\Lock.ico (2,19 K/S -   2 238 bytes)
[22:19:34] - [15] VICTOR.POZEN: Début d'Upload de D:\kerberos.htx\pc loren acer\Kalender\icons\Magnifier.ico
[22:19:34] - [16] VICTOR.POZEN: Début d'Upload de D:\kerberos.htx\pc loren acer\Kalender\icons\Mailbox.ico
[22:19:34] - [16] VICTOR.POZEN: Fichier Upload: D:\kerberos.htx\pc loren acer\Kalender\icons\Mailbox.ico (2,19 K/S -   2 238 bytes)
[22:19:34] - [15] VICTOR.POZEN: Fichier Upload: D:\kerberos.htx\pc loren acer\Kalender\icons\Magnifier.ico (9,15 K/S -   9 366 bytes)
[22:19:34] - [16] VICTOR.POZEN: Début d'Upload de D:\kerberos.htx\pc loren acer\Kalender\icons\Masquerade.ico
[22:19:34] - [15] VICTOR.POZEN: Début d'Upload de D:\kerberos.htx\pc loren acer\Kalender\icons\Mickey.ico
[22:19:34] - [16] VICTOR.POZEN: Fichier Upload: D:\kerberos.htx\pc loren acer\Kalender\icons\Masquerade.ico (2,19 K/S -   2 238 bytes)
[22:19:34] - [15] VICTOR.POZEN: Fichier Upload: D:\kerberos.htx\pc loren acer\Kalender\icons\Mickey.ico (5,87 K/S -   6 006 bytes)
[22:19:34] - [16] VICTOR.POZEN: Début d'Upload de D:\kerberos.htx\pc loren acer\Kalender\icons\Money.ico
[22:19:34] - [15] VICTOR.POZEN: Début d'Upload de D:\kerberos.htx\pc loren acer\Kalender\icons\Motorbike.ico
[22:19:34] - [16] VICTOR.POZEN: Fichier Upload: D:\kerberos.htx\pc loren acer\Kalender\icons\Money.ico (2,19 K/S -   2 238 bytes)
[22:19:34] - [15] VICTOR.POZEN: Fichier Upload: D:\kerberos.htx\pc loren acer\Kalender\icons\Motorbike.ico (2,19 K/S -   2 238 bytes)
[22:19:34] - [16] VICTOR.POZEN: Début d'Upload de D:\kerberos.htx\pc loren acer\Kalender\icons\Mushroom.ico
[22:19:34] - [15] VICTOR.POZEN: Début d'Upload de D:\kerberos.htx\pc loren acer\Kalender\icons\Network.ico
[22:19:34] - [16] VICTOR.POZEN: Fichier Upload: D:\kerberos.htx\pc loren acer\Kalender\icons\Mushroom.ico (2,19 K/S -   2 238 bytes)
[22:19:35] - [15] VICTOR.POZEN: Fichier Upload: D:\kerberos.htx\pc loren acer\Kalender\icons\Network.ico (3,55 K/S -   3 638 bytes)
[22:19:35] - [16] VICTOR.POZEN: Début d'Upload de D:\kerberos.htx\pc loren acer\Kalender\icons\Note.ico
[22:19:35] - [15] VICTOR.POZEN: Début d'Upload de D:\kerberos.htx\pc loren acer\Kalender\icons\Notebook.ico
[22:19:35] - [15] VICTOR.POZEN: Fichier Upload: D:\kerberos.htx\pc loren acer\Kalender\icons\Notebook.ico (1,05 K/S -   1 078 bytes)
[22:19:35] - [16] VICTOR.POZEN: Fichier Upload: D:\kerberos.htx\pc loren acer\Kalender\icons\Note.ico (3,55 K/S -   3 638 bytes)
[22:19:35] - [15] VICTOR.POZEN: Début d'Upload de D:\kerberos.htx\pc loren acer\Kalender\icons\Paperclip.ico
[22:19:35] - [16] VICTOR.POZEN: Début d'Upload de D:\kerberos.htx\pc loren acer\Kalender\icons\PC.ico
[22:19:35] - [15] VICTOR.POZEN: Fichier Upload: D:\kerberos.htx\pc loren acer\Kalender\icons\Paperclip.ico (2,19 K/S -   2 238 bytes)
[22:19:35] - [16] VICTOR.POZEN: Fichier Upload: D:\kerberos.htx\pc loren acer\Kalender\icons\PC.ico (9,90 K/S -   10 134 bytes)
[22:19:35] - [15] VICTOR.POZEN: Début d'Upload de D:\kerberos.htx\pc loren acer\Kalender\icons\Pencil.ico
[22:19:35] - [15] VICTOR.POZEN: Fichier Upload: D:\kerberos.htx\pc loren acer\Kalender\icons\Pencil.ico (2,19 K/S -   2 238 bytes)
[22:19:35] - [16] VICTOR.POZEN: Début d'Upload de D:\kerberos.htx\pc loren acer\Kalender\icons\Penguin.ico
[22:19:35] - [16] VICTOR.POZEN: Fichier Upload: D:\kerberos.htx\pc loren acer\Kalender\icons\Penguin.ico (2,19 K/S -   2 238 bytes)
[22:19:35] - [15] VICTOR.POZEN: Début d'Upload de D:\kerberos.htx\pc loren acer\Kalender\icons\Phone.ico
[22:19:35] - [15] VICTOR.POZEN: Fichier Upload: D:\kerberos.htx\pc loren acer\Kalender\icons\Phone.ico (2,19 K/S -   2 238 bytes)
[22:19:35] - [16] VICTOR.POZEN: Début d'Upload de D:\kerberos.htx\pc loren acer\Kalender\icons\Piano.ico
[22:19:35] - [16] VICTOR.POZEN: Fichier Upload: D:\kerberos.htx\pc loren acer\Kalender\icons\Piano.ico (0,75 K/S -    766 bytes)
[22:19:35] - [15] VICTOR.POZEN: Début d'Upload de D:\kerberos.htx\pc loren acer\Kalender\icons\Plane.ico
[22:19:36] - [15] VICTOR.POZEN: Fichier Upload: D:\kerberos.htx\pc loren acer\Kalender\icons\Plane.ico (0,75 K/S -    766 bytes)
[22:19:36] - [16] VICTOR.POZEN: Début d'Upload de D:\kerberos.htx\pc loren acer\Kalender\icons\Plug.ico
[22:19:36] - [15] VICTOR.POZEN: Début d'Upload de D:\kerberos.htx\pc loren acer\Kalender\icons\Present.ico
[22:19:36] - [16] VICTOR.POZEN: Fichier Upload: D:\kerberos.htx\pc loren acer\Kalender\icons\Plug.ico (3,55 K/S -   3 638 bytes)
[22:19:36] - [15] VICTOR.POZEN: Fichier Upload: D:\kerberos.htx\pc loren acer\Kalender\icons\Present.ico (5,10 K/S -   5 222 bytes)
[22:19:36] - [16] VICTOR.POZEN: Début d'Upload de D:\kerberos.htx\pc loren acer\Kalender\icons\Printer.ico
[22:19:36] - [15] VICTOR.POZEN: Début d'Upload de D:\kerberos.htx\pc loren acer\Kalender\icons\Projector.ico
[22:19:36] - [16] VICTOR.POZEN: Fichier Upload: D:\kerberos.htx\pc loren acer\Kalender\icons\Printer.ico (7,23 K/S -   7 406 bytes)
[22:19:36] - [15] VICTOR.POZEN: Fichier Upload: D:\kerberos.htx\pc loren acer\Kalender\icons\Projector.ico (2,19 K/S -   2 238 bytes)
[22:19:36] - [16] VICTOR.POZEN: Début d'Upload de D:\kerberos.htx\pc loren acer\Kalender\icons\Pumpkin.ico
[22:19:36] - [15] VICTOR.POZEN: Début d'Upload de D:\kerberos.htx\pc loren acer\Kalender\icons\Quarter.ico
[22:19:36] - [16] VICTOR.POZEN: Fichier Upload: D:\kerberos.htx\pc loren acer\Kalender\icons\Pumpkin.ico (2,19 K/S -   2 238 bytes)
[22:19:36] - [15] VICTOR.POZEN: Fichier Upload: D:\kerberos.htx\pc loren acer\Kalender\icons\Quarter.ico (3,55 K/S -   3 638 bytes)
[22:19:36] - [16] VICTOR.POZEN: Début d'Upload de D:\kerberos.htx\pc loren acer\Kalender\icons\Recurrence.ico
[22:19:36] - [15] VICTOR.POZEN: Début d'Upload de D:\kerberos.htx\pc loren acer\Kalender\icons\Red Cross.ico
[22:19:36] - [16] VICTOR.POZEN: Fichier Upload: D:\kerberos.htx\pc loren acer\Kalender\icons\Recurrence.ico (3,55 K/S -   3 638 bytes)
[22:19:36] - [15] VICTOR.POZEN: Fichier Upload: D:\kerberos.htx\pc loren acer\Kalender\icons\Red Cross.ico (3,55 K/S -   3 638 bytes)
[22:19:36] - [16] VICTOR.POZEN: Début d'Upload de D:\kerberos.htx\pc loren acer\Kalender\icons\Reindeer.ico
[22:19:36] - [15] VICTOR.POZEN: Début d'Upload de D:\kerberos.htx\pc loren acer\Kalender\icons\Rocket.ico
[22:19:37] - [16] VICTOR.POZEN: Fichier Upload: D:\kerberos.htx\pc loren acer\Kalender\icons\Reindeer.ico (2,19 K/S -   2 238 bytes)
[22:19:37] - [15] VICTOR.POZEN: Fichier Upload: D:\kerberos.htx\pc loren acer\Kalender\icons\Rocket.ico (2,19 K/S -   2 238 bytes)
[22:19:37] - [16] VICTOR.POZEN: Début d'Upload de D:\kerberos.htx\pc loren acer\Kalender\icons\Rudy.ico
[22:19:37] - [15] VICTOR.POZEN: Début d'Upload de D:\kerberos.htx\pc loren acer\Kalender\icons\Santa Claus.ico
[22:19:37] - [16] VICTOR.POZEN: Fichier Upload: D:\kerberos.htx\pc loren acer\Kalender\icons\Rudy.ico (4,60 K/S -   4 710 bytes)
[22:19:37] - [15] VICTOR.POZEN: Fichier Upload: D:\kerberos.htx\pc loren acer\Kalender\icons\Santa Claus.ico (4,60 K/S -   4 710 bytes)
[22:19:37] - [16] VICTOR.POZEN: Début d'Upload de D:\kerberos.htx\pc loren acer\Kalender\icons\Scared.ico
[22:19:37] - [15] VICTOR.POZEN: Début d'Upload de D:\kerberos.htx\pc loren acer\Kalender\icons\Skull.ico
[22:19:37] - [15] VICTOR.POZEN: Fichier Upload: D:\kerberos.htx\pc loren acer\Kalender\icons\Skull.ico (2,19 K/S -   2 238 bytes)
[22:19:37] - [16] VICTOR.POZEN: Fichier Upload: D:\kerberos.htx\pc loren acer\Kalender\icons\Scared.ico (2,93 K/S -   2 998 bytes)
[22:19:37] - [15] VICTOR.POZEN: Début d'Upload de D:\kerberos.htx\pc loren acer\Kalender\icons\Snowman.ico
[22:19:37] - [16] VICTOR.POZEN: Début d'Upload de D:\kerberos.htx\pc loren acer\Kalender\icons\Soccer.ico
[22:19:37] - [15] VICTOR.POZEN: Fichier Upload: D:\kerberos.htx\pc loren acer\Kalender\icons\Snowman.ico (2,19 K/S -   2 238 bytes)
[22:19:37] - [16] VICTOR.POZEN: Fichier Upload: D:\kerberos.htx\pc loren acer\Kalender\icons\Soccer.ico (4,60 K/S -   4 710 bytes)
[22:19:38] - [15] VICTOR.POZEN: Début d'Upload de D:\kerberos.htx\pc loren acer\Kalender\icons\Speaker.ico
[22:19:38] - [16] VICTOR.POZEN: Début d'Upload de D:\kerberos.htx\pc loren acer\Kalender\icons\Stop.ico
[22:19:38] - [15] VICTOR.POZEN: Fichier Upload: D:\kerberos.htx\pc loren acer\Kalender\icons\Speaker.ico (2,19 K/S -   2 238 bytes)
[22:19:38] - [16] VICTOR.POZEN: Fichier Upload: D:\kerberos.htx\pc loren acer\Kalender\icons\Stop.ico (2,19 K/S -   2 238 bytes)
[22:19:38] - [15] VICTOR.POZEN: Début d'Upload de D:\kerberos.htx\pc loren acer\Kalender\icons\Syringe.ico
[22:19:38] - [16] VICTOR.POZEN: Début d'Upload de D:\kerberos.htx\pc loren acer\Kalender\icons\T-Shirt.ico
[22:19:38] - [15] VICTOR.POZEN: Fichier Upload: D:\kerberos.htx\pc loren acer\Kalender\icons\Syringe.ico (2,19 K/S -   2 238 bytes)
[22:19:38] - [16] VICTOR.POZEN: Fichier Upload: D:\kerberos.htx\pc loren acer\Kalender\icons\T-Shirt.ico (2,93 K/S -   2 998 bytes)
[22:19:38] - [15] VICTOR.POZEN: Début d'Upload de D:\kerberos.htx\pc loren acer\Kalender\icons\Thumbs.db
[22:19:38] - [16] VICTOR.POZEN: Début d'Upload de D:\kerberos.htx\pc loren acer\Kalender\icons\Tools.ico
[22:19:38] - [16] VICTOR.POZEN: Fichier Upload: D:\kerberos.htx\pc loren acer\Kalender\icons\Tools.ico (2,19 K/S -   2 238 bytes)
[22:19:38] - [16] VICTOR.POZEN: Début d'Upload de D:\kerberos.htx\pc loren acer\Kalender\icons\Train.ico
[22:19:38] - [15] VICTOR.POZEN: Fichier Upload: D:\kerberos.htx\pc loren acer\Kalender\icons\Thumbs.db (105,50 K/S -   108 032 bytes)
[22:19:38] - [16] VICTOR.POZEN: Fichier Upload: D:\kerberos.htx\pc loren acer\Kalender\icons\Train.ico (2,19 K/S -   2 238 bytes)
[22:19:38] - [15] VICTOR.POZEN: Début d'Upload de D:\kerberos.htx\pc loren acer\Kalender\icons\Trash.ico
[22:19:39] - [16] VICTOR.POZEN: Début d'Upload de D:\kerberos.htx\pc loren acer\Kalender\icons\Trophy.ico
[22:19:39] - [15] VICTOR.POZEN: Fichier Upload: D:\kerberos.htx\pc loren acer\Kalender\icons\Trash.ico (2,93 K/S -   2 998 bytes)
[22:19:39] - [16] VICTOR.POZEN: Fichier Upload: D:\kerberos.htx\pc loren acer\Kalender\icons\Trophy.ico (2,19 K/S -   2 238 bytes)
[22:19:39] - [15] VICTOR.POZEN: Début d'Upload de D:\kerberos.htx\pc loren acer\Kalender\icons\Truck.ico
[22:19:39] - [16] VICTOR.POZEN: Début d'Upload de D:\kerberos.htx\pc loren acer\Kalender\icons\Trunk.ico
[22:19:39] - [15] VICTOR.POZEN: Fichier Upload: D:\kerberos.htx\pc loren acer\Kalender\icons\Truck.ico (2,19 K/S -   2 238 bytes)
[22:19:39] - [16] VICTOR.POZEN: Fichier Upload: D:\kerberos.htx\pc loren acer\Kalender\icons\Trunk.ico (3,55 K/S -   3 638 bytes)
[22:19:39] - [15] VICTOR.POZEN: Début d'Upload de D:\kerberos.htx\pc loren acer\Kalender\icons\USB Stick.ico
[22:19:39] - [16] VICTOR.POZEN: Début d'Upload de D:\kerberos.htx\pc loren acer\Kalender\icons\Vacuum Cleaner.ico
[22:19:39] - [15] VICTOR.POZEN: Fichier Upload: D:\kerberos.htx\pc loren acer\Kalender\icons\USB Stick.ico (3,55 K/S -   3 638 bytes)
[22:19:39] - [16] VICTOR.POZEN: Fichier Upload: D:\kerberos.htx\pc loren acer\Kalender\icons\Vacuum Cleaner.ico (2,93 K/S -   2 998 bytes)
[22:19:39] - [15] VICTOR.POZEN: Début d'Upload de D:\kerberos.htx\pc loren acer\Kalender\icons\Web.ico
[22:19:39] - [16] VICTOR.POZEN: Début d'Upload de D:\kerberos.htx\pc loren acer\Kalender\icons\Witch.ico
[22:19:39] - [15] VICTOR.POZEN: Fichier Upload: D:\kerberos.htx\pc loren acer\Kalender\icons\Web.ico (4,60 K/S -   4 710 bytes)
[22:19:39] - [16] VICTOR.POZEN: Fichier Upload: D:\kerberos.htx\pc loren acer\Kalender\icons\Witch.ico (2,19 K/S -   2 238 bytes)
[22:19:39] - [15] VICTOR.POZEN: Début d'Upload de D:\kerberos.htx\pc loren acer\Kalender\icons\World.ico
[22:19:39] - [16] VICTOR.POZEN: Début d'Upload de D:\kerberos.htx\pc loren acer\Kalender\Kalender.exe
[22:19:39] - [15] VICTOR.POZEN: Fichier Upload: D:\kerberos.htx\pc loren acer\Kalender\icons\World.ico (2,93 K/S -   2 998 bytes)
[22:19:40] - [15] VICTOR.POZEN: Début d'Upload de D:\kerberos.htx\pc loren acer\Kalender\lang\French.dll
[22:19:40] - [15] VICTOR.POZEN: Fichier Upload: D:\kerberos.htx\pc loren acer\Kalender\lang\French.dll (152,00 K/S -   155 648 bytes)
[22:19:41] - [15] VICTOR.POZEN: Début d'Upload de D:\kerberos.htx\pc loren acer\kalender_2-5-1_en_25235.exe
[22:19:48] - [16] VICTOR.POZEN: Fichier Upload: D:\kerberos.htx\pc loren acer\Kalender\Kalender.exe (121,00 K/S -   991 232 bytes)
[22:19:51] - [15] VICTOR.POZEN: Fichier Upload: D:\kerberos.htx\pc loren acer\kalender_2-5-1_en_25235.exe (212,79 K/S -  2 179 013 bytes)
[22:20:16] - [15] Client 90.100.66.214 Déconnecté (00:00:56 Min)
[22:20:16] - [16] Client 90.100.66.214 Déconnecté (00:00:56 Min)
[22:20:16] - [12] Client 90.100.66.214 Déconnecté (00:03:25 Min)
[22:23:44] - [17] Connecté à 90.100.66.214. Collecte du Nom d'utilisateur.
[22:23:45] - [17] Usager VICTOR.POZEN Connecté IP: 90.100.66.214
[22:23:45] - [17] VICTOR.POZEN: Répertoire en Cours: D:\kerberos.htx\
[22:23:45] - [17] VICTOR.POZEN: Répertoire en Cours: D:\kerberos.htx\
[22:23:49] - [17] VICTOR.POZEN: Répertoire en Cours: D:\kerberos.htx\pc loren acer\
[22:24:31] - [17] VICTOR.POZEN: Début d'Upload de D:\kerberos.htx\pc loren acer\look.txt
[22:24:31] - [17] VICTOR.POZEN: Fichier Upload: D:\kerberos.htx\pc loren acer\look.txt (0,08 K/S -    80 bytes)
[22:24:59] - [17] Client 90.100.66.214 Déconnecté (00:01:15 Min)
[22:32:25] - [18] Connecté à 192.168.0.1. Collecte du Nom d'utilisateur.
[22:32:25] - [18] Usager VICTOR.POZEN Connecté IP: 192.168.0.1
[22:32:25] - [18] VICTOR.POZEN: Répertoire en Cours: D:\kerberos.htx\
[22:32:25] - [18] VICTOR.POZEN: Répertoire en Cours: D:\kerberos.htx\
[22:32:39] - [18] VICTOR.POZEN: Répertoire en Cours: D:\kerberos.htx\pc loren acer\
[22:32:39] - [18] VICTOR.POZEN: Répertoire en Cours: D:\kerberos.htx\pc loren acer\Kalender\
[22:32:39] - [18] VICTOR.POZEN: Répertoire en Cours: D:\kerberos.htx\pc loren acer\Kalender\lang\
[22:32:40] - [18] VICTOR.POZEN: Répertoire en Cours: D:\kerberos.htx\pc loren acer\Kalender\icons\
[22:32:40] - [18] VICTOR.POZEN: Répertoire en Cours: D:\kerberos.htx\pc loren acer\Kalender\holidays\
[22:32:40] - [18] VICTOR.POZEN: Répertoire en Cours: D:\kerberos.htx\pc loren acer\Kalender\events\
[22:32:41] - [18] VICTOR.POZEN: Répertoire en Cours: D:\kerberos.htx\pc loren acer\Kalender\doc\
[22:32:41] - [18] VICTOR.POZEN: Répertoire en Cours: D:\kerberos.htx\pc loren acer\Kalender\doc\german\
[22:32:41] - [18] VICTOR.POZEN: Répertoire en Cours: D:\kerberos.htx\pc loren acer\Kalender\doc\english\
[22:32:41] - [18] VICTOR.POZEN: Répertoire en Cours: D:\kerberos.htx\pc loren acer\Diettes et tics\
[22:32:42] - [18] VICTOR.POZEN: Répertoire en Cours: D:\kerberos.htx\pc loren acer\Diettes et tics\sauvegarde\
[22:32:42] - [19] Connecté à 192.168.0.1. Collecte du Nom d'utilisateur.
[22:32:42] - [20] Connecté à 192.168.0.1. Collecte du Nom d'utilisateur.
[22:32:42] - [20] Usager VICTOR.POZEN Connecté IP: 192.168.0.1
[22:32:42] - [20] VICTOR.POZEN: Répertoire en Cours: D:\kerberos.htx\
[22:32:42] - [19] Usager VICTOR.POZEN Connecté IP: 192.168.0.1
[22:32:42] - [19] VICTOR.POZEN: Répertoire en Cours: D:\kerberos.htx\
[22:32:43] - [20] VICTOR.POZEN: Début du Téléchargement de: D:\kerberos.htx\pc loren acer\look.txt
[22:32:43] - [20] VICTOR.POZEN: Fichier envoyé: D:\kerberos.htx\pc loren acer\look.txt (0,08 K/S -    80 bytes)
[22:32:43] - [19] VICTOR.POZEN: Début du Téléchargement de: D:\kerberos.htx\pc loren acer\kalender_2-5-1_en_25235.exe
[22:32:43] - [20] VICTOR.POZEN: Début du Téléchargement de: D:\kerberos.htx\pc loren acer\Kalender\Kalender.exe
[22:32:45] - [20] VICTOR.POZEN: Fichier envoyé: D:\kerberos.htx\pc loren acer\Kalender\Kalender.exe (484,00 K/S -   991 232 bytes)
[22:32:46] - [19] VICTOR.POZEN: Fichier envoyé: D:\kerberos.htx\pc loren acer\kalender_2-5-1_en_25235.exe (709,31 K/S -  2 179 013 bytes)
[22:32:47] - [19] VICTOR.POZEN: Début du Téléchargement de: D:\kerberos.htx\pc loren acer\Kalender\lang\French.dll
[22:32:47] - [19] VICTOR.POZEN: Fichier envoyé: D:\kerberos.htx\pc loren acer\Kalender\lang\French.dll (152,00 K/S -   155 648 bytes)
[22:32:47] - [19] VICTOR.POZEN: Début du Téléchargement de: D:\kerberos.htx\pc loren acer\Kalender\icons\Anchor.ico
[22:32:47] - [19] VICTOR.POZEN: Fichier envoyé: D:\kerberos.htx\pc loren acer\Kalender\icons\Anchor.ico (2,19 K/S -   2 238 bytes)
[22:32:48] - [19] VICTOR.POZEN: Début du Téléchargement de: D:\kerberos.htx\pc loren acer\Kalender\icons\Atom.ico
[22:32:48] - [19] VICTOR.POZEN: Fichier envoyé: D:\kerberos.htx\pc loren acer\Kalender\icons\Atom.ico (0,75 K/S -    766 bytes)
[22:32:48] - [19] VICTOR.POZEN: Début du Téléchargement de: D:\kerberos.htx\pc loren acer\Kalender\icons\Attention.ico
[22:32:48] - [19] VICTOR.POZEN: Fichier envoyé: D:\kerberos.htx\pc loren acer\Kalender\icons\Attention.ico (2,19 K/S -   2 238 bytes)
[22:32:48] - [19] VICTOR.POZEN: Début du Téléchargement de: D:\kerberos.htx\pc loren acer\Kalender\icons\Bag.ico
[22:32:48] - [19] VICTOR.POZEN: Fichier envoyé: D:\kerberos.htx\pc loren acer\Kalender\icons\Bag.ico (2,19 K/S -   2 238 bytes)
[22:32:49] - [19] VICTOR.POZEN: Début du Téléchargement de: D:\kerberos.htx\pc loren acer\Kalender\icons\Balloons.ico
[22:32:49] - [19] VICTOR.POZEN: Fichier envoyé: D:\kerberos.htx\pc loren acer\Kalender\icons\Balloons.ico (2,19 K/S -   2 238 bytes)
[22:32:49] - [19] VICTOR.POZEN: Début du Téléchargement de: D:\kerberos.htx\pc loren acer\Kalender\icons\Basketball.ico
[22:32:49] - [19] VICTOR.POZEN: Fichier envoyé: D:\kerberos.htx\pc loren acer\Kalender\icons\Basketball.ico (2,19 K/S -   2 238 bytes)
[22:32:49] - [19] VICTOR.POZEN: Début du Téléchargement de: D:\kerberos.htx\pc loren acer\Kalender\icons\Battery.ico
[22:32:49] - [19] VICTOR.POZEN: Fichier envoyé: D:\kerberos.htx\pc loren acer\Kalender\icons\Battery.ico (2,19 K/S -   2 238 bytes)
[22:32:50] - [19] VICTOR.POZEN: Début du Téléchargement de: D:\kerberos.htx\pc loren acer\Kalender\icons\Bell.ico
[22:32:50] - [19] VICTOR.POZEN: Fichier envoyé: D:\kerberos.htx\pc loren acer\Kalender\icons\Bell.ico (1,05 K/S -   1 078 bytes)
[22:32:50] - [19] VICTOR.POZEN: Début du Téléchargement de: D:\kerberos.htx\pc loren acer\Kalender\icons\Bomb.ico
[22:32:50] - [19] VICTOR.POZEN: Fichier envoyé: D:\kerberos.htx\pc loren acer\Kalender\icons\Bomb.ico (2,93 K/S -   2 998 bytes)
[22:32:50] - [19] VICTOR.POZEN: Début du Téléchargement de: D:\kerberos.htx\pc loren acer\Kalender\icons\Book.ico
[22:32:50] - [19] VICTOR.POZEN: Fichier envoyé: D:\kerberos.htx\pc loren acer\Kalender\icons\Book.ico (2,19 K/S -   2 238 bytes)
[22:32:50] - [19] VICTOR.POZEN: Début du Téléchargement de: D:\kerberos.htx\pc loren acer\Kalender\icons\Boots.ico
[22:32:50] - [19] VICTOR.POZEN: Fichier envoyé: D:\kerberos.htx\pc loren acer\Kalender\icons\Boots.ico (2,19 K/S -   2 238 bytes)
[22:32:51] - [19] VICTOR.POZEN: Début du Téléchargement de: D:\kerberos.htx\pc loren acer\Kalender\icons\Bottle.ico
[22:32:51] - [19] VICTOR.POZEN: Fichier envoyé: D:\kerberos.htx\pc loren acer\Kalender\icons\Bottle.ico (2,19 K/S -   2 238 bytes)
[22:32:51] - [19] VICTOR.POZEN: Début du Téléchargement de: D:\kerberos.htx\pc loren acer\Kalender\icons\Bucket.ico
[22:32:51] - [19] VICTOR.POZEN: Fichier envoyé: D:\kerberos.htx\pc loren acer\Kalender\icons\Bucket.ico (2,93 K/S -   2 998 bytes)
[22:32:51] - [19] VICTOR.POZEN: Début du Téléchargement de: D:\kerberos.htx\pc loren acer\Kalender\icons\Bunny.ico
[22:32:51] - [19] VICTOR.POZEN: Fichier envoyé: D:\kerberos.htx\pc loren acer\Kalender\icons\Bunny.ico (2,19 K/S -   2 238 bytes)
[22:32:51] - [19] VICTOR.POZEN: Début du Téléchargement de: D:\kerberos.htx\pc loren acer\Kalender\icons\Burger.ico
[22:32:51] - [19] VICTOR.POZEN: Fichier envoyé: D:\kerberos.htx\pc loren acer\Kalender\icons\Burger.ico (2,19 K/S -   2 238 bytes)
[22:32:52] - [20] VICTOR.POZEN: Début du Téléchargement de: D:\kerberos.htx\pc loren acer\Kalender\icons\Cabinet.ico
[22:32:52] - [20] VICTOR.POZEN: Fichier envoyé: D:\kerberos.htx\pc loren acer\Kalender\icons\Cabinet.ico (2,19 K/S -   2 238 bytes)
[22:32:52] - [19] VICTOR.POZEN: Début du Téléchargement de: D:\kerberos.htx\pc loren acer\Kalender\icons\Camera.ico
[22:32:52] - [19] VICTOR.POZEN: Fichier envoyé: D:\kerberos.htx\pc loren acer\Kalender\icons\Camera.ico (2,19 K/S -   2 238 bytes)
[22:32:52] - [20] VICTOR.POZEN: Début du Téléchargement de: D:\kerberos.htx\pc loren acer\Kalender\icons\Candle.ico
[22:32:52] - [20] VICTOR.POZEN: Fichier envoyé: D:\kerberos.htx\pc loren acer\Kalender\icons\Candle.ico (2,19 K/S -   2 238 bytes)
[22:32:52] - [19] VICTOR.POZEN: Début du Téléchargement de: D:\kerberos.htx\pc loren acer\Kalender\icons\Candles.ico
[22:32:52] - [19] VICTOR.POZEN: Fichier envoyé: D:\kerberos.htx\pc loren acer\Kalender\icons\Candles.ico (2,19 K/S -   2 238 bytes)
[22:32:52] - [20] VICTOR.POZEN: Début du Téléchargement de: D:\kerberos.htx\pc loren acer\Kalender\icons\Car.ico
[22:32:52] - [20] VICTOR.POZEN: Fichier envoyé: D:\kerberos.htx\pc loren acer\Kalender\icons\Car.ico (2,19 K/S -   2 238 bytes)
[22:32:52] - [19] VICTOR.POZEN: Début du Téléchargement de: D:\kerberos.htx\pc loren acer\Kalender\icons\Carrot.ico
[22:32:52] - [19] VICTOR.POZEN: Fichier envoyé: D:\kerberos.htx\pc loren acer\Kalender\icons\Carrot.ico (2,19 K/S -   2 238 bytes)
[22:32:52] - [20] VICTOR.POZEN: Début du Téléchargement de: D:\kerberos.htx\pc loren acer\Kalender\icons\Case.ico
[22:32:52] - [20] VICTOR.POZEN: Fichier envoyé: D:\kerberos.htx\pc loren acer\Kalender\icons\Case.ico (4,60 K/S -   4 710 bytes)
[22:32:52] - [19] VICTOR.POZEN: Début du Téléchargement de: D:\kerberos.htx\pc loren acer\Kalender\icons\Cat.ico
[22:32:52] - [19] VICTOR.POZEN: Fichier envoyé: D:\kerberos.htx\pc loren acer\Kalender\icons\Cat.ico (2,19 K/S -   2 238 bytes)
[22:32:52] - [20] VICTOR.POZEN: Début du Téléchargement de: D:\kerberos.htx\pc loren acer\Kalender\icons\Certificate.ico
[22:32:53] - [20] VICTOR.POZEN: Fichier envoyé: D:\kerberos.htx\pc loren acer\Kalender\icons\Certificate.ico (0,75 K/S -    766 bytes)
[22:32:53] - [19] VICTOR.POZEN: Début du Téléchargement de: D:\kerberos.htx\pc loren acer\Kalender\icons\Clock.ico
[22:32:53] - [19] VICTOR.POZEN: Fichier envoyé: D:\kerberos.htx\pc loren acer\Kalender\icons\Clock.ico (4,60 K/S -   4 710 bytes)
[22:32:53] - [20] VICTOR.POZEN: Début du Téléchargement de: D:\kerberos.htx\pc loren acer\Kalender\icons\Compact Disk.ico
[22:32:53] - [20] VICTOR.POZEN: Fichier envoyé: D:\kerberos.htx\pc loren acer\Kalender\icons\Compact Disk.ico (3,55 K/S -   3 638 bytes)
[22:32:53] - [19] VICTOR.POZEN: Début du Téléchargement de: D:\kerberos.htx\pc loren acer\Kalender\icons\Compass.ico
[22:32:53] - [19] VICTOR.POZEN: Fichier envoyé: D:\kerberos.htx\pc loren acer\Kalender\icons\Compass.ico (2,19 K/S -   2 238 bytes)
[22:32:53] - [20] VICTOR.POZEN: Début du Téléchargement de: D:\kerberos.htx\pc loren acer\Kalender\icons\Dice.ico
[22:32:53] - [20] VICTOR.POZEN: Fichier envoyé: D:\kerberos.htx\pc loren acer\Kalender\icons\Dice.ico (0,75 K/S -    766 bytes)
[22:32:53] - [19] VICTOR.POZEN: Début du Téléchargement de: D:\kerberos.htx\pc loren acer\Kalender\icons\Dog.ico
[22:32:53] - [19] VICTOR.POZEN: Fichier envoyé: D:\kerberos.htx\pc loren acer\Kalender\icons\Dog.ico (2,19 K/S -   2 238 bytes)
[22:32:53] - [20] VICTOR.POZEN: Début du Téléchargement de: D:\kerberos.htx\pc loren acer\Kalender\icons\Drink.ico
[22:32:53] - [20] VICTOR.POZEN: Fichier envoyé: D:\kerberos.htx\pc loren acer\Kalender\icons\Drink.ico (2,19 K/S -   2 238 bytes)
[22:32:53] - [19] VICTOR.POZEN: Début du Téléchargement de: D:\kerberos.htx\pc loren acer\Kalender\icons\Election.ico
[22:32:53] - [19] VICTOR.POZEN: Fichier envoyé: D:\kerberos.htx\pc loren acer\Kalender\icons\Election.ico (3,55 K/S -   3 638 bytes)
[22:32:53] - [20] VICTOR.POZEN: Début du Téléchargement de: D:\kerberos.htx\pc loren acer\Kalender\icons\Favorites.ico
[22:32:53] - [20] VICTOR.POZEN: Fichier envoyé: D:\kerberos.htx\pc loren acer\Kalender\icons\Favorites.ico (8,94 K/S -   9 158 bytes)
[22:32:54] - [19] VICTOR.POZEN: Début du Téléchargement de: D:\kerberos.htx\pc loren acer\Kalender\icons\Fish.ico
[22:32:54] - [19] VICTOR.POZEN: Fichier envoyé: D:\kerberos.htx\pc loren acer\Kalender\icons\Fish.ico (2,19 K/S -   2 238 bytes)
[22:32:54] - [20] VICTOR.POZEN: Début du Téléchargement de: D:\kerberos.htx\pc loren acer\Kalender\icons\Floppy.ico
[22:32:54] - [20] VICTOR.POZEN: Fichier envoyé: D:\kerberos.htx\pc loren acer\Kalender\icons\Floppy.ico (2,19 K/S -   2 238 bytes)
[22:32:54] - [19] VICTOR.POZEN: Début du Téléchargement de: D:\kerberos.htx\pc loren acer\Kalender\icons\Flower.ico
[22:32:54] - [19] VICTOR.POZEN: Fichier envoyé: D:\kerberos.htx\pc loren acer\Kalender\icons\Flower.ico (2,19 K/S -   2 238 bytes)
[22:32:54] - [20] VICTOR.POZEN: Début du Téléchargement de: D:\kerberos.htx\pc loren acer\Kalender\icons\Ghost.ico
[22:32:54] - [20] VICTOR.POZEN: Fichier envoyé: D:\kerberos.htx\pc loren acer\Kalender\icons\Ghost.ico (2,19 K/S -   2 238 bytes)
[22:32:54] - [19] VICTOR.POZEN: Début du Téléchargement de: D:\kerberos.htx\pc loren acer\Kalender\icons\Gift.ico
[22:32:54] - [19] VICTOR.POZEN: Fichier envoyé: D:\kerberos.htx\pc loren acer\Kalender\icons\Gift.ico (2,19 K/S -   2 238 bytes)
[22:32:54] - [20] VICTOR.POZEN: Début du Téléchargement de: D:\kerberos.htx\pc loren acer\Kalender\icons\Graph.ico
[22:32:54] - [20] VICTOR.POZEN: Fichier envoyé: D:\kerberos.htx\pc loren acer\Kalender\icons\Graph.ico (0,75 K/S -    766 bytes)
[22:32:54] - [19] VICTOR.POZEN: Début du Téléchargement de: D:\kerberos.htx\pc loren acer\Kalender\icons\Green Bin.ico
[22:32:54] - [19] VICTOR.POZEN: Fichier envoyé: D:\kerberos.htx\pc loren acer\Kalender\icons\Green Bin.ico (3,55 K/S -   3 638 bytes)
[22:32:54] - [20] VICTOR.POZEN: Début du Téléchargement de: D:\kerberos.htx\pc loren acer\Kalender\icons\Guitar.ico
[22:32:54] - [20] VICTOR.POZEN: Fichier envoyé: D:\kerberos.htx\pc loren acer\Kalender\icons\Guitar.ico (2,19 K/S -   2 238 bytes)
[22:32:55] - [19] VICTOR.POZEN: Début du Téléchargement de: D:\kerberos.htx\pc loren acer\Kalender\icons\Heart.ico
[22:32:55] - [19] VICTOR.POZEN: Fichier envoyé: D:\kerberos.htx\pc loren acer\Kalender\icons\Heart.ico (5,10 K/S -   5 222 bytes)
[22:32:55] - [20] VICTOR.POZEN: Début du Téléchargement de: D:\kerberos.htx\pc loren acer\Kalender\icons\Helmet.ico
[22:32:55] - [20] VICTOR.POZEN: Fichier envoyé: D:\kerberos.htx\pc loren acer\Kalender\icons\Helmet.ico (2,19 K/S -   2 238 bytes)
[22:32:55] - [19] VICTOR.POZEN: Début du Téléchargement de: D:\kerberos.htx\pc loren acer\Kalender\icons\Home.ico
[22:32:55] - [19] VICTOR.POZEN: Fichier envoyé: D:\kerberos.htx\pc loren acer\Kalender\icons\Home.ico (3,55 K/S -   3 638 bytes)
[22:32:55] - [20] VICTOR.POZEN: Début du Téléchargement de: D:\kerberos.htx\pc loren acer\Kalender\icons\Ice Cream.ico
[22:32:55] - [20] VICTOR.POZEN: Fichier envoyé: D:\kerberos.htx\pc loren acer\Kalender\icons\Ice Cream.ico (2,19 K/S -   2 238 bytes)
[22:32:55] - [19] VICTOR.POZEN: Début du Téléchargement de: D:\kerberos.htx\pc loren acer\Kalender\icons\Iron.ico
[22:32:55] - [19] VICTOR.POZEN: Fichier envoyé: D:\kerberos.htx\pc loren acer\Kalender\icons\Iron.ico (2,93 K/S -   2 998 bytes)
[22:32:55] - [20] VICTOR.POZEN: Début du Téléchargement de: D:\kerberos.htx\pc loren acer\Kalender\icons\Joystick.ico
[22:32:55] - [20] VICTOR.POZEN: Fichier envoyé: D:\kerberos.htx\pc loren acer\Kalender\icons\Joystick.ico (9,90 K/S -   10 134 bytes)
[22:32:55] - [19] VICTOR.POZEN: Début du Téléchargement de: D:\kerberos.htx\pc loren acer\Kalender\icons\Key.ico
[22:32:55] - [19] VICTOR.POZEN: Fichier envoyé: D:\kerberos.htx\pc loren acer\Kalender\icons\Key.ico (3,55 K/S -   3 638 bytes)
[22:32:55] - [20] VICTOR.POZEN: Début du Téléchargement de: D:\kerberos.htx\pc loren acer\Kalender\icons\Knife.ico
[22:32:55] - [20] VICTOR.POZEN: Fichier envoyé: D:\kerberos.htx\pc loren acer\Kalender\icons\Knife.ico (2,19 K/S -   2 238 bytes)
[22:32:56] - [19] VICTOR.POZEN: Début du Téléchargement de: D:\kerberos.htx\pc loren acer\Kalender\icons\Letter.ico
[22:32:56] - [19] VICTOR.POZEN: Fichier envoyé: D:\kerberos.htx\pc loren acer\Kalender\icons\Letter.ico (1,05 K/S -   1 078 bytes)
[22:32:56] - [20] VICTOR.POZEN: Début du Téléchargement de: D:\kerberos.htx\pc loren acer\Kalender\icons\Life Belt.ico
[22:32:56] - [20] VICTOR.POZEN: Fichier envoyé: D:\kerberos.htx\pc loren acer\Kalender\icons\Life Belt.ico (2,19 K/S -   2 238 bytes)
[22:32:56] - [19] VICTOR.POZEN: Début du Téléchargement de: D:\kerberos.htx\pc loren acer\Kalender\icons\Light Bulb.ico
[22:32:56] - [19] VICTOR.POZEN: Fichier envoyé: D:\kerberos.htx\pc loren acer\Kalender\icons\Light Bulb.ico (0,75 K/S -    766 bytes)
[22:32:56] - [20] VICTOR.POZEN: Début du Téléchargement de: D:\kerberos.htx\pc loren acer\Kalender\icons\Lock.ico
[22:32:56] - [20] VICTOR.POZEN: Fichier envoyé: D:\kerberos.htx\pc loren acer\Kalender\icons\Lock.ico (2,19 K/S -   2 238 bytes)
[22:32:56] - [19] VICTOR.POZEN: Début du Téléchargement de: D:\kerberos.htx\pc loren acer\Kalender\icons\Magnifier.ico
[22:32:56] - [19] VICTOR.POZEN: Fichier envoyé: D:\kerberos.htx\pc loren acer\Kalender\icons\Magnifier.ico (9,15 K/S -   9 366 bytes)
[22:32:56] - [20] VICTOR.POZEN: Début du Téléchargement de: D:\kerberos.htx\pc loren acer\Kalender\icons\Mailbox.ico
[22:32:56] - [20] VICTOR.POZEN: Fichier envoyé: D:\kerberos.htx\pc loren acer\Kalender\icons\Mailbox.ico (2,19 K/S -   2 238 bytes)
[22:32:56] - [19] VICTOR.POZEN: Début du Téléchargement de: D:\kerberos.htx\pc loren acer\Kalender\icons\Masquerade.ico
[22:32:56] - [19] VICTOR.POZEN: Fichier envoyé: D:\kerberos.htx\pc loren acer\Kalender\icons\Masquerade.ico (2,19 K/S -   2 238 bytes)
[22:32:56] - [20] VICTOR.POZEN: Début du Téléchargement de: D:\kerberos.htx\pc loren acer\Kalender\icons\Mickey.ico
[22:32:57] - [20] VICTOR.POZEN: Fichier envoyé: D:\kerberos.htx\pc loren acer\Kalender\icons\Mickey.ico (5,87 K/S -   6 006 bytes)
[22:32:57] - [19] VICTOR.POZEN: Début du Téléchargement de: D:\kerberos.htx\pc loren acer\Kalender\icons\Money.ico
[22:32:57] - [19] VICTOR.POZEN: Fichier envoyé: D:\kerberos.htx\pc loren acer\Kalender\icons\Money.ico (2,19 K/S -   2 238 bytes)
[22:32:57] - [20] VICTOR.POZEN: Début du Téléchargement de: D:\kerberos.htx\pc loren acer\Kalender\icons\Motorbike.ico
[22:32:57] - [20] VICTOR.POZEN: Fichier envoyé: D:\kerberos.htx\pc loren acer\Kalender\icons\Motorbike.ico (2,19 K/S -   2 238 bytes)
[22:32:57] - [20] VICTOR.POZEN: Début du Téléchargement de: D:\kerberos.htx\pc loren acer\Kalender\icons\Mushroom.ico
[22:32:57] - [20] VICTOR.POZEN: Fichier envoyé: D:\kerberos.htx\pc loren acer\Kalender\icons\Mushroom.ico (2,19 K/S -   2 238 bytes)
[22:32:57] - [19] VICTOR.POZEN: Début du Téléchargement de: D:\kerberos.htx\pc loren acer\Kalender\icons\Network.ico
[22:32:57] - [19] VICTOR.POZEN: Fichier envoyé: D:\kerberos.htx\pc loren acer\Kalender\icons\Network.ico (3,55 K/S -   3 638 bytes)
[22:32:57] - [20] VICTOR.POZEN: Début du Téléchargement de: D:\kerberos.htx\pc loren acer\Kalender\icons\Note.ico
[22:32:57] - [20] VICTOR.POZEN: Fichier envoyé: D:\kerberos.htx\pc loren acer\Kalender\icons\Note.ico (3,55 K/S -   3 638 bytes)
[22:32:57] - [19] VICTOR.POZEN: Début du Téléchargement de: D:\kerberos.htx\pc loren acer\Kalender\icons\Notebook.ico
[22:32:57] - [19] VICTOR.POZEN: Fichier envoyé: D:\kerberos.htx\pc loren acer\Kalender\icons\Notebook.ico (1,05 K/S -   1 078 bytes)
[22:32:58] - [19] VICTOR.POZEN: Début du Téléchargement de: D:\kerberos.htx\pc loren acer\Kalender\icons\Paperclip.ico
[22:32:58] - [19] VICTOR.POZEN: Fichier envoyé: D:\kerberos.htx\pc loren acer\Kalender\icons\Paperclip.ico (2,19 K/S -   2 238 bytes)
[22:32:58] - [20] VICTOR.POZEN: Début du Téléchargement de: D:\kerberos.htx\pc loren acer\Kalender\icons\PC.ico
[22:32:58] - [20] VICTOR.POZEN: Fichier envoyé: D:\kerberos.htx\pc loren acer\Kalender\icons\PC.ico (9,90 K/S -   10 134 bytes)
[22:32:58] - [19] VICTOR.POZEN: Début du Téléchargement de: D:\kerberos.htx\pc loren acer\Kalender\icons\Pencil.ico
[22:32:58] - [19] VICTOR.POZEN: Fichier envoyé: D:\kerberos.htx\pc loren acer\Kalender\icons\Pencil.ico (2,19 K/S -   2 238 bytes)
[22:32:58] - [20] VICTOR.POZEN: Début du Téléchargement de: D:\kerberos.htx\pc loren acer\Kalender\icons\Penguin.ico
[22:32:58] - [20] VICTOR.POZEN: Fichier envoyé: D:\kerberos.htx\pc loren acer\Kalender\icons\Penguin.ico (2,19 K/S -   2 238 bytes)
[22:32:58] - [19] VICTOR.POZEN: Début du Téléchargement de: D:\kerberos.htx\pc loren acer\Kalender\icons\Phone.ico
[22:32:58] - [19] VICTOR.POZEN: Fichier envoyé: D:\kerberos.htx\pc loren acer\Kalender\icons\Phone.ico (2,19 K/S -   2 238 bytes)
[22:32:58] - [20] VICTOR.POZEN: Début du Téléchargement de: D:\kerberos.htx\pc loren acer\Kalender\icons\Piano.ico
[22:32:58] - [20] VICTOR.POZEN: Fichier envoyé: D:\kerberos.htx\pc loren acer\Kalender\icons\Piano.ico (0,75 K/S -    766 bytes)
[22:32:58] - [19] VICTOR.POZEN: Début du Téléchargement de: D:\kerberos.htx\pc loren acer\Kalender\icons\Plane.ico
[22:32:58] - [19] VICTOR.POZEN: Fichier envoyé: D:\kerberos.htx\pc loren acer\Kalender\icons\Plane.ico (0,75 K/S -    766 bytes)
[22:32:59] - [20] VICTOR.POZEN: Début du Téléchargement de: D:\kerberos.htx\pc loren acer\Kalender\icons\Plug.ico
[22:32:59] - [20] VICTOR.POZEN: Fichier envoyé: D:\kerberos.htx\pc loren acer\Kalender\icons\Plug.ico (3,55 K/S -   3 638 bytes)
[22:32:59] - [19] VICTOR.POZEN: Début du Téléchargement de: D:\kerberos.htx\pc loren acer\Kalender\icons\Present.ico
[22:32:59] - [19] VICTOR.POZEN: Fichier envoyé: D:\kerberos.htx\pc loren acer\Kalender\icons\Present.ico (5,10 K/S -   5 222 bytes)
[22:32:59] - [20] VICTOR.POZEN: Début du Téléchargement de: D:\kerberos.htx\pc loren acer\Kalender\icons\Printer.ico
[22:32:59] - [20] VICTOR.POZEN: Fichier envoyé: D:\kerberos.htx\pc loren acer\Kalender\icons\Printer.ico (7,23 K/S -   7 406 bytes)
[22:32:59] - [19] VICTOR.POZEN: Début du Téléchargement de: D:\kerberos.htx\pc loren acer\Kalender\icons\Projector.ico
[22:32:59] - [19] VICTOR.POZEN: Fichier envoyé: D:\kerberos.htx\pc loren acer\Kalender\icons\Projector.ico (2,19 K/S -   2 238 bytes)
[22:32:59] - [20] VICTOR.POZEN: Début du Téléchargement de: D:\kerberos.htx\pc loren acer\Kalender\icons\Pumpkin.ico
[22:32:59] - [20] VICTOR.POZEN: Fichier envoyé: D:\kerberos.htx\pc loren acer\Kalender\icons\Pumpkin.ico (2,19 K/S -   2 238 bytes)
[22:32:59] - [19] VICTOR.POZEN: Début du Téléchargement de: D:\kerberos.htx\pc loren acer\Kalender\icons\Quarter.ico
[22:32:59] - [19] VICTOR.POZEN: Fichier envoyé: D:\kerberos.htx\pc loren acer\Kalender\icons\Quarter.ico (3,55 K/S -   3 638 bytes)
[22:32:59] - [20] VICTOR.POZEN: Début du Téléchargement de: D:\kerberos.htx\pc loren acer\Kalender\icons\Recurrence.ico
[22:32:59] - [20] VICTOR.POZEN: Fichier envoyé: D:\kerberos.htx\pc loren acer\Kalender\icons\Recurrence.ico (3,55 K/S -   3 638 bytes)
[22:33:00] - [19] VICTOR.POZEN: Début du Téléchargement de: D:\kerberos.htx\pc loren acer\Kalender\icons\Red Cross.ico
[22:33:00] - [19] VICTOR.POZEN: Fichier envoyé: D:\kerberos.htx\pc loren acer\Kalender\icons\Red Cross.ico (3,55 K/S -   3 638 bytes)
[22:33:00] - [20] VICTOR.POZEN: Début du Téléchargement de: D:\kerberos.htx\pc loren acer\Kalender\icons\Reindeer.ico
[22:33:00] - [20] VICTOR.POZEN: Fichier envoyé: D:\kerberos.htx\pc loren acer\Kalender\icons\Reindeer.ico (2,19 K/S -   2 238 bytes)
[22:33:00] - [19] VICTOR.POZEN: Début du Téléchargement de: D:\kerberos.htx\pc loren acer\Kalender\icons\Rocket.ico
[22:33:00] - [19] VICTOR.POZEN: Fichier envoyé: D:\kerberos.htx\pc loren acer\Kalender\icons\Rocket.ico (2,19 K/S -   2 238 bytes)
[22:33:00] - [20] VICTOR.POZEN: Début du Téléchargement de: D:\kerberos.htx\pc loren acer\Kalender\icons\Rudy.ico
[22:33:00] - [20] VICTOR.POZEN: Fichier envoyé: D:\kerberos.htx\pc loren acer\Kalender\icons\Rudy.ico (4,60 K/S -   4 710 bytes)
[22:33:00] - [19] VICTOR.POZEN: Début du Téléchargement de: D:\kerberos.htx\pc loren acer\Kalender\icons\Santa Claus.ico
[22:33:00] - [19] VICTOR.POZEN: Fichier envoyé: D:\kerberos.htx\pc loren acer\Kalender\icons\Santa Claus.ico (4,60 K/S -   4 710 bytes)
[22:33:00] - [20] VICTOR.POZEN: Début du Téléchargement de: D:\kerberos.htx\pc loren acer\Kalender\icons\Scared.ico
[22:33:00] - [20] VICTOR.POZEN: Fichier envoyé: D:\kerberos.htx\pc loren acer\Kalender\icons\Scared.ico (2,93 K/S -   2 998 bytes)
[22:33:00] - [20] VICTOR.POZEN: Début du Téléchargement de: D:\kerberos.htx\pc loren acer\Kalender\icons\Skull.ico
[22:33:01] - [20] VICTOR.POZEN: Fichier envoyé: D:\kerberos.htx\pc loren acer\Kalender\icons\Skull.ico (2,19 K/S -   2 238 bytes)
[22:33:01] - [19] VICTOR.POZEN: Début du Téléchargement de: D:\kerberos.htx\pc loren acer\Kalender\icons\Snowman.ico
[22:33:01] - [19] VICTOR.POZEN: Fichier envoyé: D:\kerberos.htx\pc loren acer\Kalender\icons\Snowman.ico (2,19 K/S -   2 238 bytes)
[22:33:01] - [20] VICTOR.POZEN: Début du Téléchargement de: D:\kerberos.htx\pc loren acer\Kalender\icons\Soccer.ico
[22:33:01] - [20] VICTOR.POZEN: Fichier envoyé: D:\kerberos.htx\pc loren acer\Kalender\icons\Soccer.ico (4,60 K/S -   4 710 bytes)
[22:33:01] - [19] VICTOR.POZEN: Début du Téléchargement de: D:\kerberos.htx\pc loren acer\Kalender\icons\Speaker.ico
[22:33:01] - [19] VICTOR.POZEN: Fichier envoyé: D:\kerberos.htx\pc loren acer\Kalender\icons\Speaker.ico (2,19 K/S -   2 238 bytes)
[22:33:01] - [20] VICTOR.POZEN: Début du Téléchargement de: D:\kerberos.htx\pc loren acer\Kalender\icons\Stop.ico
[22:33:01] - [20] VICTOR.POZEN: Fichier envoyé: D:\kerberos.htx\pc loren acer\Kalender\icons\Stop.ico (2,19 K/S -   2 238 bytes)
[22:33:01] - [19] VICTOR.POZEN: Début du Téléchargement de: D:\kerberos.htx\pc loren acer\Kalender\icons\Syringe.ico
[22:33:01] - [19] VICTOR.POZEN: Fichier envoyé: D:\kerberos.htx\pc loren acer\Kalender\icons\Syringe.ico (2,19 K/S -   2 238 bytes)
[22:33:01] - [20] VICTOR.POZEN: Début du Téléchargement de: D:\kerberos.htx\pc loren acer\Kalender\icons\T-Shirt.ico
[22:33:01] - [20] VICTOR.POZEN: Fichier envoyé: D:\kerberos.htx\pc loren acer\Kalender\icons\T-Shirt.ico (2,93 K/S -   2 998 bytes)
[22:33:01] - [19] VICTOR.POZEN: Début du Téléchargement de: D:\kerberos.htx\pc loren acer\Kalender\icons\Thumbs.db
[22:33:02] - [19] VICTOR.POZEN: Fichier envoyé: D:\kerberos.htx\pc loren acer\Kalender\icons\Thumbs.db (105,50 K/S -   108 032 bytes)
[22:33:02] - [20] VICTOR.POZEN: Début du Téléchargement de: D:\kerberos.htx\pc loren acer\Kalender\icons\Tools.ico
[22:33:02] - [20] VICTOR.POZEN: Fichier envoyé: D:\kerberos.htx\pc loren acer\Kalender\icons\Tools.ico (2,19 K/S -   2 238 bytes)
[22:33:02] - [19] VICTOR.POZEN: Début du Téléchargement de: D:\kerberos.htx\pc loren acer\Kalender\icons\Train.ico
[22:33:02] - [19] VICTOR.POZEN: Fichier envoyé: D:\kerberos.htx\pc loren acer\Kalender\icons\Train.ico (2,19 K/S -   2 238 bytes)
[22:33:02] - [20] VICTOR.POZEN: Début du Téléchargement de: D:\kerberos.htx\pc loren acer\Kalender\icons\Trash.ico
[22:33:02] - [20] VICTOR.POZEN: Fichier envoyé: D:\kerberos.htx\pc loren acer\Kalender\icons\Trash.ico (2,93 K/S -   2 998 bytes)
[22:33:02] - [20] VICTOR.POZEN: Début du Téléchargement de: D:\kerberos.htx\pc loren acer\Kalender\icons\Trophy.ico
[22:33:02] - [20] VICTOR.POZEN: Fichier envoyé: D:\kerberos.htx\pc loren acer\Kalender\icons\Trophy.ico (2,19 K/S -   2 238 bytes)
[22:33:02] - [19] VICTOR.POZEN: Début du Téléchargement de: D:\kerberos.htx\pc loren acer\Kalender\icons\Truck.ico
[22:33:02] - [19] VICTOR.POZEN: Fichier envoyé: D:\kerberos.htx\pc loren acer\Kalender\icons\Truck.ico (2,19 K/S -   2 238 bytes)
[22:33:02] - [20] VICTOR.POZEN: Début du Téléchargement de: D:\kerberos.htx\pc loren acer\Kalender\icons\Trunk.ico
[22:33:02] - [20] VICTOR.POZEN: Fichier envoyé: D:\kerberos.htx\pc loren acer\Kalender\icons\Trunk.ico (3,55 K/S -   3 638 bytes)
[22:33:02] - [19] VICTOR.POZEN: Début du Téléchargement de: D:\kerberos.htx\pc loren acer\Kalender\icons\USB Stick.ico
[22:33:02] - [19] VICTOR.POZEN: Fichier envoyé: D:\kerberos.htx\pc loren acer\Kalender\icons\USB Stick.ico (3,55 K/S -   3 638 bytes)
[22:33:03] - [20] VICTOR.POZEN: Début du Téléchargement de: D:\kerberos.htx\pc loren acer\Kalender\icons\Vacuum Cleaner.ico
[22:33:03] - [20] VICTOR.POZEN: Fichier envoyé: D:\kerberos.htx\pc loren acer\Kalender\icons\Vacuum Cleaner.ico (2,93 K/S -   2 998 bytes)
[22:33:03] - [19] VICTOR.POZEN: Début du Téléchargement de: D:\kerberos.htx\pc loren acer\Kalender\icons\Web.ico
[22:33:03] - [19] VICTOR.POZEN: Fichier envoyé: D:\kerberos.htx\pc loren acer\Kalender\icons\Web.ico (4,60 K/S -   4 710 bytes)
[22:33:03] - [20] VICTOR.POZEN: Début du Téléchargement de: D:\kerberos.htx\pc loren acer\Kalender\icons\Witch.ico
[22:33:03] - [20] VICTOR.POZEN: Fichier envoyé: D:\kerberos.htx\pc loren acer\Kalender\icons\Witch.ico (2,19 K/S -   2 238 bytes)
[22:33:03] - [19] VICTOR.POZEN: Début du Téléchargement de: D:\kerberos.htx\pc loren acer\Kalender\icons\World.ico
[22:33:03] - [19] VICTOR.POZEN: Fichier envoyé: D:\kerberos.htx\pc loren acer\Kalender\icons\World.ico (2,93 K/S -   2 998 bytes)
[22:33:03] - [20] VICTOR.POZEN: Début du Téléchargement de: D:\kerberos.htx\pc loren acer\Kalender\holidays\Australia.hol
[22:33:03] - [20] VICTOR.POZEN: Fichier envoyé: D:\kerberos.htx\pc loren acer\Kalender\holidays\Australia.hol (4,03 K/S -   4 129 bytes)
[22:33:03] - [19] VICTOR.POZEN: Début du Téléchargement de: D:\kerberos.htx\pc loren acer\Kalender\holidays\Austria.hol
[22:33:03] - [19] VICTOR.POZEN: Fichier envoyé: D:\kerberos.htx\pc loren acer\Kalender\holidays\Austria.hol (4,68 K/S -   4 788 bytes)
[22:33:03] - [20] VICTOR.POZEN: Début du Téléchargement de: D:\kerberos.htx\pc loren acer\Kalender\holidays\Belgium (Dutch).hol
[22:33:03] - [20] VICTOR.POZEN: Fichier envoyé: D:\kerberos.htx\pc loren acer\Kalender\holidays\Belgium (Dutch).hol (2,19 K/S -   2 240 bytes)
[22:33:04] - [19] VICTOR.POZEN: Début du Téléchargement de: D:\kerberos.htx\pc loren acer\Kalender\holidays\Belgium (French).hol
[22:33:04] - [19] VICTOR.POZEN: Fichier envoyé: D:\kerberos.htx\pc loren acer\Kalender\holidays\Belgium (French).hol (2,17 K/S -   2 219 bytes)
[22:33:04] - [20] VICTOR.POZEN: Début du Téléchargement de: D:\kerberos.htx\pc loren acer\Kalender\holidays\Brazil.hol
[22:33:04] - [20] VICTOR.POZEN: Fichier envoyé: D:\kerberos.htx\pc loren acer\Kalender\holidays\Brazil.hol (5,56 K/S -   5 693 bytes)
[22:33:04] - [19] VICTOR.POZEN: Début du Téléchargement de: D:\kerberos.htx\pc loren acer\Kalender\holidays\Canada.hol
[22:33:04] - [19] VICTOR.POZEN: Fichier envoyé: D:\kerberos.htx\pc loren acer\Kalender\holidays\Canada.hol (1,68 K/S -   1 719 bytes)
[22:33:04] - [20] VICTOR.POZEN: Début du Téléchargement de: D:\kerberos.htx\pc loren acer\Kalender\holidays\Colombia.hol
[22:33:04] - [20] VICTOR.POZEN: Fichier envoyé: D:\kerberos.htx\pc loren acer\Kalender\holidays\Colombia.hol (5,11 K/S -   5 235 bytes)
[22:33:04] - [19] VICTOR.POZEN: Début du Téléchargement de: D:\kerberos.htx\pc loren acer\Kalender\holidays\Croatia.hol
[22:33:04] - [19] VICTOR.POZEN: Fichier envoyé: D:\kerberos.htx\pc loren acer\Kalender\holidays\Croatia.hol (2,56 K/S -   2 617 bytes)
[22:33:04] - [20] VICTOR.POZEN: Début du Téléchargement de: D:\kerberos.htx\pc loren acer\Kalender\holidays\Czech.hol
[22:33:04] - [20] VICTOR.POZEN: Fichier envoyé: D:\kerberos.htx\pc loren acer\Kalender\holidays\Czech.hol (1,86 K/S -   1 900 bytes)
[22:33:04] - [19] VICTOR.POZEN: Début du Téléchargement de: D:\kerberos.htx\pc loren acer\Kalender\holidays\Denmark.hol
[22:33:04] - [19] VICTOR.POZEN: Fichier envoyé: D:\kerberos.htx\pc loren acer\Kalender\holidays\Denmark.hol (5,64 K/S -   5 776 bytes)
[22:33:04] - [20] VICTOR.POZEN: Début du Téléchargement de: D:\kerberos.htx\pc loren acer\Kalender\holidays\Finland.hol
[22:33:04] - [20] VICTOR.POZEN: Fichier envoyé: D:\kerberos.htx\pc loren acer\Kalender\holidays\Finland.hol (1,84 K/S -   1 889 bytes)
[22:33:04] - [19] VICTOR.POZEN: Début du Téléchargement de: D:\kerberos.htx\pc loren acer\Kalender\holidays\France.hol
[22:33:04] - [19] VICTOR.POZEN: Fichier envoyé: D:\kerberos.htx\pc loren acer\Kalender\holidays\France.hol (2,79 K/S -   2 853 bytes)
[22:33:05] - [20] VICTOR.POZEN: Début du Téléchargement de: D:\kerberos.htx\pc loren acer\Kalender\holidays\Germany.hol
[22:33:05] - [20] VICTOR.POZEN: Fichier envoyé: D:\kerberos.htx\pc loren acer\Kalender\holidays\Germany.hol (4,28 K/S -   4 383 bytes)
[22:33:05] - [19] VICTOR.POZEN: Début du Téléchargement de: D:\kerberos.htx\pc loren acer\Kalender\holidays\Greece.hol
[22:33:05] - [19] VICTOR.POZEN: Fichier envoyé: D:\kerberos.htx\pc loren acer\Kalender\holidays\Greece.hol (9,29 K/S -   9 514 bytes)
[22:33:05] - [20] VICTOR.POZEN: Début du Téléchargement de: D:\kerberos.htx\pc loren acer\Kalender\holidays\Hungary.hol
[22:33:05] - [20] VICTOR.POZEN: Fichier envoyé: D:\kerberos.htx\pc loren acer\Kalender\holidays\Hungary.hol (2,12 K/S -   2 175 bytes)
[22:33:05] - [19] VICTOR.POZEN: Début du Téléchargement de: D:\kerberos.htx\pc loren acer\Kalender\holidays\Israel_Eng.hol
[22:33:05] - [20] VICTOR.POZEN: Début du Téléchargement de: D:\kerberos.htx\pc loren acer\Kalender\holidays\Israel_Heb.hol
[22:33:05] - [19] VICTOR.POZEN: Fichier envoyé: D:\kerberos.htx\pc loren acer\Kalender\holidays\Israel_Eng.hol (164,96 K/S -   168 922 bytes)
[22:33:05] - [19] VICTOR.POZEN: Début du Téléchargement de: D:\kerberos.htx\pc loren acer\Kalender\holidays\Italy.hol
[22:33:05] - [19] VICTOR.POZEN: Fichier envoyé: D:\kerberos.htx\pc loren acer\Kalender\holidays\Italy.hol (1,43 K/S -   1 462 bytes)
[22:33:05] - [20] VICTOR.POZEN: Fichier envoyé: D:\kerberos.htx\pc loren acer\Kalender\holidays\Israel_Heb.hol (159,48 K/S -   163 306 bytes)
[22:33:05] - [19] VICTOR.POZEN: Début du Téléchargement de: D:\kerberos.htx\pc loren acer\Kalender\holidays\Netherlands.hol
[22:33:06] - [19] VICTOR.POZEN: Fichier envoyé: D:\kerberos.htx\pc loren acer\Kalender\holidays\Netherlands.hol (3,34 K/S -   3 417 bytes)
[22:33:06] - [19] VICTOR.POZEN: Début du Téléchargement de: D:\kerberos.htx\pc loren acer\Kalender\holidays\New Zealand.hol
[22:33:06] - [19] VICTOR.POZEN: Fichier envoyé: D:\kerberos.htx\pc loren acer\Kalender\holidays\New Zealand.hol (1,61 K/S -   1 646 bytes)
[22:33:06] - [19] VICTOR.POZEN: Début du Téléchargement de: D:\kerberos.htx\pc loren acer\Kalender\holidays\Norway.hol
[22:33:06] - [19] VICTOR.POZEN: Fichier envoyé: D:\kerberos.htx\pc loren acer\Kalender\holidays\Norway.hol (2,71 K/S -   2 778 bytes)
[22:33:06] - [20] VICTOR.POZEN: Début du Téléchargement de: D:\kerberos.htx\pc loren acer\Kalender\holidays\Poland.hol
[22:33:06] - [20] VICTOR.POZEN: Fichier envoyé: D:\kerberos.htx\pc loren acer\Kalender\holidays\Poland.hol (3,19 K/S -   3 265 bytes)
[22:33:06] - [19] VICTOR.POZEN: Début du Téléchargement de: D:\kerberos.htx\pc loren acer\Kalender\holidays\Spain.hol
[22:33:06] - [19] VICTOR.POZEN: Fichier envoyé: D:\kerberos.htx\pc loren acer\Kalender\holidays\Spain.hol (1,92 K/S -   1 968 bytes)
[22:33:06] - [20] VICTOR.POZEN: Début du Téléchargement de: D:\kerberos.htx\pc loren acer\Kalender\holidays\Sweden.hol
[22:33:06] - [20] VICTOR.POZEN: Fichier envoyé: D:\kerberos.htx\pc loren acer\Kalender\holidays\Sweden.hol (2,90 K/S -   2 973 bytes)
[22:33:06] - [19] VICTOR.POZEN: Début du Téléchargement de: D:\kerberos.htx\pc loren acer\Kalender\holidays\Türkiye.hol
[22:33:06] - [19] VICTOR.POZEN: Fichier envoyé: D:\kerberos.htx\pc loren acer\Kalender\holidays\Türkiye.hol (4,93 K/S -   5 053 bytes)
[22:33:06] - [20] VICTOR.POZEN: Début du Téléchargement de: D:\kerberos.htx\pc loren acer\Kalender\holidays\UK.hol
[22:33:07] - [20] VICTOR.POZEN: Fichier envoyé: D:\kerberos.htx\pc loren acer\Kalender\holidays\UK.hol (5,65 K/S -   5 789 bytes)
[22:33:07] - [19] VICTOR.POZEN: Début du Téléchargement de: D:\kerberos.htx\pc loren acer\Kalender\holidays\USA.hol
[22:33:07] - [19] VICTOR.POZEN: Fichier envoyé: D:\kerberos.htx\pc loren acer\Kalender\holidays\USA.hol (5,76 K/S -   5 903 bytes)
[22:33:07] - [20] VICTOR.POZEN: Début du Téléchargement de: D:\kerberos.htx\pc loren acer\Kalender\events\dates.b00
[22:33:07] - [20] VICTOR.POZEN: Fichier envoyé: D:\kerberos.htx\pc loren acer\Kalender\events\dates.b00 (33,16 K/S -   33 957 bytes)
[22:33:07] - [19] VICTOR.POZEN: Début du Téléchargement de: D:\kerberos.htx\pc loren acer\Kalender\events\dates.b01
[22:33:07] - [19] VICTOR.POZEN: Fichier envoyé: D:\kerberos.htx\pc loren acer\Kalender\events\dates.b01 (34,44 K/S -   35 268 bytes)
[22:33:07] - [20] VICTOR.POZEN: Début du Téléchargement de: D:\kerberos.htx\pc loren acer\Kalender\events\dates.b02
[22:33:07] - [20] VICTOR.POZEN: Fichier envoyé: D:\kerberos.htx\pc loren acer\Kalender\events\dates.b02 (34,44 K/S -   35 268 bytes)
[22:33:07] - [19] VICTOR.POZEN: Début du Téléchargement de: D:\kerberos.htx\pc loren acer\Kalender\events\dates.b03
[22:33:07] - [19] VICTOR.POZEN: Fichier envoyé: D:\kerberos.htx\pc loren acer\Kalender\events\dates.b03 (31,90 K/S -   32 669 bytes)
[22:33:07] - [20] VICTOR.POZEN: Début du Téléchargement de: D:\kerberos.htx\pc loren acer\Kalender\events\dates.b04
[22:33:07] - [20] VICTOR.POZEN: Fichier envoyé: D:\kerberos.htx\pc loren acer\Kalender\events\dates.b04 (31,90 K/S -   32 669 bytes)
[22:33:07] - [19] VICTOR.POZEN: Début du Téléchargement de: D:\kerberos.htx\pc loren acer\Kalender\events\dates.b05
[22:33:07] - [19] VICTOR.POZEN: Fichier envoyé: D:\kerberos.htx\pc loren acer\Kalender\events\dates.b05 (32,66 K/S -   33 446 bytes)
[22:33:08] - [20] VICTOR.POZEN: Début du Téléchargement de: D:\kerberos.htx\pc loren acer\Kalender\events\dates.b06
[22:33:08] - [20] VICTOR.POZEN: Fichier envoyé: D:\kerberos.htx\pc loren acer\Kalender\events\dates.b06 (32,66 K/S -   33 446 bytes)
[22:33:08] - [19] VICTOR.POZEN: Début du Téléchargement de: D:\kerberos.htx\pc loren acer\Kalender\events\dates.dat
[22:33:08] - [19] VICTOR.POZEN: Fichier envoyé: D:\kerberos.htx\pc loren acer\Kalender\events\dates.dat (34,44 K/S -   35 268 bytes)
[22:33:08] - [20] VICTOR.POZEN: Début du Téléchargement de: D:\kerberos.htx\pc loren acer\Kalender\doc\german\Manual.chm
[22:33:08] - [19] VICTOR.POZEN: Début du Téléchargement de: D:\kerberos.htx\pc loren acer\Kalender\doc\english\Manual.chm
[22:33:10] - [20] VICTOR.POZEN: Fichier envoyé: D:\kerberos.htx\pc loren acer\Kalender\doc\german\Manual.chm (241,96 K/S -   495 530 bytes)
[22:33:10] - [19] VICTOR.POZEN: Fichier envoyé: D:\kerberos.htx\pc loren acer\Kalender\doc\english\Manual.chm (229,60 K/S -   470 226 bytes)
[22:33:10] - [20] VICTOR.POZEN: Début du Téléchargement de: D:\kerberos.htx\pc loren acer\Diettes et tics\activites.xml
[22:33:10] - [20] VICTOR.POZEN: Fichier envoyé: D:\kerberos.htx\pc loren acer\Diettes et tics\activites.xml (3,36 K/S -   3 439 bytes)
[22:33:10] - [19] VICTOR.POZEN: Début du Téléchargement de: D:\kerberos.htx\pc loren acer\Diettes et tics\aide.chm
[22:33:10] - [19] VICTOR.POZEN: Fichier envoyé: D:\kerberos.htx\pc loren acer\Diettes et tics\aide.chm (19,09 K/S -   19 544 bytes)
[22:33:10] - [20] VICTOR.POZEN: Début du Téléchargement de: D:\kerberos.htx\pc loren acer\Diettes et tics\bdt.xml
[22:33:10] - [19] VICTOR.POZEN: Début du Téléchargement de: D:\kerberos.htx\pc loren acer\Diettes et tics\Composants.dll
[22:33:10] - [20] VICTOR.POZEN: Fichier envoyé: D:\kerberos.htx\pc loren acer\Diettes et tics\bdt.xml (158,23 K/S -   162 029 bytes)
[22:33:10] - [19] VICTOR.POZEN: Fichier envoyé: D:\kerberos.htx\pc loren acer\Diettes et tics\Composants.dll (71,50 K/S -   73 216 bytes)
[22:33:10] - [20] VICTOR.POZEN: Début du Téléchargement de: D:\kerberos.htx\pc loren acer\Diettes et tics\Diettes et Tics.exe
[22:33:11] - [19] VICTOR.POZEN: Début du Téléchargement de: D:\kerberos.htx\pc loren acer\Diettes et tics\licence.lic
[22:33:11] - [19] VICTOR.POZEN: Fichier envoyé: D:\kerberos.htx\pc loren acer\Diettes et tics\licence.lic (0,04 K/S -    42 bytes)
[22:33:11] - [19] VICTOR.POZEN: Début du Téléchargement de: D:\kerberos.htx\pc loren acer\Diettes et tics\logiciel.ico
[22:33:11] - [19] VICTOR.POZEN: Fichier envoyé: D:\kerberos.htx\pc loren acer\Diettes et tics\logiciel.ico (49,22 K/S -   50 406 bytes)
[22:33:11] - [19] VICTOR.POZEN: Début du Téléchargement de: D:\kerberos.htx\pc loren acer\Diettes et tics\loren.ini
[22:33:11] - [19] VICTOR.POZEN: Fichier envoyé: D:\kerberos.htx\pc loren acer\Diettes et tics\loren.ini (0,39 K/S -    398 bytes)
[22:33:11] - [19] VICTOR.POZEN: Début du Téléchargement de: D:\kerberos.htx\pc loren acer\Diettes et tics\loren.xml
[22:33:12] - [19] VICTOR.POZEN: Fichier envoyé: D:\kerberos.htx\pc loren acer\Diettes et tics\loren.xml (207,62 K/S -   212 605 bytes)
[22:33:12] - [19] VICTOR.POZEN: Début du Téléchargement de: D:\kerberos.htx\pc loren acer\Diettes et tics\loren_activite.xml
[22:33:12] - [19] VICTOR.POZEN: Fichier envoyé: D:\kerberos.htx\pc loren acer\Diettes et tics\loren_activite.xml (12,20 K/S -   12 496 bytes)
[22:33:13] - [19] VICTOR.POZEN: Début du Téléchargement de: D:\kerberos.htx\pc loren acer\Diettes et tics\loren_poids.xml
[22:33:13] - [19] VICTOR.POZEN: Fichier envoyé: D:\kerberos.htx\pc loren acer\Diettes et tics\loren_poids.xml (4,26 K/S -   4 359 bytes)
[22:33:13] - [20] VICTOR.POZEN: Fichier envoyé: D:\kerberos.htx\pc loren acer\Diettes et tics\Diettes et Tics.exe (607,25 K/S -  1 243 648 bytes)
[22:33:13] - [19] VICTOR.POZEN: Début du Téléchargement de: D:\kerberos.htx\pc loren acer\Diettes et tics\Newtonsoft.Json.dll
[22:33:13] - [20] VICTOR.POZEN: Début du Téléchargement de: D:\kerberos.htx\pc loren acer\Diettes et tics\repas.xml
[22:33:13] - [20] VICTOR.POZEN: Fichier envoyé: D:\kerberos.htx\pc loren acer\Diettes et tics\repas.xml (0,06 K/S -    58 bytes)
[22:33:14] - [20] VICTOR.POZEN: Début du Téléchargement de: D:\kerberos.htx\pc loren acer\Diettes et tics\System.Windows.Forms.DataVisualization.dll
[22:33:16] - [20] VICTOR.POZEN: Fichier envoyé: D:\kerberos.htx\pc loren acer\Diettes et tics\System.Windows.Forms.DataVisualization.dll (856,00 K/S -  1 753 088 bytes)
[22:33:16] - [19] VICTOR.POZEN: Fichier envoyé: D:\kerberos.htx\pc loren acer\Diettes et tics\Newtonsoft.Json.dll (159,33 K/S -   489 472 bytes)
[22:33:16] - [20] VICTOR.POZEN: Début du Téléchargement de: D:\kerberos.htx\pc loren acer\Diettes et tics\Thumbs.db
[22:33:16] - [20] VICTOR.POZEN: Fichier envoyé: D:\kerberos.htx\pc loren acer\Diettes et tics\Thumbs.db (5,50 K/S -   5 632 bytes)
[22:33:16] - [19] VICTOR.POZEN: Début du Téléchargement de: D:\kerberos.htx\pc loren acer\Diettes et tics\unins000.dat
[22:33:16] - [19] VICTOR.POZEN: Fichier envoyé: D:\kerberos.htx\pc loren acer\Diettes et tics\unins000.dat (5,26 K/S -   5 388 bytes)
[22:33:16] - [20] VICTOR.POZEN: Début du Téléchargement de: D:\kerberos.htx\pc loren acer\Diettes et tics\unins000.exe
[22:33:17] - [19] VICTOR.POZEN: Début du Téléchargement de: D:\kerberos.htx\pc loren acer\Diettes et tics\utilisateur.ini
[22:33:17] - [19] VICTOR.POZEN: Fichier envoyé: D:\kerberos.htx\pc loren acer\Diettes et tics\utilisateur.ini (0,08 K/S -    86 bytes)
[22:33:17] - [19] VICTOR.POZEN: Début du Téléchargement de: D:\kerberos.htx\pc loren acer\Diettes et tics\sauvegarde\04.11.2017.xml
[22:33:17] - [19] VICTOR.POZEN: Fichier envoyé: D:\kerberos.htx\pc loren acer\Diettes et tics\sauvegarde\04.11.2017.xml (154,32 K/S -   158 022 bytes)
[22:33:18] - [19] VICTOR.POZEN: Début du Téléchargement de: D:\kerberos.htx\pc loren acer\Diettes et tics\sauvegarde\12.01.2017.xml
[22:33:18] - [19] VICTOR.POZEN: Fichier envoyé: D:\kerberos.htx\pc loren acer\Diettes et tics\sauvegarde\12.01.2017.xml (154,15 K/S -   157 846 bytes)
[22:33:18] - [19] VICTOR.POZEN: Début du Téléchargement de: D:\kerberos.htx\pc loren acer\Diettes et tics\sauvegarde\13.01.2017.xml
[22:33:19] - [20] VICTOR.POZEN: Fichier envoyé: D:\kerberos.htx\pc loren acer\Diettes et tics\unins000.exe (368,02 K/S -   753 697 bytes)
[22:33:19] - [19] VICTOR.POZEN: Fichier envoyé: D:\kerberos.htx\pc loren acer\Diettes et tics\sauvegarde\13.01.2017.xml (149,68 K/S -   153 268 bytes)
[22:33:19] - [19] VICTOR.POZEN: Début du Téléchargement de: D:\kerberos.htx\pc loren acer\Diettes et tics\sauvegarde\18.09.2017.xml
[22:33:20] - [19] VICTOR.POZEN: Fichier envoyé: D:\kerberos.htx\pc loren acer\Diettes et tics\sauvegarde\18.09.2017.xml (151,24 K/S -   154 870 bytes)
[22:33:51] - [20] Client 192.168.0.1 Déconnecté (00:01:08 Min)
[22:33:51] - [19] Client 192.168.0.1 Déconnecté (00:01:08 Min)
[22:45:25] - [18] Client 192.168.0.1 Déconnecté (00:12:59 Min)
[23:08:25] - [21] Connecté à 192.168.0.1. Collecte du Nom d'utilisateur.
[23:08:25] - [21] Usager VICTOR.POZEN Connecté IP: 192.168.0.1
[23:08:25] - [21] VICTOR.POZEN: Répertoire en Cours: D:\kerberos.htx\
[23:08:26] - [21] VICTOR.POZEN: Répertoire en Cours: D:\kerberos.htx\
[23:08:36] - [21] VICTOR.POZEN: Répertoire en Cours: D:\kerberos.htx\alex\
[23:08:37] - [22] Connecté à 192.168.0.1. Collecte du Nom d'utilisateur.
[23:08:37] - [23] Connecté à 192.168.0.1. Collecte du Nom d'utilisateur.
[23:08:37] - [22] Usager VICTOR.POZEN Connecté IP: 192.168.0.1
[23:08:37] - [22] VICTOR.POZEN: Répertoire en Cours: D:\kerberos.htx\
[23:08:37] - [23] Usager VICTOR.POZEN Connecté IP: 192.168.0.1
[23:08:37] - [23] VICTOR.POZEN: Répertoire en Cours: D:\kerberos.htx\
[23:08:37] - [23] VICTOR.POZEN: Début du Téléchargement de: D:\kerberos.htx\alex\setup.log
[23:08:37] - [23] VICTOR.POZEN: Fichier envoyé: D:\kerberos.htx\alex\setup.log (2,08 K/S -   2 126 bytes)
[23:08:37] - [22] VICTOR.POZEN: Début du Téléchargement de: D:\kerberos.htx\alex\TeamViewer.exe
[23:08:53] - [23] VICTOR.POZEN: Début du Téléchargement de: D:\kerberos.htx\alex\TeamViewer_Resource_en.dll
[23:08:55] - [23] VICTOR.POZEN: Fichier envoyé: D:\kerberos.htx\alex\TeamViewer_Resource_en.dll (406,64 K/S -   832 808 bytes)
[23:08:55] - [23] VICTOR.POZEN: Début du Téléchargement de: D:\kerberos.htx\alex\uninstall.exe
[23:08:56] - [23] VICTOR.POZEN: Fichier envoyé: D:\kerberos.htx\alex\uninstall.exe (63,00 K/S -   64 512 bytes)
[23:08:57] - [22] VICTOR.POZEN: Fichier envoyé: D:\kerberos.htx\alex\TeamViewer.exe (91,07 K/S -  1 865 104 bytes)
[23:09:28] - [23] Client 192.168.0.1 Déconnecté (00:00:50 Min)
[23:09:44] - [22] Client 192.168.0.1 Déconnecté (00:01:06 Min)
[23:11:39] - [21] Client 192.168.0.1 Déconnecté (00:03:13 Min)
[23:11:59] - [24] Connecté à 192.168.0.1. Collecte du Nom d'utilisateur.
[23:11:59] - [24] Usager VICTOR.POZEN Connecté IP: 192.168.0.1
[23:11:59] - [24] VICTOR.POZEN: Répertoire en Cours: D:\kerberos.htx\
[23:11:59] - [24] VICTOR.POZEN: Répertoire en Cours: D:\kerberos.htx\
[23:12:08] - [24] VICTOR.POZEN: Répertoire en Cours: D:\kerberos.htx\alex\
[23:12:08] - [25] Connecté à 192.168.0.1. Collecte du Nom d'utilisateur.
[23:12:08] - [26] Connecté à 192.168.0.1. Collecte du Nom d'utilisateur.
[23:12:08] - [25] Usager VICTOR.POZEN Connecté IP: 192.168.0.1
[23:12:08] - [25] VICTOR.POZEN: Répertoire en Cours: D:\kerberos.htx\
[23:12:08] - [26] Usager VICTOR.POZEN Connecté IP: 192.168.0.1
[23:12:08] - [26] VICTOR.POZEN: Répertoire en Cours: D:\kerberos.htx\
[23:12:08] - [26] VICTOR.POZEN: Début du Téléchargement de: D:\kerberos.htx\alex\TeamViewer.exe
[23:12:08] - [25] VICTOR.POZEN: Début du Téléchargement de: D:\kerberos.htx\alex\setup.log
[23:12:08] - [25] VICTOR.POZEN: Fichier envoyé: D:\kerberos.htx\alex\setup.log (2,08 K/S -   2 126 bytes)
[23:12:08] - [25] VICTOR.POZEN: Début du Téléchargement de: D:\kerberos.htx\alex\TeamViewer_Resource_en.dll
[23:12:11] - [25] VICTOR.POZEN: Fichier envoyé: D:\kerberos.htx\alex\TeamViewer_Resource_en.dll (406,64 K/S -   832 808 bytes)
[23:12:11] - [25] VICTOR.POZEN: Début du Téléchargement de: D:\kerberos.htx\alex\uninstall.exe
[23:12:11] - [25] VICTOR.POZEN: Fichier envoyé: D:\kerberos.htx\alex\uninstall.exe (63,00 K/S -   64 512 bytes)
[23:12:13] - [26] VICTOR.POZEN: Fichier envoyé: D:\kerberos.htx\alex\TeamViewer.exe (364,28 K/S -  1 865 104 bytes)
[23:12:40] - [26] Client 192.168.0.1 Déconnecté (00:00:32 Min)
[23:12:40] - [25] Client 192.168.0.1 Déconnecté (00:00:32 Min)
[23:12:40] - [24] Client 192.168.0.1 Déconnecté (00:00:41 Min)
[23:35:52] - [27] Connecté à 90.100.66.214. Collecte du Nom d'utilisateur.
[23:35:52] - [27] Usager VICTOR.POZEN Connecté IP: 90.100.66.214
[23:35:56] - [27] VICTOR.POZEN: Répertoire en Cours: D:\kerberos.htx\
[23:35:56] - [27] VICTOR.POZEN: Répertoire en Cours: D:\kerberos.htx\
[23:36:09] - [27] VICTOR.POZEN: Répertoire en Cours: D:\kerberos.htx\pc mila\
[23:36:21] - [27] VICTOR.POZEN: Répertoire en Cours: D:\kerberos.htx\pc mila\Nouveau dossier\
[23:36:24] - [27] VICTOR.POZEN: Répertoire en Cours: D:\kerberos.htx\pc mila\Nouveau dossier (5)\
[23:36:29] - [27] VICTOR.POZEN: Répertoire en Cours: D:\kerberos.htx\pc mila\progz\
[23:36:46] - [27] VICTOR.POZEN: Répertoire en Cours: D:\kerberos.htx\pc mila\progz\server\
[23:36:51] - [27] VICTOR.POZEN: Répertoire en Cours: D:\kerberos.htx\pc mila\progz\pour.xp\
[23:37:03] - [27] VICTOR.POZEN: Répertoire en Cours: D:\kerberos.htx\pc mila\scanner vul\
[23:37:31] - [27] VICTOR.POZEN: Répertoire en Cours: D:\kerberos.htx\pc dell\
[23:37:43] - [27] VICTOR.POZEN: Répertoire en Cours: D:\kerberos.htx\pc dell\film\
[23:38:27] - [27] VICTOR.POZEN: Répertoire en Cours: D:\kerberos.htx\exe\
[23:38:34] - [27] VICTOR.POZEN: Répertoire en Cours: D:\kerberos.htx\exe\deteckpassword\
[23:38:47] - [28] Connecté à 90.100.66.214. Collecte du Nom d'utilisateur.
[23:38:47] - [29] Connecté à 90.100.66.214. Collecte du Nom d'utilisateur.
[23:38:47] - [28] Usager VICTOR.POZEN Connecté IP: 90.100.66.214
[23:38:47] - [28] VICTOR.POZEN: Répertoire en Cours: D:\kerberos.htx\
[23:38:47] - [29] Usager VICTOR.POZEN Connecté IP: 90.100.66.214
[23:38:47] - [29] VICTOR.POZEN: Répertoire en Cours: D:\kerberos.htx\
[23:38:47] - [28] VICTOR.POZEN: Début du Téléchargement de: D:\kerberos.htx\exe\deteckpassword\iepv_setup.exe
[23:38:49] - [29] VICTOR.POZEN: Début du Téléchargement de: D:\kerberos.htx\exe\deteckpassword\bulletspassview_setup.exe
[23:38:53] - [29] VICTOR.POZEN: Fichier envoyé: D:\kerberos.htx\exe\deteckpassword\bulletspassview_setup.exe (32,25 K/S -   132 112 bytes)
[23:38:53] - [28] VICTOR.POZEN: Fichier envoyé: D:\kerberos.htx\exe\deteckpassword\iepv_setup.exe (28,72 K/S -   147 048 bytes)
[23:38:53] - [29] VICTOR.POZEN: Début du Téléchargement de: D:\kerberos.htx\exe\deteckpassword\mailpv_setup.exe
[23:38:56] - [29] VICTOR.POZEN: Fichier envoyé: D:\kerberos.htx\exe\deteckpassword\mailpv_setup.exe (47,92 K/S -   147 208 bytes)
[23:39:24] - [28] Client 90.100.66.214 Déconnecté (00:00:36 Min)
[23:39:27] - [29] Client 90.100.66.214 Déconnecté (00:00:39 Min)
[23:49:09] - [30] Connecté à 90.100.66.214. Collecte du Nom d'utilisateur.
[23:49:10] - [30] Usager VICTOR.POZEN Connecté IP: 90.100.66.214
[23:49:10] - [30] VICTOR.POZEN: Répertoire en Cours: D:\kerberos.htx\
[23:49:10] - [30] VICTOR.POZEN: Début du Téléchargement de: D:\kerberos.htx\exe\kompozer-0.8b3.fr.win32.exe
[23:49:25] - [30] VICTOR.POZEN: Fichier envoyé: D:\kerberos.htx\exe\kompozer-0.8b3.fr.win32.exe (442,80 K/S -  6 801 477 bytes)
[23:49:25] - [30] Client 90.100.66.214 Déconnecté (00:00:15 Min)
[23:49:25] - [27] Client 90.100.66.214 Déconnecté (00:13:32 Min)
