[01:04:28] - [0] Connexion Time-Out Pour:  MIRKO.POZEN
[01:04:28] - [0] Connexion Time-Out Pour:  MIRKO.POZEN 
[01:04:28] - [6] Client 90.100.66.214 Déconnecté (03:25:35 Min)
[01:34:04] - [0] Connexion Time-Out Pour:  MIRKO.POZEN 
[01:34:04] - [10] Client 90.100.66.214 Déconnecté (03:41:55 Min)
[03:33:05] - [12] Connecté à 141.212.122.16. Collecte du Nom d'utilisateur.
[03:33:05] - [12] Client 141.212.122.16 Déconnecté (00:00:00 Min)
[07:19:23] - [13] Connecté à 90.100.66.214. Collecte du Nom d'utilisateur.
[07:19:23] - [13] Usager MIRKO.POZEN Connecté IP: 90.100.66.214
[07:19:23] - [13] MIRKO.POZEN: Répertoire en Cours: D:\kerberos.htx\
[07:19:23] - [13] MIRKO.POZEN: Répertoire en Cours: D:\kerberos.htx\
[07:19:28] - [14] Connecté à 90.100.66.214. Collecte du Nom d'utilisateur.
[07:19:28] - [14] Usager MIRKO.POZEN Connecté IP: 90.100.66.214
[07:19:28] - [14] MIRKO.POZEN: Répertoire en Cours: D:\kerberos.htx\
[07:19:29] - [14] MIRKO.POZEN: Répertoire en Cours: D:\kerberos.htx\rar\
[07:19:35] - [14] MIRKO.POZEN: Résumé du Téléchargement de: D:\kerberos.htx\rar\office ok.rar A:  230 388 868 bytes
[08:55:51] - [14] MIRKO.POZEN: Fichier envoyé: D:\kerberos.htx\rar\office ok.rar (142,91 K/S -  845 285 480 bytes)
[08:56:20] - [14] Client 90.100.66.214 Déconnecté (01:36:51 Min)
[08:56:21] - [15] Connecté à 90.100.66.214. Collecte du Nom d'utilisateur.
[08:56:21] - [15] Usager MIRKO.POZEN Connecté IP: 90.100.66.214
[08:56:21] - [15] MIRKO.POZEN: Répertoire en Cours: D:\kerberos.htx\
[08:56:22] - [15] MIRKO.POZEN: Répertoire en Cours: D:\kerberos.htx\rar\
[08:56:22] - [15] MIRKO.POZEN: Résumé du Téléchargement de: D:\kerberos.htx\rar\office ok.rar A:  845 285 480 bytes
[08:56:22] - [15] MIRKO.POZEN: Fichier envoyé: D:\kerberos.htx\rar\office ok.rar (8,2547E5 K/S -  845 285 480 bytes)
[08:56:53] - [15] Client 90.100.66.214 Déconnecté (00:00:31 Min)
[13:32:43] - [13] Client 90.100.66.214 Déconnecté (06:13:20 Min)
[14:36:47] - [16] Connecté à 90.100.66.214. Collecte du Nom d'utilisateur.
[14:36:47] - [16] Usager MIRKO.POZEN Connecté IP: 90.100.66.214
[14:36:47] - [16] MIRKO.POZEN: Répertoire en Cours: D:\kerberos.htx\
[14:36:48] - [16] MIRKO.POZEN: Répertoire en Cours: D:\kerberos.htx\
[14:37:04] - [16] MIRKO.POZEN: Répertoire en Cours: D:\kerberos.htx\
[14:37:04] - [16] MIRKO.POZEN: Nouveau Répertoire: D:\kerberos.htx\mig thoor
[14:37:04] - [16] MIRKO.POZEN: Répertoire en Cours: D:\kerberos.htx\
[14:37:04] - [17] Connecté à 90.100.66.214. Collecte du Nom d'utilisateur.
[14:37:04] - [18] Connecté à 90.100.66.214. Collecte du Nom d'utilisateur.
[14:37:04] - [16] MIRKO.POZEN: Nouveau Répertoire: D:\kerberos.htx\mig thoor
[14:37:05] - [17] Usager MIRKO.POZEN Connecté IP: 90.100.66.214
[14:37:05] - [17] MIRKO.POZEN: Répertoire en Cours: D:\kerberos.htx\
[14:37:05] - [16] MIRKO.POZEN: Répertoire en Cours: D:\kerberos.htx\mig thoor\
[14:37:05] - [18] Usager MIRKO.POZEN Connecté IP: 90.100.66.214
[14:37:05] - [18] MIRKO.POZEN: Répertoire en Cours: D:\kerberos.htx\
[14:37:05] - [16] MIRKO.POZEN: Nouveau Répertoire: D:\kerberos.htx\mig thoor\lost the car original
[14:37:05] - [16] MIRKO.POZEN: Répertoire en Cours: D:\kerberos.htx\mig thoor\
[14:37:05] - [17] MIRKO.POZEN: Répertoire en Cours: D:\kerberos.htx\mig thoor\
[14:37:05] - [16] MIRKO.POZEN: Nouveau Répertoire: D:\kerberos.htx\mig thoor\lost the car original
[14:37:05] - [18] MIRKO.POZEN: Répertoire en Cours: D:\kerberos.htx\mig thoor\lost the car original\
[14:37:05] - [16] MIRKO.POZEN: Répertoire en Cours: D:\kerberos.htx\mig thoor\lost the car original\
[14:37:05] - [16] MIRKO.POZEN: Nouveau Répertoire: D:\kerberos.htx\mig thoor\lost the car original\lostcart redimentionnee
[14:37:05] - [16] MIRKO.POZEN: Répertoire en Cours: D:\kerberos.htx\mig thoor\lost the car original\
[14:37:05] - [17] MIRKO.POZEN: Début d'Upload de D:\kerberos.htx\mig thoor\canal blog mig thoor.txt
[14:37:05] - [16] MIRKO.POZEN: Nouveau Répertoire: D:\kerberos.htx\mig thoor\lost the car original\lostcart redimentionnee
[14:37:05] - [17] MIRKO.POZEN: Fichier Upload: D:\kerberos.htx\mig thoor\canal blog mig thoor.txt (0,12 K/S -    121 bytes)
[14:37:05] - [16] MIRKO.POZEN: Répertoire en Cours: D:\kerberos.htx\mig thoor\
[14:37:05] - [16] MIRKO.POZEN: Nouveau Répertoire: D:\kerberos.htx\mig thoor\photos.maison.canaries
[14:37:05] - [16] MIRKO.POZEN: Répertoire en Cours: D:\kerberos.htx\mig thoor\
[14:37:05] - [16] MIRKO.POZEN: Nouveau Répertoire: D:\kerberos.htx\mig thoor\photos.maison.canaries
[14:37:05] - [16] MIRKO.POZEN: Répertoire en Cours: D:\kerberos.htx\mig thoor\photos.maison.canaries\
[14:37:05] - [17] MIRKO.POZEN: Répertoire en Cours: D:\kerberos.htx\mig thoor\lost the car original\
[14:37:05] - [16] MIRKO.POZEN: Nouveau Répertoire: D:\kerberos.htx\mig thoor\photos.maison.canaries\img.jardin
[14:37:05] - [16] MIRKO.POZEN: Répertoire en Cours: D:\kerberos.htx\mig thoor\photos.maison.canaries\
[14:37:05] - [18] MIRKO.POZEN: Début d'Upload de D:\kerberos.htx\mig thoor\lost the car original\DSCF7068.JPG
[14:37:05] - [16] MIRKO.POZEN: Nouveau Répertoire: D:\kerberos.htx\mig thoor\photos.maison.canaries\img.jardin
[14:37:05] - [16] MIRKO.POZEN: Répertoire en Cours: D:\kerberos.htx\mig thoor\
[14:37:05] - [17] MIRKO.POZEN: Début d'Upload de D:\kerberos.htx\mig thoor\lost the car original\DSCF7069.JPG
[14:37:05] - [16] MIRKO.POZEN: Nouveau Répertoire: D:\kerberos.htx\mig thoor\sculpture.art.brut.meccanica.keys
[14:37:05] - [16] MIRKO.POZEN: Répertoire en Cours: D:\kerberos.htx\mig thoor\
[14:37:05] - [16] MIRKO.POZEN: Nouveau Répertoire: D:\kerberos.htx\mig thoor\sculpture.art.brut.meccanica.keys
[14:37:06] - [16] MIRKO.POZEN: Répertoire en Cours: D:\kerberos.htx\mig thoor\
[14:37:06] - [16] MIRKO.POZEN: Nouveau Répertoire: D:\kerberos.htx\mig thoor\stop.the.war.in the.world
[14:37:06] - [16] MIRKO.POZEN: Répertoire en Cours: D:\kerberos.htx\mig thoor\
[14:37:06] - [16] MIRKO.POZEN: Nouveau Répertoire: D:\kerberos.htx\mig thoor\stop.the.war.in the.world
[14:37:06] - [16] MIRKO.POZEN: Répertoire en Cours: D:\kerberos.htx\mig thoor\
[14:37:06] - [16] MIRKO.POZEN: Nouveau Répertoire: D:\kerberos.htx\mig thoor\uxor, conjux  original
[14:37:06] - [16] MIRKO.POZEN: Répertoire en Cours: D:\kerberos.htx\mig thoor\
[14:37:06] - [16] MIRKO.POZEN: Nouveau Répertoire: D:\kerberos.htx\mig thoor\uxor, conjux  original
[14:37:06] - [16] MIRKO.POZEN: Répertoire en Cours: D:\kerberos.htx\mig thoor\uxor, conjux  original\
[14:37:06] - [16] MIRKO.POZEN: Nouveau Répertoire: D:\kerberos.htx\mig thoor\uxor, conjux  original\uxor, conjux  redimentionne
[14:37:06] - [16] MIRKO.POZEN: Répertoire en Cours: D:\kerberos.htx\mig thoor\uxor, conjux  original\
[14:37:06] - [16] MIRKO.POZEN: Nouveau Répertoire: D:\kerberos.htx\mig thoor\uxor, conjux  original\uxor, conjux  redimentionne
[14:37:07] - [18] MIRKO.POZEN: Fichier Upload: D:\kerberos.htx\mig thoor\lost the car original\DSCF7068.JPG (1 290,00 K/S -  1 320 939 bytes)
[14:37:07] - [18] MIRKO.POZEN: Début d'Upload de D:\kerberos.htx\mig thoor\lost the car original\DSCF7070.JPG
[14:37:07] - [17] MIRKO.POZEN: Fichier Upload: D:\kerberos.htx\mig thoor\lost the car original\DSCF7069.JPG (701,27 K/S -  1 436 197 bytes)
[14:37:07] - [17] MIRKO.POZEN: Début d'Upload de D:\kerberos.htx\mig thoor\lost the car original\DSCF7071.JPG
[14:37:09] - [18] MIRKO.POZEN: Fichier Upload: D:\kerberos.htx\mig thoor\lost the car original\DSCF7070.JPG (702,07 K/S -  1 437 845 bytes)
[14:37:09] - [18] MIRKO.POZEN: Début d'Upload de D:\kerberos.htx\mig thoor\lost the car original\DSCF7072.JPG
[14:37:10] - [17] MIRKO.POZEN: Fichier Upload: D:\kerberos.htx\mig thoor\lost the car original\DSCF7071.JPG (730,98 K/S -  1 497 045 bytes)
[14:37:10] - [17] MIRKO.POZEN: Début d'Upload de D:\kerberos.htx\mig thoor\lost the car original\DSCF7073.JPG
[14:37:11] - [18] MIRKO.POZEN: Fichier Upload: D:\kerberos.htx\mig thoor\lost the car original\DSCF7072.JPG (707,69 K/S -  1 449 354 bytes)
[14:37:11] - [18] MIRKO.POZEN: Début d'Upload de D:\kerberos.htx\mig thoor\lost the car original\DSCF7074.JPG
[14:37:12] - [17] MIRKO.POZEN: Fichier Upload: D:\kerberos.htx\mig thoor\lost the car original\DSCF7073.JPG (471,46 K/S -  1 448 319 bytes)
[14:37:13] - [17] MIRKO.POZEN: Début d'Upload de D:\kerberos.htx\mig thoor\lost the car original\DSCF7075.JPG
[14:37:13] - [18] MIRKO.POZEN: Fichier Upload: D:\kerberos.htx\mig thoor\lost the car original\DSCF7074.JPG (703,70 K/S -  1 441 179 bytes)
[14:37:14] - [18] MIRKO.POZEN: Début d'Upload de D:\kerberos.htx\mig thoor\lost the car original\DSCF7076.JPG
[14:37:14] - [17] MIRKO.POZEN: Fichier Upload: D:\kerberos.htx\mig thoor\lost the car original\DSCF7075.JPG (647,12 K/S -  1 325 294 bytes)
[14:37:14] - [17] MIRKO.POZEN: Répertoire en Cours: D:\kerberos.htx\mig thoor\lost the car original\lostcart redimentionnee\
[14:37:15] - [17] MIRKO.POZEN: Début d'Upload de D:\kerberos.htx\mig thoor\lost the car original\lostcart redimentionnee\Image1.jpg
[14:37:16] - [18] MIRKO.POZEN: Fichier Upload: D:\kerberos.htx\mig thoor\lost the car original\DSCF7076.JPG (649,98 K/S -  1 331 168 bytes)
[14:37:16] - [18] MIRKO.POZEN: Répertoire en Cours: D:\kerberos.htx\mig thoor\lost the car original\lostcart redimentionnee\
[14:37:16] - [17] MIRKO.POZEN: Fichier Upload: D:\kerberos.htx\mig thoor\lost the car original\lostcart redimentionnee\Image1.jpg (402,82 K/S -   412 492 bytes)
[14:37:16] - [18] MIRKO.POZEN: Début d'Upload de D:\kerberos.htx\mig thoor\lost the car original\lostcart redimentionnee\Image2.jpg
[14:37:16] - [17] MIRKO.POZEN: Début d'Upload de D:\kerberos.htx\mig thoor\lost the car original\lostcart redimentionnee\Image3.jpg
[14:37:17] - [18] MIRKO.POZEN: Fichier Upload: D:\kerberos.htx\mig thoor\lost the car original\lostcart redimentionnee\Image2.jpg (513,42 K/S -   525 738 bytes)
[14:37:17] - [17] MIRKO.POZEN: Fichier Upload: D:\kerberos.htx\mig thoor\lost the car original\lostcart redimentionnee\Image3.jpg (617,26 K/S -   632 071 bytes)
[14:37:17] - [18] MIRKO.POZEN: Début d'Upload de D:\kerberos.htx\mig thoor\lost the car original\lostcart redimentionnee\Image4.jpg
[14:37:17] - [17] MIRKO.POZEN: Début d'Upload de D:\kerberos.htx\mig thoor\lost the car original\lostcart redimentionnee\Image5.jpg
[14:37:18] - [18] MIRKO.POZEN: Fichier Upload: D:\kerberos.htx\mig thoor\lost the car original\lostcart redimentionnee\Image4.jpg (376,34 K/S -   385 373 bytes)
[14:37:18] - [18] MIRKO.POZEN: Début d'Upload de D:\kerberos.htx\mig thoor\lost the car original\lostcart redimentionnee\Image6.jpg
[14:37:18] - [17] MIRKO.POZEN: Fichier Upload: D:\kerberos.htx\mig thoor\lost the car original\lostcart redimentionnee\Image5.jpg (755,35 K/S -   773 478 bytes)
[14:37:19] - [17] MIRKO.POZEN: Début d'Upload de D:\kerberos.htx\mig thoor\lost the car original\lostcart redimentionnee\Image7.jpg
[14:37:19] - [18] MIRKO.POZEN: Fichier Upload: D:\kerberos.htx\mig thoor\lost the car original\lostcart redimentionnee\Image6.jpg (572,59 K/S -   586 336 bytes)
[14:37:19] - [18] MIRKO.POZEN: Début d'Upload de D:\kerberos.htx\mig thoor\lost the car original\lostcart redimentionnee\Image8.jpg
[14:37:19] - [17] MIRKO.POZEN: Fichier Upload: D:\kerberos.htx\mig thoor\lost the car original\lostcart redimentionnee\Image7.jpg (434,17 K/S -   444 588 bytes)
[14:37:20] - [17] MIRKO.POZEN: Début d'Upload de D:\kerberos.htx\mig thoor\lost the car original\lostcart redimentionnee\Thumbs.db
[14:37:20] - [17] MIRKO.POZEN: Fichier Upload: D:\kerberos.htx\mig thoor\lost the car original\lostcart redimentionnee\Thumbs.db (44,50 K/S -   45 568 bytes)
[14:37:20] - [17] MIRKO.POZEN: Répertoire en Cours: D:\kerberos.htx\mig thoor\lost the car original\
[14:37:20] - [18] MIRKO.POZEN: Fichier Upload: D:\kerberos.htx\mig thoor\lost the car original\lostcart redimentionnee\Image8.jpg (680,39 K/S -   696 721 bytes)
[14:37:20] - [18] MIRKO.POZEN: Répertoire en Cours: D:\kerberos.htx\mig thoor\photos.maison.canaries\
[14:37:20] - [17] MIRKO.POZEN: Début d'Upload de D:\kerberos.htx\mig thoor\lost the car original\Thumbs.db
[14:37:20] - [18] MIRKO.POZEN: Début d'Upload de D:\kerberos.htx\mig thoor\photos.maison.canaries\cuisine.jpg
[14:37:21] - [17] MIRKO.POZEN: Fichier Upload: D:\kerberos.htx\mig thoor\lost the car original\Thumbs.db (35,00 K/S -   35 840 bytes)
[14:37:21] - [17] MIRKO.POZEN: Répertoire en Cours: D:\kerberos.htx\mig thoor\photos.maison.canaries\img.jardin\
[14:37:21] - [18] MIRKO.POZEN: Fichier Upload: D:\kerberos.htx\mig thoor\photos.maison.canaries\cuisine.jpg (172,46 K/S -   176 599 bytes)
[14:37:21] - [18] MIRKO.POZEN: Répertoire en Cours: D:\kerberos.htx\mig thoor\photos.maison.canaries\img.jardin\
[14:37:21] - [17] MIRKO.POZEN: Début d'Upload de D:\kerberos.htx\mig thoor\photos.maison.canaries\img.jardin\SDC14494.jpg
[14:37:21] - [18] MIRKO.POZEN: Début d'Upload de D:\kerberos.htx\mig thoor\photos.maison.canaries\img.jardin\SDC14495.jpg
[14:37:22] - [17] MIRKO.POZEN: Fichier Upload: D:\kerberos.htx\mig thoor\photos.maison.canaries\img.jardin\SDC14494.jpg (81,22 K/S -   83 171 bytes)
[14:37:22] - [18] MIRKO.POZEN: Fichier Upload: D:\kerberos.htx\mig thoor\photos.maison.canaries\img.jardin\SDC14495.jpg (110,90 K/S -   113 563 bytes)
[14:37:22] - [17] MIRKO.POZEN: Début d'Upload de D:\kerberos.htx\mig thoor\photos.maison.canaries\img.jardin\SDC14496.jpg
[14:37:22] - [18] MIRKO.POZEN: Début d'Upload de D:\kerberos.htx\mig thoor\photos.maison.canaries\img.jardin\SDC14497.jpg
[14:37:22] - [17] MIRKO.POZEN: Fichier Upload: D:\kerberos.htx\mig thoor\photos.maison.canaries\img.jardin\SDC14496.jpg (109,31 K/S -   111 937 bytes)
[14:37:22] - [18] MIRKO.POZEN: Fichier Upload: D:\kerberos.htx\mig thoor\photos.maison.canaries\img.jardin\SDC14497.jpg (104,27 K/S -   106 773 bytes)
[14:37:22] - [17] MIRKO.POZEN: Début d'Upload de D:\kerberos.htx\mig thoor\photos.maison.canaries\img.jardin\SDC14498.jpg
[14:37:22] - [18] MIRKO.POZEN: Début d'Upload de D:\kerberos.htx\mig thoor\photos.maison.canaries\img.jardin\SDC14502.jpg
[14:37:23] - [18] MIRKO.POZEN: Fichier Upload: D:\kerberos.htx\mig thoor\photos.maison.canaries\img.jardin\SDC14502.jpg (89,75 K/S -   91 909 bytes)
[14:37:23] - [17] MIRKO.POZEN: Fichier Upload: D:\kerberos.htx\mig thoor\photos.maison.canaries\img.jardin\SDC14498.jpg (100,83 K/S -   103 248 bytes)
[14:37:23] - [18] MIRKO.POZEN: Début d'Upload de D:\kerberos.htx\mig thoor\photos.maison.canaries\img.jardin\SDC14503.jpg
[14:37:23] - [17] MIRKO.POZEN: Début d'Upload de D:\kerberos.htx\mig thoor\photos.maison.canaries\img.jardin\SDC14505.jpg
[14:37:23] - [18] MIRKO.POZEN: Fichier Upload: D:\kerberos.htx\mig thoor\photos.maison.canaries\img.jardin\SDC14503.jpg (92,33 K/S -   94 545 bytes)
[14:37:23] - [17] MIRKO.POZEN: Fichier Upload: D:\kerberos.htx\mig thoor\photos.maison.canaries\img.jardin\SDC14505.jpg (90,56 K/S -   92 733 bytes)
[14:37:23] - [18] MIRKO.POZEN: Début d'Upload de D:\kerberos.htx\mig thoor\photos.maison.canaries\img.jardin\SDC14506.jpg
[14:37:23] - [17] MIRKO.POZEN: Début d'Upload de D:\kerberos.htx\mig thoor\photos.maison.canaries\img.jardin\SDC14507.jpg
[14:37:23] - [18] MIRKO.POZEN: Fichier Upload: D:\kerberos.htx\mig thoor\photos.maison.canaries\img.jardin\SDC14506.jpg (105,36 K/S -   107 893 bytes)
[14:37:23] - [17] MIRKO.POZEN: Fichier Upload: D:\kerberos.htx\mig thoor\photos.maison.canaries\img.jardin\SDC14507.jpg (86,17 K/S -   88 238 bytes)
[14:37:24] - [18] MIRKO.POZEN: Début d'Upload de D:\kerberos.htx\mig thoor\photos.maison.canaries\img.jardin\SDC14508.jpg
[14:37:24] - [17] MIRKO.POZEN: Début d'Upload de D:\kerberos.htx\mig thoor\photos.maison.canaries\img.jardin\SDC14509.jpg
[14:37:24] - [18] MIRKO.POZEN: Fichier Upload: D:\kerberos.htx\mig thoor\photos.maison.canaries\img.jardin\SDC14508.jpg (90,98 K/S -   93 166 bytes)
[14:37:24] - [17] MIRKO.POZEN: Fichier Upload: D:\kerberos.htx\mig thoor\photos.maison.canaries\img.jardin\SDC14509.jpg (88,30 K/S -   90 417 bytes)
[14:37:24] - [18] MIRKO.POZEN: Début d'Upload de D:\kerberos.htx\mig thoor\photos.maison.canaries\img.jardin\SDC14512.jpg
[14:37:24] - [17] MIRKO.POZEN: Début d'Upload de D:\kerberos.htx\mig thoor\photos.maison.canaries\img.jardin\SDC14513.jpg
[14:37:24] - [17] MIRKO.POZEN: Fichier Upload: D:\kerberos.htx\mig thoor\photos.maison.canaries\img.jardin\SDC14513.jpg (53,62 K/S -   54 908 bytes)
[14:37:24] - [18] MIRKO.POZEN: Fichier Upload: D:\kerberos.htx\mig thoor\photos.maison.canaries\img.jardin\SDC14512.jpg (86,16 K/S -   88 232 bytes)
[14:37:24] - [18] MIRKO.POZEN: Début d'Upload de D:\kerberos.htx\mig thoor\photos.maison.canaries\img.jardin\SDC14514.jpg
[14:37:24] - [17] MIRKO.POZEN: Début d'Upload de D:\kerberos.htx\mig thoor\photos.maison.canaries\img.jardin\SDC14515.jpg
[14:37:25] - [18] MIRKO.POZEN: Fichier Upload: D:\kerberos.htx\mig thoor\photos.maison.canaries\img.jardin\SDC14514.jpg (84,30 K/S -   86 320 bytes)
[14:37:25] - [17] MIRKO.POZEN: Fichier Upload: D:\kerberos.htx\mig thoor\photos.maison.canaries\img.jardin\SDC14515.jpg (101,87 K/S -   104 311 bytes)
[14:37:25] - [18] MIRKO.POZEN: Début d'Upload de D:\kerberos.htx\mig thoor\photos.maison.canaries\img.jardin\SDC14516.jpg
[14:37:25] - [17] MIRKO.POZEN: Début d'Upload de D:\kerberos.htx\mig thoor\photos.maison.canaries\img.jardin\SDC14517.jpg
[14:37:25] - [18] MIRKO.POZEN: Fichier Upload: D:\kerberos.htx\mig thoor\photos.maison.canaries\img.jardin\SDC14516.jpg (70,85 K/S -   72 552 bytes)
[14:37:25] - [17] MIRKO.POZEN: Fichier Upload: D:\kerberos.htx\mig thoor\photos.maison.canaries\img.jardin\SDC14517.jpg (88,24 K/S -   90 355 bytes)
[14:37:25] - [18] MIRKO.POZEN: Début d'Upload de D:\kerberos.htx\mig thoor\photos.maison.canaries\img.jardin\SDC14518.jpg
[14:37:25] - [17] MIRKO.POZEN: Début d'Upload de D:\kerberos.htx\mig thoor\photos.maison.canaries\img.jardin\SDC14519.jpg
[14:37:25] - [17] MIRKO.POZEN: Fichier Upload: D:\kerberos.htx\mig thoor\photos.maison.canaries\img.jardin\SDC14519.jpg (69,89 K/S -   71 569 bytes)
[14:37:25] - [18] MIRKO.POZEN: Fichier Upload: D:\kerberos.htx\mig thoor\photos.maison.canaries\img.jardin\SDC14518.jpg (100,88 K/S -   103 297 bytes)
[14:37:26] - [17] MIRKO.POZEN: Début d'Upload de D:\kerberos.htx\mig thoor\photos.maison.canaries\img.jardin\SDC14520.jpg
[14:37:26] - [18] MIRKO.POZEN: Début d'Upload de D:\kerberos.htx\mig thoor\photos.maison.canaries\img.jardin\SDC14521.jpg
[14:37:26] - [17] MIRKO.POZEN: Fichier Upload: D:\kerberos.htx\mig thoor\photos.maison.canaries\img.jardin\SDC14520.jpg (73,71 K/S -   75 475 bytes)
[14:37:26] - [18] MIRKO.POZEN: Fichier Upload: D:\kerberos.htx\mig thoor\photos.maison.canaries\img.jardin\SDC14521.jpg (78,39 K/S -   80 271 bytes)
[14:37:26] - [17] MIRKO.POZEN: Début d'Upload de D:\kerberos.htx\mig thoor\photos.maison.canaries\img.jardin\SDC14527.jpg
[14:37:26] - [18] MIRKO.POZEN: Début d'Upload de D:\kerberos.htx\mig thoor\photos.maison.canaries\img.jardin\SDC14528.jpg
[14:37:26] - [17] MIRKO.POZEN: Fichier Upload: D:\kerberos.htx\mig thoor\photos.maison.canaries\img.jardin\SDC14527.jpg (95,88 K/S -   98 179 bytes)
[14:37:26] - [18] MIRKO.POZEN: Fichier Upload: D:\kerberos.htx\mig thoor\photos.maison.canaries\img.jardin\SDC14528.jpg (73,65 K/S -   75 416 bytes)
[14:37:26] - [17] MIRKO.POZEN: Début d'Upload de D:\kerberos.htx\mig thoor\photos.maison.canaries\img.jardin\SDC14530.jpg
[14:37:26] - [18] MIRKO.POZEN: Début d'Upload de D:\kerberos.htx\mig thoor\photos.maison.canaries\img.jardin\SDC14533.jpg
[14:37:27] - [17] MIRKO.POZEN: Fichier Upload: D:\kerberos.htx\mig thoor\photos.maison.canaries\img.jardin\SDC14530.jpg (94,28 K/S -   96 544 bytes)
[14:37:27] - [18] MIRKO.POZEN: Fichier Upload: D:\kerberos.htx\mig thoor\photos.maison.canaries\img.jardin\SDC14533.jpg (111,10 K/S -   113 763 bytes)
[14:37:27] - [17] MIRKO.POZEN: Début d'Upload de D:\kerberos.htx\mig thoor\photos.maison.canaries\img.jardin\SDC14536.jpg
[14:37:27] - [18] MIRKO.POZEN: Début d'Upload de D:\kerberos.htx\mig thoor\photos.maison.canaries\img.jardin\SDC14543.jpg
[14:37:27] - [17] MIRKO.POZEN: Fichier Upload: D:\kerberos.htx\mig thoor\photos.maison.canaries\img.jardin\SDC14536.jpg (97,11 K/S -   99 441 bytes)
[14:37:27] - [18] MIRKO.POZEN: Fichier Upload: D:\kerberos.htx\mig thoor\photos.maison.canaries\img.jardin\SDC14543.jpg (109,65 K/S -   112 282 bytes)
[14:37:27] - [17] MIRKO.POZEN: Début d'Upload de D:\kerberos.htx\mig thoor\photos.maison.canaries\img.jardin\SDC14544.jpg
[14:37:27] - [18] MIRKO.POZEN: Début d'Upload de D:\kerberos.htx\mig thoor\photos.maison.canaries\img.jardin\SDC14545.jpg
[14:37:27] - [18] MIRKO.POZEN: Fichier Upload: D:\kerberos.htx\mig thoor\photos.maison.canaries\img.jardin\SDC14545.jpg (73,25 K/S -   75 005 bytes)
[14:37:28] - [17] MIRKO.POZEN: Fichier Upload: D:\kerberos.htx\mig thoor\photos.maison.canaries\img.jardin\SDC14544.jpg (81,30 K/S -   83 249 bytes)
[14:37:28] - [18] MIRKO.POZEN: Début d'Upload de D:\kerberos.htx\mig thoor\photos.maison.canaries\img.jardin\SDC14550.jpg
[14:37:28] - [17] MIRKO.POZEN: Début d'Upload de D:\kerberos.htx\mig thoor\photos.maison.canaries\img.jardin\SDC14551.jpg
[14:37:28] - [18] MIRKO.POZEN: Fichier Upload: D:\kerberos.htx\mig thoor\photos.maison.canaries\img.jardin\SDC14550.jpg (92,39 K/S -   94 606 bytes)
[14:37:28] - [17] MIRKO.POZEN: Fichier Upload: D:\kerberos.htx\mig thoor\photos.maison.canaries\img.jardin\SDC14551.jpg (92,77 K/S -   94 994 bytes)
[14:37:28] - [17] MIRKO.POZEN: Début d'Upload de D:\kerberos.htx\mig thoor\photos.maison.canaries\img.jardin\SDC14553.jpg
[14:37:28] - [18] MIRKO.POZEN: Début d'Upload de D:\kerberos.htx\mig thoor\photos.maison.canaries\img.jardin\SDC14552.jpg
[14:37:28] - [17] MIRKO.POZEN: Fichier Upload: D:\kerberos.htx\mig thoor\photos.maison.canaries\img.jardin\SDC14553.jpg (57,07 K/S -   58 443 bytes)
[14:37:28] - [18] MIRKO.POZEN: Fichier Upload: D:\kerberos.htx\mig thoor\photos.maison.canaries\img.jardin\SDC14552.jpg (103,62 K/S -   106 103 bytes)
[14:37:28] - [17] MIRKO.POZEN: Début d'Upload de D:\kerberos.htx\mig thoor\photos.maison.canaries\img.jardin\SDC14554.jpg
[14:37:28] - [18] MIRKO.POZEN: Début d'Upload de D:\kerberos.htx\mig thoor\photos.maison.canaries\img.jardin\SDC14555.jpg
[14:37:29] - [18] MIRKO.POZEN: Fichier Upload: D:\kerberos.htx\mig thoor\photos.maison.canaries\img.jardin\SDC14555.jpg (54,72 K/S -   56 033 bytes)
[14:37:29] - [17] MIRKO.POZEN: Fichier Upload: D:\kerberos.htx\mig thoor\photos.maison.canaries\img.jardin\SDC14554.jpg (56,10 K/S -   57 451 bytes)
[14:37:29] - [18] MIRKO.POZEN: Début d'Upload de D:\kerberos.htx\mig thoor\photos.maison.canaries\img.jardin\SDC14559.jpg
[14:37:29] - [17] MIRKO.POZEN: Début d'Upload de D:\kerberos.htx\mig thoor\photos.maison.canaries\img.jardin\Thumbs.db
[14:37:29] - [17] MIRKO.POZEN: Fichier Upload: D:\kerberos.htx\mig thoor\photos.maison.canaries\img.jardin\Thumbs.db (8,50 K/S -   8 704 bytes)
[14:37:29] - [18] MIRKO.POZEN: Fichier Upload: D:\kerberos.htx\mig thoor\photos.maison.canaries\img.jardin\SDC14559.jpg (57,74 K/S -   59 124 bytes)
[14:37:29] - [18] MIRKO.POZEN: Répertoire en Cours: D:\kerberos.htx\mig thoor\photos.maison.canaries\
[14:37:29] - [17] MIRKO.POZEN: Répertoire en Cours: D:\kerberos.htx\mig thoor\photos.maison.canaries\
[14:37:30] - [18] MIRKO.POZEN: Début d'Upload de D:\kerberos.htx\mig thoor\photos.maison.canaries\maison.cercado.de.espino.2.jpg
[14:37:30] - [17] MIRKO.POZEN: Début d'Upload de D:\kerberos.htx\mig thoor\photos.maison.canaries\maison.cercado.de.espino.jpg
[14:37:30] - [18] MIRKO.POZEN: Fichier Upload: D:\kerberos.htx\mig thoor\photos.maison.canaries\maison.cercado.de.espino.2.jpg (159,69 K/S -   163 520 bytes)
[14:37:30] - [18] MIRKO.POZEN: Début d'Upload de D:\kerberos.htx\mig thoor\photos.maison.canaries\salle.de.bain.jpg
[14:37:30] - [17] MIRKO.POZEN: Fichier Upload: D:\kerberos.htx\mig thoor\photos.maison.canaries\maison.cercado.de.espino.jpg (278,56 K/S -   285 244 bytes)
[14:37:30] - [17] MIRKO.POZEN: Début d'Upload de D:\kerberos.htx\mig thoor\photos.maison.canaries\terrain.1.jpg
[14:37:30] - [18] MIRKO.POZEN: Fichier Upload: D:\kerberos.htx\mig thoor\photos.maison.canaries\salle.de.bain.jpg (147,06 K/S -   150 589 bytes)
[14:37:31] - [18] MIRKO.POZEN: Début d'Upload de D:\kerberos.htx\mig thoor\photos.maison.canaries\terrain.2.jpg
[14:37:31] - [17] MIRKO.POZEN: Fichier Upload: D:\kerberos.htx\mig thoor\photos.maison.canaries\terrain.1.jpg (256,51 K/S -   262 666 bytes)
[14:37:31] - [17] MIRKO.POZEN: Début d'Upload de D:\kerberos.htx\mig thoor\photos.maison.canaries\Thumbs.db
[14:37:31] - [18] MIRKO.POZEN: Fichier Upload: D:\kerberos.htx\mig thoor\photos.maison.canaries\terrain.2.jpg (212,84 K/S -   217 949 bytes)
[14:37:31] - [17] MIRKO.POZEN: Fichier Upload: D:\kerberos.htx\mig thoor\photos.maison.canaries\Thumbs.db (71,50 K/S -   73 216 bytes)
[14:37:31] - [18] MIRKO.POZEN: Début d'Upload de D:\kerberos.htx\mig thoor\photos.maison.canaries\veranda.jpg
[14:37:31] - [17] MIRKO.POZEN: Répertoire en Cours: D:\kerberos.htx\mig thoor\sculpture.art.brut.meccanica.keys\
[14:37:32] - [18] MIRKO.POZEN: Fichier Upload: D:\kerberos.htx\mig thoor\photos.maison.canaries\veranda.jpg (158,75 K/S -   162 555 bytes)
[14:37:32] - [18] MIRKO.POZEN: Répertoire en Cours: D:\kerberos.htx\mig thoor\sculpture.art.brut.meccanica.keys\
[14:37:32] - [17] MIRKO.POZEN: Début d'Upload de D:\kerberos.htx\mig thoor\sculpture.art.brut.meccanica.keys\sculpture.art.brut.meccanica.keys.jpg
[14:37:32] - [18] MIRKO.POZEN: Début d'Upload de D:\kerberos.htx\mig thoor\sculpture.art.brut.meccanica.keys\sculpture.art.brut.meccanica.keys1.jpg
[14:37:33] - [17] MIRKO.POZEN: Fichier Upload: D:\kerberos.htx\mig thoor\sculpture.art.brut.meccanica.keys\sculpture.art.brut.meccanica.keys.jpg (489,63 K/S -   501 385 bytes)
[14:37:33] - [18] MIRKO.POZEN: Fichier Upload: D:\kerberos.htx\mig thoor\sculpture.art.brut.meccanica.keys\sculpture.art.brut.meccanica.keys1.jpg (439,03 K/S -   449 565 bytes)
[14:37:33] - [17] MIRKO.POZEN: Début d'Upload de D:\kerberos.htx\mig thoor\sculpture.art.brut.meccanica.keys\sculpture.art.brut.meccanica.keys2.jpg
[14:37:33] - [18] MIRKO.POZEN: Début d'Upload de D:\kerberos.htx\mig thoor\sculpture.art.brut.meccanica.keys\sculpture.art.brut.meccanica.keys3.jpg
[14:37:34] - [17] MIRKO.POZEN: Fichier Upload: D:\kerberos.htx\mig thoor\sculpture.art.brut.meccanica.keys\sculpture.art.brut.meccanica.keys2.jpg (344,74 K/S -   353 015 bytes)
[14:37:34] - [18] MIRKO.POZEN: Fichier Upload: D:\kerberos.htx\mig thoor\sculpture.art.brut.meccanica.keys\sculpture.art.brut.meccanica.keys3.jpg (312,18 K/S -   639 353 bytes)
[14:37:34] - [17] MIRKO.POZEN: Début d'Upload de D:\kerberos.htx\mig thoor\sculpture.art.brut.meccanica.keys\Thumbs.db
[14:37:34] - [18] MIRKO.POZEN: Répertoire en Cours: D:\kerberos.htx\mig thoor\stop.the.war.in the.world\
[14:37:34] - [17] MIRKO.POZEN: Fichier Upload: D:\kerberos.htx\mig thoor\sculpture.art.brut.meccanica.keys\Thumbs.db (23,50 K/S -   24 064 bytes)
[14:37:34] - [17] MIRKO.POZEN: Répertoire en Cours: D:\kerberos.htx\mig thoor\stop.the.war.in the.world\
[14:37:35] - [18] MIRKO.POZEN: Début d'Upload de D:\kerberos.htx\mig thoor\stop.the.war.in the.world\stop the war in the world.jpg
[14:37:35] - [17] MIRKO.POZEN: Début d'Upload de D:\kerberos.htx\mig thoor\stop.the.war.in the.world\stop the war in the world1.jpg
[14:37:36] - [18] MIRKO.POZEN: Fichier Upload: D:\kerberos.htx\mig thoor\stop.the.war.in the.world\stop the war in the world.jpg (668,17 K/S -   684 201 bytes)
[14:37:36] - [18] MIRKO.POZEN: Début d'Upload de D:\kerberos.htx\mig thoor\stop.the.war.in the.world\stop the war in the world2.jpg
[14:37:36] - [17] MIRKO.POZEN: Fichier Upload: D:\kerberos.htx\mig thoor\stop.the.war.in the.world\stop the war in the world1.jpg (289,26 K/S -   592 412 bytes)
[14:37:36] - [18] MIRKO.POZEN: Fichier Upload: D:\kerberos.htx\mig thoor\stop.the.war.in the.world\stop the war in the world2.jpg (278,12 K/S -   284 793 bytes)
[14:37:37] - [18] MIRKO.POZEN: Début d'Upload de D:\kerberos.htx\mig thoor\stop.the.war.in the.world\stop the war in the world4.jpg
[14:37:37] - [17] MIRKO.POZEN: Début d'Upload de D:\kerberos.htx\mig thoor\stop.the.war.in the.world\stop the war in the world3.jpg
[14:37:38] - [18] MIRKO.POZEN: Fichier Upload: D:\kerberos.htx\mig thoor\stop.the.war.in the.world\stop the war in the world4.jpg (630,17 K/S -   645 299 bytes)
[14:37:38] - [18] MIRKO.POZEN: Début d'Upload de D:\kerberos.htx\mig thoor\stop.the.war.in the.world\Thumbs.db
[14:37:38] - [18] MIRKO.POZEN: Fichier Upload: D:\kerberos.htx\mig thoor\stop.the.war.in the.world\Thumbs.db (30,00 K/S -   30 720 bytes)
[14:37:38] - [18] MIRKO.POZEN: Répertoire en Cours: D:\kerberos.htx\mig thoor\
[14:37:38] - [18] MIRKO.POZEN: Début d'Upload de D:\kerberos.htx\mig thoor\Thumbs.db
[14:37:38] - [18] MIRKO.POZEN: Fichier Upload: D:\kerberos.htx\mig thoor\Thumbs.db (8,00 K/S -   8 192 bytes)
[14:37:39] - [18] MIRKO.POZEN: Répertoire en Cours: D:\kerberos.htx\mig thoor\uxor, conjux  original\
[14:37:39] - [17] MIRKO.POZEN: Fichier Upload: D:\kerberos.htx\mig thoor\stop.the.war.in the.world\stop the war in the world3.jpg (651,40 K/S -  1 334 076 bytes)
[14:37:39] - [17] MIRKO.POZEN: Répertoire en Cours: D:\kerberos.htx\mig thoor\uxor, conjux  original\
[14:37:39] - [18] MIRKO.POZEN: Début d'Upload de D:\kerberos.htx\mig thoor\uxor, conjux  original\DSCF7042.JPG
[14:37:39] - [17] MIRKO.POZEN: Début d'Upload de D:\kerberos.htx\mig thoor\uxor, conjux  original\DSCF7043.JPG
[14:37:41] - [18] MIRKO.POZEN: Fichier Upload: D:\kerberos.htx\mig thoor\uxor, conjux  original\DSCF7042.JPG (654,23 K/S -  1 339 866 bytes)
[14:37:41] - [17] MIRKO.POZEN: Fichier Upload: D:\kerberos.htx\mig thoor\uxor, conjux  original\DSCF7043.JPG (664,78 K/S -  1 361 471 bytes)
[14:37:41] - [18] MIRKO.POZEN: Début d'Upload de D:\kerberos.htx\mig thoor\uxor, conjux  original\DSCF7045.JPG
[14:37:41] - [17] MIRKO.POZEN: Début d'Upload de D:\kerberos.htx\mig thoor\uxor, conjux  original\DSCF7046.JPG
[14:37:43] - [18] MIRKO.POZEN: Fichier Upload: D:\kerberos.htx\mig thoor\uxor, conjux  original\DSCF7045.JPG (1 272,30 K/S -  1 302 860 bytes)
[14:37:43] - [18] MIRKO.POZEN: Début d'Upload de D:\kerberos.htx\mig thoor\uxor, conjux  original\DSCF7048.JPG
[14:37:44] - [17] MIRKO.POZEN: Fichier Upload: D:\kerberos.htx\mig thoor\uxor, conjux  original\DSCF7046.JPG (655,50 K/S -  1 342 470 bytes)
[14:37:44] - [17] MIRKO.POZEN: Début d'Upload de D:\kerberos.htx\mig thoor\uxor, conjux  original\DSCF7049.JPG
[14:37:45] - [18] MIRKO.POZEN: Fichier Upload: D:\kerberos.htx\mig thoor\uxor, conjux  original\DSCF7048.JPG (655,37 K/S -  1 342 197 bytes)
[14:37:45] - [18] MIRKO.POZEN: Début d'Upload de D:\kerberos.htx\mig thoor\uxor, conjux  original\DSCF7050.JPG
[14:37:46] - [17] MIRKO.POZEN: Fichier Upload: D:\kerberos.htx\mig thoor\uxor, conjux  original\DSCF7049.JPG (643,20 K/S -  1 317 272 bytes)
[14:37:46] - [17] MIRKO.POZEN: Début d'Upload de D:\kerberos.htx\mig thoor\uxor, conjux  original\DSCF7051.JPG
[14:37:47] - [18] MIRKO.POZEN: Fichier Upload: D:\kerberos.htx\mig thoor\uxor, conjux  original\DSCF7050.JPG (657,11 K/S -  1 345 768 bytes)
[14:37:47] - [18] MIRKO.POZEN: Début d'Upload de D:\kerberos.htx\mig thoor\uxor, conjux  original\DSCF7052.JPG
[14:37:48] - [17] MIRKO.POZEN: Fichier Upload: D:\kerberos.htx\mig thoor\uxor, conjux  original\DSCF7051.JPG (1 301,10 K/S -  1 332 279 bytes)
[14:37:48] - [17] MIRKO.POZEN: Début d'Upload de D:\kerberos.htx\mig thoor\uxor, conjux  original\DSCF7053.JPG
[14:37:49] - [18] MIRKO.POZEN: Fichier Upload: D:\kerberos.htx\mig thoor\uxor, conjux  original\DSCF7052.JPG (662,01 K/S -  1 355 800 bytes)
[14:37:49] - [18] MIRKO.POZEN: Début d'Upload de D:\kerberos.htx\mig thoor\uxor, conjux  original\DSCF7054.JPG
[14:37:51] - [17] MIRKO.POZEN: Fichier Upload: D:\kerberos.htx\mig thoor\uxor, conjux  original\DSCF7053.JPG (662,08 K/S -  1 355 939 bytes)
[14:37:51] - [17] MIRKO.POZEN: Début d'Upload de D:\kerberos.htx\mig thoor\uxor, conjux  original\DSCF7055.JPG
[14:37:51] - [18] MIRKO.POZEN: Fichier Upload: D:\kerberos.htx\mig thoor\uxor, conjux  original\DSCF7054.JPG (476,89 K/S -  1 465 000 bytes)
[14:37:51] - [18] MIRKO.POZEN: Début d'Upload de D:\kerberos.htx\mig thoor\uxor, conjux  original\DSCF7056.JPG
[14:37:53] - [17] MIRKO.POZEN: Fichier Upload: D:\kerberos.htx\mig thoor\uxor, conjux  original\DSCF7055.JPG (659,44 K/S -  1 350 536 bytes)
[14:37:53] - [17] MIRKO.POZEN: Début d'Upload de D:\kerberos.htx\mig thoor\uxor, conjux  original\DSCF7057.JPG
[14:37:54] - [18] MIRKO.POZEN: Fichier Upload: D:\kerberos.htx\mig thoor\uxor, conjux  original\DSCF7056.JPG (636,43 K/S -  1 303 409 bytes)
[14:37:54] - [18] MIRKO.POZEN: Début d'Upload de D:\kerberos.htx\mig thoor\uxor, conjux  original\DSCF7059.JPG
[14:37:55] - [17] MIRKO.POZEN: Fichier Upload: D:\kerberos.htx\mig thoor\uxor, conjux  original\DSCF7057.JPG (701,32 K/S -  1 436 295 bytes)
[14:37:55] - [17] MIRKO.POZEN: Début d'Upload de D:\kerberos.htx\mig thoor\uxor, conjux  original\DSCF7060.JPG
[14:37:56] - [18] MIRKO.POZEN: Fichier Upload: D:\kerberos.htx\mig thoor\uxor, conjux  original\DSCF7059.JPG (730,56 K/S -  1 496 184 bytes)
[14:37:56] - [18] MIRKO.POZEN: Début d'Upload de D:\kerberos.htx\mig thoor\uxor, conjux  original\DSCF7061.JPG
[14:37:57] - [17] MIRKO.POZEN: Fichier Upload: D:\kerberos.htx\mig thoor\uxor, conjux  original\DSCF7060.JPG (700,61 K/S -  1 434 842 bytes)
[14:37:57] - [17] MIRKO.POZEN: Début d'Upload de D:\kerberos.htx\mig thoor\uxor, conjux  original\DSCF7062.JPG
[14:37:58] - [18] MIRKO.POZEN: Fichier Upload: D:\kerberos.htx\mig thoor\uxor, conjux  original\DSCF7061.JPG (659,67 K/S -  1 351 013 bytes)
[14:37:58] - [18] MIRKO.POZEN: Début d'Upload de D:\kerberos.htx\mig thoor\uxor, conjux  original\DSCF7065.JPG
[14:37:59] - [17] MIRKO.POZEN: Fichier Upload: D:\kerberos.htx\mig thoor\uxor, conjux  original\DSCF7062.JPG (736,42 K/S -  1 508 191 bytes)
[14:38:00] - [17] MIRKO.POZEN: Début d'Upload de D:\kerberos.htx\mig thoor\uxor, conjux  original\DSCF7066.JPG
[14:38:00] - [18] MIRKO.POZEN: Fichier Upload: D:\kerberos.htx\mig thoor\uxor, conjux  original\DSCF7065.JPG (718,18 K/S -  1 470 842 bytes)
[14:38:01] - [18] MIRKO.POZEN: Début d'Upload de D:\kerberos.htx\mig thoor\uxor, conjux  original\DSCF7067.JPG
[14:38:02] - [17] MIRKO.POZEN: Fichier Upload: D:\kerberos.htx\mig thoor\uxor, conjux  original\DSCF7066.JPG (724,65 K/S -  1 484 085 bytes)
[14:38:02] - [17] MIRKO.POZEN: Début d'Upload de D:\kerberos.htx\mig thoor\uxor, conjux  original\Thumbs.db
[14:38:02] - [17] MIRKO.POZEN: Fichier Upload: D:\kerberos.htx\mig thoor\uxor, conjux  original\Thumbs.db (85,50 K/S -   87 552 bytes)
[14:38:02] - [17] MIRKO.POZEN: Répertoire en Cours: D:\kerberos.htx\mig thoor\uxor, conjux  original\uxor, conjux  redimentionne\
[14:38:03] - [17] MIRKO.POZEN: Début d'Upload de D:\kerberos.htx\mig thoor\uxor, conjux  original\uxor, conjux  redimentionne\Image1.jpg
[14:38:03] - [18] MIRKO.POZEN: Fichier Upload: D:\kerberos.htx\mig thoor\uxor, conjux  original\DSCF7067.JPG (695,13 K/S -  1 423 620 bytes)
[14:38:03] - [18] MIRKO.POZEN: Répertoire en Cours: D:\kerberos.htx\mig thoor\uxor, conjux  original\uxor, conjux  redimentionne\
[14:38:03] - [18] MIRKO.POZEN: Début d'Upload de D:\kerberos.htx\mig thoor\uxor, conjux  original\uxor, conjux  redimentionne\Image10.jpg
[14:38:04] - [17] MIRKO.POZEN: Fichier Upload: D:\kerberos.htx\mig thoor\uxor, conjux  original\uxor, conjux  redimentionne\Image1.jpg (583,07 K/S -   597 068 bytes)
[14:38:04] - [17] MIRKO.POZEN: Début d'Upload de D:\kerberos.htx\mig thoor\uxor, conjux  original\uxor, conjux  redimentionne\Image11.jpg
[14:38:04] - [18] MIRKO.POZEN: Fichier Upload: D:\kerberos.htx\mig thoor\uxor, conjux  original\uxor, conjux  redimentionne\Image10.jpg (831,88 K/S -   851 840 bytes)
[14:38:05] - [18] MIRKO.POZEN: Début d'Upload de D:\kerberos.htx\mig thoor\uxor, conjux  original\uxor, conjux  redimentionne\Image12.jpg
[14:38:05] - [17] MIRKO.POZEN: Fichier Upload: D:\kerberos.htx\mig thoor\uxor, conjux  original\uxor, conjux  redimentionne\Image11.jpg (843,91 K/S -   864 164 bytes)
[14:38:05] - [17] MIRKO.POZEN: Début d'Upload de D:\kerberos.htx\mig thoor\uxor, conjux  original\uxor, conjux  redimentionne\Image13.jpg
[14:38:05] - [18] MIRKO.POZEN: Fichier Upload: D:\kerberos.htx\mig thoor\uxor, conjux  original\uxor, conjux  redimentionne\Image12.jpg (602,51 K/S -   616 967 bytes)
[14:38:06] - [18] MIRKO.POZEN: Début d'Upload de D:\kerberos.htx\mig thoor\uxor, conjux  original\uxor, conjux  redimentionne\Image14.jpg
[14:38:07] - [17] MIRKO.POZEN: Fichier Upload: D:\kerberos.htx\mig thoor\uxor, conjux  original\uxor, conjux  redimentionne\Image13.jpg (590,13 K/S -  1 208 585 bytes)
[14:38:07] - [17] MIRKO.POZEN: Début d'Upload de D:\kerberos.htx\mig thoor\uxor, conjux  original\uxor, conjux  redimentionne\Image15.jpg
[14:38:08] - [18] MIRKO.POZEN: Fichier Upload: D:\kerberos.htx\mig thoor\uxor, conjux  original\uxor, conjux  redimentionne\Image14.jpg (618,81 K/S -  1 267 324 bytes)
[14:38:08] - [18] MIRKO.POZEN: Début d'Upload de D:\kerberos.htx\mig thoor\uxor, conjux  original\uxor, conjux  redimentionne\Image16.jpg
[14:38:08] - [17] MIRKO.POZEN: Fichier Upload: D:\kerberos.htx\mig thoor\uxor, conjux  original\uxor, conjux  redimentionne\Image15.jpg (619,89 K/S -   634 768 bytes)
[14:38:08] - [17] MIRKO.POZEN: Début d'Upload de D:\kerberos.htx\mig thoor\uxor, conjux  original\uxor, conjux  redimentionne\Image17.jpg
[14:38:09] - [18] MIRKO.POZEN: Fichier Upload: D:\kerberos.htx\mig thoor\uxor, conjux  original\uxor, conjux  redimentionne\Image16.jpg (826,73 K/S -   846 574 bytes)
[14:38:09] - [18] MIRKO.POZEN: Début d'Upload de D:\kerberos.htx\mig thoor\uxor, conjux  original\uxor, conjux  redimentionne\Image18.jpg
[14:38:10] - [17] MIRKO.POZEN: Fichier Upload: D:\kerberos.htx\mig thoor\uxor, conjux  original\uxor, conjux  redimentionne\Image17.jpg (1 212,40 K/S -  1 241 512 bytes)
[14:38:10] - [17] MIRKO.POZEN: Début d'Upload de D:\kerberos.htx\mig thoor\uxor, conjux  original\uxor, conjux  redimentionne\Image19.jpg
[14:38:11] - [18] MIRKO.POZEN: Fichier Upload: D:\kerberos.htx\mig thoor\uxor, conjux  original\uxor, conjux  redimentionne\Image18.jpg (519,02 K/S -  1 062 950 bytes)
[14:38:11] - [18] MIRKO.POZEN: Début d'Upload de D:\kerberos.htx\mig thoor\uxor, conjux  original\uxor, conjux  redimentionne\Image2.jpg
[14:38:12] - [18] MIRKO.POZEN: Fichier Upload: D:\kerberos.htx\mig thoor\uxor, conjux  original\uxor, conjux  redimentionne\Image2.jpg (561,40 K/S -   574 876 bytes)
[14:38:12] - [18] MIRKO.POZEN: Début d'Upload de D:\kerberos.htx\mig thoor\uxor, conjux  original\uxor, conjux  redimentionne\Image20.jpg
[14:38:12] - [17] MIRKO.POZEN: Fichier Upload: D:\kerberos.htx\mig thoor\uxor, conjux  original\uxor, conjux  redimentionne\Image19.jpg (525,03 K/S -  1 075 263 bytes)
[14:38:12] - [17] MIRKO.POZEN: Début d'Upload de D:\kerberos.htx\mig thoor\uxor, conjux  original\uxor, conjux  redimentionne\Image21.jpg
[14:38:14] - [17] MIRKO.POZEN: Fichier Upload: D:\kerberos.htx\mig thoor\uxor, conjux  original\uxor, conjux  redimentionne\Image21.jpg (931,10 K/S -   953 444 bytes)
[14:38:14] - [18] MIRKO.POZEN: Fichier Upload: D:\kerberos.htx\mig thoor\uxor, conjux  original\uxor, conjux  redimentionne\Image20.jpg (452,54 K/S -   926 803 bytes)
[14:38:14] - [17] MIRKO.POZEN: Début d'Upload de D:\kerberos.htx\mig thoor\uxor, conjux  original\uxor, conjux  redimentionne\Image22.jpg
[14:38:14] - [18] MIRKO.POZEN: Début d'Upload de D:\kerberos.htx\mig thoor\uxor, conjux  original\uxor, conjux  redimentionne\Image3.jpg
[14:38:15] - [17] MIRKO.POZEN: Fichier Upload: D:\kerberos.htx\mig thoor\uxor, conjux  original\uxor, conjux  redimentionne\Image22.jpg (693,28 K/S -   709 920 bytes)
[14:38:15] - [17] MIRKO.POZEN: Début d'Upload de D:\kerberos.htx\mig thoor\uxor, conjux  original\uxor, conjux  redimentionne\Image4.jpg
[14:38:15] - [18] MIRKO.POZEN: Fichier Upload: D:\kerberos.htx\mig thoor\uxor, conjux  original\uxor, conjux  redimentionne\Image3.jpg (656,14 K/S -   671 885 bytes)
[14:38:15] - [18] MIRKO.POZEN: Début d'Upload de D:\kerberos.htx\mig thoor\uxor, conjux  original\uxor, conjux  redimentionne\Image5.jpg
[14:38:15] - [17] MIRKO.POZEN: Fichier Upload: D:\kerberos.htx\mig thoor\uxor, conjux  original\uxor, conjux  redimentionne\Image4.jpg (468,27 K/S -   479 505 bytes)
[14:38:16] - [17] MIRKO.POZEN: Début d'Upload de D:\kerberos.htx\mig thoor\uxor, conjux  original\uxor, conjux  redimentionne\Image6.jpg
[14:38:16] - [18] MIRKO.POZEN: Fichier Upload: D:\kerberos.htx\mig thoor\uxor, conjux  original\uxor, conjux  redimentionne\Image5.jpg (446,21 K/S -   456 920 bytes)
[14:38:16] - [18] MIRKO.POZEN: Début d'Upload de D:\kerberos.htx\mig thoor\uxor, conjux  original\uxor, conjux  redimentionne\Image7.jpg
[14:38:17] - [18] MIRKO.POZEN: Fichier Upload: D:\kerberos.htx\mig thoor\uxor, conjux  original\uxor, conjux  redimentionne\Image7.jpg (743,00 K/S -   760 829 bytes)
[14:38:17] - [18] MIRKO.POZEN: Début d'Upload de D:\kerberos.htx\mig thoor\uxor, conjux  original\uxor, conjux  redimentionne\Image8.jpg
[14:38:18] - [17] MIRKO.POZEN: Fichier Upload: D:\kerberos.htx\mig thoor\uxor, conjux  original\uxor, conjux  redimentionne\Image6.jpg (613,91 K/S -  1 257 286 bytes)
[14:38:18] - [17] MIRKO.POZEN: Début d'Upload de D:\kerberos.htx\mig thoor\uxor, conjux  original\uxor, conjux  redimentionne\Image9.jpg
[14:38:18] - [18] MIRKO.POZEN: Fichier Upload: D:\kerberos.htx\mig thoor\uxor, conjux  original\uxor, conjux  redimentionne\Image8.jpg (426,31 K/S -   873 085 bytes)
[14:38:18] - [17] MIRKO.POZEN: Fichier Upload: D:\kerberos.htx\mig thoor\uxor, conjux  original\uxor, conjux  redimentionne\Image9.jpg (407,89 K/S -   417 678 bytes)
[14:38:19] - [18] MIRKO.POZEN: Début d'Upload de D:\kerberos.htx\mig thoor\uxor, conjux  original\uxor, conjux  redimentionne\Thumbs.db
[14:38:19] - [18] MIRKO.POZEN: Fichier Upload: D:\kerberos.htx\mig thoor\uxor, conjux  original\uxor, conjux  redimentionne\Thumbs.db (113,00 K/S -   115 712 bytes)
[14:38:50] - [18] Client 90.100.66.214 Déconnecté (00:01:45 Min)
[14:38:50] - [17] Client 90.100.66.214 Déconnecté (00:01:45 Min)
[17:31:20] - [19] Connecté à 86.235.165.224. Collecte du Nom d'utilisateur.
[17:31:21] - [19] Authentification Incorrect: Utilisateur KERBEROS.HTX IP: 86.235.165.224
[17:31:21] - [19] Client 86.235.165.224 Déconnecté (00:00:00 Min)
[17:31:55] - [20] Connecté à 86.235.165.224. Collecte du Nom d'utilisateur.
[17:31:55] - [20] Authentification Incorrect: Utilisateur MIRKO.POZEN IP: 86.235.165.224
[17:31:55] - [20] Client 86.235.165.224 Déconnecté (00:00:00 Min)
[17:32:09] - [21] Connecté à 86.235.165.224. Collecte du Nom d'utilisateur.
[17:32:09] - [21] Authentification Incorrect: Utilisateur MIRKO.POZEN IP: 86.235.165.224
[17:32:09] - [21] Client 86.235.165.224 Déconnecté (00:00:00 Min)
[17:32:39] - [22] Connecté à 86.235.165.224. Collecte du Nom d'utilisateur.
[17:32:40] - [22] Usager MIRKO.POZEN Connecté IP: 86.235.165.224
[17:32:40] - [22] MIRKO.POZEN: Répertoire en Cours: D:\kerberos.htx\
[17:32:40] - [22] MIRKO.POZEN: Répertoire en Cours: D:\kerberos.htx\
[17:33:29] - [16] Client 90.100.66.214 Déconnecté (02:56:41 Min)
[17:34:50] - [23] Connecté à 90.100.66.214. Collecte du Nom d'utilisateur.
[17:34:50] - [23] Usager MIRKO.POZEN Connecté IP: 90.100.66.214
[17:34:50] - [23] MIRKO.POZEN: Répertoire en Cours: D:\kerberos.htx\
[17:34:50] - [23] MIRKO.POZEN: Répertoire en Cours: D:\kerberos.htx\
[17:35:01] - [23] MIRKO.POZEN: Répertoire en Cours: D:\kerberos.htx\exe\
[17:35:05] - [24] Connecté à 90.100.66.214. Collecte du Nom d'utilisateur.
[17:35:05] - [24] Usager MIRKO.POZEN Connecté IP: 90.100.66.214
[17:35:05] - [24] MIRKO.POZEN: Répertoire en Cours: D:\kerberos.htx\
[17:35:05] - [24] MIRKO.POZEN: Répertoire en Cours: D:\kerberos.htx\exe\
[17:35:20] - [22] MIRKO.POZEN: Répertoire en Cours: D:\kerberos.htx\exe\
[17:35:41] - [24] Client 90.100.66.214 Déconnecté (00:00:36 Min)
[17:36:09] - [25] Connecté à 86.235.165.224. Collecte du Nom d'utilisateur.
[17:36:09] - [25] Usager MIRKO.POZEN Connecté IP: 86.235.165.224
[17:36:09] - [25] MIRKO.POZEN: Répertoire en Cours: D:\kerberos.htx\
[17:36:09] - [25] MIRKO.POZEN: Répertoire en Cours: D:\kerberos.htx\exe\
[17:36:09] - [25] MIRKO.POZEN: Début du Téléchargement de: D:\kerberos.htx\exe\CW.eXe
[17:37:44] - [25] MIRKO.POZEN: Fichier envoyé: D:\kerberos.htx\exe\CW.eXe (97,23 K/S -  9 458 428 bytes)
[17:38:16] - [25] Client 86.235.165.224 Déconnecté (00:02:07 Min)
[17:38:44] - [22] Client 86.235.165.224 Déconnecté (00:06:04 Min)
[17:40:08] - [23] Client 90.100.66.214 Déconnecté (00:05:18 Min)
[17:57:32] - [26] Connecté à 86.235.165.224. Collecte du Nom d'utilisateur.
[17:57:32] - [26] Usager MIRKO.POZEN Connecté IP: 86.235.165.224
[17:57:32] - [26] MIRKO.POZEN: Répertoire en Cours: D:\kerberos.htx\
[17:57:33] - [26] MIRKO.POZEN: Répertoire en Cours: D:\kerberos.htx\
[17:57:58] - [26] MIRKO.POZEN: Répertoire en Cours: D:\kerberos.htx\progz\
[17:58:09] - [26] MIRKO.POZEN: Répertoire en Cours: D:\kerberos.htx\progz\tools\
[17:58:19] - [26] MIRKO.POZEN: Répertoire en Cours: D:\kerberos.htx\
[17:58:19] - [26] MIRKO.POZEN: Répertoire en Cours: D:\kerberos.htx\exe\
[17:58:27] - [26] MIRKO.POZEN: Répertoire en Cours: D:\kerberos.htx\exe\reactivate wk7\
[17:59:22] - [27] Connecté à 86.235.165.224. Collecte du Nom d'utilisateur.
[17:59:22] - [27] Usager MIRKO.POZEN Connecté IP: 86.235.165.224
[17:59:22] - [27] MIRKO.POZEN: Répertoire en Cours: D:\kerberos.htx\
[17:59:22] - [27] MIRKO.POZEN: Répertoire en Cours: D:\kerberos.htx\exe\
[17:59:22] - [27] MIRKO.POZEN: Début du Téléchargement de: D:\kerberos.htx\exe\ClassicShellSetup_4_2_5.exe
[18:00:31] - [27] MIRKO.POZEN: Fichier envoyé: D:\kerberos.htx\exe\ClassicShellSetup_4_2_5.exe (100,07 K/S -  6 968 048 bytes)
[18:01:01] - [27] Client 86.235.165.224 Déconnecté (00:01:39 Min)
[18:04:46] - [28] Connecté à 90.100.66.214. Collecte du Nom d'utilisateur.
[18:04:47] - [28] Usager MIRKO.POZEN Connecté IP: 90.100.66.214
[18:04:47] - [28] MIRKO.POZEN: Répertoire en Cours: D:\kerberos.htx\
[18:04:47] - [28] MIRKO.POZEN: Répertoire en Cours: D:\kerberos.htx\
[18:04:56] - [28] MIRKO.POZEN: Répertoire en Cours: D:\kerberos.htx\exe\
[18:05:01] - [29] Connecté à 90.100.66.214. Collecte du Nom d'utilisateur.
[18:05:01] - [29] Usager MIRKO.POZEN Connecté IP: 90.100.66.214
[18:05:01] - [29] MIRKO.POZEN: Répertoire en Cours: D:\kerberos.htx\
[18:05:01] - [29] MIRKO.POZEN: Répertoire en Cours: D:\kerberos.htx\exe\
[18:05:02] - [29] MIRKO.POZEN: Début d'Upload de D:\kerberos.htx\exe\remove-watermark.exe
[18:05:08] - [29] MIRKO.POZEN: Fichier Upload: D:\kerberos.htx\exe\remove-watermark.exe (276,13 K/S -  1 696 512 bytes)
[18:05:11] - [29] Client 90.100.66.214 Déconnecté (00:00:09 Min)
[18:05:11] - [28] Client 90.100.66.214 Déconnecté (00:00:24 Min)
[18:05:29] - [26] MIRKO.POZEN: Répertoire en Cours: D:\kerberos.htx\exe\
[18:06:14] - [30] Connecté à 86.235.165.224. Collecte du Nom d'utilisateur.
[18:06:14] - [30] Usager MIRKO.POZEN Connecté IP: 86.235.165.224
[18:06:14] - [30] MIRKO.POZEN: Répertoire en Cours: D:\kerberos.htx\
[18:06:14] - [30] MIRKO.POZEN: Répertoire en Cours: D:\kerberos.htx\exe\
[18:06:14] - [30] MIRKO.POZEN: Début du Téléchargement de: D:\kerberos.htx\exe\remove-watermark.exe
[18:06:31] - [30] MIRKO.POZEN: Fichier envoyé: D:\kerberos.htx\exe\remove-watermark.exe (97,46 K/S -  1 696 512 bytes)
[18:07:05] - [30] Client 86.235.165.224 Déconnecté (00:00:51 Min)
[18:25:47] - [26] Client 86.235.165.224 Déconnecté (00:28:14 Min)
[20:38:44] - [31] Connecté à 164.132.91.3. Collecte du Nom d'utilisateur.
[20:38:44] - [31] Client 164.132.91.3 Déconnecté (00:00:00 Min)
[20:39:35] - [32] Connecté à 90.100.66.214. Collecte du Nom d'utilisateur.
[20:39:35] - [32] Usager MIRKO.POZEN Connecté IP: 90.100.66.214
[20:39:35] - [32] MIRKO.POZEN: Répertoire en Cours: D:\kerberos.htx\
[20:39:35] - [32] MIRKO.POZEN: Répertoire en Cours: D:\kerberos.htx\
[20:39:51] - [32] MIRKO.POZEN: Répertoire en Cours: D:\kerberos.htx\TXT\
[20:40:02] - [32] MIRKO.POZEN: Répertoire en Cours: D:\kerberos.htx\
[20:40:03] - [32] MIRKO.POZEN: Répertoire en Cours: D:\kerberos.htx\a trier\
[20:40:06] - [32] MIRKO.POZEN: Répertoire en Cours: D:\kerberos.htx\a trier\cr wk7\
[20:40:09] - [32] MIRKO.POZEN: Répertoire en Cours: D:\kerberos.htx\a trier\cr wk7\Nouveau dossier\
[20:40:14] - [32] Client 90.100.66.214 Déconnecté (00:00:39 Min)
[21:34:31] - [33] Connecté à 90.100.66.214. Collecte du Nom d'utilisateur.
[21:34:31] - [33] Usager MIRKO.POZEN Connecté IP: 90.100.66.214
[21:34:31] - [33] MIRKO.POZEN: Répertoire en Cours: D:\kerberos.htx\
[21:34:31] - [33] MIRKO.POZEN: Répertoire en Cours: D:\kerberos.htx\
[21:34:38] - [33] MIRKO.POZEN: Répertoire en Cours: D:\kerberos.htx\last dow\
[21:34:42] - [33] MIRKO.POZEN: Répertoire en Cours: D:\kerberos.htx\
[21:34:42] - [33] MIRKO.POZEN: Répertoire en Cours: D:\kerberos.htx\progz\
[21:34:54] - [33] MIRKO.POZEN: Répertoire en Cours: D:\kerberos.htx\
[21:34:54] - [33] MIRKO.POZEN: Répertoire en Cours: D:\kerberos.htx\exe\
[21:35:29] - [34] Connecté à 90.100.66.214. Collecte du Nom d'utilisateur.
[21:35:29] - [34] Usager MIRKO.POZEN Connecté IP: 90.100.66.214
[21:35:29] - [34] MIRKO.POZEN: Répertoire en Cours: D:\kerberos.htx\
[21:35:29] - [34] MIRKO.POZEN: Répertoire en Cours: D:\kerberos.htx\exe\
[21:35:30] - [34] MIRKO.POZEN: Début du Téléchargement de: D:\kerberos.htx\exe\gdbnt.zip
[21:35:55] - [34] MIRKO.POZEN: Fichier envoyé: D:\kerberos.htx\exe\gdbnt.zip (103,83 K/S -  2 657 967 bytes)
[21:36:04] - [34] MIRKO.POZEN: Début du Téléchargement de: D:\kerberos.htx\exe\pplfr165.exe
[21:36:06] - [34] MIRKO.POZEN: Fichier envoyé: D:\kerberos.htx\exe\pplfr165.exe (112,73 K/S -   230 869 bytes)
[21:36:15] - [33] MIRKO.POZEN: Fichier Effacé : D:\kerberos.htx\exe\remove-watermark.exe
[21:36:37] - [34] Client 90.100.66.214 Déconnecté (00:01:08 Min)
[21:38:25] - [33] MIRKO.POZEN: Répertoire en Cours: D:\kerberos.htx\exe\hddentinel\
[21:38:38] - [35] Connecté à 90.100.66.214. Collecte du Nom d'utilisateur.
[21:38:38] - [35] Usager MIRKO.POZEN Connecté IP: 90.100.66.214
[21:38:38] - [35] MIRKO.POZEN: Répertoire en Cours: D:\kerberos.htx\
[21:38:38] - [35] MIRKO.POZEN: Répertoire en Cours: D:\kerberos.htx\exe\hddentinel\
[21:38:38] - [35] MIRKO.POZEN: Début du Téléchargement de: D:\kerberos.htx\exe\hddentinel\hdsentinel_pro_setup.exe
[21:39:01] - [33] MIRKO.POZEN: Répertoire en Cours: D:\kerberos.htx\
[21:39:02] - [33] MIRKO.POZEN: Répertoire en Cours: D:\kerberos.htx\rar\
[21:39:41] - [33] MIRKO.POZEN: Répertoire en Cours: D:\kerberos.htx\
[21:39:42] - [33] MIRKO.POZEN: Répertoire en Cours: D:\kerberos.htx\a trier\
[21:39:45] - [33] MIRKO.POZEN: Répertoire en Cours: D:\kerberos.htx\a trier\cr wk7\
[21:39:50] - [33] MIRKO.POZEN: Répertoire en Cours: D:\kerberos.htx\a trier\cr wk7\Nouveau dossier\
[21:39:56] - [33] MIRKO.POZEN: Répertoire en Cours: D:\kerberos.htx\a trier\
[21:39:56] - [33] MIRKO.POZEN: Répertoire en Cours: D:\kerberos.htx\a trier\000\
[21:40:00] - [33] MIRKO.POZEN: Répertoire en Cours: D:\kerberos.htx\a trier\
[21:40:00] - [33] MIRKO.POZEN: Répertoire en Cours: D:\kerberos.htx\a trier\1\
[21:40:14] - [36] Connecté à 90.100.66.214. Collecte du Nom d'utilisateur.
[21:40:14] - [36] Usager MIRKO.POZEN Connecté IP: 90.100.66.214
[21:40:14] - [36] MIRKO.POZEN: Répertoire en Cours: D:\kerberos.htx\
[21:40:14] - [36] MIRKO.POZEN: Répertoire en Cours: D:\kerberos.htx\a trier\1\
[21:40:14] - [36] MIRKO.POZEN: Début du Téléchargement de: D:\kerberos.htx\a trier\1\youtube_downloader_hd.exe
[21:40:24] - [33] MIRKO.POZEN: Répertoire en Cours: D:\kerberos.htx\a trier\
[21:40:24] - [33] MIRKO.POZEN: Répertoire en Cours: D:\kerberos.htx\a trier\2\
[21:40:42] - [33] MIRKO.POZEN: Répertoire en Cours: D:\kerberos.htx\a trier\
[21:40:43] - [33] MIRKO.POZEN: Répertoire en Cours: D:\kerberos.htx\a trier\cleusb 16go\
[21:40:55] - [33] MIRKO.POZEN: Répertoire en Cours: D:\kerberos.htx\a trier\cleusb 16go\usb14go\
[21:41:03] - [33] MIRKO.POZEN: Répertoire en Cours: D:\kerberos.htx\a trier\cleusb 16go\usb14go\mig\
[21:41:20] - [33] MIRKO.POZEN: Répertoire en Cours: D:\kerberos.htx\a trier\
[21:41:21] - [33] MIRKO.POZEN: Répertoire en Cours: D:\kerberos.htx\a trier\douwloads\
[21:41:43] - [33] MIRKO.POZEN: Répertoire en Cours: D:\kerberos.htx\a trier\
[21:41:43] - [33] MIRKO.POZEN: Répertoire en Cours: D:\kerberos.htx\a trier\exe\
[21:42:04] - [33] MIRKO.POZEN: Répertoire en Cours: D:\kerberos.htx\a trier\
[21:42:05] - [33] MIRKO.POZEN: Répertoire en Cours: D:\kerberos.htx\a trier\fb\
[21:42:17] - [33] MIRKO.POZEN: Répertoire en Cours: D:\kerberos.htx\a trier\
[21:42:17] - [33] MIRKO.POZEN: Répertoire en Cours: D:\kerberos.htx\a trier\progz mig\
[21:42:27] - [33] MIRKO.POZEN: Répertoire en Cours: D:\kerberos.htx\a trier\progz mig\harddisk\
[21:42:53] - [35] MIRKO.POZEN: Fichier envoyé: D:\kerberos.htx\exe\hddentinel\hdsentinel_pro_setup.exe (70,39 K/S -  18 307 080 bytes)
[21:42:54] - [35] MIRKO.POZEN: Répertoire en Cours: D:\kerberos.htx\a trier\2\
[21:42:55] - [35] MIRKO.POZEN: Début du Téléchargement de: D:\kerberos.htx\a trier\2\vlc-2.2.4-win32.exe
[21:43:14] - [33] MIRKO.POZEN: Répertoire en Cours: D:\kerberos.htx\a trier\progz mig\
[21:43:14] - [33] MIRKO.POZEN: Répertoire en Cours: D:\kerberos.htx\a trier\progz mig\getdataback\
[21:43:18] - [36] MIRKO.POZEN: Fichier envoyé: D:\kerberos.htx\a trier\1\youtube_downloader_hd.exe (52,40 K/S -  9 819 721 bytes)
[21:43:23] - [33] MIRKO.POZEN: Répertoire en Cours: D:\kerberos.htx\a trier\progz mig\getdataback\gdbnt.zip\
[21:43:29] - [36] MIRKO.POZEN: Répertoire en Cours: D:\kerberos.htx\a trier\progz mig\getdataback\gdbnt.zip\
[21:43:29] - [36] MIRKO.POZEN: Début du Téléchargement de: D:\kerberos.htx\a trier\progz mig\getdataback\gdbnt.zip\serial gdb 3.66.txt
[21:43:29] - [36] MIRKO.POZEN: Fichier envoyé: D:\kerberos.htx\a trier\progz mig\getdataback\gdbnt.zip\serial gdb 3.66.txt (0,04 K/S -    41 bytes)
[21:44:01] - [36] Client 90.100.66.214 Déconnecté (00:03:47 Min)
[21:47:54] - [35] MIRKO.POZEN: Fichier envoyé: D:\kerberos.htx\a trier\2\vlc-2.2.4-win32.exe (99,73 K/S -  30 533 688 bytes)
[21:47:59] - [35] MIRKO.POZEN: Répertoire en Cours: D:\kerberos.htx\a trier\progz mig\getdataback\gdbnt.zip\
[21:47:59] - [37] Connecté à 90.100.66.214. Collecte du Nom d'utilisateur.
[21:47:59] - [37] Usager MIRKO.POZEN Connecté IP: 90.100.66.214
[21:47:59] - [37] MIRKO.POZEN: Répertoire en Cours: D:\kerberos.htx\
[21:47:59] - [37] MIRKO.POZEN: Répertoire en Cours: D:\kerberos.htx\a trier\progz mig\getdataback\gdbnt.zip\
[21:48:05] - [37] MIRKO.POZEN: Répertoire en Cours: D:\kerberos.htx\a trier\progz mig\getdataback\
[21:48:05] - [37] MIRKO.POZEN: Début du Téléchargement de: D:\kerberos.htx\a trier\progz mig\getdataback\gdbnt.zip.zip
[21:48:30] - [37] MIRKO.POZEN: Fichier envoyé: D:\kerberos.htx\a trier\progz mig\getdataback\gdbnt.zip.zip (100,16 K/S -  2 666 713 bytes)
[21:48:31] - [35] Client 90.100.66.214 Déconnecté (00:09:52 Min)
[21:49:01] - [37] Client 90.100.66.214 Déconnecté (00:01:01 Min)
[21:49:44] - [33] Client 90.100.66.214 Déconnecté (00:15:13 Min)
[22:04:19] - [38] Connecté à 196.52.43.88. Collecte du Nom d'utilisateur.
[22:04:50] - [38] Client 196.52.43.88 Déconnecté (00:00:30 Min)
[23:16:12] - [39] Connecté à 196.52.43.119. Collecte du Nom d'utilisateur.
[23:16:12] - [39] Client 196.52.43.119 Déconnecté (00:00:00 Min)
