[03:21:28] - [38] Connecté à 196.52.43.63. Collecte du Nom d'utilisateur.
[03:21:58] - [38] Client 196.52.43.63 Déconnecté (00:00:30 Min)
[08:31:45] - [39] Connecté à 196.52.43.64. Collecte du Nom d'utilisateur.
[08:31:55] - [39] Client 196.52.43.64 Déconnecté (00:00:09 Min)
[11:13:31] - [40] Connecté à 90.56.16.108. Collecte du Nom d'utilisateur.
[11:13:31] - [40] Client 90.56.16.108 Déconnecté (00:00:00 Min)
[15:05:51] - [41] Connecté à 90.56.16.108. Collecte du Nom d'utilisateur.
[15:05:51] - [41] Client 90.56.16.108 Déconnecté (00:00:00 Min)
[17:24:51] - [42] Connecté à 5.141.229.154. Collecte du Nom d'utilisateur.
[17:24:52] - [42] Client 5.141.229.154 Déconnecté (00:00:00 Min)
[20:51:43] - [43] Connecté à 90.56.16.108. Collecte du Nom d'utilisateur.
[20:51:43] - [43] Usager VICTOR.POZEN Connecté IP: 90.56.16.108
[20:51:43] - [43] VICTOR.POZEN: Répertoire en Cours: D:\kerberos.htx\
[20:51:43] - [43] VICTOR.POZEN: Répertoire en Cours: D:\kerberos.htx\
[20:51:52] - [43] VICTOR.POZEN: Répertoire en Cours: D:\kerberos.htx\http2\defrag\
[20:52:02] - [43] VICTOR.POZEN: Répertoire en Cours: D:\kerberos.htx\http2\defrag\AusLogics Disk Defrag\
[20:52:03] - [43] VICTOR.POZEN: Répertoire en Cours: D:\kerberos.htx\http2\defrag\AusLogics Disk Defrag\reports\
[20:52:03] - [43] VICTOR.POZEN: Répertoire en Cours: D:\kerberos.htx\http2\defrag\AusLogics Disk Defrag\Lang\
[20:52:03] - [43] VICTOR.POZEN: Répertoire en Cours: D:\kerberos.htx\http2\defrag\AusLogics Disk Defrag\Data\
[20:52:04] - [44] Connecté à 90.56.16.108. Collecte du Nom d'utilisateur.
[20:52:04] - [45] Connecté à 90.56.16.108. Collecte du Nom d'utilisateur.
[20:52:04] - [44] Usager VICTOR.POZEN Connecté IP: 90.56.16.108
[20:52:04] - [44] VICTOR.POZEN: Répertoire en Cours: D:\kerberos.htx\
[20:52:04] - [45] Usager VICTOR.POZEN Connecté IP: 90.56.16.108
[20:52:04] - [45] VICTOR.POZEN: Répertoire en Cours: D:\kerberos.htx\
[20:52:04] - [45] VICTOR.POZEN: Début du Téléchargement de: D:\kerberos.htx\http2\defrag\AusLogics Disk Defrag\axuninstall.exe
[20:52:04] - [45] VICTOR.POZEN: Fichier envoyé: D:\kerberos.htx\http2\defrag\AusLogics Disk Defrag\axuninstall.exe (20,00 K/S -   20 480 bytes)
[20:52:04] - [44] VICTOR.POZEN: Début du Téléchargement de: D:\kerberos.htx\http2\defrag\AusLogics Disk Defrag\axpackage10.bpl
[20:52:04] - [45] VICTOR.POZEN: Début du Téléchargement de: D:\kerberos.htx\http2\defrag\AusLogics Disk Defrag\commonforms_lite.dll
[20:52:04] - [45] VICTOR.POZEN: Fichier envoyé: D:\kerberos.htx\http2\defrag\AusLogics Disk Defrag\commonforms_lite.dll (68,50 K/S -   70 144 bytes)
[20:52:04] - [45] VICTOR.POZEN: Début du Téléchargement de: D:\kerberos.htx\http2\defrag\AusLogics Disk Defrag\diskdefrag.dll
[20:52:05] - [45] VICTOR.POZEN: Fichier envoyé: D:\kerberos.htx\http2\defrag\AusLogics Disk Defrag\diskdefrag.dll (105,00 K/S -   107 520 bytes)
[20:52:05] - [44] VICTOR.POZEN: Fichier envoyé: D:\kerberos.htx\http2\defrag\AusLogics Disk Defrag\axpackage10.bpl (541,50 K/S -   554 496 bytes)
[20:52:05] - [45] VICTOR.POZEN: Début du Téléchargement de: D:\kerberos.htx\http2\defrag\AusLogics Disk Defrag\diskdefrag.exe
[20:52:05] - [44] VICTOR.POZEN: Début du Téléchargement de: D:\kerberos.htx\http2\defrag\AusLogics Disk Defrag\helper.dll
[20:52:05] - [44] VICTOR.POZEN: Fichier envoyé: D:\kerberos.htx\http2\defrag\AusLogics Disk Defrag\helper.dll (81,50 K/S -   83 456 bytes)
[20:52:05] - [45] VICTOR.POZEN: Fichier envoyé: D:\kerberos.htx\http2\defrag\AusLogics Disk Defrag\diskdefrag.exe (205,00 K/S -   209 920 bytes)
[20:52:05] - [44] VICTOR.POZEN: Début du Téléchargement de: D:\kerberos.htx\http2\defrag\AusLogics Disk Defrag\localizer.dll
[20:52:05] - [45] VICTOR.POZEN: Début du Téléchargement de: D:\kerberos.htx\http2\defrag\AusLogics Disk Defrag\madbasic_.bpl
[20:52:05] - [44] VICTOR.POZEN: Fichier envoyé: D:\kerberos.htx\http2\defrag\AusLogics Disk Defrag\localizer.dll (45,50 K/S -   46 592 bytes)
[20:52:05] - [44] VICTOR.POZEN: Début du Téléchargement de: D:\kerberos.htx\http2\defrag\AusLogics Disk Defrag\maddisasm_.bpl
[20:52:06] - [45] VICTOR.POZEN: Fichier envoyé: D:\kerberos.htx\http2\defrag\AusLogics Disk Defrag\madbasic_.bpl (142,50 K/S -   145 920 bytes)
[20:52:06] - [44] VICTOR.POZEN: Fichier envoyé: D:\kerberos.htx\http2\defrag\AusLogics Disk Defrag\maddisasm_.bpl (41,00 K/S -   41 984 bytes)
[20:52:06] - [45] VICTOR.POZEN: Début du Téléchargement de: D:\kerberos.htx\http2\defrag\AusLogics Disk Defrag\madexcept_.bpl
[20:52:06] - [44] VICTOR.POZEN: Début du Téléchargement de: D:\kerberos.htx\http2\defrag\AusLogics Disk Defrag\rtl70.bpl
[20:52:06] - [45] VICTOR.POZEN: Fichier envoyé: D:\kerberos.htx\http2\defrag\AusLogics Disk Defrag\madexcept_.bpl (307,00 K/S -   314 368 bytes)
[20:52:06] - [45] VICTOR.POZEN: Début du Téléchargement de: D:\kerberos.htx\http2\defrag\AusLogics Disk Defrag\unins000.dat
[20:52:07] - [45] VICTOR.POZEN: Fichier envoyé: D:\kerberos.htx\http2\defrag\AusLogics Disk Defrag\unins000.dat (5,48 K/S -   5 611 bytes)
[20:52:07] - [45] VICTOR.POZEN: Début du Téléchargement de: D:\kerberos.htx\http2\defrag\AusLogics Disk Defrag\unins000.exe
[20:52:07] - [44] VICTOR.POZEN: Fichier envoyé: D:\kerberos.htx\http2\defrag\AusLogics Disk Defrag\rtl70.bpl (760,00 K/S -   778 240 bytes)
[20:52:07] - [44] VICTOR.POZEN: Début du Téléchargement de: D:\kerberos.htx\http2\defrag\AusLogics Disk Defrag\vcl70.bpl
[20:52:08] - [45] VICTOR.POZEN: Fichier envoyé: D:\kerberos.htx\http2\defrag\AusLogics Disk Defrag\unins000.exe (691,45 K/S -   708 048 bytes)
[20:52:08] - [45] VICTOR.POZEN: Début du Téléchargement de: D:\kerberos.htx\http2\defrag\AusLogics Disk Defrag\reports\C_Disk_Defrag_Report.html
[20:52:09] - [45] VICTOR.POZEN: Fichier envoyé: D:\kerberos.htx\http2\defrag\AusLogics Disk Defrag\reports\C_Disk_Defrag_Report.html (302,79 K/S -   310 061 bytes)
[20:52:09] - [45] VICTOR.POZEN: Début du Téléchargement de: D:\kerberos.htx\http2\defrag\AusLogics Disk Defrag\reports\D_Disk_Defrag_Report.html
[20:52:09] - [45] VICTOR.POZEN: Fichier envoyé: D:\kerberos.htx\http2\defrag\AusLogics Disk Defrag\reports\D_Disk_Defrag_Report.html (14,08 K/S -   14 417 bytes)
[20:52:09] - [44] VICTOR.POZEN: Fichier envoyé: D:\kerberos.htx\http2\defrag\AusLogics Disk Defrag\vcl70.bpl (449,67 K/S -  1 381 376 bytes)
[20:52:09] - [45] VICTOR.POZEN: Début du Téléchargement de: D:\kerberos.htx\http2\defrag\AusLogics Disk Defrag\reports\E_Disk_Defrag_Report.html
[20:52:09] - [45] VICTOR.POZEN: Fichier envoyé: D:\kerberos.htx\http2\defrag\AusLogics Disk Defrag\reports\E_Disk_Defrag_Report.html (15,87 K/S -   16 253 bytes)
[20:52:09] - [44] VICTOR.POZEN: Début du Téléchargement de: D:\kerberos.htx\http2\defrag\AusLogics Disk Defrag\reports\G_Disk_Defrag_Report.html
[20:52:09] - [44] VICTOR.POZEN: Fichier envoyé: D:\kerberos.htx\http2\defrag\AusLogics Disk Defrag\reports\G_Disk_Defrag_Report.html (15,19 K/S -   15 554 bytes)
[20:52:10] - [45] VICTOR.POZEN: Début du Téléchargement de: D:\kerberos.htx\http2\defrag\AusLogics Disk Defrag\reports\H_Disk_Defrag_Report.html
[20:52:10] - [44] VICTOR.POZEN: Début du Téléchargement de: D:\kerberos.htx\http2\defrag\AusLogics Disk Defrag\Lang\fr.lng
[20:52:10] - [44] VICTOR.POZEN: Fichier envoyé: D:\kerberos.htx\http2\defrag\AusLogics Disk Defrag\Lang\fr.lng (9,84 K/S -   10 075 bytes)
[20:52:10] - [45] VICTOR.POZEN: Fichier envoyé: D:\kerberos.htx\http2\defrag\AusLogics Disk Defrag\reports\H_Disk_Defrag_Report.html (55,81 K/S -   57 151 bytes)
[20:52:10] - [44] VICTOR.POZEN: Début du Téléchargement de: D:\kerberos.htx\http2\defrag\AusLogics Disk Defrag\Data\about.png
[20:52:10] - [44] VICTOR.POZEN: Fichier envoyé: D:\kerberos.htx\http2\defrag\AusLogics Disk Defrag\Data\about.png (29,16 K/S -   29 860 bytes)
[20:52:10] - [45] VICTOR.POZEN: Début du Téléchargement de: D:\kerberos.htx\http2\defrag\AusLogics Disk Defrag\Data\main.ini
[20:52:10] - [45] VICTOR.POZEN: Fichier envoyé: D:\kerberos.htx\http2\defrag\AusLogics Disk Defrag\Data\main.ini (0,90 K/S -    919 bytes)
[20:52:34] - [45] Client 90.56.16.108 Déconnecté (00:00:30 Min)
[20:52:34] - [44] Client 90.56.16.108 Déconnecté (00:00:30 Min)
[20:52:34] - [43] Client 90.56.16.108 Déconnecté (00:00:51 Min)
