[03:43:34] - [24] Connecté à 164.132.91.3. Collecte du Nom d'utilisateur.
[03:43:34] - [24] Client 164.132.91.3 Déconnecté (00:00:00 Min)
[06:10:10] - [25] Connecté à 184.105.247.252. Collecte du Nom d'utilisateur.
[06:10:10] - [25] Client 184.105.247.252 Déconnecté (00:00:00 Min)
[07:27:03] - [26] Connecté à 37.218.141.26. Collecte du Nom d'utilisateur.
[07:27:03] - [26] Authentification Incorrect: Utilisateur FTP IP: 37.218.141.26
[07:27:03] - [26] Client 37.218.141.26 Déconnecté (00:00:00 Min)
[07:52:56] - [27] Connecté à 117.200.152.190. Collecte du Nom d'utilisateur.
[07:52:57] - [27] Authentification Incorrect: Utilisateur ADMIN IP: 117.200.152.190
[07:52:57] - [27] Client 117.200.152.190 Déconnecté (00:00:00 Min)
[11:57:51] - [28] Connecté à 109.201.59.195. Collecte du Nom d'utilisateur.
[11:57:52] - [28] Usager ANONYMOUS Connecté IP: 109.201.59.195
[11:57:52] - [28] Mot de Passe Incorrect: Utilisateur ANONYMOUS IP: 109.201.59.195
[11:57:52] - [28] Client 109.201.59.195 Déconnecté (00:00:00 Min)
[13:55:10] - [29] Connecté à 192.168.0.1. Collecte du Nom d'utilisateur.
[13:55:10] - [29] Client 192.168.0.1 Déconnecté (00:00:00 Min)
[19:36:48] - Serveur Démarré
[19:36:48] - FTP Port: 21
[19:37:07] - [1] Connecté à 192.168.0.1. Collecte du Nom d'utilisateur.
[19:37:07] - [1] Usager VICTOR.POZEN Connecté IP: 192.168.0.1
[19:37:07] - [1] VICTOR.POZEN: Répertoire en Cours: D:\kerberos.htx\
[19:37:07] - [1] VICTOR.POZEN: Répertoire en Cours: D:\kerberos.htx\
[19:37:38] - [1] VICTOR.POZEN: Répertoire en Cours: D:\kerberos.htx\exe\
[19:37:49] - [1] VICTOR.POZEN: Répertoire en Cours: D:\kerberos.htx\exe\hddentinel\
[19:37:54] - [2] Connecté à 192.168.0.1. Collecte du Nom d'utilisateur.
[19:37:54] - [2] Usager VICTOR.POZEN Connecté IP: 192.168.0.1
[19:37:54] - [2] VICTOR.POZEN: Répertoire en Cours: D:\kerberos.htx\
[19:37:54] - [2] VICTOR.POZEN: Début du Téléchargement de: D:\kerberos.htx\exe\hddentinel\hdsentinel_pro_setup.exe
[19:38:01] - [1] VICTOR.POZEN: Répertoire en Cours: D:\kerberos.htx\rar\
[19:38:21] - [2] VICTOR.POZEN: Fichier envoyé: D:\kerberos.htx\exe\hddentinel\hdsentinel_pro_setup.exe (662,15 K/S -  18 307 080 bytes)
[19:38:54] - [2] Client 192.168.0.1 Déconnecté (00:01:00 Min)
[19:40:02] - [1] VICTOR.POZEN: Répertoire en Cours: D:\kerberos.htx\ftp\
[19:40:04] - [1] VICTOR.POZEN: Répertoire en Cours: D:\kerberos.htx\ftp\progz\
[19:40:18] - [1] VICTOR.POZEN: Répertoire en Cours: D:\kerberos.htx\http2\
[19:40:29] - [1] VICTOR.POZEN: Répertoire en Cours: D:\kerberos.htx\http2\last.googd\
[19:40:35] - [1] VICTOR.POZEN: Répertoire en Cours: D:\kerberos.htx\http2\down\
[19:40:43] - [1] VICTOR.POZEN: Répertoire en Cours: D:\kerberos.htx\http2\pub\
[19:40:52] - [1] VICTOR.POZEN: Répertoire en Cours: D:\kerberos.htx\http2\pub\last.progz\
[19:41:00] - [1] VICTOR.POZEN: Répertoire en Cours: D:\kerberos.htx\http2\undo\
[20:06:37] - [1] VICTOR.POZEN: Répertoire en Cours: D:\kerberos.htx\http2\down\loic\
[20:06:45] - [1] VICTOR.POZEN: Répertoire en Cours: D:\kerberos.htx\http2\crack wk7\
[20:07:28] - [1] Client 192.168.0.1 Déconnecté (00:30:20 Min)
[21:38:29] - [3] Connecté à 192.168.0.1. Collecte du Nom d'utilisateur.
[21:38:29] - [3] Usager VICTOR.POZEN Connecté IP: 192.168.0.1
[21:38:29] - [3] VICTOR.POZEN: Répertoire en Cours: D:\kerberos.htx\
[21:38:33] - [3] VICTOR.POZEN: Répertoire en Cours: D:\kerberos.htx\
[22:16:02] - [3] Client 192.168.0.1 Déconnecté (00:37:32 Min)
[23:04:05] - Serveur Démarré
[23:04:05] - FTP Port: 21
[23:04:45] - [1] Connecté à 192.168.0.1. Collecte du Nom d'utilisateur.
[23:04:46] - [1] Usager VICTOR.POZEN Connecté IP: 192.168.0.1
[23:04:46] - [1] VICTOR.POZEN: Répertoire en Cours: D:\kerberos.htx\
[23:04:46] - [1] VICTOR.POZEN: Répertoire en Cours: D:\kerberos.htx\
[23:05:12] - [1] VICTOR.POZEN: Nouveau Répertoire: D:\kerberos.htx\films 127 go
[23:05:12] - [2] Connecté à 192.168.0.1. Collecte du Nom d'utilisateur.
[23:05:12] - [3] Connecté à 192.168.0.1. Collecte du Nom d'utilisateur.
[23:05:12] - [1] VICTOR.POZEN: Nouveau Répertoire: D:\kerberos.htx\films 127 go
[23:05:12] - [2] Usager VICTOR.POZEN Connecté IP: 192.168.0.1
[23:05:12] - [2] VICTOR.POZEN: Répertoire en Cours: D:\kerberos.htx\
[23:05:12] - [3] Usager VICTOR.POZEN Connecté IP: 192.168.0.1
[23:05:12] - [3] VICTOR.POZEN: Répertoire en Cours: D:\kerberos.htx\
[23:05:12] - [1] VICTOR.POZEN: Nouveau Répertoire: D:\kerberos.htx\films 127 go\1
[23:05:12] - [1] VICTOR.POZEN: Nouveau Répertoire: D:\kerberos.htx\films 127 go\1
[23:05:13] - [1] VICTOR.POZEN: Nouveau Répertoire: D:\kerberos.htx\films 127 go\Indiana.Jones
[23:05:13] - [1] VICTOR.POZEN: Nouveau Répertoire: D:\kerberos.htx\films 127 go\Indiana.Jones
[23:05:13] - [1] VICTOR.POZEN: Nouveau Répertoire: D:\kerberos.htx\films 127 go\last fimls
[23:05:13] - [1] VICTOR.POZEN: Nouveau Répertoire: D:\kerberos.htx\films 127 go\last fimls
[23:05:13] - [1] VICTOR.POZEN: Nouveau Répertoire: D:\kerberos.htx\films 127 go\last fimls\1
[23:05:13] - [1] VICTOR.POZEN: Nouveau Répertoire: D:\kerberos.htx\films 127 go\last fimls\1
[23:05:13] - [1] VICTOR.POZEN: Nouveau Répertoire: D:\kerberos.htx\films 127 go\last fimls\2
[23:05:13] - [1] VICTOR.POZEN: Nouveau Répertoire: D:\kerberos.htx\films 127 go\last fimls\2
[23:05:13] - [1] VICTOR.POZEN: Nouveau Répertoire: D:\kerberos.htx\films 127 go\last videos
[23:05:13] - [1] VICTOR.POZEN: Nouveau Répertoire: D:\kerberos.htx\films 127 go\last videos
[23:05:13] - [1] VICTOR.POZEN: Nouveau Répertoire: D:\kerberos.htx\films 127 go\last videos\part1videos.last
[23:05:13] - [1] VICTOR.POZEN: Nouveau Répertoire: D:\kerberos.htx\films 127 go\last videos\part1videos.last
[23:05:13] - [1] VICTOR.POZEN: Nouveau Répertoire: D:\kerberos.htx\films 127 go\last videos\part2videos.last
[23:05:13] - [1] VICTOR.POZEN: Nouveau Répertoire: D:\kerberos.htx\films 127 go\last videos\part2videos.last
[23:05:13] - [1] VICTOR.POZEN: Nouveau Répertoire: D:\kerberos.htx\films 127 go\last videos\part3videos.last
[23:05:13] - [1] VICTOR.POZEN: Nouveau Répertoire: D:\kerberos.htx\films 127 go\last videos\part3videos.last
[23:05:13] - [1] VICTOR.POZEN: Nouveau Répertoire: D:\kerberos.htx\films 127 go\last videos\part4videos.last
[23:05:13] - [1] VICTOR.POZEN: Nouveau Répertoire: D:\kerberos.htx\films 127 go\last videos\part4videos.last
[23:05:13] - [1] VICTOR.POZEN: Nouveau Répertoire: D:\kerberos.htx\films 127 go\qi gong
[23:05:13] - [1] VICTOR.POZEN: Nouveau Répertoire: D:\kerberos.htx\films 127 go\qi gong
[23:05:13] - [1] VICTOR.POZEN: Nouveau Répertoire: D:\kerberos.htx\films 127 go\qi gong\gi gong full cd
[23:05:13] - [1] VICTOR.POZEN: Nouveau Répertoire: D:\kerberos.htx\films 127 go\qi gong\gi gong full cd
[23:05:13] - [1] VICTOR.POZEN: Nouveau Répertoire: D:\kerberos.htx\films 127 go\qi gong\gi gong full cd\VIDEO_TS
[23:05:13] - [2] VICTOR.POZEN: Début d'Upload de D:\kerberos.htx\films 127 go\1\11th_xvid.avi
[23:05:13] - [3] VICTOR.POZEN: Début d'Upload de D:\kerberos.htx\films 127 go\1\300 Rise Of An Empire 2014 FRENCH BRRiP XViD-CARPEDIEM.avi
[23:05:13] - [1] VICTOR.POZEN: Nouveau Répertoire: D:\kerberos.htx\films 127 go\qi gong\gi gong full cd\VIDEO_TS
[23:05:13] - [1] VICTOR.POZEN: Nouveau Répertoire: D:\kerberos.htx\films 127 go\qi gong\qi gong
[23:05:14] - [1] VICTOR.POZEN: Nouveau Répertoire: D:\kerberos.htx\films 127 go\qi gong\qi gong
[23:05:14] - [1] VICTOR.POZEN: Nouveau Répertoire: D:\kerberos.htx\films 127 go\video youtube mingo
[23:05:14] - [1] VICTOR.POZEN: Nouveau Répertoire: D:\kerberos.htx\films 127 go\video youtube mingo
[23:05:14] - [1] VICTOR.POZEN: Nouveau Répertoire: D:\kerberos.htx\films 127 go\video youtube mingo\1
[23:05:14] - [1] VICTOR.POZEN: Nouveau Répertoire: D:\kerberos.htx\films 127 go\video youtube mingo\1
[23:05:14] - [1] VICTOR.POZEN: Nouveau Répertoire: D:\kerberos.htx\films 127 go\video youtube mingo\2
[23:05:14] - [1] VICTOR.POZEN: Nouveau Répertoire: D:\kerberos.htx\films 127 go\video youtube mingo\2
[23:05:14] - [1] VICTOR.POZEN: Nouveau Répertoire: D:\kerberos.htx\films 127 go\video youtube mingo\3
[23:05:14] - [1] VICTOR.POZEN: Nouveau Répertoire: D:\kerberos.htx\films 127 go\video youtube mingo\3
[23:05:14] - [1] VICTOR.POZEN: Nouveau Répertoire: D:\kerberos.htx\films 127 go\video youtube mingo\4
[23:05:14] - [1] VICTOR.POZEN: Nouveau Répertoire: D:\kerberos.htx\films 127 go\video youtube mingo\4
[23:05:15] - [1] VICTOR.POZEN: Nouveau Répertoire: D:\kerberos.htx\films 127 go\video youtube mingo\5
[23:05:15] - [1] VICTOR.POZEN: Nouveau Répertoire: D:\kerberos.htx\films 127 go\video youtube mingo\5
[23:05:15] - [1] VICTOR.POZEN: Nouveau Répertoire: D:\kerberos.htx\films 127 go\video youtube mingo\6
[23:05:15] - [1] VICTOR.POZEN: Nouveau Répertoire: D:\kerberos.htx\films 127 go\video youtube mingo\6
[23:05:15] - [1] VICTOR.POZEN: Nouveau Répertoire: D:\kerberos.htx\films 127 go\video youtube mingo\8
[23:05:15] - [1] VICTOR.POZEN: Nouveau Répertoire: D:\kerberos.htx\films 127 go\video youtube mingo\8
[23:21:02] - [3] VICTOR.POZEN: Fichier Upload: D:\kerberos.htx\films 127 go\1\300 Rise Of An Empire 2014 FRENCH BRRiP XViD-CARPEDIEM.avi (756,47 K/S -  734 343 168 bytes)
[23:21:02] - [3] VICTOR.POZEN: Début d'Upload de D:\kerberos.htx\films 127 go\1\Beautiful.Creatures.2013.FRENCH.BRRIP.XviD-FUZION.avi
[23:21:04] - [2] VICTOR.POZEN: Fichier Upload: D:\kerberos.htx\films 127 go\1\11th_xvid.avi (754,49 K/S -  733 968 384 bytes)
[23:21:04] - [2] VICTOR.POZEN: Début d'Upload de D:\kerberos.htx\films 127 go\1\Chronicles Of Riddick.VOSTFR.XVid-Blaine.avi
[23:48:31] - [2] VICTOR.POZEN: Fichier Upload: D:\kerberos.htx\films 127 go\1\Chronicles Of Riddick.VOSTFR.XVid-Blaine.avi (595,05 K/S - 1 003 565 056 bytes)
[23:48:31] - [2] VICTOR.POZEN: Début d'Upload de D:\kerberos.htx\films 127 go\1\Coup.De.Chaud.2015.FRENCH.WEBRiP.XViD-FUNKKY.avi
