[00:10:53] - [3] Connecté à 172.104.131.79. Collecte du Nom d'utilisateur.
[00:10:54] - [3] Client 172.104.131.79 Déconnecté (00:00:01 Min)
[00:16:50] - [4] Connecté à 172.104.131.23. Collecte du Nom d'utilisateur.
[04:52:26] - [5] Connecté à 107.170.217.236. Collecte du Nom d'utilisateur.
[04:52:36] - [5] Client 107.170.217.236 Déconnecté (00:00:09 Min)
[08:22:15] - [6] Connecté à 74.82.47.3. Collecte du Nom d'utilisateur.
[08:22:15] - [6] Client 74.82.47.3 Déconnecté (00:00:00 Min)
[12:46:49] - [7] Connecté à 27.50.161.168. Collecte du Nom d'utilisateur.
[12:46:49] - [7] Authentification Incorrect: Utilisateur WWW-DATA IP: 27.50.161.168
[12:46:49] - [7] Client 27.50.161.168 Déconnecté (00:00:00 Min)
[12:56:36] - [8] Connecté à 192.168.0.1. Collecte du Nom d'utilisateur.
[12:56:36] - [8] Usager MIRKO.POZEN Connecté IP: 192.168.0.1
[12:56:36] - [8] MIRKO.POZEN: Répertoire en Cours: D:\kerberos.htx\
[12:56:36] - [8] MIRKO.POZEN: Répertoire en Cours: D:\kerberos.htx\
[12:56:36] - [0] Connexion Time-Out Pour:  MIRKO.POZEN
[12:56:36] - [4] Client 172.104.131.23 Déconnecté (12:39:45 Min)
[12:56:49] - [8] Client 192.168.0.1 Déconnecté (00:00:12 Min)
[12:58:04] - [9] Connecté à 192.168.0.1. Collecte du Nom d'utilisateur.
[12:58:04] - [9] Usager MIRKO.POZEN Connecté IP: 192.168.0.1
[12:58:04] - [9] MIRKO.POZEN: Répertoire en Cours: D:\kerberos.htx\
[12:58:05] - [9] MIRKO.POZEN: Répertoire en Cours: D:\kerberos.htx\
[12:58:12] - [9] MIRKO.POZEN: Répertoire en Cours: D:\kerberos.htx\films pc hack\
[13:03:28] - [10] Connecté à 192.168.0.1. Collecte du Nom d'utilisateur.
[13:03:29] - [10] Usager MIRKO.POZEN Connecté IP: 192.168.0.1
[13:03:29] - [10] MIRKO.POZEN: Répertoire en Cours: E:\ftp1\
[13:03:58] - [10] MIRKO.POZEN: Répertoire en Cours: E:\ftp1\
[13:03:58] - [11] Connecté à 192.168.0.1. Collecte du Nom d'utilisateur.
[13:03:58] - [12] Connecté à 192.168.0.1. Collecte du Nom d'utilisateur.
[13:03:58] - [10] MIRKO.POZEN: Nouveau Répertoire: E:\ftp1\kerberos.htx
[13:03:58] - [10] MIRKO.POZEN: Répertoire en Cours: E:\ftp1\kerberos.htx\
[13:03:58] - [11] Usager MIRKO.POZEN Connecté IP: 192.168.0.1
[13:03:58] - [11] MIRKO.POZEN: Répertoire en Cours: E:\ftp1\
[13:03:58] - [12] Usager MIRKO.POZEN Connecté IP: 192.168.0.1
[13:03:58] - [12] MIRKO.POZEN: Répertoire en Cours: E:\ftp1\
[13:03:58] - [10] MIRKO.POZEN: Répertoire en Cours: E:\ftp1\kerberos.htx\
[13:03:58] - [11] MIRKO.POZEN: Répertoire en Cours: E:\ftp1\kerberos.htx\
[13:03:58] - [12] MIRKO.POZEN: Répertoire en Cours: E:\ftp1\kerberos.htx\
[13:03:58] - [11] MIRKO.POZEN: Répertoire en Cours: E:\ftp1\kerberos.htx\
[13:03:58] - [12] MIRKO.POZEN: Répertoire en Cours: E:\ftp1\kerberos.htx\
[13:03:58] - [11] MIRKO.POZEN: Répertoire en Cours: E:\ftp1\kerberos.htx\
[13:03:58] - [12] MIRKO.POZEN: Répertoire en Cours: E:\ftp1\kerberos.htx\
[13:03:58] - [11] MIRKO.POZEN: Répertoire en Cours: E:\ftp1\kerberos.htx\
[13:03:58] - [12] MIRKO.POZEN: Répertoire en Cours: E:\ftp1\kerberos.htx\
[13:03:58] - [11] MIRKO.POZEN: Répertoire en Cours: E:\ftp1\kerberos.htx\
[13:03:58] - [12] MIRKO.POZEN: Répertoire en Cours: E:\ftp1\kerberos.htx\
[13:03:58] - [11] MIRKO.POZEN: Répertoire en Cours: E:\ftp1\kerberos.htx\
[13:03:58] - [12] MIRKO.POZEN: Répertoire en Cours: E:\ftp1\kerberos.htx\
[13:03:59] - [11] MIRKO.POZEN: Répertoire en Cours: E:\ftp1\kerberos.htx\
[13:03:59] - [12] MIRKO.POZEN: Répertoire en Cours: E:\ftp1\kerberos.htx\
[13:03:59] - [11] MIRKO.POZEN: Répertoire en Cours: E:\ftp1\kerberos.htx\
[13:03:59] - [12] MIRKO.POZEN: Répertoire en Cours: E:\ftp1\kerberos.htx\
[13:03:59] - [11] MIRKO.POZEN: Répertoire en Cours: E:\ftp1\kerberos.htx\
[13:03:59] - [12] MIRKO.POZEN: Répertoire en Cours: E:\ftp1\kerberos.htx\
[13:03:59] - [11] MIRKO.POZEN: Répertoire en Cours: E:\ftp1\kerberos.htx\
[13:03:59] - [12] MIRKO.POZEN: Répertoire en Cours: E:\ftp1\kerberos.htx\
[13:03:59] - [11] MIRKO.POZEN: Répertoire en Cours: E:\ftp1\kerberos.htx\
[13:03:59] - [12] MIRKO.POZEN: Répertoire en Cours: E:\ftp1\kerberos.htx\
[13:03:59] - [11] MIRKO.POZEN: Répertoire en Cours: E:\ftp1\kerberos.htx\
[13:03:59] - [12] MIRKO.POZEN: Répertoire en Cours: E:\ftp1\kerberos.htx\
[13:03:59] - [11] MIRKO.POZEN: Répertoire en Cours: E:\ftp1\kerberos.htx\
[13:03:59] - [12] MIRKO.POZEN: Répertoire en Cours: E:\ftp1\kerberos.htx\
[13:03:59] - [11] MIRKO.POZEN: Répertoire en Cours: E:\ftp1\kerberos.htx\
[13:03:59] - [12] MIRKO.POZEN: Répertoire en Cours: E:\ftp1\kerberos.htx\
[13:03:59] - [11] MIRKO.POZEN: Répertoire en Cours: E:\ftp1\kerberos.htx\
[13:03:59] - [12] MIRKO.POZEN: Répertoire en Cours: E:\ftp1\kerberos.htx\
[13:03:59] - [11] MIRKO.POZEN: Répertoire en Cours: E:\ftp1\kerberos.htx\
[13:03:59] - [12] MIRKO.POZEN: Répertoire en Cours: E:\ftp1\kerberos.htx\
[13:03:59] - [11] MIRKO.POZEN: Répertoire en Cours: E:\ftp1\kerberos.htx\
[13:04:30] - [12] Client 192.168.0.1 Déconnecté (00:00:31 Min)
[13:04:31] - [11] Client 192.168.0.1 Déconnecté (00:00:32 Min)
[13:04:43] - [13] Connecté à 192.168.0.1. Collecte du Nom d'utilisateur.
[13:04:43] - [14] Connecté à 192.168.0.1. Collecte du Nom d'utilisateur.
[13:04:43] - [13] Usager MIRKO.POZEN Connecté IP: 192.168.0.1
[13:04:43] - [13] MIRKO.POZEN: Répertoire en Cours: E:\ftp1\
[13:04:43] - [14] Usager MIRKO.POZEN Connecté IP: 192.168.0.1
[13:04:43] - [14] MIRKO.POZEN: Répertoire en Cours: E:\ftp1\
[13:04:43] - [13] MIRKO.POZEN: Répertoire en Cours: E:\ftp1\kerberos.htx\
[13:04:43] - [14] MIRKO.POZEN: Répertoire en Cours: E:\ftp1\kerberos.htx\
[13:04:43] - [13] MIRKO.POZEN: Répertoire en Cours: E:\ftp1\kerberos.htx\
[13:04:43] - [14] MIRKO.POZEN: Répertoire en Cours: E:\ftp1\kerberos.htx\
[13:04:43] - [13] MIRKO.POZEN: Répertoire en Cours: E:\ftp1\kerberos.htx\
[13:04:43] - [14] MIRKO.POZEN: Répertoire en Cours: E:\ftp1\kerberos.htx\
[13:04:43] - [13] MIRKO.POZEN: Répertoire en Cours: E:\ftp1\kerberos.htx\
[13:04:43] - [14] MIRKO.POZEN: Répertoire en Cours: E:\ftp1\kerberos.htx\
[13:04:43] - [13] MIRKO.POZEN: Répertoire en Cours: E:\ftp1\kerberos.htx\
[13:04:43] - [14] MIRKO.POZEN: Répertoire en Cours: E:\ftp1\kerberos.htx\
[13:04:43] - [13] MIRKO.POZEN: Répertoire en Cours: E:\ftp1\kerberos.htx\
[13:04:44] - [14] MIRKO.POZEN: Répertoire en Cours: E:\ftp1\kerberos.htx\
[13:04:44] - [13] MIRKO.POZEN: Répertoire en Cours: E:\ftp1\kerberos.htx\
[13:04:44] - [14] MIRKO.POZEN: Répertoire en Cours: E:\ftp1\kerberos.htx\
[13:04:44] - [13] MIRKO.POZEN: Répertoire en Cours: E:\ftp1\kerberos.htx\
[13:04:44] - [14] MIRKO.POZEN: Répertoire en Cours: E:\ftp1\kerberos.htx\
[13:04:44] - [13] MIRKO.POZEN: Répertoire en Cours: E:\ftp1\kerberos.htx\
[13:04:44] - [14] MIRKO.POZEN: Répertoire en Cours: E:\ftp1\kerberos.htx\
[13:04:44] - [13] MIRKO.POZEN: Répertoire en Cours: E:\ftp1\kerberos.htx\
[13:04:44] - [14] MIRKO.POZEN: Répertoire en Cours: E:\ftp1\kerberos.htx\
[13:04:44] - [13] MIRKO.POZEN: Répertoire en Cours: E:\ftp1\kerberos.htx\
[13:04:44] - [14] MIRKO.POZEN: Répertoire en Cours: E:\ftp1\kerberos.htx\
[13:04:44] - [13] MIRKO.POZEN: Répertoire en Cours: E:\ftp1\kerberos.htx\
[13:04:44] - [14] MIRKO.POZEN: Répertoire en Cours: E:\ftp1\kerberos.htx\
[13:04:44] - [13] MIRKO.POZEN: Répertoire en Cours: E:\ftp1\kerberos.htx\
[13:04:44] - [14] MIRKO.POZEN: Répertoire en Cours: E:\ftp1\kerberos.htx\
[13:04:44] - [13] MIRKO.POZEN: Répertoire en Cours: E:\ftp1\kerberos.htx\
[13:04:44] - [14] MIRKO.POZEN: Répertoire en Cours: E:\ftp1\kerberos.htx\
[13:04:44] - [13] MIRKO.POZEN: Répertoire en Cours: E:\ftp1\kerberos.htx\
[13:04:44] - [14] MIRKO.POZEN: Répertoire en Cours: E:\ftp1\kerberos.htx\
[13:04:44] - [13] MIRKO.POZEN: Répertoire en Cours: E:\ftp1\kerberos.htx\
[13:04:44] - [14] MIRKO.POZEN: Répertoire en Cours: E:\ftp1\kerberos.htx\
[13:04:44] - [13] MIRKO.POZEN: Répertoire en Cours: E:\ftp1\kerberos.htx\
[13:05:15] - [13] Client 192.168.0.1 Déconnecté (00:00:31 Min)
[13:05:24] - [14] Client 192.168.0.1 Déconnecté (00:00:40 Min)
[13:05:39] - [15] Connecté à 192.168.0.1. Collecte du Nom d'utilisateur.
[13:05:39] - [15] Usager MIRKO.POZEN Connecté IP: 192.168.0.1
[13:05:39] - [15] MIRKO.POZEN: Répertoire en Cours: E:\ftp1\
[13:05:39] - [15] MIRKO.POZEN: Répertoire en Cours: E:\ftp1\kerberos.htx\
[13:05:52] - [10] MIRKO.POZEN: Répertoire en Cours: E:\ftp1\
[13:05:54] - [10] MIRKO.POZEN: Répertoire en Cours: E:\ftp1\kerberos.htx\
[13:05:56] - [10] MIRKO.POZEN: Répertoire en Cours: E:\ftp1\
[13:05:58] - [10] MIRKO.POZEN: Répertoire en Cours: E:\ftp1\kerberos.htx\
[13:06:02] - [10] MIRKO.POZEN: Répertoire en Cours: E:\ftp1\
[13:06:03] - [15] MIRKO.POZEN: Répertoire en Cours: E:\ftp1\
[13:06:16] - [15] Client 192.168.0.1 Déconnecté (00:00:37 Min)
[13:06:16] - [10] Client 192.168.0.1 Déconnecté (00:02:47 Min)
[13:07:04] - [9] MIRKO.POZEN: Répertoire en Cours: D:\kerberos.htx\
[13:08:04] - [9] MIRKO.POZEN: Répertoire en Cours: D:\kerberos.htx\films pc hack\
[13:08:07] - [16] Connecté à 192.168.0.1. Collecte du Nom d'utilisateur.
[13:08:08] - [16] Usager MIRKO.POZEN Connecté IP: 192.168.0.1
[13:08:08] - [16] MIRKO.POZEN: Répertoire en Cours: E:\ftp1\
[13:08:30] - [9] MIRKO.POZEN: Répertoire en Cours: D:\kerberos.htx\
[13:08:39] - [16] Client 192.168.0.1 Déconnecté (00:00:31 Min)
[13:08:43] - [17] Connecté à 192.168.0.1. Collecte du Nom d'utilisateur.
[13:08:43] - [17] Usager MIRKO.POZEN Connecté IP: 192.168.0.1
[13:08:43] - [17] MIRKO.POZEN: Répertoire en Cours: E:\ftp1\
[13:09:14] - [17] Client 192.168.0.1 Déconnecté (00:00:31 Min)
[13:09:24] - [9] Client 192.168.0.1 Déconnecté (00:11:19 Min)
[13:09:29] - [18] Connecté à 192.168.0.1. Collecte du Nom d'utilisateur.
[13:09:29] - [18] Usager MIRKO.POZEN Connecté IP: 192.168.0.1
[13:09:29] - [18] MIRKO.POZEN: Répertoire en Cours: D:\kerberos.htx\
[13:09:29] - [18] MIRKO.POZEN: Répertoire en Cours: D:\kerberos.htx\
[13:09:39] - [18] MIRKO.POZEN: Répertoire en Cours: D:\kerberos.htx\films pc hack\
[13:09:42] - [19] Connecté à 192.168.0.1. Collecte du Nom d'utilisateur.
[13:09:42] - [19] Usager MIRKO.POZEN Connecté IP: 192.168.0.1
[13:09:42] - [19] MIRKO.POZEN: Répertoire en Cours: D:\kerberos.htx\
[13:09:42] - [19] MIRKO.POZEN: Répertoire en Cours: D:\kerberos.htx\films pc hack\
[13:09:42] - [19] MIRKO.POZEN: Début d'Upload de D:\kerberos.htx\films pc hack\(Film) Snatch (Brad Pitt) Dvdrip Francais.avi
[13:09:49] - [20] Connecté à 192.168.0.1. Collecte du Nom d'utilisateur.
[13:09:49] - [20] Usager MIRKO.POZEN Connecté IP: 192.168.0.1
[13:09:49] - [20] MIRKO.POZEN: Répertoire en Cours: D:\kerberos.htx\
[13:09:49] - [20] MIRKO.POZEN: Répertoire en Cours: D:\kerberos.htx\films pc hack\
[13:09:50] - [20] MIRKO.POZEN: Début d'Upload de D:\kerberos.htx\films pc hack\300.FRENCH.DVDRiP.REPACK.1CD.XViD-ELiTE.avi
[13:10:49] - [21] Connecté à 45.114.156.187. Collecte du Nom d'utilisateur.
[13:10:49] - [21] Authentification Incorrect: Utilisateur FTP IP: 45.114.156.187
[13:10:49] - [21] Client 45.114.156.187 Déconnecté (00:00:00 Min)
[13:22:48] - [19] MIRKO.POZEN: Fichier Upload: D:\kerberos.htx\films pc hack\(Film) Snatch (Brad Pitt) Dvdrip Francais.avi (909,41 K/S -  731 949 056 bytes)
[13:22:48] - [19] MIRKO.POZEN: Début d'Upload de D:\kerberos.htx\films pc hack\American.Gangster.FRENCH.DVDSCR.REPACK.1CD.XViD-STS.avi
[13:23:02] - [20] MIRKO.POZEN: Fichier Upload: D:\kerberos.htx\films pc hack\300.FRENCH.DVDRiP.REPACK.1CD.XViD-ELiTE.avi (901,28 K/S -  731 871 232 bytes)
[13:23:03] - [20] MIRKO.POZEN: Début d'Upload de D:\kerberos.htx\films pc hack\Benjamin Gates et le livre des secrets.avi
[13:37:07] - [19] MIRKO.POZEN: Fichier Upload: D:\kerberos.htx\films pc hack\American.Gangster.FRENCH.DVDSCR.REPACK.1CD.XViD-STS.avi (834,36 K/S -  733 063 168 bytes)
[13:37:07] - [19] MIRKO.POZEN: Début d'Upload de D:\kerberos.htx\films pc hack\Bernie.avi
[13:37:16] - [20] MIRKO.POZEN: Fichier Upload: D:\kerberos.htx\films pc hack\Benjamin Gates et le livre des secrets.avi (835,88 K/S -  730 972 708 bytes)
[13:37:16] - [20] MIRKO.POZEN: Début d'Upload de D:\kerberos.htx\films pc hack\Braquage à l'anglaise.avi
[13:47:07] - [19] MIRKO.POZEN: Fichier Upload: D:\kerberos.htx\films pc hack\Bernie.avi (909,88 K/S -  559 964 160 bytes)
[13:47:07] - [19] MIRKO.POZEN: Début d'Upload de D:\kerberos.htx\films pc hack\Dikkenek.FRENCH.DVDRip.XviD.avi
[13:50:28] - [20] MIRKO.POZEN: Fichier Upload: D:\kerberos.htx\films pc hack\Braquage à l'anglaise.avi (906,32 K/S -  734 105 600 bytes)
[13:50:28] - [20] MIRKO.POZEN: Début d'Upload de D:\kerberos.htx\films pc hack\Fight.Club.DivX.4f.FR.teste.www.divxovore.com.avi
[14:00:29] - [19] MIRKO.POZEN: Fichier Upload: D:\kerberos.htx\films pc hack\Dikkenek.FRENCH.DVDRip.XviD.avi (895,06 K/S -  735 064 064 bytes)
[14:00:29] - [19] MIRKO.POZEN: Début d'Upload de D:\kerberos.htx\films pc hack\Gladiator (Russell Crowe) Rip Dvd Fr Divx5-2h35.[emule-island.com].avi
[14:03:46] - [20] MIRKO.POZEN: Fichier Upload: D:\kerberos.htx\films pc hack\Fight.Club.DivX.4f.FR.teste.www.divxovore.com.avi (901,44 K/S -  736 614 400 bytes)
[14:03:46] - [20] MIRKO.POZEN: Début d'Upload de D:\kerberos.htx\films pc hack\HEAT - VF - Robert de Niro, Al pacino, Val Kilmer.avi
[14:13:42] - [19] MIRKO.POZEN: Fichier Upload: D:\kerberos.htx\films pc hack\Gladiator (Russell Crowe) Rip Dvd Fr Divx5-2h35.[emule-island.com].avi (901,38 K/S -  731 024 690 bytes)
[14:13:42] - [19] MIRKO.POZEN: Début d'Upload de D:\kerberos.htx\films pc hack\Hitman.FRENCH.R5.XViD.avi
[14:17:09] - [20] MIRKO.POZEN: Fichier Upload: D:\kerberos.htx\films pc hack\HEAT - VF - Robert de Niro, Al pacino, Val Kilmer.avi (899,03 K/S -  739 246 080 bytes)
[14:17:09] - [20] MIRKO.POZEN: Début d'Upload de D:\kerberos.htx\films pc hack\How hight.avi
[14:21:19] - [22] Connecté à 192.168.0.1. Collecte du Nom d'utilisateur.
[14:21:19] - [22] Usager MIRKO.POZEN Connecté IP: 192.168.0.1
[14:21:19] - [22] MIRKO.POZEN: Répertoire en Cours: D:\kerberos.htx\
[14:21:19] - [22] MIRKO.POZEN: Répertoire en Cours: D:\kerberos.htx\
[14:21:22] - [22] MIRKO.POZEN: Répertoire en Cours: D:\kerberos.htx\a trier\
[14:21:25] - [22] MIRKO.POZEN: Répertoire en Cours: D:\kerberos.htx\a trier\douwloads\
[14:21:34] - [22] MIRKO.POZEN: Répertoire en Cours: D:\kerberos.htx\a trier\
[14:21:34] - [22] MIRKO.POZEN: Répertoire en Cours: D:\kerberos.htx\a trier\1\
[14:22:00] - [22] MIRKO.POZEN: Répertoire en Cours: D:\kerberos.htx\a trier\1\BruteForcer_091\
[14:22:00] - [22] MIRKO.POZEN: Répertoire en Cours: D:\kerberos.htx\a trier\1\BruteForcer_091\Server\
[14:22:00] - [22] MIRKO.POZEN: Répertoire en Cours: D:\kerberos.htx\a trier\1\BruteForcer_091\
[14:22:00] - [22] MIRKO.POZEN: Répertoire en Cours: D:\kerberos.htx\a trier\1\BruteForcer_091\Client\
[14:22:01] - [22] MIRKO.POZEN: Répertoire en Cours: D:\kerberos.htx\a trier\1\BruteForcer_091\Client\Plugins\
[14:22:01] - [22] MIRKO.POZEN: Répertoire en Cours: D:\kerberos.htx\a trier\1\
[14:22:01] - [22] MIRKO.POZEN: Répertoire en Cours: D:\kerberos.htx\a trier\1\Bruter_1.1\
[14:22:02] - [22] MIRKO.POZEN: Répertoire en Cours: D:\kerberos.htx\a trier\1\Bruter_1.1\doc\
[14:22:02] - [22] MIRKO.POZEN: Répertoire en Cours: D:\kerberos.htx\a trier\1\Bruter_1.1\
[14:22:02] - [22] MIRKO.POZEN: Répertoire en Cours: D:\kerberos.htx\a trier\1\Bruter_1.1\dicos\
[14:22:03] - [22] MIRKO.POZEN: Répertoire en Cours: D:\kerberos.htx\a trier\1\Bruter_1.1\
[14:22:03] - [22] MIRKO.POZEN: Répertoire en Cours: D:\kerberos.htx\a trier\1\Bruter_1.1\cfg\
[14:22:03] - [22] MIRKO.POZEN: Répertoire en Cours: D:\kerberos.htx\a trier\1\Bruter_1.1\cfg\default\
[14:22:04] - [23] Connecté à 192.168.0.1. Collecte du Nom d'utilisateur.
[14:22:04] - [24] Connecté à 192.168.0.1. Collecte du Nom d'utilisateur.
[14:22:04] - [23] Usager MIRKO.POZEN Connecté IP: 192.168.0.1
[14:22:04] - [23] MIRKO.POZEN: Répertoire en Cours: D:\kerberos.htx\
[14:22:04] - [24] Usager MIRKO.POZEN Connecté IP: 192.168.0.1
[14:22:04] - [24] MIRKO.POZEN: Répertoire en Cours: D:\kerberos.htx\
[14:22:04] - [23] MIRKO.POZEN: Répertoire en Cours: D:\kerberos.htx\a trier\1\BruteForcer_091\
[14:22:04] - [24] MIRKO.POZEN: Répertoire en Cours: D:\kerberos.htx\a trier\1\BruteForcer_091\
[14:22:04] - [23] MIRKO.POZEN: Début du Téléchargement de: D:\kerberos.htx\a trier\1\BruteForcer_091\BruteForcer_091.rar
[14:22:04] - [24] MIRKO.POZEN: Début du Téléchargement de: D:\kerberos.htx\a trier\1\BruteForcer_091\Readme.txt
[14:22:05] - [24] MIRKO.POZEN: Fichier envoyé: D:\kerberos.htx\a trier\1\BruteForcer_091\Readme.txt (4,14 K/S -   4 243 bytes)
[14:22:05] - [24] MIRKO.POZEN: Répertoire en Cours: D:\kerberos.htx\a trier\1\BruteForcer_091\Server\
[14:22:05] - [24] MIRKO.POZEN: Début du Téléchargement de: D:\kerberos.htx\a trier\1\BruteForcer_091\Server\BFS.exe
[14:22:17] - [24] MIRKO.POZEN: Fichier envoyé: D:\kerberos.htx\a trier\1\BruteForcer_091\Server\BFS.exe (19,08 K/S -   253 952 bytes)
[14:22:17] - [24] MIRKO.POZEN: Répertoire en Cours: D:\kerberos.htx\a trier\1\BruteForcer_091\Client\
[14:22:18] - [24] MIRKO.POZEN: Début du Téléchargement de: D:\kerberos.htx\a trier\1\BruteForcer_091\Client\BFC.exe
[14:22:20] - [24] MIRKO.POZEN: Fichier envoyé: D:\kerberos.htx\a trier\1\BruteForcer_091\Client\BFC.exe (107,50 K/S -   220 160 bytes)
[14:22:20] - [24] MIRKO.POZEN: Début du Téléchargement de: D:\kerberos.htx\a trier\1\BruteForcer_091\Client\English.bfw
[14:22:26] - [23] MIRKO.POZEN: Fichier envoyé: D:\kerberos.htx\a trier\1\BruteForcer_091\BruteForcer_091.rar (84,94 K/S -  1 913 424 bytes)
[14:22:26] - [23] MIRKO.POZEN: Répertoire en Cours: D:\kerberos.htx\a trier\1\BruteForcer_091\Client\
[14:22:26] - [23] MIRKO.POZEN: Début du Téléchargement de: D:\kerberos.htx\a trier\1\BruteForcer_091\Client\Test.rar
[14:22:26] - [23] MIRKO.POZEN: Fichier envoyé: D:\kerberos.htx\a trier\1\BruteForcer_091\Client\Test.rar (1,21 K/S -   1 236 bytes)
[14:22:27] - [23] MIRKO.POZEN: Répertoire en Cours: D:\kerberos.htx\a trier\1\BruteForcer_091\Client\Plugins\
[14:22:27] - [23] MIRKO.POZEN: Début du Téléchargement de: D:\kerberos.htx\a trier\1\BruteForcer_091\Client\Plugins\BF_Rar3.bfl
[14:22:28] - [23] MIRKO.POZEN: Fichier envoyé: D:\kerberos.htx\a trier\1\BruteForcer_091\Client\Plugins\BF_Rar3.bfl (41,00 K/S -   41 984 bytes)
[14:22:28] - [23] MIRKO.POZEN: Début du Téléchargement de: D:\kerberos.htx\a trier\1\BruteForcer_091\Client\Plugins\unrar.dll
[14:22:30] - [23] MIRKO.POZEN: Fichier envoyé: D:\kerberos.htx\a trier\1\BruteForcer_091\Client\Plugins\unrar.dll (188,00 K/S -   192 512 bytes)
[14:22:30] - [23] MIRKO.POZEN: Répertoire en Cours: D:\kerberos.htx\a trier\1\Bruter_1.1\
[14:22:30] - [23] MIRKO.POZEN: Début du Téléchargement de: D:\kerberos.htx\a trier\1\Bruter_1.1\Bruter.exe
[14:22:32] - [23] MIRKO.POZEN: Fichier envoyé: D:\kerberos.htx\a trier\1\Bruter_1.1\Bruter.exe (113,25 K/S -   231 936 bytes)
[14:22:32] - [23] MIRKO.POZEN: Début du Téléchargement de: D:\kerberos.htx\a trier\1\Bruter_1.1\Changelog.txt
[14:22:33] - [23] MIRKO.POZEN: Fichier envoyé: D:\kerberos.htx\a trier\1\Bruter_1.1\Changelog.txt (4,96 K/S -   5 074 bytes)
[14:22:33] - [23] MIRKO.POZEN: Début du Téléchargement de: D:\kerberos.htx\a trier\1\Bruter_1.1\example_dict.txt
[14:22:33] - [23] MIRKO.POZEN: Fichier envoyé: D:\kerberos.htx\a trier\1\Bruter_1.1\example_dict.txt (0,13 K/S -    134 bytes)
[14:22:33] - [23] MIRKO.POZEN: Début du Téléchargement de: D:\kerberos.htx\a trier\1\Bruter_1.1\libeay32.dll
[14:22:40] - [23] MIRKO.POZEN: Fichier envoyé: D:\kerberos.htx\a trier\1\Bruter_1.1\libeay32.dll (179,00 K/S -  1 099 776 bytes)
[14:22:40] - [23] MIRKO.POZEN: Début du Téléchargement de: D:\kerberos.htx\a trier\1\Bruter_1.1\libssh2.dll
[14:22:41] - [23] MIRKO.POZEN: Fichier envoyé: D:\kerberos.htx\a trier\1\Bruter_1.1\libssh2.dll (105,50 K/S -   108 032 bytes)
[14:22:41] - [23] MIRKO.POZEN: Début du Téléchargement de: D:\kerberos.htx\a trier\1\Bruter_1.1\LICENSE.txt
[14:22:41] - [23] MIRKO.POZEN: Fichier envoyé: D:\kerberos.htx\a trier\1\Bruter_1.1\LICENSE.txt (1,50 K/S -   1 531 bytes)
[14:22:41] - [23] MIRKO.POZEN: Début du Téléchargement de: D:\kerberos.htx\a trier\1\Bruter_1.1\LICENSE_openssl.txt
[14:22:41] - [23] MIRKO.POZEN: Fichier envoyé: D:\kerberos.htx\a trier\1\Bruter_1.1\LICENSE_openssl.txt (6,26 K/S -   6 406 bytes)
[14:22:42] - [23] MIRKO.POZEN: Début du Téléchargement de: D:\kerberos.htx\a trier\1\Bruter_1.1\README.txt
[14:22:42] - [23] MIRKO.POZEN: Fichier envoyé: D:\kerberos.htx\a trier\1\Bruter_1.1\README.txt (0,02 K/S -    20 bytes)
[14:22:42] - [23] MIRKO.POZEN: Début du Téléchargement de: D:\kerberos.htx\a trier\1\Bruter_1.1\ssleay32.dll
[14:22:44] - [23] MIRKO.POZEN: Fichier envoyé: D:\kerberos.htx\a trier\1\Bruter_1.1\ssleay32.dll (115,75 K/S -   237 056 bytes)
[14:22:44] - [23] MIRKO.POZEN: Répertoire en Cours: D:\kerberos.htx\a trier\1\Bruter_1.1\doc\
[14:22:44] - [23] MIRKO.POZEN: Début du Téléchargement de: D:\kerberos.htx\a trier\1\Bruter_1.1\doc\ftp.html
[14:22:44] - [23] MIRKO.POZEN: Fichier envoyé: D:\kerberos.htx\a trier\1\Bruter_1.1\doc\ftp.html (0,18 K/S -    185 bytes)
[14:22:44] - [23] MIRKO.POZEN: Début du Téléchargement de: D:\kerberos.htx\a trier\1\Bruter_1.1\doc\http.html
[14:22:44] - [23] MIRKO.POZEN: Fichier envoyé: D:\kerberos.htx\a trier\1\Bruter_1.1\doc\http.html (0,64 K/S -    652 bytes)
[14:22:45] - [23] MIRKO.POZEN: Début du Téléchargement de: D:\kerberos.htx\a trier\1\Bruter_1.1\doc\imap.html
[14:22:45] - [23] MIRKO.POZEN: Fichier envoyé: D:\kerberos.htx\a trier\1\Bruter_1.1\doc\imap.html (1,42 K/S -   1 458 bytes)
[14:22:45] - [23] MIRKO.POZEN: Début du Téléchargement de: D:\kerberos.htx\a trier\1\Bruter_1.1\doc\index.html
[14:22:45] - [23] MIRKO.POZEN: Fichier envoyé: D:\kerberos.htx\a trier\1\Bruter_1.1\doc\index.html (9,97 K/S -   10 214 bytes)
[14:22:45] - [23] MIRKO.POZEN: Début du Téléchargement de: D:\kerberos.htx\a trier\1\Bruter_1.1\doc\mssql.html
[14:22:45] - [23] MIRKO.POZEN: Fichier envoyé: D:\kerberos.htx\a trier\1\Bruter_1.1\doc\mssql.html (0,30 K/S -    307 bytes)
[14:22:46] - [23] MIRKO.POZEN: Début du Téléchargement de: D:\kerberos.htx\a trier\1\Bruter_1.1\doc\mysql.html
[14:22:46] - [23] MIRKO.POZEN: Fichier envoyé: D:\kerberos.htx\a trier\1\Bruter_1.1\doc\mysql.html (0,30 K/S -    307 bytes)
[14:22:46] - [23] MIRKO.POZEN: Début du Téléchargement de: D:\kerberos.htx\a trier\1\Bruter_1.1\doc\pgsql.html
[14:22:46] - [23] MIRKO.POZEN: Fichier envoyé: D:\kerberos.htx\a trier\1\Bruter_1.1\doc\pgsql.html (0,36 K/S -    366 bytes)
[14:22:46] - [23] MIRKO.POZEN: Début du Téléchargement de: D:\kerberos.htx\a trier\1\Bruter_1.1\doc\pop3.html
[14:22:47] - [23] MIRKO.POZEN: Fichier envoyé: D:\kerberos.htx\a trier\1\Bruter_1.1\doc\pop3.html (1,44 K/S -   1 470 bytes)
[14:22:47] - [23] MIRKO.POZEN: Début du Téléchargement de: D:\kerberos.htx\a trier\1\Bruter_1.1\doc\sip.html
[14:22:47] - [23] MIRKO.POZEN: Fichier envoyé: D:\kerberos.htx\a trier\1\Bruter_1.1\doc\sip.html (0,59 K/S -    601 bytes)
[14:22:47] - [23] MIRKO.POZEN: Début du Téléchargement de: D:\kerberos.htx\a trier\1\Bruter_1.1\doc\smb.html
[14:22:47] - [23] MIRKO.POZEN: Fichier envoyé: D:\kerberos.htx\a trier\1\Bruter_1.1\doc\smb.html (3,56 K/S -   3 641 bytes)
[14:22:48] - [23] MIRKO.POZEN: Début du Téléchargement de: D:\kerberos.htx\a trier\1\Bruter_1.1\doc\smtp.html
[14:22:48] - [23] MIRKO.POZEN: Fichier envoyé: D:\kerberos.htx\a trier\1\Bruter_1.1\doc\smtp.html (1,43 K/S -   1 463 bytes)
[14:22:48] - [24] MIRKO.POZEN: Fichier envoyé: D:\kerberos.htx\a trier\1\BruteForcer_091\Client\English.bfw (120,47 K/S -  3 454 134 bytes)
[14:22:48] - [24] MIRKO.POZEN: Répertoire en Cours: D:\kerberos.htx\a trier\1\Bruter_1.1\doc\
[14:22:48] - [23] MIRKO.POZEN: Début du Téléchargement de: D:\kerberos.htx\a trier\1\Bruter_1.1\doc\ssh.html
[14:22:48] - [23] MIRKO.POZEN: Fichier envoyé: D:\kerberos.htx\a trier\1\Bruter_1.1\doc\ssh.html (0,71 K/S -    723 bytes)
[14:22:48] - [24] MIRKO.POZEN: Début du Téléchargement de: D:\kerberos.htx\a trier\1\Bruter_1.1\doc\snmp.html
[14:22:48] - [24] MIRKO.POZEN: Fichier envoyé: D:\kerberos.htx\a trier\1\Bruter_1.1\doc\snmp.html (1,38 K/S -   1 412 bytes)
[14:22:48] - [23] MIRKO.POZEN: Début du Téléchargement de: D:\kerberos.htx\a trier\1\Bruter_1.1\doc\telnet.html
[14:22:48] - [23] MIRKO.POZEN: Fichier envoyé: D:\kerberos.htx\a trier\1\Bruter_1.1\doc\telnet.html (0,26 K/S -    264 bytes)
[14:22:49] - [24] MIRKO.POZEN: Début du Téléchargement de: D:\kerberos.htx\a trier\1\Bruter_1.1\doc\vnc.html
[14:22:49] - [24] MIRKO.POZEN: Fichier envoyé: D:\kerberos.htx\a trier\1\Bruter_1.1\doc\vnc.html (0,45 K/S -    460 bytes)
[14:22:49] - [23] MIRKO.POZEN: Début du Téléchargement de: D:\kerberos.htx\a trier\1\Bruter_1.1\doc\web_form.html
[14:22:49] - [23] MIRKO.POZEN: Fichier envoyé: D:\kerberos.htx\a trier\1\Bruter_1.1\doc\web_form.html (4,40 K/S -   4 505 bytes)
[14:22:49] - [24] MIRKO.POZEN: Répertoire en Cours: D:\kerberos.htx\a trier\1\Bruter_1.1\dicos\
[14:22:49] - [23] MIRKO.POZEN: Répertoire en Cours: D:\kerberos.htx\a trier\1\Bruter_1.1\dicos\
[14:22:49] - [24] MIRKO.POZEN: Début du Téléchargement de: D:\kerberos.htx\a trier\1\Bruter_1.1\dicos\14 million password.txt
[14:22:49] - [23] MIRKO.POZEN: Début du Téléchargement de: D:\kerberos.htx\a trier\1\Bruter_1.1\dicos\pass brute force1.txt
[14:22:51] - [24] MIRKO.POZEN: Fichier envoyé: D:\kerberos.htx\a trier\1\Bruter_1.1\dicos\14 million password.txt (105,87 K/S -   325 243 bytes)
[14:22:51] - [24] MIRKO.POZEN: Répertoire en Cours: D:\kerberos.htx\a trier\1\Bruter_1.1\cfg\default\
[14:22:51] - [24] MIRKO.POZEN: Début du Téléchargement de: D:\kerberos.htx\a trier\1\Bruter_1.1\cfg\default\http.cfg
[14:22:52] - [24] MIRKO.POZEN: Fichier envoyé: D:\kerberos.htx\a trier\1\Bruter_1.1\cfg\default\http.cfg (0,02 K/S -    24 bytes)
[14:22:52] - [24] MIRKO.POZEN: Début du Téléchargement de: D:\kerberos.htx\a trier\1\Bruter_1.1\cfg\default\imap.cfg
[14:22:52] - [24] MIRKO.POZEN: Fichier envoyé: D:\kerberos.htx\a trier\1\Bruter_1.1\cfg\default\imap.cfg (0,05 K/S -    50 bytes)
[14:22:52] - [24] MIRKO.POZEN: Début du Téléchargement de: D:\kerberos.htx\a trier\1\Bruter_1.1\cfg\default\main.cfg
[14:22:52] - [24] MIRKO.POZEN: Fichier envoyé: D:\kerberos.htx\a trier\1\Bruter_1.1\cfg\default\main.cfg (0,76 K/S -    775 bytes)
[14:22:53] - [24] MIRKO.POZEN: Début du Téléchargement de: D:\kerberos.htx\a trier\1\Bruter_1.1\cfg\default\pop3.cfg
[14:22:53] - [24] MIRKO.POZEN: Fichier envoyé: D:\kerberos.htx\a trier\1\Bruter_1.1\cfg\default\pop3.cfg (0,05 K/S -    50 bytes)
[14:22:53] - [24] MIRKO.POZEN: Début du Téléchargement de: D:\kerberos.htx\a trier\1\Bruter_1.1\cfg\default\sip-tcp.cfg
[14:22:53] - [24] MIRKO.POZEN: Fichier envoyé: D:\kerberos.htx\a trier\1\Bruter_1.1\cfg\default\sip-tcp.cfg (0,02 K/S -    21 bytes)
[14:22:53] - [24] MIRKO.POZEN: Début du Téléchargement de: D:\kerberos.htx\a trier\1\Bruter_1.1\cfg\default\sip.cfg
[14:22:53] - [24] MIRKO.POZEN: Fichier envoyé: D:\kerberos.htx\a trier\1\Bruter_1.1\cfg\default\sip.cfg (0,02 K/S -    21 bytes)
[14:22:54] - [24] MIRKO.POZEN: Début du Téléchargement de: D:\kerberos.htx\a trier\1\Bruter_1.1\cfg\default\smb.cfg
[14:22:54] - [24] MIRKO.POZEN: Fichier envoyé: D:\kerberos.htx\a trier\1\Bruter_1.1\cfg\default\smb.cfg (0,04 K/S -    38 bytes)
[14:22:54] - [24] MIRKO.POZEN: Début du Téléchargement de: D:\kerberos.htx\a trier\1\Bruter_1.1\cfg\default\smtp.cfg
[14:22:54] - [24] MIRKO.POZEN: Fichier envoyé: D:\kerberos.htx\a trier\1\Bruter_1.1\cfg\default\smtp.cfg (0,05 K/S -    50 bytes)
[14:22:54] - [24] MIRKO.POZEN: Début du Téléchargement de: D:\kerberos.htx\a trier\1\Bruter_1.1\cfg\default\web-form.cfg
[14:22:54] - [24] MIRKO.POZEN: Fichier envoyé: D:\kerberos.htx\a trier\1\Bruter_1.1\cfg\default\web-form.cfg (0,14 K/S -    141 bytes)
[14:23:26] - [24] Client 192.168.0.1 Déconnecté (00:01:22 Min)
[14:23:45] - [23] MIRKO.POZEN: Echec de l'envoie du Fichier: D:\kerberos.htx\a trier\1\Bruter_1.1\dicos\pass brute force1.txt (112,40 K/S -  6 330 368 bytes)
[14:23:51] - [23] MIRKO.POZEN: Début du Téléchargement de: D:\kerberos.htx\a trier\1\Bruter_1.1\dicos\pass brute force1.txt
[14:24:07] - [22] MIRKO.POZEN: Répertoire en Cours: D:\kerberos.htx\a trier\1\
[14:24:07] - [22] MIRKO.POZEN: Répertoire en Cours: D:\kerberos.htx\a trier\1\hack progz\
[14:24:35] - [23] MIRKO.POZEN: Fichier envoyé: D:\kerberos.htx\a trier\1\Bruter_1.1\dicos\pass brute force1.txt (187,04 K/S -  8 427 420 bytes)
[14:24:38] - [22] MIRKO.POZEN: Répertoire en Cours: D:\kerberos.htx\a trier\
[14:24:38] - [22] MIRKO.POZEN: Répertoire en Cours: D:\kerberos.htx\a trier\exe\
[14:24:45] - [23] MIRKO.POZEN: Répertoire en Cours: D:\kerberos.htx\a trier\exe\
[14:24:45] - [23] MIRKO.POZEN: Début du Téléchargement de: D:\kerberos.htx\a trier\exe\DirBuster-0.12-Setup.exe
[14:26:25] - [23] MIRKO.POZEN: Fichier envoyé: D:\kerberos.htx\a trier\exe\DirBuster-0.12-Setup.exe (195,36 K/S -  20 204 650 bytes)
[14:26:57] - [23] Client 192.168.0.1 Déconnecté (00:04:53 Min)
[14:26:57] - [20] MIRKO.POZEN: Fichier Upload:  (0,00 K/S -     bytes)
[14:26:57] - [20] MIRKO.POZEN: Début d'Upload de D:\kerberos.htx\films pc hack\How hight.avi
[14:27:57] - [19] MIRKO.POZEN: Fichier Upload: D:\kerberos.htx\films pc hack\Hitman.FRENCH.R5.XViD.avi (837,18 K/S -  732 971 008 bytes)
[14:27:58] - [19] MIRKO.POZEN: Début d'Upload de D:\kerberos.htx\films pc hack\Indiana Jones 2 Et Le Temple Maudit 1984 720P HDRiP MULTI AC3 X264-SubZero.mkv
[14:38:57] - [22] Client 192.168.0.1 Déconnecté (00:17:38 Min)
[14:38:58] - [19] MIRKO.POZEN: Fichier Upload:  (0,00 K/S -     bytes)
[14:38:58] - [19] MIRKO.POZEN: Début d'Upload de D:\kerberos.htx\films pc hack\Indiana Jones 2 Et Le Temple Maudit 1984 720P HDRiP MULTI AC3 X264-SubZero.mkv
[14:41:41] - [20] MIRKO.POZEN: Echec de l'Upload du Fichier: D:\kerberos.htx\films pc hack\How hight.avi (1 402,90 K/S - 1 268 455 424 bytes)
[14:41:41] - [20] Client 192.168.0.1 Déconnecté (01:31:51 Min)
[14:41:41] - [25] Connecté à 192.168.0.1. Collecte du Nom d'utilisateur.
[14:41:41] - [25] Usager MIRKO.POZEN Connecté IP: 192.168.0.1
[14:41:41] - [25] MIRKO.POZEN: Répertoire en Cours: D:\kerberos.htx\
[14:41:41] - [25] MIRKO.POZEN: Répertoire en Cours: D:\kerberos.htx\films pc hack\
[14:41:42] - [25] MIRKO.POZEN: Début d'Upload de D:\kerberos.htx\films pc hack\How hight.avi
[14:41:42] - [25] MIRKO.POZEN: Fichier Upload: D:\kerberos.htx\films pc hack\How hight.avi (1,2387E6 K/S - 1 268 455 424 bytes)
[14:41:42] - [25] MIRKO.POZEN: Début d'Upload de D:\kerberos.htx\films pc hack\Indiana Jones 4 Le Royaume Du Crane De Cristal 2008 720P HDRiP MULTI AC3 SUBFORCES X264-SubZero.mkv
[15:14:35] - [19] MIRKO.POZEN: Echec de l'Upload du Fichier: D:\kerberos.htx\films pc hack\Indiana Jones 2 Et Le Temple Maudit 1984 720P HDRiP MULTI AC3 X264-SubZero.mkv (-793,25 K/S - -1 736 669 384 bytes)
[15:14:35] - [19] Client 192.168.0.1 Déconnecté (02:04:53 Min)
[15:14:35] - [26] Connecté à 192.168.0.1. Collecte du Nom d'utilisateur.
[15:14:35] - [26] Usager MIRKO.POZEN Connecté IP: 192.168.0.1
[15:14:35] - [26] MIRKO.POZEN: Répertoire en Cours: D:\kerberos.htx\
[15:14:35] - [26] MIRKO.POZEN: Répertoire en Cours: D:\kerberos.htx\films pc hack\
[15:14:36] - [25] MIRKO.POZEN: Fichier Upload:  (0,00 K/S -     bytes)
[15:14:36] - [26] MIRKO.POZEN: Début d'Upload de D:\kerberos.htx\films pc hack\Indiana Jones 2 Et Le Temple Maudit 1984 720P HDRiP MULTI AC3 X264-SubZero.mkv
[15:14:36] - [25] MIRKO.POZEN: Début d'Upload de D:\kerberos.htx\films pc hack\Indiana Jones 4 Le Royaume Du Crane De Cristal 2008 720P HDRiP MULTI AC3 SUBFORCES X264-SubZero.mkv
[15:19:48] - [26] MIRKO.POZEN: Fichier Upload: D:\kerberos.htx\films pc hack\Indiana Jones 2 Et Le Temple Maudit 1984 720P HDRiP MULTI AC3 X264-SubZero.mkv (667,60 K/S -  213 290 608 bytes)
[15:19:48] - [26] MIRKO.POZEN: Début d'Upload de D:\kerberos.htx\films pc hack\Inglourious basterds.avi
[15:33:00] - [26] MIRKO.POZEN: Fichier Upload: D:\kerberos.htx\films pc hack\Inglourious basterds.avi (900,28 K/S -  731 056 530 bytes)
[15:33:00] - [26] MIRKO.POZEN: Début d'Upload de D:\kerberos.htx\films pc hack\La colline a des yeux 2.avi
[15:46:25] - [26] MIRKO.POZEN: Fichier Upload: D:\kerberos.htx\films pc hack\La colline a des yeux 2.avi (882,25 K/S -  726 351 872 bytes)
[15:46:25] - [26] MIRKO.POZEN: Début d'Upload de D:\kerberos.htx\films pc hack\La colline a des yeux.avi
[15:52:52] - [25] MIRKO.POZEN: Echec de l'Upload du Fichier: D:\kerberos.htx\films pc hack\Indiana Jones 4 Le Royaume Du Crane De Cristal 2008 720P HDRiP MULTI AC3 SUBFORCES X264-SubZero.mkv (-200,25 K/S - - 470 808 991 bytes)
[15:52:52] - [25] Client 192.168.0.1 Déconnecté (01:11:11 Min)
[15:52:52] - [27] Connecté à 192.168.0.1. Collecte du Nom d'utilisateur.
[15:52:52] - [27] Usager MIRKO.POZEN Connecté IP: 192.168.0.1
[15:52:52] - [27] MIRKO.POZEN: Répertoire en Cours: D:\kerberos.htx\
[15:52:52] - [27] MIRKO.POZEN: Répertoire en Cours: D:\kerberos.htx\films pc hack\
[15:52:53] - [27] MIRKO.POZEN: Début d'Upload de D:\kerberos.htx\films pc hack\Indiana Jones 4 Le Royaume Du Crane De Cristal 2008 720P HDRiP MULTI AC3 SUBFORCES X264-SubZero.mkv
[16:01:03] - [26] MIRKO.POZEN: Fichier Upload: D:\kerberos.htx\films pc hack\La colline a des yeux.avi (788,96 K/S -  709 328 896 bytes)
[16:01:03] - [26] MIRKO.POZEN: Début d'Upload de D:\kerberos.htx\films pc hack\Las_Vegas_Parano-Divx-Fr-Julio-Spartateur.teste.www.divxovore.com.avi
[16:07:51] - [26] MIRKO.POZEN: Echec de l'Upload du Fichier: D:\kerberos.htx\films pc hack\Las_Vegas_Parano-Divx-Fr-Julio-Spartateur.teste.www.divxovore.com.avi (700,26 K/S -  292 562 048 bytes)
[16:07:51] - [26] Client 192.168.0.1 Déconnecté (00:53:15 Min)
[16:07:51] - [27] MIRKO.POZEN: Echec de l'Upload du Fichier: D:\kerberos.htx\films pc hack\Indiana Jones 4 Le Royaume Du Crane De Cristal 2008 720P HDRiP MULTI AC3 SUBFORCES X264-SubZero.mkv (685,63 K/S -  630 472 704 bytes)
[16:07:51] - [27] Client 192.168.0.1 Déconnecté (00:14:58 Min)
[16:14:33] - [28] Connecté à 192.168.0.1. Collecte du Nom d'utilisateur.
[16:14:33] - [28] Usager MIRKO.POZEN Connecté IP: 192.168.0.1
[16:14:33] - [28] MIRKO.POZEN: Répertoire en Cours: D:\kerberos.htx\
[16:14:39] - [29] Connecté à 192.168.0.1. Collecte du Nom d'utilisateur.
[16:14:39] - [30] Connecté à 192.168.0.1. Collecte du Nom d'utilisateur.
[16:14:39] - [29] Usager MIRKO.POZEN Connecté IP: 192.168.0.1
[16:14:39] - [29] MIRKO.POZEN: Répertoire en Cours: D:\kerberos.htx\
[16:14:39] - [30] Usager MIRKO.POZEN Connecté IP: 192.168.0.1
[16:14:39] - [30] MIRKO.POZEN: Répertoire en Cours: D:\kerberos.htx\
[16:14:39] - [29] MIRKO.POZEN: Répertoire en Cours: D:\kerberos.htx\films pc hack\
[16:14:39] - [30] MIRKO.POZEN: Répertoire en Cours: D:\kerberos.htx\films pc hack\
[16:14:40] - [30] MIRKO.POZEN: Début d'Upload de D:\kerberos.htx\films pc hack\Indiana Jones 4 Le Royaume Du Crane De Cristal 2008 720P HDRiP MULTI AC3 SUBFORCES X264-SubZero.mkv
[16:14:40] - [29] MIRKO.POZEN: Début d'Upload de D:\kerberos.htx\films pc hack\Las_Vegas_Parano-Divx-Fr-Julio-Spartateur.teste.www.divxovore.com.avi
[16:26:22] - [29] MIRKO.POZEN: Fichier Upload: D:\kerberos.htx\films pc hack\Las_Vegas_Parano-Divx-Fr-Julio-Spartateur.teste.www.divxovore.com.avi (929,29 K/S -  668 015 616 bytes)
[16:26:22] - [29] MIRKO.POZEN: Début d'Upload de D:\kerberos.htx\films pc hack\Le Chasseur 2013 FR AC3 HDRIP SubForced 720P x264-SubZero.mkv
[16:51:17] - [30] MIRKO.POZEN: Fichier Upload: D:\kerberos.htx\films pc hack\Indiana Jones 4 Le Royaume Du Crane De Cristal 2008 720P HDRiP MULTI AC3 SUBFORCES X264-SubZero.mkv (886,89 K/S - 1 996 162 657 bytes)
[16:51:18] - [30] MIRKO.POZEN: Début d'Upload de D:\kerberos.htx\films pc hack\Le Monde De Narnia Chapitre 1 2005 720P HDRiP TRUEFRENCH AC3 SUBFORCES X264-SubZero.mkv
[17:16:18] - [29] MIRKO.POZEN: Fichier Upload: D:\kerberos.htx\films pc hack\Le Chasseur 2013 FR AC3 HDRIP SubForced 720P x264-SubZero.mkv (-641,82 K/S - -1 969 026 893 bytes)
[17:16:50] - [29] Client 192.168.0.1 Déconnecté (01:02:11 Min)
[17:16:50] - [30] MIRKO.POZEN: Fichier Upload:  (0,00 K/S -     bytes)
[17:16:50] - [30] MIRKO.POZEN: Début d'Upload de D:\kerberos.htx\films pc hack\Le Monde De Narnia Chapitre 1 2005 720P HDRiP TRUEFRENCH AC3 SUBFORCES X264-SubZero.mkv
[17:38:54] - [30] MIRKO.POZEN: Echec de l'Upload du Fichier: D:\kerberos.htx\films pc hack\Le Monde De Narnia Chapitre 1 2005 720P HDRiP TRUEFRENCH AC3 SUBFORCES X264-SubZero.mkv (-368,65 K/S - - 499 805 069 bytes)
[17:38:54] - [30] Client 192.168.0.1 Déconnecté (01:24:15 Min)
[17:38:54] - [31] Connecté à 192.168.0.1. Collecte du Nom d'utilisateur.
[17:38:54] - [31] Usager MIRKO.POZEN Connecté IP: 192.168.0.1
[17:38:54] - [31] MIRKO.POZEN: Répertoire en Cours: D:\kerberos.htx\
[17:38:54] - [31] MIRKO.POZEN: Répertoire en Cours: D:\kerberos.htx\films pc hack\
[17:38:55] - [31] MIRKO.POZEN: Début d'Upload de D:\kerberos.htx\films pc hack\Le Monde De Narnia Chapitre 1 2005 720P HDRiP TRUEFRENCH AC3 SUBFORCES X264-SubZero.mkv
[18:11:52] - [31] MIRKO.POZEN: Fichier Upload: D:\kerberos.htx\films pc hack\Le Monde De Narnia Chapitre 1 2005 720P HDRiP TRUEFRENCH AC3 SUBFORCES X264-SubZero.mkv (937,32 K/S - 1 898 506 470 bytes)
[18:11:52] - [28] MIRKO.POZEN: Répertoire en Cours: D:\kerberos.htx\films pc hack\
[18:12:24] - [31] Client 192.168.0.1 Déconnecté (00:33:29 Min)
[18:31:01] - [28] MIRKO.POZEN: Répertoire en Cours: D:\kerberos.htx\
[18:31:06] - [28] MIRKO.POZEN: Répertoire en Cours: D:\kerberos.htx\films pc hack\
[18:31:22] - [32] Connecté à 192.168.0.1. Collecte du Nom d'utilisateur.
[18:31:22] - [33] Connecté à 192.168.0.1. Collecte du Nom d'utilisateur.
[18:31:22] - [32] Usager MIRKO.POZEN Connecté IP: 192.168.0.1
[18:31:22] - [32] MIRKO.POZEN: Répertoire en Cours: D:\kerberos.htx\
[18:31:22] - [33] Usager MIRKO.POZEN Connecté IP: 192.168.0.1
[18:31:22] - [33] MIRKO.POZEN: Répertoire en Cours: D:\kerberos.htx\
[18:31:22] - [32] MIRKO.POZEN: Répertoire en Cours: D:\kerberos.htx\films pc hack\
[18:31:22] - [33] MIRKO.POZEN: Répertoire en Cours: D:\kerberos.htx\films pc hack\
[18:31:22] - [32] MIRKO.POZEN: Début d'Upload de D:\kerberos.htx\films pc hack\La colline a des yeux 2.avi
[18:31:22] - [33] MIRKO.POZEN: Début d'Upload de D:\kerberos.htx\films pc hack\La colline a des yeux.avi
[18:44:35] - [33] MIRKO.POZEN: Fichier Upload: D:\kerberos.htx\films pc hack\La colline a des yeux.avi (872,42 K/S -  709 328 896 bytes)
[18:44:35] - [33] MIRKO.POZEN: Début d'Upload de D:\kerberos.htx\films pc hack\Las_Vegas_Parano-Divx-Fr-Julio-Spartateur.teste.www.divxovore.com.avi
[18:44:52] - [32] MIRKO.POZEN: Fichier Upload: D:\kerberos.htx\films pc hack\La colline a des yeux 2.avi (874,63 K/S -  726 351 872 bytes)
[18:44:52] - [32] MIRKO.POZEN: Début d'Upload de D:\kerberos.htx\films pc hack\Le Chasseur 2013 FR AC3 HDRIP SubForced 720P x264-SubZero.mkv
[18:45:02] - [34] Connecté à 196.52.43.122. Collecte du Nom d'utilisateur.
[18:45:33] - [34] Client 196.52.43.122 Déconnecté (00:00:31 Min)
[18:47:20] - [35] Connecté à 196.52.43.94. Collecte du Nom d'utilisateur.
[18:47:30] - [35] Client 196.52.43.94 Déconnecté (00:00:09 Min)
[18:57:01] - [33] MIRKO.POZEN: Fichier Upload: D:\kerberos.htx\films pc hack\Las_Vegas_Parano-Divx-Fr-Julio-Spartateur.teste.www.divxovore.com.avi (874,48 K/S -  668 015 616 bytes)
[18:57:01] - [33] MIRKO.POZEN: Début d'Upload de D:\kerberos.htx\films pc hack\Le Monde De Narnia Chapitre 2 2008 720P HDRiP TRUEFRENCH AC3 SUBFORCES X264-SubZero.mkv
[19:25:15] - [32] MIRKO.POZEN: Fichier Upload: D:\kerberos.htx\films pc hack\Le Chasseur 2013 FR AC3 HDRIP SubForced 720P x264-SubZero.mkv (-793,59 K/S - -1 969 026 893 bytes)
[19:25:15] - [32] MIRKO.POZEN: Début d'Upload de D:\kerberos.htx\films pc hack\Les affranchis.avi
[19:27:39] - [0] Connexion Time-Out Pour:  MIRKO.POZEN 
[19:27:39] - [0] Connexion Time-Out Pour:  MIRKO.POZEN 
[19:27:40] - [0] Connexion Time-Out Pour:  MIRKO.POZEN 
[19:27:40] - [0] Connexion Time-Out Pour:  MIRKO.POZEN 
[19:27:40] - [18] Client 192.168.0.1 Déconnecté (06:18:11 Min)
[19:37:11] - [32] MIRKO.POZEN: Fichier Upload: D:\kerberos.htx\films pc hack\Les affranchis.avi (991,16 K/S -  726 702 080 bytes)
[19:37:12] - [32] MIRKO.POZEN: Début d'Upload de D:\kerberos.htx\films pc hack\Lord.Of.War.FRENCH.DVDRip.XviD-hehehe.avi
[19:38:37] - [33] MIRKO.POZEN: Fichier Upload: D:\kerberos.htx\films pc hack\Le Monde De Narnia Chapitre 2 2008 720P HDRiP TRUEFRENCH AC3 SUBFORCES X264-SubZero.mkv (-707,41 K/S - -1 807 348 116 bytes)
[19:38:37] - [33] MIRKO.POZEN: Début d'Upload de D:\kerberos.htx\films pc hack\MESRINE.(Instinct.de.Mort).R5.TRUEFRENCH.LD.XviD.KiNG.of.RLZ.Upload.(Steph53).Mininova.org..avi
[19:49:20] - [32] MIRKO.POZEN: Fichier Upload: D:\kerberos.htx\films pc hack\Lord.Of.War.FRENCH.DVDRip.XviD-hehehe.avi (982,98 K/S -  733 790 208 bytes)
[19:49:20] - [32] MIRKO.POZEN: Début d'Upload de D:\kerberos.htx\films pc hack\Mesrine.L'ennemi.Public.NO.1.R5.FRENCH.MD.XviD.KiNG.Upload.(Steph53).Mininova.org..avi
[19:50:32] - [33] MIRKO.POZEN: Fichier Upload: D:\kerberos.htx\films pc hack\MESRINE.(Instinct.de.Mort).R5.TRUEFRENCH.LD.XviD.KiNG.of.RLZ.Upload.(Steph53).Mininova.org..avi (984,40 K/S -  720 740 352 bytes)
[19:50:32] - [33] MIRKO.POZEN: Début d'Upload de D:\kerberos.htx\films pc hack\Mr 73.avi
[20:01:29] - [32] MIRKO.POZEN: Fichier Upload: D:\kerberos.htx\films pc hack\Mesrine.L'ennemi.Public.NO.1.R5.FRENCH.MD.XviD.KiNG.Upload.(Steph53).Mininova.org..avi (986,16 K/S -  736 167 936 bytes)
[20:01:29] - [32] MIRKO.POZEN: Début d'Upload de D:\kerberos.htx\films pc hack\Seraphim.Falls.FRENCH.LiMiTED.DVDRip.XviD-ZANBiC.CD1.avi
[20:02:33] - [33] MIRKO.POZEN: Fichier Upload: D:\kerberos.htx\films pc hack\Mr 73.avi (991,27 K/S -  731 856 896 bytes)
[20:02:33] - [33] MIRKO.POZEN: Début d'Upload de D:\kerberos.htx\films pc hack\Seraphim.Falls.FRENCH.LiMiTED.DVDRip.XviD-ZANBiC.CD2.avi
[20:13:09] - [32] MIRKO.POZEN: Fichier Upload: D:\kerberos.htx\films pc hack\Seraphim.Falls.FRENCH.LiMiTED.DVDRip.XviD-ZANBiC.CD1.avi (1 023,30 K/S -  733 472 768 bytes)
[20:13:09] - [32] MIRKO.POZEN: Début d'Upload de D:\kerberos.htx\films pc hack\Sin City.avi
[20:14:09] - [33] MIRKO.POZEN: Fichier Upload: D:\kerberos.htx\films pc hack\Seraphim.Falls.FRENCH.LiMiTED.DVDRip.XviD-ZANBiC.CD2.avi (1 027,40 K/S -  732 256 256 bytes)
[20:14:09] - [33] MIRKO.POZEN: Début d'Upload de D:\kerberos.htx\films pc hack\The Transporteur 1 2002 FRENCH AC3 HDRIP 720P x264-SubZero.mkv
[20:26:05] - [32] MIRKO.POZEN: Fichier Upload: D:\kerberos.htx\films pc hack\Sin City.avi (913,68 K/S -  726 033 860 bytes)
[20:26:05] - [32] MIRKO.POZEN: Début d'Upload de D:\kerberos.htx\films pc hack\The Transporteur 2 2005 FRENCH AC3 HDRIP 720P x264-SubZero.mkv
[20:53:08] - [33] MIRKO.POZEN: Fichier Upload: D:\kerberos.htx\films pc hack\The Transporteur 1 2002 FRENCH AC3 HDRIP 720P x264-SubZero.mkv (-895,97 K/S - -2 145 062 748 bytes)
[20:53:08] - [33] MIRKO.POZEN: Début d'Upload de D:\kerberos.htx\films pc hack\Total Recall 1990 FR DTS HDRIP 1080P x264-SubZero.mkv
[21:02:46] - [32] MIRKO.POZEN: Fichier Upload: D:\kerberos.htx\films pc hack\The Transporteur 2 2005 FRENCH AC3 HDRIP 720P x264-SubZero.mkv (891,74 K/S - 2 008 922 722 bytes)
[21:02:46] - [32] MIRKO.POZEN: Début d'Upload de D:\kerberos.htx\films pc hack\V pour Vendetta.avi
[21:16:09] - [32] MIRKO.POZEN: Fichier Upload: D:\kerberos.htx\films pc hack\V pour Vendetta.avi (884,60 K/S -  728 284 198 bytes)
[21:16:39] - [32] Client 192.168.0.1 Déconnecté (02:45:17 Min)
[21:16:40] - [33] MIRKO.POZEN: Fichier Upload:  (0,00 K/S -     bytes)
[21:16:40] - [33] MIRKO.POZEN: Début d'Upload de D:\kerberos.htx\films pc hack\Total Recall 1990 FR DTS HDRIP 1080P x264-SubZero.mkv
[21:55:49] - [33] MIRKO.POZEN: Echec de l'Upload du Fichier: D:\kerberos.htx\films pc hack\Total Recall 1990 FR DTS HDRIP 1080P x264-SubZero.mkv (559,27 K/S - 1 345 256 749 bytes)
[21:55:49] - [33] Client 192.168.0.1 Déconnecté (03:24:27 Min)
[21:55:49] - [36] Connecté à 192.168.0.1. Collecte du Nom d'utilisateur.
[21:55:49] - [36] Usager MIRKO.POZEN Connecté IP: 192.168.0.1
[21:55:49] - [36] MIRKO.POZEN: Répertoire en Cours: D:\kerberos.htx\
[21:55:50] - [36] MIRKO.POZEN: Répertoire en Cours: D:\kerberos.htx\films pc hack\
[21:55:50] - [36] MIRKO.POZEN: Début d'Upload de D:\kerberos.htx\films pc hack\Total Recall 1990 FR DTS HDRIP 1080P x264-SubZero.mkv
[22:38:44] - [37] Connecté à 60.191.0.245. Collecte du Nom d'utilisateur.
[22:46:28] - [36] MIRKO.POZEN: Fichier Upload: D:\kerberos.htx\films pc hack\Total Recall 1990 FR DTS HDRIP 1080P x264-SubZero.mkv (432,43 K/S - 1 345 256 749 bytes)
[22:46:58] - [36] Client 192.168.0.1 Déconnecté (00:51:09 Min)
