[18:54:57] - Serveur Démarré
[18:54:57] - FTP Port: 21
[18:55:11] - [1] Connecté à 192.168.0.1. Collecte du Nom d'utilisateur.
[18:55:11] - [1] Usager MIRKO.POZEN Connecté IP: 192.168.0.1
[18:55:11] - [1] MIRKO.POZEN: Répertoire en Cours: D:\kerberos.htx\
[18:55:11] - [1] MIRKO.POZEN: Répertoire en Cours: D:\kerberos.htx\
[18:55:14] - [1] Client 192.168.0.1 Déconnecté (00:00:03 Min)
[19:09:24] - [2] Connecté à 196.52.43.130. Collecte du Nom d'utilisateur.
[19:09:55] - [2] Client 196.52.43.130 Déconnecté (00:00:30 Min)
[19:11:58] - [3] Connecté à 196.52.43.92. Collecte du Nom d'utilisateur.
[19:12:07] - [3] Client 196.52.43.92 Déconnecté (00:00:09 Min)
[19:12:42] - [4] Connecté à 192.168.0.1. Collecte du Nom d'utilisateur.
[19:12:42] - [4] Usager MIRKO.POZEN Connecté IP: 192.168.0.1
[19:12:42] - [4] MIRKO.POZEN: Répertoire en Cours: D:\kerberos.htx\
[19:12:42] - [4] MIRKO.POZEN: Répertoire en Cours: D:\kerberos.htx\
[19:12:47] - [4] MIRKO.POZEN: Répertoire en Cours: D:\kerberos.htx\enzo\
[19:12:52] - [4] MIRKO.POZEN: Répertoire en Cours: D:\kerberos.htx\
[19:12:52] - [4] MIRKO.POZEN: Répertoire en Cours: D:\kerberos.htx\exe\
[19:13:42] - [4] MIRKO.POZEN: Répertoire en Cours: D:\kerberos.htx\
[19:13:42] - [4] MIRKO.POZEN: Répertoire en Cours: D:\kerberos.htx\a trier\
[19:13:47] - [4] MIRKO.POZEN: Répertoire en Cours: D:\kerberos.htx\a trier\cports\
[19:13:51] - [4] MIRKO.POZEN: Répertoire en Cours: D:\kerberos.htx\a trier\
[19:13:51] - [4] MIRKO.POZEN: Répertoire en Cours: D:\kerberos.htx\a trier\douwloads\
[19:14:07] - [4] MIRKO.POZEN: Répertoire en Cours: D:\kerberos.htx\a trier\
[19:14:07] - [4] MIRKO.POZEN: Répertoire en Cours: D:\kerberos.htx\a trier\exe\
[19:14:47] - [4] MIRKO.POZEN: Répertoire en Cours: D:\kerberos.htx\a trier\
[19:14:47] - [4] MIRKO.POZEN: Répertoire en Cours: D:\kerberos.htx\a trier\1\
[19:14:54] - [4] MIRKO.POZEN: Répertoire en Cours: D:\kerberos.htx\a trier\1\hack progz\
[19:15:05] - [4] MIRKO.POZEN: Répertoire en Cours: D:\kerberos.htx\a trier\1\
[19:15:06] - [4] MIRKO.POZEN: Répertoire en Cours: D:\kerberos.htx\a trier\1\supprimer le mouchard xp\
[19:15:10] - [4] MIRKO.POZEN: Début du Téléchargement de: D:\kerberos.htx\a trier\1\supprimer le mouchard xp\suppr.mouchard.xp.bat
[19:15:10] - [4] MIRKO.POZEN: Fichier envoyé: D:\kerberos.htx\a trier\1\supprimer le mouchard xp\suppr.mouchard.xp.bat (0,05 K/S -    56 bytes)
[19:15:17] - [4] MIRKO.POZEN: Répertoire en Cours: D:\kerberos.htx\a trier\
[19:15:17] - [4] MIRKO.POZEN: Répertoire en Cours: D:\kerberos.htx\a trier\2\
[19:15:32] - [4] MIRKO.POZEN: Répertoire en Cours: D:\kerberos.htx\a trier\
[19:15:32] - [4] MIRKO.POZEN: Répertoire en Cours: D:\kerberos.htx\a trier\drivers hdd pour windows xp\
[19:16:12] - [4] MIRKO.POZEN: Répertoire en Cours: D:\kerberos.htx\a trier\
[19:16:12] - [4] MIRKO.POZEN: Répertoire en Cours: D:\kerberos.htx\a trier\progz mig\
[19:16:43] - [4] MIRKO.POZEN: Répertoire en Cours: D:\kerberos.htx\a trier\
[19:16:43] - [4] MIRKO.POZEN: Répertoire en Cours: D:\kerberos.htx\a trier\Uniblue DriverScanner 2015 Serial Key only[GLODLS]\
[19:16:49] - [4] MIRKO.POZEN: Répertoire en Cours: D:\kerberos.htx\a trier\
[19:16:49] - [4] MIRKO.POZEN: Répertoire en Cours: D:\kerberos.htx\a trier\Uniblue SpeedUpMyPC 2015 v6.0.5.0 Final – P2P ~{B@tman}\
[19:16:56] - [4] MIRKO.POZEN: Répertoire en Cours: D:\kerberos.htx\a trier\
[19:16:56] - [4] MIRKO.POZEN: Répertoire en Cours: D:\kerberos.htx\a trier\wwwroot\
[19:17:11] - [4] Client 192.168.0.1 Déconnecté (00:04:28 Min)
[19:47:15] - [5] Connecté à 192.168.0.1. Collecte du Nom d'utilisateur.
[19:47:15] - [5] Usager MIRKO.POZEN Connecté IP: 192.168.0.1
[19:47:15] - [5] MIRKO.POZEN: Répertoire en Cours: D:\kerberos.htx\
[19:47:15] - [5] MIRKO.POZEN: Répertoire en Cours: D:\kerberos.htx\
[19:47:37] - [5] MIRKO.POZEN: Répertoire en Cours: D:\kerberos.htx\rar\
[19:48:38] - [5] MIRKO.POZEN: Répertoire en Cours: D:\kerberos.htx\rar\hack progz\
[20:03:51] - [5] MIRKO.POZEN: Répertoire en Cours: D:\kerberos.htx\
[20:03:51] - [5] MIRKO.POZEN: Répertoire en Cours: D:\kerberos.htx\progz\
[20:04:06] - [5] MIRKO.POZEN: Fichier Renommé: D:\kerberos.htx\progz\hackman_9-20_fr_10219(1).zip
[20:04:06] - [5] MIRKO.POZEN: Fichier Renommé: D:\kerberos.htx\progz\hackman_9-20_fr_10219(1).zip -> D:\kerberos.htx\progz\hackman_9-20_fr_10219.zip
[20:04:10] - [6] Connecté à 192.168.0.1. Collecte du Nom d'utilisateur.
[20:04:10] - [6] Usager MIRKO.POZEN Connecté IP: 192.168.0.1
[20:04:10] - [6] MIRKO.POZEN: Répertoire en Cours: D:\kerberos.htx\
[20:04:10] - [6] MIRKO.POZEN: Répertoire en Cours: D:\kerberos.htx\progz\
[20:04:10] - [6] MIRKO.POZEN: Début du Téléchargement de: D:\kerberos.htx\progz\hackman_9-20_fr_10219.zip
[20:04:31] - [6] MIRKO.POZEN: Fichier envoyé: D:\kerberos.htx\progz\hackman_9-20_fr_10219.zip (407,82 K/S -  9 187 362 bytes)
[20:05:03] - [6] Client 192.168.0.1 Déconnecté (00:00:53 Min)
[20:05:55] - [5] Client 192.168.0.1 Déconnecté (00:18:40 Min)
[21:21:19] - [7] Connecté à 192.168.0.1. Collecte du Nom d'utilisateur.
[21:21:19] - [7] Usager MIRKO.POZEN Connecté IP: 192.168.0.1
[21:21:19] - [7] MIRKO.POZEN: Répertoire en Cours: D:\kerberos.htx\
[21:21:20] - [7] MIRKO.POZEN: Répertoire en Cours: D:\kerberos.htx\
[21:21:23] - [7] MIRKO.POZEN: Répertoire en Cours: D:\kerberos.htx\iso wk7\
[21:21:36] - [8] Connecté à 192.168.0.1. Collecte du Nom d'utilisateur.
[21:21:36] - [8] Usager MIRKO.POZEN Connecté IP: 192.168.0.1
[21:21:36] - [8] MIRKO.POZEN: Répertoire en Cours: D:\kerberos.htx\
[21:21:36] - [8] MIRKO.POZEN: Répertoire en Cours: D:\kerberos.htx\iso wk7\
[21:21:36] - [8] MIRKO.POZEN: Début du Téléchargement de: D:\kerberos.htx\iso wk7\W7-Professionnelle-SP1-32bits.iso
[22:19:42] - [8] MIRKO.POZEN: Fichier envoyé: D:\kerberos.htx\iso wk7\W7-Professionnelle-SP1-32bits.iso (-504,56 K/S - -1 801 121 792 bytes)
[22:20:13] - [8] Client 192.168.0.1 Déconnecté (00:58:37 Min)
[22:25:49] - [7] Client 192.168.0.1 Déconnecté (01:04:29 Min)
