[00:18:47] - [36] Connecté à 192.168.0.1. Collecte du Nom d'utilisateur.
[00:18:47] - [36] Usager MIRKO.POZEN Connecté IP: 192.168.0.1
[00:18:47] - [36] MIRKO.POZEN: Répertoire en Cours: D:\kerberos.htx\
[00:18:47] - [36] MIRKO.POZEN: Répertoire en Cours: D:\kerberos.htx\
[00:18:54] - [36] MIRKO.POZEN: Répertoire en Cours: D:\kerberos.htx\
[00:18:54] - [36] MIRKO.POZEN: Nouveau Répertoire: D:\kerberos.htx\jimmy.site
[00:18:54] - [37] Connecté à 192.168.0.1. Collecte du Nom d'utilisateur.
[00:18:54] - [38] Connecté à 192.168.0.1. Collecte du Nom d'utilisateur.
[00:18:54] - [37] Usager MIRKO.POZEN Connecté IP: 192.168.0.1
[00:18:54] - [37] MIRKO.POZEN: Répertoire en Cours: D:\kerberos.htx\
[00:18:54] - [36] MIRKO.POZEN: Répertoire en Cours: D:\kerberos.htx\
[00:18:54] - [38] Usager MIRKO.POZEN Connecté IP: 192.168.0.1
[00:18:54] - [38] MIRKO.POZEN: Répertoire en Cours: D:\kerberos.htx\
[00:18:54] - [36] MIRKO.POZEN: Nouveau Répertoire: D:\kerberos.htx\jimmy.site
[00:18:54] - [36] MIRKO.POZEN: Répertoire en Cours: D:\kerberos.htx\jimmy.site\
[00:18:54] - [37] MIRKO.POZEN: Répertoire en Cours: D:\kerberos.htx\jimmy.site\
[00:18:54] - [38] MIRKO.POZEN: Répertoire en Cours: D:\kerberos.htx\jimmy.site\
[00:18:54] - [36] MIRKO.POZEN: Nouveau Répertoire: D:\kerberos.htx\jimmy.site\jimmy
[00:18:54] - [36] MIRKO.POZEN: Répertoire en Cours: D:\kerberos.htx\jimmy.site\
[00:18:54] - [36] MIRKO.POZEN: Nouveau Répertoire: D:\kerberos.htx\jimmy.site\jimmy
[00:18:54] - [37] MIRKO.POZEN: Début d'Upload de D:\kerberos.htx\jimmy.site\backblue.gif
[00:18:54] - [38] MIRKO.POZEN: Début d'Upload de D:\kerberos.htx\jimmy.site\fade.gif
[00:18:54] - [36] MIRKO.POZEN: Répertoire en Cours: D:\kerberos.htx\jimmy.site\jimmy\
[00:18:54] - [37] MIRKO.POZEN: Fichier Upload: D:\kerberos.htx\jimmy.site\backblue.gif (4,14 K/S -   4 243 bytes)
[00:18:55] - [38] MIRKO.POZEN: Fichier Upload: D:\kerberos.htx\jimmy.site\fade.gif (0,81 K/S -    828 bytes)
[00:18:55] - [36] MIRKO.POZEN: Nouveau Répertoire: D:\kerberos.htx\jimmy.site\jimmy\apis.google.com
[00:18:55] - [36] MIRKO.POZEN: Répertoire en Cours: D:\kerberos.htx\jimmy.site\jimmy\
[00:18:55] - [37] MIRKO.POZEN: Début d'Upload de D:\kerberos.htx\jimmy.site\index.html
[00:18:55] - [36] MIRKO.POZEN: Nouveau Répertoire: D:\kerberos.htx\jimmy.site\jimmy\apis.google.com
[00:18:55] - [38] MIRKO.POZEN: Répertoire en Cours: D:\kerberos.htx\jimmy.site\jimmy\apis.google.com\
[00:18:55] - [37] MIRKO.POZEN: Fichier Upload: D:\kerberos.htx\jimmy.site\index.html (4,93 K/S -   5 050 bytes)
[00:18:55] - [36] MIRKO.POZEN: Répertoire en Cours: D:\kerberos.htx\jimmy.site\jimmy\apis.google.com\
[00:18:55] - [38] MIRKO.POZEN: Nouveau Répertoire: D:\kerberos.htx\jimmy.site\jimmy\apis.google.com\js
[00:18:55] - [36] MIRKO.POZEN: Nouveau Répertoire: D:\kerberos.htx\jimmy.site\jimmy\apis.google.com\js
[00:18:55] - [38] MIRKO.POZEN: Répertoire en Cours: D:\kerberos.htx\jimmy.site\jimmy\apis.google.com\js\
[00:18:55] - [36] MIRKO.POZEN: Répertoire en Cours: D:\kerberos.htx\jimmy.site\jimmy\apis.google.com\
[00:18:55] - [36] MIRKO.POZEN: Nouveau Répertoire: D:\kerberos.htx\jimmy.site\jimmy\apis.google.com\js
[00:18:55] - [37] MIRKO.POZEN: Répertoire en Cours: D:\kerberos.htx\jimmy.site\jimmy\
[00:18:55] - [36] MIRKO.POZEN: Répertoire en Cours: D:\kerberos.htx\jimmy.site\jimmy\
[00:18:55] - [36] MIRKO.POZEN: Nouveau Répertoire: D:\kerberos.htx\jimmy.site\jimmy\hts-cache
[00:18:55] - [37] MIRKO.POZEN: Début d'Upload de D:\kerberos.htx\jimmy.site\jimmy\backblue.gif
[00:18:55] - [36] MIRKO.POZEN: Répertoire en Cours: D:\kerberos.htx\jimmy.site\jimmy\
[00:18:55] - [37] MIRKO.POZEN: Fichier Upload: D:\kerberos.htx\jimmy.site\jimmy\backblue.gif (4,14 K/S -   4 243 bytes)
[00:18:55] - [36] MIRKO.POZEN: Nouveau Répertoire: D:\kerberos.htx\jimmy.site\jimmy\hts-cache
[00:18:55] - [36] MIRKO.POZEN: Répertoire en Cours: D:\kerberos.htx\jimmy.site\jimmy\
[00:18:55] - [36] MIRKO.POZEN: Nouveau Répertoire: D:\kerberos.htx\jimmy.site\jimmy\madeinjura.blogspot.com
[00:18:55] - [36] MIRKO.POZEN: Répertoire en Cours: D:\kerberos.htx\jimmy.site\jimmy\
[00:18:55] - [36] MIRKO.POZEN: Nouveau Répertoire: D:\kerberos.htx\jimmy.site\jimmy\madeinjura.blogspot.com
[00:18:55] - [36] MIRKO.POZEN: Répertoire en Cours: D:\kerberos.htx\jimmy.site\jimmy\madeinjura.blogspot.com\
[00:18:55] - [38] MIRKO.POZEN: Début d'Upload de D:\kerberos.htx\jimmy.site\jimmy\apis.google.com\js\plusone.js
[00:18:55] - [36] MIRKO.POZEN: Nouveau Répertoire: D:\kerberos.htx\jimmy.site\jimmy\madeinjura.blogspot.com\feeds
[00:18:55] - [38] MIRKO.POZEN: Fichier Upload: D:\kerberos.htx\jimmy.site\jimmy\apis.google.com\js\plusone.js (42,93 K/S -   43 959 bytes)
[00:18:55] - [36] MIRKO.POZEN: Répertoire en Cours: D:\kerberos.htx\jimmy.site\jimmy\madeinjura.blogspot.com\
[00:18:55] - [37] MIRKO.POZEN: Début d'Upload de D:\kerberos.htx\jimmy.site\jimmy\cookies.txt
[00:18:55] - [36] MIRKO.POZEN: Nouveau Répertoire: D:\kerberos.htx\jimmy.site\jimmy\madeinjura.blogspot.com\feeds
[00:18:55] - [37] MIRKO.POZEN: Fichier Upload: D:\kerberos.htx\jimmy.site\jimmy\cookies.txt (0,31 K/S -    313 bytes)
[00:18:56] - [38] MIRKO.POZEN: Répertoire en Cours: D:\kerberos.htx\jimmy.site\jimmy\
[00:18:56] - [36] MIRKO.POZEN: Répertoire en Cours: D:\kerberos.htx\jimmy.site\jimmy\madeinjura.blogspot.com\feeds\
[00:18:56] - [37] MIRKO.POZEN: Répertoire en Cours: D:\kerberos.htx\jimmy.site\jimmy\hts-cache\
[00:18:56] - [36] MIRKO.POZEN: Nouveau Répertoire: D:\kerberos.htx\jimmy.site\jimmy\madeinjura.blogspot.com\feeds\posts
[00:18:56] - [38] MIRKO.POZEN: Début d'Upload de D:\kerberos.htx\jimmy.site\jimmy\fade.gif
[00:18:56] - [36] MIRKO.POZEN: Répertoire en Cours: D:\kerberos.htx\jimmy.site\jimmy\madeinjura.blogspot.com\feeds\
[00:18:56] - [38] MIRKO.POZEN: Fichier Upload: D:\kerberos.htx\jimmy.site\jimmy\fade.gif (0,81 K/S -    828 bytes)
[00:18:56] - [36] MIRKO.POZEN: Nouveau Répertoire: D:\kerberos.htx\jimmy.site\jimmy\madeinjura.blogspot.com\feeds\posts
[00:18:56] - [36] MIRKO.POZEN: Répertoire en Cours: D:\kerberos.htx\jimmy.site\jimmy\madeinjura.blogspot.com\
[00:18:56] - [36] MIRKO.POZEN: Nouveau Répertoire: D:\kerberos.htx\jimmy.site\jimmy\madeinjura.blogspot.com\js
[00:18:56] - [36] MIRKO.POZEN: Répertoire en Cours: D:\kerberos.htx\jimmy.site\jimmy\madeinjura.blogspot.com\
[00:18:56] - [36] MIRKO.POZEN: Nouveau Répertoire: D:\kerberos.htx\jimmy.site\jimmy\madeinjura.blogspot.com\js
[00:18:56] - [36] MIRKO.POZEN: Répertoire en Cours: D:\kerberos.htx\jimmy.site\jimmy\
[00:18:56] - [36] MIRKO.POZEN: Nouveau Répertoire: D:\kerberos.htx\jimmy.site\jimmy\resources.blogblog.com
[00:18:56] - [36] MIRKO.POZEN: Répertoire en Cours: D:\kerberos.htx\jimmy.site\jimmy\
[00:18:56] - [36] MIRKO.POZEN: Nouveau Répertoire: D:\kerberos.htx\jimmy.site\jimmy\resources.blogblog.com
[00:18:56] - [38] MIRKO.POZEN: Répertoire en Cours: D:\kerberos.htx\jimmy.site\jimmy\hts-cache\
[00:18:56] - [36] MIRKO.POZEN: Répertoire en Cours: D:\kerberos.htx\jimmy.site\jimmy\resources.blogblog.com\
[00:18:56] - [36] MIRKO.POZEN: Nouveau Répertoire: D:\kerberos.htx\jimmy.site\jimmy\resources.blogblog.com\img
[00:18:56] - [36] MIRKO.POZEN: Répertoire en Cours: D:\kerberos.htx\jimmy.site\jimmy\resources.blogblog.com\
[00:18:56] - [37] MIRKO.POZEN: Début d'Upload de D:\kerberos.htx\jimmy.site\jimmy\hts-cache\doit.log
[00:18:56] - [36] MIRKO.POZEN: Nouveau Répertoire: D:\kerberos.htx\jimmy.site\jimmy\resources.blogblog.com\img
[00:18:56] - [37] MIRKO.POZEN: Fichier Upload: D:\kerberos.htx\jimmy.site\jimmy\hts-cache\doit.log (0,66 K/S -    673 bytes)
[00:18:56] - [36] MIRKO.POZEN: Répertoire en Cours: D:\kerberos.htx\jimmy.site\jimmy\resources.blogblog.com\img\
[00:18:56] - [36] MIRKO.POZEN: Nouveau Répertoire: D:\kerberos.htx\jimmy.site\jimmy\resources.blogblog.com\img\widgets
[00:18:56] - [36] MIRKO.POZEN: Répertoire en Cours: D:\kerberos.htx\jimmy.site\jimmy\resources.blogblog.com\img\
[00:18:56] - [36] MIRKO.POZEN: Nouveau Répertoire: D:\kerberos.htx\jimmy.site\jimmy\resources.blogblog.com\img\widgets
[00:18:56] - [36] MIRKO.POZEN: Répertoire en Cours: D:\kerberos.htx\jimmy.site\jimmy\
[00:18:56] - [36] MIRKO.POZEN: Nouveau Répertoire: D:\kerberos.htx\jimmy.site\jimmy\www.blogblog.com
[00:18:56] - [36] MIRKO.POZEN: Répertoire en Cours: D:\kerberos.htx\jimmy.site\jimmy\
[00:18:56] - [38] MIRKO.POZEN: Début d'Upload de D:\kerberos.htx\jimmy.site\jimmy\hts-cache\new.lst
[00:18:56] - [36] MIRKO.POZEN: Nouveau Répertoire: D:\kerberos.htx\jimmy.site\jimmy\www.blogblog.com
[00:18:56] - [38] MIRKO.POZEN: Fichier Upload: D:\kerberos.htx\jimmy.site\jimmy\hts-cache\new.lst (1,07 K/S -   1 099 bytes)
[00:18:56] - [36] MIRKO.POZEN: Répertoire en Cours: D:\kerberos.htx\jimmy.site\jimmy\www.blogblog.com\
[00:18:56] - [37] MIRKO.POZEN: Début d'Upload de D:\kerberos.htx\jimmy.site\jimmy\hts-cache\new.txt
[00:18:56] - [36] MIRKO.POZEN: Nouveau Répertoire: D:\kerberos.htx\jimmy.site\jimmy\www.blogblog.com\dynamicviews
[00:18:56] - [37] MIRKO.POZEN: Fichier Upload: D:\kerberos.htx\jimmy.site\jimmy\hts-cache\new.txt (5,34 K/S -   5 468 bytes)
[00:18:56] - [36] MIRKO.POZEN: Répertoire en Cours: D:\kerberos.htx\jimmy.site\jimmy\www.blogblog.com\
[00:18:57] - [36] MIRKO.POZEN: Nouveau Répertoire: D:\kerberos.htx\jimmy.site\jimmy\www.blogblog.com\dynamicviews
[00:18:57] - [36] MIRKO.POZEN: Répertoire en Cours: D:\kerberos.htx\jimmy.site\jimmy\www.blogblog.com\dynamicviews\
[00:18:57] - [38] MIRKO.POZEN: Début d'Upload de D:\kerberos.htx\jimmy.site\jimmy\hts-cache\new.zip
[00:18:57] - [36] MIRKO.POZEN: Nouveau Répertoire: D:\kerberos.htx\jimmy.site\jimmy\www.blogblog.com\dynamicviews\4224c15c4e7c9321
[00:18:57] - [38] MIRKO.POZEN: Fichier Upload: D:\kerberos.htx\jimmy.site\jimmy\hts-cache\new.zip (24,28 K/S -   24 863 bytes)
[00:18:57] - [36] MIRKO.POZEN: Répertoire en Cours: D:\kerberos.htx\jimmy.site\jimmy\www.blogblog.com\dynamicviews\
[00:18:57] - [37] MIRKO.POZEN: Début d'Upload de D:\kerberos.htx\jimmy.site\jimmy\hts-cache\readme.txt
[00:18:57] - [36] MIRKO.POZEN: Nouveau Répertoire: D:\kerberos.htx\jimmy.site\jimmy\www.blogblog.com\dynamicviews\4224c15c4e7c9321
[00:18:57] - [37] MIRKO.POZEN: Fichier Upload: D:\kerberos.htx\jimmy.site\jimmy\hts-cache\readme.txt (0,60 K/S -    614 bytes)
[00:18:57] - [36] MIRKO.POZEN: Répertoire en Cours: D:\kerberos.htx\jimmy.site\jimmy\www.blogblog.com\dynamicviews\4224c15c4e7c9321\
[00:18:57] - [36] MIRKO.POZEN: Nouveau Répertoire: D:\kerberos.htx\jimmy.site\jimmy\www.blogblog.com\dynamicviews\4224c15c4e7c9321\js
[00:18:57] - [36] MIRKO.POZEN: Répertoire en Cours: D:\kerberos.htx\jimmy.site\jimmy\www.blogblog.com\dynamicviews\4224c15c4e7c9321\
[00:18:57] - [36] MIRKO.POZEN: Nouveau Répertoire: D:\kerberos.htx\jimmy.site\jimmy\www.blogblog.com\dynamicviews\4224c15c4e7c9321\js
[00:18:57] - [36] MIRKO.POZEN: Répertoire en Cours: D:\kerberos.htx\jimmy.site\jimmy\www.blogblog.com\dynamicviews\
[00:18:57] - [38] MIRKO.POZEN: Début d'Upload de D:\kerberos.htx\jimmy.site\jimmy\hts-cache\winprofile.ini
[00:18:57] - [36] MIRKO.POZEN: Nouveau Répertoire: D:\kerberos.htx\jimmy.site\jimmy\www.blogblog.com\dynamicviews\e51cfde6c1acfa10
[00:18:57] - [38] MIRKO.POZEN: Fichier Upload: D:\kerberos.htx\jimmy.site\jimmy\hts-cache\winprofile.ini (1,28 K/S -   1 308 bytes)
[00:18:57] - [36] MIRKO.POZEN: Répertoire en Cours: D:\kerberos.htx\jimmy.site\jimmy\www.blogblog.com\dynamicviews\
[00:18:57] - [37] MIRKO.POZEN: Répertoire en Cours: D:\kerberos.htx\jimmy.site\jimmy\
[00:18:57] - [36] MIRKO.POZEN: Nouveau Répertoire: D:\kerberos.htx\jimmy.site\jimmy\www.blogblog.com\dynamicviews\e51cfde6c1acfa10
[00:18:57] - [36] MIRKO.POZEN: Répertoire en Cours: D:\kerberos.htx\jimmy.site\jimmy\www.blogblog.com\dynamicviews\e51cfde6c1acfa10\
[00:18:57] - [37] MIRKO.POZEN: Début d'Upload de D:\kerberos.htx\jimmy.site\jimmy\hts-log.txt
[00:18:57] - [36] MIRKO.POZEN: Nouveau Répertoire: D:\kerberos.htx\jimmy.site\jimmy\www.blogblog.com\dynamicviews\e51cfde6c1acfa10\js
[00:18:57] - [37] MIRKO.POZEN: Fichier Upload: D:\kerberos.htx\jimmy.site\jimmy\hts-log.txt (1,12 K/S -   1 149 bytes)
[00:18:57] - [36] MIRKO.POZEN: Répertoire en Cours: D:\kerberos.htx\jimmy.site\jimmy\www.blogblog.com\dynamicviews\e51cfde6c1acfa10\
[00:18:57] - [38] MIRKO.POZEN: Répertoire en Cours: D:\kerberos.htx\jimmy.site\jimmy\
[00:18:57] - [36] MIRKO.POZEN: Nouveau Répertoire: D:\kerberos.htx\jimmy.site\jimmy\www.blogblog.com\dynamicviews\e51cfde6c1acfa10\js
[00:18:57] - [36] MIRKO.POZEN: Répertoire en Cours: D:\kerberos.htx\jimmy.site\jimmy\www.blogblog.com\dynamicviews\e51cfde6c1acfa10\js\
[00:18:57] - [36] MIRKO.POZEN: Nouveau Répertoire: D:\kerberos.htx\jimmy.site\jimmy\www.blogblog.com\dynamicviews\e51cfde6c1acfa10\js\languages
[00:18:57] - [38] MIRKO.POZEN: Début d'Upload de D:\kerberos.htx\jimmy.site\jimmy\index.html
[00:18:57] - [37] MIRKO.POZEN: Répertoire en Cours: D:\kerberos.htx\jimmy.site\jimmy\madeinjura.blogspot.com\
[00:18:57] - [36] MIRKO.POZEN: Répertoire en Cours: D:\kerberos.htx\jimmy.site\jimmy\www.blogblog.com\dynamicviews\e51cfde6c1acfa10\js\
[00:18:57] - [38] MIRKO.POZEN: Fichier Upload: D:\kerberos.htx\jimmy.site\jimmy\index.html (5,12 K/S -   5 240 bytes)
[00:18:57] - [36] MIRKO.POZEN: Nouveau Répertoire: D:\kerberos.htx\jimmy.site\jimmy\www.blogblog.com\dynamicviews\e51cfde6c1acfa10\js\languages
[00:18:57] - [36] MIRKO.POZEN: Répertoire en Cours: D:\kerberos.htx\jimmy.site\jimmy\www.blogblog.com\dynamicviews\e51cfde6c1acfa10\js\
[00:18:57] - [37] MIRKO.POZEN: Début d'Upload de D:\kerberos.htx\jimmy.site\jimmy\madeinjura.blogspot.com\favicon.ico
[00:18:58] - [36] MIRKO.POZEN: Nouveau Répertoire: D:\kerberos.htx\jimmy.site\jimmy\www.blogblog.com\dynamicviews\e51cfde6c1acfa10\js\thirdparty
[00:18:58] - [38] MIRKO.POZEN: Répertoire en Cours: D:\kerberos.htx\jimmy.site\jimmy\madeinjura.blogspot.com\feeds\posts\
[00:18:58] - [37] MIRKO.POZEN: Fichier Upload: D:\kerberos.htx\jimmy.site\jimmy\madeinjura.blogspot.com\favicon.ico (3,55 K/S -   3 638 bytes)
[00:18:58] - [36] MIRKO.POZEN: Répertoire en Cours: D:\kerberos.htx\jimmy.site\jimmy\www.blogblog.com\dynamicviews\e51cfde6c1acfa10\js\
[00:18:58] - [36] MIRKO.POZEN: Nouveau Répertoire: D:\kerberos.htx\jimmy.site\jimmy\www.blogblog.com\dynamicviews\e51cfde6c1acfa10\js\thirdparty
[00:18:58] - [36] MIRKO.POZEN: Répertoire en Cours: D:\kerberos.htx\jimmy.site\jimmy\
[00:18:58] - [36] MIRKO.POZEN: Nouveau Répertoire: D:\kerberos.htx\jimmy.site\jimmy\www.blogger.com
[00:18:58] - [36] MIRKO.POZEN: Répertoire en Cours: D:\kerberos.htx\jimmy.site\jimmy\
[00:18:58] - [36] MIRKO.POZEN: Nouveau Répertoire: D:\kerberos.htx\jimmy.site\jimmy\www.blogger.com
[00:18:58] - [36] MIRKO.POZEN: Répertoire en Cours: D:\kerberos.htx\jimmy.site\jimmy\www.blogger.com\
[00:18:58] - [37] MIRKO.POZEN: Répertoire en Cours: D:\kerberos.htx\jimmy.site\jimmy\madeinjura.blogspot.com\feeds\posts\
[00:18:58] - [36] MIRKO.POZEN: Nouveau Répertoire: D:\kerberos.htx\jimmy.site\jimmy\www.blogger.com\dyn-css
[00:18:58] - [36] MIRKO.POZEN: Répertoire en Cours: D:\kerberos.htx\jimmy.site\jimmy\www.blogger.com\
[00:18:58] - [36] MIRKO.POZEN: Nouveau Répertoire: D:\kerberos.htx\jimmy.site\jimmy\www.blogger.com\dyn-css
[00:18:58] - [36] MIRKO.POZEN: Répertoire en Cours: D:\kerberos.htx\jimmy.site\jimmy\www.blogger.com\
[00:18:58] - [36] MIRKO.POZEN: Nouveau Répertoire: D:\kerberos.htx\jimmy.site\jimmy\www.blogger.com\img
[00:18:58] - [36] MIRKO.POZEN: Répertoire en Cours: D:\kerberos.htx\jimmy.site\jimmy\www.blogger.com\
[00:18:58] - [38] MIRKO.POZEN: Début d'Upload de D:\kerberos.htx\jimmy.site\jimmy\madeinjura.blogspot.com\feeds\posts\default
[00:18:58] - [36] MIRKO.POZEN: Nouveau Répertoire: D:\kerberos.htx\jimmy.site\jimmy\www.blogger.com\img
[00:18:58] - [36] MIRKO.POZEN: Répertoire en Cours: D:\kerberos.htx\jimmy.site\jimmy\www.blogger.com\img\
[00:18:58] - [36] MIRKO.POZEN: Nouveau Répertoire: D:\kerberos.htx\jimmy.site\jimmy\www.blogger.com\img\widgets
[00:18:58] - [36] MIRKO.POZEN: Répertoire en Cours: D:\kerberos.htx\jimmy.site\jimmy\www.blogger.com\img\
[00:18:58] - [36] MIRKO.POZEN: Nouveau Répertoire: D:\kerberos.htx\jimmy.site\jimmy\www.blogger.com\img\widgets
[00:18:58] - [37] MIRKO.POZEN: Début d'Upload de D:\kerberos.htx\jimmy.site\jimmy\madeinjura.blogspot.com\feeds\posts\default9522
[00:18:58] - [36] MIRKO.POZEN: Répertoire en Cours: D:\kerberos.htx\jimmy.site\jimmy\www.blogger.com\
[00:18:58] - [38] MIRKO.POZEN: Fichier Upload: D:\kerberos.htx\jimmy.site\jimmy\madeinjura.blogspot.com\feeds\posts\default (327,77 K/S -   335 638 bytes)
[00:18:58] - [36] MIRKO.POZEN: Nouveau Répertoire: D:\kerberos.htx\jimmy.site\jimmy\www.blogger.com\static
[00:18:58] - [38] MIRKO.POZEN: Répertoire en Cours: D:\kerberos.htx\jimmy.site\jimmy\madeinjura.blogspot.com\
[00:18:58] - [36] MIRKO.POZEN: Répertoire en Cours: D:\kerberos.htx\jimmy.site\jimmy\www.blogger.com\
[00:18:58] - [36] MIRKO.POZEN: Nouveau Répertoire: D:\kerberos.htx\jimmy.site\jimmy\www.blogger.com\static
[00:18:58] - [36] MIRKO.POZEN: Répertoire en Cours: D:\kerberos.htx\jimmy.site\jimmy\www.blogger.com\static\
[00:18:58] - [38] MIRKO.POZEN: Début d'Upload de D:\kerberos.htx\jimmy.site\jimmy\madeinjura.blogspot.com\index.html
[00:18:59] - [36] MIRKO.POZEN: Nouveau Répertoire: D:\kerberos.htx\jimmy.site\jimmy\www.blogger.com\static\v1
[00:18:59] - [38] MIRKO.POZEN: Fichier Upload: D:\kerberos.htx\jimmy.site\jimmy\madeinjura.blogspot.com\index.html (23,11 K/S -   23 666 bytes)
[00:18:59] - [36] MIRKO.POZEN: Répertoire en Cours: D:\kerberos.htx\jimmy.site\jimmy\www.blogger.com\static\
[00:18:59] - [38] MIRKO.POZEN: Répertoire en Cours: D:\kerberos.htx\jimmy.site\jimmy\madeinjura.blogspot.com\js\
[00:18:59] - [36] MIRKO.POZEN: Nouveau Répertoire: D:\kerberos.htx\jimmy.site\jimmy\www.blogger.com\static\v1
[00:18:59] - [37] MIRKO.POZEN: Fichier Upload: D:\kerberos.htx\jimmy.site\jimmy\madeinjura.blogspot.com\feeds\posts\default9522 (304,87 K/S -   312 190 bytes)
[00:18:59] - [36] MIRKO.POZEN: Répertoire en Cours: D:\kerberos.htx\jimmy.site\jimmy\www.blogger.com\static\v1\
[00:18:59] - [37] MIRKO.POZEN: Répertoire en Cours: D:\kerberos.htx\jimmy.site\jimmy\resources.blogblog.com\img\widgets\
[00:18:59] - [36] MIRKO.POZEN: Nouveau Répertoire: D:\kerberos.htx\jimmy.site\jimmy\www.blogger.com\static\v1\widgets
[00:18:59] - [36] MIRKO.POZEN: Répertoire en Cours: D:\kerberos.htx\jimmy.site\jimmy\www.blogger.com\static\v1\
[00:18:59] - [36] MIRKO.POZEN: Nouveau Répertoire: D:\kerberos.htx\jimmy.site\jimmy\www.blogger.com\static\v1\widgets
[00:18:59] - [38] MIRKO.POZEN: Début d'Upload de D:\kerberos.htx\jimmy.site\jimmy\madeinjura.blogspot.com\js\cookienotice.js
[00:18:59] - [38] MIRKO.POZEN: Fichier Upload: D:\kerberos.htx\jimmy.site\jimmy\madeinjura.blogspot.com\js\cookienotice.js (6,54 K/S -   6 693 bytes)
[00:18:59] - [37] MIRKO.POZEN: Début d'Upload de D:\kerberos.htx\jimmy.site\jimmy\resources.blogblog.com\img\widgets\s_top.png
[00:18:59] - [37] MIRKO.POZEN: Fichier Upload: D:\kerberos.htx\jimmy.site\jimmy\resources.blogblog.com\img\widgets\s_top.png (0,33 K/S -    335 bytes)
[00:18:59] - [38] MIRKO.POZEN: Répertoire en Cours: D:\kerberos.htx\jimmy.site\jimmy\www.blogblog.com\dynamicviews\4224c15c4e7c9321\js\
[00:18:59] - [37] MIRKO.POZEN: Répertoire en Cours: D:\kerberos.htx\jimmy.site\jimmy\www.blogblog.com\dynamicviews\e51cfde6c1acfa10\js\
[00:19:00] - [37] MIRKO.POZEN: Début d'Upload de D:\kerberos.htx\jimmy.site\jimmy\www.blogblog.com\dynamicviews\e51cfde6c1acfa10\js\common.js
[00:19:00] - [38] MIRKO.POZEN: Début d'Upload de D:\kerberos.htx\jimmy.site\jimmy\www.blogblog.com\dynamicviews\4224c15c4e7c9321\js\comments.js
[00:19:00] - [37] MIRKO.POZEN: Fichier Upload: D:\kerberos.htx\jimmy.site\jimmy\www.blogblog.com\dynamicviews\e51cfde6c1acfa10\js\common.js (217,38 K/S -   222 599 bytes)
[00:19:00] - [37] MIRKO.POZEN: Début d'Upload de D:\kerberos.htx\jimmy.site\jimmy\www.blogblog.com\dynamicviews\e51cfde6c1acfa10\js\flipcard.js
[00:19:01] - [38] MIRKO.POZEN: Fichier Upload: D:\kerberos.htx\jimmy.site\jimmy\www.blogblog.com\dynamicviews\4224c15c4e7c9321\js\comments.js (392,44 K/S -   401 863 bytes)
[00:19:01] - [37] MIRKO.POZEN: Fichier Upload: D:\kerberos.htx\jimmy.site\jimmy\www.blogblog.com\dynamicviews\e51cfde6c1acfa10\js\flipcard.js (127,22 K/S -   130 274 bytes)
[00:19:01] - [38] MIRKO.POZEN: Répertoire en Cours: D:\kerberos.htx\jimmy.site\jimmy\www.blogblog.com\dynamicviews\e51cfde6c1acfa10\js\
[00:19:01] - [37] MIRKO.POZEN: Répertoire en Cours: D:\kerberos.htx\jimmy.site\jimmy\www.blogblog.com\dynamicviews\e51cfde6c1acfa10\js\languages\
[00:19:01] - [38] MIRKO.POZEN: Début d'Upload de D:\kerberos.htx\jimmy.site\jimmy\www.blogblog.com\dynamicviews\e51cfde6c1acfa10\js\gadgets.js
[00:19:01] - [38] MIRKO.POZEN: Fichier Upload: D:\kerberos.htx\jimmy.site\jimmy\www.blogblog.com\dynamicviews\e51cfde6c1acfa10\js\gadgets.js (68,95 K/S -   70 606 bytes)
[00:19:01] - [38] MIRKO.POZEN: Répertoire en Cours: D:\kerberos.htx\jimmy.site\jimmy\www.blogblog.com\dynamicviews\e51cfde6c1acfa10\js\thirdparty\
[00:19:01] - [37] MIRKO.POZEN: Début d'Upload de D:\kerberos.htx\jimmy.site\jimmy\www.blogblog.com\dynamicviews\e51cfde6c1acfa10\js\languages\lang__en_gb.js
[00:19:01] - [37] MIRKO.POZEN: Fichier Upload: D:\kerberos.htx\jimmy.site\jimmy\www.blogblog.com\dynamicviews\e51cfde6c1acfa10\js\languages\lang__en_gb.js (2,75 K/S -   2 817 bytes)
[00:19:02] - [37] MIRKO.POZEN: Répertoire en Cours: D:\kerberos.htx\jimmy.site\jimmy\www.blogblog.com\dynamicviews\e51cfde6c1acfa10\js\thirdparty\
[00:19:02] - [38] MIRKO.POZEN: Début d'Upload de D:\kerberos.htx\jimmy.site\jimmy\www.blogblog.com\dynamicviews\e51cfde6c1acfa10\js\thirdparty\jquery-mousewheel.js
[00:19:02] - [38] MIRKO.POZEN: Fichier Upload: D:\kerberos.htx\jimmy.site\jimmy\www.blogblog.com\dynamicviews\e51cfde6c1acfa10\js\thirdparty\jquery-mousewheel.js (2,83 K/S -   2 900 bytes)
[00:19:02] - [37] MIRKO.POZEN: Début d'Upload de D:\kerberos.htx\jimmy.site\jimmy\www.blogblog.com\dynamicviews\e51cfde6c1acfa10\js\thirdparty\jquery.js
[00:19:02] - [37] MIRKO.POZEN: Fichier Upload: D:\kerberos.htx\jimmy.site\jimmy\www.blogblog.com\dynamicviews\e51cfde6c1acfa10\js\thirdparty\jquery.js (96,62 K/S -   98 939 bytes)
[00:19:02] - [38] MIRKO.POZEN: Répertoire en Cours: D:\kerberos.htx\jimmy.site\jimmy\www.blogger.com\dyn-css\
[00:19:02] - [37] MIRKO.POZEN: Répertoire en Cours: D:\kerberos.htx\jimmy.site\jimmy\www.blogger.com\img\widgets\
[00:19:02] - [38] MIRKO.POZEN: Début d'Upload de D:\kerberos.htx\jimmy.site\jimmy\www.blogger.com\dyn-css\authorization6f0d.css
[00:19:02] - [38] MIRKO.POZEN: Fichier Upload: D:\kerberos.htx\jimmy.site\jimmy\www.blogger.com\dyn-css\authorization6f0d.css (0,00 K/S -    2 bytes)
[00:19:02] - [37] MIRKO.POZEN: Début d'Upload de D:\kerberos.htx\jimmy.site\jimmy\www.blogger.com\img\widgets\stats-flipper.png
[00:19:02] - [37] MIRKO.POZEN: Fichier Upload: D:\kerberos.htx\jimmy.site\jimmy\www.blogger.com\img\widgets\stats-flipper.png (0,23 K/S -    233 bytes)
[00:19:02] - [38] MIRKO.POZEN: Répertoire en Cours: D:\kerberos.htx\jimmy.site\jimmy\www.blogger.com\static\v1\widgets\
[00:19:02] - [37] MIRKO.POZEN: Répertoire en Cours: D:\kerberos.htx\jimmy.site\jimmy\www.blogger.com\static\v1\widgets\
[00:19:03] - [38] MIRKO.POZEN: Début d'Upload de D:\kerberos.htx\jimmy.site\jimmy\www.blogger.com\static\v1\widgets\2657172006-widgets.js
[00:19:03] - [38] MIRKO.POZEN: Fichier Upload: D:\kerberos.htx\jimmy.site\jimmy\www.blogger.com\static\v1\widgets\2657172006-widgets.js (142,45 K/S -   145 873 bytes)
[00:19:03] - [37] MIRKO.POZEN: Début d'Upload de D:\kerberos.htx\jimmy.site\jimmy\www.blogger.com\static\v1\widgets\2727757643-css_bundle_v2.css
[00:19:03] - [38] MIRKO.POZEN: Répertoire en Cours: D:\kerberos.htx\jimmy.site\
[00:19:03] - [37] MIRKO.POZEN: Fichier Upload: D:\kerberos.htx\jimmy.site\jimmy\www.blogger.com\static\v1\widgets\2727757643-css_bundle_v2.css (38,55 K/S -   39 480 bytes)
[00:19:03] - [38] MIRKO.POZEN: Début d'Upload de D:\kerberos.htx\jimmy.site\jimmy.whtt
[00:19:03] - [38] MIRKO.POZEN: Fichier Upload: D:\kerberos.htx\jimmy.site\jimmy.whtt (0,00 K/S -  20 063 376 bytes)
[00:19:34] - [37] Client 192.168.0.1 Déconnecté (00:00:40 Min)
[00:19:34] - [38] Client 192.168.0.1 Déconnecté (00:00:40 Min)
[00:21:06] - [36] Client 192.168.0.1 Déconnecté (00:02:19 Min)
