[03:37:58] - [79] Connecté à 141.212.122.64. Collecte du Nom d'utilisateur.
[03:37:59] - [79] Client 141.212.122.64 Déconnecté (00:00:00 Min)
[07:54:42] - [80] Connecté à 90.6.49.146. Collecte du Nom d'utilisateur.
[07:54:42] - [80] Usager VICTOR.POZEN Connecté IP: 90.6.49.146
[07:54:42] - [80] VICTOR.POZEN: Répertoire en Cours: D:\kerberos.htx\
[07:54:42] - [80] VICTOR.POZEN: Répertoire en Cours: D:\kerberos.htx\
[07:57:28] - [80] VICTOR.POZEN: Répertoire en Cours: D:\kerberos.htx\exe\
[07:57:36] - [80] VICTOR.POZEN: Répertoire en Cours: D:\kerberos.htx\exe\reactivate wk7\
[07:57:45] - [81] Connecté à 90.6.49.146. Collecte du Nom d'utilisateur.
[07:57:45] - [81] Usager VICTOR.POZEN Connecté IP: 90.6.49.146
[07:57:45] - [81] VICTOR.POZEN: Répertoire en Cours: D:\kerberos.htx\
[07:57:45] - [81] VICTOR.POZEN: Début du Téléchargement de: D:\kerberos.htx\exe\reactivate wk7\CW.eXe
[07:57:49] - [81] VICTOR.POZEN: Fichier envoyé: D:\kerberos.htx\exe\reactivate wk7\CW.eXe (2 309,19 K/S -  9 458 428 bytes)
[07:58:18] - [81] VICTOR.POZEN: Début du Téléchargement de: D:\kerberos.htx\exe\reactivate wk7\CW.eXe
[07:58:22] - [81] VICTOR.POZEN: Fichier envoyé: D:\kerberos.htx\exe\reactivate wk7\CW.eXe (2 309,19 K/S -  9 458 428 bytes)
[07:58:26] - [81] Client 90.6.49.146 Déconnecté (00:00:41 Min)
[07:58:26] - [80] Client 90.6.49.146 Déconnecté (00:03:43 Min)
[12:01:11] - [82] Connecté à 90.6.49.146. Collecte du Nom d'utilisateur.
[12:01:11] - [82] Usager VICTOR.POZEN Connecté IP: 90.6.49.146
[12:01:11] - [82] VICTOR.POZEN: Répertoire en Cours: D:\kerberos.htx\
[12:01:12] - [82] VICTOR.POZEN: Répertoire en Cours: D:\kerberos.htx\
[12:01:37] - [82] Client 90.6.49.146 Déconnecté (00:00:25 Min)
[12:04:30] - [83] Connecté à 90.6.49.146. Collecte du Nom d'utilisateur.
[12:04:30] - [83] Usager VICTOR.POZEN Connecté IP: 90.6.49.146
[12:04:30] - [83] VICTOR.POZEN: Répertoire en Cours: D:\kerberos.htx\
[12:04:30] - [83] VICTOR.POZEN: Répertoire en Cours: D:\kerberos.htx\
[12:04:41] - [83] Client 90.6.49.146 Déconnecté (00:00:11 Min)
[12:12:27] - [84] Connecté à 90.6.49.146. Collecte du Nom d'utilisateur.
[12:12:27] - [84] Usager VICTOR.POZEN Connecté IP: 90.6.49.146
[12:12:27] - [84] VICTOR.POZEN: Répertoire en Cours: D:\kerberos.htx\
[12:12:27] - [84] VICTOR.POZEN: Répertoire en Cours: D:\kerberos.htx\
[12:13:20] - [84] VICTOR.POZEN: Répertoire en Cours: D:\kerberos.htx\exe\
[12:13:36] - [85] Connecté à 90.6.49.146. Collecte du Nom d'utilisateur.
[12:13:36] - [85] Usager VICTOR.POZEN Connecté IP: 90.6.49.146
[12:13:36] - [85] VICTOR.POZEN: Répertoire en Cours: D:\kerberos.htx\
[12:13:36] - [85] VICTOR.POZEN: Début du Téléchargement de: D:\kerberos.htx\exe\spark_2_7_3.exe
[12:14:02] - [85] VICTOR.POZEN: Fichier envoyé: D:\kerberos.htx\exe\spark_2_7_3.exe (2 311,52 K/S -  61 541 888 bytes)
[12:14:05] - [85] Client 90.6.49.146 Déconnecté (00:00:28 Min)
[12:14:05] - [84] Client 90.6.49.146 Déconnecté (00:01:38 Min)
[14:27:52] - [86] Connecté à 90.6.49.146. Collecte du Nom d'utilisateur.
[14:27:52] - [86] Usager VICTOR.POZEN Connecté IP: 90.6.49.146
[14:27:52] - [86] VICTOR.POZEN: Répertoire en Cours: D:\kerberos.htx\
[14:27:52] - [86] VICTOR.POZEN: Répertoire en Cours: D:\kerberos.htx\
[14:27:59] - [86] Client 90.6.49.146 Déconnecté (00:00:07 Min)
[14:34:28] - [87] Connecté à 90.6.49.146. Collecte du Nom d'utilisateur.
[14:34:28] - [87] Usager VICTOR.POZEN Connecté IP: 90.6.49.146
[14:34:28] - [87] VICTOR.POZEN: Répertoire en Cours: D:\kerberos.htx\
[14:34:28] - [87] VICTOR.POZEN: Répertoire en Cours: D:\kerberos.htx\
[14:34:47] - [88] Connecté à 90.6.49.146. Collecte du Nom d'utilisateur.
[14:34:47] - [88] Usager VICTOR.POZEN Connecté IP: 90.6.49.146
[14:34:47] - [88] VICTOR.POZEN: Répertoire en Cours: D:\kerberos.htx\
[14:34:59] - [88] Client 90.6.49.146 Déconnecté (00:00:12 Min)
[14:34:59] - [87] Client 90.6.49.146 Déconnecté (00:00:31 Min)
[15:00:19] - [89] Connecté à 90.6.49.146. Collecte du Nom d'utilisateur.
[15:00:19] - [89] Usager VICTOR.POZEN Connecté IP: 90.6.49.146
[15:00:19] - [89] VICTOR.POZEN: Répertoire en Cours: D:\kerberos.htx\
[15:00:19] - [89] VICTOR.POZEN: Répertoire en Cours: D:\kerberos.htx\
[15:00:24] - [89] VICTOR.POZEN: Répertoire en Cours: D:\kerberos.htx\exe\
[15:00:46] - [90] Connecté à 90.6.49.146. Collecte du Nom d'utilisateur.
[15:00:46] - [90] Usager VICTOR.POZEN Connecté IP: 90.6.49.146
[15:00:46] - [90] VICTOR.POZEN: Répertoire en Cours: D:\kerberos.htx\
[15:00:46] - [90] VICTOR.POZEN: Début du Téléchargement de: D:\kerberos.htx\exe\spark_2_7_3.exe
[15:01:12] - [90] VICTOR.POZEN: Fichier envoyé: D:\kerberos.htx\exe\spark_2_7_3.exe (2 311,52 K/S -  61 541 888 bytes)
[15:01:20] - [90] Client 90.6.49.146 Déconnecté (00:00:33 Min)
[15:01:20] - [89] Client 90.6.49.146 Déconnecté (00:01:00 Min)
[15:08:53] - [91] Connecté à 90.6.49.146. Collecte du Nom d'utilisateur.
[15:08:53] - [91] Usager VICTOR.POZEN Connecté IP: 90.6.49.146
[15:08:53] - [91] VICTOR.POZEN: Répertoire en Cours: D:\kerberos.htx\
[15:08:53] - [91] VICTOR.POZEN: Répertoire en Cours: D:\kerberos.htx\
[15:09:06] - [91] VICTOR.POZEN: Nouveau Répertoire: D:\kerberos.htx\DarkComet
[15:09:06] - [91] VICTOR.POZEN: Nouveau Répertoire: D:\kerberos.htx\DarkComet
[15:09:06] - [91] VICTOR.POZEN: Nouveau Répertoire: D:\kerberos.htx\DarkComet\Celesty Binder
[15:09:06] - [91] VICTOR.POZEN: Nouveau Répertoire: D:\kerberos.htx\DarkComet\Celesty Binder
[15:09:06] - [91] VICTOR.POZEN: Nouveau Répertoire: D:\kerberos.htx\DarkComet\Celesty Binder\Celesty Binder
[15:09:07] - [92] Connecté à 90.6.49.146. Collecte du Nom d'utilisateur.
[15:09:07] - [93] Connecté à 90.6.49.146. Collecte du Nom d'utilisateur.
[15:09:07] - [91] VICTOR.POZEN: Nouveau Répertoire: D:\kerberos.htx\DarkComet\Celesty Binder\Celesty Binder
[15:09:07] - [92] Usager VICTOR.POZEN Connecté IP: 90.6.49.146
[15:09:07] - [92] VICTOR.POZEN: Répertoire en Cours: D:\kerberos.htx\
[15:09:07] - [93] Usager VICTOR.POZEN Connecté IP: 90.6.49.146
[15:09:07] - [93] VICTOR.POZEN: Répertoire en Cours: D:\kerberos.htx\
[15:09:07] - [91] VICTOR.POZEN: Nouveau Répertoire: D:\kerberos.htx\DarkComet\Celesty Binder\Celesty Binder\Lang
[15:09:07] - [91] VICTOR.POZEN: Nouveau Répertoire: D:\kerberos.htx\DarkComet\Celesty Binder\Celesty Binder\Lang
[15:09:07] - [91] VICTOR.POZEN: Nouveau Répertoire: D:\kerberos.htx\DarkComet\Celesty Binder\Lang
[15:09:07] - [93] VICTOR.POZEN: Début d'Upload de D:\kerberos.htx\DarkComet\Celesty Binder\Celesty Binder\Celesty.exe
[15:09:07] - [91] VICTOR.POZEN: Nouveau Répertoire: D:\kerberos.htx\DarkComet\Celesty Binder\Lang
[15:09:07] - [92] VICTOR.POZEN: Début d'Upload de D:\kerberos.htx\DarkComet\3xhumed-Mega-Games-Pack-37-Brigade-High-Caliber-7-62-1.ico
[15:09:07] - [91] VICTOR.POZEN: Nouveau Répertoire: D:\kerberos.htx\DarkComet\Goodies
[15:09:07] - [91] VICTOR.POZEN: Nouveau Répertoire: D:\kerberos.htx\DarkComet\Goodies
[15:09:07] - [91] VICTOR.POZEN: Nouveau Répertoire: D:\kerberos.htx\DarkComet\Goodies\Icons
[15:09:07] - [91] VICTOR.POZEN: Nouveau Répertoire: D:\kerberos.htx\DarkComet\Goodies\Icons
[15:09:07] - [91] VICTOR.POZEN: Nouveau Répertoire: D:\kerberos.htx\DarkComet\INI
[15:09:07] - [92] VICTOR.POZEN: Fichier Upload: D:\kerberos.htx\DarkComet\3xhumed-Mega-Games-Pack-37-Brigade-High-Caliber-7-62-1.ico (272,75 K/S -   279 291 bytes)
[15:09:07] - [91] VICTOR.POZEN: Nouveau Répertoire: D:\kerberos.htx\DarkComet\INI
[15:09:07] - [91] VICTOR.POZEN: Nouveau Répertoire: D:\kerberos.htx\DarkComet\Notes
[15:09:07] - [91] VICTOR.POZEN: Nouveau Répertoire: D:\kerberos.htx\DarkComet\Notes
[15:09:07] - [92] VICTOR.POZEN: Début d'Upload de D:\kerberos.htx\DarkComet\Celesty Binder\Celesty Binder\config.ini
[15:09:07] - [91] VICTOR.POZEN: Nouveau Répertoire: D:\kerberos.htx\DarkComet\Notes\INI
[15:09:07] - [92] VICTOR.POZEN: Fichier Upload: D:\kerberos.htx\DarkComet\Celesty Binder\Celesty Binder\config.ini (0,04 K/S -    42 bytes)
[15:09:07] - [91] VICTOR.POZEN: Nouveau Répertoire: D:\kerberos.htx\DarkComet\Notes\INI
[15:09:07] - [91] VICTOR.POZEN: Nouveau Répertoire: D:\kerberos.htx\DarkComet\skins
[15:09:07] - [91] VICTOR.POZEN: Nouveau Répertoire: D:\kerberos.htx\DarkComet\skins
[15:09:07] - [91] VICTOR.POZEN: Nouveau Répertoire: D:\kerberos.htx\DarkComet\skins\Spoof extensions
[15:09:07] - [91] VICTOR.POZEN: Nouveau Répertoire: D:\kerberos.htx\DarkComet\skins\Spoof extensions
[15:09:07] - [91] VICTOR.POZEN: Nouveau Répertoire: D:\kerberos.htx\DarkComet\skins\Spoof extensions\Users
[15:09:07] - [91] VICTOR.POZEN: Nouveau Répertoire: D:\kerberos.htx\DarkComet\skins\Spoof extensions\Users
[15:09:07] - [91] VICTOR.POZEN: Nouveau Répertoire: D:\kerberos.htx\DarkComet\skins\Spoof extensions\Users\Jessy[SERENA-HP ]
[15:09:07] - [91] VICTOR.POZEN: Nouveau Répertoire: D:\kerberos.htx\DarkComet\skins\Spoof extensions\Users\Jessy[SERENA-HP ]
[15:09:07] - [91] VICTOR.POZEN: Nouveau Répertoire: D:\kerberos.htx\DarkComet\skins\Spoof extensions\Users\Martijn[MARTIJNLAPPY ]
[15:09:07] - [91] VICTOR.POZEN: Nouveau Répertoire: D:\kerberos.htx\DarkComet\skins\Spoof extensions\Users\Martijn[MARTIJNLAPPY ]
[15:09:07] - [91] VICTOR.POZEN: Nouveau Répertoire: D:\kerberos.htx\DarkComet\skins\Spoof extensions\Users\robbey[PC_VAN_PARADIGI ]
[15:09:07] - [91] VICTOR.POZEN: Nouveau Répertoire: D:\kerberos.htx\DarkComet\skins\Spoof extensions\Users\robbey[PC_VAN_PARADIGI ]
[15:09:07] - [91] VICTOR.POZEN: Nouveau Répertoire: D:\kerberos.htx\DarkComet\skins\Spoof extensions\Users\sander[SANDER-PC ]
[15:09:07] - [91] VICTOR.POZEN: Nouveau Répertoire: D:\kerberos.htx\DarkComet\skins\Spoof extensions\Users\sander[SANDER-PC ]
[15:09:07] - [91] VICTOR.POZEN: Nouveau Répertoire: D:\kerberos.htx\DarkComet\skins\Spoof extensions\Users\åse[ÅSE-PC ]
[15:09:07] - [91] VICTOR.POZEN: Nouveau Répertoire: D:\kerberos.htx\DarkComet\skins\Spoof extensions\Users\åse[ÅSE-PC ]
[15:09:07] - [91] VICTOR.POZEN: Nouveau Répertoire: D:\kerberos.htx\DarkComet\Users
[15:09:07] - [91] VICTOR.POZEN: Nouveau Répertoire: D:\kerberos.htx\DarkComet\Users
[15:09:07] - [92] VICTOR.POZEN: Début d'Upload de D:\kerberos.htx\DarkComet\Celesty Binder\Celesty Binder\Lang\AR.ini
[15:09:07] - [92] VICTOR.POZEN: Fichier Upload: D:\kerberos.htx\DarkComet\Celesty Binder\Celesty Binder\Lang\AR.ini (1,20 K/S -   1 228 bytes)
[15:09:08] - [92] VICTOR.POZEN: Début d'Upload de D:\kerberos.htx\DarkComet\Celesty Binder\Celesty Binder\Lang\EN.ini
[15:09:08] - [92] VICTOR.POZEN: Fichier Upload: D:\kerberos.htx\DarkComet\Celesty Binder\Celesty Binder\Lang\EN.ini (1,24 K/S -   1 271 bytes)
[15:09:08] - [93] VICTOR.POZEN: Fichier Upload: D:\kerberos.htx\DarkComet\Celesty Binder\Celesty Binder\Celesty.exe (2 804,50 K/S -  2 871 808 bytes)
[15:09:08] - [93] VICTOR.POZEN: Début d'Upload de D:\kerberos.htx\DarkComet\Celesty Binder\Celesty Binder\Lang\ES.ini
[15:09:08] - [93] VICTOR.POZEN: Fichier Upload: D:\kerberos.htx\DarkComet\Celesty Binder\Celesty Binder\Lang\ES.ini (1,24 K/S -   1 271 bytes)
[15:09:08] - [92] VICTOR.POZEN: Début d'Upload de D:\kerberos.htx\DarkComet\Celesty Binder\Celesty Binder\Lang\FR.ini
[15:09:08] - [92] VICTOR.POZEN: Fichier Upload: D:\kerberos.htx\DarkComet\Celesty Binder\Celesty Binder\Lang\FR.ini (1,34 K/S -   1 368 bytes)
[15:09:08] - [93] VICTOR.POZEN: Début d'Upload de D:\kerberos.htx\DarkComet\Celesty Binder\Celesty Binder\Lang\GR.ini
[15:09:08] - [93] VICTOR.POZEN: Fichier Upload: D:\kerberos.htx\DarkComet\Celesty Binder\Celesty Binder\Lang\GR.ini (1,65 K/S -   1 686 bytes)
[15:09:08] - [92] VICTOR.POZEN: Début d'Upload de D:\kerberos.htx\DarkComet\Celesty Binder\Celesty Binder\Lang\IT.ini
[15:09:08] - [92] VICTOR.POZEN: Fichier Upload: D:\kerberos.htx\DarkComet\Celesty Binder\Celesty Binder\Lang\IT.ini (1,28 K/S -   1 315 bytes)
[15:09:08] - [93] VICTOR.POZEN: Début d'Upload de D:\kerberos.htx\DarkComet\Celesty Binder\Celesty Binder\Lang\LV.ini
[15:09:08] - [93] VICTOR.POZEN: Fichier Upload: D:\kerberos.htx\DarkComet\Celesty Binder\Celesty Binder\Lang\LV.ini (1,43 K/S -   1 460 bytes)
[15:09:08] - [92] VICTOR.POZEN: Début d'Upload de D:\kerberos.htx\DarkComet\Celesty Binder\Celesty Binder\Lang\NO.ini
[15:09:08] - [92] VICTOR.POZEN: Fichier Upload: D:\kerberos.htx\DarkComet\Celesty Binder\Celesty Binder\Lang\NO.ini (1,18 K/S -   1 204 bytes)
[15:09:09] - [93] VICTOR.POZEN: Début d'Upload de D:\kerberos.htx\DarkComet\Celesty Binder\Celesty Binder\Lang\SE.ini
[15:09:09] - [93] VICTOR.POZEN: Fichier Upload: D:\kerberos.htx\DarkComet\Celesty Binder\Celesty Binder\Lang\SE.ini (1,20 K/S -   1 225 bytes)
[15:09:09] - [92] VICTOR.POZEN: Début d'Upload de D:\kerberos.htx\DarkComet\Celesty Binder\Celesty Binder\Lang\SR.ini
[15:09:09] - [92] VICTOR.POZEN: Fichier Upload: D:\kerberos.htx\DarkComet\Celesty Binder\Celesty Binder\Lang\SR.ini (1,19 K/S -   1 223 bytes)
[15:09:09] - [93] VICTOR.POZEN: Début d'Upload de D:\kerberos.htx\DarkComet\Celesty Binder\Celesty Binder\Lang\VN.ini
[15:09:09] - [93] VICTOR.POZEN: Fichier Upload: D:\kerberos.htx\DarkComet\Celesty Binder\Celesty Binder\Lang\VN.ini (1,34 K/S -   1 376 bytes)
[15:09:09] - [92] VICTOR.POZEN: Début d'Upload de D:\kerberos.htx\DarkComet\Celesty Binder\Celesty Binder\readme.txt
[15:09:09] - [92] VICTOR.POZEN: Fichier Upload: D:\kerberos.htx\DarkComet\Celesty Binder\Celesty Binder\readme.txt (0,16 K/S -    166 bytes)
[15:09:09] - [93] VICTOR.POZEN: Début d'Upload de D:\kerberos.htx\DarkComet\Celesty Binder\Lang\AR.ini
[15:09:09] - [93] VICTOR.POZEN: Fichier Upload: D:\kerberos.htx\DarkComet\Celesty Binder\Lang\AR.ini (1,20 K/S -   1 228 bytes)
[15:09:09] - [92] VICTOR.POZEN: Début d'Upload de D:\kerberos.htx\DarkComet\Celesty Binder\Lang\EN.ini
[15:09:09] - [92] VICTOR.POZEN: Fichier Upload: D:\kerberos.htx\DarkComet\Celesty Binder\Lang\EN.ini (1,24 K/S -   1 271 bytes)
[15:09:10] - [93] VICTOR.POZEN: Début d'Upload de D:\kerberos.htx\DarkComet\Celesty Binder\Lang\ES.ini
[15:09:10] - [93] VICTOR.POZEN: Fichier Upload: D:\kerberos.htx\DarkComet\Celesty Binder\Lang\ES.ini (1,24 K/S -   1 271 bytes)
[15:09:10] - [92] VICTOR.POZEN: Début d'Upload de D:\kerberos.htx\DarkComet\Celesty Binder\Lang\FR.ini
[15:09:10] - [92] VICTOR.POZEN: Fichier Upload: D:\kerberos.htx\DarkComet\Celesty Binder\Lang\FR.ini (1,34 K/S -   1 368 bytes)
[15:09:10] - [93] VICTOR.POZEN: Début d'Upload de D:\kerberos.htx\DarkComet\Celesty Binder\Lang\GR.ini
[15:09:10] - [93] VICTOR.POZEN: Fichier Upload: D:\kerberos.htx\DarkComet\Celesty Binder\Lang\GR.ini (1,65 K/S -   1 686 bytes)
[15:09:10] - [92] VICTOR.POZEN: Début d'Upload de D:\kerberos.htx\DarkComet\Celesty Binder\Lang\IT.ini
[15:09:10] - [92] VICTOR.POZEN: Fichier Upload: D:\kerberos.htx\DarkComet\Celesty Binder\Lang\IT.ini (1,28 K/S -   1 315 bytes)
[15:09:10] - [93] VICTOR.POZEN: Début d'Upload de D:\kerberos.htx\DarkComet\Celesty Binder\Lang\LV.ini
[15:09:10] - [93] VICTOR.POZEN: Fichier Upload: D:\kerberos.htx\DarkComet\Celesty Binder\Lang\LV.ini (1,43 K/S -   1 460 bytes)
[15:09:10] - [92] VICTOR.POZEN: Début d'Upload de D:\kerberos.htx\DarkComet\Celesty Binder\Lang\NO.ini
[15:09:10] - [92] VICTOR.POZEN: Fichier Upload: D:\kerberos.htx\DarkComet\Celesty Binder\Lang\NO.ini (1,18 K/S -   1 204 bytes)
[15:09:10] - [93] VICTOR.POZEN: Début d'Upload de D:\kerberos.htx\DarkComet\Celesty Binder\Lang\SE.ini
[15:09:10] - [93] VICTOR.POZEN: Fichier Upload: D:\kerberos.htx\DarkComet\Celesty Binder\Lang\SE.ini (1,20 K/S -   1 225 bytes)
[15:09:10] - [92] VICTOR.POZEN: Début d'Upload de D:\kerberos.htx\DarkComet\Celesty Binder\Lang\SR.ini
[15:09:10] - [92] VICTOR.POZEN: Fichier Upload: D:\kerberos.htx\DarkComet\Celesty Binder\Lang\SR.ini (1,19 K/S -   1 223 bytes)
[15:09:11] - [93] VICTOR.POZEN: Début d'Upload de D:\kerberos.htx\DarkComet\Celesty Binder\Lang\VN.ini
[15:09:11] - [93] VICTOR.POZEN: Fichier Upload: D:\kerberos.htx\DarkComet\Celesty Binder\Lang\VN.ini (1,34 K/S -   1 376 bytes)
[15:09:11] - [92] VICTOR.POZEN: Début d'Upload de D:\kerberos.htx\DarkComet\Celesty Binder\readme.txt
[15:09:11] - [92] VICTOR.POZEN: Fichier Upload: D:\kerberos.htx\DarkComet\Celesty Binder\readme.txt (0,16 K/S -    166 bytes)
[15:09:11] - [93] VICTOR.POZEN: Début d'Upload de D:\kerberos.htx\DarkComet\comet.db
[15:09:11] - [92] VICTOR.POZEN: Début d'Upload de D:\kerberos.htx\DarkComet\config.ini
[15:09:11] - [92] VICTOR.POZEN: Fichier Upload: D:\kerberos.htx\DarkComet\config.ini (39,84 K/S -   40 793 bytes)
[15:09:11] - [92] VICTOR.POZEN: Début d'Upload de D:\kerberos.htx\DarkComet\DarkComet.exe
[15:09:12] - [93] VICTOR.POZEN: Fichier Upload: D:\kerberos.htx\DarkComet\comet.db (2 066,00 K/S -  2 115 584 bytes)
[15:09:12] - [93] VICTOR.POZEN: Début d'Upload de D:\kerberos.htx\DarkComet\DCRemoverV1_setup.exe
[15:09:12] - [93] VICTOR.POZEN: Fichier Upload: D:\kerberos.htx\DarkComet\DCRemoverV1_setup.exe (870,23 K/S -   891 116 bytes)
[15:09:12] - [93] VICTOR.POZEN: Début d'Upload de D:\kerberos.htx\DarkComet\GeoIP.dat
[15:09:13] - [93] VICTOR.POZEN: Fichier Upload: D:\kerberos.htx\DarkComet\GeoIP.dat (1 170,50 K/S -  1 198 612 bytes)
[15:09:13] - [93] VICTOR.POZEN: Début d'Upload de D:\kerberos.htx\DarkComet\Goodies\Icons\againzip.ico
[15:09:13] - [93] VICTOR.POZEN: Fichier Upload: D:\kerberos.htx\DarkComet\Goodies\Icons\againzip.ico (97,34 K/S -   99 678 bytes)
[15:09:14] - [93] VICTOR.POZEN: Début d'Upload de D:\kerberos.htx\DarkComet\Goodies\Icons\archive.ico
[15:09:14] - [93] VICTOR.POZEN: Fichier Upload: D:\kerberos.htx\DarkComet\Goodies\Icons\archive.ico (97,34 K/S -   99 678 bytes)
[15:09:14] - [93] VICTOR.POZEN: Début d'Upload de D:\kerberos.htx\DarkComet\Goodies\Icons\bittorrent.ico
[15:09:14] - [93] VICTOR.POZEN: Fichier Upload: D:\kerberos.htx\DarkComet\Goodies\Icons\bittorrent.ico (97,34 K/S -   99 678 bytes)
[15:09:14] - [93] VICTOR.POZEN: Début d'Upload de D:\kerberos.htx\DarkComet\Goodies\Icons\chrome.ico
[15:09:14] - [93] VICTOR.POZEN: Fichier Upload: D:\kerberos.htx\DarkComet\Goodies\Icons\chrome.ico (97,34 K/S -   99 678 bytes)
[15:09:14] - [93] VICTOR.POZEN: Début d'Upload de D:\kerberos.htx\DarkComet\Goodies\Icons\cubic.ico
[15:09:15] - [93] VICTOR.POZEN: Fichier Upload: D:\kerberos.htx\DarkComet\Goodies\Icons\cubic.ico (97,34 K/S -   99 678 bytes)
[15:09:15] - [93] VICTOR.POZEN: Début d'Upload de D:\kerberos.htx\DarkComet\Goodies\Icons\emulefold.ico
[15:09:15] - [93] VICTOR.POZEN: Fichier Upload: D:\kerberos.htx\DarkComet\Goodies\Icons\emulefold.ico (97,34 K/S -   99 678 bytes)
[15:09:15] - [93] VICTOR.POZEN: Début d'Upload de D:\kerberos.htx\DarkComet\Goodies\Icons\facebook.ico
[15:09:15] - [93] VICTOR.POZEN: Fichier Upload: D:\kerberos.htx\DarkComet\Goodies\Icons\facebook.ico (97,34 K/S -   99 678 bytes)
[15:09:15] - [93] VICTOR.POZEN: Début d'Upload de D:\kerberos.htx\DarkComet\Goodies\Icons\facedebook.ico
[15:09:15] - [93] VICTOR.POZEN: Fichier Upload: D:\kerberos.htx\DarkComet\Goodies\Icons\facedebook.ico (97,34 K/S -   99 678 bytes)
[15:09:16] - [93] VICTOR.POZEN: Début d'Upload de D:\kerberos.htx\DarkComet\Goodies\Icons\female.ico
[15:09:16] - [93] VICTOR.POZEN: Fichier Upload: D:\kerberos.htx\DarkComet\Goodies\Icons\female.ico (97,34 K/S -   99 678 bytes)
[15:09:16] - [93] VICTOR.POZEN: Début d'Upload de D:\kerberos.htx\DarkComet\Goodies\Icons\ffox.ico
[15:09:16] - [93] VICTOR.POZEN: Fichier Upload: D:\kerberos.htx\DarkComet\Goodies\Icons\ffox.ico (97,34 K/S -   99 678 bytes)
[15:09:16] - [93] VICTOR.POZEN: Début d'Upload de D:\kerberos.htx\DarkComet\Goodies\Icons\ffoxwhite.ico
[15:09:16] - [93] VICTOR.POZEN: Fichier Upload: D:\kerberos.htx\DarkComet\Goodies\Icons\ffoxwhite.ico (97,34 K/S -   99 678 bytes)
[15:09:16] - [92] VICTOR.POZEN: Fichier Upload: D:\kerberos.htx\DarkComet\DarkComet.exe (1 924,50 K/S -  11 824 128 bytes)
[15:09:16] - [93] VICTOR.POZEN: Début d'Upload de D:\kerberos.htx\DarkComet\Goodies\Icons\girl.ico
[15:09:16] - [92] VICTOR.POZEN: Début d'Upload de D:\kerberos.htx\DarkComet\Goodies\Icons\heart.ico
[15:09:16] - [93] VICTOR.POZEN: Fichier Upload: D:\kerberos.htx\DarkComet\Goodies\Icons\girl.ico (97,34 K/S -   99 678 bytes)
[15:09:16] - [92] VICTOR.POZEN: Fichier Upload: D:\kerberos.htx\DarkComet\Goodies\Icons\heart.ico (97,34 K/S -   99 678 bytes)
[15:09:17] - [93] VICTOR.POZEN: Début d'Upload de D:\kerberos.htx\DarkComet\Goodies\Icons\idontknowlol.ico
[15:09:17] - [93] VICTOR.POZEN: Fichier Upload: D:\kerberos.htx\DarkComet\Goodies\Icons\idontknowlol.ico (97,34 K/S -   99 678 bytes)
[15:09:17] - [92] VICTOR.POZEN: Début d'Upload de D:\kerberos.htx\DarkComet\Goodies\Icons\limewire.ico
[15:09:17] - [92] VICTOR.POZEN: Fichier Upload: D:\kerberos.htx\DarkComet\Goodies\Icons\limewire.ico (97,34 K/S -   99 678 bytes)
[15:09:17] - [93] VICTOR.POZEN: Début d'Upload de D:\kerberos.htx\DarkComet\Goodies\Icons\limwizearrow.ico
[15:09:17] - [93] VICTOR.POZEN: Fichier Upload: D:\kerberos.htx\DarkComet\Goodies\Icons\limwizearrow.ico (97,34 K/S -   99 678 bytes)
[15:09:17] - [92] VICTOR.POZEN: Début d'Upload de D:\kerberos.htx\DarkComet\Goodies\Icons\limy.ico
[15:09:17] - [92] VICTOR.POZEN: Fichier Upload: D:\kerberos.htx\DarkComet\Goodies\Icons\limy.ico (97,34 K/S -   99 678 bytes)
[15:09:17] - [93] VICTOR.POZEN: Début d'Upload de D:\kerberos.htx\DarkComet\Goodies\Icons\mov.ico
[15:09:17] - [93] VICTOR.POZEN: Fichier Upload: D:\kerberos.htx\DarkComet\Goodies\Icons\mov.ico (97,34 K/S -   99 678 bytes)
[15:09:17] - [92] VICTOR.POZEN: Début d'Upload de D:\kerberos.htx\DarkComet\Goodies\Icons\rar.ico
[15:09:17] - [92] VICTOR.POZEN: Fichier Upload: D:\kerberos.htx\DarkComet\Goodies\Icons\rar.ico (97,34 K/S -   99 678 bytes)
[15:09:17] - [93] VICTOR.POZEN: Début d'Upload de D:\kerberos.htx\DarkComet\Goodies\Icons\shareaza.ico
[15:09:17] - [93] VICTOR.POZEN: Fichier Upload: D:\kerberos.htx\DarkComet\Goodies\Icons\shareaza.ico (97,34 K/S -   99 678 bytes)
[15:09:17] - [92] VICTOR.POZEN: Début d'Upload de D:\kerberos.htx\DarkComet\Goodies\Icons\steam.ico
[15:09:18] - [92] VICTOR.POZEN: Fichier Upload: D:\kerberos.htx\DarkComet\Goodies\Icons\steam.ico (97,34 K/S -   99 678 bytes)
[15:09:18] - [93] VICTOR.POZEN: Début d'Upload de D:\kerberos.htx\DarkComet\Goodies\Icons\steamfag.ico
[15:09:18] - [92] VICTOR.POZEN: Début d'Upload de D:\kerberos.htx\DarkComet\Goodies\Icons\Thumbs.db
[15:09:18] - [93] VICTOR.POZEN: Fichier Upload: D:\kerberos.htx\DarkComet\Goodies\Icons\steamfag.ico (97,34 K/S -   99 678 bytes)
[15:09:18] - [92] VICTOR.POZEN: Fichier Upload: D:\kerberos.htx\DarkComet\Goodies\Icons\Thumbs.db (9,00 K/S -   9 216 bytes)
[15:09:18] - [93] VICTOR.POZEN: Début d'Upload de D:\kerberos.htx\DarkComet\Goodies\Icons\utorrent.ico
[15:09:18] - [92] VICTOR.POZEN: Début d'Upload de D:\kerberos.htx\DarkComet\Goodies\Icons\utorrent2.ico
[15:09:18] - [93] VICTOR.POZEN: Fichier Upload: D:\kerberos.htx\DarkComet\Goodies\Icons\utorrent.ico (97,34 K/S -   99 678 bytes)
[15:09:18] - [92] VICTOR.POZEN: Fichier Upload: D:\kerberos.htx\DarkComet\Goodies\Icons\utorrent2.ico (97,34 K/S -   99 678 bytes)
[15:09:18] - [93] VICTOR.POZEN: Début d'Upload de D:\kerberos.htx\DarkComet\Goodies\Icons\utorrentfold.ico
[15:09:18] - [93] VICTOR.POZEN: Fichier Upload: D:\kerberos.htx\DarkComet\Goodies\Icons\utorrentfold.ico (97,34 K/S -   99 678 bytes)
[15:09:18] - [92] VICTOR.POZEN: Début d'Upload de D:\kerberos.htx\DarkComet\Goodies\Icons\viagrafemale.ico
[15:09:18] - [92] VICTOR.POZEN: Fichier Upload: D:\kerberos.htx\DarkComet\Goodies\Icons\viagrafemale.ico (14,73 K/S -   15 086 bytes)
[15:09:18] - [93] VICTOR.POZEN: Début d'Upload de D:\kerberos.htx\DarkComet\Goodies\Icons\win.ico
[15:09:18] - [93] VICTOR.POZEN: Fichier Upload: D:\kerberos.htx\DarkComet\Goodies\Icons\win.ico (31,29 K/S -   32 038 bytes)
[15:09:18] - [92] VICTOR.POZEN: Début d'Upload de D:\kerberos.htx\DarkComet\Goodies\Icons\winfolder.ico
[15:09:18] - [92] VICTOR.POZEN: Fichier Upload: D:\kerberos.htx\DarkComet\Goodies\Icons\winfolder.ico (97,34 K/S -   99 678 bytes)
[15:09:19] - [93] VICTOR.POZEN: Début d'Upload de D:\kerberos.htx\DarkComet\Goodies\Icons\winmov.ico
[15:09:19] - [93] VICTOR.POZEN: Fichier Upload: D:\kerberos.htx\DarkComet\Goodies\Icons\winmov.ico (31,29 K/S -   32 038 bytes)
[15:09:19] - [92] VICTOR.POZEN: Début d'Upload de D:\kerberos.htx\DarkComet\Goodies\Icons\wintool.ico
[15:09:19] - [92] VICTOR.POZEN: Fichier Upload: D:\kerberos.htx\DarkComet\Goodies\Icons\wintool.ico (97,34 K/S -   99 678 bytes)
[15:09:19] - [93] VICTOR.POZEN: Début d'Upload de D:\kerberos.htx\DarkComet\Goodies\Icons\zipzip.ico
[15:09:19] - [93] VICTOR.POZEN: Fichier Upload: D:\kerberos.htx\DarkComet\Goodies\Icons\zipzip.ico (97,34 K/S -   99 678 bytes)
[15:09:19] - [92] VICTOR.POZEN: Début d'Upload de D:\kerberos.htx\DarkComet\Goodies\Thumbs.db
[15:09:19] - [92] VICTOR.POZEN: Fichier Upload: D:\kerberos.htx\DarkComet\Goodies\Thumbs.db (4,50 K/S -   4 608 bytes)
[15:09:19] - [93] VICTOR.POZEN: Début d'Upload de D:\kerberos.htx\DarkComet\Goodies\wallpaper_1.jpg
[15:09:19] - [93] VICTOR.POZEN: Fichier Upload: D:\kerberos.htx\DarkComet\Goodies\wallpaper_1.jpg (114,38 K/S -   117 122 bytes)
[15:09:19] - [92] VICTOR.POZEN: Début d'Upload de D:\kerberos.htx\DarkComet\Goodies\wallpaper_2.jpg
[15:09:19] - [92] VICTOR.POZEN: Fichier Upload: D:\kerberos.htx\DarkComet\Goodies\wallpaper_2.jpg (202,31 K/S -   207 169 bytes)
[15:09:19] - [92] VICTOR.POZEN: Début d'Upload de D:\kerberos.htx\DarkComet\Notes\globalnotes.txt
[15:09:19] - [92] VICTOR.POZEN: Fichier Upload: D:\kerberos.htx\DarkComet\Notes\globalnotes.txt (2 712,60 K/S -  19 125 396 bytes)
[15:09:20] - [93] VICTOR.POZEN: Début d'Upload de D:\kerberos.htx\DarkComet\INI\Settings-01.ini
[15:09:20] - [93] VICTOR.POZEN: Fichier Upload: D:\kerberos.htx\DarkComet\INI\Settings-01.ini (0,50 K/S -    511 bytes)
[15:09:20] - [93] VICTOR.POZEN: Début d'Upload de D:\kerberos.htx\DarkComet\readme_help.txt
[15:09:20] - [93] VICTOR.POZEN: Fichier Upload: D:\kerberos.htx\DarkComet\readme_help.txt (2,48 K/S -   2 542 bytes)
[15:09:20] - [92] VICTOR.POZEN: Début d'Upload de D:\kerberos.htx\DarkComet\Notes\INI\Settings-01.ini
[15:09:20] - [92] VICTOR.POZEN: Fichier Upload: D:\kerberos.htx\DarkComet\Notes\INI\Settings-01.ini (0,50 K/S -    516 bytes)
[15:09:20] - [93] VICTOR.POZEN: Début d'Upload de D:\kerberos.htx\DarkComet\skins\ClearLooks-BLUE.skn
[15:09:20] - [93] VICTOR.POZEN: Fichier Upload: D:\kerberos.htx\DarkComet\skins\ClearLooks-BLUE.skn (32,34 K/S -   33 115 bytes)
[15:09:20] - [92] VICTOR.POZEN: Début d'Upload de D:\kerberos.htx\DarkComet\skins\ClearLooks-HUMAN.skn
[15:09:20] - [92] VICTOR.POZEN: Fichier Upload: D:\kerberos.htx\DarkComet\skins\ClearLooks-HUMAN.skn (22,74 K/S -   23 289 bytes)
[15:09:20] - [93] VICTOR.POZEN: Début d'Upload de D:\kerberos.htx\DarkComet\skins\corona-CORONA.skn
[15:09:20] - [93] VICTOR.POZEN: Fichier Upload: D:\kerberos.htx\DarkComet\skins\corona-CORONA.skn (38,70 K/S -   39 631 bytes)
[15:09:20] - [92] VICTOR.POZEN: Début d'Upload de D:\kerberos.htx\DarkComet\skins\corona-CORONA12.skn
[15:09:20] - [92] VICTOR.POZEN: Fichier Upload: D:\kerberos.htx\DarkComet\skins\corona-CORONA12.skn (44,04 K/S -   45 093 bytes)
[15:09:21] - [93] VICTOR.POZEN: Début d'Upload de D:\kerberos.htx\DarkComet\skins\Crystal Clear-CRCL1S.skn
[15:09:21] - [93] VICTOR.POZEN: Fichier Upload: D:\kerberos.htx\DarkComet\skins\Crystal Clear-CRCL1S.skn (37,58 K/S -   38 477 bytes)
[15:09:21] - [92] VICTOR.POZEN: Début d'Upload de D:\kerberos.htx\DarkComet\skins\DarkComet.skn
[15:09:21] - [92] VICTOR.POZEN: Fichier Upload: D:\kerberos.htx\DarkComet\skins\DarkComet.skn (24,02 K/S -   24 593 bytes)
[15:09:21] - [93] VICTOR.POZEN: Début d'Upload de D:\kerberos.htx\DarkComet\skins\Extensis-COPPER.skn
[15:09:21] - [93] VICTOR.POZEN: Fichier Upload: D:\kerberos.htx\DarkComet\skins\Extensis-COPPER.skn (17,64 K/S -   18 059 bytes)
[15:09:21] - [92] VICTOR.POZEN: Début d'Upload de D:\kerberos.htx\DarkComet\skins\Extensis-EXTENSIS.skn
[15:09:21] - [92] VICTOR.POZEN: Fichier Upload: D:\kerberos.htx\DarkComet\skins\Extensis-EXTENSIS.skn (14,69 K/S -   15 044 bytes)
[15:09:21] - [93] VICTOR.POZEN: Début d'Upload de D:\kerberos.htx\DarkComet\skins\GNOME-Blue.skn
[15:09:21] - [93] VICTOR.POZEN: Fichier Upload: D:\kerberos.htx\DarkComet\skins\GNOME-Blue.skn (16,88 K/S -   17 287 bytes)
[15:09:21] - [92] VICTOR.POZEN: Début d'Upload de D:\kerberos.htx\DarkComet\skins\GNOME-Gray.skn
[15:09:21] - [92] VICTOR.POZEN: Fichier Upload: D:\kerberos.htx\DarkComet\skins\GNOME-Gray.skn (16,87 K/S -   17 270 bytes)
[15:09:21] - [93] VICTOR.POZEN: Début d'Upload de D:\kerberos.htx\DarkComet\skins\GNOME-Green.skn
[15:09:21] - [93] VICTOR.POZEN: Fichier Upload: D:\kerberos.htx\DarkComet\skins\GNOME-Green.skn (17,31 K/S -   17 722 bytes)
[15:09:21] - [92] VICTOR.POZEN: Début d'Upload de D:\kerberos.htx\DarkComet\skins\GUIRelax-CINDER.skn
[15:09:21] - [92] VICTOR.POZEN: Fichier Upload: D:\kerberos.htx\DarkComet\skins\GUIRelax-CINDER.skn (23,46 K/S -   24 023 bytes)
[15:09:22] - [93] VICTOR.POZEN: Début d'Upload de D:\kerberos.htx\DarkComet\skins\GUIRelax-SKYMAN.skn
[15:09:22] - [93] VICTOR.POZEN: Fichier Upload: D:\kerberos.htx\DarkComet\skins\GUIRelax-SKYMAN.skn (23,48 K/S -   24 040 bytes)
[15:09:22] - [92] VICTOR.POZEN: Début d'Upload de D:\kerberos.htx\DarkComet\skins\GUIRelax-SUBTLE.skn
[15:09:22] - [93] VICTOR.POZEN: Début d'Upload de D:\kerberos.htx\DarkComet\skins\iTunes.skn
[15:09:22] - [92] VICTOR.POZEN: Fichier Upload: D:\kerberos.htx\DarkComet\skins\GUIRelax-SUBTLE.skn (25,08 K/S -   25 680 bytes)
[15:09:22] - [93] VICTOR.POZEN: Fichier Upload: D:\kerberos.htx\DarkComet\skins\iTunes.skn (48,16 K/S -   49 319 bytes)
[15:09:22] - [92] VICTOR.POZEN: Début d'Upload de D:\kerberos.htx\DarkComet\skins\LE4-BLACKC.skn
[15:09:22] - [93] VICTOR.POZEN: Début d'Upload de D:\kerberos.htx\DarkComet\skins\LE4-DEFAULT.skn
[15:09:22] - [92] VICTOR.POZEN: Fichier Upload: D:\kerberos.htx\DarkComet\skins\LE4-BLACKC.skn (39,37 K/S -   40 315 bytes)
[15:09:22] - [93] VICTOR.POZEN: Fichier Upload: D:\kerberos.htx\DarkComet\skins\LE4-DEFAULT.skn (38,21 K/S -   39 122 bytes)
[15:09:22] - [92] VICTOR.POZEN: Début d'Upload de D:\kerberos.htx\DarkComet\skins\Longhorn DWM-DWM.skn
[15:09:22] - [92] VICTOR.POZEN: Fichier Upload: D:\kerberos.htx\DarkComet\skins\Longhorn DWM-DWM.skn (27,17 K/S -   27 825 bytes)
[15:09:22] - [93] VICTOR.POZEN: Début d'Upload de D:\kerberos.htx\DarkComet\skins\Longhorn Slate-Plex-SLATE.skn
[15:09:22] - [93] VICTOR.POZEN: Fichier Upload: D:\kerberos.htx\DarkComet\skins\Longhorn Slate-Plex-SLATE.skn (65,96 K/S -   67 545 bytes)
[15:09:23] - [92] VICTOR.POZEN: Début d'Upload de D:\kerberos.htx\DarkComet\skins\Longhorn Style-BLUE.skn
[15:09:23] - [92] VICTOR.POZEN: Fichier Upload: D:\kerberos.htx\DarkComet\skins\Longhorn Style-BLUE.skn (36,58 K/S -   37 454 bytes)
[15:09:23] - [93] VICTOR.POZEN: Début d'Upload de D:\kerberos.htx\DarkComet\skins\Luna (Longhorn Revolution)-BLUE.skn
[15:09:23] - [93] VICTOR.POZEN: Fichier Upload: D:\kerberos.htx\DarkComet\skins\Luna (Longhorn Revolution)-BLUE.skn (59,01 K/S -   60 429 bytes)
[15:09:23] - [92] VICTOR.POZEN: Début d'Upload de D:\kerberos.htx\DarkComet\skins\Luna (Longhorn Revolution)-HOMESTEAD.skn
[15:09:23] - [92] VICTOR.POZEN: Fichier Upload: D:\kerberos.htx\DarkComet\skins\Luna (Longhorn Revolution)-HOMESTEAD.skn (48,26 K/S -   49 414 bytes)
[15:09:23] - [93] VICTOR.POZEN: Début d'Upload de D:\kerberos.htx\DarkComet\skins\Luna (Longhorn Revolution)-METALLIC.skn
[15:09:23] - [93] VICTOR.POZEN: Fichier Upload: D:\kerberos.htx\DarkComet\skins\Luna (Longhorn Revolution)-METALLIC.skn (42,16 K/S -   43 174 bytes)
[15:09:23] - [92] VICTOR.POZEN: Début d'Upload de D:\kerberos.htx\DarkComet\skins\Luna (Longhorn Revolution)-NEON.skn
[15:09:23] - [92] VICTOR.POZEN: Fichier Upload: D:\kerberos.htx\DarkComet\skins\Luna (Longhorn Revolution)-NEON.skn (59,69 K/S -   61 120 bytes)
[15:09:23] - [93] VICTOR.POZEN: Début d'Upload de D:\kerberos.htx\DarkComet\skins\luna-BLUE.skn
[15:09:23] - [93] VICTOR.POZEN: Fichier Upload: D:\kerberos.htx\DarkComet\skins\luna-BLUE.skn (55,50 K/S -   56 830 bytes)
[15:09:23] - [92] VICTOR.POZEN: Début d'Upload de D:\kerberos.htx\DarkComet\skins\luna-HOMESTEAD.skn
[15:09:23] - [92] VICTOR.POZEN: Fichier Upload: D:\kerberos.htx\DarkComet\skins\luna-HOMESTEAD.skn (42,90 K/S -   43 925 bytes)
[15:09:23] - [93] VICTOR.POZEN: Début d'Upload de D:\kerberos.htx\DarkComet\skins\luna-METALLIC.skn
[15:09:23] - [93] VICTOR.POZEN: Fichier Upload: D:\kerberos.htx\DarkComet\skins\luna-METALLIC.skn (28,60 K/S -   29 288 bytes)
[15:09:24] - [92] VICTOR.POZEN: Début d'Upload de D:\kerberos.htx\DarkComet\skins\macos.skn
[15:09:24] - [92] VICTOR.POZEN: Fichier Upload: D:\kerberos.htx\DarkComet\skins\macos.skn (56,34 K/S -   57 695 bytes)
[15:09:24] - [93] VICTOR.POZEN: Début d'Upload de D:\kerberos.htx\DarkComet\skins\MediaC-MEDIA1024.skn
[15:09:24] - [93] VICTOR.POZEN: Fichier Upload: D:\kerberos.htx\DarkComet\skins\MediaC-MEDIA1024.skn (44,58 K/S -   45 646 bytes)
[15:09:24] - [92] VICTOR.POZEN: Début d'Upload de D:\kerberos.htx\DarkComet\skins\Mollis-BLUE.skn
[15:09:24] - [92] VICTOR.POZEN: Fichier Upload: D:\kerberos.htx\DarkComet\skins\Mollis-BLUE.skn (31,53 K/S -   32 285 bytes)
[15:09:24] - [93] VICTOR.POZEN: Début d'Upload de D:\kerberos.htx\DarkComet\skins\MSN.skn
[15:09:24] - [93] VICTOR.POZEN: Fichier Upload: D:\kerberos.htx\DarkComet\skins\MSN.skn (44,75 K/S -   45 828 bytes)
[15:09:24] - [92] VICTOR.POZEN: Début d'Upload de D:\kerberos.htx\DarkComet\skins\mxp05.skn
[15:09:24] - [92] VICTOR.POZEN: Fichier Upload: D:\kerberos.htx\DarkComet\skins\mxp05.skn (56,11 K/S -   57 461 bytes)
[15:09:24] - [93] VICTOR.POZEN: Début d'Upload de D:\kerberos.htx\DarkComet\skins\mxp1.skn
[15:09:24] - [93] VICTOR.POZEN: Fichier Upload: D:\kerberos.htx\DarkComet\skins\mxp1.skn (53,66 K/S -   54 951 bytes)
[15:09:24] - [92] VICTOR.POZEN: Début d'Upload de D:\kerberos.htx\DarkComet\skins\mxp2.skn
[15:09:24] - [92] VICTOR.POZEN: Fichier Upload: D:\kerberos.htx\DarkComet\skins\mxp2.skn (33,11 K/S -   33 907 bytes)
[15:09:24] - [93] VICTOR.POZEN: Début d'Upload de D:\kerberos.htx\DarkComet\skins\mxp3.skn
[15:09:24] - [93] VICTOR.POZEN: Fichier Upload: D:\kerberos.htx\DarkComet\skins\mxp3.skn (53,13 K/S -   54 407 bytes)
[15:09:24] - [92] VICTOR.POZEN: Début d'Upload de D:\kerberos.htx\DarkComet\skins\mxskin03.skn
[15:09:25] - [92] VICTOR.POZEN: Fichier Upload: D:\kerberos.htx\DarkComet\skins\mxskin03.skn (39,54 K/S -   40 486 bytes)
[15:09:25] - [93] VICTOR.POZEN: Début d'Upload de D:\kerberos.htx\DarkComet\skins\mxskin10.skn
[15:09:25] - [93] VICTOR.POZEN: Fichier Upload: D:\kerberos.htx\DarkComet\skins\mxskin10.skn (9,20 K/S -   9 420 bytes)
[15:09:25] - [92] VICTOR.POZEN: Début d'Upload de D:\kerberos.htx\DarkComet\skins\mxskin11.skn
[15:09:25] - [92] VICTOR.POZEN: Fichier Upload: D:\kerberos.htx\DarkComet\skins\mxskin11.skn (57,13 K/S -   58 505 bytes)
[15:09:25] - [93] VICTOR.POZEN: Début d'Upload de D:\kerberos.htx\DarkComet\skins\mxskin13.skn
[15:09:25] - [93] VICTOR.POZEN: Fichier Upload: D:\kerberos.htx\DarkComet\skins\mxskin13.skn (53,71 K/S -   54 999 bytes)
[15:09:25] - [92] VICTOR.POZEN: Début d'Upload de D:\kerberos.htx\DarkComet\skins\mxskin14.skn
[15:09:25] - [92] VICTOR.POZEN: Fichier Upload: D:\kerberos.htx\DarkComet\skins\mxskin14.skn (31,26 K/S -   32 013 bytes)
[15:09:25] - [93] VICTOR.POZEN: Début d'Upload de D:\kerberos.htx\DarkComet\skins\mxskin15.skn
[15:09:25] - [93] VICTOR.POZEN: Fichier Upload: D:\kerberos.htx\DarkComet\skins\mxskin15.skn (36,44 K/S -   37 319 bytes)
[15:09:25] - [92] VICTOR.POZEN: Début d'Upload de D:\kerberos.htx\DarkComet\skins\mxskin16.skn
[15:09:25] - [92] VICTOR.POZEN: Fichier Upload: D:\kerberos.htx\DarkComet\skins\mxskin16.skn (52,93 K/S -   54 204 bytes)
[15:09:25] - [93] VICTOR.POZEN: Début d'Upload de D:\kerberos.htx\DarkComet\skins\mxskin17.skn
[15:09:25] - [93] VICTOR.POZEN: Fichier Upload: D:\kerberos.htx\DarkComet\skins\mxskin17.skn (42,14 K/S -   43 151 bytes)
[15:09:25] - [92] VICTOR.POZEN: Début d'Upload de D:\kerberos.htx\DarkComet\skins\mxskin18.skn
[15:09:26] - [92] VICTOR.POZEN: Fichier Upload: D:\kerberos.htx\DarkComet\skins\mxskin18.skn (90,86 K/S -   93 036 bytes)
[15:09:26] - [93] VICTOR.POZEN: Début d'Upload de D:\kerberos.htx\DarkComet\skins\mxskin19.skn
[15:09:26] - [93] VICTOR.POZEN: Fichier Upload: D:\kerberos.htx\DarkComet\skins\mxskin19.skn (68,39 K/S -   70 033 bytes)
[15:09:26] - [92] VICTOR.POZEN: Début d'Upload de D:\kerberos.htx\DarkComet\skins\mxskin2.skn
[15:09:26] - [92] VICTOR.POZEN: Fichier Upload: D:\kerberos.htx\DarkComet\skins\mxskin2.skn (39,50 K/S -   40 453 bytes)
[15:09:26] - [93] VICTOR.POZEN: Début d'Upload de D:\kerberos.htx\DarkComet\skins\mxskin20.skn
[15:09:26] - [93] VICTOR.POZEN: Fichier Upload: D:\kerberos.htx\DarkComet\skins\mxskin20.skn (71,03 K/S -   72 738 bytes)
[15:09:26] - [92] VICTOR.POZEN: Début d'Upload de D:\kerberos.htx\DarkComet\skins\mxskin21.skn
[15:09:26] - [92] VICTOR.POZEN: Fichier Upload: D:\kerberos.htx\DarkComet\skins\mxskin21.skn (50,55 K/S -   51 768 bytes)
[15:09:26] - [93] VICTOR.POZEN: Début d'Upload de D:\kerberos.htx\DarkComet\skins\mxskin22.skn
[15:09:26] - [93] VICTOR.POZEN: Fichier Upload: D:\kerberos.htx\DarkComet\skins\mxskin22.skn (35,85 K/S -   36 708 bytes)
[15:09:26] - [92] VICTOR.POZEN: Début d'Upload de D:\kerberos.htx\DarkComet\skins\mxskin23.skn
[15:09:26] - [92] VICTOR.POZEN: Fichier Upload: D:\kerberos.htx\DarkComet\skins\mxskin23.skn (56,02 K/S -   57 360 bytes)
[15:09:26] - [93] VICTOR.POZEN: Début d'Upload de D:\kerberos.htx\DarkComet\skins\mxskin24.skn
[15:09:26] - [93] VICTOR.POZEN: Fichier Upload: D:\kerberos.htx\DarkComet\skins\mxskin24.skn (52,65 K/S -   53 916 bytes)
[15:09:26] - [92] VICTOR.POZEN: Début d'Upload de D:\kerberos.htx\DarkComet\skins\mxskin25.skn
[15:09:27] - [92] VICTOR.POZEN: Fichier Upload: D:\kerberos.htx\DarkComet\skins\mxskin25.skn (50,07 K/S -   51 269 bytes)
[15:09:27] - [93] VICTOR.POZEN: Début d'Upload de D:\kerberos.htx\DarkComet\skins\mxskin26.skn
[15:09:27] - [93] VICTOR.POZEN: Fichier Upload: D:\kerberos.htx\DarkComet\skins\mxskin26.skn (27,04 K/S -   27 691 bytes)
[15:09:27] - [92] VICTOR.POZEN: Début d'Upload de D:\kerberos.htx\DarkComet\skins\mxskin27.skn
[15:09:27] - [92] VICTOR.POZEN: Fichier Upload: D:\kerberos.htx\DarkComet\skins\mxskin27.skn (38,80 K/S -   39 736 bytes)
[15:09:27] - [93] VICTOR.POZEN: Début d'Upload de D:\kerberos.htx\DarkComet\skins\mxskin28.skn
[15:09:27] - [93] VICTOR.POZEN: Fichier Upload: D:\kerberos.htx\DarkComet\skins\mxskin28.skn (57,64 K/S -   59 028 bytes)
[15:09:27] - [92] VICTOR.POZEN: Début d'Upload de D:\kerberos.htx\DarkComet\skins\mxskin29.skn
[15:09:27] - [92] VICTOR.POZEN: Fichier Upload: D:\kerberos.htx\DarkComet\skins\mxskin29.skn (65,85 K/S -   67 435 bytes)
[15:09:27] - [93] VICTOR.POZEN: Début d'Upload de D:\kerberos.htx\DarkComet\skins\mxskin30.skn
[15:09:27] - [93] VICTOR.POZEN: Fichier Upload: D:\kerberos.htx\DarkComet\skins\mxskin30.skn (34,25 K/S -   35 073 bytes)
[15:09:27] - [92] VICTOR.POZEN: Début d'Upload de D:\kerberos.htx\DarkComet\skins\mxskin31.skn
[15:09:27] - [92] VICTOR.POZEN: Fichier Upload: D:\kerberos.htx\DarkComet\skins\mxskin31.skn (36,07 K/S -   36 932 bytes)
[15:09:27] - [93] VICTOR.POZEN: Début d'Upload de D:\kerberos.htx\DarkComet\skins\mxskin32.skn
[15:09:27] - [93] VICTOR.POZEN: Fichier Upload: D:\kerberos.htx\DarkComet\skins\mxskin32.skn (44,50 K/S -   45 570 bytes)
[15:09:27] - [92] VICTOR.POZEN: Début d'Upload de D:\kerberos.htx\DarkComet\skins\mxskin33.skn
[15:09:27] - [92] VICTOR.POZEN: Fichier Upload: D:\kerberos.htx\DarkComet\skins\mxskin33.skn (33,27 K/S -   34 069 bytes)
[15:09:28] - [93] VICTOR.POZEN: Début d'Upload de D:\kerberos.htx\DarkComet\skins\mxskin35.skn
[15:09:28] - [93] VICTOR.POZEN: Fichier Upload: D:\kerberos.htx\DarkComet\skins\mxskin35.skn (14,62 K/S -   14 970 bytes)
[15:09:28] - [92] VICTOR.POZEN: Début d'Upload de D:\kerberos.htx\DarkComet\skins\mxskin36.skn
[15:09:28] - [92] VICTOR.POZEN: Fichier Upload: D:\kerberos.htx\DarkComet\skins\mxskin36.skn (80,88 K/S -   82 817 bytes)
[15:09:28] - [93] VICTOR.POZEN: Début d'Upload de D:\kerberos.htx\DarkComet\skins\mxskin37.skn
[15:09:28] - [93] VICTOR.POZEN: Fichier Upload: D:\kerberos.htx\DarkComet\skins\mxskin37.skn (33,38 K/S -   34 182 bytes)
[15:09:28] - [92] VICTOR.POZEN: Début d'Upload de D:\kerberos.htx\DarkComet\skins\mxskin38.skn
[15:09:28] - [92] VICTOR.POZEN: Fichier Upload: D:\kerberos.htx\DarkComet\skins\mxskin38.skn (51,80 K/S -   53 046 bytes)
[15:09:28] - [93] VICTOR.POZEN: Début d'Upload de D:\kerberos.htx\DarkComet\skins\mxskin39.skn
[15:09:28] - [93] VICTOR.POZEN: Fichier Upload: D:\kerberos.htx\DarkComet\skins\mxskin39.skn (51,39 K/S -   52 628 bytes)
[15:09:28] - [92] VICTOR.POZEN: Début d'Upload de D:\kerberos.htx\DarkComet\skins\mxskin41.skn
[15:09:28] - [92] VICTOR.POZEN: Fichier Upload: D:\kerberos.htx\DarkComet\skins\mxskin41.skn (41,02 K/S -   42 006 bytes)
[15:09:28] - [93] VICTOR.POZEN: Début d'Upload de D:\kerberos.htx\DarkComet\skins\mxskin42.skn
[15:09:28] - [93] VICTOR.POZEN: Fichier Upload: D:\kerberos.htx\DarkComet\skins\mxskin42.skn (44,41 K/S -   45 472 bytes)
[15:09:28] - [92] VICTOR.POZEN: Début d'Upload de D:\kerberos.htx\DarkComet\skins\mxskin43.skn
[15:09:28] - [92] VICTOR.POZEN: Fichier Upload: D:\kerberos.htx\DarkComet\skins\mxskin43.skn (38,90 K/S -   39 836 bytes)
[15:09:29] - [93] VICTOR.POZEN: Début d'Upload de D:\kerberos.htx\DarkComet\skins\mxskin44.skn
[15:09:29] - [93] VICTOR.POZEN: Fichier Upload: D:\kerberos.htx\DarkComet\skins\mxskin44.skn (64,15 K/S -   65 688 bytes)
[15:09:29] - [92] VICTOR.POZEN: Début d'Upload de D:\kerberos.htx\DarkComet\skins\mxskin45.skn
[15:09:29] - [92] VICTOR.POZEN: Fichier Upload: D:\kerberos.htx\DarkComet\skins\mxskin45.skn (45,31 K/S -   46 395 bytes)
[15:09:29] - [93] VICTOR.POZEN: Début d'Upload de D:\kerberos.htx\DarkComet\skins\mxskin46.skn
[15:09:29] - [93] VICTOR.POZEN: Fichier Upload: D:\kerberos.htx\DarkComet\skins\mxskin46.skn (44,82 K/S -   45 895 bytes)
[15:09:29] - [92] VICTOR.POZEN: Début d'Upload de D:\kerberos.htx\DarkComet\skins\mxskin47.skn
[15:09:29] - [92] VICTOR.POZEN: Fichier Upload: D:\kerberos.htx\DarkComet\skins\mxskin47.skn (35,63 K/S -   36 481 bytes)
[15:09:29] - [93] VICTOR.POZEN: Début d'Upload de D:\kerberos.htx\DarkComet\skins\mxskin48.skn
[15:09:29] - [93] VICTOR.POZEN: Fichier Upload: D:\kerberos.htx\DarkComet\skins\mxskin48.skn (36,48 K/S -   37 355 bytes)
[15:09:29] - [92] VICTOR.POZEN: Début d'Upload de D:\kerberos.htx\DarkComet\skins\mxskin49.skn
[15:09:29] - [92] VICTOR.POZEN: Fichier Upload: D:\kerberos.htx\DarkComet\skins\mxskin49.skn (45,83 K/S -   46 926 bytes)
[15:09:29] - [93] VICTOR.POZEN: Début d'Upload de D:\kerberos.htx\DarkComet\skins\mxskin50.skn
[15:09:29] - [93] VICTOR.POZEN: Fichier Upload: D:\kerberos.htx\DarkComet\skins\mxskin50.skn (33,25 K/S -   34 044 bytes)
[15:09:29] - [92] VICTOR.POZEN: Début d'Upload de D:\kerberos.htx\DarkComet\skins\mxskin51.skn
[15:09:29] - [92] VICTOR.POZEN: Fichier Upload: D:\kerberos.htx\DarkComet\skins\mxskin51.skn (52,90 K/S -   54 170 bytes)
[15:09:30] - [93] VICTOR.POZEN: Début d'Upload de D:\kerberos.htx\DarkComet\skins\mxskin53.skn
[15:09:30] - [93] VICTOR.POZEN: Fichier Upload: D:\kerberos.htx\DarkComet\skins\mxskin53.skn (49,27 K/S -   50 448 bytes)
[15:09:30] - [92] VICTOR.POZEN: Début d'Upload de D:\kerberos.htx\DarkComet\skins\mxskin54.skn
[15:09:30] - [92] VICTOR.POZEN: Fichier Upload: D:\kerberos.htx\DarkComet\skins\mxskin54.skn (40,37 K/S -   41 337 bytes)
[15:09:30] - [93] VICTOR.POZEN: Début d'Upload de D:\kerberos.htx\DarkComet\skins\mxskin55.skn
[15:09:30] - [93] VICTOR.POZEN: Fichier Upload: D:\kerberos.htx\DarkComet\skins\mxskin55.skn (44,00 K/S -   45 053 bytes)
[15:09:30] - [92] VICTOR.POZEN: Début d'Upload de D:\kerberos.htx\DarkComet\skins\mxskin56.skn
[15:09:30] - [92] VICTOR.POZEN: Fichier Upload: D:\kerberos.htx\DarkComet\skins\mxskin56.skn (59,37 K/S -   60 791 bytes)
[15:09:30] - [93] VICTOR.POZEN: Début d'Upload de D:\kerberos.htx\DarkComet\skins\mxskin57.skn
[15:09:30] - [93] VICTOR.POZEN: Fichier Upload: D:\kerberos.htx\DarkComet\skins\mxskin57.skn (39,62 K/S -   40 566 bytes)
[15:09:30] - [92] VICTOR.POZEN: Début d'Upload de D:\kerberos.htx\DarkComet\skins\mxskin58.skn
[15:09:30] - [92] VICTOR.POZEN: Fichier Upload: D:\kerberos.htx\DarkComet\skins\mxskin58.skn (39,96 K/S -   40 917 bytes)
[15:09:30] - [93] VICTOR.POZEN: Début d'Upload de D:\kerberos.htx\DarkComet\skins\mxskin59.skn
[15:09:30] - [93] VICTOR.POZEN: Fichier Upload: D:\kerberos.htx\DarkComet\skins\mxskin59.skn (34,05 K/S -   34 863 bytes)
[15:09:30] - [92] VICTOR.POZEN: Début d'Upload de D:\kerberos.htx\DarkComet\skins\mxskin61.skn
[15:09:30] - [92] VICTOR.POZEN: Fichier Upload: D:\kerberos.htx\DarkComet\skins\mxskin61.skn (23,34 K/S -   23 897 bytes)
[15:09:31] - [93] VICTOR.POZEN: Début d'Upload de D:\kerberos.htx\DarkComet\skins\mxskin63.skn
[15:09:31] - [93] VICTOR.POZEN: Fichier Upload: D:\kerberos.htx\DarkComet\skins\mxskin63.skn (59,60 K/S -   61 026 bytes)
[15:09:31] - [92] VICTOR.POZEN: Début d'Upload de D:\kerberos.htx\DarkComet\skins\mxskin64.skn
[15:09:31] - [92] VICTOR.POZEN: Fichier Upload: D:\kerberos.htx\DarkComet\skins\mxskin64.skn (47,30 K/S -   48 433 bytes)
[15:09:31] - [93] VICTOR.POZEN: Début d'Upload de D:\kerberos.htx\DarkComet\skins\mxskin65.skn
[15:09:31] - [93] VICTOR.POZEN: Fichier Upload: D:\kerberos.htx\DarkComet\skins\mxskin65.skn (50,42 K/S -   51 630 bytes)
[15:09:31] - [92] VICTOR.POZEN: Début d'Upload de D:\kerberos.htx\DarkComet\skins\mxskin66.skn
[15:09:31] - [92] VICTOR.POZEN: Fichier Upload: D:\kerberos.htx\DarkComet\skins\mxskin66.skn (48,19 K/S -   49 348 bytes)
[15:09:31] - [93] VICTOR.POZEN: Début d'Upload de D:\kerberos.htx\DarkComet\skins\mxskin68.skn
[15:09:31] - [93] VICTOR.POZEN: Fichier Upload: D:\kerberos.htx\DarkComet\skins\mxskin68.skn (33,34 K/S -   34 140 bytes)
[15:09:31] - [92] VICTOR.POZEN: Début d'Upload de D:\kerberos.htx\DarkComet\skins\mxskin71.skn
[15:09:31] - [92] VICTOR.POZEN: Fichier Upload: D:\kerberos.htx\DarkComet\skins\mxskin71.skn (16,17 K/S -   16 556 bytes)
[15:09:31] - [93] VICTOR.POZEN: Début d'Upload de D:\kerberos.htx\DarkComet\skins\mxskin8.skn
[15:09:31] - [93] VICTOR.POZEN: Fichier Upload: D:\kerberos.htx\DarkComet\skins\mxskin8.skn (45,36 K/S -   46 448 bytes)
[15:09:31] - [92] VICTOR.POZEN: Début d'Upload de D:\kerberos.htx\DarkComet\skins\mxskin9.skn
[15:09:31] - [92] VICTOR.POZEN: Fichier Upload: D:\kerberos.htx\DarkComet\skins\mxskin9.skn (14,14 K/S -   14 480 bytes)
[15:09:32] - [93] VICTOR.POZEN: Début d'Upload de D:\kerberos.htx\DarkComet\skins\Office 2007.skn
[15:09:32] - [93] VICTOR.POZEN: Fichier Upload: D:\kerberos.htx\DarkComet\skins\Office 2007.skn (33,27 K/S -   34 071 bytes)
[15:09:32] - [92] VICTOR.POZEN: Début d'Upload de D:\kerberos.htx\DarkComet\skins\office2003.skn
[15:09:32] - [92] VICTOR.POZEN: Fichier Upload: D:\kerberos.htx\DarkComet\skins\office2003.skn (36,54 K/S -   37 416 bytes)
[15:09:32] - [93] VICTOR.POZEN: Début d'Upload de D:\kerberos.htx\DarkComet\skins\ONatural-BLUE.skn
[15:09:32] - [93] VICTOR.POZEN: Fichier Upload: D:\kerberos.htx\DarkComet\skins\ONatural-BLUE.skn (10,51 K/S -   10 760 bytes)
[15:09:32] - [92] VICTOR.POZEN: Début d'Upload de D:\kerberos.htx\DarkComet\skins\OpusOS-BLUEB2.skn
[15:09:32] - [92] VICTOR.POZEN: Fichier Upload: D:\kerberos.htx\DarkComet\skins\OpusOS-BLUEB2.skn (19,15 K/S -   19 606 bytes)
[15:09:32] - [93] VICTOR.POZEN: Début d'Upload de D:\kerberos.htx\DarkComet\skins\OpusOS-DEEP2.skn
[15:09:32] - [93] VICTOR.POZEN: Fichier Upload: D:\kerberos.htx\DarkComet\skins\OpusOS-DEEP2.skn (18,49 K/S -   18 932 bytes)
[15:09:32] - [92] VICTOR.POZEN: Début d'Upload de D:\kerberos.htx\DarkComet\skins\OpusOS-OLIVE.skn
[15:09:32] - [92] VICTOR.POZEN: Fichier Upload: D:\kerberos.htx\DarkComet\skins\OpusOS-OLIVE.skn (18,71 K/S -   19 164 bytes)
[15:09:32] - [93] VICTOR.POZEN: Début d'Upload de D:\kerberos.htx\DarkComet\skins\Plex Style-PLEX.skn
[15:09:32] - [93] VICTOR.POZEN: Fichier Upload: D:\kerberos.htx\DarkComet\skins\Plex Style-PLEX.skn (45,19 K/S -   46 275 bytes)
[15:09:32] - [92] VICTOR.POZEN: Début d'Upload de D:\kerberos.htx\DarkComet\skins\Plex Style-PLEXM6SVR.skn
[15:09:32] - [92] VICTOR.POZEN: Fichier Upload: D:\kerberos.htx\DarkComet\skins\Plex Style-PLEXM6SVR.skn (35,06 K/S -   35 900 bytes)
[15:09:33] - [93] VICTOR.POZEN: Début d'Upload de D:\kerberos.htx\DarkComet\skins\RoueGrey-SLIM.skn
[15:09:33] - [93] VICTOR.POZEN: Fichier Upload: D:\kerberos.htx\DarkComet\skins\RoueGrey-SLIM.skn (15,42 K/S -   15 788 bytes)
[15:09:33] - [92] VICTOR.POZEN: Début d'Upload de D:\kerberos.htx\DarkComet\skins\RoueOlive-SLIM.skn
[15:09:33] - [92] VICTOR.POZEN: Fichier Upload: D:\kerberos.htx\DarkComet\skins\RoueOlive-SLIM.skn (19,40 K/S -   19 868 bytes)
[15:09:33] - [93] VICTOR.POZEN: Début d'Upload de D:\kerberos.htx\DarkComet\skins\RoueSteel-SLIM.skn
[15:09:33] - [93] VICTOR.POZEN: Fichier Upload: D:\kerberos.htx\DarkComet\skins\RoueSteel-SLIM.skn (19,47 K/S -   19 936 bytes)
[15:09:33] - [92] VICTOR.POZEN: Début d'Upload de D:\kerberos.htx\DarkComet\skins\Royale Glass-GRAPHITE.skn
[15:09:33] - [92] VICTOR.POZEN: Fichier Upload: D:\kerberos.htx\DarkComet\skins\Royale Glass-GRAPHITE.skn (30,26 K/S -   30 985 bytes)
[15:09:33] - [93] VICTOR.POZEN: Début d'Upload de D:\kerberos.htx\DarkComet\skins\Royale Glass-INDIGO.skn
[15:09:33] - [93] VICTOR.POZEN: Fichier Upload: D:\kerberos.htx\DarkComet\skins\Royale Glass-INDIGO.skn (30,49 K/S -   31 224 bytes)
[15:09:33] - [92] VICTOR.POZEN: Début d'Upload de D:\kerberos.htx\DarkComet\skins\Royale1-BLUE.skn
[15:09:33] - [92] VICTOR.POZEN: Fichier Upload: D:\kerberos.htx\DarkComet\skins\Royale1-BLUE.skn (29,08 K/S -   29 783 bytes)
[15:09:33] - [93] VICTOR.POZEN: Début d'Upload de D:\kerberos.htx\DarkComet\skins\Royale1-HOMESTEAD.skn
[15:09:33] - [93] VICTOR.POZEN: Fichier Upload: D:\kerberos.htx\DarkComet\skins\Royale1-HOMESTEAD.skn (27,80 K/S -   28 470 bytes)
[15:09:33] - [92] VICTOR.POZEN: Début d'Upload de D:\kerberos.htx\DarkComet\skins\Royale1-METALLIC.skn
[15:09:33] - [92] VICTOR.POZEN: Fichier Upload: D:\kerberos.htx\DarkComet\skins\Royale1-METALLIC.skn (26,30 K/S -   26 935 bytes)
[15:09:34] - [93] VICTOR.POZEN: Début d'Upload de D:\kerberos.htx\DarkComet\skins\Samui-SAMUI.skn
[15:09:34] - [93] VICTOR.POZEN: Fichier Upload: D:\kerberos.htx\DarkComet\skins\Samui-SAMUI.skn (54,08 K/S -   55 380 bytes)
[15:09:34] - [92] VICTOR.POZEN: Début d'Upload de D:\kerberos.htx\DarkComet\skins\Samui-SAMUI22.skn
[15:09:34] - [92] VICTOR.POZEN: Fichier Upload: D:\kerberos.htx\DarkComet\skins\Samui-SAMUI22.skn (32,00 K/S -   32 765 bytes)
[15:09:34] - [93] VICTOR.POZEN: Début d'Upload de D:\kerberos.htx\DarkComet\skins\solaris99.skn
[15:09:34] - [93] VICTOR.POZEN: Fichier Upload: D:\kerberos.htx\DarkComet\skins\solaris99.skn (10,77 K/S -   11 024 bytes)
[15:09:34] - [92] VICTOR.POZEN: Début d'Upload de D:\kerberos.htx\DarkComet\skins\Spoof extensions\Spoofer.exe
[15:09:34] - [93] VICTOR.POZEN: Début d'Upload de D:\kerberos.htx\DarkComet\skins\Sustenance-BLUE.skn
[15:09:34] - [93] VICTOR.POZEN: Fichier Upload: D:\kerberos.htx\DarkComet\skins\Sustenance-BLUE.skn (36,80 K/S -   37 686 bytes)
[15:09:34] - [93] VICTOR.POZEN: Début d'Upload de D:\kerberos.htx\DarkComet\skins\Sustenance-ERGO.skn
[15:09:34] - [93] VICTOR.POZEN: Fichier Upload: D:\kerberos.htx\DarkComet\skins\Sustenance-ERGO.skn (37,18 K/S -   38 069 bytes)
[15:09:35] - [93] VICTOR.POZEN: Début d'Upload de D:\kerberos.htx\DarkComet\skins\Sustenance-METALLIC.skn
[15:09:35] - [93] VICTOR.POZEN: Fichier Upload: D:\kerberos.htx\DarkComet\skins\Sustenance-METALLIC.skn (27,54 K/S -   28 196 bytes)
[15:09:35] - [92] VICTOR.POZEN: Fichier Upload: D:\kerberos.htx\DarkComet\skins\Spoof extensions\Spoofer.exe (2 029,00 K/S -  2 077 696 bytes)
[15:09:35] - [92] VICTOR.POZEN: Début d'Upload de D:\kerberos.htx\DarkComet\skins\Sustenance-OLIVE.skn
[15:09:35] - [92] VICTOR.POZEN: Fichier Upload: D:\kerberos.htx\DarkComet\skins\Sustenance-OLIVE.skn (31,90 K/S -   32 662 bytes)
[15:09:35] - [93] VICTOR.POZEN: Début d'Upload de D:\kerberos.htx\DarkComet\skins\Sustenance-SLATE.skn
[15:09:35] - [93] VICTOR.POZEN: Fichier Upload: D:\kerberos.htx\DarkComet\skins\Sustenance-SLATE.skn (26,40 K/S -   27 031 bytes)
[15:09:35] - [92] VICTOR.POZEN: Début d'Upload de D:\kerberos.htx\DarkComet\skins\System4-BLACK2.skn
[15:09:35] - [92] VICTOR.POZEN: Fichier Upload: D:\kerberos.htx\DarkComet\skins\System4-BLACK2.skn (16,75 K/S -   17 148 bytes)
[15:09:35] - [93] VICTOR.POZEN: Début d'Upload de D:\kerberos.htx\DarkComet\skins\System4-BLUE.skn
[15:09:35] - [93] VICTOR.POZEN: Fichier Upload: D:\kerberos.htx\DarkComet\skins\System4-BLUE.skn (16,48 K/S -   16 878 bytes)
[15:09:35] - [92] VICTOR.POZEN: Début d'Upload de D:\kerberos.htx\DarkComet\skins\TangoXP-BLUE.skn
[15:09:35] - [92] VICTOR.POZEN: Fichier Upload: D:\kerberos.htx\DarkComet\skins\TangoXP-BLUE.skn (13,40 K/S -   13 717 bytes)
[15:09:35] - [93] VICTOR.POZEN: Début d'Upload de D:\kerberos.htx\DarkComet\skins\TangoXP-OLIVE.skn
[15:09:35] - [93] VICTOR.POZEN: Fichier Upload: D:\kerberos.htx\DarkComet\skins\TangoXP-OLIVE.skn (13,40 K/S -   13 724 bytes)
[15:09:35] - [92] VICTOR.POZEN: Début d'Upload de D:\kerberos.htx\DarkComet\skins\TD 4-PANTHER.skn
[15:09:36] - [92] VICTOR.POZEN: Fichier Upload: D:\kerberos.htx\DarkComet\skins\TD 4-PANTHER.skn (41,94 K/S -   42 948 bytes)
[15:09:36] - [93] VICTOR.POZEN: Début d'Upload de D:\kerberos.htx\DarkComet\skins\Tiger-WINDOWB.skn
[15:09:36] - [93] VICTOR.POZEN: Fichier Upload: D:\kerberos.htx\DarkComet\skins\Tiger-WINDOWB.skn (43,63 K/S -   44 677 bytes)
[15:09:36] - [92] VICTOR.POZEN: Début d'Upload de D:\kerberos.htx\DarkComet\skins\Tiger-WINDOWG.skn
[15:09:36] - [92] VICTOR.POZEN: Fichier Upload: D:\kerberos.htx\DarkComet\skins\Tiger-WINDOWG.skn (42,10 K/S -   43 114 bytes)
[15:09:36] - [93] VICTOR.POZEN: Début d'Upload de D:\kerberos.htx\DarkComet\skins\Tiger2-TGR.skn
[15:09:36] - [93] VICTOR.POZEN: Fichier Upload: D:\kerberos.htx\DarkComet\skins\Tiger2-TGR.skn (44,26 K/S -   45 324 bytes)
[15:09:36] - [92] VICTOR.POZEN: Début d'Upload de D:\kerberos.htx\DarkComet\skins\Tiger2-TGRPS.skn
[15:09:36] - [93] VICTOR.POZEN: Début d'Upload de D:\kerberos.htx\DarkComet\skins\VistaXP-VISTAXPB2.skn
[15:09:36] - [92] VICTOR.POZEN: Fichier Upload: D:\kerberos.htx\DarkComet\skins\Tiger2-TGRPS.skn (35,24 K/S -   36 081 bytes)
[15:09:36] - [93] VICTOR.POZEN: Fichier Upload: D:\kerberos.htx\DarkComet\skins\VistaXP-VISTAXPB2.skn (61,43 K/S -   62 905 bytes)
[15:09:36] - [92] VICTOR.POZEN: Début d'Upload de D:\kerberos.htx\DarkComet\skins\VistaXP-VISTAXPS2.skn
[15:09:36] - [93] VICTOR.POZEN: Début d'Upload de D:\kerberos.htx\DarkComet\skins\Watercolor-BLUE.skn
[15:09:36] - [93] VICTOR.POZEN: Fichier Upload: D:\kerberos.htx\DarkComet\skins\Watercolor-BLUE.skn (17,71 K/S -   18 137 bytes)
[15:09:36] - [92] VICTOR.POZEN: Fichier Upload: D:\kerberos.htx\DarkComet\skins\VistaXP-VISTAXPS2.skn (55,96 K/S -   57 304 bytes)
[15:09:37] - [92] VICTOR.POZEN: Début d'Upload de D:\kerberos.htx\DarkComet\skins\wmpx-XMP2.skn
[15:09:37] - [93] VICTOR.POZEN: Début d'Upload de D:\kerberos.htx\DarkComet\skins\wmpx-XMPX3.skn
[15:09:37] - [92] VICTOR.POZEN: Fichier Upload: D:\kerberos.htx\DarkComet\skins\wmpx-XMP2.skn (28,25 K/S -   28 929 bytes)
[15:09:37] - [93] VICTOR.POZEN: Fichier Upload: D:\kerberos.htx\DarkComet\skins\wmpx-XMPX3.skn (25,07 K/S -   25 672 bytes)
[15:09:37] - [92] VICTOR.POZEN: Début d'Upload de D:\kerberos.htx\DarkComet\skins\Xplorer.skn
[15:09:37] - [92] VICTOR.POZEN: Fichier Upload: D:\kerberos.htx\DarkComet\skins\Xplorer.skn (28,38 K/S -   29 066 bytes)
[15:09:37] - [93] VICTOR.POZEN: Début d'Upload de D:\kerberos.htx\DarkComet\sqlite3.dll
[15:09:37] - [93] VICTOR.POZEN: Fichier Upload: D:\kerberos.htx\DarkComet\sqlite3.dll (510,50 K/S -   522 752 bytes)
[15:09:37] - [92] VICTOR.POZEN: Début d'Upload de D:\kerberos.htx\spark_2_7_3.exe
[15:09:56] - [92] VICTOR.POZEN: Fichier Upload: D:\kerberos.htx\spark_2_7_3.exe (3 163,10 K/S -  61 541 888 bytes)
[15:10:00] - [93] Client 90.6.49.146 Déconnecté (00:00:53 Min)
[15:10:00] - [92] Client 90.6.49.146 Déconnecté (00:00:53 Min)
[15:10:00] - [91] Client 90.6.49.146 Déconnecté (00:01:07 Min)
[15:12:24] - [94] Connecté à 90.6.49.146. Collecte du Nom d'utilisateur.
[15:12:24] - [94] Usager VICTOR.POZEN Connecté IP: 90.6.49.146
[15:12:24] - [94] VICTOR.POZEN: Répertoire en Cours: D:\kerberos.htx\
[15:12:24] - [94] VICTOR.POZEN: Répertoire en Cours: D:\kerberos.htx\
[15:33:04] - Serveur Démarré
[15:33:04] - FTP Port: 21
[15:33:19] - [1] Connecté à 90.6.49.146. Collecte du Nom d'utilisateur.
[15:33:19] - [1] Usager VICTOR.POZEN Connecté IP: 90.6.49.146
[15:33:19] - [1] VICTOR.POZEN: Répertoire en Cours: D:\kerberos.htx\
[15:33:19] - [1] VICTOR.POZEN: Répertoire en Cours: D:\kerberos.htx\
[18:19:44] - [2] Connecté à 91.192.66.221. Collecte du Nom d'utilisateur.
[18:19:45] - [2] Authentification Incorrect: Utilisateur SYSTEM IP: 91.192.66.221
[18:19:45] - [2] Client 91.192.66.221 Déconnecté (00:00:01 Min)
[20:27:48] - [3] Connecté à 90.6.49.146. Collecte du Nom d'utilisateur.
[20:27:48] - [3] Usager VICTOR.POZEN Connecté IP: 90.6.49.146
[20:27:48] - [3] VICTOR.POZEN: Répertoire en Cours: D:\kerberos.htx\
[20:27:49] - [3] VICTOR.POZEN: Répertoire en Cours: D:\kerberos.htx\
[20:33:46] - [1] Client 90.6.49.146 Déconnecté (05:00:26 Min)
[21:28:29] - [3] VICTOR.POZEN: Début d'Upload de D:\kerberos.htx\link too look.txt
[21:28:29] - [3] VICTOR.POZEN: Fichier Upload: D:\kerberos.htx\link too look.txt (0,03 K/S -    32 bytes)
[21:28:59] - [4] Connecté à 90.6.49.146. Collecte du Nom d'utilisateur.
[21:28:59] - [4] Usager VICTOR.POZEN Connecté IP: 90.6.49.146
[21:28:59] - [4] VICTOR.POZEN: Répertoire en Cours: D:\kerberos.htx\
[21:29:04] - [4] VICTOR.POZEN: Début d'Upload de D:\kerberos.htx\Service Pack 4 (SP4) - Non-Officiel pour windows XP 32bits FR (Release 2).exe
[21:31:01] - [4] VICTOR.POZEN: Fichier Upload: D:\kerberos.htx\Service Pack 4 (SP4) - Non-Officiel pour windows XP 32bits FR (Release 2).exe (3 178,70 K/S -  380 837 530 bytes)
[21:31:32] - [4] Client 90.6.49.146 Déconnecté (00:02:33 Min)
[21:40:55] - [3] Client 90.6.49.146 Déconnecté (01:13:06 Min)
[22:36:06] - [5] Connecté à 90.6.49.146. Collecte du Nom d'utilisateur.
[22:36:06] - [5] Usager VICTOR.POZEN Connecté IP: 90.6.49.146
[22:36:06] - [5] VICTOR.POZEN: Répertoire en Cours: D:\kerberos.htx\
[22:36:06] - [5] VICTOR.POZEN: Répertoire en Cours: D:\kerberos.htx\
[22:47:11] - [6] Connecté à 90.6.49.146. Collecte du Nom d'utilisateur.
[22:47:11] - [6] Usager VICTOR.POZEN Connecté IP: 90.6.49.146
[22:47:11] - [6] VICTOR.POZEN: Répertoire en Cours: D:\kerberos.htx\
[22:47:44] - [6] Client 90.6.49.146 Déconnecté (00:00:33 Min)
