[12:10:10] - Serveur Démarré
[12:10:10] - FTP Port: 21
[13:10:52] - [1] Connecté à 71.6.167.142. Collecte du Nom d'utilisateur.
[13:10:55] - [1] Usager ANONYMOUS Connecté IP: 71.6.167.142
[13:10:55] - [1] Mot de Passe Incorrect: Utilisateur ANONYMOUS IP: 71.6.167.142
[13:11:23] - [1] Client 71.6.167.142 Déconnecté (00:00:30 Min)
[13:58:19] - [2] Connecté à 192.168.0.1. Collecte du Nom d'utilisateur.
[13:58:19] - [2] Usager MIRKO.POZEN Connecté IP: 192.168.0.1
[13:58:19] - [2] MIRKO.POZEN: Répertoire en Cours: D:\kerberos.htx\
[13:58:20] - [2] MIRKO.POZEN: Répertoire en Cours: D:\kerberos.htx\
[13:58:46] - [2] MIRKO.POZEN: Répertoire en Cours: D:\kerberos.htx\Hard Disk Sentinel\
[13:59:28] - [2] Client 192.168.0.1 Déconnecté (00:01:09 Min)
[14:01:56] - [3] Connecté à 192.168.0.1. Collecte du Nom d'utilisateur.
[14:01:57] - [3] Usager MIRKO.POZEN Connecté IP: 192.168.0.1
[14:01:57] - [3] MIRKO.POZEN: Répertoire en Cours: D:\kerberos.htx\
[14:01:57] - [3] MIRKO.POZEN: Répertoire en Cours: D:\kerberos.htx\
[14:02:21] - [3] MIRKO.POZEN: Répertoire en Cours: D:\kerberos.htx\Hard Disk Sentinel\
[14:02:21] - [4] Connecté à 192.168.0.1. Collecte du Nom d'utilisateur.
[14:02:21] - [5] Connecté à 192.168.0.1. Collecte du Nom d'utilisateur.
[14:02:21] - [4] Usager MIRKO.POZEN Connecté IP: 192.168.0.1
[14:02:21] - [4] MIRKO.POZEN: Répertoire en Cours: D:\kerberos.htx\
[14:02:21] - [5] Usager MIRKO.POZEN Connecté IP: 192.168.0.1
[14:02:21] - [5] MIRKO.POZEN: Répertoire en Cours: D:\kerberos.htx\
[14:02:22] - [4] MIRKO.POZEN: Répertoire en Cours: D:\kerberos.htx\Hard Disk Sentinel\
[14:02:22] - [5] MIRKO.POZEN: Répertoire en Cours: D:\kerberos.htx\Hard Disk Sentinel\
[14:02:22] - [4] MIRKO.POZEN: Début du Téléchargement de: D:\kerberos.htx\Hard Disk Sentinel\afaapi.dll
[14:02:22] - [5] MIRKO.POZEN: Début du Téléchargement de: D:\kerberos.htx\Hard Disk Sentinel\ar.lng
[14:02:22] - [5] MIRKO.POZEN: Fichier envoyé: D:\kerberos.htx\Hard Disk Sentinel\ar.lng (42,02 K/S -   43 030 bytes)
[14:02:22] - [5] MIRKO.POZEN: Début du Téléchargement de: D:\kerberos.htx\Hard Disk Sentinel\arpro.lng
[14:02:22] - [5] MIRKO.POZEN: Fichier envoyé: D:\kerberos.htx\Hard Disk Sentinel\arpro.lng (7,20 K/S -   7 376 bytes)
[14:02:22] - [5] MIRKO.POZEN: Début du Téléchargement de: D:\kerberos.htx\Hard Disk Sentinel\bc_vbdll.dll
[14:02:24] - [4] MIRKO.POZEN: Fichier envoyé: D:\kerberos.htx\Hard Disk Sentinel\afaapi.dll (227,38 K/S -   698 512 bytes)
[14:02:24] - [4] MIRKO.POZEN: Début du Téléchargement de: D:\kerberos.htx\Hard Disk Sentinel\be.lng
[14:02:24] - [4] MIRKO.POZEN: Fichier envoyé: D:\kerberos.htx\Hard Disk Sentinel\be.lng (52,19 K/S -   53 446 bytes)
[14:02:24] - [5] MIRKO.POZEN: Fichier envoyé: D:\kerberos.htx\Hard Disk Sentinel\bc_vbdll.dll (295,07 K/S -   604 304 bytes)
[14:02:24] - [4] MIRKO.POZEN: Début du Téléchargement de: D:\kerberos.htx\Hard Disk Sentinel\bepro.lng
[14:02:24] - [4] MIRKO.POZEN: Fichier envoyé: D:\kerberos.htx\Hard Disk Sentinel\bepro.lng (8,45 K/S -   8 648 bytes)
[14:02:24] - [5] MIRKO.POZEN: Début du Téléchargement de: D:\kerberos.htx\Hard Disk Sentinel\bg.lng
[14:02:24] - [5] MIRKO.POZEN: Fichier envoyé: D:\kerberos.htx\Hard Disk Sentinel\bg.lng (51,42 K/S -   52 657 bytes)
[14:02:24] - [4] MIRKO.POZEN: Début du Téléchargement de: D:\kerberos.htx\Hard Disk Sentinel\bgpro.lng
[14:02:24] - [4] MIRKO.POZEN: Fichier envoyé: D:\kerberos.htx\Hard Disk Sentinel\bgpro.lng (8,47 K/S -   8 676 bytes)
[14:02:24] - [5] MIRKO.POZEN: Début du Téléchargement de: D:\kerberos.htx\Hard Disk Sentinel\cn.lng
[14:02:25] - [5] MIRKO.POZEN: Fichier envoyé: D:\kerberos.htx\Hard Disk Sentinel\cn.lng (30,35 K/S -   31 075 bytes)
[14:02:25] - [4] MIRKO.POZEN: Début du Téléchargement de: D:\kerberos.htx\Hard Disk Sentinel\cnpro.lng
[14:02:25] - [4] MIRKO.POZEN: Fichier envoyé: D:\kerberos.htx\Hard Disk Sentinel\cnpro.lng (4,96 K/S -   5 084 bytes)
[14:02:25] - [5] MIRKO.POZEN: Début du Téléchargement de: D:\kerberos.htx\Hard Disk Sentinel\cz.lng
[14:02:25] - [5] MIRKO.POZEN: Fichier envoyé: D:\kerberos.htx\Hard Disk Sentinel\cz.lng (45,13 K/S -   46 208 bytes)
[14:02:25] - [4] MIRKO.POZEN: Début du Téléchargement de: D:\kerberos.htx\Hard Disk Sentinel\czpro.lng
[14:02:25] - [4] MIRKO.POZEN: Fichier envoyé: D:\kerberos.htx\Hard Disk Sentinel\czpro.lng (7,57 K/S -   7 755 bytes)
[14:02:25] - [5] MIRKO.POZEN: Début du Téléchargement de: D:\kerberos.htx\Hard Disk Sentinel\da.lng
[14:02:25] - [5] MIRKO.POZEN: Fichier envoyé: D:\kerberos.htx\Hard Disk Sentinel\da.lng (33,76 K/S -   34 569 bytes)
[14:02:25] - [5] MIRKO.POZEN: Début du Téléchargement de: D:\kerberos.htx\Hard Disk Sentinel\dapro.lng
[14:02:25] - [4] MIRKO.POZEN: Début du Téléchargement de: D:\kerberos.htx\Hard Disk Sentinel\de.lng
[14:02:25] - [5] MIRKO.POZEN: Fichier envoyé: D:\kerberos.htx\Hard Disk Sentinel\dapro.lng (7,95 K/S -   8 139 bytes)
[14:02:25] - [5] MIRKO.POZEN: Début du Téléchargement de: D:\kerberos.htx\Hard Disk Sentinel\depro.lng
[14:02:26] - [4] MIRKO.POZEN: Fichier envoyé: D:\kerberos.htx\Hard Disk Sentinel\de.lng (53,95 K/S -   55 241 bytes)
[14:02:26] - [5] MIRKO.POZEN: Fichier envoyé: D:\kerberos.htx\Hard Disk Sentinel\depro.lng (8,66 K/S -   8 863 bytes)
[14:02:26] - [4] MIRKO.POZEN: Début du Téléchargement de: D:\kerberos.htx\Hard Disk Sentinel\deta.dll
[14:02:26] - [5] MIRKO.POZEN: Début du Téléchargement de: D:\kerberos.htx\Hard Disk Sentinel\detect.dat
[14:02:26] - [4] MIRKO.POZEN: Fichier envoyé: D:\kerberos.htx\Hard Disk Sentinel\deta.dll (37,14 K/S -   38 032 bytes)
[14:02:26] - [4] MIRKO.POZEN: Début du Téléchargement de: D:\kerberos.htx\Hard Disk Sentinel\detect.dll
[14:02:32] - [5] MIRKO.POZEN: Fichier envoyé: D:\kerberos.htx\Hard Disk Sentinel\detect.dat (14,82 K/S -   91 026 bytes)
[14:02:32] - [5] MIRKO.POZEN: Début du Téléchargement de: D:\kerberos.htx\Hard Disk Sentinel\detjm.dll
[14:02:32] - [5] MIRKO.POZEN: Fichier envoyé: D:\kerberos.htx\Hard Disk Sentinel\detjm.dll (100,45 K/S -   102 856 bytes)
[14:02:32] - [4] MIRKO.POZEN: Fichier envoyé: D:\kerberos.htx\Hard Disk Sentinel\detect.dll (28,94 K/S -   177 808 bytes)
[14:02:33] - [5] MIRKO.POZEN: Début du Téléchargement de: D:\kerberos.htx\Hard Disk Sentinel\detp.dll
[14:02:33] - [4] MIRKO.POZEN: Début du Téléchargement de: D:\kerberos.htx\Hard Disk Sentinel\detpex.dlz
[14:02:33] - [5] MIRKO.POZEN: Fichier envoyé: D:\kerberos.htx\Hard Disk Sentinel\detp.dll (115,14 K/S -   117 904 bytes)
[14:02:33] - [5] MIRKO.POZEN: Début du Téléchargement de: D:\kerberos.htx\Hard Disk Sentinel\detrc.dll
[14:02:34] - [5] MIRKO.POZEN: Fichier envoyé: D:\kerberos.htx\Hard Disk Sentinel\detrc.dll (138,14 K/S -   141 456 bytes)
[14:02:34] - [5] MIRKO.POZEN: Début du Téléchargement de: D:\kerberos.htx\Hard Disk Sentinel\detw.dll
[14:02:35] - [5] MIRKO.POZEN: Fichier envoyé: D:\kerberos.htx\Hard Disk Sentinel\detw.dll (176,15 K/S -   180 376 bytes)
[14:02:35] - [5] MIRKO.POZEN: Début du Téléchargement de: D:\kerberos.htx\Hard Disk Sentinel\detw64.dll
[14:02:35] - [4] MIRKO.POZEN: Fichier envoyé: D:\kerberos.htx\Hard Disk Sentinel\detpex.dlz (338,34 K/S -   692 911 bytes)
[14:02:35] - [4] MIRKO.POZEN: Début du Téléchargement de: D:\kerberos.htx\Hard Disk Sentinel\DISKDATA_2.0_____Flash_Disk___5.00.hdd
[14:02:35] - [4] MIRKO.POZEN: Fichier envoyé: D:\kerberos.htx\Hard Disk Sentinel\DISKDATA_2.0_____Flash_Disk___5.00.hdd (0,47 K/S -    480 bytes)
[14:02:35] - [5] MIRKO.POZEN: Fichier envoyé: D:\kerberos.htx\Hard Disk Sentinel\detw64.dll (215,65 K/S -   220 824 bytes)
[14:02:36] - [5] MIRKO.POZEN: Début du Téléchargement de: D:\kerberos.htx\Hard Disk Sentinel\DISKDATA_2.0_____Flash_Disk___5.00_scsi.hdi
[14:02:36] - [5] MIRKO.POZEN: Fichier envoyé: D:\kerberos.htx\Hard Disk Sentinel\DISKDATA_2.0_____Flash_Disk___5.00_scsi.hdi (20,83 K/S -   21 332 bytes)
[14:02:36] - [4] MIRKO.POZEN: Début du Téléchargement de: D:\kerberos.htx\Hard Disk Sentinel\DISKDATA_Generic-_Compact_Flash_GENERIC_CF_READER01_1.01.hdd
[14:02:36] - [4] MIRKO.POZEN: Fichier envoyé: D:\kerberos.htx\Hard Disk Sentinel\DISKDATA_Generic-_Compact_Flash_GENERIC_CF_READER01_1.01.hdd (23,91 K/S -   24 480 bytes)
[14:02:36] - [5] MIRKO.POZEN: Début du Téléchargement de: D:\kerberos.htx\Hard Disk Sentinel\DISKDATA_Generic-_Compact_Flash_GENERIC_CF_READER01_1.01_scsi.hdi
[14:02:36] - [5] MIRKO.POZEN: Fichier envoyé: D:\kerberos.htx\Hard Disk Sentinel\DISKDATA_Generic-_Compact_Flash_GENERIC_CF_READER01_1.01_scsi.hdi (20,83 K/S -   21 332 bytes)
[14:02:36] - [4] MIRKO.POZEN: Début du Téléchargement de: D:\kerberos.htx\Hard Disk Sentinel\DISKDATA_Hitachi_HDS721050CLA362_JP5570HF2Z8MNP_JP2OA3EA.dat
[14:02:36] - [4] MIRKO.POZEN: Fichier envoyé: D:\kerberos.htx\Hard Disk Sentinel\DISKDATA_Hitachi_HDS721050CLA362_JP5570HF2Z8MNP_JP2OA3EA.dat (3,16 K/S -   3 234 bytes)
[14:02:36] - [5] MIRKO.POZEN: Début du Téléchargement de: D:\kerberos.htx\Hard Disk Sentinel\DISKDATA_Hitachi_HDS721050CLA362_JP5570HF2Z8MNP_JP2OA3EA.hdd
[14:02:36] - [5] MIRKO.POZEN: Fichier envoyé: D:\kerberos.htx\Hard Disk Sentinel\DISKDATA_Hitachi_HDS721050CLA362_JP5570HF2Z8MNP_JP2OA3EA.hdd (23,91 K/S -   24 480 bytes)
[14:02:36] - [4] MIRKO.POZEN: Début du Téléchargement de: D:\kerberos.htx\Hard Disk Sentinel\DISKDATA_Hitachi_HDS721050CLA362_JP5570HF2Z8MNP_JP2OA3EA.hdi
[14:02:36] - [4] MIRKO.POZEN: Fichier envoyé: D:\kerberos.htx\Hard Disk Sentinel\DISKDATA_Hitachi_HDS721050CLA362_JP5570HF2Z8MNP_JP2OA3EA.hdi (0,65 K/S -    662 bytes)
[14:02:36] - [5] MIRKO.POZEN: Début du Téléchargement de: D:\kerberos.htx\Hard Disk Sentinel\DISKDATA_Multiple_Flash_Reader_GENERIC_SD_READER01_1.05.hdd
[14:02:36] - [5] MIRKO.POZEN: Fichier envoyé: D:\kerberos.htx\Hard Disk Sentinel\DISKDATA_Multiple_Flash_Reader_GENERIC_SD_READER01_1.05.hdd (23,91 K/S -   24 480 bytes)
[14:02:36] - [4] MIRKO.POZEN: Début du Téléchargement de: D:\kerberos.htx\Hard Disk Sentinel\DISKDATA_Multiple_Flash_Reader_GENERIC_SD_READER01_1.05_scsi.hdi
[14:02:36] - [4] MIRKO.POZEN: Fichier envoyé: D:\kerberos.htx\Hard Disk Sentinel\DISKDATA_Multiple_Flash_Reader_GENERIC_SD_READER01_1.05_scsi.hdi (20,83 K/S -   21 332 bytes)
[14:02:36] - [5] MIRKO.POZEN: Début du Téléchargement de: D:\kerberos.htx\Hard Disk Sentinel\DriveAddRemoveLog.txt
[14:02:36] - [5] MIRKO.POZEN: Fichier envoyé: D:\kerberos.htx\Hard Disk Sentinel\DriveAddRemoveLog.txt (0,13 K/S -    136 bytes)
[14:02:37] - [4] MIRKO.POZEN: Début du Téléchargement de: D:\kerberos.htx\Hard Disk Sentinel\du.lng
[14:02:37] - [5] MIRKO.POZEN: Début du Téléchargement de: D:\kerberos.htx\Hard Disk Sentinel\dupro.lng
[14:02:37] - [5] MIRKO.POZEN: Fichier envoyé: D:\kerberos.htx\Hard Disk Sentinel\dupro.lng (8,49 K/S -   8 698 bytes)
[14:02:37] - [4] MIRKO.POZEN: Fichier envoyé: D:\kerberos.htx\Hard Disk Sentinel\du.lng (51,45 K/S -   52 681 bytes)
[14:02:37] - [4] MIRKO.POZEN: Début du Téléchargement de: D:\kerberos.htx\Hard Disk Sentinel\en.chm
[14:02:37] - [5] MIRKO.POZEN: Début du Téléchargement de: D:\kerberos.htx\Hard Disk Sentinel\en.lng
[14:02:37] - [5] MIRKO.POZEN: Fichier envoyé: D:\kerberos.htx\Hard Disk Sentinel\en.lng (47,34 K/S -   48 472 bytes)
[14:02:37] - [5] MIRKO.POZEN: Début du Téléchargement de: D:\kerberos.htx\Hard Disk Sentinel\enpro.lng
[14:02:37] - [5] MIRKO.POZEN: Fichier envoyé: D:\kerberos.htx\Hard Disk Sentinel\enpro.lng (7,75 K/S -   7 939 bytes)
[14:02:38] - [5] MIRKO.POZEN: Début du Téléchargement de: D:\kerberos.htx\Hard Disk Sentinel\fi.chm
[14:02:41] - [4] MIRKO.POZEN: Fichier envoyé: D:\kerberos.htx\Hard Disk Sentinel\en.chm (501,93 K/S -  1 541 923 bytes)
[14:02:41] - [4] MIRKO.POZEN: Début du Téléchargement de: D:\kerberos.htx\Hard Disk Sentinel\fi.lng
[14:02:41] - [4] MIRKO.POZEN: Fichier envoyé: D:\kerberos.htx\Hard Disk Sentinel\fi.lng (48,84 K/S -   50 016 bytes)
[14:02:41] - [4] MIRKO.POZEN: Début du Téléchargement de: D:\kerberos.htx\Hard Disk Sentinel\fipro.lng
[14:02:41] - [4] MIRKO.POZEN: Fichier envoyé: D:\kerberos.htx\Hard Disk Sentinel\fipro.lng (8,30 K/S -   8 502 bytes)
[14:02:41] - [4] MIRKO.POZEN: Début du Téléchargement de: D:\kerberos.htx\Hard Disk Sentinel\fnp_act_installer.dll
[14:02:42] - [5] MIRKO.POZEN: Fichier envoyé: D:\kerberos.htx\Hard Disk Sentinel\fi.chm (382,16 K/S -  1 565 319 bytes)
[14:02:42] - [5] MIRKO.POZEN: Début du Téléchargement de: D:\kerberos.htx\Hard Disk Sentinel\fr.lng
[14:02:42] - [5] MIRKO.POZEN: Fichier envoyé: D:\kerberos.htx\Hard Disk Sentinel\fr.lng (55,00 K/S -   56 316 bytes)
[14:02:42] - [5] MIRKO.POZEN: Début du Téléchargement de: D:\kerberos.htx\Hard Disk Sentinel\frpro.lng
[14:02:42] - [5] MIRKO.POZEN: Fichier envoyé: D:\kerberos.htx\Hard Disk Sentinel\frpro.lng (9,34 K/S -   9 566 bytes)
[14:02:42] - [5] MIRKO.POZEN: Début du Téléchargement de: D:\kerberos.htx\Hard Disk Sentinel\gr.lng
[14:02:42] - [5] MIRKO.POZEN: Fichier envoyé: D:\kerberos.htx\Hard Disk Sentinel\gr.lng (41,76 K/S -   42 761 bytes)
[14:02:42] - [4] MIRKO.POZEN: Fichier envoyé: D:\kerberos.htx\Hard Disk Sentinel\fnp_act_installer.dll (384,64 K/S -   393 872 bytes)
[14:02:43] - [4] MIRKO.POZEN: Début du Téléchargement de: D:\kerberos.htx\Hard Disk Sentinel\grpro.lng
[14:02:43] - [4] MIRKO.POZEN: Fichier envoyé: D:\kerberos.htx\Hard Disk Sentinel\grpro.lng (9,35 K/S -   9 578 bytes)
[14:02:43] - [5] MIRKO.POZEN: Début du Téléchargement de: D:\kerberos.htx\Hard Disk Sentinel\harddisksentinelupdate.exe
[14:02:44] - [4] MIRKO.POZEN: Début du Téléchargement de: D:\kerberos.htx\Hard Disk Sentinel\hdd.jpg
[14:02:44] - [4] MIRKO.POZEN: Fichier envoyé: D:\kerberos.htx\Hard Disk Sentinel\hdd.jpg (10,04 K/S -   10 279 bytes)
[14:02:44] - [4] MIRKO.POZEN: Début du Téléchargement de: D:\kerberos.htx\Hard Disk Sentinel\HDnotify.wav
[14:02:44] - [5] MIRKO.POZEN: Fichier envoyé: D:\kerberos.htx\Hard Disk Sentinel\harddisksentinelupdate.exe (140,82 K/S -   288 400 bytes)
[14:02:44] - [4] MIRKO.POZEN: Fichier envoyé: D:\kerberos.htx\Hard Disk Sentinel\HDnotify.wav (22,91 K/S -   23 456 bytes)
[14:02:44] - [5] MIRKO.POZEN: Début du Téléchargement de: D:\kerberos.htx\Hard Disk Sentinel\HDSAction.exe
[14:02:47] - [4] MIRKO.POZEN: Début du Téléchargement de: D:\kerberos.htx\Hard Disk Sentinel\HDSCtrl.exe
[14:02:48] - [4] MIRKO.POZEN: Fichier envoyé: D:\kerberos.htx\Hard Disk Sentinel\HDSCtrl.exe (118,07 K/S -   241 808 bytes)
[14:02:48] - [4] MIRKO.POZEN: Début du Téléchargement de: D:\kerberos.htx\Hard Disk Sentinel\HDSentinel.exe
[14:02:51] - [5] MIRKO.POZEN: Fichier envoyé: D:\kerberos.htx\Hard Disk Sentinel\HDSAction.exe (105,23 K/S -   754 320 bytes)
[14:02:52] - [5] MIRKO.POZEN: Début du Téléchargement de: D:\kerberos.htx\Hard Disk Sentinel\HDSentinel.exe.BAK
[14:03:03] - [4] MIRKO.POZEN: Fichier envoyé: D:\kerberos.htx\Hard Disk Sentinel\HDSentinel.exe (290,38 K/S -  4 460 176 bytes)
[14:03:03] - [4] MIRKO.POZEN: Début du Téléchargement de: D:\kerberos.htx\Hard Disk Sentinel\HDSentinel.hdk
[14:03:03] - [4] MIRKO.POZEN: Fichier envoyé: D:\kerberos.htx\Hard Disk Sentinel\HDSentinel.hdk (0,51 K/S -    520 bytes)
[14:03:03] - [4] MIRKO.POZEN: Début du Téléchargement de: D:\kerberos.htx\Hard Disk Sentinel\HDSentinel.hds
[14:03:03] - [4] MIRKO.POZEN: Fichier envoyé: D:\kerberos.htx\Hard Disk Sentinel\HDSentinel.hds (0,51 K/S -    520 bytes)
[14:03:03] - [4] MIRKO.POZEN: Début du Téléchargement de: D:\kerberos.htx\Hard Disk Sentinel\HDSentinel.ini
[14:03:03] - [4] MIRKO.POZEN: Fichier envoyé: D:\kerberos.htx\Hard Disk Sentinel\HDSentinel.ini (5,17 K/S -   5 294 bytes)
[14:03:04] - [5] MIRKO.POZEN: Fichier envoyé: D:\kerberos.htx\Hard Disk Sentinel\HDSentinel.exe.BAK (362,97 K/S -  4 460 176 bytes)
[14:03:04] - [5] MIRKO.POZEN: Début du Téléchargement de: D:\kerberos.htx\Hard Disk Sentinel\HDSentinel.sta
[14:03:04] - [5] MIRKO.POZEN: Fichier envoyé: D:\kerberos.htx\Hard Disk Sentinel\HDSentinel.sta (1,95 K/S -   1 993 bytes)
[14:03:04] - [4] MIRKO.POZEN: Début du Téléchargement de: D:\kerberos.htx\Hard Disk Sentinel\HDSentinel.sys
[14:03:04] - [4] MIRKO.POZEN: Fichier envoyé: D:\kerberos.htx\Hard Disk Sentinel\HDSentinel.sys (9,96 K/S -   10 200 bytes)
[14:03:04] - [5] MIRKO.POZEN: Début du Téléchargement de: D:\kerberos.htx\Hard Disk Sentinel\hdsentinel.vsh
[14:03:04] - [5] MIRKO.POZEN: Fichier envoyé: D:\kerberos.htx\Hard Disk Sentinel\hdsentinel.vsh (8,19 K/S -   8 390 bytes)
[14:03:04] - [4] MIRKO.POZEN: Début du Téléchargement de: D:\kerberos.htx\Hard Disk Sentinel\hdsentinel.vsx
[14:03:04] - [4] MIRKO.POZEN: Fichier envoyé: D:\kerberos.htx\Hard Disk Sentinel\hdsentinel.vsx (0,67 K/S -    686 bytes)
[14:03:04] - [5] MIRKO.POZEN: Début du Téléchargement de: D:\kerberos.htx\Hard Disk Sentinel\HDSentinelTray.exe
[14:03:11] - [3] MIRKO.POZEN: Répertoire en Cours: D:\kerberos.htx\
[14:03:11] - [3] MIRKO.POZEN: Répertoire en Cours: D:\kerberos.htx\exe\
[14:03:11] - [4] MIRKO.POZEN: Début du Téléchargement de: D:\kerberos.htx\Hard Disk Sentinel\HDsirena.mp3
[14:03:12] - [4] MIRKO.POZEN: Fichier envoyé: D:\kerberos.htx\Hard Disk Sentinel\HDsirena.mp3 (57,68 K/S -   59 066 bytes)
[14:03:12] - [4] MIRKO.POZEN: Début du Téléchargement de: D:\kerberos.htx\Hard Disk Sentinel\hdsversion.txt
[14:03:12] - [4] MIRKO.POZEN: Fichier envoyé: D:\kerberos.htx\Hard Disk Sentinel\hdsversion.txt (0,01 K/S -    11 bytes)
[14:03:12] - [5] MIRKO.POZEN: Fichier envoyé: D:\kerberos.htx\Hard Disk Sentinel\HDSentinelTray.exe (33,02 K/S -   270 480 bytes)
[14:03:12] - [5] MIRKO.POZEN: Début du Téléchargement de: D:\kerberos.htx\Hard Disk Sentinel\hds_eula_en.txt
[14:03:12] - [4] MIRKO.POZEN: Début du Téléchargement de: D:\kerberos.htx\Hard Disk Sentinel\hds_eula_hu.txt
[14:03:12] - [4] MIRKO.POZEN: Fichier envoyé: D:\kerberos.htx\Hard Disk Sentinel\hds_eula_hu.txt (9,86 K/S -   10 097 bytes)
[14:03:12] - [5] MIRKO.POZEN: Fichier envoyé: D:\kerberos.htx\Hard Disk Sentinel\hds_eula_en.txt (11,25 K/S -   11 521 bytes)
[14:03:12] - [5] MIRKO.POZEN: Début du Téléchargement de: D:\kerberos.htx\Hard Disk Sentinel\hu.chm
[14:03:12] - [4] MIRKO.POZEN: Début du Téléchargement de: D:\kerberos.htx\Hard Disk Sentinel\hu.lng
[14:03:13] - [4] MIRKO.POZEN: Fichier envoyé: D:\kerberos.htx\Hard Disk Sentinel\hu.lng (50,08 K/S -   51 281 bytes)
[14:03:13] - [4] MIRKO.POZEN: Début du Téléchargement de: D:\kerberos.htx\Hard Disk Sentinel\hupro.lng
[14:03:13] - [4] MIRKO.POZEN: Fichier envoyé: D:\kerberos.htx\Hard Disk Sentinel\hupro.lng (8,42 K/S -   8 623 bytes)
[14:03:13] - [4] MIRKO.POZEN: Début du Téléchargement de: D:\kerberos.htx\Hard Disk Sentinel\id.lng
[14:03:13] - [4] MIRKO.POZEN: Fichier envoyé: D:\kerberos.htx\Hard Disk Sentinel\id.lng (49,77 K/S -   50 968 bytes)
[14:03:13] - [4] MIRKO.POZEN: Début du Téléchargement de: D:\kerberos.htx\Hard Disk Sentinel\idpro.lng
[14:03:13] - [4] MIRKO.POZEN: Fichier envoyé: D:\kerberos.htx\Hard Disk Sentinel\idpro.lng (8,53 K/S -   8 738 bytes)
[14:03:13] - [4] MIRKO.POZEN: Début du Téléchargement de: D:\kerberos.htx\Hard Disk Sentinel\it.chm
[14:03:16] - [5] MIRKO.POZEN: Fichier envoyé: D:\kerberos.htx\Hard Disk Sentinel\hu.chm (375,32 K/S -  1 537 327 bytes)
[14:03:16] - [5] MIRKO.POZEN: Début du Téléchargement de: D:\kerberos.htx\Hard Disk Sentinel\it.lng
[14:03:16] - [5] MIRKO.POZEN: Fichier envoyé: D:\kerberos.htx\Hard Disk Sentinel\it.lng (51,54 K/S -   52 774 bytes)
[14:03:16] - [5] MIRKO.POZEN: Début du Téléchargement de: D:\kerberos.htx\Hard Disk Sentinel\itpro.lng
[14:03:16] - [5] MIRKO.POZEN: Fichier envoyé: D:\kerberos.htx\Hard Disk Sentinel\itpro.lng (8,74 K/S -   8 951 bytes)
[14:03:16] - [5] MIRKO.POZEN: Début du Téléchargement de: D:\kerberos.htx\Hard Disk Sentinel\jp.lng
[14:03:17] - [5] MIRKO.POZEN: Fichier envoyé: D:\kerberos.htx\Hard Disk Sentinel\jp.lng (46,25 K/S -   47 355 bytes)
[14:03:17] - [5] MIRKO.POZEN: Début du Téléchargement de: D:\kerberos.htx\Hard Disk Sentinel\jppro.lng
[14:03:17] - [5] MIRKO.POZEN: Fichier envoyé: D:\kerberos.htx\Hard Disk Sentinel\jppro.lng (8,04 K/S -   8 237 bytes)
[14:03:17] - [4] MIRKO.POZEN: Fichier envoyé: D:\kerberos.htx\Hard Disk Sentinel\it.chm (362,87 K/S -  1 486 326 bytes)
[14:03:17] - [4] MIRKO.POZEN: Début du Téléchargement de: D:\kerberos.htx\Hard Disk Sentinel\libeay32.dll
[14:03:17] - [5] MIRKO.POZEN: Début du Téléchargement de: D:\kerberos.htx\Hard Disk Sentinel\libxml2.dll
[14:03:18] - [5] MIRKO.POZEN: Fichier envoyé: D:\kerberos.htx\Hard Disk Sentinel\libxml2.dll (227,64 K/S -   233 104 bytes)
[14:03:18] - [5] MIRKO.POZEN: Début du Téléchargement de: D:\kerberos.htx\Hard Disk Sentinel\log.txt
[14:03:18] - [5] MIRKO.POZEN: Fichier envoyé: D:\kerberos.htx\Hard Disk Sentinel\log.txt (9,73 K/S -   9 968 bytes)
[14:03:18] - [5] MIRKO.POZEN: Début du Téléchargement de: D:\kerberos.htx\Hard Disk Sentinel\mk.lng
[14:03:19] - [5] MIRKO.POZEN: Fichier envoyé: D:\kerberos.htx\Hard Disk Sentinel\mk.lng (51,87 K/S -   53 112 bytes)
[14:03:19] - [5] MIRKO.POZEN: Début du Téléchargement de: D:\kerberos.htx\Hard Disk Sentinel\mkpro.lng
[14:03:19] - [5] MIRKO.POZEN: Fichier envoyé: D:\kerberos.htx\Hard Disk Sentinel\mkpro.lng (8,76 K/S -   8 971 bytes)
[14:03:19] - [5] MIRKO.POZEN: Début du Téléchargement de: D:\kerberos.htx\Hard Disk Sentinel\pl.chm
[14:03:21] - [4] MIRKO.POZEN: Fichier envoyé: D:\kerberos.htx\Hard Disk Sentinel\libeay32.dll (505,56 K/S -  1 553 072 bytes)
[14:03:21] - [4] MIRKO.POZEN: Début du Téléchargement de: D:\kerberos.htx\Hard Disk Sentinel\pl.lng
[14:03:21] - [4] MIRKO.POZEN: Fichier envoyé: D:\kerberos.htx\Hard Disk Sentinel\pl.lng (51,94 K/S -   53 184 bytes)
[14:03:21] - [4] MIRKO.POZEN: Début du Téléchargement de: D:\kerberos.htx\Hard Disk Sentinel\plpro.lng
[14:03:21] - [4] MIRKO.POZEN: Fichier envoyé: D:\kerberos.htx\Hard Disk Sentinel\plpro.lng (8,65 K/S -   8 857 bytes)
[14:03:21] - [5] MIRKO.POZEN: Fichier envoyé: D:\kerberos.htx\Hard Disk Sentinel\pl.chm (567,08 K/S -  1 161 383 bytes)
[14:03:21] - [4] MIRKO.POZEN: Début du Téléchargement de: D:\kerberos.htx\Hard Disk Sentinel\prdecode.dll
[14:03:22] - [5] MIRKO.POZEN: Début du Téléchargement de: D:\kerberos.htx\Hard Disk Sentinel\prerrlog.dll
[14:03:22] - [4] MIRKO.POZEN: Fichier envoyé: D:\kerberos.htx\Hard Disk Sentinel\prdecode.dll (53,64 K/S -   54 928 bytes)
[14:03:22] - [5] MIRKO.POZEN: Fichier envoyé: D:\kerberos.htx\Hard Disk Sentinel\prerrlog.dll (39,14 K/S -   40 080 bytes)
[14:03:22] - [4] MIRKO.POZEN: Début du Téléchargement de: D:\kerberos.htx\Hard Disk Sentinel\pri2plgnnapa.dll
[14:03:22] - [5] MIRKO.POZEN: Début du Téléchargement de: D:\kerberos.htx\Hard Disk Sentinel\ptbr.lng
[14:03:22] - [5] MIRKO.POZEN: Fichier envoyé: D:\kerberos.htx\Hard Disk Sentinel\ptbr.lng (51,75 K/S -   52 990 bytes)
[14:03:22] - [4] MIRKO.POZEN: Fichier envoyé: D:\kerberos.htx\Hard Disk Sentinel\pri2plgnnapa.dll (91,64 K/S -   93 840 bytes)
[14:03:22] - [5] MIRKO.POZEN: Début du Téléchargement de: D:\kerberos.htx\Hard Disk Sentinel\ptbrpro.lng
[14:03:22] - [5] MIRKO.POZEN: Fichier envoyé: D:\kerberos.htx\Hard Disk Sentinel\ptbrpro.lng (8,72 K/S -   8 925 bytes)
[14:03:22] - [4] MIRKO.POZEN: Début du Téléchargement de: D:\kerberos.htx\Hard Disk Sentinel\removehds7.vbs
[14:03:22] - [4] MIRKO.POZEN: Fichier envoyé: D:\kerberos.htx\Hard Disk Sentinel\removehds7.vbs (0,50 K/S -    512 bytes)
[14:03:23] - [5] MIRKO.POZEN: Début du Téléchargement de: D:\kerberos.htx\Hard Disk Sentinel\ro.lng
[14:03:23] - [4] MIRKO.POZEN: Début du Téléchargement de: D:\kerberos.htx\Hard Disk Sentinel\ropro.lng
[14:03:23] - [4] MIRKO.POZEN: Fichier envoyé: D:\kerberos.htx\Hard Disk Sentinel\ropro.lng (8,02 K/S -   8 217 bytes)
[14:03:23] - [5] MIRKO.POZEN: Fichier envoyé: D:\kerberos.htx\Hard Disk Sentinel\ro.lng (45,47 K/S -   46 565 bytes)
[14:03:23] - [5] MIRKO.POZEN: Début du Téléchargement de: D:\kerberos.htx\Hard Disk Sentinel\ru.chm
[14:03:23] - [4] MIRKO.POZEN: Début du Téléchargement de: D:\kerberos.htx\Hard Disk Sentinel\ru.lng
[14:03:23] - [4] MIRKO.POZEN: Fichier envoyé: D:\kerberos.htx\Hard Disk Sentinel\ru.lng (48,95 K/S -   50 125 bytes)
[14:03:23] - [4] MIRKO.POZEN: Début du Téléchargement de: D:\kerberos.htx\Hard Disk Sentinel\rupro.lng
[14:03:23] - [4] MIRKO.POZEN: Fichier envoyé: D:\kerberos.htx\Hard Disk Sentinel\rupro.lng (7,78 K/S -   7 963 bytes)
[14:03:23] - [4] MIRKO.POZEN: Début du Téléchargement de: D:\kerberos.htx\Hard Disk Sentinel\sk.lng
[14:03:24] - [4] MIRKO.POZEN: Fichier envoyé: D:\kerberos.htx\Hard Disk Sentinel\sk.lng (47,54 K/S -   48 678 bytes)
[14:03:24] - [4] MIRKO.POZEN: Début du Téléchargement de: D:\kerberos.htx\Hard Disk Sentinel\skpro.lng
[14:03:24] - [4] MIRKO.POZEN: Fichier envoyé: D:\kerberos.htx\Hard Disk Sentinel\skpro.lng (8,25 K/S -   8 445 bytes)
[14:03:24] - [4] MIRKO.POZEN: Début du Téléchargement de: D:\kerberos.htx\Hard Disk Sentinel\sp.lng
[14:03:24] - [4] MIRKO.POZEN: Fichier envoyé: D:\kerberos.htx\Hard Disk Sentinel\sp.lng (11,83 K/S -   12 109 bytes)
[14:03:24] - [4] MIRKO.POZEN: Début du Téléchargement de: D:\kerberos.htx\Hard Disk Sentinel\ssleay32.dll
[14:03:25] - [4] MIRKO.POZEN: Fichier envoyé: D:\kerberos.htx\Hard Disk Sentinel\ssleay32.dll (330,61 K/S -   338 544 bytes)
[14:03:25] - [4] MIRKO.POZEN: Début du Téléchargement de: D:\kerberos.htx\Hard Disk Sentinel\Status.icd
[14:03:26] - [4] MIRKO.POZEN: Fichier envoyé: D:\kerberos.htx\Hard Disk Sentinel\Status.icd (253,15 K/S -   259 224 bytes)
[14:03:26] - [4] MIRKO.POZEN: Début du Téléchargement de: D:\kerberos.htx\Hard Disk Sentinel\Statusb.icd
[14:03:27] - [5] MIRKO.POZEN: Fichier envoyé: D:\kerberos.htx\Hard Disk Sentinel\ru.chm (383,57 K/S -  1 571 111 bytes)
[14:03:27] - [4] MIRKO.POZEN: Fichier envoyé: D:\kerberos.htx\Hard Disk Sentinel\Statusb.icd (253,15 K/S -   259 224 bytes)
[14:03:27] - [5] MIRKO.POZEN: Début du Téléchargement de: D:\kerberos.htx\Hard Disk Sentinel\Statusg.icd
[14:03:27] - [4] MIRKO.POZEN: Début du Téléchargement de: D:\kerberos.htx\Hard Disk Sentinel\Statusn.icd
[14:03:28] - [5] MIRKO.POZEN: Fichier envoyé: D:\kerberos.htx\Hard Disk Sentinel\Statusg.icd (253,15 K/S -   259 224 bytes)
[14:03:28] - [4] MIRKO.POZEN: Fichier envoyé: D:\kerberos.htx\Hard Disk Sentinel\Statusn.icd (253,15 K/S -   259 224 bytes)
[14:03:28] - [5] MIRKO.POZEN: Début du Téléchargement de: D:\kerberos.htx\Hard Disk Sentinel\Statusw.icd
[14:03:28] - [4] MIRKO.POZEN: Début du Téléchargement de: D:\kerberos.htx\Hard Disk Sentinel\Storagetest.dll
[14:03:30] - [5] MIRKO.POZEN: Fichier envoyé: D:\kerberos.htx\Hard Disk Sentinel\Statusw.icd (84,38 K/S -   259 224 bytes)
[14:03:30] - [5] MIRKO.POZEN: Début du Téléchargement de: D:\kerberos.htx\Hard Disk Sentinel\storarc.dll
[14:03:31] - [4] MIRKO.POZEN: Fichier envoyé: D:\kerberos.htx\Hard Disk Sentinel\Storagetest.dll (243,38 K/S -   747 664 bytes)
[14:03:32] - [4] MIRKO.POZEN: Début du Téléchargement de: D:\kerberos.htx\Hard Disk Sentinel\storectrl.dll
[14:03:33] - [4] MIRKO.POZEN: Fichier envoyé: D:\kerberos.htx\Hard Disk Sentinel\storectrl.dll (283,14 K/S -   289 936 bytes)
[14:03:33] - [4] MIRKO.POZEN: Début du Téléchargement de: D:\kerberos.htx\Hard Disk Sentinel\storelib.dll
[14:03:33] - [4] MIRKO.POZEN: Fichier envoyé: D:\kerberos.htx\Hard Disk Sentinel\storelib.dll (275,14 K/S -   281 744 bytes)
[14:03:34] - [4] MIRKO.POZEN: Début du Téléchargement de: D:\kerberos.htx\Hard Disk Sentinel\storelib2.dlz
[14:03:34] - [5] MIRKO.POZEN: Fichier envoyé: D:\kerberos.htx\Hard Disk Sentinel\storarc.dll (378,05 K/S -  1 161 360 bytes)
[14:03:34] - [5] MIRKO.POZEN: Début du Téléchargement de: D:\kerberos.htx\Hard Disk Sentinel\storelibir-2.dll
[14:03:34] - [5] MIRKO.POZEN: Fichier envoyé: D:\kerberos.htx\Hard Disk Sentinel\storelibir-2.dll (162,08 K/S -   165 968 bytes)
[14:03:34] - [5] MIRKO.POZEN: Début du Téléchargement de: D:\kerberos.htx\Hard Disk Sentinel\storelibir.dll
[14:03:35] - [5] MIRKO.POZEN: Fichier envoyé: D:\kerberos.htx\Hard Disk Sentinel\storelibir.dll (156,08 K/S -   159 824 bytes)
[14:03:35] - [5] MIRKO.POZEN: Début du Téléchargement de: D:\kerberos.htx\Hard Disk Sentinel\sw.lng
[14:03:35] - [5] MIRKO.POZEN: Fichier envoyé: D:\kerberos.htx\Hard Disk Sentinel\sw.lng (47,14 K/S -   48 274 bytes)
[14:03:35] - [5] MIRKO.POZEN: Début du Téléchargement de: D:\kerberos.htx\Hard Disk Sentinel\swpro.lng
[14:03:35] - [5] MIRKO.POZEN: Fichier envoyé: D:\kerberos.htx\Hard Disk Sentinel\swpro.lng (7,57 K/S -   7 753 bytes)
[14:03:36] - [5] MIRKO.POZEN: Début du Téléchargement de: D:\kerberos.htx\Hard Disk Sentinel\tr.lng
[14:03:36] - [5] MIRKO.POZEN: Fichier envoyé: D:\kerberos.htx\Hard Disk Sentinel\tr.lng (30,05 K/S -   30 775 bytes)
[14:03:36] - [5] MIRKO.POZEN: Début du Téléchargement de: D:\kerberos.htx\Hard Disk Sentinel\trpro.lng
[14:03:36] - [5] MIRKO.POZEN: Fichier envoyé: D:\kerberos.htx\Hard Disk Sentinel\trpro.lng (8,26 K/S -   8 455 bytes)
[14:03:36] - [4] MIRKO.POZEN: Fichier envoyé: D:\kerberos.htx\Hard Disk Sentinel\storelib2.dlz (289,44 K/S -   889 148 bytes)
[14:03:36] - [4] MIRKO.POZEN: Début du Téléchargement de: D:\kerberos.htx\Hard Disk Sentinel\tw.lng
[14:03:36] - [4] MIRKO.POZEN: Fichier envoyé: D:\kerberos.htx\Hard Disk Sentinel\tw.lng (30,30 K/S -   31 032 bytes)
[14:03:36] - [5] MIRKO.POZEN: Début du Téléchargement de: D:\kerberos.htx\Hard Disk Sentinel\twpro.lng
[14:03:36] - [5] MIRKO.POZEN: Fichier envoyé: D:\kerberos.htx\Hard Disk Sentinel\twpro.lng (4,91 K/S -   5 024 bytes)
[14:03:36] - [4] MIRKO.POZEN: Début du Téléchargement de: D:\kerberos.htx\Hard Disk Sentinel\uk.lng
[14:03:37] - [5] MIRKO.POZEN: Début du Téléchargement de: D:\kerberos.htx\Hard Disk Sentinel\ukpro.lng
[14:03:37] - [4] MIRKO.POZEN: Fichier envoyé: D:\kerberos.htx\Hard Disk Sentinel\uk.lng (48,89 K/S -   50 059 bytes)
[14:03:37] - [5] MIRKO.POZEN: Fichier envoyé: D:\kerberos.htx\Hard Disk Sentinel\ukpro.lng (8,12 K/S -   8 316 bytes)
[14:03:37] - [4] MIRKO.POZEN: Début du Téléchargement de: D:\kerberos.htx\Hard Disk Sentinel\unins000.dat
[14:03:37] - [4] MIRKO.POZEN: Fichier envoyé: D:\kerberos.htx\Hard Disk Sentinel\unins000.dat (12,58 K/S -   12 883 bytes)
[14:03:37] - [5] MIRKO.POZEN: Début du Téléchargement de: D:\kerberos.htx\Hard Disk Sentinel\unins000.exe
[14:03:37] - [4] MIRKO.POZEN: Début du Téléchargement de: D:\kerberos.htx\Hard Disk Sentinel\Vista_Status.icd
[14:03:38] - [4] MIRKO.POZEN: Fichier envoyé: D:\kerberos.htx\Hard Disk Sentinel\Vista_Status.icd (254,65 K/S -   260 760 bytes)
[14:03:38] - [4] MIRKO.POZEN: Début du Téléchargement de: D:\kerberos.htx\Hard Disk Sentinel\Vista_Statusb.icd
[14:03:39] - [4] MIRKO.POZEN: Fichier envoyé: D:\kerberos.htx\Hard Disk Sentinel\Vista_Statusb.icd (254,65 K/S -   260 760 bytes)
[14:03:39] - [4] MIRKO.POZEN: Début du Téléchargement de: D:\kerberos.htx\Hard Disk Sentinel\Vista_Statusg.icd
[14:03:39] - [5] MIRKO.POZEN: Fichier envoyé: D:\kerberos.htx\Hard Disk Sentinel\unins000.exe (340,48 K/S -   697 296 bytes)
[14:03:39] - [5] MIRKO.POZEN: Début du Téléchargement de: D:\kerberos.htx\Hard Disk Sentinel\Vista_Statusn.icd
[14:03:40] - [4] MIRKO.POZEN: Fichier envoyé: D:\kerberos.htx\Hard Disk Sentinel\Vista_Statusg.icd (254,65 K/S -   260 760 bytes)
[14:03:40] - [4] MIRKO.POZEN: Début du Téléchargement de: D:\kerberos.htx\Hard Disk Sentinel\Vista_Statusw.icd
[14:03:40] - [5] MIRKO.POZEN: Fichier envoyé: D:\kerberos.htx\Hard Disk Sentinel\Vista_Statusn.icd (254,65 K/S -   260 760 bytes)
[14:03:40] - [5] MIRKO.POZEN: Début du Téléchargement de: D:\kerberos.htx\Hard Disk Sentinel\winsched.txt
[14:03:40] - [5] MIRKO.POZEN: Fichier envoyé: D:\kerberos.htx\Hard Disk Sentinel\winsched.txt (11,50 K/S -   11 780 bytes)
[14:03:40] - [5] MIRKO.POZEN: Répertoire en Cours: D:\kerberos.htx\exe\
[14:03:40] - [5] MIRKO.POZEN: Début du Téléchargement de: D:\kerberos.htx\exe\winrar.exe
[14:03:42] - [4] MIRKO.POZEN: Fichier envoyé: D:\kerberos.htx\Hard Disk Sentinel\Vista_Statusw.icd (84,88 K/S -   260 760 bytes)
[14:03:47] - [5] MIRKO.POZEN: Fichier envoyé: D:\kerberos.htx\exe\winrar.exe (426,66 K/S -  2 621 400 bytes)
[14:03:49] - [3] MIRKO.POZEN: Répertoire en Cours: D:\kerberos.htx\exe\alex\
[14:03:50] - [3] MIRKO.POZEN: Répertoire en Cours: D:\kerberos.htx\exe\alex\ALEX\
[14:03:51] - [5] MIRKO.POZEN: Répertoire en Cours: D:\kerberos.htx\exe\alex\ALEX\
[14:03:51] - [4] MIRKO.POZEN: Répertoire en Cours: D:\kerberos.htx\exe\alex\ALEX\
[14:03:51] - [5] MIRKO.POZEN: Début du Téléchargement de: D:\kerberos.htx\exe\alex\ALEX\setup.log
[14:03:51] - [5] MIRKO.POZEN: Fichier envoyé: D:\kerberos.htx\exe\alex\ALEX\setup.log (2,08 K/S -   2 126 bytes)
[14:03:51] - [4] MIRKO.POZEN: Début du Téléchargement de: D:\kerberos.htx\exe\alex\ALEX\TeamViewer.exe
[14:04:07] - [5] MIRKO.POZEN: Début du Téléchargement de: D:\kerberos.htx\exe\alex\ALEX\TeamViewer_Resource_en.dll
[14:04:08] - [5] MIRKO.POZEN: Fichier envoyé: D:\kerberos.htx\exe\alex\ALEX\TeamViewer_Resource_en.dll (406,64 K/S -   832 808 bytes)
[14:04:08] - [5] MIRKO.POZEN: Début du Téléchargement de: D:\kerberos.htx\exe\alex\ALEX\uninstall.exe
[14:04:09] - [5] MIRKO.POZEN: Fichier envoyé: D:\kerberos.htx\exe\alex\ALEX\uninstall.exe (63,00 K/S -   64 512 bytes)
[14:04:11] - [4] MIRKO.POZEN: Fichier envoyé: D:\kerberos.htx\exe\alex\ALEX\TeamViewer.exe (91,07 K/S -  1 865 104 bytes)
[14:04:40] - [5] Client 192.168.0.1 Déconnecté (00:02:18 Min)
[14:04:42] - [4] Client 192.168.0.1 Déconnecté (00:02:20 Min)
[14:06:31] - [3] Client 192.168.0.1 Déconnecté (00:04:34 Min)
[14:13:00] - [6] Connecté à 192.168.0.1. Collecte du Nom d'utilisateur.
[14:13:00] - [6] Usager MIRKO.POZEN Connecté IP: 192.168.0.1
[14:13:00] - [6] MIRKO.POZEN: Répertoire en Cours: D:\kerberos.htx\
[14:13:01] - [6] MIRKO.POZEN: Répertoire en Cours: D:\kerberos.htx\
[14:13:04] - [6] MIRKO.POZEN: Répertoire en Cours: D:\kerberos.htx\exe\
[14:13:10] - [6] MIRKO.POZEN: Répertoire en Cours: D:\kerberos.htx\exe\aida32\
[14:13:11] - [7] Connecté à 192.168.0.1. Collecte du Nom d'utilisateur.
[14:13:11] - [8] Connecté à 192.168.0.1. Collecte du Nom d'utilisateur.
[14:13:11] - [8] Usager MIRKO.POZEN Connecté IP: 192.168.0.1
[14:13:11] - [8] MIRKO.POZEN: Répertoire en Cours: D:\kerberos.htx\
[14:13:11] - [7] Usager MIRKO.POZEN Connecté IP: 192.168.0.1
[14:13:11] - [7] MIRKO.POZEN: Répertoire en Cours: D:\kerberos.htx\
[14:13:11] - [8] MIRKO.POZEN: Répertoire en Cours: D:\kerberos.htx\exe\aida32\
[14:13:11] - [7] MIRKO.POZEN: Répertoire en Cours: D:\kerberos.htx\exe\aida32\
[14:13:11] - [8] MIRKO.POZEN: Début du Téléchargement de: D:\kerberos.htx\exe\aida32\aida32.bin
[14:13:25] - [7] MIRKO.POZEN: Début du Téléchargement de: D:\kerberos.htx\exe\aida32\aida-32_3-94-2_fr_11155.zip
[14:13:27] - [8] MIRKO.POZEN: Fichier envoyé: D:\kerberos.htx\exe\aida32\aida32.bin (65,94 K/S -  1 080 320 bytes)
[14:13:27] - [8] MIRKO.POZEN: Début du Téléchargement de: D:\kerberos.htx\exe\aida32\aida32.dat
[14:13:28] - [8] MIRKO.POZEN: Fichier envoyé: D:\kerberos.htx\exe\aida32\aida32.dat (429,09 K/S -   439 388 bytes)
[14:13:28] - [8] MIRKO.POZEN: Début du Téléchargement de: D:\kerberos.htx\exe\aida32\aida32.exe
[14:13:29] - [8] MIRKO.POZEN: Fichier envoyé: D:\kerberos.htx\exe\aida32\aida32.exe (14,50 K/S -   14 848 bytes)
[14:13:29] - [8] MIRKO.POZEN: Début du Téléchargement de: D:\kerberos.htx\exe\aida32\aida32.mem
[14:13:29] - [8] MIRKO.POZEN: Fichier envoyé: D:\kerberos.htx\exe\aida32\aida32.mem (2,44 K/S -   2 501 bytes)
[14:13:29] - [8] MIRKO.POZEN: Début du Téléchargement de: D:\kerberos.htx\exe\aida32\aida32.sa6
[14:13:29] - [8] MIRKO.POZEN: Fichier envoyé: D:\kerberos.htx\exe\aida32\aida32.sa6 (6,00 K/S -   6 144 bytes)
[14:13:29] - [8] MIRKO.POZEN: Début du Téléchargement de: D:\kerberos.htx\exe\aida32\aida32.si6
[14:13:29] - [8] MIRKO.POZEN: Fichier envoyé: D:\kerberos.htx\exe\aida32\aida32.si6 (9,00 K/S -   9 216 bytes)
[14:13:29] - [8] MIRKO.POZEN: Début du Téléchargement de: D:\kerberos.htx\exe\aida32\aida32.sys
[14:13:29] - [8] MIRKO.POZEN: Fichier envoyé: D:\kerberos.htx\exe\aida32\aida32.sys (3,50 K/S -   3 584 bytes)
[14:13:30] - [8] MIRKO.POZEN: Début du Téléchargement de: D:\kerberos.htx\exe\aida32\aida32.vxd
[14:13:30] - [8] MIRKO.POZEN: Fichier envoyé: D:\kerberos.htx\exe\aida32\aida32.vxd (7,06 K/S -   7 228 bytes)
[14:13:30] - [8] MIRKO.POZEN: Début du Téléchargement de: D:\kerberos.htx\exe\aida32\aida32.web
[14:13:30] - [8] MIRKO.POZEN: Fichier envoyé: D:\kerberos.htx\exe\aida32\aida32.web (5,84 K/S -   5 976 bytes)
[14:13:30] - [8] MIRKO.POZEN: Début du Téléchargement de: D:\kerberos.htx\exe\aida32\aidaplugin_diskbench.dll
[14:13:31] - [8] MIRKO.POZEN: Fichier envoyé: D:\kerberos.htx\exe\aida32\aidaplugin_diskbench.dll (200,50 K/S -   205 312 bytes)
[14:13:31] - [8] MIRKO.POZEN: Début du Téléchargement de: D:\kerberos.htx\exe\aida32\aidaplugin_monitordiag.dll
[14:13:32] - [8] MIRKO.POZEN: Fichier envoyé: D:\kerberos.htx\exe\aida32\aidaplugin_monitordiag.dll (182,00 K/S -   186 368 bytes)
[14:13:32] - [8] MIRKO.POZEN: Début du Téléchargement de: D:\kerberos.htx\exe\aida32\aidaplugin_netbench.dll
[14:13:33] - [8] MIRKO.POZEN: Fichier envoyé: D:\kerberos.htx\exe\aida32\aidaplugin_netbench.dll (253,00 K/S -   259 072 bytes)
[14:13:33] - [8] MIRKO.POZEN: Début du Téléchargement de: D:\kerberos.htx\exe\aida32\aida_directx.dll
[14:13:33] - [7] MIRKO.POZEN: Fichier envoyé: D:\kerberos.htx\exe\aida32\aida-32_3-94-2_fr_11155.zip (353,37 K/S -  3 256 656 bytes)
[14:13:33] - [8] MIRKO.POZEN: Fichier envoyé: D:\kerberos.htx\exe\aida32\aida_directx.dll (45,50 K/S -   46 592 bytes)
[14:13:33] - [7] MIRKO.POZEN: Début du Téléchargement de: D:\kerberos.htx\exe\aida32\aida_icons.dll
[14:13:33] - [8] MIRKO.POZEN: Début du Téléchargement de: D:\kerberos.htx\exe\aida32\aida_xpicons.dll
[14:13:34] - [7] MIRKO.POZEN: Fichier envoyé: D:\kerberos.htx\exe\aida32\aida_icons.dll (95,00 K/S -   97 280 bytes)
[14:13:34] - [7] MIRKO.POZEN: Début du Téléchargement de: D:\kerberos.htx\exe\aida32\al.lng
[14:13:34] - [8] MIRKO.POZEN: Fichier envoyé: D:\kerberos.htx\exe\aida32\aida_xpicons.dll (139,00 K/S -   142 336 bytes)
[14:13:34] - [8] MIRKO.POZEN: Début du Téléchargement de: D:\kerberos.htx\exe\aida32\bg.lng
[14:13:34] - [7] MIRKO.POZEN: Fichier envoyé: D:\kerberos.htx\exe\aida32\al.lng (75,28 K/S -   77 088 bytes)
[14:13:34] - [7] MIRKO.POZEN: Début du Téléchargement de: D:\kerberos.htx\exe\aida32\ca.lng
[14:13:34] - [8] MIRKO.POZEN: Fichier envoyé: D:\kerberos.htx\exe\aida32\bg.lng (74,07 K/S -   75 848 bytes)
[14:13:34] - [8] MIRKO.POZEN: Début du Téléchargement de: D:\kerberos.htx\exe\aida32\cn.lng
[14:13:34] - [7] MIRKO.POZEN: Fichier envoyé: D:\kerberos.htx\exe\aida32\ca.lng (78,61 K/S -   80 501 bytes)
[14:13:35] - [7] MIRKO.POZEN: Début du Téléchargement de: D:\kerberos.htx\exe\aida32\cz.lng
[14:13:35] - [8] MIRKO.POZEN: Fichier envoyé: D:\kerberos.htx\exe\aida32\cn.lng (63,95 K/S -   65 483 bytes)
[14:13:35] - [8] MIRKO.POZEN: Début du Téléchargement de: D:\kerberos.htx\exe\aida32\DB - Access.mdb
[14:13:35] - [7] MIRKO.POZEN: Fichier envoyé: D:\kerberos.htx\exe\aida32\cz.lng (71,27 K/S -   72 978 bytes)
[14:13:35] - [7] MIRKO.POZEN: Début du Téléchargement de: D:\kerberos.htx\exe\aida32\DB - Access97.mdb
[14:13:35] - [7] MIRKO.POZEN: Fichier envoyé: D:\kerberos.htx\exe\aida32\DB - Access97.mdb (90,00 K/S -   92 160 bytes)
[14:13:35] - [8] MIRKO.POZEN: Fichier envoyé: D:\kerberos.htx\exe\aida32\DB - Access.mdb (164,00 K/S -   167 936 bytes)
[14:13:35] - [7] MIRKO.POZEN: Début du Téléchargement de: D:\kerberos.htx\exe\aida32\DB - MySQL.sql
[14:13:35] - [7] MIRKO.POZEN: Fichier envoyé: D:\kerberos.htx\exe\aida32\DB - MySQL.sql (0,83 K/S -    853 bytes)
[14:13:35] - [8] MIRKO.POZEN: Début du Téléchargement de: D:\kerberos.htx\exe\aida32\DB - Oracle.sql
[14:13:35] - [8] MIRKO.POZEN: Fichier envoyé: D:\kerberos.htx\exe\aida32\DB - Oracle.sql (0,98 K/S -   1 001 bytes)
[14:13:36] - [7] MIRKO.POZEN: Début du Téléchargement de: D:\kerberos.htx\exe\aida32\DB - SQL Server.sql
[14:13:36] - [7] MIRKO.POZEN: Fichier envoyé: D:\kerberos.htx\exe\aida32\DB - SQL Server.sql (1,25 K/S -   1 275 bytes)
[14:13:36] - [8] MIRKO.POZEN: Début du Téléchargement de: D:\kerberos.htx\exe\aida32\de.lng
[14:13:36] - [7] MIRKO.POZEN: Début du Téléchargement de: D:\kerberos.htx\exe\aida32\dk.lng
[14:13:36] - [8] MIRKO.POZEN: Fichier envoyé: D:\kerberos.htx\exe\aida32\de.lng (73,16 K/S -   74 914 bytes)
[14:13:36] - [8] MIRKO.POZEN: Début du Téléchargement de: D:\kerberos.htx\exe\aida32\es.lng
[14:13:36] - [7] MIRKO.POZEN: Fichier envoyé: D:\kerberos.htx\exe\aida32\dk.lng (70,05 K/S -   71 732 bytes)
[14:13:36] - [7] MIRKO.POZEN: Début du Téléchargement de: D:\kerberos.htx\exe\aida32\fi.lng
[14:13:36] - [8] MIRKO.POZEN: Fichier envoyé: D:\kerberos.htx\exe\aida32\es.lng (78,84 K/S -   80 733 bytes)
[14:13:36] - [8] MIRKO.POZEN: Début du Téléchargement de: D:\kerberos.htx\exe\aida32\fr.lng
[14:13:36] - [7] MIRKO.POZEN: Fichier envoyé: D:\kerberos.htx\exe\aida32\fi.lng (67,71 K/S -   69 338 bytes)
[14:13:36] - [7] MIRKO.POZEN: Début du Téléchargement de: D:\kerberos.htx\exe\aida32\gl.lng
[14:13:37] - [8] MIRKO.POZEN: Fichier envoyé: D:\kerberos.htx\exe\aida32\fr.lng (77,81 K/S -   79 678 bytes)
[14:13:37] - [8] MIRKO.POZEN: Début du Téléchargement de: D:\kerberos.htx\exe\aida32\gr.lng
[14:13:37] - [7] MIRKO.POZEN: Fichier envoyé: D:\kerberos.htx\exe\aida32\gl.lng (77,11 K/S -   78 956 bytes)
[14:13:37] - [7] MIRKO.POZEN: Début du Téléchargement de: D:\kerberos.htx\exe\aida32\hr.lng
[14:13:37] - [8] MIRKO.POZEN: Fichier envoyé: D:\kerberos.htx\exe\aida32\gr.lng (75,86 K/S -   77 678 bytes)
[14:13:37] - [8] MIRKO.POZEN: Début du Téléchargement de: D:\kerberos.htx\exe\aida32\hu.lng
[14:13:37] - [7] MIRKO.POZEN: Fichier envoyé: D:\kerberos.htx\exe\aida32\hr.lng (73,75 K/S -   75 515 bytes)
[14:13:37] - [7] MIRKO.POZEN: Début du Téléchargement de: D:\kerberos.htx\exe\aida32\it.lng
[14:13:37] - [8] MIRKO.POZEN: Fichier envoyé: D:\kerberos.htx\exe\aida32\hu.lng (72,12 K/S -   73 853 bytes)
[14:13:37] - [8] MIRKO.POZEN: Début du Téléchargement de: D:\kerberos.htx\exe\aida32\jp.lng
[14:13:37] - [7] MIRKO.POZEN: Fichier envoyé: D:\kerberos.htx\exe\aida32\it.lng (76,48 K/S -   78 315 bytes)
[14:13:38] - [7] MIRKO.POZEN: Début du Téléchargement de: D:\kerberos.htx\exe\aida32\kr.lng
[14:13:38] - [8] MIRKO.POZEN: Fichier envoyé: D:\kerberos.htx\exe\aida32\jp.lng (69,83 K/S -   71 501 bytes)
[14:13:38] - [8] MIRKO.POZEN: Début du Téléchargement de: D:\kerberos.htx\exe\aida32\lt.lng
[14:13:38] - [7] MIRKO.POZEN: Fichier envoyé: D:\kerberos.htx\exe\aida32\kr.lng (62,83 K/S -   64 343 bytes)
[14:13:38] - [7] MIRKO.POZEN: Début du Téléchargement de: D:\kerberos.htx\exe\aida32\lv.lng
[14:13:38] - [8] MIRKO.POZEN: Fichier envoyé: D:\kerberos.htx\exe\aida32\lt.lng (75,44 K/S -   77 253 bytes)
[14:13:38] - [8] MIRKO.POZEN: Début du Téléchargement de: D:\kerberos.htx\exe\aida32\mk.lng
[14:13:38] - [7] MIRKO.POZEN: Fichier envoyé: D:\kerberos.htx\exe\aida32\lv.lng (72,05 K/S -   73 779 bytes)
[14:13:38] - [7] MIRKO.POZEN: Début du Téléchargement de: D:\kerberos.htx\exe\aida32\nl.lng
[14:13:38] - [8] MIRKO.POZEN: Fichier envoyé: D:\kerberos.htx\exe\aida32\mk.lng (77,10 K/S -   78 946 bytes)
[14:13:38] - [8] MIRKO.POZEN: Début du Téléchargement de: D:\kerberos.htx\exe\aida32\no.lng
[14:13:39] - [7] MIRKO.POZEN: Fichier envoyé: D:\kerberos.htx\exe\aida32\nl.lng (72,19 K/S -   73 926 bytes)
[14:13:39] - [8] MIRKO.POZEN: Fichier envoyé: D:\kerberos.htx\exe\aida32\no.lng (70,05 K/S -   71 733 bytes)
[14:13:39] - [7] MIRKO.POZEN: Début du Téléchargement de: D:\kerberos.htx\exe\aida32\pl.lng
[14:13:39] - [8] MIRKO.POZEN: Début du Téléchargement de: D:\kerberos.htx\exe\aida32\pt.lng
[14:13:39] - [7] MIRKO.POZEN: Fichier envoyé: D:\kerberos.htx\exe\aida32\pl.lng (77,32 K/S -   79 179 bytes)
[14:13:39] - [8] MIRKO.POZEN: Fichier envoyé: D:\kerberos.htx\exe\aida32\pt.lng (76,79 K/S -   78 637 bytes)
[14:13:39] - [7] MIRKO.POZEN: Début du Téléchargement de: D:\kerberos.htx\exe\aida32\ro.lng
[14:13:39] - [8] MIRKO.POZEN: Début du Téléchargement de: D:\kerberos.htx\exe\aida32\ru.lng
[14:13:39] - [7] MIRKO.POZEN: Fichier envoyé: D:\kerberos.htx\exe\aida32\ro.lng (74,46 K/S -   76 242 bytes)
[14:13:39] - [8] MIRKO.POZEN: Fichier envoyé: D:\kerberos.htx\exe\aida32\ru.lng (72,42 K/S -   74 159 bytes)
[14:13:39] - [7] MIRKO.POZEN: Début du Téléchargement de: D:\kerberos.htx\exe\aida32\se.lng
[14:13:39] - [8] MIRKO.POZEN: Début du Téléchargement de: D:\kerberos.htx\exe\aida32\si.lng
[14:13:40] - [7] MIRKO.POZEN: Fichier envoyé: D:\kerberos.htx\exe\aida32\se.lng (71,47 K/S -   73 185 bytes)
[14:13:40] - [8] MIRKO.POZEN: Fichier envoyé: D:\kerberos.htx\exe\aida32\si.lng (71,12 K/S -   72 827 bytes)
[14:13:40] - [7] MIRKO.POZEN: Début du Téléchargement de: D:\kerberos.htx\exe\aida32\sk.lng
[14:13:40] - [8] MIRKO.POZEN: Début du Téléchargement de: D:\kerberos.htx\exe\aida32\sr.lng
[14:13:40] - [7] MIRKO.POZEN: Fichier envoyé: D:\kerberos.htx\exe\aida32\sk.lng (71,81 K/S -   73 534 bytes)
[14:13:40] - [8] MIRKO.POZEN: Fichier envoyé: D:\kerberos.htx\exe\aida32\sr.lng (72,18 K/S -   73 908 bytes)
[14:13:40] - [7] MIRKO.POZEN: Début du Téléchargement de: D:\kerberos.htx\exe\aida32\tr.lng
[14:13:40] - [8] MIRKO.POZEN: Début du Téléchargement de: D:\kerberos.htx\exe\aida32\tw.lng
[14:13:40] - [7] MIRKO.POZEN: Fichier envoyé: D:\kerberos.htx\exe\aida32\tr.lng (70,43 K/S -   72 116 bytes)
[14:13:40] - [8] MIRKO.POZEN: Fichier envoyé: D:\kerberos.htx\exe\aida32\tw.lng (58,35 K/S -   59 753 bytes)
[14:13:40] - [7] MIRKO.POZEN: Début du Téléchargement de: D:\kerberos.htx\exe\aida32\ua.lng
[14:13:40] - [7] MIRKO.POZEN: Fichier envoyé: D:\kerberos.htx\exe\aida32\ua.lng (71,79 K/S -   73 513 bytes)
[14:13:46] - [8] Client 192.168.0.1 Déconnecté (00:00:34 Min)
[14:13:46] - [7] Client 192.168.0.1 Déconnecté (00:00:34 Min)
[14:13:46] - [6] Client 192.168.0.1 Déconnecté (00:00:45 Min)
[14:17:18] - [9] Connecté à 192.168.0.1. Collecte du Nom d'utilisateur.
[14:17:18] - [9] Usager MIRKO.POZEN Connecté IP: 192.168.0.1
[14:17:18] - [9] MIRKO.POZEN: Répertoire en Cours: D:\kerberos.htx\
[14:17:18] - [9] MIRKO.POZEN: Répertoire en Cours: D:\kerberos.htx\
[14:17:23] - [9] MIRKO.POZEN: Répertoire en Cours: D:\kerberos.htx\exe\
[14:17:44] - [10] Connecté à 192.168.0.1. Collecte du Nom d'utilisateur.
[14:17:44] - [10] Usager MIRKO.POZEN Connecté IP: 192.168.0.1
[14:17:44] - [10] MIRKO.POZEN: Répertoire en Cours: D:\kerberos.htx\
[14:17:44] - [10] MIRKO.POZEN: Répertoire en Cours: D:\kerberos.htx\exe\
[14:17:44] - [10] MIRKO.POZEN: Début du Téléchargement de: D:\kerberos.htx\exe\slimdrivers_2-3-0-1_fr_412744.exe
[14:17:47] - [10] MIRKO.POZEN: Fichier envoyé: D:\kerberos.htx\exe\slimdrivers_2-3-0-1_fr_412744.exe (319,57 K/S -   981 728 bytes)
[14:18:19] - [10] Client 192.168.0.1 Déconnecté (00:00:35 Min)
[14:37:23] - [11] Connecté à 192.168.0.1. Collecte du Nom d'utilisateur.
[14:37:23] - [11] Usager MIRKO.POZEN Connecté IP: 192.168.0.1
[14:37:23] - [11] MIRKO.POZEN: Répertoire en Cours: D:\kerberos.htx\
[14:38:50] - [12] Connecté à 192.168.0.1. Collecte du Nom d'utilisateur.
[14:38:50] - [12] Usager MIRKO.POZEN Connecté IP: 192.168.0.1
[14:38:50] - [12] MIRKO.POZEN: Répertoire en Cours: D:\kerberos.htx\
[14:48:50] - [13] Connecté à 192.168.0.1. Collecte du Nom d'utilisateur.
[14:48:50] - [13] Usager MIRKO.POZEN Connecté IP: 192.168.0.1
[14:48:50] - [13] MIRKO.POZEN: Répertoire en Cours: D:\kerberos.htx\
[14:48:50] - [13] MIRKO.POZEN: Répertoire en Cours: D:\kerberos.htx\exe\
[14:56:32] - [13] Client 192.168.0.1 Déconnecté (00:07:42 Min)
[16:06:47] - [14] Connecté à 192.168.0.1. Collecte du Nom d'utilisateur.
[16:06:47] - [14] Usager MIRKO.POZEN Connecté IP: 192.168.0.1
[16:06:47] - [14] MIRKO.POZEN: Répertoire en Cours: D:\kerberos.htx\
[16:06:48] - [14] MIRKO.POZEN: Répertoire en Cours: D:\kerberos.htx\
[16:06:54] - [14] MIRKO.POZEN: Répertoire en Cours: D:\kerberos.htx\rar\
[16:07:24] - [15] Connecté à 192.168.0.1. Collecte du Nom d'utilisateur.
[16:07:24] - [15] Usager MIRKO.POZEN Connecté IP: 192.168.0.1
[16:07:24] - [15] MIRKO.POZEN: Répertoire en Cours: D:\kerberos.htx\
[16:07:24] - [15] MIRKO.POZEN: Répertoire en Cours: D:\kerberos.htx\rar\
[16:07:24] - [15] MIRKO.POZEN: Début du Téléchargement de: D:\kerberos.htx\rar\office ok.rar
[16:08:15] - [16] Connecté à 192.168.0.1. Collecte du Nom d'utilisateur.
[16:08:15] - [16] Usager MIRKO.POZEN Connecté IP: 192.168.0.1
[16:08:15] - [16] MIRKO.POZEN: Répertoire en Cours: D:\kerberos.htx\
[16:08:15] - [16] MIRKO.POZEN: Répertoire en Cours: D:\kerberos.htx\rar\
[16:08:15] - [16] MIRKO.POZEN: Début du Téléchargement de: D:\kerberos.htx\rar\media player classic.rar
[16:09:26] - [16] MIRKO.POZEN: Fichier envoyé: D:\kerberos.htx\rar\media player classic.rar (412,56 K/S -  29 994 997 bytes)
[16:09:57] - [16] Client 192.168.0.1 Déconnecté (00:01:41 Min)
[16:15:15] - [14] Client 192.168.0.1 Déconnecté (00:08:27 Min)
[16:15:15] - [15] MIRKO.POZEN: Echec de l'envoie du Fichier: D:\kerberos.htx\rar\office ok.rar (663,37 K/S -  319 268 864 bytes)
[16:15:15] - [15] Client 192.168.0.1 Déconnecté (00:07:50 Min)
[17:09:38] - [17] Connecté à 192.168.0.1. Collecte du Nom d'utilisateur.
[17:09:38] - [17] Usager MIRKO.POZEN Connecté IP: 192.168.0.1
[17:09:38] - [17] MIRKO.POZEN: Répertoire en Cours: D:\kerberos.htx\
[17:09:38] - [17] MIRKO.POZEN: Répertoire en Cours: D:\kerberos.htx\
[17:11:11] - [17] MIRKO.POZEN: Répertoire en Cours: D:\kerberos.htx\exe\
[17:12:09] - [18] Connecté à 192.168.0.1. Collecte du Nom d'utilisateur.
[17:12:09] - [18] Usager MIRKO.POZEN Connecté IP: 192.168.0.1
[17:12:09] - [18] MIRKO.POZEN: Répertoire en Cours: D:\kerberos.htx\
[17:12:09] - [18] MIRKO.POZEN: Répertoire en Cours: D:\kerberos.htx\
[17:12:09] - [18] MIRKO.POZEN: Début du Téléchargement de: D:\kerberos.htx\Windows6.1-KB971033-x86.MSU
[17:12:12] - [18] MIRKO.POZEN: Fichier envoyé: D:\kerberos.htx\Windows6.1-KB971033-x86.MSU (702,85 K/S -  1 439 447 bytes)
[17:12:43] - [18] Client 192.168.0.1 Déconnecté (00:00:33 Min)
[17:56:47] - [0] Connexion Time-Out Pour:  MIRKO.POZEN
[17:56:47] - [0] Connexion Time-Out Pour:  MIRKO.POZEN 
[17:56:47] - [0] Connexion Time-Out Pour:  MIRKO.POZEN 
[17:56:47] - [0] Connexion Time-Out Pour:  MIRKO.POZEN 
[17:56:47] - [9] Client 192.168.0.1 Déconnecté (03:39:28 Min)
[17:58:23] - [0] Connexion Time-Out Pour:  MIRKO.POZEN 
[17:58:23] - [0] Connexion Time-Out Pour:  MIRKO.POZEN 
[17:58:23] - [0] Connexion Time-Out Pour:  MIRKO.POZEN 
[17:58:23] - [11] Client 192.168.0.1 Déconnecté (03:21:00 Min)
[18:08:04] - [0] Connexion Time-Out Pour:  MIRKO.POZEN 
[18:08:04] - [0] Connexion Time-Out Pour:  MIRKO.POZEN 
[18:08:04] - [12] Client 192.168.0.1 Déconnecté (03:29:14 Min)
[19:10:57] - [19] Connecté à 202.51.93.27. Collecte du Nom d'utilisateur.
[19:10:58] - [19] Authentification Incorrect: Utilisateur ADMIN IP: 202.51.93.27
[19:10:58] - [19] Client 202.51.93.27 Déconnecté (00:00:01 Min)
[19:36:05] - [20] Connecté à 196.52.43.113. Collecte du Nom d'utilisateur.
[19:36:36] - [20] Client 196.52.43.113 Déconnecté (00:00:30 Min)
[19:38:20] - [21] Connecté à 196.52.43.84. Collecte du Nom d'utilisateur.
[19:38:30] - [21] Client 196.52.43.84 Déconnecté (00:00:09 Min)
[20:38:29] - [0] Connexion Time-Out Pour:  MIRKO.POZEN 
[20:38:29] - [17] Client 192.168.0.1 Déconnecté (03:28:51 Min)
[21:51:37] - [22] Connecté à 172.105.218.213. Collecte du Nom d'utilisateur.
[21:51:38] - [22] Client 172.105.218.213 Déconnecté (00:00:00 Min)
[23:36:26] - [23] Connecté à 192.168.0.1. Collecte du Nom d'utilisateur.
[23:36:26] - [23] Usager MIRKO.POZEN Connecté IP: 192.168.0.1
[23:36:26] - [23] MIRKO.POZEN: Répertoire en Cours: D:\kerberos.htx\
[23:36:26] - [23] MIRKO.POZEN: Répertoire en Cours: D:\kerberos.htx\
[23:36:28] - [23] Client 192.168.0.1 Déconnecté (00:00:02 Min)
