[00:14:11] - [31] Connecté à 52.43.230.57. Collecte du Nom d'utilisateur.
[00:14:21] - [31] Client 52.43.230.57 Déconnecté (00:00:10 Min)
[07:44:03] - [32] Connecté à 196.52.43.63. Collecte du Nom d'utilisateur.
[07:44:13] - [32] Client 196.52.43.63 Déconnecté (00:00:09 Min)
[08:53:20] - [33] Connecté à 74.82.47.4. Collecte du Nom d'utilisateur.
[08:53:20] - [33] Client 74.82.47.4 Déconnecté (00:00:00 Min)
[13:54:42] - [34] Connecté à 192.168.0.1. Collecte du Nom d'utilisateur.
[13:54:42] - [34] Usager MIRKO.POZEN Connecté IP: 192.168.0.1
[13:54:42] - [34] MIRKO.POZEN: Répertoire en Cours: D:\kerberos.htx\
[13:54:42] - [34] MIRKO.POZEN: Répertoire en Cours: D:\kerberos.htx\
[13:54:50] - [34] MIRKO.POZEN: Répertoire en Cours: D:\kerberos.htx\rar\
[13:55:01] - [34] Client 192.168.0.1 Déconnecté (00:00:19 Min)
[14:46:49] - [35] Connecté à 192.168.0.1. Collecte du Nom d'utilisateur.
[14:46:49] - [35] Usager MIRKO.POZEN Connecté IP: 192.168.0.1
[14:46:49] - [35] MIRKO.POZEN: Répertoire en Cours: D:\kerberos.htx\
[14:46:49] - [35] MIRKO.POZEN: Répertoire en Cours: D:\kerberos.htx\
[14:46:59] - [35] MIRKO.POZEN: Répertoire en Cours: D:\kerberos.htx\last dow\
[14:47:04] - [35] MIRKO.POZEN: Répertoire en Cours: D:\kerberos.htx\
[14:47:04] - [35] MIRKO.POZEN: Répertoire en Cours: D:\kerberos.htx\iso wk7\
[14:47:19] - [35] MIRKO.POZEN: Répertoire en Cours: D:\kerberos.htx\iso wk7\Windows 7 Professional x64 FR Copie originale\
[14:47:19] - [35] MIRKO.POZEN: Répertoire en Cours: D:\kerberos.htx\iso wk7\Windows 7 Professional x64 FR Copie originale\RemoveWAT v2.2.5.2\
[14:47:19] - [35] MIRKO.POZEN: Répertoire en Cours: D:\kerberos.htx\iso wk7\Windows 7 Professional x64 FR Copie originale\RemoveWAT v2.2.5.2\RemoveWatermark v0.8\
[14:47:19] - [36] Connecté à 192.168.0.1. Collecte du Nom d'utilisateur.
[14:47:19] - [37] Connecté à 192.168.0.1. Collecte du Nom d'utilisateur.
[14:47:20] - [36] Usager MIRKO.POZEN Connecté IP: 192.168.0.1
[14:47:20] - [36] MIRKO.POZEN: Répertoire en Cours: D:\kerberos.htx\
[14:47:20] - [37] Usager MIRKO.POZEN Connecté IP: 192.168.0.1
[14:47:20] - [37] MIRKO.POZEN: Répertoire en Cours: D:\kerberos.htx\
[14:47:20] - [36] MIRKO.POZEN: Répertoire en Cours: D:\kerberos.htx\iso wk7\Windows 7 Professional x64 FR Copie originale\
[14:47:20] - [37] MIRKO.POZEN: Répertoire en Cours: D:\kerberos.htx\iso wk7\Windows 7 Professional x64 FR Copie originale\
[14:47:20] - [37] MIRKO.POZEN: Début du Téléchargement de: D:\kerberos.htx\iso wk7\Windows 7 Professional x64 FR Copie originale\Windows 7 Professional x64 FR Copie originale.nfo
[14:47:20] - [36] MIRKO.POZEN: Début du Téléchargement de: D:\kerberos.htx\iso wk7\Windows 7 Professional x64 FR Copie originale\Jaquette.jpg
[14:47:20] - [37] MIRKO.POZEN: Fichier envoyé: D:\kerberos.htx\iso wk7\Windows 7 Professional x64 FR Copie originale\Windows 7 Professional x64 FR Copie originale.nfo (2,72 K/S -   2 788 bytes)
[14:47:20] - [37] MIRKO.POZEN: Début du Téléchargement de: D:\kerberos.htx\iso wk7\Windows 7 Professional x64 FR Copie originale\windows-7-professional_x64_dvd_x15-65811.iso
[14:47:20] - [36] MIRKO.POZEN: Fichier envoyé: D:\kerberos.htx\iso wk7\Windows 7 Professional x64 FR Copie originale\Jaquette.jpg (142,06 K/S -   145 470 bytes)
[14:47:20] - [36] MIRKO.POZEN: Répertoire en Cours: D:\kerberos.htx\iso wk7\Windows 7 Professional x64 FR Copie originale\RemoveWAT v2.2.5.2\
[14:47:20] - [36] MIRKO.POZEN: Début du Téléchargement de: D:\kerberos.htx\iso wk7\Windows 7 Professional x64 FR Copie originale\RemoveWAT v2.2.5.2\Info.txt
[14:47:20] - [36] MIRKO.POZEN: Fichier envoyé: D:\kerberos.htx\iso wk7\Windows 7 Professional x64 FR Copie originale\RemoveWAT v2.2.5.2\Info.txt (4,26 K/S -   4 361 bytes)
[14:47:21] - [36] MIRKO.POZEN: Répertoire en Cours: D:\kerberos.htx\iso wk7\Windows 7 Professional x64 FR Copie originale\RemoveWAT v2.2.5.2\RemoveWatermark v0.8\
[14:47:21] - [36] MIRKO.POZEN: Début du Téléchargement de: D:\kerberos.htx\iso wk7\Windows 7 Professional x64 FR Copie originale\RemoveWAT v2.2.5.2\RemoveWatermark v0.8\Info.txt
[14:47:21] - [36] MIRKO.POZEN: Fichier envoyé: D:\kerberos.htx\iso wk7\Windows 7 Professional x64 FR Copie originale\RemoveWAT v2.2.5.2\RemoveWatermark v0.8\Info.txt (2,16 K/S -   2 216 bytes)
[14:47:21] - [36] MIRKO.POZEN: Début du Téléchargement de: D:\kerberos.htx\iso wk7\Windows 7 Professional x64 FR Copie originale\RemoveWAT v2.2.5.2\RemoveWatermark v0.8\RemoveWatermarkX64.exe
[14:47:21] - [36] MIRKO.POZEN: Fichier envoyé: D:\kerberos.htx\iso wk7\Windows 7 Professional x64 FR Copie originale\RemoveWAT v2.2.5.2\RemoveWatermark v0.8\RemoveWatermarkX64.exe (24,50 K/S -   25 088 bytes)
[14:47:53] - [36] Client 192.168.0.1 Déconnecté (00:00:33 Min)
[14:51:49] - [37] MIRKO.POZEN: Fichier envoyé: D:\kerberos.htx\iso wk7\Windows 7 Professional x64 FR Copie originale\windows-7-professional_x64_dvd_x15-65811.iso (-4 058,66 K/S - -1 117 982 720 bytes)
[14:52:01] - [35] MIRKO.POZEN: Répertoire en Cours: D:\kerberos.htx\
[14:52:01] - [35] MIRKO.POZEN: Répertoire en Cours: D:\kerberos.htx\exe\
[14:52:20] - [37] Client 192.168.0.1 Déconnecté (00:05:00 Min)
[14:53:26] - [38] Connecté à 192.168.0.1. Collecte du Nom d'utilisateur.
[14:53:26] - [38] Usager MIRKO.POZEN Connecté IP: 192.168.0.1
[14:53:26] - [38] MIRKO.POZEN: Répertoire en Cours: D:\kerberos.htx\
[14:53:26] - [38] MIRKO.POZEN: Répertoire en Cours: D:\kerberos.htx\exe\
[14:53:26] - [38] MIRKO.POZEN: Début du Téléchargement de: D:\kerberos.htx\exe\cdburnerxp_4-5-4-5143_fr_18424.exe
[14:53:37] - [38] MIRKO.POZEN: Fichier envoyé: D:\kerberos.htx\exe\cdburnerxp_4-5-4-5143_fr_18424.exe (500,25 K/S -  5 634 808 bytes)
[14:53:57] - [38] Client 192.168.0.1 Déconnecté (00:00:31 Min)
[14:53:57] - [35] Client 192.168.0.1 Déconnecté (00:07:08 Min)
[15:11:45] - [39] Connecté à 192.168.0.1. Collecte du Nom d'utilisateur.
[15:11:45] - [39] Usager MIRKO.POZEN Connecté IP: 192.168.0.1
[15:11:45] - [39] MIRKO.POZEN: Répertoire en Cours: D:\kerberos.htx\
[15:11:46] - [39] MIRKO.POZEN: Répertoire en Cours: D:\kerberos.htx\
[15:13:38] - [39] Client 192.168.0.1 Déconnecté (00:01:52 Min)
[15:14:04] - [40] Connecté à 192.168.0.1. Collecte du Nom d'utilisateur.
[15:14:04] - [40] Usager MIRKO.POZEN Connecté IP: 192.168.0.1
[15:14:04] - [40] MIRKO.POZEN: Répertoire en Cours: D:\kerberos.htx\
[15:14:04] - [40] MIRKO.POZEN: Répertoire en Cours: D:\kerberos.htx\
[15:14:55] - [40] MIRKO.POZEN: Répertoire en Cours: D:\kerberos.htx\pc dell\
[15:15:25] - [40] Client 192.168.0.1 Déconnecté (00:01:20 Min)
[15:20:12] - [41] Connecté à 192.168.0.1. Collecte du Nom d'utilisateur.
[15:20:12] - [41] Usager MIRKO.POZEN Connecté IP: 192.168.0.1
[15:20:12] - [41] MIRKO.POZEN: Répertoire en Cours: D:\kerberos.htx\
[15:20:12] - [41] MIRKO.POZEN: Répertoire en Cours: D:\kerberos.htx\
[15:20:15] - [41] MIRKO.POZEN: Répertoire en Cours: D:\kerberos.htx\exe\
[15:22:04] - [42] Connecté à 192.168.0.1. Collecte du Nom d'utilisateur.
[15:22:04] - [42] Usager MIRKO.POZEN Connecté IP: 192.168.0.1
[15:22:04] - [42] MIRKO.POZEN: Répertoire en Cours: D:\kerberos.htx\
[15:22:04] - [42] MIRKO.POZEN: Répertoire en Cours: D:\kerberos.htx\exe\
[15:22:04] - [42] MIRKO.POZEN: Début du Téléchargement de: D:\kerberos.htx\exe\hdsentinel_setup.exe
[15:22:19] - [43] Connecté à 192.168.0.1. Collecte du Nom d'utilisateur.
[15:22:19] - [43] Usager MIRKO.POZEN Connecté IP: 192.168.0.1
[15:22:19] - [43] MIRKO.POZEN: Répertoire en Cours: D:\kerberos.htx\
[15:22:19] - [43] MIRKO.POZEN: Répertoire en Cours: D:\kerberos.htx\exe\
[15:22:19] - [43] MIRKO.POZEN: Début du Téléchargement de: D:\kerberos.htx\exe\MaConfig_7_1_5_0.exe
[15:22:33] - [43] MIRKO.POZEN: Fichier envoyé: D:\kerberos.htx\exe\MaConfig_7_1_5_0.exe (385,90 K/S -  5 532 232 bytes)
[15:22:34] - [43] MIRKO.POZEN: Début du Téléchargement de: D:\kerberos.htx\exe\never10.exe
[15:22:34] - [43] MIRKO.POZEN: Fichier envoyé: D:\kerberos.htx\exe\never10.exe (82,98 K/S -   84 976 bytes)
[15:22:38] - [43] MIRKO.POZEN: Début du Téléchargement de: D:\kerberos.htx\exe\slimdrivers_2-3-0-1_fr_412744.exe
[15:22:42] - [43] MIRKO.POZEN: Fichier envoyé: D:\kerberos.htx\exe\slimdrivers_2-3-0-1_fr_412744.exe (239,68 K/S -   981 728 bytes)
[15:22:42] - [42] MIRKO.POZEN: Fichier envoyé: D:\kerberos.htx\exe\hdsentinel_setup.exe (462,93 K/S -  18 013 720 bytes)
[15:23:13] - [43] Client 192.168.0.1 Déconnecté (00:00:53 Min)
[15:23:13] - [42] Client 192.168.0.1 Déconnecté (00:01:09 Min)
[15:23:32] - [44] Connecté à 192.168.0.1. Collecte du Nom d'utilisateur.
[15:23:32] - [44] Usager MIRKO.POZEN Connecté IP: 192.168.0.1
[15:23:32] - [44] MIRKO.POZEN: Répertoire en Cours: D:\kerberos.htx\
[15:23:32] - [44] MIRKO.POZEN: Répertoire en Cours: D:\kerberos.htx\exe\
[15:23:33] - [44] MIRKO.POZEN: Début du Téléchargement de: D:\kerberos.htx\exe\CrucialFRScan.exe
[15:23:33] - [44] MIRKO.POZEN: Fichier envoyé: D:\kerberos.htx\exe\CrucialFRScan.exe (226,33 K/S -   231 760 bytes)
[15:24:04] - [44] Client 192.168.0.1 Déconnecté (00:00:31 Min)
[15:28:29] - [41] Client 192.168.0.1 Déconnecté (00:08:17 Min)
[15:35:53] - [45] Connecté à 192.168.0.1. Collecte du Nom d'utilisateur.
[15:35:53] - [45] Usager MIRKO.POZEN Connecté IP: 192.168.0.1
[15:35:53] - [45] MIRKO.POZEN: Répertoire en Cours: D:\kerberos.htx\
[15:35:54] - [45] MIRKO.POZEN: Répertoire en Cours: D:\kerberos.htx\
[15:35:58] - [45] MIRKO.POZEN: Répertoire en Cours: D:\kerberos.htx\Hard Disk Sentinel\
[15:36:16] - [46] Connecté à 192.168.0.1. Collecte du Nom d'utilisateur.
[15:36:16] - [47] Connecté à 192.168.0.1. Collecte du Nom d'utilisateur.
[15:36:16] - [46] Usager MIRKO.POZEN Connecté IP: 192.168.0.1
[15:36:16] - [46] MIRKO.POZEN: Répertoire en Cours: D:\kerberos.htx\
[15:36:16] - [47] Usager MIRKO.POZEN Connecté IP: 192.168.0.1
[15:36:16] - [47] MIRKO.POZEN: Répertoire en Cours: D:\kerberos.htx\
[15:36:16] - [46] MIRKO.POZEN: Répertoire en Cours: D:\kerberos.htx\Hard Disk Sentinel\
[15:36:16] - [47] MIRKO.POZEN: Répertoire en Cours: D:\kerberos.htx\Hard Disk Sentinel\
[15:36:21] - [47] MIRKO.POZEN: Début du Téléchargement de: D:\kerberos.htx\Hard Disk Sentinel\ar.lng
[15:36:22] - [47] MIRKO.POZEN: Fichier envoyé: D:\kerberos.htx\Hard Disk Sentinel\ar.lng (42,02 K/S -   43 030 bytes)
[15:36:22] - [47] MIRKO.POZEN: Début du Téléchargement de: D:\kerberos.htx\Hard Disk Sentinel\arpro.lng
[15:36:22] - [47] MIRKO.POZEN: Fichier envoyé: D:\kerberos.htx\Hard Disk Sentinel\arpro.lng (7,20 K/S -   7 376 bytes)
[15:36:22] - [46] MIRKO.POZEN: Début du Téléchargement de: D:\kerberos.htx\Hard Disk Sentinel\be.lng
[15:36:22] - [46] MIRKO.POZEN: Fichier envoyé: D:\kerberos.htx\Hard Disk Sentinel\be.lng (52,19 K/S -   53 446 bytes)
[15:36:22] - [46] MIRKO.POZEN: Début du Téléchargement de: D:\kerberos.htx\Hard Disk Sentinel\bepro.lng
[15:36:22] - [46] MIRKO.POZEN: Fichier envoyé: D:\kerberos.htx\Hard Disk Sentinel\bepro.lng (8,45 K/S -   8 648 bytes)
[15:36:23] - [47] MIRKO.POZEN: Début du Téléchargement de: D:\kerberos.htx\Hard Disk Sentinel\bg.lng
[15:36:23] - [47] MIRKO.POZEN: Fichier envoyé: D:\kerberos.htx\Hard Disk Sentinel\bg.lng (51,42 K/S -   52 657 bytes)
[15:36:23] - [46] MIRKO.POZEN: Début du Téléchargement de: D:\kerberos.htx\Hard Disk Sentinel\bgpro.lng
[15:36:23] - [46] MIRKO.POZEN: Fichier envoyé: D:\kerberos.htx\Hard Disk Sentinel\bgpro.lng (8,47 K/S -   8 676 bytes)
[15:36:23] - [47] MIRKO.POZEN: Début du Téléchargement de: D:\kerberos.htx\Hard Disk Sentinel\cn.lng
[15:36:23] - [46] MIRKO.POZEN: Début du Téléchargement de: D:\kerberos.htx\Hard Disk Sentinel\cnpro.lng
[15:36:23] - [46] MIRKO.POZEN: Fichier envoyé: D:\kerberos.htx\Hard Disk Sentinel\cnpro.lng (4,96 K/S -   5 084 bytes)
[15:36:23] - [47] MIRKO.POZEN: Fichier envoyé: D:\kerberos.htx\Hard Disk Sentinel\cn.lng (30,35 K/S -   31 075 bytes)
[15:36:23] - [47] MIRKO.POZEN: Début du Téléchargement de: D:\kerberos.htx\Hard Disk Sentinel\cz.lng
[15:36:23] - [46] MIRKO.POZEN: Début du Téléchargement de: D:\kerberos.htx\Hard Disk Sentinel\czpro.lng
[15:36:23] - [46] MIRKO.POZEN: Fichier envoyé: D:\kerberos.htx\Hard Disk Sentinel\czpro.lng (7,57 K/S -   7 755 bytes)
[15:36:24] - [47] MIRKO.POZEN: Fichier envoyé: D:\kerberos.htx\Hard Disk Sentinel\cz.lng (45,13 K/S -   46 208 bytes)
[15:36:24] - [47] MIRKO.POZEN: Début du Téléchargement de: D:\kerberos.htx\Hard Disk Sentinel\da.lng
[15:36:24] - [46] MIRKO.POZEN: Début du Téléchargement de: D:\kerberos.htx\Hard Disk Sentinel\dapro.lng
[15:36:24] - [46] MIRKO.POZEN: Fichier envoyé: D:\kerberos.htx\Hard Disk Sentinel\dapro.lng (7,95 K/S -   8 139 bytes)
[15:36:24] - [47] MIRKO.POZEN: Fichier envoyé: D:\kerberos.htx\Hard Disk Sentinel\da.lng (33,76 K/S -   34 569 bytes)
[15:36:24] - [47] MIRKO.POZEN: Début du Téléchargement de: D:\kerberos.htx\Hard Disk Sentinel\de.lng
[15:36:25] - [46] MIRKO.POZEN: Début du Téléchargement de: D:\kerberos.htx\Hard Disk Sentinel\depro.lng
[15:36:25] - [46] MIRKO.POZEN: Fichier envoyé: D:\kerberos.htx\Hard Disk Sentinel\depro.lng (8,66 K/S -   8 863 bytes)
[15:36:25] - [47] MIRKO.POZEN: Fichier envoyé: D:\kerberos.htx\Hard Disk Sentinel\de.lng (53,95 K/S -   55 241 bytes)
[15:36:25] - [46] MIRKO.POZEN: Début du Téléchargement de: D:\kerberos.htx\Hard Disk Sentinel\detect.dat
[15:36:25] - [46] MIRKO.POZEN: Fichier envoyé: D:\kerberos.htx\Hard Disk Sentinel\detect.dat (88,89 K/S -   91 026 bytes)
[15:36:26] - [47] MIRKO.POZEN: Début du Téléchargement de: D:\kerberos.htx\Hard Disk Sentinel\detpex.dlz
[15:36:27] - [47] MIRKO.POZEN: Fichier envoyé: D:\kerberos.htx\Hard Disk Sentinel\detpex.dlz (676,67 K/S -   692 911 bytes)
[15:36:28] - [47] MIRKO.POZEN: Début du Téléchargement de: D:\kerberos.htx\Hard Disk Sentinel\DISKDATA_2.0_____Flash_Disk___5.00.hdd
[15:36:28] - [47] MIRKO.POZEN: Fichier envoyé: D:\kerberos.htx\Hard Disk Sentinel\DISKDATA_2.0_____Flash_Disk___5.00.hdd (0,47 K/S -    480 bytes)
[15:36:28] - [46] MIRKO.POZEN: Début du Téléchargement de: D:\kerberos.htx\Hard Disk Sentinel\DISKDATA_2.0_____Flash_Disk___5.00_scsi.hdi
[15:36:28] - [46] MIRKO.POZEN: Fichier envoyé: D:\kerberos.htx\Hard Disk Sentinel\DISKDATA_2.0_____Flash_Disk___5.00_scsi.hdi (20,83 K/S -   21 332 bytes)
[15:36:28] - [47] MIRKO.POZEN: Début du Téléchargement de: D:\kerberos.htx\Hard Disk Sentinel\DISKDATA_Generic-_Compact_Flash_GENERIC_CF_READER01_1.01.hdd
[15:36:28] - [47] MIRKO.POZEN: Fichier envoyé: D:\kerberos.htx\Hard Disk Sentinel\DISKDATA_Generic-_Compact_Flash_GENERIC_CF_READER01_1.01.hdd (90,47 K/S -   92 640 bytes)
[15:36:28] - [46] MIRKO.POZEN: Début du Téléchargement de: D:\kerberos.htx\Hard Disk Sentinel\DISKDATA_Generic-_Compact_Flash_GENERIC_CF_READER01_1.01_scsi.hdi
[15:36:28] - [46] MIRKO.POZEN: Fichier envoyé: D:\kerberos.htx\Hard Disk Sentinel\DISKDATA_Generic-_Compact_Flash_GENERIC_CF_READER01_1.01_scsi.hdi (20,83 K/S -   21 332 bytes)
[15:36:28] - [47] MIRKO.POZEN: Début du Téléchargement de: D:\kerberos.htx\Hard Disk Sentinel\DISKDATA_Hitachi_HDS721050CLA362_JP5570HF2Z8MNP_JP2OA3EA.dat
[15:36:29] - [47] MIRKO.POZEN: Fichier envoyé: D:\kerberos.htx\Hard Disk Sentinel\DISKDATA_Hitachi_HDS721050CLA362_JP5570HF2Z8MNP_JP2OA3EA.dat (3,16 K/S -   3 234 bytes)
[15:36:29] - [46] MIRKO.POZEN: Début du Téléchargement de: D:\kerberos.htx\Hard Disk Sentinel\DISKDATA_Hitachi_HDS721050CLA362_JP5570HF2Z8MNP_JP2OA3EA.hdd
[15:36:29] - [47] MIRKO.POZEN: Début du Téléchargement de: D:\kerberos.htx\Hard Disk Sentinel\DISKDATA_Hitachi_HDS721050CLA362_JP5570HF2Z8MNP_JP2OA3EA.hdi
[15:36:29] - [47] MIRKO.POZEN: Fichier envoyé: D:\kerberos.htx\Hard Disk Sentinel\DISKDATA_Hitachi_HDS721050CLA362_JP5570HF2Z8MNP_JP2OA3EA.hdi (0,65 K/S -    662 bytes)
[15:36:29] - [46] MIRKO.POZEN: Fichier envoyé: D:\kerberos.htx\Hard Disk Sentinel\DISKDATA_Hitachi_HDS721050CLA362_JP5570HF2Z8MNP_JP2OA3EA.hdd (90,47 K/S -   92 640 bytes)
[15:36:29] - [46] MIRKO.POZEN: Début du Téléchargement de: D:\kerberos.htx\Hard Disk Sentinel\DISKDATA_Multiple_Flash_Reader_GENERIC_SD_READER01_1.05.hdd
[15:36:29] - [47] MIRKO.POZEN: Début du Téléchargement de: D:\kerberos.htx\Hard Disk Sentinel\DISKDATA_Multiple_Flash_Reader_GENERIC_SD_READER01_1.05_scsi.hdi
[15:36:29] - [47] MIRKO.POZEN: Fichier envoyé: D:\kerberos.htx\Hard Disk Sentinel\DISKDATA_Multiple_Flash_Reader_GENERIC_SD_READER01_1.05_scsi.hdi (20,83 K/S -   21 332 bytes)
[15:36:29] - [46] MIRKO.POZEN: Fichier envoyé: D:\kerberos.htx\Hard Disk Sentinel\DISKDATA_Multiple_Flash_Reader_GENERIC_SD_READER01_1.05.hdd (90,47 K/S -   92 640 bytes)
[15:36:29] - [46] MIRKO.POZEN: Début du Téléchargement de: D:\kerberos.htx\Hard Disk Sentinel\DISKDATA_USB_DISK_2.0_PMAP1234_PMAP.hdd
[15:36:29] - [46] MIRKO.POZEN: Fichier envoyé: D:\kerberos.htx\Hard Disk Sentinel\DISKDATA_USB_DISK_2.0_PMAP1234_PMAP.hdd (1,41 K/S -   1 440 bytes)
[15:36:30] - [47] MIRKO.POZEN: Début du Téléchargement de: D:\kerberos.htx\Hard Disk Sentinel\DISKDATA_USB_DISK_2.0_PMAP1234_PMAP_scsi.hdi
[15:36:30] - [46] MIRKO.POZEN: Début du Téléchargement de: D:\kerberos.htx\Hard Disk Sentinel\DriveAddRemoveLog.txt
[15:36:30] - [46] MIRKO.POZEN: Fichier envoyé: D:\kerberos.htx\Hard Disk Sentinel\DriveAddRemoveLog.txt (0,13 K/S -    136 bytes)
[15:36:30] - [47] MIRKO.POZEN: Fichier envoyé: D:\kerberos.htx\Hard Disk Sentinel\DISKDATA_USB_DISK_2.0_PMAP1234_PMAP_scsi.hdi (20,83 K/S -   21 332 bytes)
[15:36:30] - [47] MIRKO.POZEN: Début du Téléchargement de: D:\kerberos.htx\Hard Disk Sentinel\du.lng
[15:36:30] - [46] MIRKO.POZEN: Début du Téléchargement de: D:\kerberos.htx\Hard Disk Sentinel\dupro.lng
[15:36:30] - [46] MIRKO.POZEN: Fichier envoyé: D:\kerberos.htx\Hard Disk Sentinel\dupro.lng (8,49 K/S -   8 698 bytes)
[15:36:30] - [47] MIRKO.POZEN: Fichier envoyé: D:\kerberos.htx\Hard Disk Sentinel\du.lng (51,45 K/S -   52 681 bytes)
[15:36:30] - [46] MIRKO.POZEN: Début du Téléchargement de: D:\kerberos.htx\Hard Disk Sentinel\en.lng
[15:36:30] - [46] MIRKO.POZEN: Fichier envoyé: D:\kerberos.htx\Hard Disk Sentinel\en.lng (47,34 K/S -   48 472 bytes)
[15:36:31] - [46] MIRKO.POZEN: Début du Téléchargement de: D:\kerberos.htx\Hard Disk Sentinel\enpro.lng
[15:36:31] - [46] MIRKO.POZEN: Fichier envoyé: D:\kerberos.htx\Hard Disk Sentinel\enpro.lng (7,75 K/S -   7 939 bytes)
[15:36:31] - [46] MIRKO.POZEN: Début du Téléchargement de: D:\kerberos.htx\Hard Disk Sentinel\fi.lng
[15:36:31] - [46] MIRKO.POZEN: Fichier envoyé: D:\kerberos.htx\Hard Disk Sentinel\fi.lng (48,84 K/S -   50 016 bytes)
[15:36:31] - [46] MIRKO.POZEN: Début du Téléchargement de: D:\kerberos.htx\Hard Disk Sentinel\fipro.lng
[15:36:31] - [46] MIRKO.POZEN: Fichier envoyé: D:\kerberos.htx\Hard Disk Sentinel\fipro.lng (8,30 K/S -   8 502 bytes)
[15:36:32] - [47] MIRKO.POZEN: Début du Téléchargement de: D:\kerberos.htx\Hard Disk Sentinel\fr.lng
[15:36:32] - [47] MIRKO.POZEN: Fichier envoyé: D:\kerberos.htx\Hard Disk Sentinel\fr.lng (55,00 K/S -   56 316 bytes)
[15:36:32] - [47] MIRKO.POZEN: Début du Téléchargement de: D:\kerberos.htx\Hard Disk Sentinel\frpro.lng
[15:36:32] - [47] MIRKO.POZEN: Fichier envoyé: D:\kerberos.htx\Hard Disk Sentinel\frpro.lng (9,34 K/S -   9 566 bytes)
[15:36:32] - [47] MIRKO.POZEN: Début du Téléchargement de: D:\kerberos.htx\Hard Disk Sentinel\grpro.lng
[15:36:32] - [47] MIRKO.POZEN: Fichier envoyé: D:\kerberos.htx\Hard Disk Sentinel\grpro.lng (9,35 K/S -   9 578 bytes)
[15:36:32] - [46] MIRKO.POZEN: Début du Téléchargement de: D:\kerberos.htx\Hard Disk Sentinel\gr.lng
[15:36:32] - [46] MIRKO.POZEN: Fichier envoyé: D:\kerberos.htx\Hard Disk Sentinel\gr.lng (41,76 K/S -   42 761 bytes)
[15:36:33] - [46] MIRKO.POZEN: Début du Téléchargement de: D:\kerberos.htx\Hard Disk Sentinel\hdd.jpg
[15:36:33] - [46] MIRKO.POZEN: Fichier envoyé: D:\kerberos.htx\Hard Disk Sentinel\hdd.jpg (10,04 K/S -   10 279 bytes)
[15:36:33] - [46] MIRKO.POZEN: Début du Téléchargement de: D:\kerberos.htx\Hard Disk Sentinel\HDnotify.wav
[15:36:33] - [46] MIRKO.POZEN: Fichier envoyé: D:\kerberos.htx\Hard Disk Sentinel\HDnotify.wav (22,91 K/S -   23 456 bytes)
[15:36:34] - [46] MIRKO.POZEN: Début du Téléchargement de: D:\kerberos.htx\Hard Disk Sentinel\HDSentinel.exe.BAK
[15:36:37] - [47] MIRKO.POZEN: Début du Téléchargement de: D:\kerberos.htx\Hard Disk Sentinel\HDSentinel.hdk
[15:36:37] - [47] MIRKO.POZEN: Fichier envoyé: D:\kerberos.htx\Hard Disk Sentinel\HDSentinel.hdk (0,51 K/S -    520 bytes)
[15:36:37] - [47] MIRKO.POZEN: Début du Téléchargement de: D:\kerberos.htx\Hard Disk Sentinel\HDSentinel.hds
[15:36:37] - [47] MIRKO.POZEN: Fichier envoyé: D:\kerberos.htx\Hard Disk Sentinel\HDSentinel.hds (0,51 K/S -    520 bytes)
[15:36:38] - [47] MIRKO.POZEN: Début du Téléchargement de: D:\kerberos.htx\Hard Disk Sentinel\HDSentinel.ini
[15:36:38] - [47] MIRKO.POZEN: Fichier envoyé: D:\kerberos.htx\Hard Disk Sentinel\HDSentinel.ini (5,17 K/S -   5 290 bytes)
[15:36:38] - [47] MIRKO.POZEN: Début du Téléchargement de: D:\kerberos.htx\Hard Disk Sentinel\HDSentinel.sta
[15:36:38] - [47] MIRKO.POZEN: Fichier envoyé: D:\kerberos.htx\Hard Disk Sentinel\HDSentinel.sta (6,54 K/S -   6 694 bytes)
[15:36:39] - [47] MIRKO.POZEN: Début du Téléchargement de: D:\kerberos.htx\Hard Disk Sentinel\hdsentinel.vsh
[15:36:39] - [47] MIRKO.POZEN: Fichier envoyé: D:\kerberos.htx\Hard Disk Sentinel\hdsentinel.vsh (8,19 K/S -   8 390 bytes)
[15:36:39] - [47] MIRKO.POZEN: Début du Téléchargement de: D:\kerberos.htx\Hard Disk Sentinel\hdsentinel.vsx
[15:36:39] - [47] MIRKO.POZEN: Fichier envoyé: D:\kerberos.htx\Hard Disk Sentinel\hdsentinel.vsx (0,67 K/S -    686 bytes)
[15:36:40] - [47] MIRKO.POZEN: Début du Téléchargement de: D:\kerberos.htx\Hard Disk Sentinel\HDsirena.mp3
[15:36:41] - [47] MIRKO.POZEN: Fichier envoyé: D:\kerberos.htx\Hard Disk Sentinel\HDsirena.mp3 (57,68 K/S -   59 066 bytes)
[15:36:41] - [47] MIRKO.POZEN: Début du Téléchargement de: D:\kerberos.htx\Hard Disk Sentinel\hdsversion.txt
[15:36:41] - [47] MIRKO.POZEN: Fichier envoyé: D:\kerberos.htx\Hard Disk Sentinel\hdsversion.txt (0,01 K/S -    11 bytes)
[15:36:41] - [47] MIRKO.POZEN: Début du Téléchargement de: D:\kerberos.htx\Hard Disk Sentinel\hds_eula_en.txt
[15:36:41] - [47] MIRKO.POZEN: Fichier envoyé: D:\kerberos.htx\Hard Disk Sentinel\hds_eula_en.txt (11,25 K/S -   11 521 bytes)
[15:36:42] - [47] MIRKO.POZEN: Début du Téléchargement de: D:\kerberos.htx\Hard Disk Sentinel\hds_eula_hu.txt
[15:36:42] - [47] MIRKO.POZEN: Fichier envoyé: D:\kerberos.htx\Hard Disk Sentinel\hds_eula_hu.txt (9,86 K/S -   10 097 bytes)
[15:36:43] - [47] MIRKO.POZEN: Début du Téléchargement de: D:\kerberos.htx\Hard Disk Sentinel\hu.lng
[15:36:43] - [47] MIRKO.POZEN: Fichier envoyé: D:\kerberos.htx\Hard Disk Sentinel\hu.lng (50,08 K/S -   51 281 bytes)
[15:36:43] - [47] MIRKO.POZEN: Début du Téléchargement de: D:\kerberos.htx\Hard Disk Sentinel\hupro.lng
[15:36:43] - [47] MIRKO.POZEN: Fichier envoyé: D:\kerberos.htx\Hard Disk Sentinel\hupro.lng (8,42 K/S -   8 623 bytes)
[15:36:43] - [47] MIRKO.POZEN: Début du Téléchargement de: D:\kerberos.htx\Hard Disk Sentinel\id.lng
[15:36:44] - [47] MIRKO.POZEN: Fichier envoyé: D:\kerberos.htx\Hard Disk Sentinel\id.lng (49,77 K/S -   50 968 bytes)
[15:36:44] - [47] MIRKO.POZEN: Début du Téléchargement de: D:\kerberos.htx\Hard Disk Sentinel\idpro.lng
[15:36:44] - [47] MIRKO.POZEN: Fichier envoyé: D:\kerberos.htx\Hard Disk Sentinel\idpro.lng (8,53 K/S -   8 738 bytes)
[15:36:44] - [46] MIRKO.POZEN: Fichier envoyé: D:\kerberos.htx\Hard Disk Sentinel\HDSentinel.exe.BAK (435,56 K/S -  4 460 176 bytes)
[15:36:44] - [47] MIRKO.POZEN: Début du Téléchargement de: D:\kerberos.htx\Hard Disk Sentinel\it.lng
[15:36:44] - [47] MIRKO.POZEN: Fichier envoyé: D:\kerberos.htx\Hard Disk Sentinel\it.lng (51,54 K/S -   52 774 bytes)
[15:36:44] - [47] MIRKO.POZEN: Début du Téléchargement de: D:\kerberos.htx\Hard Disk Sentinel\itpro.lng
[15:36:45] - [47] MIRKO.POZEN: Fichier envoyé: D:\kerberos.htx\Hard Disk Sentinel\itpro.lng (8,74 K/S -   8 951 bytes)
[15:36:45] - [47] MIRKO.POZEN: Début du Téléchargement de: D:\kerberos.htx\Hard Disk Sentinel\jp.lng
[15:36:45] - [46] MIRKO.POZEN: Début du Téléchargement de: D:\kerberos.htx\Hard Disk Sentinel\jppro.lng
[15:36:45] - [47] MIRKO.POZEN: Fichier envoyé: D:\kerberos.htx\Hard Disk Sentinel\jp.lng (46,25 K/S -   47 355 bytes)
[15:36:45] - [46] MIRKO.POZEN: Fichier envoyé: D:\kerberos.htx\Hard Disk Sentinel\jppro.lng (8,04 K/S -   8 237 bytes)
[15:36:46] - [47] MIRKO.POZEN: Début du Téléchargement de: D:\kerberos.htx\Hard Disk Sentinel\log.txt
[15:36:46] - [47] MIRKO.POZEN: Fichier envoyé: D:\kerberos.htx\Hard Disk Sentinel\log.txt (27,33 K/S -   27 981 bytes)
[15:36:46] - [46] MIRKO.POZEN: Début du Téléchargement de: D:\kerberos.htx\Hard Disk Sentinel\mk.lng
[15:36:46] - [47] MIRKO.POZEN: Début du Téléchargement de: D:\kerberos.htx\Hard Disk Sentinel\mkpro.lng
[15:36:46] - [47] MIRKO.POZEN: Fichier envoyé: D:\kerberos.htx\Hard Disk Sentinel\mkpro.lng (8,76 K/S -   8 971 bytes)
[15:36:46] - [46] MIRKO.POZEN: Fichier envoyé: D:\kerberos.htx\Hard Disk Sentinel\mk.lng (51,87 K/S -   53 112 bytes)
[15:36:46] - [47] MIRKO.POZEN: Début du Téléchargement de: D:\kerberos.htx\Hard Disk Sentinel\pl.lng
[15:36:46] - [47] MIRKO.POZEN: Fichier envoyé: D:\kerberos.htx\Hard Disk Sentinel\pl.lng (51,94 K/S -   53 184 bytes)
[15:36:47] - [47] MIRKO.POZEN: Début du Téléchargement de: D:\kerberos.htx\Hard Disk Sentinel\plpro.lng
[15:36:47] - [47] MIRKO.POZEN: Fichier envoyé: D:\kerberos.htx\Hard Disk Sentinel\plpro.lng (8,65 K/S -   8 857 bytes)
[15:36:48] - [46] MIRKO.POZEN: Début du Téléchargement de: D:\kerberos.htx\Hard Disk Sentinel\ptbr.lng
[15:36:48] - [46] MIRKO.POZEN: Fichier envoyé: D:\kerberos.htx\Hard Disk Sentinel\ptbr.lng (51,75 K/S -   52 990 bytes)
[15:36:48] - [46] MIRKO.POZEN: Début du Téléchargement de: D:\kerberos.htx\Hard Disk Sentinel\ptbrpro.lng
[15:36:48] - [46] MIRKO.POZEN: Fichier envoyé: D:\kerberos.htx\Hard Disk Sentinel\ptbrpro.lng (8,72 K/S -   8 925 bytes)
[15:36:49] - [47] MIRKO.POZEN: Début du Téléchargement de: D:\kerberos.htx\Hard Disk Sentinel\ro.lng
[15:36:49] - [47] MIRKO.POZEN: Fichier envoyé: D:\kerberos.htx\Hard Disk Sentinel\ro.lng (45,47 K/S -   46 565 bytes)
[15:36:49] - [47] MIRKO.POZEN: Début du Téléchargement de: D:\kerberos.htx\Hard Disk Sentinel\ropro.lng
[15:36:49] - [47] MIRKO.POZEN: Fichier envoyé: D:\kerberos.htx\Hard Disk Sentinel\ropro.lng (8,02 K/S -   8 217 bytes)
[15:36:49] - [47] MIRKO.POZEN: Début du Téléchargement de: D:\kerberos.htx\Hard Disk Sentinel\ru.lng
[15:36:49] - [47] MIRKO.POZEN: Fichier envoyé: D:\kerberos.htx\Hard Disk Sentinel\ru.lng (48,95 K/S -   50 125 bytes)
[15:36:50] - [47] MIRKO.POZEN: Début du Téléchargement de: D:\kerberos.htx\Hard Disk Sentinel\rupro.lng
[15:36:50] - [47] MIRKO.POZEN: Fichier envoyé: D:\kerberos.htx\Hard Disk Sentinel\rupro.lng (7,78 K/S -   7 963 bytes)
[15:36:50] - [47] MIRKO.POZEN: Début du Téléchargement de: D:\kerberos.htx\Hard Disk Sentinel\sk.lng
[15:36:50] - [46] MIRKO.POZEN: Début du Téléchargement de: D:\kerberos.htx\Hard Disk Sentinel\skpro.lng
[15:36:50] - [46] MIRKO.POZEN: Fichier envoyé: D:\kerberos.htx\Hard Disk Sentinel\skpro.lng (8,25 K/S -   8 445 bytes)
[15:36:50] - [47] MIRKO.POZEN: Fichier envoyé: D:\kerberos.htx\Hard Disk Sentinel\sk.lng (47,54 K/S -   48 678 bytes)
[15:36:50] - [47] MIRKO.POZEN: Début du Téléchargement de: D:\kerberos.htx\Hard Disk Sentinel\sp.lng
[15:36:50] - [47] MIRKO.POZEN: Fichier envoyé: D:\kerberos.htx\Hard Disk Sentinel\sp.lng (11,83 K/S -   12 109 bytes)
[15:36:51] - [47] MIRKO.POZEN: Début du Téléchargement de: D:\kerberos.htx\Hard Disk Sentinel\Status.icd
[15:36:51] - [47] MIRKO.POZEN: Fichier envoyé: D:\kerberos.htx\Hard Disk Sentinel\Status.icd (253,15 K/S -   259 224 bytes)
[15:36:51] - [46] MIRKO.POZEN: Début du Téléchargement de: D:\kerberos.htx\Hard Disk Sentinel\Statusb.icd
[15:36:52] - [47] MIRKO.POZEN: Début du Téléchargement de: D:\kerberos.htx\Hard Disk Sentinel\Statusg.icd
[15:36:52] - [46] MIRKO.POZEN: Fichier envoyé: D:\kerberos.htx\Hard Disk Sentinel\Statusb.icd (253,15 K/S -   259 224 bytes)
[15:36:52] - [47] MIRKO.POZEN: Fichier envoyé: D:\kerberos.htx\Hard Disk Sentinel\Statusg.icd (253,15 K/S -   259 224 bytes)
[15:36:52] - [46] MIRKO.POZEN: Début du Téléchargement de: D:\kerberos.htx\Hard Disk Sentinel\Statusn.icd
[15:36:53] - [47] MIRKO.POZEN: Début du Téléchargement de: D:\kerberos.htx\Hard Disk Sentinel\Statusw.icd
[15:36:53] - [46] MIRKO.POZEN: Fichier envoyé: D:\kerberos.htx\Hard Disk Sentinel\Statusn.icd (253,15 K/S -   259 224 bytes)
[15:36:53] - [47] MIRKO.POZEN: Fichier envoyé: D:\kerberos.htx\Hard Disk Sentinel\Statusw.icd (253,15 K/S -   259 224 bytes)
[15:36:55] - [46] MIRKO.POZEN: Début du Téléchargement de: D:\kerberos.htx\Hard Disk Sentinel\storelib2.dlz
[15:36:56] - [46] MIRKO.POZEN: Fichier envoyé: D:\kerberos.htx\Hard Disk Sentinel\storelib2.dlz (868,31 K/S -   889 148 bytes)
[15:36:56] - [46] MIRKO.POZEN: Début du Téléchargement de: D:\kerberos.htx\Hard Disk Sentinel\sw.lng
[15:36:56] - [47] MIRKO.POZEN: Début du Téléchargement de: D:\kerberos.htx\Hard Disk Sentinel\swpro.lng
[15:36:56] - [47] MIRKO.POZEN: Fichier envoyé: D:\kerberos.htx\Hard Disk Sentinel\swpro.lng (7,57 K/S -   7 753 bytes)
[15:36:56] - [46] MIRKO.POZEN: Fichier envoyé: D:\kerberos.htx\Hard Disk Sentinel\sw.lng (47,14 K/S -   48 274 bytes)
[15:36:56] - [46] MIRKO.POZEN: Début du Téléchargement de: D:\kerberos.htx\Hard Disk Sentinel\tr.lng
[15:36:56] - [47] MIRKO.POZEN: Début du Téléchargement de: D:\kerberos.htx\Hard Disk Sentinel\trpro.lng
[15:36:56] - [47] MIRKO.POZEN: Fichier envoyé: D:\kerberos.htx\Hard Disk Sentinel\trpro.lng (8,26 K/S -   8 455 bytes)
[15:36:56] - [46] MIRKO.POZEN: Fichier envoyé: D:\kerberos.htx\Hard Disk Sentinel\tr.lng (30,05 K/S -   30 775 bytes)
[15:36:57] - [46] MIRKO.POZEN: Début du Téléchargement de: D:\kerberos.htx\Hard Disk Sentinel\tw.lng
[15:36:57] - [46] MIRKO.POZEN: Fichier envoyé: D:\kerberos.htx\Hard Disk Sentinel\tw.lng (30,30 K/S -   31 032 bytes)
[15:36:57] - [47] MIRKO.POZEN: Début du Téléchargement de: D:\kerberos.htx\Hard Disk Sentinel\twpro.lng
[15:36:57] - [47] MIRKO.POZEN: Fichier envoyé: D:\kerberos.htx\Hard Disk Sentinel\twpro.lng (4,91 K/S -   5 024 bytes)
[15:36:57] - [46] MIRKO.POZEN: Début du Téléchargement de: D:\kerberos.htx\Hard Disk Sentinel\uk.lng
[15:36:57] - [47] MIRKO.POZEN: Début du Téléchargement de: D:\kerberos.htx\Hard Disk Sentinel\ukpro.lng
[15:36:57] - [47] MIRKO.POZEN: Fichier envoyé: D:\kerberos.htx\Hard Disk Sentinel\ukpro.lng (8,12 K/S -   8 316 bytes)
[15:36:57] - [46] MIRKO.POZEN: Fichier envoyé: D:\kerberos.htx\Hard Disk Sentinel\uk.lng (48,89 K/S -   50 059 bytes)
[15:36:57] - [46] MIRKO.POZEN: Début du Téléchargement de: D:\kerberos.htx\Hard Disk Sentinel\unins000.dat
[15:36:57] - [46] MIRKO.POZEN: Fichier envoyé: D:\kerberos.htx\Hard Disk Sentinel\unins000.dat (12,58 K/S -   12 883 bytes)
[15:36:58] - [46] MIRKO.POZEN: Début du Téléchargement de: D:\kerberos.htx\Hard Disk Sentinel\Vista_Status.icd
[15:36:58] - [46] MIRKO.POZEN: Fichier envoyé: D:\kerberos.htx\Hard Disk Sentinel\Vista_Status.icd (254,65 K/S -   260 760 bytes)
[15:36:58] - [46] MIRKO.POZEN: Début du Téléchargement de: D:\kerberos.htx\Hard Disk Sentinel\Vista_Statusb.icd
[15:36:59] - [47] MIRKO.POZEN: Début du Téléchargement de: D:\kerberos.htx\Hard Disk Sentinel\Vista_Statusg.icd
[15:36:59] - [46] MIRKO.POZEN: Fichier envoyé: D:\kerberos.htx\Hard Disk Sentinel\Vista_Statusb.icd (254,65 K/S -   260 760 bytes)
[15:36:59] - [46] MIRKO.POZEN: Début du Téléchargement de: D:\kerberos.htx\Hard Disk Sentinel\Vista_Statusn.icd
[15:36:59] - [47] MIRKO.POZEN: Fichier envoyé: D:\kerberos.htx\Hard Disk Sentinel\Vista_Statusg.icd (254,65 K/S -   260 760 bytes)
[15:36:59] - [47] MIRKO.POZEN: Début du Téléchargement de: D:\kerberos.htx\Hard Disk Sentinel\Vista_Statusw.icd
[15:37:00] - [46] MIRKO.POZEN: Fichier envoyé: D:\kerberos.htx\Hard Disk Sentinel\Vista_Statusn.icd (254,65 K/S -   260 760 bytes)
[15:37:00] - [46] MIRKO.POZEN: Début du Téléchargement de: D:\kerberos.htx\Hard Disk Sentinel\winsched.txt
[15:37:00] - [46] MIRKO.POZEN: Fichier envoyé: D:\kerberos.htx\Hard Disk Sentinel\winsched.txt (27,61 K/S -   28 277 bytes)
[15:37:00] - [47] MIRKO.POZEN: Fichier envoyé: D:\kerberos.htx\Hard Disk Sentinel\Vista_Statusw.icd (254,65 K/S -   260 760 bytes)
[15:37:10] - [47] Client 192.168.0.1 Déconnecté (00:00:53 Min)
[15:37:10] - [46] Client 192.168.0.1 Déconnecté (00:00:54 Min)
[15:37:10] - [45] Client 192.168.0.1 Déconnecté (00:01:16 Min)
[15:38:10] - [48] Connecté à 192.168.0.1. Collecte du Nom d'utilisateur.
[15:38:10] - [48] Usager MIRKO.POZEN Connecté IP: 192.168.0.1
[15:38:10] - [48] MIRKO.POZEN: Répertoire en Cours: D:\kerberos.htx\
[15:38:10] - [48] MIRKO.POZEN: Répertoire en Cours: D:\kerberos.htx\
[15:38:22] - [48] MIRKO.POZEN: Répertoire en Cours: D:\kerberos.htx\Hard Disk Sentinel\
[15:38:37] - [49] Connecté à 192.168.0.1. Collecte du Nom d'utilisateur.
[15:38:37] - [50] Connecté à 192.168.0.1. Collecte du Nom d'utilisateur.
[15:38:37] - [49] Usager MIRKO.POZEN Connecté IP: 192.168.0.1
[15:38:37] - [49] MIRKO.POZEN: Répertoire en Cours: D:\kerberos.htx\
[15:38:37] - [50] Usager MIRKO.POZEN Connecté IP: 192.168.0.1
[15:38:37] - [50] MIRKO.POZEN: Répertoire en Cours: D:\kerberos.htx\
[15:38:37] - [50] MIRKO.POZEN: Répertoire en Cours: D:\kerberos.htx\Hard Disk Sentinel\
[15:38:37] - [49] MIRKO.POZEN: Répertoire en Cours: D:\kerberos.htx\Hard Disk Sentinel\
[15:38:37] - [50] MIRKO.POZEN: Début du Téléchargement de: D:\kerberos.htx\Hard Disk Sentinel\ar.lng
[15:38:37] - [49] MIRKO.POZEN: Début du Téléchargement de: D:\kerberos.htx\Hard Disk Sentinel\afaapi.dll
[15:38:37] - [50] MIRKO.POZEN: Fichier envoyé: D:\kerberos.htx\Hard Disk Sentinel\ar.lng (42,02 K/S -   43 030 bytes)
[15:38:37] - [50] MIRKO.POZEN: Début du Téléchargement de: D:\kerberos.htx\Hard Disk Sentinel\arpro.lng
[15:38:37] - [50] MIRKO.POZEN: Fichier envoyé: D:\kerberos.htx\Hard Disk Sentinel\arpro.lng (7,20 K/S -   7 376 bytes)
[15:38:38] - [50] MIRKO.POZEN: Début du Téléchargement de: D:\kerberos.htx\Hard Disk Sentinel\bc_vbdll.dll
[15:38:39] - [49] MIRKO.POZEN: Fichier envoyé: D:\kerberos.htx\Hard Disk Sentinel\afaapi.dll (341,07 K/S -   698 512 bytes)
[15:38:39] - [49] MIRKO.POZEN: Début du Téléchargement de: D:\kerberos.htx\Hard Disk Sentinel\be.lng
[15:38:39] - [49] MIRKO.POZEN: Fichier envoyé: D:\kerberos.htx\Hard Disk Sentinel\be.lng (52,19 K/S -   53 446 bytes)
[15:38:39] - [49] MIRKO.POZEN: Début du Téléchargement de: D:\kerberos.htx\Hard Disk Sentinel\bepro.lng
[15:38:39] - [50] MIRKO.POZEN: Fichier envoyé: D:\kerberos.htx\Hard Disk Sentinel\bc_vbdll.dll (590,14 K/S -   604 304 bytes)
[15:38:39] - [49] MIRKO.POZEN: Fichier envoyé: D:\kerberos.htx\Hard Disk Sentinel\bepro.lng (8,45 K/S -   8 648 bytes)
[15:38:39] - [50] MIRKO.POZEN: Début du Téléchargement de: D:\kerberos.htx\Hard Disk Sentinel\bg.lng
[15:38:40] - [50] MIRKO.POZEN: Fichier envoyé: D:\kerberos.htx\Hard Disk Sentinel\bg.lng (51,42 K/S -   52 657 bytes)
[15:38:40] - [49] MIRKO.POZEN: Début du Téléchargement de: D:\kerberos.htx\Hard Disk Sentinel\bgpro.lng
[15:38:40] - [49] MIRKO.POZEN: Fichier envoyé: D:\kerberos.htx\Hard Disk Sentinel\bgpro.lng (8,47 K/S -   8 676 bytes)
[15:38:40] - [50] MIRKO.POZEN: Début du Téléchargement de: D:\kerberos.htx\Hard Disk Sentinel\cn.lng
[15:38:40] - [50] MIRKO.POZEN: Fichier envoyé: D:\kerberos.htx\Hard Disk Sentinel\cn.lng (30,35 K/S -   31 075 bytes)
[15:38:40] - [49] MIRKO.POZEN: Début du Téléchargement de: D:\kerberos.htx\Hard Disk Sentinel\cnpro.lng
[15:38:40] - [49] MIRKO.POZEN: Fichier envoyé: D:\kerberos.htx\Hard Disk Sentinel\cnpro.lng (4,96 K/S -   5 084 bytes)
[15:38:40] - [50] MIRKO.POZEN: Début du Téléchargement de: D:\kerberos.htx\Hard Disk Sentinel\cz.lng
[15:38:40] - [50] MIRKO.POZEN: Fichier envoyé: D:\kerberos.htx\Hard Disk Sentinel\cz.lng (45,13 K/S -   46 208 bytes)
[15:38:40] - [49] MIRKO.POZEN: Début du Téléchargement de: D:\kerberos.htx\Hard Disk Sentinel\czpro.lng
[15:38:40] - [49] MIRKO.POZEN: Fichier envoyé: D:\kerberos.htx\Hard Disk Sentinel\czpro.lng (7,57 K/S -   7 755 bytes)
[15:38:40] - [50] MIRKO.POZEN: Début du Téléchargement de: D:\kerberos.htx\Hard Disk Sentinel\da.lng
[15:38:40] - [50] MIRKO.POZEN: Fichier envoyé: D:\kerberos.htx\Hard Disk Sentinel\da.lng (33,76 K/S -   34 569 bytes)
[15:38:40] - [49] MIRKO.POZEN: Début du Téléchargement de: D:\kerberos.htx\Hard Disk Sentinel\dapro.lng
[15:38:40] - [49] MIRKO.POZEN: Fichier envoyé: D:\kerberos.htx\Hard Disk Sentinel\dapro.lng (7,95 K/S -   8 139 bytes)
[15:38:40] - [50] MIRKO.POZEN: Début du Téléchargement de: D:\kerberos.htx\Hard Disk Sentinel\de.lng
[15:38:40] - [50] MIRKO.POZEN: Fichier envoyé: D:\kerberos.htx\Hard Disk Sentinel\de.lng (53,95 K/S -   55 241 bytes)
[15:38:41] - [49] MIRKO.POZEN: Début du Téléchargement de: D:\kerberos.htx\Hard Disk Sentinel\depro.lng
[15:38:41] - [49] MIRKO.POZEN: Fichier envoyé: D:\kerberos.htx\Hard Disk Sentinel\depro.lng (8,66 K/S -   8 863 bytes)
[15:38:41] - [50] MIRKO.POZEN: Début du Téléchargement de: D:\kerberos.htx\Hard Disk Sentinel\deta.dll
[15:38:41] - [49] MIRKO.POZEN: Début du Téléchargement de: D:\kerberos.htx\Hard Disk Sentinel\detect.dat
[15:38:41] - [50] MIRKO.POZEN: Fichier envoyé: D:\kerberos.htx\Hard Disk Sentinel\deta.dll (37,14 K/S -   38 032 bytes)
[15:38:41] - [50] MIRKO.POZEN: Début du Téléchargement de: D:\kerberos.htx\Hard Disk Sentinel\detect.dll
[15:38:47] - [49] MIRKO.POZEN: Fichier envoyé: D:\kerberos.htx\Hard Disk Sentinel\detect.dat (14,82 K/S -   91 026 bytes)
[15:38:47] - [49] MIRKO.POZEN: Début du Téléchargement de: D:\kerberos.htx\Hard Disk Sentinel\detjm.dll
[15:38:47] - [50] MIRKO.POZEN: Fichier envoyé: D:\kerberos.htx\Hard Disk Sentinel\detect.dll (28,94 K/S -   177 808 bytes)
[15:38:47] - [50] MIRKO.POZEN: Début du Téléchargement de: D:\kerberos.htx\Hard Disk Sentinel\detp.dll
[15:38:47] - [49] MIRKO.POZEN: Fichier envoyé: D:\kerberos.htx\Hard Disk Sentinel\detjm.dll (100,45 K/S -   102 856 bytes)
[15:38:48] - [49] MIRKO.POZEN: Début du Téléchargement de: D:\kerberos.htx\Hard Disk Sentinel\detpex.dlz
[15:38:48] - [50] MIRKO.POZEN: Fichier envoyé: D:\kerberos.htx\Hard Disk Sentinel\detp.dll (115,14 K/S -   117 904 bytes)
[15:38:48] - [50] MIRKO.POZEN: Début du Téléchargement de: D:\kerberos.htx\Hard Disk Sentinel\detrc.dll
[15:38:48] - [50] MIRKO.POZEN: Fichier envoyé: D:\kerberos.htx\Hard Disk Sentinel\detrc.dll (138,14 K/S -   141 456 bytes)
[15:38:48] - [50] MIRKO.POZEN: Début du Téléchargement de: D:\kerberos.htx\Hard Disk Sentinel\detw.dll
[15:38:49] - [50] MIRKO.POZEN: Fichier envoyé: D:\kerberos.htx\Hard Disk Sentinel\detw.dll (176,15 K/S -   180 376 bytes)
[15:38:49] - [50] MIRKO.POZEN: Début du Téléchargement de: D:\kerberos.htx\Hard Disk Sentinel\detw64.dll
[15:38:50] - [49] MIRKO.POZEN: Fichier envoyé: D:\kerberos.htx\Hard Disk Sentinel\detpex.dlz (338,34 K/S -   692 911 bytes)
[15:38:50] - [49] MIRKO.POZEN: Début du Téléchargement de: D:\kerberos.htx\Hard Disk Sentinel\DISKDATA_2.0_____Flash_Disk___5.00.hdd
[15:38:50] - [49] MIRKO.POZEN: Fichier envoyé: D:\kerberos.htx\Hard Disk Sentinel\DISKDATA_2.0_____Flash_Disk___5.00.hdd (0,47 K/S -    480 bytes)
[15:38:50] - [50] MIRKO.POZEN: Fichier envoyé: D:\kerberos.htx\Hard Disk Sentinel\detw64.dll (215,65 K/S -   220 824 bytes)
[15:38:50] - [50] MIRKO.POZEN: Début du Téléchargement de: D:\kerberos.htx\Hard Disk Sentinel\DISKDATA_2.0_____Flash_Disk___5.00_scsi.hdi
[15:38:50] - [50] MIRKO.POZEN: Fichier envoyé: D:\kerberos.htx\Hard Disk Sentinel\DISKDATA_2.0_____Flash_Disk___5.00_scsi.hdi (20,83 K/S -   21 332 bytes)
[15:38:50] - [49] MIRKO.POZEN: Début du Téléchargement de: D:\kerberos.htx\Hard Disk Sentinel\DISKDATA_Generic-_Compact_Flash_GENERIC_CF_READER01_1.01.hdd
[15:38:50] - [49] MIRKO.POZEN: Fichier envoyé: D:\kerberos.htx\Hard Disk Sentinel\DISKDATA_Generic-_Compact_Flash_GENERIC_CF_READER01_1.01.hdd (90,47 K/S -   92 640 bytes)
[15:38:50] - [50] MIRKO.POZEN: Début du Téléchargement de: D:\kerberos.htx\Hard Disk Sentinel\DISKDATA_Generic-_Compact_Flash_GENERIC_CF_READER01_1.01_scsi.hdi
[15:38:50] - [50] MIRKO.POZEN: Fichier envoyé: D:\kerberos.htx\Hard Disk Sentinel\DISKDATA_Generic-_Compact_Flash_GENERIC_CF_READER01_1.01_scsi.hdi (20,83 K/S -   21 332 bytes)
[15:38:50] - [49] MIRKO.POZEN: Début du Téléchargement de: D:\kerberos.htx\Hard Disk Sentinel\DISKDATA_Hitachi_HDS721050CLA362_JP5570HF2Z8MNP_JP2OA3EA.dat
[15:38:51] - [49] MIRKO.POZEN: Fichier envoyé: D:\kerberos.htx\Hard Disk Sentinel\DISKDATA_Hitachi_HDS721050CLA362_JP5570HF2Z8MNP_JP2OA3EA.dat (3,16 K/S -   3 234 bytes)
[15:38:51] - [50] MIRKO.POZEN: Début du Téléchargement de: D:\kerberos.htx\Hard Disk Sentinel\DISKDATA_Hitachi_HDS721050CLA362_JP5570HF2Z8MNP_JP2OA3EA.hdd
[15:38:51] - [49] MIRKO.POZEN: Début du Téléchargement de: D:\kerberos.htx\Hard Disk Sentinel\DISKDATA_Hitachi_HDS721050CLA362_JP5570HF2Z8MNP_JP2OA3EA.hdi
[15:38:51] - [49] MIRKO.POZEN: Fichier envoyé: D:\kerberos.htx\Hard Disk Sentinel\DISKDATA_Hitachi_HDS721050CLA362_JP5570HF2Z8MNP_JP2OA3EA.hdi (0,65 K/S -    662 bytes)
[15:38:51] - [50] MIRKO.POZEN: Fichier envoyé: D:\kerberos.htx\Hard Disk Sentinel\DISKDATA_Hitachi_HDS721050CLA362_JP5570HF2Z8MNP_JP2OA3EA.hdd (90,47 K/S -   92 640 bytes)
[15:38:51] - [50] MIRKO.POZEN: Début du Téléchargement de: D:\kerberos.htx\Hard Disk Sentinel\DISKDATA_Multiple_Flash_Reader_GENERIC_SD_READER01_1.05.hdd
[15:38:51] - [49] MIRKO.POZEN: Début du Téléchargement de: D:\kerberos.htx\Hard Disk Sentinel\DISKDATA_Multiple_Flash_Reader_GENERIC_SD_READER01_1.05_scsi.hdi
[15:38:51] - [50] MIRKO.POZEN: Fichier envoyé: D:\kerberos.htx\Hard Disk Sentinel\DISKDATA_Multiple_Flash_Reader_GENERIC_SD_READER01_1.05.hdd (90,47 K/S -   92 640 bytes)
[15:38:51] - [49] MIRKO.POZEN: Fichier envoyé: D:\kerberos.htx\Hard Disk Sentinel\DISKDATA_Multiple_Flash_Reader_GENERIC_SD_READER01_1.05_scsi.hdi (20,83 K/S -   21 332 bytes)
[15:38:51] - [50] MIRKO.POZEN: Début du Téléchargement de: D:\kerberos.htx\Hard Disk Sentinel\DISKDATA_USB_DISK_2.0_PMAP1234_PMAP.hdd
[15:38:51] - [50] MIRKO.POZEN: Fichier envoyé: D:\kerberos.htx\Hard Disk Sentinel\DISKDATA_USB_DISK_2.0_PMAP1234_PMAP.hdd (1,41 K/S -   1 440 bytes)
[15:38:51] - [49] MIRKO.POZEN: Début du Téléchargement de: D:\kerberos.htx\Hard Disk Sentinel\DISKDATA_USB_DISK_2.0_PMAP1234_PMAP_scsi.hdi
[15:38:51] - [49] MIRKO.POZEN: Fichier envoyé: D:\kerberos.htx\Hard Disk Sentinel\DISKDATA_USB_DISK_2.0_PMAP1234_PMAP_scsi.hdi (20,83 K/S -   21 332 bytes)
[15:38:51] - [50] MIRKO.POZEN: Début du Téléchargement de: D:\kerberos.htx\Hard Disk Sentinel\DriveAddRemoveLog.txt
[15:38:51] - [50] MIRKO.POZEN: Fichier envoyé: D:\kerberos.htx\Hard Disk Sentinel\DriveAddRemoveLog.txt (0,13 K/S -    136 bytes)
[15:38:52] - [49] MIRKO.POZEN: Début du Téléchargement de: D:\kerberos.htx\Hard Disk Sentinel\du.lng
[15:38:52] - [49] MIRKO.POZEN: Fichier envoyé: D:\kerberos.htx\Hard Disk Sentinel\du.lng (51,45 K/S -   52 681 bytes)
[15:38:52] - [50] MIRKO.POZEN: Début du Téléchargement de: D:\kerberos.htx\Hard Disk Sentinel\dupro.lng
[15:38:52] - [50] MIRKO.POZEN: Fichier envoyé: D:\kerberos.htx\Hard Disk Sentinel\dupro.lng (8,49 K/S -   8 698 bytes)
[15:38:52] - [49] MIRKO.POZEN: Début du Téléchargement de: D:\kerberos.htx\Hard Disk Sentinel\en.chm
[15:38:52] - [50] MIRKO.POZEN: Début du Téléchargement de: D:\kerberos.htx\Hard Disk Sentinel\en.lng
[15:38:52] - [50] MIRKO.POZEN: Fichier envoyé: D:\kerberos.htx\Hard Disk Sentinel\en.lng (47,34 K/S -   48 472 bytes)
[15:38:52] - [50] MIRKO.POZEN: Début du Téléchargement de: D:\kerberos.htx\Hard Disk Sentinel\enpro.lng
[15:38:52] - [50] MIRKO.POZEN: Fichier envoyé: D:\kerberos.htx\Hard Disk Sentinel\enpro.lng (7,75 K/S -   7 939 bytes)
[15:38:52] - [50] MIRKO.POZEN: Début du Téléchargement de: D:\kerberos.htx\Hard Disk Sentinel\fi.chm
[15:38:55] - [49] MIRKO.POZEN: Fichier envoyé: D:\kerberos.htx\Hard Disk Sentinel\en.chm (501,93 K/S -  1 541 923 bytes)
[15:38:55] - [49] MIRKO.POZEN: Début du Téléchargement de: D:\kerberos.htx\Hard Disk Sentinel\fi.lng
[15:38:56] - [49] MIRKO.POZEN: Fichier envoyé: D:\kerberos.htx\Hard Disk Sentinel\fi.lng (48,84 K/S -   50 016 bytes)
[15:38:56] - [49] MIRKO.POZEN: Début du Téléchargement de: D:\kerberos.htx\Hard Disk Sentinel\fipro.lng
[15:38:56] - [49] MIRKO.POZEN: Fichier envoyé: D:\kerberos.htx\Hard Disk Sentinel\fipro.lng (8,30 K/S -   8 502 bytes)
[15:38:56] - [50] MIRKO.POZEN: Fichier envoyé: D:\kerberos.htx\Hard Disk Sentinel\fi.chm (382,16 K/S -  1 565 319 bytes)
[15:38:56] - [50] MIRKO.POZEN: Début du Téléchargement de: D:\kerberos.htx\Hard Disk Sentinel\fnp_act_installer.dll
[15:38:57] - [49] MIRKO.POZEN: Début du Téléchargement de: D:\kerberos.htx\Hard Disk Sentinel\fr.lng
[15:38:57] - [49] MIRKO.POZEN: Fichier envoyé: D:\kerberos.htx\Hard Disk Sentinel\fr.lng (55,00 K/S -   56 316 bytes)
[15:38:57] - [49] MIRKO.POZEN: Début du Téléchargement de: D:\kerberos.htx\Hard Disk Sentinel\frpro.lng
[15:38:57] - [49] MIRKO.POZEN: Fichier envoyé: D:\kerberos.htx\Hard Disk Sentinel\frpro.lng (9,34 K/S -   9 566 bytes)
[15:38:57] - [49] MIRKO.POZEN: Début du Téléchargement de: D:\kerberos.htx\Hard Disk Sentinel\gr.lng
[15:38:57] - [49] MIRKO.POZEN: Fichier envoyé: D:\kerberos.htx\Hard Disk Sentinel\gr.lng (41,76 K/S -   42 761 bytes)
[15:38:57] - [50] MIRKO.POZEN: Fichier envoyé: D:\kerberos.htx\Hard Disk Sentinel\fnp_act_installer.dll (384,64 K/S -   393 872 bytes)
[15:38:57] - [50] MIRKO.POZEN: Début du Téléchargement de: D:\kerberos.htx\Hard Disk Sentinel\grpro.lng
[15:38:57] - [50] MIRKO.POZEN: Fichier envoyé: D:\kerberos.htx\Hard Disk Sentinel\grpro.lng (9,35 K/S -   9 578 bytes)
[15:38:57] - [49] MIRKO.POZEN: Début du Téléchargement de: D:\kerberos.htx\Hard Disk Sentinel\harddisksentinelupdate.exe
[15:38:59] - [50] MIRKO.POZEN: Début du Téléchargement de: D:\kerberos.htx\Hard Disk Sentinel\hdd.jpg
[15:38:59] - [50] MIRKO.POZEN: Fichier envoyé: D:\kerberos.htx\Hard Disk Sentinel\hdd.jpg (10,04 K/S -   10 279 bytes)
[15:38:59] - [50] MIRKO.POZEN: Début du Téléchargement de: D:\kerberos.htx\Hard Disk Sentinel\HDnotify.wav
[15:38:59] - [50] MIRKO.POZEN: Fichier envoyé: D:\kerberos.htx\Hard Disk Sentinel\HDnotify.wav (22,91 K/S -   23 456 bytes)
[15:38:59] - [49] MIRKO.POZEN: Fichier envoyé: D:\kerberos.htx\Hard Disk Sentinel\harddisksentinelupdate.exe (140,82 K/S -   288 400 bytes)
[15:38:59] - [50] MIRKO.POZEN: Début du Téléchargement de: D:\kerberos.htx\Hard Disk Sentinel\HDSAction.exe
[15:39:01] - [49] MIRKO.POZEN: Début du Téléchargement de: D:\kerberos.htx\Hard Disk Sentinel\HDSCtrl.exe
[15:39:02] - [49] MIRKO.POZEN: Fichier envoyé: D:\kerberos.htx\Hard Disk Sentinel\HDSCtrl.exe (236,14 K/S -   241 808 bytes)
[15:39:02] - [49] MIRKO.POZEN: Début du Téléchargement de: D:\kerberos.htx\Hard Disk Sentinel\HDSentinel.exe
[15:39:05] - [50] MIRKO.POZEN: Fichier envoyé: D:\kerberos.htx\Hard Disk Sentinel\HDSAction.exe (122,77 K/S -   754 320 bytes)
[15:39:05] - [50] MIRKO.POZEN: Début du Téléchargement de: D:\kerberos.htx\Hard Disk Sentinel\HDSentinel.exe.BAK
[15:39:14] - [49] MIRKO.POZEN: Fichier envoyé: D:\kerberos.htx\Hard Disk Sentinel\HDSentinel.exe (362,97 K/S -  4 460 176 bytes)
[15:39:14] - [49] MIRKO.POZEN: Début du Téléchargement de: D:\kerberos.htx\Hard Disk Sentinel\HDSentinel.hdk
[15:39:14] - [49] MIRKO.POZEN: Fichier envoyé: D:\kerberos.htx\Hard Disk Sentinel\HDSentinel.hdk (0,51 K/S -    520 bytes)
[15:39:15] - [49] MIRKO.POZEN: Début du Téléchargement de: D:\kerberos.htx\Hard Disk Sentinel\HDSentinel.hds
[15:39:15] - [49] MIRKO.POZEN: Fichier envoyé: D:\kerberos.htx\Hard Disk Sentinel\HDSentinel.hds (0,51 K/S -    520 bytes)
[15:39:15] - [49] MIRKO.POZEN: Début du Téléchargement de: D:\kerberos.htx\Hard Disk Sentinel\HDSentinel.ini
[15:39:15] - [49] MIRKO.POZEN: Fichier envoyé: D:\kerberos.htx\Hard Disk Sentinel\HDSentinel.ini (5,17 K/S -   5 290 bytes)
[15:39:15] - [50] MIRKO.POZEN: Fichier envoyé: D:\kerberos.htx\Hard Disk Sentinel\HDSentinel.exe.BAK (435,56 K/S -  4 460 176 bytes)
[15:39:15] - [49] MIRKO.POZEN: Début du Téléchargement de: D:\kerberos.htx\Hard Disk Sentinel\HDSentinel.sta
[15:39:15] - [50] MIRKO.POZEN: Début du Téléchargement de: D:\kerberos.htx\Hard Disk Sentinel\HDSentinel.sys
[15:39:15] - [49] MIRKO.POZEN: Fichier envoyé: D:\kerberos.htx\Hard Disk Sentinel\HDSentinel.sta (6,54 K/S -   6 694 bytes)
[15:39:15] - [50] MIRKO.POZEN: Fichier envoyé: D:\kerberos.htx\Hard Disk Sentinel\HDSentinel.sys (9,96 K/S -   10 200 bytes)
[15:39:16] - [50] MIRKO.POZEN: Début du Téléchargement de: D:\kerberos.htx\Hard Disk Sentinel\hdsentinel.vsh
[15:39:16] - [49] MIRKO.POZEN: Début du Téléchargement de: D:\kerberos.htx\Hard Disk Sentinel\hdsentinel.vsx
[15:39:16] - [49] MIRKO.POZEN: Fichier envoyé: D:\kerberos.htx\Hard Disk Sentinel\hdsentinel.vsx (0,67 K/S -    686 bytes)
[15:39:16] - [50] MIRKO.POZEN: Fichier envoyé: D:\kerberos.htx\Hard Disk Sentinel\hdsentinel.vsh (8,19 K/S -   8 390 bytes)
[15:39:16] - [50] MIRKO.POZEN: Début du Téléchargement de: D:\kerberos.htx\Hard Disk Sentinel\HDSentinelTray.exe
[15:39:23] - [49] MIRKO.POZEN: Début du Téléchargement de: D:\kerberos.htx\Hard Disk Sentinel\HDsirena.mp3
[15:39:23] - [51] Connecté à 192.168.0.1. Collecte du Nom d'utilisateur.
[15:39:23] - [48] Client 192.168.0.1 Déconnecté (00:01:12 Min)
[15:39:23] - [51] Usager MIRKO.POZEN Connecté IP: 192.168.0.1
[15:39:23] - [51] MIRKO.POZEN: Répertoire en Cours: D:\kerberos.htx\
[15:39:23] - [49] MIRKO.POZEN: Fichier envoyé: D:\kerberos.htx\Hard Disk Sentinel\HDsirena.mp3 (57,68 K/S -   59 066 bytes)
[15:39:23] - [49] MIRKO.POZEN: Début du Téléchargement de: D:\kerberos.htx\Hard Disk Sentinel\hdsversion.txt
[15:39:23] - [49] MIRKO.POZEN: Fichier envoyé: D:\kerberos.htx\Hard Disk Sentinel\hdsversion.txt (0,01 K/S -    11 bytes)
[15:39:23] - [50] MIRKO.POZEN: Fichier envoyé: D:\kerberos.htx\Hard Disk Sentinel\HDSentinelTray.exe (37,73 K/S -   270 480 bytes)
[15:39:23] - [49] MIRKO.POZEN: Début du Téléchargement de: D:\kerberos.htx\Hard Disk Sentinel\hds_eula_en.txt
[15:39:23] - [49] MIRKO.POZEN: Fichier envoyé: D:\kerberos.htx\Hard Disk Sentinel\hds_eula_en.txt (11,25 K/S -   11 521 bytes)
[15:39:23] - [50] MIRKO.POZEN: Début du Téléchargement de: D:\kerberos.htx\Hard Disk Sentinel\hds_eula_hu.txt
[15:39:23] - [50] MIRKO.POZEN: Fichier envoyé: D:\kerberos.htx\Hard Disk Sentinel\hds_eula_hu.txt (9,86 K/S -   10 097 bytes)
[15:39:23] - [49] MIRKO.POZEN: Début du Téléchargement de: D:\kerberos.htx\Hard Disk Sentinel\hu.chm
[15:39:23] - [50] MIRKO.POZEN: Début du Téléchargement de: D:\kerberos.htx\Hard Disk Sentinel\hu.lng
[15:39:24] - [50] MIRKO.POZEN: Fichier envoyé: D:\kerberos.htx\Hard Disk Sentinel\hu.lng (50,08 K/S -   51 281 bytes)
[15:39:24] - [50] MIRKO.POZEN: Début du Téléchargement de: D:\kerberos.htx\Hard Disk Sentinel\hupro.lng
[15:39:24] - [50] MIRKO.POZEN: Fichier envoyé: D:\kerberos.htx\Hard Disk Sentinel\hupro.lng (8,42 K/S -   8 623 bytes)
[15:39:24] - [50] MIRKO.POZEN: Début du Téléchargement de: D:\kerberos.htx\Hard Disk Sentinel\id.lng
[15:39:24] - [50] MIRKO.POZEN: Fichier envoyé: D:\kerberos.htx\Hard Disk Sentinel\id.lng (49,77 K/S -   50 968 bytes)
[15:39:24] - [50] MIRKO.POZEN: Début du Téléchargement de: D:\kerberos.htx\Hard Disk Sentinel\idpro.lng
[15:39:24] - [50] MIRKO.POZEN: Fichier envoyé: D:\kerberos.htx\Hard Disk Sentinel\idpro.lng (8,53 K/S -   8 738 bytes)
[15:39:24] - [50] MIRKO.POZEN: Début du Téléchargement de: D:\kerberos.htx\Hard Disk Sentinel\it.chm
[15:39:27] - [49] MIRKO.POZEN: Fichier envoyé: D:\kerberos.htx\Hard Disk Sentinel\hu.chm (375,32 K/S -  1 537 327 bytes)
[15:39:27] - [49] MIRKO.POZEN: Début du Téléchargement de: D:\kerberos.htx\Hard Disk Sentinel\it.lng
[15:39:27] - [49] MIRKO.POZEN: Fichier envoyé: D:\kerberos.htx\Hard Disk Sentinel\it.lng (51,54 K/S -   52 774 bytes)
[15:39:27] - [49] MIRKO.POZEN: Début du Téléchargement de: D:\kerberos.htx\Hard Disk Sentinel\itpro.lng
[15:39:27] - [49] MIRKO.POZEN: Fichier envoyé: D:\kerberos.htx\Hard Disk Sentinel\itpro.lng (8,74 K/S -   8 951 bytes)
[15:39:27] - [49] MIRKO.POZEN: Début du Téléchargement de: D:\kerberos.htx\Hard Disk Sentinel\jp.lng
[15:39:28] - [49] MIRKO.POZEN: Fichier envoyé: D:\kerberos.htx\Hard Disk Sentinel\jp.lng (46,25 K/S -   47 355 bytes)
[15:39:28] - [49] MIRKO.POZEN: Début du Téléchargement de: D:\kerberos.htx\Hard Disk Sentinel\jppro.lng
[15:39:28] - [49] MIRKO.POZEN: Fichier envoyé: D:\kerberos.htx\Hard Disk Sentinel\jppro.lng (8,04 K/S -   8 237 bytes)
[15:39:28] - [49] MIRKO.POZEN: Début du Téléchargement de: D:\kerberos.htx\Hard Disk Sentinel\libeay32.dll
[15:39:28] - [50] MIRKO.POZEN: Fichier envoyé: D:\kerberos.htx\Hard Disk Sentinel\it.chm (483,83 K/S -  1 486 326 bytes)
[15:39:28] - [50] MIRKO.POZEN: Début du Téléchargement de: D:\kerberos.htx\Hard Disk Sentinel\libxml2.dll
[15:39:29] - [50] MIRKO.POZEN: Fichier envoyé: D:\kerberos.htx\Hard Disk Sentinel\libxml2.dll (227,64 K/S -   233 104 bytes)
[15:39:29] - [50] MIRKO.POZEN: Début du Téléchargement de: D:\kerberos.htx\Hard Disk Sentinel\log.txt
[15:39:29] - [50] MIRKO.POZEN: Fichier envoyé: D:\kerberos.htx\Hard Disk Sentinel\log.txt (27,33 K/S -   27 981 bytes)
[15:39:29] - [50] MIRKO.POZEN: Début du Téléchargement de: D:\kerberos.htx\Hard Disk Sentinel\mk.lng
[15:39:30] - [50] MIRKO.POZEN: Fichier envoyé: D:\kerberos.htx\Hard Disk Sentinel\mk.lng (51,87 K/S -   53 112 bytes)
[15:39:30] - [50] MIRKO.POZEN: Début du Téléchargement de: D:\kerberos.htx\Hard Disk Sentinel\mkpro.lng
[15:39:30] - [50] MIRKO.POZEN: Fichier envoyé: D:\kerberos.htx\Hard Disk Sentinel\mkpro.lng (8,76 K/S -   8 971 bytes)
[15:39:30] - [50] MIRKO.POZEN: Début du Téléchargement de: D:\kerberos.htx\Hard Disk Sentinel\pl.chm
[15:39:32] - [49] MIRKO.POZEN: Fichier envoyé: D:\kerberos.htx\Hard Disk Sentinel\libeay32.dll (379,17 K/S -  1 553 072 bytes)
[15:39:33] - [49] MIRKO.POZEN: Début du Téléchargement de: D:\kerberos.htx\Hard Disk Sentinel\pl.lng
[15:39:33] - [49] MIRKO.POZEN: Fichier envoyé: D:\kerberos.htx\Hard Disk Sentinel\pl.lng (51,94 K/S -   53 184 bytes)
[15:39:33] - [50] MIRKO.POZEN: Fichier envoyé: D:\kerberos.htx\Hard Disk Sentinel\pl.chm (378,05 K/S -  1 161 383 bytes)
[15:39:33] - [49] MIRKO.POZEN: Début du Téléchargement de: D:\kerberos.htx\Hard Disk Sentinel\plpro.lng
[15:39:33] - [49] MIRKO.POZEN: Fichier envoyé: D:\kerberos.htx\Hard Disk Sentinel\plpro.lng (8,65 K/S -   8 857 bytes)
[15:39:33] - [50] MIRKO.POZEN: Début du Téléchargement de: D:\kerberos.htx\Hard Disk Sentinel\prdecode.dll
[15:39:33] - [49] MIRKO.POZEN: Début du Téléchargement de: D:\kerberos.htx\Hard Disk Sentinel\prerrlog.dll
[15:39:33] - [50] MIRKO.POZEN: Fichier envoyé: D:\kerberos.htx\Hard Disk Sentinel\prdecode.dll (53,64 K/S -   54 928 bytes)
[15:39:33] - [50] MIRKO.POZEN: Début du Téléchargement de: D:\kerberos.htx\Hard Disk Sentinel\pri2plgnnapa.dll
[15:39:33] - [49] MIRKO.POZEN: Fichier envoyé: D:\kerberos.htx\Hard Disk Sentinel\prerrlog.dll (39,14 K/S -   40 080 bytes)
[15:39:33] - [49] MIRKO.POZEN: Début du Téléchargement de: D:\kerberos.htx\Hard Disk Sentinel\ptbr.lng
[15:39:34] - [49] MIRKO.POZEN: Fichier envoyé: D:\kerberos.htx\Hard Disk Sentinel\ptbr.lng (51,75 K/S -   52 990 bytes)
[15:39:34] - [50] MIRKO.POZEN: Fichier envoyé: D:\kerberos.htx\Hard Disk Sentinel\pri2plgnnapa.dll (91,64 K/S -   93 840 bytes)
[15:39:34] - [49] MIRKO.POZEN: Début du Téléchargement de: D:\kerberos.htx\Hard Disk Sentinel\removehds7.vbs
[15:39:34] - [50] MIRKO.POZEN: Début du Téléchargement de: D:\kerberos.htx\Hard Disk Sentinel\ptbrpro.lng
[15:39:34] - [49] MIRKO.POZEN: Fichier envoyé: D:\kerberos.htx\Hard Disk Sentinel\removehds7.vbs (0,50 K/S -    512 bytes)
[15:39:34] - [50] MIRKO.POZEN: Fichier envoyé: D:\kerberos.htx\Hard Disk Sentinel\ptbrpro.lng (8,72 K/S -   8 925 bytes)
[15:39:34] - [49] MIRKO.POZEN: Début du Téléchargement de: D:\kerberos.htx\Hard Disk Sentinel\ro.lng
[15:39:34] - [50] MIRKO.POZEN: Début du Téléchargement de: D:\kerberos.htx\Hard Disk Sentinel\ropro.lng
[15:39:34] - [50] MIRKO.POZEN: Fichier envoyé: D:\kerberos.htx\Hard Disk Sentinel\ropro.lng (8,02 K/S -   8 217 bytes)
[15:39:34] - [49] MIRKO.POZEN: Fichier envoyé: D:\kerberos.htx\Hard Disk Sentinel\ro.lng (45,47 K/S -   46 565 bytes)
[15:39:34] - [49] MIRKO.POZEN: Début du Téléchargement de: D:\kerberos.htx\Hard Disk Sentinel\ru.chm
[15:39:34] - [50] MIRKO.POZEN: Début du Téléchargement de: D:\kerberos.htx\Hard Disk Sentinel\ru.lng
[15:39:34] - [50] MIRKO.POZEN: Fichier envoyé: D:\kerberos.htx\Hard Disk Sentinel\ru.lng (48,95 K/S -   50 125 bytes)
[15:39:34] - [50] MIRKO.POZEN: Début du Téléchargement de: D:\kerberos.htx\Hard Disk Sentinel\rupro.lng
[15:39:35] - [50] MIRKO.POZEN: Fichier envoyé: D:\kerberos.htx\Hard Disk Sentinel\rupro.lng (7,78 K/S -   7 963 bytes)
[15:39:35] - [50] MIRKO.POZEN: Début du Téléchargement de: D:\kerberos.htx\Hard Disk Sentinel\sk.lng
[15:39:35] - [50] MIRKO.POZEN: Fichier envoyé: D:\kerberos.htx\Hard Disk Sentinel\sk.lng (47,54 K/S -   48 678 bytes)
[15:39:35] - [50] MIRKO.POZEN: Début du Téléchargement de: D:\kerberos.htx\Hard Disk Sentinel\skpro.lng
[15:39:35] - [50] MIRKO.POZEN: Fichier envoyé: D:\kerberos.htx\Hard Disk Sentinel\skpro.lng (8,25 K/S -   8 445 bytes)
[15:39:35] - [50] MIRKO.POZEN: Début du Téléchargement de: D:\kerberos.htx\Hard Disk Sentinel\sp.lng
[15:39:35] - [50] MIRKO.POZEN: Fichier envoyé: D:\kerberos.htx\Hard Disk Sentinel\sp.lng (11,83 K/S -   12 109 bytes)
[15:39:35] - [50] MIRKO.POZEN: Début du Téléchargement de: D:\kerberos.htx\Hard Disk Sentinel\ssleay32.dll
[15:39:36] - [50] MIRKO.POZEN: Fichier envoyé: D:\kerberos.htx\Hard Disk Sentinel\ssleay32.dll (330,61 K/S -   338 544 bytes)
[15:39:36] - [50] MIRKO.POZEN: Début du Téléchargement de: D:\kerberos.htx\Hard Disk Sentinel\Status.icd
[15:39:37] - [50] MIRKO.POZEN: Fichier envoyé: D:\kerberos.htx\Hard Disk Sentinel\Status.icd (253,15 K/S -   259 224 bytes)
[15:39:37] - [50] MIRKO.POZEN: Début du Téléchargement de: D:\kerberos.htx\Hard Disk Sentinel\Statusb.icd
[15:39:38] - [49] MIRKO.POZEN: Fichier envoyé: D:\kerberos.htx\Hard Disk Sentinel\ru.chm (383,57 K/S -  1 571 111 bytes)
[15:39:38] - [50] MIRKO.POZEN: Fichier envoyé: D:\kerberos.htx\Hard Disk Sentinel\Statusb.icd (253,15 K/S -   259 224 bytes)
[15:39:38] - [49] MIRKO.POZEN: Début du Téléchargement de: D:\kerberos.htx\Hard Disk Sentinel\Statusg.icd
[15:39:38] - [50] MIRKO.POZEN: Début du Téléchargement de: D:\kerberos.htx\Hard Disk Sentinel\Statusn.icd
[15:39:38] - [49] MIRKO.POZEN: Fichier envoyé: D:\kerberos.htx\Hard Disk Sentinel\Statusg.icd (253,15 K/S -   259 224 bytes)
[15:39:38] - [50] MIRKO.POZEN: Fichier envoyé: D:\kerberos.htx\Hard Disk Sentinel\Statusn.icd (253,15 K/S -   259 224 bytes)
[15:39:38] - [49] MIRKO.POZEN: Début du Téléchargement de: D:\kerberos.htx\Hard Disk Sentinel\Statusw.icd
[15:39:38] - [50] MIRKO.POZEN: Début du Téléchargement de: D:\kerberos.htx\Hard Disk Sentinel\Storagetest.dll
[15:39:41] - [49] MIRKO.POZEN: Fichier envoyé: D:\kerberos.htx\Hard Disk Sentinel\Statusw.icd (84,38 K/S -   259 224 bytes)
[15:39:41] - [49] MIRKO.POZEN: Début du Téléchargement de: D:\kerberos.htx\Hard Disk Sentinel\storarc.dll
[15:39:42] - [50] MIRKO.POZEN: Fichier envoyé: D:\kerberos.htx\Hard Disk Sentinel\Storagetest.dll (182,54 K/S -   747 664 bytes)
[15:39:42] - [50] MIRKO.POZEN: Début du Téléchargement de: D:\kerberos.htx\Hard Disk Sentinel\storectrl.dll
[15:39:43] - [50] MIRKO.POZEN: Fichier envoyé: D:\kerberos.htx\Hard Disk Sentinel\storectrl.dll (283,14 K/S -   289 936 bytes)
[15:39:43] - [50] MIRKO.POZEN: Début du Téléchargement de: D:\kerberos.htx\Hard Disk Sentinel\storelib.dll
[15:39:44] - [50] MIRKO.POZEN: Fichier envoyé: D:\kerberos.htx\Hard Disk Sentinel\storelib.dll (275,14 K/S -   281 744 bytes)
[15:39:44] - [49] MIRKO.POZEN: Fichier envoyé: D:\kerberos.htx\Hard Disk Sentinel\storarc.dll (378,05 K/S -  1 161 360 bytes)
[15:39:44] - [50] MIRKO.POZEN: Début du Téléchargement de: D:\kerberos.htx\Hard Disk Sentinel\storelib2.dlz
[15:39:44] - [49] MIRKO.POZEN: Début du Téléchargement de: D:\kerberos.htx\Hard Disk Sentinel\storelibir-2.dll
[15:39:45] - [49] MIRKO.POZEN: Fichier envoyé: D:\kerberos.htx\Hard Disk Sentinel\storelibir-2.dll (162,08 K/S -   165 968 bytes)
[15:39:45] - [49] MIRKO.POZEN: Début du Téléchargement de: D:\kerberos.htx\Hard Disk Sentinel\storelibir.dll
[15:39:46] - [49] MIRKO.POZEN: Fichier envoyé: D:\kerberos.htx\Hard Disk Sentinel\storelibir.dll (156,08 K/S -   159 824 bytes)
[15:39:46] - [49] MIRKO.POZEN: Début du Téléchargement de: D:\kerberos.htx\Hard Disk Sentinel\sw.lng
[15:39:46] - [49] MIRKO.POZEN: Fichier envoyé: D:\kerberos.htx\Hard Disk Sentinel\sw.lng (47,14 K/S -   48 274 bytes)
[15:39:46] - [49] MIRKO.POZEN: Début du Téléchargement de: D:\kerberos.htx\Hard Disk Sentinel\swpro.lng
[15:39:46] - [49] MIRKO.POZEN: Fichier envoyé: D:\kerberos.htx\Hard Disk Sentinel\swpro.lng (7,57 K/S -   7 753 bytes)
[15:39:46] - [49] MIRKO.POZEN: Début du Téléchargement de: D:\kerberos.htx\Hard Disk Sentinel\tr.lng
[15:39:46] - [49] MIRKO.POZEN: Fichier envoyé: D:\kerberos.htx\Hard Disk Sentinel\tr.lng (30,05 K/S -   30 775 bytes)
[15:39:47] - [49] MIRKO.POZEN: Début du Téléchargement de: D:\kerberos.htx\Hard Disk Sentinel\trpro.lng
[15:39:47] - [49] MIRKO.POZEN: Fichier envoyé: D:\kerberos.htx\Hard Disk Sentinel\trpro.lng (8,26 K/S -   8 455 bytes)
[15:39:47] - [50] MIRKO.POZEN: Fichier envoyé: D:\kerberos.htx\Hard Disk Sentinel\storelib2.dlz (289,44 K/S -   889 148 bytes)
[15:39:47] - [50] MIRKO.POZEN: Début du Téléchargement de: D:\kerberos.htx\Hard Disk Sentinel\tw.lng
[15:39:47] - [50] MIRKO.POZEN: Fichier envoyé: D:\kerberos.htx\Hard Disk Sentinel\tw.lng (30,30 K/S -   31 032 bytes)
[15:39:47] - [49] MIRKO.POZEN: Début du Téléchargement de: D:\kerberos.htx\Hard Disk Sentinel\twpro.lng
[15:39:47] - [49] MIRKO.POZEN: Fichier envoyé: D:\kerberos.htx\Hard Disk Sentinel\twpro.lng (4,91 K/S -   5 024 bytes)
[15:39:47] - [50] MIRKO.POZEN: Début du Téléchargement de: D:\kerberos.htx\Hard Disk Sentinel\uk.lng
[15:39:47] - [50] MIRKO.POZEN: Fichier envoyé: D:\kerberos.htx\Hard Disk Sentinel\uk.lng (48,89 K/S -   50 059 bytes)
[15:39:47] - [49] MIRKO.POZEN: Début du Téléchargement de: D:\kerberos.htx\Hard Disk Sentinel\ukpro.lng
[15:39:47] - [49] MIRKO.POZEN: Fichier envoyé: D:\kerberos.htx\Hard Disk Sentinel\ukpro.lng (8,12 K/S -   8 316 bytes)
[15:39:47] - [50] MIRKO.POZEN: Début du Téléchargement de: D:\kerberos.htx\Hard Disk Sentinel\unins000.dat
[15:39:47] - [50] MIRKO.POZEN: Fichier envoyé: D:\kerberos.htx\Hard Disk Sentinel\unins000.dat (12,58 K/S -   12 883 bytes)
[15:39:47] - [49] MIRKO.POZEN: Début du Téléchargement de: D:\kerberos.htx\Hard Disk Sentinel\unins000.exe
[15:39:48] - [50] MIRKO.POZEN: Début du Téléchargement de: D:\kerberos.htx\Hard Disk Sentinel\Vista_Status.icd
[15:39:48] - [50] MIRKO.POZEN: Fichier envoyé: D:\kerberos.htx\Hard Disk Sentinel\Vista_Status.icd (254,65 K/S -   260 760 bytes)
[15:39:48] - [50] MIRKO.POZEN: Début du Téléchargement de: D:\kerberos.htx\Hard Disk Sentinel\Vista_Statusb.icd
[15:39:49] - [50] MIRKO.POZEN: Fichier envoyé: D:\kerberos.htx\Hard Disk Sentinel\Vista_Statusb.icd (254,65 K/S -   260 760 bytes)
[15:39:49] - [50] MIRKO.POZEN: Début du Téléchargement de: D:\kerberos.htx\Hard Disk Sentinel\Vista_Statusg.icd
[15:39:49] - [49] MIRKO.POZEN: Fichier envoyé: D:\kerberos.htx\Hard Disk Sentinel\unins000.exe (340,48 K/S -   697 296 bytes)
[15:39:49] - [49] MIRKO.POZEN: Début du Téléchargement de: D:\kerberos.htx\Hard Disk Sentinel\Vista_Statusn.icd
[15:39:50] - [50] MIRKO.POZEN: Fichier envoyé: D:\kerberos.htx\Hard Disk Sentinel\Vista_Statusg.icd (254,65 K/S -   260 760 bytes)
[15:39:50] - [50] MIRKO.POZEN: Début du Téléchargement de: D:\kerberos.htx\Hard Disk Sentinel\Vista_Statusw.icd
[15:39:50] - [49] MIRKO.POZEN: Fichier envoyé: D:\kerberos.htx\Hard Disk Sentinel\Vista_Statusn.icd (254,65 K/S -   260 760 bytes)
[15:39:50] - [49] MIRKO.POZEN: Début du Téléchargement de: D:\kerberos.htx\Hard Disk Sentinel\winsched.txt
[15:39:50] - [49] MIRKO.POZEN: Fichier envoyé: D:\kerberos.htx\Hard Disk Sentinel\winsched.txt (27,61 K/S -   28 277 bytes)
[15:39:50] - [50] MIRKO.POZEN: Fichier envoyé: D:\kerberos.htx\Hard Disk Sentinel\Vista_Statusw.icd (254,65 K/S -   260 760 bytes)
[15:40:21] - [49] Client 192.168.0.1 Déconnecté (00:01:44 Min)
[15:40:21] - [50] Client 192.168.0.1 Déconnecté (00:01:44 Min)
[15:46:05] - [51] Client 192.168.0.1 Déconnecté (00:06:42 Min)
[17:15:08] - [52] Connecté à 103.255.5.67. Collecte du Nom d'utilisateur.
[17:15:09] - [52] Authentification Incorrect: Utilisateur TEST IP: 103.255.5.67
[17:15:09] - [52] Client 103.255.5.67 Déconnecté (00:00:00 Min)
[19:46:53] - [53] Connecté à 192.168.0.1. Collecte du Nom d'utilisateur.
[19:46:54] - [53] Usager MIRKO.POZEN Connecté IP: 192.168.0.1
[19:46:54] - [53] MIRKO.POZEN: Répertoire en Cours: D:\kerberos.htx\
[19:46:54] - [53] MIRKO.POZEN: Répertoire en Cours: D:\kerberos.htx\
[19:47:18] - [53] MIRKO.POZEN: Répertoire en Cours: D:\kerberos.htx\exe\
[19:47:40] - [54] Connecté à 192.168.0.1. Collecte du Nom d'utilisateur.
[19:47:40] - [54] Usager MIRKO.POZEN Connecté IP: 192.168.0.1
[19:47:40] - [54] MIRKO.POZEN: Répertoire en Cours: D:\kerberos.htx\
[19:47:40] - [54] MIRKO.POZEN: Répertoire en Cours: D:\kerberos.htx\exe\
[19:47:40] - [54] MIRKO.POZEN: Début du Téléchargement de: D:\kerberos.htx\exe\CW.eXe
[19:48:10] - [55] Connecté à 192.168.0.1. Collecte du Nom d'utilisateur.
[19:48:10] - [55] Usager MIRKO.POZEN Connecté IP: 192.168.0.1
[19:48:10] - [55] MIRKO.POZEN: Répertoire en Cours: D:\kerberos.htx\
[19:48:10] - [55] MIRKO.POZEN: Répertoire en Cours: D:\kerberos.htx\exe\
[19:48:10] - [55] MIRKO.POZEN: Début du Téléchargement de: D:\kerberos.htx\exe\slimdrivers_2-3-0-1_fr_412744.exe
[19:48:14] - [55] MIRKO.POZEN: Fichier envoyé: D:\kerberos.htx\exe\slimdrivers_2-3-0-1_fr_412744.exe (239,68 K/S -   981 728 bytes)
[19:48:16] - [54] MIRKO.POZEN: Fichier envoyé: D:\kerberos.htx\exe\CW.eXe (256,58 K/S -  9 458 428 bytes)
[19:48:32] - [55] MIRKO.POZEN: Début du Téléchargement de: D:\kerberos.htx\exe\never10.exe
[19:48:32] - [55] MIRKO.POZEN: Fichier envoyé: D:\kerberos.htx\exe\never10.exe (82,98 K/S -   84 976 bytes)
[19:48:47] - [54] Client 192.168.0.1 Déconnecté (00:01:07 Min)
[19:49:04] - [55] Client 192.168.0.1 Déconnecté (00:00:54 Min)
[19:50:03] - [53] Client 192.168.0.1 Déconnecté (00:03:09 Min)
[20:06:51] - [56] Connecté à 196.52.43.131. Collecte du Nom d'utilisateur.
[20:07:22] - [56] Client 196.52.43.131 Déconnecté (00:00:30 Min)
[20:07:46] - [57] Connecté à 192.168.0.1. Collecte du Nom d'utilisateur.
[20:07:46] - [57] Usager MIRKO.POZEN Connecté IP: 192.168.0.1
[20:07:46] - [57] MIRKO.POZEN: Répertoire en Cours: D:\kerberos.htx\
[20:07:46] - [57] MIRKO.POZEN: Répertoire en Cours: D:\kerberos.htx\
[20:07:51] - [57] MIRKO.POZEN: Répertoire en Cours: D:\kerberos.htx\exe\
[20:08:29] - [58] Connecté à 192.168.0.1. Collecte du Nom d'utilisateur.
[20:08:29] - [58] Usager MIRKO.POZEN Connecté IP: 192.168.0.1
[20:08:29] - [58] MIRKO.POZEN: Répertoire en Cours: D:\kerberos.htx\
[20:08:29] - [58] MIRKO.POZEN: Répertoire en Cours: D:\kerberos.htx\exe\
[20:08:29] - [58] MIRKO.POZEN: Début du Téléchargement de: D:\kerberos.htx\exe\ClassicShellSetup_4_2_5.exe
[20:08:41] - [58] MIRKO.POZEN: Fichier envoyé: D:\kerberos.htx\exe\ClassicShellSetup_4_2_5.exe (567,06 K/S -  6 968 048 bytes)
[20:09:03] - [59] Connecté à 196.52.43.53. Collecte du Nom d'utilisateur.
[20:09:11] - [58] Client 192.168.0.1 Déconnecté (00:00:41 Min)
[20:09:13] - [59] Client 196.52.43.53 Déconnecté (00:00:09 Min)
[20:26:28] - [57] MIRKO.POZEN: Répertoire en Cours: D:\kerberos.htx\exe\hddentinel\
[20:26:45] - [57] MIRKO.POZEN: Répertoire en Cours: D:\kerberos.htx\
[20:26:45] - [57] MIRKO.POZEN: Répertoire en Cours: D:\kerberos.htx\rar\
[20:27:06] - [60] Connecté à 192.168.0.1. Collecte du Nom d'utilisateur.
[20:27:06] - [60] Usager MIRKO.POZEN Connecté IP: 192.168.0.1
[20:27:06] - [60] MIRKO.POZEN: Répertoire en Cours: D:\kerberos.htx\
[20:27:06] - [60] MIRKO.POZEN: Répertoire en Cours: D:\kerberos.htx\rar\
[20:27:06] - [60] MIRKO.POZEN: Début du Téléchargement de: D:\kerberos.htx\rar\office ok.rar
[20:27:08] - [61] Connecté à 192.168.0.1. Collecte du Nom d'utilisateur.
[20:27:08] - [61] Usager MIRKO.POZEN Connecté IP: 192.168.0.1
[20:27:08] - [61] MIRKO.POZEN: Répertoire en Cours: D:\kerberos.htx\
[20:27:08] - [61] MIRKO.POZEN: Répertoire en Cours: D:\kerberos.htx\rar\
[20:27:08] - [61] MIRKO.POZEN: Début du Téléchargement de: D:\kerberos.htx\rar\paint shop pro 8 relase.rar
[20:28:11] - [57] MIRKO.POZEN: Répertoire en Cours: D:\kerberos.htx\exe\
[20:28:11] - [57] MIRKO.POZEN: Fichier Effacé : D:\kerberos.htx\exe\hddentinel\hard.disk.sentinel.pro.4.50.build.6845-patch.exe
[20:28:11] - [57] MIRKO.POZEN: Fichier Effacé : D:\kerberos.htx\exe\hddentinel\Hard_Disk_Manager_keygen_by_Lz0.zip
[20:28:11] - [57] MIRKO.POZEN: Fichier Effacé : D:\kerberos.htx\exe\hddentinel\HDS.Hard.Disk.Sentinel.Professional.v4.50.build.6845.patch-SND.zip
[20:28:11] - [57] MIRKO.POZEN: Fichier Effacé : D:\kerberos.htx\exe\hddentinel\hdsentinel_pro_setup.exe
[20:28:11] - [57] MIRKO.POZEN: Répertoire Effacé: D:\kerberos.htx\exe\hddentinel\
[20:36:34] - [60] MIRKO.POZEN: Echec de l'envoie du Fichier: D:\kerberos.htx\rar\office ok.rar (348,86 K/S -  202 909 696 bytes)
[20:36:34] - [60] Client 192.168.0.1 Déconnecté (00:09:28 Min)
[20:36:34] - [61] MIRKO.POZEN: Echec de l'envoie du Fichier: D:\kerberos.htx\rar\paint shop pro 8 relase.rar (333,06 K/S -  193 038 336 bytes)
[20:36:34] - [57] Client 192.168.0.1 Déconnecté (00:28:48 Min)
[20:36:34] - [61] Client 192.168.0.1 Déconnecté (00:09:26 Min)
[22:16:44] - [62] Connecté à 192.168.0.1. Collecte du Nom d'utilisateur.
[22:16:44] - [62] Usager MIRKO.POZEN Connecté IP: 192.168.0.1
[22:16:44] - [62] MIRKO.POZEN: Répertoire en Cours: D:\kerberos.htx\
[22:16:44] - [62] MIRKO.POZEN: Répertoire en Cours: D:\kerberos.htx\
[22:16:49] - [62] MIRKO.POZEN: Répertoire en Cours: D:\kerberos.htx\exe\
[22:17:07] - [63] Connecté à 192.168.0.1. Collecte du Nom d'utilisateur.
[22:17:07] - [63] Usager MIRKO.POZEN Connecté IP: 192.168.0.1
[22:17:07] - [63] MIRKO.POZEN: Répertoire en Cours: D:\kerberos.htx\
[22:17:07] - [63] MIRKO.POZEN: Répertoire en Cours: D:\kerberos.htx\exe\
[22:17:08] - [63] MIRKO.POZEN: Début du Téléchargement de: D:\kerberos.htx\exe\winrar.exe
[22:17:14] - [63] MIRKO.POZEN: Fichier envoyé: D:\kerberos.htx\exe\winrar.exe (426,66 K/S -  2 621 400 bytes)
[22:17:45] - [63] Client 192.168.0.1 Déconnecté (00:00:37 Min)
[22:19:32] - [62] MIRKO.POZEN: Répertoire en Cours: D:\kerberos.htx\
[22:19:32] - [62] MIRKO.POZEN: Répertoire en Cours: D:\kerberos.htx\rar\
[22:19:51] - [64] Connecté à 192.168.0.1. Collecte du Nom d'utilisateur.
[22:19:51] - [64] Usager MIRKO.POZEN Connecté IP: 192.168.0.1
[22:19:51] - [64] MIRKO.POZEN: Répertoire en Cours: D:\kerberos.htx\
[22:19:51] - [64] MIRKO.POZEN: Répertoire en Cours: D:\kerberos.htx\rar\
[22:19:51] - [64] MIRKO.POZEN: Début du Téléchargement de: D:\kerberos.htx\rar\office ok.rar
[22:19:54] - [65] Connecté à 192.168.0.1. Collecte du Nom d'utilisateur.
[22:19:54] - [65] Usager MIRKO.POZEN Connecté IP: 192.168.0.1
[22:19:54] - [65] MIRKO.POZEN: Répertoire en Cours: D:\kerberos.htx\
[22:19:54] - [65] MIRKO.POZEN: Répertoire en Cours: D:\kerberos.htx\rar\
[22:19:54] - [65] MIRKO.POZEN: Début du Téléchargement de: D:\kerberos.htx\rar\paint shop pro 8 relase.rar
[22:30:12] - [65] MIRKO.POZEN: Fichier envoyé: D:\kerberos.htx\rar\paint shop pro 8 relase.rar (393,85 K/S -  249 239 850 bytes)
[22:30:43] - [65] Client 192.168.0.1 Déconnecté (00:10:48 Min)
[22:45:04] - [64] MIRKO.POZEN: Fichier envoyé: D:\kerberos.htx\rar\office ok.rar (545,59 K/S -  845 285 480 bytes)
[22:45:34] - [64] Client 192.168.0.1 Déconnecté (00:25:43 Min)
[23:23:09] - [62] Client 192.168.0.1 Déconnecté (01:06:25 Min)
[23:23:31] - [66] Connecté à 192.168.0.1. Collecte du Nom d'utilisateur.
[23:23:31] - [66] Usager MIRKO.POZEN Connecté IP: 192.168.0.1
[23:23:31] - [66] MIRKO.POZEN: Répertoire en Cours: D:\kerberos.htx\
[23:23:31] - [66] MIRKO.POZEN: Répertoire en Cours: D:\kerberos.htx\rar\
[23:25:42] - [66] Client 192.168.0.1 Déconnecté (00:02:11 Min)
