[15:57:25] - Serveur Démarré
[15:57:25] - FTP Port: 21
[15:57:35] - [1] Connecté à 192.168.0.1. Collecte du Nom d'utilisateur.
[15:57:35] - [1] Usager MIRKO.POZEN Connecté IP: 192.168.0.1
[15:57:35] - [1] MIRKO.POZEN: Répertoire en Cours: D:\kerberos.htx\
[15:57:36] - [1] MIRKO.POZEN: Répertoire en Cours: D:\kerberos.htx\
[16:02:40] - [1] MIRKO.POZEN: Répertoire en Cours: D:\kerberos.htx\alex\
[16:02:40] - [2] Connecté à 192.168.0.1. Collecte du Nom d'utilisateur.
[16:02:40] - [3] Connecté à 192.168.0.1. Collecte du Nom d'utilisateur.
[16:02:40] - [2] Usager MIRKO.POZEN Connecté IP: 192.168.0.1
[16:02:40] - [2] MIRKO.POZEN: Répertoire en Cours: D:\kerberos.htx\
[16:02:40] - [3] Usager MIRKO.POZEN Connecté IP: 192.168.0.1
[16:02:40] - [3] MIRKO.POZEN: Répertoire en Cours: D:\kerberos.htx\
[16:02:41] - [2] MIRKO.POZEN: Répertoire en Cours: D:\kerberos.htx\alex\
[16:02:41] - [3] MIRKO.POZEN: Répertoire en Cours: D:\kerberos.htx\alex\
[16:02:41] - [2] MIRKO.POZEN: Début du Téléchargement de: D:\kerberos.htx\alex\setup.log
[16:02:41] - [3] MIRKO.POZEN: Début du Téléchargement de: D:\kerberos.htx\alex\TeamViewer.exe
[16:02:57] - [1] MIRKO.POZEN: Répertoire en Cours: D:\kerberos.htx\
[16:02:57] - [2] MIRKO.POZEN: Fichier envoyé: D:\kerberos.htx\alex\setup.log (0,13 K/S -   2 126 bytes)
[16:02:57] - [1] MIRKO.POZEN: Répertoire en Cours: D:\kerberos.htx\exe\
[16:02:57] - [2] MIRKO.POZEN: Début du Téléchargement de: D:\kerberos.htx\alex\TeamViewer_Resource_en.dll
[16:02:59] - [2] MIRKO.POZEN: Fichier envoyé: D:\kerberos.htx\alex\TeamViewer_Resource_en.dll (406,64 K/S -   832 808 bytes)
[16:02:59] - [2] MIRKO.POZEN: Début du Téléchargement de: D:\kerberos.htx\alex\uninstall.exe
[16:03:00] - [2] MIRKO.POZEN: Fichier envoyé: D:\kerberos.htx\alex\uninstall.exe (63,00 K/S -   64 512 bytes)
[16:03:01] - [3] MIRKO.POZEN: Fichier envoyé: D:\kerberos.htx\alex\TeamViewer.exe (91,07 K/S -  1 865 104 bytes)
[16:03:06] - [1] MIRKO.POZEN: Répertoire en Cours: D:\kerberos.htx\exe\hddentinel\
[16:03:07] - [3] MIRKO.POZEN: Répertoire en Cours: D:\kerberos.htx\exe\hddentinel\
[16:03:07] - [2] MIRKO.POZEN: Répertoire en Cours: D:\kerberos.htx\exe\hddentinel\
[16:03:07] - [3] MIRKO.POZEN: Début du Téléchargement de: D:\kerberos.htx\exe\hddentinel\hard.disk.sentinel.pro.4.50.build.6845-patch.exe
[16:03:28] - [2] MIRKO.POZEN: Début du Téléchargement de: D:\kerberos.htx\exe\hddentinel\Hard_Disk_Manager_keygen_by_Lz0.zip
[16:03:29] - [3] MIRKO.POZEN: Fichier envoyé: D:\kerberos.htx\exe\hddentinel\hard.disk.sentinel.pro.4.50.build.6845-patch.exe (7,86 K/S -   177 152 bytes)
[16:03:29] - [3] MIRKO.POZEN: Début du Téléchargement de: D:\kerberos.htx\exe\hddentinel\HDS.Hard.Disk.Sentinel.Professional.v4.50.build.6845.patch-SND.zip
[16:03:29] - [3] MIRKO.POZEN: Fichier envoyé: D:\kerberos.htx\exe\hddentinel\HDS.Hard.Disk.Sentinel.Professional.v4.50.build.6845.patch-SND.zip (121,15 K/S -   124 058 bytes)
[16:03:29] - [3] MIRKO.POZEN: Début du Téléchargement de: D:\kerberos.htx\exe\hddentinel\hdsentinel_pro_setup.exe
[16:03:42] - [2] MIRKO.POZEN: Fichier envoyé: D:\kerberos.htx\exe\hddentinel\Hard_Disk_Manager_keygen_by_Lz0.zip (355,20 K/S -  5 092 201 bytes)
[16:03:52] - [2] MIRKO.POZEN: Répertoire en Cours: D:\kerberos.htx\exe\
[16:03:52] - [2] MIRKO.POZEN: Début du Téléchargement de: D:\kerberos.htx\exe\slimdrivers_2-3-0-1_fr_412744.exe
[16:03:56] - [2] MIRKO.POZEN: Fichier envoyé: D:\kerberos.htx\exe\slimdrivers_2-3-0-1_fr_412744.exe (239,68 K/S -   981 728 bytes)
[16:04:04] - [3] MIRKO.POZEN: Fichier envoyé: D:\kerberos.htx\exe\hddentinel\hdsentinel_pro_setup.exe (510,80 K/S -  18 307 080 bytes)
[16:04:08] - [3] MIRKO.POZEN: Répertoire en Cours: D:\kerberos.htx\exe\
[16:04:08] - [3] MIRKO.POZEN: Début du Téléchargement de: D:\kerberos.htx\exe\winrar.exe
[16:04:15] - [3] MIRKO.POZEN: Fichier envoyé: D:\kerberos.htx\exe\winrar.exe (365,71 K/S -  2 621 400 bytes)
[16:04:16] - [3] MIRKO.POZEN: Début du Téléchargement de: D:\kerberos.htx\exe\youtube_downloader_hd_setup.exe
[16:04:27] - [2] Client 192.168.0.1 Déconnecté (00:01:46 Min)
[16:04:31] - [3] MIRKO.POZEN: Fichier envoyé: D:\kerberos.htx\exe\youtube_downloader_hd_setup.exe (670,51 K/S -  9 612 488 bytes)
[16:05:02] - [3] Client 192.168.0.1 Déconnecté (00:02:21 Min)
[16:05:10] - [1] MIRKO.POZEN: Répertoire en Cours: D:\kerberos.htx\
[16:05:10] - [1] MIRKO.POZEN: Répertoire en Cours: D:\kerberos.htx\Hard Disk Sentinel\
[16:05:16] - [4] Connecté à 192.168.0.1. Collecte du Nom d'utilisateur.
[16:05:16] - [5] Connecté à 192.168.0.1. Collecte du Nom d'utilisateur.
[16:05:16] - [4] Usager MIRKO.POZEN Connecté IP: 192.168.0.1
[16:05:16] - [4] MIRKO.POZEN: Répertoire en Cours: D:\kerberos.htx\
[16:05:16] - [5] Usager MIRKO.POZEN Connecté IP: 192.168.0.1
[16:05:16] - [5] MIRKO.POZEN: Répertoire en Cours: D:\kerberos.htx\
[16:05:16] - [4] MIRKO.POZEN: Répertoire en Cours: D:\kerberos.htx\Hard Disk Sentinel\
[16:05:16] - [5] MIRKO.POZEN: Répertoire en Cours: D:\kerberos.htx\Hard Disk Sentinel\
[16:05:17] - [4] MIRKO.POZEN: Début du Téléchargement de: D:\kerberos.htx\Hard Disk Sentinel\afaapi.dll
[16:05:17] - [5] MIRKO.POZEN: Début du Téléchargement de: D:\kerberos.htx\Hard Disk Sentinel\ar.lng
[16:05:17] - [5] MIRKO.POZEN: Fichier envoyé: D:\kerberos.htx\Hard Disk Sentinel\ar.lng (42,02 K/S -   43 030 bytes)
[16:05:17] - [5] MIRKO.POZEN: Début du Téléchargement de: D:\kerberos.htx\Hard Disk Sentinel\arpro.lng
[16:05:17] - [5] MIRKO.POZEN: Fichier envoyé: D:\kerberos.htx\Hard Disk Sentinel\arpro.lng (7,20 K/S -   7 376 bytes)
[16:05:17] - [5] MIRKO.POZEN: Début du Téléchargement de: D:\kerberos.htx\Hard Disk Sentinel\bc_vbdll.dll
[16:05:19] - [4] MIRKO.POZEN: Fichier envoyé: D:\kerberos.htx\Hard Disk Sentinel\afaapi.dll (341,07 K/S -   698 512 bytes)
[16:05:19] - [4] MIRKO.POZEN: Début du Téléchargement de: D:\kerberos.htx\Hard Disk Sentinel\be.lng
[16:05:19] - [4] MIRKO.POZEN: Fichier envoyé: D:\kerberos.htx\Hard Disk Sentinel\be.lng (52,19 K/S -   53 446 bytes)
[16:05:19] - [4] MIRKO.POZEN: Début du Téléchargement de: D:\kerberos.htx\Hard Disk Sentinel\bepro.lng
[16:05:19] - [4] MIRKO.POZEN: Fichier envoyé: D:\kerberos.htx\Hard Disk Sentinel\bepro.lng (8,45 K/S -   8 648 bytes)
[16:05:19] - [5] MIRKO.POZEN: Fichier envoyé: D:\kerberos.htx\Hard Disk Sentinel\bc_vbdll.dll (295,07 K/S -   604 304 bytes)
[16:05:19] - [5] MIRKO.POZEN: Début du Téléchargement de: D:\kerberos.htx\Hard Disk Sentinel\bg.lng
[16:05:19] - [4] MIRKO.POZEN: Début du Téléchargement de: D:\kerberos.htx\Hard Disk Sentinel\bgpro.lng
[16:05:19] - [4] MIRKO.POZEN: Fichier envoyé: D:\kerberos.htx\Hard Disk Sentinel\bgpro.lng (8,47 K/S -   8 676 bytes)
[16:05:20] - [5] MIRKO.POZEN: Fichier envoyé: D:\kerberos.htx\Hard Disk Sentinel\bg.lng (51,42 K/S -   52 657 bytes)
[16:05:20] - [5] MIRKO.POZEN: Début du Téléchargement de: D:\kerberos.htx\Hard Disk Sentinel\cn.lng
[16:05:20] - [5] MIRKO.POZEN: Fichier envoyé: D:\kerberos.htx\Hard Disk Sentinel\cn.lng (30,35 K/S -   31 075 bytes)
[16:05:20] - [4] MIRKO.POZEN: Début du Téléchargement de: D:\kerberos.htx\Hard Disk Sentinel\cnpro.lng
[16:05:20] - [4] MIRKO.POZEN: Fichier envoyé: D:\kerberos.htx\Hard Disk Sentinel\cnpro.lng (4,96 K/S -   5 084 bytes)
[16:05:20] - [5] MIRKO.POZEN: Début du Téléchargement de: D:\kerberos.htx\Hard Disk Sentinel\cz.lng
[16:05:20] - [4] MIRKO.POZEN: Début du Téléchargement de: D:\kerberos.htx\Hard Disk Sentinel\czpro.lng
[16:05:20] - [4] MIRKO.POZEN: Fichier envoyé: D:\kerberos.htx\Hard Disk Sentinel\czpro.lng (7,57 K/S -   7 755 bytes)
[16:05:20] - [5] MIRKO.POZEN: Fichier envoyé: D:\kerberos.htx\Hard Disk Sentinel\cz.lng (45,13 K/S -   46 208 bytes)
[16:05:20] - [5] MIRKO.POZEN: Début du Téléchargement de: D:\kerberos.htx\Hard Disk Sentinel\da.lng
[16:05:20] - [5] MIRKO.POZEN: Fichier envoyé: D:\kerberos.htx\Hard Disk Sentinel\da.lng (33,76 K/S -   34 569 bytes)
[16:05:20] - [4] MIRKO.POZEN: Début du Téléchargement de: D:\kerberos.htx\Hard Disk Sentinel\dapro.lng
[16:05:20] - [4] MIRKO.POZEN: Fichier envoyé: D:\kerberos.htx\Hard Disk Sentinel\dapro.lng (7,95 K/S -   8 139 bytes)
[16:05:20] - [5] MIRKO.POZEN: Début du Téléchargement de: D:\kerberos.htx\Hard Disk Sentinel\de.lng
[16:05:20] - [4] MIRKO.POZEN: Début du Téléchargement de: D:\kerberos.htx\Hard Disk Sentinel\depro.lng
[16:05:21] - [4] MIRKO.POZEN: Fichier envoyé: D:\kerberos.htx\Hard Disk Sentinel\depro.lng (8,66 K/S -   8 863 bytes)
[16:05:21] - [5] MIRKO.POZEN: Fichier envoyé: D:\kerberos.htx\Hard Disk Sentinel\de.lng (53,95 K/S -   55 241 bytes)
[16:05:21] - [4] MIRKO.POZEN: Début du Téléchargement de: D:\kerberos.htx\Hard Disk Sentinel\deta.dll
[16:05:21] - [5] MIRKO.POZEN: Début du Téléchargement de: D:\kerberos.htx\Hard Disk Sentinel\detect.dat
[16:05:22] - [4] MIRKO.POZEN: Fichier envoyé: D:\kerberos.htx\Hard Disk Sentinel\deta.dll (37,14 K/S -   38 032 bytes)
[16:05:22] - [4] MIRKO.POZEN: Début du Téléchargement de: D:\kerberos.htx\Hard Disk Sentinel\detect.dll
[16:05:28] - [5] MIRKO.POZEN: Fichier envoyé: D:\kerberos.htx\Hard Disk Sentinel\detect.dat (14,82 K/S -   91 026 bytes)
[16:05:28] - [5] MIRKO.POZEN: Début du Téléchargement de: D:\kerberos.htx\Hard Disk Sentinel\detjm.dll
[16:05:28] - [4] MIRKO.POZEN: Fichier envoyé: D:\kerberos.htx\Hard Disk Sentinel\detect.dll (28,94 K/S -   177 808 bytes)
[16:05:28] - [5] MIRKO.POZEN: Fichier envoyé: D:\kerberos.htx\Hard Disk Sentinel\detjm.dll (100,45 K/S -   102 856 bytes)
[16:05:28] - [4] MIRKO.POZEN: Début du Téléchargement de: D:\kerberos.htx\Hard Disk Sentinel\detp.dll
[16:05:28] - [5] MIRKO.POZEN: Début du Téléchargement de: D:\kerberos.htx\Hard Disk Sentinel\detpex.dlz
[16:05:29] - [4] MIRKO.POZEN: Fichier envoyé: D:\kerberos.htx\Hard Disk Sentinel\detp.dll (115,14 K/S -   117 904 bytes)
[16:05:29] - [4] MIRKO.POZEN: Début du Téléchargement de: D:\kerberos.htx\Hard Disk Sentinel\detrc.dll
[16:05:30] - [4] MIRKO.POZEN: Fichier envoyé: D:\kerberos.htx\Hard Disk Sentinel\detrc.dll (138,14 K/S -   141 456 bytes)
[16:05:30] - [4] MIRKO.POZEN: Début du Téléchargement de: D:\kerberos.htx\Hard Disk Sentinel\detw.dll
[16:05:30] - [4] MIRKO.POZEN: Fichier envoyé: D:\kerberos.htx\Hard Disk Sentinel\detw.dll (176,15 K/S -   180 376 bytes)
[16:05:30] - [4] MIRKO.POZEN: Début du Téléchargement de: D:\kerberos.htx\Hard Disk Sentinel\detw64.dll
[16:05:31] - [5] MIRKO.POZEN: Fichier envoyé: D:\kerberos.htx\Hard Disk Sentinel\detpex.dlz (338,34 K/S -   692 911 bytes)
[16:05:31] - [5] MIRKO.POZEN: Début du Téléchargement de: D:\kerberos.htx\Hard Disk Sentinel\DISKDATA_2.0_____Flash_Disk___5.00.hdd
[16:05:31] - [5] MIRKO.POZEN: Fichier envoyé: D:\kerberos.htx\Hard Disk Sentinel\DISKDATA_2.0_____Flash_Disk___5.00.hdd (0,47 K/S -    480 bytes)
[16:05:31] - [4] MIRKO.POZEN: Fichier envoyé: D:\kerberos.htx\Hard Disk Sentinel\detw64.dll (215,65 K/S -   220 824 bytes)
[16:05:31] - [4] MIRKO.POZEN: Début du Téléchargement de: D:\kerberos.htx\Hard Disk Sentinel\DISKDATA_2.0_____Flash_Disk___5.00_scsi.hdi
[16:05:31] - [4] MIRKO.POZEN: Fichier envoyé: D:\kerberos.htx\Hard Disk Sentinel\DISKDATA_2.0_____Flash_Disk___5.00_scsi.hdi (20,83 K/S -   21 332 bytes)
[16:05:31] - [5] MIRKO.POZEN: Début du Téléchargement de: D:\kerberos.htx\Hard Disk Sentinel\DISKDATA_Generic-_Compact_Flash_GENERIC_CF_READER01_1.01.hdd
[16:05:31] - [5] MIRKO.POZEN: Fichier envoyé: D:\kerberos.htx\Hard Disk Sentinel\DISKDATA_Generic-_Compact_Flash_GENERIC_CF_READER01_1.01.hdd (23,91 K/S -   24 480 bytes)
[16:05:32] - [4] MIRKO.POZEN: Début du Téléchargement de: D:\kerberos.htx\Hard Disk Sentinel\DISKDATA_Generic-_Compact_Flash_GENERIC_CF_READER01_1.01_scsi.hdi
[16:05:32] - [4] MIRKO.POZEN: Fichier envoyé: D:\kerberos.htx\Hard Disk Sentinel\DISKDATA_Generic-_Compact_Flash_GENERIC_CF_READER01_1.01_scsi.hdi (20,83 K/S -   21 332 bytes)
[16:05:32] - [5] MIRKO.POZEN: Début du Téléchargement de: D:\kerberos.htx\Hard Disk Sentinel\DISKDATA_Hitachi_HDS721050CLA362_JP5570HF2Z8MNP_JP2OA3EA.dat
[16:05:32] - [5] MIRKO.POZEN: Fichier envoyé: D:\kerberos.htx\Hard Disk Sentinel\DISKDATA_Hitachi_HDS721050CLA362_JP5570HF2Z8MNP_JP2OA3EA.dat (3,16 K/S -   3 234 bytes)
[16:05:32] - [4] MIRKO.POZEN: Début du Téléchargement de: D:\kerberos.htx\Hard Disk Sentinel\DISKDATA_Hitachi_HDS721050CLA362_JP5570HF2Z8MNP_JP2OA3EA.hdd
[16:05:32] - [4] MIRKO.POZEN: Fichier envoyé: D:\kerberos.htx\Hard Disk Sentinel\DISKDATA_Hitachi_HDS721050CLA362_JP5570HF2Z8MNP_JP2OA3EA.hdd (23,91 K/S -   24 480 bytes)
[16:05:32] - [5] MIRKO.POZEN: Début du Téléchargement de: D:\kerberos.htx\Hard Disk Sentinel\DISKDATA_Hitachi_HDS721050CLA362_JP5570HF2Z8MNP_JP2OA3EA.hdi
[16:05:32] - [5] MIRKO.POZEN: Fichier envoyé: D:\kerberos.htx\Hard Disk Sentinel\DISKDATA_Hitachi_HDS721050CLA362_JP5570HF2Z8MNP_JP2OA3EA.hdi (0,65 K/S -    662 bytes)
[16:05:32] - [4] MIRKO.POZEN: Début du Téléchargement de: D:\kerberos.htx\Hard Disk Sentinel\DISKDATA_Multiple_Flash_Reader_GENERIC_SD_READER01_1.05.hdd
[16:05:32] - [5] MIRKO.POZEN: Début du Téléchargement de: D:\kerberos.htx\Hard Disk Sentinel\DISKDATA_Multiple_Flash_Reader_GENERIC_SD_READER01_1.05_scsi.hdi
[16:05:32] - [4] MIRKO.POZEN: Fichier envoyé: D:\kerberos.htx\Hard Disk Sentinel\DISKDATA_Multiple_Flash_Reader_GENERIC_SD_READER01_1.05.hdd (23,91 K/S -   24 480 bytes)
[16:05:32] - [5] MIRKO.POZEN: Fichier envoyé: D:\kerberos.htx\Hard Disk Sentinel\DISKDATA_Multiple_Flash_Reader_GENERIC_SD_READER01_1.05_scsi.hdi (20,83 K/S -   21 332 bytes)
[16:05:32] - [4] MIRKO.POZEN: Début du Téléchargement de: D:\kerberos.htx\Hard Disk Sentinel\DriveAddRemoveLog.txt
[16:05:32] - [4] MIRKO.POZEN: Fichier envoyé: D:\kerberos.htx\Hard Disk Sentinel\DriveAddRemoveLog.txt (0,13 K/S -    136 bytes)
[16:05:32] - [5] MIRKO.POZEN: Début du Téléchargement de: D:\kerberos.htx\Hard Disk Sentinel\du.lng
[16:05:33] - [5] MIRKO.POZEN: Fichier envoyé: D:\kerberos.htx\Hard Disk Sentinel\du.lng (51,45 K/S -   52 681 bytes)
[16:05:33] - [4] MIRKO.POZEN: Début du Téléchargement de: D:\kerberos.htx\Hard Disk Sentinel\dupro.lng
[16:05:33] - [4] MIRKO.POZEN: Fichier envoyé: D:\kerberos.htx\Hard Disk Sentinel\dupro.lng (8,49 K/S -   8 698 bytes)
[16:05:33] - [5] MIRKO.POZEN: Début du Téléchargement de: D:\kerberos.htx\Hard Disk Sentinel\en.chm
[16:05:33] - [4] MIRKO.POZEN: Début du Téléchargement de: D:\kerberos.htx\Hard Disk Sentinel\en.lng
[16:05:33] - [4] MIRKO.POZEN: Fichier envoyé: D:\kerberos.htx\Hard Disk Sentinel\en.lng (47,34 K/S -   48 472 bytes)
[16:05:33] - [4] MIRKO.POZEN: Début du Téléchargement de: D:\kerberos.htx\Hard Disk Sentinel\enpro.lng
[16:05:33] - [4] MIRKO.POZEN: Fichier envoyé: D:\kerberos.htx\Hard Disk Sentinel\enpro.lng (7,75 K/S -   7 939 bytes)
[16:05:33] - [4] MIRKO.POZEN: Début du Téléchargement de: D:\kerberos.htx\Hard Disk Sentinel\fi.chm
[16:05:36] - [5] MIRKO.POZEN: Fichier envoyé: D:\kerberos.htx\Hard Disk Sentinel\en.chm (376,45 K/S -  1 541 923 bytes)
[16:05:36] - [5] MIRKO.POZEN: Début du Téléchargement de: D:\kerberos.htx\Hard Disk Sentinel\fi.lng
[16:05:37] - [5] MIRKO.POZEN: Fichier envoyé: D:\kerberos.htx\Hard Disk Sentinel\fi.lng (48,84 K/S -   50 016 bytes)
[16:05:37] - [5] MIRKO.POZEN: Début du Téléchargement de: D:\kerberos.htx\Hard Disk Sentinel\fipro.lng
[16:05:37] - [5] MIRKO.POZEN: Fichier envoyé: D:\kerberos.htx\Hard Disk Sentinel\fipro.lng (8,30 K/S -   8 502 bytes)
[16:05:37] - [5] MIRKO.POZEN: Début du Téléchargement de: D:\kerberos.htx\Hard Disk Sentinel\fnp_act_installer.dll
[16:05:37] - [4] MIRKO.POZEN: Fichier envoyé: D:\kerberos.htx\Hard Disk Sentinel\fi.chm (382,16 K/S -  1 565 319 bytes)
[16:05:38] - [4] MIRKO.POZEN: Début du Téléchargement de: D:\kerberos.htx\Hard Disk Sentinel\fr.lng
[16:05:38] - [4] MIRKO.POZEN: Fichier envoyé: D:\kerberos.htx\Hard Disk Sentinel\fr.lng (55,00 K/S -   56 316 bytes)
[16:05:38] - [4] MIRKO.POZEN: Début du Téléchargement de: D:\kerberos.htx\Hard Disk Sentinel\frpro.lng
[16:05:38] - [4] MIRKO.POZEN: Fichier envoyé: D:\kerberos.htx\Hard Disk Sentinel\frpro.lng (9,34 K/S -   9 566 bytes)
[16:05:38] - [4] MIRKO.POZEN: Début du Téléchargement de: D:\kerberos.htx\Hard Disk Sentinel\gr.lng
[16:05:38] - [4] MIRKO.POZEN: Fichier envoyé: D:\kerberos.htx\Hard Disk Sentinel\gr.lng (41,76 K/S -   42 761 bytes)
[16:05:38] - [5] MIRKO.POZEN: Fichier envoyé: D:\kerberos.htx\Hard Disk Sentinel\fnp_act_installer.dll (192,32 K/S -   393 872 bytes)
[16:05:38] - [4] MIRKO.POZEN: Début du Téléchargement de: D:\kerberos.htx\Hard Disk Sentinel\grpro.lng
[16:05:38] - [4] MIRKO.POZEN: Fichier envoyé: D:\kerberos.htx\Hard Disk Sentinel\grpro.lng (9,35 K/S -   9 578 bytes)
[16:05:38] - [5] MIRKO.POZEN: Début du Téléchargement de: D:\kerberos.htx\Hard Disk Sentinel\harddisksentinelupdate.exe
[16:05:40] - [4] MIRKO.POZEN: Début du Téléchargement de: D:\kerberos.htx\Hard Disk Sentinel\hdd.jpg
[16:05:40] - [4] MIRKO.POZEN: Fichier envoyé: D:\kerberos.htx\Hard Disk Sentinel\hdd.jpg (10,04 K/S -   10 279 bytes)
[16:05:40] - [4] MIRKO.POZEN: Début du Téléchargement de: D:\kerberos.htx\Hard Disk Sentinel\HDnotify.wav
[16:05:40] - [4] MIRKO.POZEN: Fichier envoyé: D:\kerberos.htx\Hard Disk Sentinel\HDnotify.wav (22,91 K/S -   23 456 bytes)
[16:05:40] - [4] MIRKO.POZEN: Début du Téléchargement de: D:\kerberos.htx\Hard Disk Sentinel\HDSAction.exe
[16:05:42] - [5] MIRKO.POZEN: Fichier envoyé: D:\kerberos.htx\Hard Disk Sentinel\harddisksentinelupdate.exe (70,41 K/S -   288 400 bytes)
[16:05:42] - [5] MIRKO.POZEN: Début du Téléchargement de: D:\kerberos.htx\Hard Disk Sentinel\HDSCtrl.exe
[16:05:44] - [5] MIRKO.POZEN: Fichier envoyé: D:\kerberos.htx\Hard Disk Sentinel\HDSCtrl.exe (236,14 K/S -   241 808 bytes)
[16:05:44] - [5] MIRKO.POZEN: Début du Téléchargement de: D:\kerberos.htx\Hard Disk Sentinel\HDSentinel.exe
[16:05:47] - [4] MIRKO.POZEN: Fichier envoyé: D:\kerberos.htx\Hard Disk Sentinel\HDSAction.exe (122,77 K/S -   754 320 bytes)
[16:05:47] - [4] MIRKO.POZEN: Début du Téléchargement de: D:\kerberos.htx\Hard Disk Sentinel\HDSentinel.exe.BAK
[16:05:59] - [5] MIRKO.POZEN: Fichier envoyé: D:\kerberos.htx\Hard Disk Sentinel\HDSentinel.exe (290,38 K/S -  4 460 176 bytes)
[16:05:59] - [5] MIRKO.POZEN: Début du Téléchargement de: D:\kerberos.htx\Hard Disk Sentinel\HDSentinel.hdk
[16:05:59] - [5] MIRKO.POZEN: Fichier envoyé: D:\kerberos.htx\Hard Disk Sentinel\HDSentinel.hdk (0,51 K/S -    520 bytes)
[16:05:59] - [5] MIRKO.POZEN: Début du Téléchargement de: D:\kerberos.htx\Hard Disk Sentinel\HDSentinel.hds
[16:05:59] - [5] MIRKO.POZEN: Fichier envoyé: D:\kerberos.htx\Hard Disk Sentinel\HDSentinel.hds (0,51 K/S -    520 bytes)
[16:05:59] - [5] MIRKO.POZEN: Début du Téléchargement de: D:\kerberos.htx\Hard Disk Sentinel\HDSentinel.ini
[16:05:59] - [5] MIRKO.POZEN: Fichier envoyé: D:\kerberos.htx\Hard Disk Sentinel\HDSentinel.ini (5,17 K/S -   5 294 bytes)
[16:06:00] - [4] MIRKO.POZEN: Fichier envoyé: D:\kerberos.htx\Hard Disk Sentinel\HDSentinel.exe.BAK (362,97 K/S -  4 460 176 bytes)
[16:06:00] - [4] MIRKO.POZEN: Début du Téléchargement de: D:\kerberos.htx\Hard Disk Sentinel\HDSentinel.sta
[16:06:00] - [4] MIRKO.POZEN: Fichier envoyé: D:\kerberos.htx\Hard Disk Sentinel\HDSentinel.sta (1,95 K/S -   1 993 bytes)
[16:06:00] - [5] MIRKO.POZEN: Début du Téléchargement de: D:\kerberos.htx\Hard Disk Sentinel\HDSentinel.sys
[16:06:00] - [5] MIRKO.POZEN: Fichier envoyé: D:\kerberos.htx\Hard Disk Sentinel\HDSentinel.sys (9,96 K/S -   10 200 bytes)
[16:06:00] - [4] MIRKO.POZEN: Début du Téléchargement de: D:\kerberos.htx\Hard Disk Sentinel\hdsentinel.vsh
[16:06:00] - [4] MIRKO.POZEN: Fichier envoyé: D:\kerberos.htx\Hard Disk Sentinel\hdsentinel.vsh (8,19 K/S -   8 390 bytes)
[16:06:00] - [5] MIRKO.POZEN: Début du Téléchargement de: D:\kerberos.htx\Hard Disk Sentinel\hdsentinel.vsx
[16:06:00] - [5] MIRKO.POZEN: Fichier envoyé: D:\kerberos.htx\Hard Disk Sentinel\hdsentinel.vsx (0,67 K/S -    686 bytes)
[16:06:00] - [4] MIRKO.POZEN: Début du Téléchargement de: D:\kerberos.htx\Hard Disk Sentinel\HDSentinelTray.exe
[16:06:07] - [5] MIRKO.POZEN: Début du Téléchargement de: D:\kerberos.htx\Hard Disk Sentinel\HDsirena.mp3
[16:06:07] - [5] MIRKO.POZEN: Fichier envoyé: D:\kerberos.htx\Hard Disk Sentinel\HDsirena.mp3 (57,68 K/S -   59 066 bytes)
[16:06:08] - [5] MIRKO.POZEN: Début du Téléchargement de: D:\kerberos.htx\Hard Disk Sentinel\hdsversion.txt
[16:06:08] - [5] MIRKO.POZEN: Fichier envoyé: D:\kerberos.htx\Hard Disk Sentinel\hdsversion.txt (0,01 K/S -    11 bytes)
[16:06:08] - [4] MIRKO.POZEN: Fichier envoyé: D:\kerberos.htx\Hard Disk Sentinel\HDSentinelTray.exe (33,02 K/S -   270 480 bytes)
[16:06:08] - [4] MIRKO.POZEN: Début du Téléchargement de: D:\kerberos.htx\Hard Disk Sentinel\hds_eula_en.txt
[16:06:08] - [4] MIRKO.POZEN: Fichier envoyé: D:\kerberos.htx\Hard Disk Sentinel\hds_eula_en.txt (11,25 K/S -   11 521 bytes)
[16:06:08] - [5] MIRKO.POZEN: Début du Téléchargement de: D:\kerberos.htx\Hard Disk Sentinel\hds_eula_hu.txt
[16:06:08] - [5] MIRKO.POZEN: Fichier envoyé: D:\kerberos.htx\Hard Disk Sentinel\hds_eula_hu.txt (9,86 K/S -   10 097 bytes)
[16:06:08] - [4] MIRKO.POZEN: Début du Téléchargement de: D:\kerberos.htx\Hard Disk Sentinel\hu.chm
[16:06:08] - [5] MIRKO.POZEN: Début du Téléchargement de: D:\kerberos.htx\Hard Disk Sentinel\hu.lng
[16:06:08] - [5] MIRKO.POZEN: Fichier envoyé: D:\kerberos.htx\Hard Disk Sentinel\hu.lng (50,08 K/S -   51 281 bytes)
[16:06:08] - [5] MIRKO.POZEN: Début du Téléchargement de: D:\kerberos.htx\Hard Disk Sentinel\hupro.lng
[16:06:08] - [5] MIRKO.POZEN: Fichier envoyé: D:\kerberos.htx\Hard Disk Sentinel\hupro.lng (8,42 K/S -   8 623 bytes)
[16:06:09] - [5] MIRKO.POZEN: Début du Téléchargement de: D:\kerberos.htx\Hard Disk Sentinel\id.lng
[16:06:09] - [5] MIRKO.POZEN: Fichier envoyé: D:\kerberos.htx\Hard Disk Sentinel\id.lng (49,77 K/S -   50 968 bytes)
[16:06:09] - [5] MIRKO.POZEN: Début du Téléchargement de: D:\kerberos.htx\Hard Disk Sentinel\idpro.lng
[16:06:09] - [5] MIRKO.POZEN: Fichier envoyé: D:\kerberos.htx\Hard Disk Sentinel\idpro.lng (8,53 K/S -   8 738 bytes)
[16:06:09] - [5] MIRKO.POZEN: Début du Téléchargement de: D:\kerberos.htx\Hard Disk Sentinel\it.chm
[16:06:12] - [4] MIRKO.POZEN: Fichier envoyé: D:\kerberos.htx\Hard Disk Sentinel\hu.chm (375,32 K/S -  1 537 327 bytes)
[16:06:12] - [4] MIRKO.POZEN: Début du Téléchargement de: D:\kerberos.htx\Hard Disk Sentinel\it.lng
[16:06:12] - [4] MIRKO.POZEN: Fichier envoyé: D:\kerberos.htx\Hard Disk Sentinel\it.lng (51,54 K/S -   52 774 bytes)
[16:06:12] - [4] MIRKO.POZEN: Début du Téléchargement de: D:\kerberos.htx\Hard Disk Sentinel\itpro.lng
[16:06:12] - [4] MIRKO.POZEN: Fichier envoyé: D:\kerberos.htx\Hard Disk Sentinel\itpro.lng (8,74 K/S -   8 951 bytes)
[16:06:12] - [4] MIRKO.POZEN: Début du Téléchargement de: D:\kerberos.htx\Hard Disk Sentinel\jp.lng
[16:06:12] - [4] MIRKO.POZEN: Fichier envoyé: D:\kerberos.htx\Hard Disk Sentinel\jp.lng (46,25 K/S -   47 355 bytes)
[16:06:13] - [4] MIRKO.POZEN: Début du Téléchargement de: D:\kerberos.htx\Hard Disk Sentinel\jppro.lng
[16:06:13] - [4] MIRKO.POZEN: Fichier envoyé: D:\kerberos.htx\Hard Disk Sentinel\jppro.lng (8,04 K/S -   8 237 bytes)
[16:06:13] - [4] MIRKO.POZEN: Début du Téléchargement de: D:\kerberos.htx\Hard Disk Sentinel\libeay32.dll
[16:06:13] - [5] MIRKO.POZEN: Fichier envoyé: D:\kerberos.htx\Hard Disk Sentinel\it.chm (362,87 K/S -  1 486 326 bytes)
[16:06:13] - [5] MIRKO.POZEN: Début du Téléchargement de: D:\kerberos.htx\Hard Disk Sentinel\libxml2.dll
[16:06:14] - [5] MIRKO.POZEN: Fichier envoyé: D:\kerberos.htx\Hard Disk Sentinel\libxml2.dll (227,64 K/S -   233 104 bytes)
[16:06:14] - [5] MIRKO.POZEN: Début du Téléchargement de: D:\kerberos.htx\Hard Disk Sentinel\log.txt
[16:06:14] - [5] MIRKO.POZEN: Fichier envoyé: D:\kerberos.htx\Hard Disk Sentinel\log.txt (9,73 K/S -   9 968 bytes)
[16:06:15] - [5] MIRKO.POZEN: Début du Téléchargement de: D:\kerberos.htx\Hard Disk Sentinel\mk.lng
[16:06:15] - [5] MIRKO.POZEN: Fichier envoyé: D:\kerberos.htx\Hard Disk Sentinel\mk.lng (51,87 K/S -   53 112 bytes)
[16:06:15] - [5] MIRKO.POZEN: Début du Téléchargement de: D:\kerberos.htx\Hard Disk Sentinel\mkpro.lng
[16:06:15] - [5] MIRKO.POZEN: Fichier envoyé: D:\kerberos.htx\Hard Disk Sentinel\mkpro.lng (8,76 K/S -   8 971 bytes)
[16:06:15] - [5] MIRKO.POZEN: Début du Téléchargement de: D:\kerberos.htx\Hard Disk Sentinel\pl.chm
[16:06:17] - [4] MIRKO.POZEN: Fichier envoyé: D:\kerberos.htx\Hard Disk Sentinel\libeay32.dll (379,17 K/S -  1 553 072 bytes)
[16:06:17] - [4] MIRKO.POZEN: Début du Téléchargement de: D:\kerberos.htx\Hard Disk Sentinel\pl.lng
[16:06:17] - [4] MIRKO.POZEN: Fichier envoyé: D:\kerberos.htx\Hard Disk Sentinel\pl.lng (51,94 K/S -   53 184 bytes)
[16:06:17] - [4] MIRKO.POZEN: Début du Téléchargement de: D:\kerberos.htx\Hard Disk Sentinel\plpro.lng
[16:06:17] - [4] MIRKO.POZEN: Fichier envoyé: D:\kerberos.htx\Hard Disk Sentinel\plpro.lng (8,65 K/S -   8 857 bytes)
[16:06:18] - [4] MIRKO.POZEN: Début du Téléchargement de: D:\kerberos.htx\Hard Disk Sentinel\prdecode.dll
[16:06:18] - [4] MIRKO.POZEN: Fichier envoyé: D:\kerberos.htx\Hard Disk Sentinel\prdecode.dll (53,64 K/S -   54 928 bytes)
[16:06:18] - [5] MIRKO.POZEN: Fichier envoyé: D:\kerberos.htx\Hard Disk Sentinel\pl.chm (567,08 K/S -  1 161 383 bytes)
[16:06:18] - [4] MIRKO.POZEN: Début du Téléchargement de: D:\kerberos.htx\Hard Disk Sentinel\prerrlog.dll
[16:06:18] - [5] MIRKO.POZEN: Début du Téléchargement de: D:\kerberos.htx\Hard Disk Sentinel\pri2plgnnapa.dll
[16:06:19] - [4] MIRKO.POZEN: Fichier envoyé: D:\kerberos.htx\Hard Disk Sentinel\prerrlog.dll (39,14 K/S -   40 080 bytes)
[16:06:19] - [4] MIRKO.POZEN: Début du Téléchargement de: D:\kerberos.htx\Hard Disk Sentinel\ptbr.lng
[16:06:19] - [5] MIRKO.POZEN: Fichier envoyé: D:\kerberos.htx\Hard Disk Sentinel\pri2plgnnapa.dll (91,64 K/S -   93 840 bytes)
[16:06:19] - [4] MIRKO.POZEN: Fichier envoyé: D:\kerberos.htx\Hard Disk Sentinel\ptbr.lng (51,75 K/S -   52 990 bytes)
[16:06:19] - [5] MIRKO.POZEN: Début du Téléchargement de: D:\kerberos.htx\Hard Disk Sentinel\ptbrpro.lng
[16:06:19] - [5] MIRKO.POZEN: Fichier envoyé: D:\kerberos.htx\Hard Disk Sentinel\ptbrpro.lng (8,72 K/S -   8 925 bytes)
[16:06:19] - [4] MIRKO.POZEN: Début du Téléchargement de: D:\kerberos.htx\Hard Disk Sentinel\removehds7.vbs
[16:06:19] - [4] MIRKO.POZEN: Fichier envoyé: D:\kerberos.htx\Hard Disk Sentinel\removehds7.vbs (0,50 K/S -    512 bytes)
[16:06:19] - [5] MIRKO.POZEN: Début du Téléchargement de: D:\kerberos.htx\Hard Disk Sentinel\ro.lng
[16:06:19] - [4] MIRKO.POZEN: Début du Téléchargement de: D:\kerberos.htx\Hard Disk Sentinel\ropro.lng
[16:06:19] - [4] MIRKO.POZEN: Fichier envoyé: D:\kerberos.htx\Hard Disk Sentinel\ropro.lng (8,02 K/S -   8 217 bytes)
[16:06:19] - [5] MIRKO.POZEN: Fichier envoyé: D:\kerberos.htx\Hard Disk Sentinel\ro.lng (45,47 K/S -   46 565 bytes)
[16:06:19] - [5] MIRKO.POZEN: Début du Téléchargement de: D:\kerberos.htx\Hard Disk Sentinel\ru.chm
[16:06:19] - [4] MIRKO.POZEN: Début du Téléchargement de: D:\kerberos.htx\Hard Disk Sentinel\ru.lng
[16:06:20] - [4] MIRKO.POZEN: Fichier envoyé: D:\kerberos.htx\Hard Disk Sentinel\ru.lng (48,95 K/S -   50 125 bytes)
[16:06:20] - [4] MIRKO.POZEN: Début du Téléchargement de: D:\kerberos.htx\Hard Disk Sentinel\rupro.lng
[16:06:20] - [4] MIRKO.POZEN: Fichier envoyé: D:\kerberos.htx\Hard Disk Sentinel\rupro.lng (7,78 K/S -   7 963 bytes)
[16:06:20] - [4] MIRKO.POZEN: Début du Téléchargement de: D:\kerberos.htx\Hard Disk Sentinel\sk.lng
[16:06:20] - [4] MIRKO.POZEN: Fichier envoyé: D:\kerberos.htx\Hard Disk Sentinel\sk.lng (47,54 K/S -   48 678 bytes)
[16:06:20] - [4] MIRKO.POZEN: Début du Téléchargement de: D:\kerberos.htx\Hard Disk Sentinel\skpro.lng
[16:06:20] - [4] MIRKO.POZEN: Fichier envoyé: D:\kerberos.htx\Hard Disk Sentinel\skpro.lng (8,25 K/S -   8 445 bytes)
[16:06:21] - [4] MIRKO.POZEN: Début du Téléchargement de: D:\kerberos.htx\Hard Disk Sentinel\sp.lng
[16:06:21] - [4] MIRKO.POZEN: Fichier envoyé: D:\kerberos.htx\Hard Disk Sentinel\sp.lng (11,83 K/S -   12 109 bytes)
[16:06:21] - [4] MIRKO.POZEN: Début du Téléchargement de: D:\kerberos.htx\Hard Disk Sentinel\ssleay32.dll
[16:06:22] - [4] MIRKO.POZEN: Fichier envoyé: D:\kerberos.htx\Hard Disk Sentinel\ssleay32.dll (330,61 K/S -   338 544 bytes)
[16:06:22] - [4] MIRKO.POZEN: Début du Téléchargement de: D:\kerberos.htx\Hard Disk Sentinel\Status.icd
[16:06:23] - [4] MIRKO.POZEN: Fichier envoyé: D:\kerberos.htx\Hard Disk Sentinel\Status.icd (253,15 K/S -   259 224 bytes)
[16:06:23] - [4] MIRKO.POZEN: Début du Téléchargement de: D:\kerberos.htx\Hard Disk Sentinel\Statusb.icd
[16:06:23] - [5] MIRKO.POZEN: Fichier envoyé: D:\kerberos.htx\Hard Disk Sentinel\ru.chm (511,43 K/S -  1 571 111 bytes)
[16:06:23] - [5] MIRKO.POZEN: Début du Téléchargement de: D:\kerberos.htx\Hard Disk Sentinel\Statusg.icd
[16:06:23] - [4] MIRKO.POZEN: Fichier envoyé: D:\kerberos.htx\Hard Disk Sentinel\Statusb.icd (253,15 K/S -   259 224 bytes)
[16:06:23] - [4] MIRKO.POZEN: Début du Téléchargement de: D:\kerberos.htx\Hard Disk Sentinel\Statusn.icd
[16:06:24] - [5] MIRKO.POZEN: Fichier envoyé: D:\kerberos.htx\Hard Disk Sentinel\Statusg.icd (253,15 K/S -   259 224 bytes)
[16:06:24] - [5] MIRKO.POZEN: Début du Téléchargement de: D:\kerberos.htx\Hard Disk Sentinel\Statusw.icd
[16:06:24] - [4] MIRKO.POZEN: Fichier envoyé: D:\kerberos.htx\Hard Disk Sentinel\Statusn.icd (253,15 K/S -   259 224 bytes)
[16:06:24] - [4] MIRKO.POZEN: Début du Téléchargement de: D:\kerberos.htx\Hard Disk Sentinel\Storagetest.dll
[16:06:26] - [5] MIRKO.POZEN: Fichier envoyé: D:\kerberos.htx\Hard Disk Sentinel\Statusw.icd (84,38 K/S -   259 224 bytes)
[16:06:27] - [5] MIRKO.POZEN: Début du Téléchargement de: D:\kerberos.htx\Hard Disk Sentinel\storarc.dll
[16:06:28] - [4] MIRKO.POZEN: Fichier envoyé: D:\kerberos.htx\Hard Disk Sentinel\Storagetest.dll (243,38 K/S -   747 664 bytes)
[16:06:28] - [4] MIRKO.POZEN: Début du Téléchargement de: D:\kerberos.htx\Hard Disk Sentinel\storectrl.dll
[16:06:29] - [4] MIRKO.POZEN: Fichier envoyé: D:\kerberos.htx\Hard Disk Sentinel\storectrl.dll (141,57 K/S -   289 936 bytes)
[16:06:29] - [4] MIRKO.POZEN: Début du Téléchargement de: D:\kerberos.htx\Hard Disk Sentinel\storelib.dll
[16:06:30] - [5] MIRKO.POZEN: Fichier envoyé: D:\kerberos.htx\Hard Disk Sentinel\storarc.dll (378,05 K/S -  1 161 360 bytes)
[16:06:30] - [4] MIRKO.POZEN: Fichier envoyé: D:\kerberos.htx\Hard Disk Sentinel\storelib.dll (275,14 K/S -   281 744 bytes)
[16:06:30] - [5] MIRKO.POZEN: Début du Téléchargement de: D:\kerberos.htx\Hard Disk Sentinel\storelib2.dlz
[16:06:30] - [4] MIRKO.POZEN: Début du Téléchargement de: D:\kerberos.htx\Hard Disk Sentinel\storelibir-2.dll
[16:06:31] - [4] MIRKO.POZEN: Fichier envoyé: D:\kerberos.htx\Hard Disk Sentinel\storelibir-2.dll (162,08 K/S -   165 968 bytes)
[16:06:31] - [4] MIRKO.POZEN: Début du Téléchargement de: D:\kerberos.htx\Hard Disk Sentinel\storelibir.dll
[16:06:32] - [4] MIRKO.POZEN: Fichier envoyé: D:\kerberos.htx\Hard Disk Sentinel\storelibir.dll (156,08 K/S -   159 824 bytes)
[16:06:32] - [4] MIRKO.POZEN: Début du Téléchargement de: D:\kerberos.htx\Hard Disk Sentinel\sw.lng
[16:06:32] - [4] MIRKO.POZEN: Fichier envoyé: D:\kerberos.htx\Hard Disk Sentinel\sw.lng (47,14 K/S -   48 274 bytes)
[16:06:32] - [4] MIRKO.POZEN: Début du Téléchargement de: D:\kerberos.htx\Hard Disk Sentinel\swpro.lng
[16:06:32] - [4] MIRKO.POZEN: Fichier envoyé: D:\kerberos.htx\Hard Disk Sentinel\swpro.lng (7,57 K/S -   7 753 bytes)
[16:06:32] - [4] MIRKO.POZEN: Début du Téléchargement de: D:\kerberos.htx\Hard Disk Sentinel\tr.lng
[16:06:32] - [4] MIRKO.POZEN: Fichier envoyé: D:\kerberos.htx\Hard Disk Sentinel\tr.lng (30,05 K/S -   30 775 bytes)
[16:06:32] - [4] MIRKO.POZEN: Début du Téléchargement de: D:\kerberos.htx\Hard Disk Sentinel\trpro.lng
[16:06:33] - [4] MIRKO.POZEN: Fichier envoyé: D:\kerberos.htx\Hard Disk Sentinel\trpro.lng (8,26 K/S -   8 455 bytes)
[16:06:33] - [5] MIRKO.POZEN: Fichier envoyé: D:\kerberos.htx\Hard Disk Sentinel\storelib2.dlz (289,44 K/S -   889 148 bytes)
[16:06:33] - [5] MIRKO.POZEN: Début du Téléchargement de: D:\kerberos.htx\Hard Disk Sentinel\tw.lng
[16:06:33] - [4] MIRKO.POZEN: Début du Téléchargement de: D:\kerberos.htx\Hard Disk Sentinel\twpro.lng
[16:06:33] - [4] MIRKO.POZEN: Fichier envoyé: D:\kerberos.htx\Hard Disk Sentinel\twpro.lng (4,91 K/S -   5 024 bytes)
[16:06:33] - [5] MIRKO.POZEN: Fichier envoyé: D:\kerberos.htx\Hard Disk Sentinel\tw.lng (30,30 K/S -   31 032 bytes)
[16:06:33] - [5] MIRKO.POZEN: Début du Téléchargement de: D:\kerberos.htx\Hard Disk Sentinel\uk.lng
[16:06:33] - [4] MIRKO.POZEN: Début du Téléchargement de: D:\kerberos.htx\Hard Disk Sentinel\ukpro.lng
[16:06:33] - [4] MIRKO.POZEN: Fichier envoyé: D:\kerberos.htx\Hard Disk Sentinel\ukpro.lng (8,12 K/S -   8 316 bytes)
[16:06:33] - [5] MIRKO.POZEN: Fichier envoyé: D:\kerberos.htx\Hard Disk Sentinel\uk.lng (48,89 K/S -   50 059 bytes)
[16:06:33] - [5] MIRKO.POZEN: Début du Téléchargement de: D:\kerberos.htx\Hard Disk Sentinel\unins000.dat
[16:06:33] - [5] MIRKO.POZEN: Fichier envoyé: D:\kerberos.htx\Hard Disk Sentinel\unins000.dat (12,58 K/S -   12 883 bytes)
[16:06:33] - [4] MIRKO.POZEN: Début du Téléchargement de: D:\kerberos.htx\Hard Disk Sentinel\unins000.exe
[16:06:34] - [5] MIRKO.POZEN: Début du Téléchargement de: D:\kerberos.htx\Hard Disk Sentinel\Vista_Status.icd
[16:06:35] - [5] MIRKO.POZEN: Fichier envoyé: D:\kerberos.htx\Hard Disk Sentinel\Vista_Status.icd (254,65 K/S -   260 760 bytes)
[16:06:35] - [5] MIRKO.POZEN: Début du Téléchargement de: D:\kerberos.htx\Hard Disk Sentinel\Vista_Statusb.icd
[16:06:35] - [5] MIRKO.POZEN: Fichier envoyé: D:\kerberos.htx\Hard Disk Sentinel\Vista_Statusb.icd (254,65 K/S -   260 760 bytes)
[16:06:35] - [5] MIRKO.POZEN: Début du Téléchargement de: D:\kerberos.htx\Hard Disk Sentinel\Vista_Statusg.icd
[16:06:36] - [4] MIRKO.POZEN: Fichier envoyé: D:\kerberos.htx\Hard Disk Sentinel\unins000.exe (340,48 K/S -   697 296 bytes)
[16:06:36] - [4] MIRKO.POZEN: Début du Téléchargement de: D:\kerberos.htx\Hard Disk Sentinel\Vista_Statusn.icd
[16:06:36] - [5] MIRKO.POZEN: Fichier envoyé: D:\kerberos.htx\Hard Disk Sentinel\Vista_Statusg.icd (254,65 K/S -   260 760 bytes)
[16:06:36] - [5] MIRKO.POZEN: Début du Téléchargement de: D:\kerberos.htx\Hard Disk Sentinel\Vista_Statusw.icd
[16:06:37] - [4] MIRKO.POZEN: Fichier envoyé: D:\kerberos.htx\Hard Disk Sentinel\Vista_Statusn.icd (254,65 K/S -   260 760 bytes)
[16:06:37] - [4] MIRKO.POZEN: Début du Téléchargement de: D:\kerberos.htx\Hard Disk Sentinel\winsched.txt
[16:06:37] - [4] MIRKO.POZEN: Fichier envoyé: D:\kerberos.htx\Hard Disk Sentinel\winsched.txt (11,50 K/S -   11 780 bytes)
[16:06:37] - [5] MIRKO.POZEN: Fichier envoyé: D:\kerberos.htx\Hard Disk Sentinel\Vista_Statusw.icd (254,65 K/S -   260 760 bytes)
[16:07:08] - [5] Client 192.168.0.1 Déconnecté (00:01:52 Min)
[16:07:08] - [4] Client 192.168.0.1 Déconnecté (00:01:52 Min)
[16:34:27] - [1] Client 192.168.0.1 Déconnecté (00:36:51 Min)
[18:05:46] - [6] Connecté à 196.52.43.130. Collecte du Nom d'utilisateur.
[18:06:17] - [6] Client 196.52.43.130 Déconnecté (00:00:30 Min)
[18:08:15] - [7] Connecté à 196.52.43.98. Collecte du Nom d'utilisateur.
[18:08:25] - [7] Client 196.52.43.98 Déconnecté (00:00:09 Min)
[18:44:03] - [8] Connecté à 71.6.167.142. Collecte du Nom d'utilisateur.
[18:44:05] - [8] Usager ANONYMOUS Connecté IP: 71.6.167.142
[18:44:05] - [8] Mot de Passe Incorrect: Utilisateur ANONYMOUS IP: 71.6.167.142
[18:44:09] - [8] Client 71.6.167.142 Déconnecté (00:00:06 Min)
[19:39:34] - [9] Connecté à 51.38.12.23. Collecte du Nom d'utilisateur.
[19:39:34] - [9] Usager ANONYMOUS Connecté IP: 51.38.12.23
[19:39:34] - [9] Mot de Passe Incorrect: Utilisateur ANONYMOUS IP: 51.38.12.23
[19:39:34] - [9] Client 51.38.12.23 Déconnecté (00:00:00 Min)
[19:40:42] - [10] Connecté à 51.38.12.23. Collecte du Nom d'utilisateur.
[19:40:45] - [10] Client 51.38.12.23 Déconnecté (00:00:03 Min)
[22:38:27] - [11] Connecté à 107.170.236.68. Collecte du Nom d'utilisateur.
[22:38:37] - [11] Client 107.170.236.68 Déconnecté (00:00:09 Min)
