[17:40:07] - Serveur Démarré
[17:40:07] - FTP Port: 21
[17:47:55] - [1] Connecté à 192.168.0.1. Collecte du Nom d'utilisateur.
[17:47:55] - [1] Usager MIRKO.POZEN Connecté IP: 192.168.0.1
[17:47:55] - [1] MIRKO.POZEN: Répertoire en Cours: D:\kerberos.htx\
[17:47:55] - [1] MIRKO.POZEN: Répertoire en Cours: D:\kerberos.htx\
[17:48:01] - [1] MIRKO.POZEN: Répertoire en Cours: D:\kerberos.htx\mig thoor\
[17:48:04] - [1] MIRKO.POZEN: Répertoire en Cours: D:\kerberos.htx\mig thoor\uxor, conjux  original\
[17:48:11] - [1] MIRKO.POZEN: Répertoire en Cours: D:\kerberos.htx\mig thoor\uxor, conjux  original\uxor, conjux  redimentionne\
[17:48:12] - [2] Connecté à 192.168.0.1. Collecte du Nom d'utilisateur.
[17:48:12] - [3] Connecté à 192.168.0.1. Collecte du Nom d'utilisateur.
[17:48:12] - [2] Usager MIRKO.POZEN Connecté IP: 192.168.0.1
[17:48:12] - [2] MIRKO.POZEN: Répertoire en Cours: D:\kerberos.htx\
[17:48:12] - [3] Usager MIRKO.POZEN Connecté IP: 192.168.0.1
[17:48:12] - [3] MIRKO.POZEN: Répertoire en Cours: D:\kerberos.htx\
[17:48:12] - [2] MIRKO.POZEN: Répertoire en Cours: D:\kerberos.htx\mig thoor\uxor, conjux  original\
[17:48:12] - [3] MIRKO.POZEN: Répertoire en Cours: D:\kerberos.htx\mig thoor\uxor, conjux  original\
[17:48:12] - [2] MIRKO.POZEN: Début du Téléchargement de: D:\kerberos.htx\mig thoor\uxor, conjux  original\DSCF7042.JPG
[17:48:12] - [3] MIRKO.POZEN: Début du Téléchargement de: D:\kerberos.htx\mig thoor\uxor, conjux  original\DSCF7043.JPG
[17:48:15] - [2] MIRKO.POZEN: Fichier envoyé: D:\kerberos.htx\mig thoor\uxor, conjux  original\DSCF7042.JPG (436,15 K/S -  1 339 866 bytes)
[17:48:15] - [2] MIRKO.POZEN: Début du Téléchargement de: D:\kerberos.htx\mig thoor\uxor, conjux  original\DSCF7045.JPG
[17:48:16] - [3] MIRKO.POZEN: Fichier envoyé: D:\kerberos.htx\mig thoor\uxor, conjux  original\DSCF7043.JPG (332,39 K/S -  1 361 471 bytes)
[17:48:17] - [3] MIRKO.POZEN: Début du Téléchargement de: D:\kerberos.htx\mig thoor\uxor, conjux  original\DSCF7046.JPG
[17:48:18] - [2] MIRKO.POZEN: Fichier envoyé: D:\kerberos.htx\mig thoor\uxor, conjux  original\DSCF7045.JPG (424,11 K/S -  1 302 860 bytes)
[17:48:18] - [2] MIRKO.POZEN: Début du Téléchargement de: D:\kerberos.htx\mig thoor\uxor, conjux  original\DSCF7048.JPG
[17:48:20] - [2] MIRKO.POZEN: Fichier envoyé: D:\kerberos.htx\mig thoor\uxor, conjux  original\DSCF7048.JPG (436,91 K/S -  1 342 197 bytes)
[17:48:20] - [2] MIRKO.POZEN: Début du Téléchargement de: D:\kerberos.htx\mig thoor\uxor, conjux  original\DSCF7049.JPG
[17:48:22] - [3] MIRKO.POZEN: Fichier envoyé: D:\kerberos.htx\mig thoor\uxor, conjux  original\DSCF7046.JPG (262,20 K/S -  1 342 470 bytes)
[17:48:22] - [3] MIRKO.POZEN: Début du Téléchargement de: D:\kerberos.htx\mig thoor\uxor, conjux  original\DSCF7050.JPG
[17:48:23] - [2] MIRKO.POZEN: Fichier envoyé: D:\kerberos.htx\mig thoor\uxor, conjux  original\DSCF7049.JPG (428,80 K/S -  1 317 272 bytes)
[17:48:24] - [2] MIRKO.POZEN: Début du Téléchargement de: D:\kerberos.htx\mig thoor\uxor, conjux  original\DSCF7051.JPG
[17:48:26] - [2] MIRKO.POZEN: Fichier envoyé: D:\kerberos.htx\mig thoor\uxor, conjux  original\DSCF7051.JPG (433,68 K/S -  1 332 279 bytes)
[17:48:26] - [2] MIRKO.POZEN: Début du Téléchargement de: D:\kerberos.htx\mig thoor\uxor, conjux  original\DSCF7052.JPG
[17:48:28] - [3] MIRKO.POZEN: Fichier envoyé: D:\kerberos.htx\mig thoor\uxor, conjux  original\DSCF7050.JPG (219,04 K/S -  1 345 768 bytes)
[17:48:28] - [3] MIRKO.POZEN: Début du Téléchargement de: D:\kerberos.htx\mig thoor\uxor, conjux  original\DSCF7053.JPG
[17:48:29] - [2] MIRKO.POZEN: Fichier envoyé: D:\kerberos.htx\mig thoor\uxor, conjux  original\DSCF7052.JPG (662,01 K/S -  1 355 800 bytes)
[17:48:29] - [2] MIRKO.POZEN: Début du Téléchargement de: D:\kerberos.htx\mig thoor\uxor, conjux  original\DSCF7054.JPG
[17:48:31] - [3] MIRKO.POZEN: Fichier envoyé: D:\kerberos.htx\mig thoor\uxor, conjux  original\DSCF7053.JPG (331,04 K/S -  1 355 939 bytes)
[17:48:31] - [3] MIRKO.POZEN: Début du Téléchargement de: D:\kerberos.htx\mig thoor\uxor, conjux  original\DSCF7055.JPG
[17:48:33] - [2] MIRKO.POZEN: Fichier envoyé: D:\kerberos.htx\mig thoor\uxor, conjux  original\DSCF7054.JPG (357,67 K/S -  1 465 000 bytes)
[17:48:33] - [2] MIRKO.POZEN: Début du Téléchargement de: D:\kerberos.htx\mig thoor\uxor, conjux  original\DSCF7056.JPG
[17:48:35] - [3] MIRKO.POZEN: Fichier envoyé: D:\kerberos.htx\mig thoor\uxor, conjux  original\DSCF7055.JPG (439,63 K/S -  1 350 536 bytes)
[17:48:35] - [3] MIRKO.POZEN: Début du Téléchargement de: D:\kerberos.htx\mig thoor\uxor, conjux  original\DSCF7057.JPG
[17:48:36] - [2] MIRKO.POZEN: Fichier envoyé: D:\kerberos.htx\mig thoor\uxor, conjux  original\DSCF7056.JPG (318,22 K/S -  1 303 409 bytes)
[17:48:36] - [2] MIRKO.POZEN: Début du Téléchargement de: D:\kerberos.htx\mig thoor\uxor, conjux  original\DSCF7059.JPG
[17:48:39] - [3] MIRKO.POZEN: Fichier envoyé: D:\kerberos.htx\mig thoor\uxor, conjux  original\DSCF7057.JPG (280,53 K/S -  1 436 295 bytes)
[17:48:39] - [3] MIRKO.POZEN: Début du Téléchargement de: D:\kerberos.htx\mig thoor\uxor, conjux  original\DSCF7060.JPG
[17:48:40] - [2] MIRKO.POZEN: Fichier envoyé: D:\kerberos.htx\mig thoor\uxor, conjux  original\DSCF7059.JPG (487,04 K/S -  1 496 184 bytes)
[17:48:40] - [2] MIRKO.POZEN: Début du Téléchargement de: D:\kerberos.htx\mig thoor\uxor, conjux  original\DSCF7061.JPG
[17:48:43] - [2] MIRKO.POZEN: Fichier envoyé: D:\kerberos.htx\mig thoor\uxor, conjux  original\DSCF7061.JPG (439,78 K/S -  1 351 013 bytes)
[17:48:43] - [2] MIRKO.POZEN: Début du Téléchargement de: D:\kerberos.htx\mig thoor\uxor, conjux  original\DSCF7062.JPG
[17:48:44] - [3] MIRKO.POZEN: Fichier envoyé: D:\kerberos.htx\mig thoor\uxor, conjux  original\DSCF7060.JPG (350,30 K/S -  1 434 842 bytes)
[17:48:44] - [3] MIRKO.POZEN: Début du Téléchargement de: D:\kerberos.htx\mig thoor\uxor, conjux  original\DSCF7065.JPG
[17:48:46] - [2] MIRKO.POZEN: Fichier envoyé: D:\kerberos.htx\mig thoor\uxor, conjux  original\DSCF7062.JPG (368,21 K/S -  1 508 191 bytes)
[17:48:47] - [2] MIRKO.POZEN: Début du Téléchargement de: D:\kerberos.htx\mig thoor\uxor, conjux  original\DSCF7066.JPG
[17:48:48] - [3] MIRKO.POZEN: Fichier envoyé: D:\kerberos.htx\mig thoor\uxor, conjux  original\DSCF7065.JPG (359,09 K/S -  1 470 842 bytes)
[17:48:48] - [3] MIRKO.POZEN: Début du Téléchargement de: D:\kerberos.htx\mig thoor\uxor, conjux  original\DSCF7067.JPG
[17:48:50] - [2] MIRKO.POZEN: Fichier envoyé: D:\kerberos.htx\mig thoor\uxor, conjux  original\DSCF7066.JPG (362,33 K/S -  1 484 085 bytes)
[17:48:50] - [2] MIRKO.POZEN: Début du Téléchargement de: D:\kerberos.htx\mig thoor\uxor, conjux  original\Thumbs.db
[17:48:51] - [2] MIRKO.POZEN: Fichier envoyé: D:\kerberos.htx\mig thoor\uxor, conjux  original\Thumbs.db (85,50 K/S -   87 552 bytes)
[17:48:51] - [2] MIRKO.POZEN: Répertoire en Cours: D:\kerberos.htx\mig thoor\uxor, conjux  original\uxor, conjux  redimentionne\
[17:48:51] - [2] MIRKO.POZEN: Début du Téléchargement de: D:\kerberos.htx\mig thoor\uxor, conjux  original\uxor, conjux  redimentionne\Image1.jpg
[17:48:52] - [3] MIRKO.POZEN: Fichier envoyé: D:\kerberos.htx\mig thoor\uxor, conjux  original\DSCF7067.JPG (347,56 K/S -  1 423 620 bytes)
[17:48:52] - [3] MIRKO.POZEN: Répertoire en Cours: D:\kerberos.htx\mig thoor\uxor, conjux  original\uxor, conjux  redimentionne\
[17:48:52] - [3] MIRKO.POZEN: Début du Téléchargement de: D:\kerberos.htx\mig thoor\uxor, conjux  original\uxor, conjux  redimentionne\Image10.jpg
[17:48:52] - [2] MIRKO.POZEN: Fichier envoyé: D:\kerberos.htx\mig thoor\uxor, conjux  original\uxor, conjux  redimentionne\Image1.jpg (291,54 K/S -   597 068 bytes)
[17:48:52] - [2] MIRKO.POZEN: Début du Téléchargement de: D:\kerberos.htx\mig thoor\uxor, conjux  original\uxor, conjux  redimentionne\Image11.jpg
[17:48:54] - [3] MIRKO.POZEN: Fichier envoyé: D:\kerberos.htx\mig thoor\uxor, conjux  original\uxor, conjux  redimentionne\Image10.jpg (415,94 K/S -   851 840 bytes)
[17:48:54] - [3] MIRKO.POZEN: Début du Téléchargement de: D:\kerberos.htx\mig thoor\uxor, conjux  original\uxor, conjux  redimentionne\Image12.jpg
[17:48:55] - [2] MIRKO.POZEN: Fichier envoyé: D:\kerberos.htx\mig thoor\uxor, conjux  original\uxor, conjux  redimentionne\Image11.jpg (421,96 K/S -   864 164 bytes)
[17:48:55] - [2] MIRKO.POZEN: Début du Téléchargement de: D:\kerberos.htx\mig thoor\uxor, conjux  original\uxor, conjux  redimentionne\Image13.jpg
[17:48:56] - [3] MIRKO.POZEN: Fichier envoyé: D:\kerberos.htx\mig thoor\uxor, conjux  original\uxor, conjux  redimentionne\Image12.jpg (301,25 K/S -   616 967 bytes)
[17:48:56] - [3] MIRKO.POZEN: Début du Téléchargement de: D:\kerberos.htx\mig thoor\uxor, conjux  original\uxor, conjux  redimentionne\Image14.jpg
[17:48:58] - [2] MIRKO.POZEN: Fichier envoyé: D:\kerberos.htx\mig thoor\uxor, conjux  original\uxor, conjux  redimentionne\Image13.jpg (393,42 K/S -  1 208 585 bytes)
[17:48:58] - [2] MIRKO.POZEN: Début du Téléchargement de: D:\kerberos.htx\mig thoor\uxor, conjux  original\uxor, conjux  redimentionne\Image15.jpg
[17:48:59] - [2] MIRKO.POZEN: Fichier envoyé: D:\kerberos.htx\mig thoor\uxor, conjux  original\uxor, conjux  redimentionne\Image15.jpg (309,95 K/S -   634 768 bytes)
[17:48:59] - [2] MIRKO.POZEN: Début du Téléchargement de: D:\kerberos.htx\mig thoor\uxor, conjux  original\uxor, conjux  redimentionne\Image16.jpg
[17:49:00] - [3] MIRKO.POZEN: Fichier envoyé: D:\kerberos.htx\mig thoor\uxor, conjux  original\uxor, conjux  redimentionne\Image14.jpg (309,41 K/S -  1 267 324 bytes)
[17:49:00] - [3] MIRKO.POZEN: Début du Téléchargement de: D:\kerberos.htx\mig thoor\uxor, conjux  original\uxor, conjux  redimentionne\Image17.jpg
[17:49:02] - [2] MIRKO.POZEN: Fichier envoyé: D:\kerberos.htx\mig thoor\uxor, conjux  original\uxor, conjux  redimentionne\Image16.jpg (413,37 K/S -   846 574 bytes)
[17:49:02] - [2] MIRKO.POZEN: Début du Téléchargement de: D:\kerberos.htx\mig thoor\uxor, conjux  original\uxor, conjux  redimentionne\Image18.jpg
[17:49:03] - [3] MIRKO.POZEN: Fichier envoyé: D:\kerberos.htx\mig thoor\uxor, conjux  original\uxor, conjux  redimentionne\Image17.jpg (404,14 K/S -  1 241 512 bytes)
[17:49:03] - [3] MIRKO.POZEN: Début du Téléchargement de: D:\kerberos.htx\mig thoor\uxor, conjux  original\uxor, conjux  redimentionne\Image19.jpg
[17:49:04] - [2] MIRKO.POZEN: Fichier envoyé: D:\kerberos.htx\mig thoor\uxor, conjux  original\uxor, conjux  redimentionne\Image18.jpg (519,02 K/S -  1 062 950 bytes)
[17:49:04] - [2] MIRKO.POZEN: Début du Téléchargement de: D:\kerberos.htx\mig thoor\uxor, conjux  original\uxor, conjux  redimentionne\Image2.jpg
[17:49:06] - [3] MIRKO.POZEN: Fichier envoyé: D:\kerberos.htx\mig thoor\uxor, conjux  original\uxor, conjux  redimentionne\Image19.jpg (350,02 K/S -  1 075 263 bytes)
[17:49:06] - [3] MIRKO.POZEN: Début du Téléchargement de: D:\kerberos.htx\mig thoor\uxor, conjux  original\uxor, conjux  redimentionne\Image20.jpg
[17:49:06] - [2] MIRKO.POZEN: Fichier envoyé: D:\kerberos.htx\mig thoor\uxor, conjux  original\uxor, conjux  redimentionne\Image2.jpg (561,40 K/S -   574 876 bytes)
[17:49:06] - [2] MIRKO.POZEN: Début du Téléchargement de: D:\kerberos.htx\mig thoor\uxor, conjux  original\uxor, conjux  redimentionne\Image21.jpg
[17:49:08] - [3] MIRKO.POZEN: Fichier envoyé: D:\kerberos.htx\mig thoor\uxor, conjux  original\uxor, conjux  redimentionne\Image20.jpg (452,54 K/S -   926 803 bytes)
[17:49:08] - [3] MIRKO.POZEN: Début du Téléchargement de: D:\kerberos.htx\mig thoor\uxor, conjux  original\uxor, conjux  redimentionne\Image22.jpg
[17:49:08] - [2] MIRKO.POZEN: Fichier envoyé: D:\kerberos.htx\mig thoor\uxor, conjux  original\uxor, conjux  redimentionne\Image21.jpg (465,55 K/S -   953 444 bytes)
[17:49:08] - [2] MIRKO.POZEN: Début du Téléchargement de: D:\kerberos.htx\mig thoor\uxor, conjux  original\uxor, conjux  redimentionne\Image3.jpg
[17:49:10] - [3] MIRKO.POZEN: Fichier envoyé: D:\kerberos.htx\mig thoor\uxor, conjux  original\uxor, conjux  redimentionne\Image22.jpg (346,64 K/S -   709 920 bytes)
[17:49:10] - [3] MIRKO.POZEN: Début du Téléchargement de: D:\kerberos.htx\mig thoor\uxor, conjux  original\uxor, conjux  redimentionne\Image4.jpg
[17:49:10] - [2] MIRKO.POZEN: Fichier envoyé: D:\kerberos.htx\mig thoor\uxor, conjux  original\uxor, conjux  redimentionne\Image3.jpg (656,14 K/S -   671 885 bytes)
[17:49:10] - [2] MIRKO.POZEN: Début du Téléchargement de: D:\kerberos.htx\mig thoor\uxor, conjux  original\uxor, conjux  redimentionne\Image5.jpg
[17:49:11] - [3] MIRKO.POZEN: Fichier envoyé: D:\kerberos.htx\mig thoor\uxor, conjux  original\uxor, conjux  redimentionne\Image4.jpg (468,27 K/S -   479 505 bytes)
[17:49:11] - [3] MIRKO.POZEN: Début du Téléchargement de: D:\kerberos.htx\mig thoor\uxor, conjux  original\uxor, conjux  redimentionne\Image6.jpg
[17:49:11] - [2] MIRKO.POZEN: Fichier envoyé: D:\kerberos.htx\mig thoor\uxor, conjux  original\uxor, conjux  redimentionne\Image5.jpg (446,21 K/S -   456 920 bytes)
[17:49:11] - [2] MIRKO.POZEN: Début du Téléchargement de: D:\kerberos.htx\mig thoor\uxor, conjux  original\uxor, conjux  redimentionne\Image7.jpg
[17:49:13] - [2] MIRKO.POZEN: Fichier envoyé: D:\kerberos.htx\mig thoor\uxor, conjux  original\uxor, conjux  redimentionne\Image7.jpg (371,50 K/S -   760 829 bytes)
[17:49:13] - [2] MIRKO.POZEN: Début du Téléchargement de: D:\kerberos.htx\mig thoor\uxor, conjux  original\uxor, conjux  redimentionne\Image8.jpg
[17:49:14] - [3] MIRKO.POZEN: Fichier envoyé: D:\kerberos.htx\mig thoor\uxor, conjux  original\uxor, conjux  redimentionne\Image6.jpg (409,27 K/S -  1 257 286 bytes)
[17:49:15] - [3] MIRKO.POZEN: Début du Téléchargement de: D:\kerberos.htx\mig thoor\uxor, conjux  original\uxor, conjux  redimentionne\Image9.jpg
[17:49:15] - [2] MIRKO.POZEN: Fichier envoyé: D:\kerberos.htx\mig thoor\uxor, conjux  original\uxor, conjux  redimentionne\Image8.jpg (426,31 K/S -   873 085 bytes)
[17:49:15] - [2] MIRKO.POZEN: Début du Téléchargement de: D:\kerberos.htx\mig thoor\uxor, conjux  original\uxor, conjux  redimentionne\Thumbs.db
[17:49:15] - [2] MIRKO.POZEN: Fichier envoyé: D:\kerberos.htx\mig thoor\uxor, conjux  original\uxor, conjux  redimentionne\Thumbs.db (113,00 K/S -   115 712 bytes)
[17:49:16] - [3] MIRKO.POZEN: Fichier envoyé: D:\kerberos.htx\mig thoor\uxor, conjux  original\uxor, conjux  redimentionne\Image9.jpg (407,89 K/S -   417 678 bytes)
[17:49:47] - [3] Client 192.168.0.1 Déconnecté (00:01:35 Min)
[17:49:47] - [2] Client 192.168.0.1 Déconnecté (00:01:35 Min)
[18:36:48] - [1] Client 192.168.0.1 Déconnecté (00:48:53 Min)
[19:27:05] - Serveur Démarré
[19:27:05] - FTP Port: 21
[19:28:41] - [1] Connecté à 192.168.0.1. Collecte du Nom d'utilisateur.
[19:28:41] - [1] Usager MIRKO.POZEN Connecté IP: 192.168.0.1
[19:28:41] - [1] MIRKO.POZEN: Répertoire en Cours: D:\kerberos.htx\
[19:28:41] - [1] MIRKO.POZEN: Répertoire en Cours: D:\kerberos.htx\
[19:28:48] - [1] MIRKO.POZEN: Répertoire en Cours: D:\kerberos.htx\mig thoor\
[19:28:54] - [1] MIRKO.POZEN: Répertoire en Cours: D:\kerberos.htx\mig thoor\stop.the.war.in the.world\
[19:29:08] - [1] MIRKO.POZEN: Répertoire en Cours: D:\kerberos.htx\mig thoor\
[19:29:08] - [1] MIRKO.POZEN: Début du Téléchargement de: D:\kerberos.htx\mig thoor\canal blog mig thoor.txt
[19:29:08] - [1] MIRKO.POZEN: Fichier envoyé: D:\kerberos.htx\mig thoor\canal blog mig thoor.txt (0,12 K/S -    121 bytes)
[19:30:12] - [2] Connecté à 192.168.0.1. Collecte du Nom d'utilisateur.
[19:30:12] - [3] Connecté à 192.168.0.1. Collecte du Nom d'utilisateur.
[19:30:12] - [2] Usager MIRKO.POZEN Connecté IP: 192.168.0.1
[19:30:12] - [2] MIRKO.POZEN: Répertoire en Cours: D:\kerberos.htx\
[19:30:12] - [3] Usager MIRKO.POZEN Connecté IP: 192.168.0.1
[19:30:12] - [3] MIRKO.POZEN: Répertoire en Cours: D:\kerberos.htx\
[19:30:12] - [2] MIRKO.POZEN: Répertoire en Cours: D:\kerberos.htx\mig thoor\stop.the.war.in the.world\
[19:30:12] - [3] MIRKO.POZEN: Répertoire en Cours: D:\kerberos.htx\mig thoor\stop.the.war.in the.world\
[19:30:12] - [2] MIRKO.POZEN: Début du Téléchargement de: D:\kerberos.htx\mig thoor\stop.the.war.in the.world\stop the war in the world.jpg
[19:30:13] - [3] MIRKO.POZEN: Début du Téléchargement de: D:\kerberos.htx\mig thoor\stop.the.war.in the.world\stop the war in the world1.jpg
[19:30:14] - [2] MIRKO.POZEN: Fichier envoyé: D:\kerberos.htx\mig thoor\stop.the.war.in the.world\stop the war in the world.jpg (668,17 K/S -   684 201 bytes)
[19:30:14] - [2] MIRKO.POZEN: Début du Téléchargement de: D:\kerberos.htx\mig thoor\stop.the.war.in the.world\stop the war in the world2.jpg
[19:30:15] - [3] MIRKO.POZEN: Fichier envoyé: D:\kerberos.htx\mig thoor\stop.the.war.in the.world\stop the war in the world1.jpg (289,26 K/S -   592 412 bytes)
[19:30:15] - [3] MIRKO.POZEN: Début du Téléchargement de: D:\kerberos.htx\mig thoor\stop.the.war.in the.world\stop the war in the world3.jpg
[19:30:15] - [2] MIRKO.POZEN: Fichier envoyé: D:\kerberos.htx\mig thoor\stop.the.war.in the.world\stop the war in the world2.jpg (139,06 K/S -   284 793 bytes)
[19:30:15] - [2] MIRKO.POZEN: Début du Téléchargement de: D:\kerberos.htx\mig thoor\stop.the.war.in the.world\stop the war in the world4.jpg
[19:30:17] - [2] MIRKO.POZEN: Fichier envoyé: D:\kerberos.htx\mig thoor\stop.the.war.in the.world\stop the war in the world4.jpg (630,17 K/S -   645 299 bytes)
[19:30:17] - [2] MIRKO.POZEN: Début du Téléchargement de: D:\kerberos.htx\mig thoor\stop.the.war.in the.world\Thumbs.db
[19:30:18] - [2] MIRKO.POZEN: Fichier envoyé: D:\kerberos.htx\mig thoor\stop.the.war.in the.world\Thumbs.db (30,00 K/S -   30 720 bytes)
[19:30:19] - [3] MIRKO.POZEN: Fichier envoyé: D:\kerberos.htx\mig thoor\stop.the.war.in the.world\stop the war in the world3.jpg (325,70 K/S -  1 334 076 bytes)
[19:30:49] - [2] Client 192.168.0.1 Déconnecté (00:00:37 Min)
[19:30:50] - [3] Client 192.168.0.1 Déconnecté (00:00:38 Min)
