[17:41:21] - Serveur Démarré
[17:41:21] - FTP Port: 21
[18:52:00] - [1] Connecté à 192.168.0.1. Collecte du Nom d'utilisateur.
[18:52:00] - [1] Usager MIRKO.POZEN Connecté IP: 192.168.0.1
[18:52:00] - [1] MIRKO.POZEN: Répertoire en Cours: D:\kerberos.htx\
[18:52:00] - [1] MIRKO.POZEN: Répertoire en Cours: D:\kerberos.htx\
[18:52:23] - [1] MIRKO.POZEN: Répertoire en Cours: D:\kerberos.htx\exe\
[18:52:28] - [1] MIRKO.POZEN: Répertoire en Cours: D:\kerberos.htx\exe\getrt520\
[18:52:34] - [1] MIRKO.POZEN: Répertoire en Cours: D:\kerberos.htx\exe\getrt520\Traductions\
[18:52:34] - [1] MIRKO.POZEN: Répertoire en Cours: D:\kerberos.htx\exe\getrt520\Traductions\Turkish\
[18:52:35] - [1] MIRKO.POZEN: Répertoire en Cours: D:\kerberos.htx\exe\getrt520\Traductions\
[18:52:35] - [1] MIRKO.POZEN: Répertoire en Cours: D:\kerberos.htx\exe\getrt520\Traductions\Spanish\
[18:52:35] - [1] MIRKO.POZEN: Répertoire en Cours: D:\kerberos.htx\exe\getrt520\Traductions\
[18:52:35] - [1] MIRKO.POZEN: Répertoire en Cours: D:\kerberos.htx\exe\getrt520\Traductions\Slovak\
[18:52:35] - [1] MIRKO.POZEN: Répertoire en Cours: D:\kerberos.htx\exe\getrt520\Traductions\
[18:52:35] - [1] MIRKO.POZEN: Répertoire en Cours: D:\kerberos.htx\exe\getrt520\Traductions\Italian\
[18:52:35] - [1] MIRKO.POZEN: Répertoire en Cours: D:\kerberos.htx\exe\getrt520\Traductions\
[18:52:35] - [1] MIRKO.POZEN: Répertoire en Cours: D:\kerberos.htx\exe\getrt520\Traductions\Hungarian\
[18:52:36] - [1] MIRKO.POZEN: Répertoire en Cours: D:\kerberos.htx\exe\getrt520\Traductions\
[18:52:36] - [1] MIRKO.POZEN: Répertoire en Cours: D:\kerberos.htx\exe\getrt520\Traductions\German\
[18:52:36] - [1] MIRKO.POZEN: Répertoire en Cours: D:\kerberos.htx\exe\getrt520\Traductions\
[18:52:36] - [1] MIRKO.POZEN: Répertoire en Cours: D:\kerberos.htx\exe\getrt520\Traductions\French\
[18:52:36] - [1] MIRKO.POZEN: Répertoire en Cours: D:\kerberos.htx\exe\getrt520\Traductions\
[18:52:36] - [1] MIRKO.POZEN: Répertoire en Cours: D:\kerberos.htx\exe\getrt520\Traductions\Danish\
[18:52:36] - [1] MIRKO.POZEN: Répertoire en Cours: D:\kerberos.htx\exe\getrt520\Traductions\
[18:52:36] - [1] MIRKO.POZEN: Répertoire en Cours: D:\kerberos.htx\exe\getrt520\Traductions\Czech\
[18:52:37] - [1] MIRKO.POZEN: Répertoire en Cours: D:\kerberos.htx\exe\getrt520\Traductions\
[18:52:37] - [1] MIRKO.POZEN: Répertoire en Cours: D:\kerberos.htx\exe\getrt520\Traductions\Catalan\
[18:52:37] - [2] Connecté à 192.168.0.1. Collecte du Nom d'utilisateur.
[18:52:37] - [3] Connecté à 192.168.0.1. Collecte du Nom d'utilisateur.
[18:52:37] - [2] Usager MIRKO.POZEN Connecté IP: 192.168.0.1
[18:52:37] - [2] MIRKO.POZEN: Répertoire en Cours: D:\kerberos.htx\
[18:52:37] - [3] Usager MIRKO.POZEN Connecté IP: 192.168.0.1
[18:52:37] - [3] MIRKO.POZEN: Répertoire en Cours: D:\kerberos.htx\
[18:52:37] - [2] MIRKO.POZEN: Répertoire en Cours: D:\kerberos.htx\exe\getrt520\
[18:52:37] - [3] MIRKO.POZEN: Répertoire en Cours: D:\kerberos.htx\exe\getrt520\
[18:52:37] - [2] MIRKO.POZEN: Début du Téléchargement de: D:\kerberos.htx\exe\getrt520\getrt520.exe
[18:52:43] - [3] MIRKO.POZEN: Début du Téléchargement de: D:\kerberos.htx\exe\getrt520\Serial.txt
[18:52:43] - [3] MIRKO.POZEN: Fichier envoyé: D:\kerberos.htx\exe\getrt520\Serial.txt (0,03 K/S -    30 bytes)
[18:52:43] - [3] MIRKO.POZEN: Répertoire en Cours: D:\kerberos.htx\exe\getrt520\Traductions\Turkish\
[18:52:43] - [3] MIRKO.POZEN: Début du Téléchargement de: D:\kerberos.htx\exe\getrt520\Traductions\Turkish\gr_turkish.dll
[18:52:45] - [3] MIRKO.POZEN: Fichier envoyé: D:\kerberos.htx\exe\getrt520\Traductions\Turkish\gr_turkish.dll (322,00 K/S -   329 728 bytes)
[18:52:45] - [3] MIRKO.POZEN: Début du Téléchargement de: D:\kerberos.htx\exe\getrt520\Traductions\Turkish\Kaldìr.reg
[18:52:45] - [3] MIRKO.POZEN: Fichier envoyé: D:\kerberos.htx\exe\getrt520\Traductions\Turkish\Kaldìr.reg (0,13 K/S -    137 bytes)
[18:52:45] - [3] MIRKO.POZEN: Début du Téléchargement de: D:\kerberos.htx\exe\getrt520\Traductions\Turkish\Yükle.reg
[18:52:45] - [3] MIRKO.POZEN: Fichier envoyé: D:\kerberos.htx\exe\getrt520\Traductions\Turkish\Yükle.reg (0,15 K/S -    151 bytes)
[18:52:45] - [3] MIRKO.POZEN: Répertoire en Cours: D:\kerberos.htx\exe\getrt520\Traductions\Spanish\
[18:52:45] - [3] MIRKO.POZEN: Début du Téléchargement de: D:\kerberos.htx\exe\getrt520\Traductions\Spanish\Getright 52_Es.exe
[18:52:50] - [3] MIRKO.POZEN: Fichier envoyé: D:\kerberos.htx\exe\getrt520\Traductions\Spanish\Getright 52_Es.exe (81,23 K/S -   415 907 bytes)
[18:52:50] - [3] MIRKO.POZEN: Début du Téléchargement de: D:\kerberos.htx\exe\getrt520\Traductions\Spanish\Pasos a seguir.txt
[18:52:50] - [3] MIRKO.POZEN: Fichier envoyé: D:\kerberos.htx\exe\getrt520\Traductions\Spanish\Pasos a seguir.txt (0,92 K/S -    944 bytes)
[18:52:50] - [3] MIRKO.POZEN: Répertoire en Cours: D:\kerberos.htx\exe\getrt520\Traductions\Slovak\
[18:52:50] - [3] MIRKO.POZEN: Début du Téléchargement de: D:\kerberos.htx\exe\getrt520\Traductions\Slovak\instal_sk.exe
[18:52:52] - [3] MIRKO.POZEN: Fichier envoyé: D:\kerberos.htx\exe\getrt520\Traductions\Slovak\instal_sk.exe (409,38 K/S -   419 210 bytes)
[18:52:52] - [3] MIRKO.POZEN: Répertoire en Cours: D:\kerberos.htx\exe\getrt520\Traductions\Italian\
[18:52:52] - [3] MIRKO.POZEN: Début du Téléchargement de: D:\kerberos.htx\exe\getrt520\Traductions\Italian\Disinstalla.reg
[18:52:52] - [3] MIRKO.POZEN: Fichier envoyé: D:\kerberos.htx\exe\getrt520\Traductions\Italian\Disinstalla.reg (0,13 K/S -    137 bytes)
[18:52:52] - [3] MIRKO.POZEN: Début du Téléchargement de: D:\kerberos.htx\exe\getrt520\Traductions\Italian\Gr52_Italiano.dll
[18:52:54] - [3] MIRKO.POZEN: Fichier envoyé: D:\kerberos.htx\exe\getrt520\Traductions\Italian\Gr52_Italiano.dll (514,00 K/S -  1 052 672 bytes)
[18:52:55] - [3] MIRKO.POZEN: Début du Téléchargement de: D:\kerberos.htx\exe\getrt520\Traductions\Italian\GRFolder.ini
[18:52:55] - [3] MIRKO.POZEN: Fichier envoyé: D:\kerberos.htx\exe\getrt520\Traductions\Italian\GRFolder.ini (0,49 K/S -    500 bytes)
[18:52:55] - [3] MIRKO.POZEN: Début du Téléchargement de: D:\kerberos.htx\exe\getrt520\Traductions\Italian\Installa.reg
[18:52:55] - [3] MIRKO.POZEN: Fichier envoyé: D:\kerberos.htx\exe\getrt520\Traductions\Italian\Installa.reg (0,15 K/S -    154 bytes)
[18:52:55] - [2] MIRKO.POZEN: Fichier envoyé: D:\kerberos.htx\exe\getrt520\getrt520.exe (172,67 K/S -  3 182 658 bytes)
[18:52:55] - [2] MIRKO.POZEN: Répertoire en Cours: D:\kerberos.htx\exe\getrt520\Traductions\Italian\
[18:52:55] - [2] MIRKO.POZEN: Début du Téléchargement de: D:\kerberos.htx\exe\getrt520\Traductions\Italian\Leggimi.txt
[18:52:55] - [3] MIRKO.POZEN: Répertoire en Cours: D:\kerberos.htx\exe\getrt520\Traductions\Hungarian\
[18:52:55] - [2] MIRKO.POZEN: Fichier envoyé: D:\kerberos.htx\exe\getrt520\Traductions\Italian\Leggimi.txt (1,87 K/S -   1 911 bytes)
[18:52:55] - [3] MIRKO.POZEN: Début du Téléchargement de: D:\kerberos.htx\exe\getrt520\Traductions\Hungarian\gr_hun520.dll
[18:52:55] - [2] MIRKO.POZEN: Répertoire en Cours: D:\kerberos.htx\exe\getrt520\Traductions\Hungarian\
[18:52:55] - [2] MIRKO.POZEN: Début du Téléchargement de: D:\kerberos.htx\exe\getrt520\Traductions\Hungarian\install.reg
[18:52:55] - [2] MIRKO.POZEN: Fichier envoyé: D:\kerberos.htx\exe\getrt520\Traductions\Hungarian\install.reg (0,15 K/S -    150 bytes)
[18:52:56] - [2] MIRKO.POZEN: Début du Téléchargement de: D:\kerberos.htx\exe\getrt520\Traductions\Hungarian\Olvassel.txt
[18:52:56] - [2] MIRKO.POZEN: Fichier envoyé: D:\kerberos.htx\exe\getrt520\Traductions\Hungarian\Olvassel.txt (2,64 K/S -   2 705 bytes)
[18:52:56] - [2] MIRKO.POZEN: Début du Téléchargement de: D:\kerberos.htx\exe\getrt520\Traductions\Hungarian\uninstall.reg
[18:52:56] - [2] MIRKO.POZEN: Fichier envoyé: D:\kerberos.htx\exe\getrt520\Traductions\Hungarian\uninstall.reg (0,13 K/S -    137 bytes)
[18:52:56] - [2] MIRKO.POZEN: Répertoire en Cours: D:\kerberos.htx\exe\getrt520\Traductions\German\
[18:52:56] - [2] MIRKO.POZEN: Début du Téléchargement de: D:\kerberos.htx\exe\getrt520\Traductions\German\gr_ger520.exe
[18:52:58] - [2] MIRKO.POZEN: Fichier envoyé: D:\kerberos.htx\exe\getrt520\Traductions\German\gr_ger520.exe (183,63 K/S -   376 072 bytes)
[18:52:58] - [2] MIRKO.POZEN: Répertoire en Cours: D:\kerberos.htx\exe\getrt520\Traductions\French\
[18:52:58] - [2] MIRKO.POZEN: Début du Téléchargement de: D:\kerberos.htx\exe\getrt520\Traductions\French\gr_5_fr.exe
[18:52:59] - [3] MIRKO.POZEN: Fichier envoyé: D:\kerberos.htx\exe\getrt520\Traductions\Hungarian\gr_hun520.dll (325,17 K/S -   998 912 bytes)
[18:52:59] - [3] MIRKO.POZEN: Répertoire en Cours: D:\kerberos.htx\exe\getrt520\Traductions\Danish\
[18:52:59] - [3] MIRKO.POZEN: Début du Téléchargement de: D:\kerberos.htx\exe\getrt520\Traductions\Danish\GRFolder.ini
[18:52:59] - [3] MIRKO.POZEN: Fichier envoyé: D:\kerberos.htx\exe\getrt520\Traductions\Danish\GRFolder.ini (0,48 K/S -    491 bytes)
[18:52:59] - [3] MIRKO.POZEN: Début du Téléchargement de: D:\kerberos.htx\exe\getrt520\Traductions\Danish\gr_danish.dll
[18:52:59] - [2] MIRKO.POZEN: Fichier envoyé: D:\kerberos.htx\exe\getrt520\Traductions\French\gr_5_fr.exe (404,88 K/S -   414 594 bytes)
[18:52:59] - [2] MIRKO.POZEN: Répertoire en Cours: D:\kerberos.htx\exe\getrt520\Traductions\Danish\
[18:53:00] - [2] MIRKO.POZEN: Début du Téléchargement de: D:\kerberos.htx\exe\getrt520\Traductions\Danish\install.reg
[18:53:00] - [2] MIRKO.POZEN: Fichier envoyé: D:\kerberos.htx\exe\getrt520\Traductions\Danish\install.reg (0,15 K/S -    150 bytes)
[18:53:00] - [2] MIRKO.POZEN: Début du Téléchargement de: D:\kerberos.htx\exe\getrt520\Traductions\Danish\Læs-mig-først.txt
[18:53:00] - [2] MIRKO.POZEN: Fichier envoyé: D:\kerberos.htx\exe\getrt520\Traductions\Danish\Læs-mig-først.txt (0,69 K/S -    711 bytes)
[18:53:00] - [2] MIRKO.POZEN: Début du Téléchargement de: D:\kerberos.htx\exe\getrt520\Traductions\Danish\uninstall.reg
[18:53:00] - [2] MIRKO.POZEN: Fichier envoyé: D:\kerberos.htx\exe\getrt520\Traductions\Danish\uninstall.reg (0,13 K/S -    137 bytes)
[18:53:00] - [2] MIRKO.POZEN: Répertoire en Cours: D:\kerberos.htx\exe\getrt520\Traductions\Czech\
[18:53:00] - [2] MIRKO.POZEN: Début du Téléchargement de: D:\kerberos.htx\exe\getrt520\Traductions\Czech\Ctimne.txt
[18:53:00] - [2] MIRKO.POZEN: Fichier envoyé: D:\kerberos.htx\exe\getrt520\Traductions\Czech\Ctimne.txt (1,21 K/S -   1 235 bytes)
[18:53:01] - [2] MIRKO.POZEN: Début du Téléchargement de: D:\kerberos.htx\exe\getrt520\Traductions\Czech\instal_cz.exe
[18:53:02] - [3] MIRKO.POZEN: Fichier envoyé: D:\kerberos.htx\exe\getrt520\Traductions\Danish\gr_danish.dll (496,00 K/S -  1 015 808 bytes)
[18:53:02] - [3] MIRKO.POZEN: Répertoire en Cours: D:\kerberos.htx\exe\getrt520\Traductions\Catalan\
[18:53:02] - [3] MIRKO.POZEN: Début du Téléchargement de: D:\kerberos.htx\exe\getrt520\Traductions\Catalan\gr_catala.dll
[18:53:02] - [2] MIRKO.POZEN: Fichier envoyé: D:\kerberos.htx\exe\getrt520\Traductions\Czech\instal_cz.exe (204,43 K/S -   418 675 bytes)
[18:53:02] - [2] MIRKO.POZEN: Répertoire en Cours: D:\kerberos.htx\exe\getrt520\Traductions\Catalan\
[18:53:02] - [2] MIRKO.POZEN: Début du Téléchargement de: D:\kerberos.htx\exe\getrt520\Traductions\Catalan\install.reg
[18:53:02] - [2] MIRKO.POZEN: Fichier envoyé: D:\kerberos.htx\exe\getrt520\Traductions\Catalan\install.reg (0,15 K/S -    150 bytes)
[18:53:03] - [2] MIRKO.POZEN: Début du Téléchargement de: D:\kerberos.htx\exe\getrt520\Traductions\Catalan\Llegeix-me.txt
[18:53:03] - [2] MIRKO.POZEN: Fichier envoyé: D:\kerberos.htx\exe\getrt520\Traductions\Catalan\Llegeix-me.txt (0,98 K/S -   1 000 bytes)
[18:53:03] - [2] MIRKO.POZEN: Début du Téléchargement de: D:\kerberos.htx\exe\getrt520\Traductions\Catalan\uninstall.reg
[18:53:03] - [2] MIRKO.POZEN: Fichier envoyé: D:\kerberos.htx\exe\getrt520\Traductions\Catalan\uninstall.reg (0,13 K/S -    137 bytes)
[18:53:04] - [3] MIRKO.POZEN: Fichier envoyé: D:\kerberos.htx\exe\getrt520\Traductions\Catalan\gr_catala.dll (682,05 K/S -  1 396 829 bytes)
[18:53:34] - [2] Client 192.168.0.1 Déconnecté (00:00:57 Min)
[18:53:35] - [3] Client 192.168.0.1 Déconnecté (00:00:58 Min)
[18:57:15] - [1] Client 192.168.0.1 Déconnecté (00:05:14 Min)
[19:03:12] - [4] Connecté à 51.38.12.23. Collecte du Nom d'utilisateur.
[19:03:12] - [4] Client 51.38.12.23 Déconnecté (00:00:00 Min)
