[10:51:09] - Serveur Démarré
[10:51:09] - FTP Port: 21
[10:52:22] - [1] Connecté à 92.141.179.181. Collecte du Nom d'utilisateur.
[10:52:22] - [1] Usager MIRKO.POZEN Connecté IP: 92.141.179.181
[10:52:22] - [1] MIRKO.POZEN: Répertoire en Cours: D:\kerberos.htx\
[10:52:22] - [1] MIRKO.POZEN: Répertoire en Cours: D:\kerberos.htx\
[10:55:15] - [1] MIRKO.POZEN: Répertoire en Cours: D:\kerberos.htx\
[10:55:15] - [1] MIRKO.POZEN: Nouveau Répertoire: D:\kerberos.htx\videos.fb
[10:55:30] - [1] MIRKO.POZEN: Répertoire en Cours: D:\kerberos.htx\videos.fb\
[10:55:44] - [2] Connecté à 92.141.179.181. Collecte du Nom d'utilisateur.
[10:55:44] - [3] Connecté à 92.141.179.181. Collecte du Nom d'utilisateur.
[10:55:44] - [2] Usager MIRKO.POZEN Connecté IP: 92.141.179.181
[10:55:44] - [2] MIRKO.POZEN: Répertoire en Cours: D:\kerberos.htx\
[10:55:44] - [3] Usager MIRKO.POZEN Connecté IP: 92.141.179.181
[10:55:44] - [3] MIRKO.POZEN: Répertoire en Cours: D:\kerberos.htx\
[10:55:44] - [2] MIRKO.POZEN: Répertoire en Cours: D:\kerberos.htx\videos.fb\
[10:55:44] - [3] MIRKO.POZEN: Répertoire en Cours: D:\kerberos.htx\videos.fb\
[10:55:44] - [3] MIRKO.POZEN: Début d'Upload de D:\kerberos.htx\videos.fb\10000000_317120572468254_470637903500804096_n.mp4
[10:55:44] - [2] MIRKO.POZEN: Début d'Upload de D:\kerberos.htx\videos.fb\10000000_276667463036262_1258258901845934080_n.mp4
[10:56:00] - [2] MIRKO.POZEN: Fichier Upload: D:\kerberos.htx\videos.fb\10000000_276667463036262_1258258901845934080_n.mp4 (788,82 K/S -  12 116 269 bytes)
[10:56:00] - [2] MIRKO.POZEN: Début d'Upload de D:\kerberos.htx\videos.fb\10000000_337924873703272_7742992750903033856_n.mp4
[10:56:20] - [3] MIRKO.POZEN: Fichier Upload: D:\kerberos.htx\videos.fb\10000000_317120572468254_470637903500804096_n.mp4 (774,69 K/S -  27 764 973 bytes)
[10:56:20] - [3] MIRKO.POZEN: Début d'Upload de D:\kerberos.htx\videos.fb\10000000_346270296105069_8481648086887387639_n.mp4
[10:56:26] - [2] MIRKO.POZEN: Fichier Upload: D:\kerberos.htx\videos.fb\10000000_337924873703272_7742992750903033856_n.mp4 (772,28 K/S -  20 561 280 bytes)
[10:56:27] - [2] MIRKO.POZEN: Début d'Upload de D:\kerberos.htx\videos.fb\10000000_365372534197938_6758656701303357440_n.mp4
[10:56:39] - [3] MIRKO.POZEN: Fichier Upload: D:\kerberos.htx\videos.fb\10000000_346270296105069_8481648086887387639_n.mp4 (815,19 K/S -  15 025 595 bytes)
[10:56:39] - [3] MIRKO.POZEN: Début d'Upload de D:\kerberos.htx\videos.fb\10000000_368318083730403_8071942294648913920_n.mp4
[10:56:41] - [2] MIRKO.POZEN: Fichier Upload: D:\kerberos.htx\videos.fb\10000000_365372534197938_6758656701303357440_n.mp4 (751,55 K/S -  11 543 779 bytes)
[10:56:42] - [2] MIRKO.POZEN: Début d'Upload de D:\kerberos.htx\videos.fb\10000000_561646757615534_5751606575424864256_n.mp4
[10:56:50] - [3] MIRKO.POZEN: Fichier Upload: D:\kerberos.htx\videos.fb\10000000_368318083730403_8071942294648913920_n.mp4 (803,49 K/S -  9 050 535 bytes)
[10:56:50] - [3] MIRKO.POZEN: Début d'Upload de D:\kerberos.htx\videos.fb\46297681_264391460939014_5982911111438008320_n.mp4
[10:56:51] - [3] MIRKO.POZEN: Fichier Upload: D:\kerberos.htx\videos.fb\46297681_264391460939014_5982911111438008320_n.mp4 (657,36 K/S -   673 135 bytes)
[10:56:52] - [3] MIRKO.POZEN: Début d'Upload de D:\kerberos.htx\videos.fb\46322438_2150193071908583_5895947184859250688_n.mp4
[10:56:54] - [3] MIRKO.POZEN: Fichier Upload: D:\kerberos.htx\videos.fb\46322438_2150193071908583_5895947184859250688_n.mp4 (682,65 K/S -  1 398 070 bytes)
[10:56:54] - [3] MIRKO.POZEN: Début d'Upload de D:\kerberos.htx\videos.fb\46459931_338879006899315_7621394285358743552_n.mp4
[10:56:54] - [3] MIRKO.POZEN: Fichier Upload: D:\kerberos.htx\videos.fb\46459931_338879006899315_7621394285358743552_n.mp4 (516,35 K/S -   528 744 bytes)
[10:56:55] - [3] MIRKO.POZEN: Début d'Upload de D:\kerberos.htx\videos.fb\46817689_543064869542454_5818819759885516800_n.mp4
[10:56:59] - [2] MIRKO.POZEN: Fichier Upload: D:\kerberos.htx\videos.fb\10000000_561646757615534_5751606575424864256_n.mp4 (738,96 K/S -  13 620 547 bytes)
[10:56:59] - [2] MIRKO.POZEN: Début d'Upload de D:\kerberos.htx\videos.fb\46905036_393546864517798_490995283979665408_n.mp4
[10:57:00] - [3] MIRKO.POZEN: Fichier Upload: D:\kerberos.htx\videos.fb\46817689_543064869542454_5818819759885516800_n.mp4 (954,12 K/S -  3 908 092 bytes)
[10:57:00] - [3] MIRKO.POZEN: Début d'Upload de D:\kerberos.htx\videos.fb\46911040_376528796487862_2728381058570518528_n.mp4
[10:57:01] - [2] MIRKO.POZEN: Fichier Upload: D:\kerberos.htx\videos.fb\46905036_393546864517798_490995283979665408_n.mp4 (605,39 K/S -  1 239 832 bytes)
[10:57:01] - [2] MIRKO.POZEN: Début d'Upload de D:\kerberos.htx\videos.fb\47193773_475254289666359_5437081649277829120_n (1).mp4
[10:57:03] - [2] MIRKO.POZEN: Fichier Upload: D:\kerberos.htx\videos.fb\47193773_475254289666359_5437081649277829120_n (1).mp4 (1 211,90 K/S -  1 241 014 bytes)
[10:57:03] - [3] MIRKO.POZEN: Fichier Upload: D:\kerberos.htx\videos.fb\46911040_376528796487862_2728381058570518528_n.mp4 (704,90 K/S -  2 165 446 bytes)
[10:57:03] - [2] MIRKO.POZEN: Début d'Upload de D:\kerberos.htx\videos.fb\47193773_475254289666359_5437081649277829120_n.mp4
[10:57:03] - [3] MIRKO.POZEN: Début d'Upload de D:\kerberos.htx\videos.fb\47196792_506968566466241_1831389087399936000_n.mp4
[10:57:04] - [2] MIRKO.POZEN: Fichier Upload: D:\kerberos.htx\videos.fb\47193773_475254289666359_5437081649277829120_n.mp4 (1 211,90 K/S -  1 241 014 bytes)
[10:57:05] - [2] MIRKO.POZEN: Début d'Upload de D:\kerberos.htx\videos.fb\47209028_364625737622664_5454940651575574528_n (1).mp4
[10:57:08] - [2] MIRKO.POZEN: Fichier Upload: D:\kerberos.htx\videos.fb\47209028_364625737622664_5454940651575574528_n (1).mp4 (647,20 K/S -  2 650 940 bytes)
[10:57:08] - [3] MIRKO.POZEN: Fichier Upload: D:\kerberos.htx\videos.fb\47196792_506968566466241_1831389087399936000_n.mp4 (800,11 K/S -  4 096 539 bytes)
[10:57:08] - [2] MIRKO.POZEN: Début d'Upload de D:\kerberos.htx\videos.fb\47209028_364625737622664_5454940651575574528_n.mp4
[10:57:08] - [3] MIRKO.POZEN: Début d'Upload de D:\kerberos.htx\videos.fb\47232094_346116526173432_8797837715233046528_n.mp4
[10:57:09] - [3] MIRKO.POZEN: Fichier Upload: D:\kerberos.htx\videos.fb\47232094_346116526173432_8797837715233046528_n.mp4 (530,45 K/S -   543 180 bytes)
[10:57:09] - [3] MIRKO.POZEN: Début d'Upload de D:\kerberos.htx\videos.fb\47265710_291196711521690_3286590394594230272_n.mp4
[10:57:11] - [3] MIRKO.POZEN: Fichier Upload: D:\kerberos.htx\videos.fb\47265710_291196711521690_3286590394594230272_n.mp4 (721,64 K/S -  1 477 913 bytes)
[10:57:12] - [3] MIRKO.POZEN: Début d'Upload de D:\kerberos.htx\videos.fb\47284185_1147837765393235_6642581280233881600_n (1).mp4
[10:57:12] - [2] MIRKO.POZEN: Fichier Upload: D:\kerberos.htx\videos.fb\47209028_364625737622664_5454940651575574528_n.mp4 (647,20 K/S -  2 650 940 bytes)
[10:57:12] - [2] MIRKO.POZEN: Début d'Upload de D:\kerberos.htx\videos.fb\47284185_1147837765393235_6642581280233881600_n.mp4
[10:57:13] - [3] MIRKO.POZEN: Fichier Upload: D:\kerberos.htx\videos.fb\47284185_1147837765393235_6642581280233881600_n (1).mp4 (637,90 K/S -  1 306 423 bytes)
[10:57:13] - [3] MIRKO.POZEN: Début d'Upload de D:\kerberos.htx\videos.fb\47304695_336933060220683_883593687546724352_n (1).mp4
[10:57:14] - [2] MIRKO.POZEN: Fichier Upload: D:\kerberos.htx\videos.fb\47284185_1147837765393235_6642581280233881600_n.mp4 (637,90 K/S -  1 306 423 bytes)
[10:57:14] - [2] MIRKO.POZEN: Début d'Upload de D:\kerberos.htx\videos.fb\47304695_336933060220683_883593687546724352_n.mp4
[10:57:14] - [3] MIRKO.POZEN: Fichier Upload: D:\kerberos.htx\videos.fb\47304695_336933060220683_883593687546724352_n (1).mp4 (419,29 K/S -   429 357 bytes)
[10:57:14] - [3] MIRKO.POZEN: Début d'Upload de D:\kerberos.htx\videos.fb\47468263_2757939094430435_1920709353296363520_n.mp4
[10:57:15] - [2] MIRKO.POZEN: Fichier Upload: D:\kerberos.htx\videos.fb\47304695_336933060220683_883593687546724352_n.mp4 (419,29 K/S -   429 357 bytes)
[10:57:15] - [2] MIRKO.POZEN: Début d'Upload de D:\kerberos.htx\videos.fb\47468496_586434165123074_3219875958915858432_n.mp4
[10:57:15] - [3] MIRKO.POZEN: Fichier Upload: D:\kerberos.htx\videos.fb\47468263_2757939094430435_1920709353296363520_n.mp4 (391,77 K/S -   401 169 bytes)
[10:57:15] - [3] MIRKO.POZEN: Début d'Upload de D:\kerberos.htx\videos.fb\47472565_311471576367041_4229740972000411648_n.mp4
[10:57:16] - [3] MIRKO.POZEN: Fichier Upload: D:\kerberos.htx\videos.fb\47472565_311471576367041_4229740972000411648_n.mp4 (745,43 K/S -   763 317 bytes)
[10:57:16] - [3] MIRKO.POZEN: Début d'Upload de D:\kerberos.htx\videos.fb\47476421_300927830528098_20172297453174784_n (1).mp4
[10:57:18] - [2] MIRKO.POZEN: Fichier Upload: D:\kerberos.htx\videos.fb\47468496_586434165123074_3219875958915858432_n.mp4 (1 084,10 K/S -  2 220 161 bytes)
[10:57:18] - [3] MIRKO.POZEN: Fichier Upload: D:\kerberos.htx\videos.fb\47476421_300927830528098_20172297453174784_n (1).mp4 (492,26 K/S -  1 008 146 bytes)
[10:57:18] - [2] MIRKO.POZEN: Début d'Upload de D:\kerberos.htx\videos.fb\47476421_300927830528098_20172297453174784_n.mp4
[10:57:18] - [3] MIRKO.POZEN: Début d'Upload de D:\kerberos.htx\videos.fb\47526919_498363200571101_2742919454148001792_n.mp4
[10:57:19] - [2] MIRKO.POZEN: Fichier Upload: D:\kerberos.htx\videos.fb\47476421_300927830528098_20172297453174784_n.mp4 (984,52 K/S -  1 008 146 bytes)
[10:57:19] - [2] MIRKO.POZEN: Début d'Upload de D:\kerberos.htx\videos.fb\47528059_344721619677509_7253177930094739456_n.mp4
[10:57:22] - [2] MIRKO.POZEN: Fichier Upload: D:\kerberos.htx\videos.fb\47528059_344721619677509_7253177930094739456_n.mp4 (722,70 K/S -  2 220 144 bytes)
[10:57:22] - [2] MIRKO.POZEN: Début d'Upload de D:\kerberos.htx\videos.fb\47601009_297399257564851_563914027550375936_n.mp4
[10:57:24] - [2] MIRKO.POZEN: Fichier Upload: D:\kerberos.htx\videos.fb\47601009_297399257564851_563914027550375936_n.mp4 (457,45 K/S -   936 851 bytes)
[10:57:24] - [2] MIRKO.POZEN: Début d'Upload de D:\kerberos.htx\videos.fb\47715944_548270985636234_2610187737587777536_n.mp4
[10:57:25] - [3] MIRKO.POZEN: Fichier Upload: D:\kerberos.htx\videos.fb\47526919_498363200571101_2742919454148001792_n.mp4 (827,05 K/S -  5 081 401 bytes)
[10:57:25] - [3] MIRKO.POZEN: Début d'Upload de D:\kerberos.htx\videos.fb\47965682_319018902275058_2146740214930866176_n.mp4
[10:57:25] - [2] MIRKO.POZEN: Fichier Upload: D:\kerberos.htx\videos.fb\47715944_548270985636234_2610187737587777536_n.mp4 (793,61 K/S -   812 658 bytes)
[10:57:25] - [2] MIRKO.POZEN: Début d'Upload de D:\kerberos.htx\videos.fb\48091205_532815737233875_7827492083513425920_n.mp4
[10:57:26] - [2] MIRKO.POZEN: Fichier Upload: D:\kerberos.htx\videos.fb\48091205_532815737233875_7827492083513425920_n.mp4 (369,38 K/S -   378 247 bytes)
[10:57:26] - [2] MIRKO.POZEN: Début d'Upload de D:\kerberos.htx\videos.fb\48207628_697382313989525_1038436196394467328_n.mp4
[10:57:27] - [2] MIRKO.POZEN: Fichier Upload: D:\kerberos.htx\videos.fb\48207628_697382313989525_1038436196394467328_n.mp4 (254,57 K/S -   260 677 bytes)
[10:57:27] - [3] MIRKO.POZEN: Fichier Upload: D:\kerberos.htx\videos.fb\47965682_319018902275058_2146740214930866176_n.mp4 (503,30 K/S -  1 546 129 bytes)
[10:57:27] - [2] MIRKO.POZEN: Début d'Upload de D:\kerberos.htx\videos.fb\48276651_215283092681750_7108307613753802752_n.mp4
[10:57:27] - [3] MIRKO.POZEN: Début d'Upload de D:\kerberos.htx\videos.fb\48634487_275317043339220_4527011425381515264_n.mp4
[10:57:28] - [3] MIRKO.POZEN: Fichier Upload: D:\kerberos.htx\videos.fb\48634487_275317043339220_4527011425381515264_n.mp4 (870,39 K/S -   891 281 bytes)
[10:57:28] - [3] MIRKO.POZEN: Début d'Upload de D:\kerberos.htx\videos.fb\48702066_308965436493717_46591556118904832_n.mp4
[10:57:30] - [3] MIRKO.POZEN: Fichier Upload: D:\kerberos.htx\videos.fb\48702066_308965436493717_46591556118904832_n.mp4 (668,42 K/S -  1 368 922 bytes)
[10:57:30] - [3] MIRKO.POZEN: Début d'Upload de D:\kerberos.htx\videos.fb\48703669_592352704558651_1039436172155158528_n.mp4
[10:57:32] - [3] MIRKO.POZEN: Fichier Upload: D:\kerberos.htx\videos.fb\48703669_592352704558651_1039436172155158528_n.mp4 (617,94 K/S -  1 265 533 bytes)
[10:57:32] - [3] MIRKO.POZEN: Début d'Upload de D:\kerberos.htx\videos.fb\48745520_438082846724419_8205113824450183168_n.mp4
[10:57:34] - [3] MIRKO.POZEN: Fichier Upload: D:\kerberos.htx\videos.fb\48745520_438082846724419_8205113824450183168_n.mp4 (647,45 K/S -  1 325 982 bytes)
[10:57:34] - [3] MIRKO.POZEN: Début d'Upload de D:\kerberos.htx\videos.fb\48755563_276431849739948_8047510884286726144_n.mp4
[10:57:37] - [3] MIRKO.POZEN: Fichier Upload: D:\kerberos.htx\videos.fb\48755563_276431849739948_8047510884286726144_n.mp4 (690,92 K/S -  2 122 493 bytes)
[10:57:37] - [2] MIRKO.POZEN: Fichier Upload: D:\kerberos.htx\videos.fb\48276651_215283092681750_7108307613753802752_n.mp4 (805,15 K/S -  8 244 688 bytes)
[10:57:37] - [2] MIRKO.POZEN: Début d'Upload de D:\kerberos.htx\videos.fb\48782844_370522960366833_1999907085650755584_n.mp4
[10:57:37] - [3] MIRKO.POZEN: Début d'Upload de D:\kerberos.htx\videos.fb\48755590_545524862582700_2510405524063780864_n.mp4
[10:57:39] - [2] MIRKO.POZEN: Fichier Upload: D:\kerberos.htx\videos.fb\48782844_370522960366833_1999907085650755584_n.mp4 (719,76 K/S -  1 474 068 bytes)
[10:57:39] - [2] MIRKO.POZEN: Début d'Upload de D:\kerberos.htx\videos.fb\48794405_2092437827444133_6473171363304570880_n.mp4
[10:57:41] - [2] MIRKO.POZEN: Fichier Upload: D:\kerberos.htx\videos.fb\48794405_2092437827444133_6473171363304570880_n.mp4 (692,06 K/S -  1 417 344 bytes)
[10:57:41] - [2] MIRKO.POZEN: Début d'Upload de D:\kerberos.htx\videos.fb\48799940_219284902322130_341131003005239296_n.mp4
[10:57:43] - [2] MIRKO.POZEN: Fichier Upload: D:\kerberos.htx\videos.fb\48799940_219284902322130_341131003005239296_n.mp4 (765,83 K/S -   784 210 bytes)
[10:57:46] - [3] MIRKO.POZEN: Fichier Upload: D:\kerberos.htx\videos.fb\48755590_545524862582700_2510405524063780864_n.mp4 (837,96 K/S -  7 722 607 bytes)
[10:58:14] - [2] Client 92.141.179.181 Déconnecté (00:02:30 Min)
[10:58:18] - [3] Client 92.141.179.181 Déconnecté (00:02:34 Min)
[15:31:47] - [4] Connecté à 198.108.66.176. Collecte du Nom d'utilisateur.
[15:31:47] - [4] Client 198.108.66.176 Déconnecté (00:00:00 Min)
[15:37:50] - [1] Client 92.141.179.181 Déconnecté (04:45:31 Min)
[19:18:22] - [5] Connecté à 192.168.0.1. Collecte du Nom d'utilisateur.
[19:18:22] - [5] Usager MIRKO.POZEN Connecté IP: 192.168.0.1
[19:18:22] - [5] MIRKO.POZEN: Répertoire en Cours: D:\kerberos.htx\
[19:18:22] - [5] MIRKO.POZEN: Répertoire en Cours: D:\kerberos.htx\
[19:18:26] - [5] MIRKO.POZEN: Répertoire en Cours: D:\kerberos.htx\000\
[19:18:49] - [5] MIRKO.POZEN: Répertoire en Cours: D:\kerberos.htx\
[19:18:49] - [5] MIRKO.POZEN: Répertoire en Cours: D:\kerberos.htx\videos.fb\
[19:19:24] - [6] Connecté à 192.168.0.1. Collecte du Nom d'utilisateur.
[19:19:24] - [7] Connecté à 192.168.0.1. Collecte du Nom d'utilisateur.
[19:19:24] - [6] Usager MIRKO.POZEN Connecté IP: 192.168.0.1
[19:19:24] - [6] MIRKO.POZEN: Répertoire en Cours: D:\kerberos.htx\
[19:19:24] - [7] Usager MIRKO.POZEN Connecté IP: 192.168.0.1
[19:19:24] - [7] MIRKO.POZEN: Répertoire en Cours: D:\kerberos.htx\
[19:19:24] - [6] MIRKO.POZEN: Répertoire en Cours: D:\kerberos.htx\videos.fb\
[19:19:24] - [7] MIRKO.POZEN: Répertoire en Cours: D:\kerberos.htx\videos.fb\
[19:19:24] - [7] MIRKO.POZEN: Début du Téléchargement de: D:\kerberos.htx\videos.fb\10000000_317120572468254_470637903500804096_n.mp4
[19:19:24] - [6] MIRKO.POZEN: Début du Téléchargement de: D:\kerberos.htx\videos.fb\10000000_276667463036262_1258258901845934080_n.mp4
[19:19:57] - [6] MIRKO.POZEN: Fichier envoyé: D:\kerberos.htx\videos.fb\10000000_276667463036262_1258258901845934080_n.mp4 (358,55 K/S -  12 116 269 bytes)
[19:19:58] - [6] MIRKO.POZEN: Début du Téléchargement de: D:\kerberos.htx\videos.fb\10000000_337924873703272_7742992750903033856_n.mp4
[19:20:35] - [7] MIRKO.POZEN: Fichier envoyé: D:\kerberos.htx\videos.fb\10000000_317120572468254_470637903500804096_n.mp4 (381,89 K/S -  27 764 973 bytes)
[19:20:35] - [7] MIRKO.POZEN: Début du Téléchargement de: D:\kerberos.htx\videos.fb\10000000_346270296105069_8481648086887387639_n.mp4
[19:20:50] - [6] MIRKO.POZEN: Fichier envoyé: D:\kerberos.htx\videos.fb\10000000_337924873703272_7742992750903033856_n.mp4 (386,14 K/S -  20 561 280 bytes)
[19:20:50] - [6] MIRKO.POZEN: Début du Téléchargement de: D:\kerberos.htx\videos.fb\10000000_365372534197938_6758656701303357440_n.mp4
[19:21:13] - [7] MIRKO.POZEN: Fichier envoyé: D:\kerberos.htx\videos.fb\10000000_346270296105069_8481648086887387639_n.mp4 (386,14 K/S -  15 025 595 bytes)
[19:21:13] - [7] MIRKO.POZEN: Début du Téléchargement de: D:\kerberos.htx\videos.fb\10000000_368318083730403_8071942294648913920_n.mp4
[19:21:19] - [6] MIRKO.POZEN: Fichier envoyé: D:\kerberos.htx\videos.fb\10000000_365372534197938_6758656701303357440_n.mp4 (388,73 K/S -  11 543 779 bytes)
[19:21:19] - [6] MIRKO.POZEN: Début du Téléchargement de: D:\kerberos.htx\videos.fb\10000000_561646757615534_5751606575424864256_n.mp4
[19:21:34] - [7] MIRKO.POZEN: Fichier envoyé: D:\kerberos.htx\videos.fb\10000000_368318083730403_8071942294648913920_n.mp4 (420,88 K/S -  9 050 535 bytes)
[19:21:35] - [7] MIRKO.POZEN: Début du Téléchargement de: D:\kerberos.htx\videos.fb\46297681_264391460939014_5982911111438008320_n.mp4
[19:21:36] - [7] MIRKO.POZEN: Fichier envoyé: D:\kerberos.htx\videos.fb\46297681_264391460939014_5982911111438008320_n.mp4 (657,36 K/S -   673 135 bytes)
[19:21:36] - [7] MIRKO.POZEN: Début du Téléchargement de: D:\kerberos.htx\videos.fb\46322438_2150193071908583_5895947184859250688_n.mp4
[19:21:40] - [7] MIRKO.POZEN: Fichier envoyé: D:\kerberos.htx\videos.fb\46322438_2150193071908583_5895947184859250688_n.mp4 (341,33 K/S -  1 398 070 bytes)
[19:21:40] - [7] MIRKO.POZEN: Début du Téléchargement de: D:\kerberos.htx\videos.fb\46459931_338879006899315_7621394285358743552_n.mp4
[19:21:41] - [7] MIRKO.POZEN: Fichier envoyé: D:\kerberos.htx\videos.fb\46459931_338879006899315_7621394285358743552_n.mp4 (516,35 K/S -   528 744 bytes)
[19:21:41] - [7] MIRKO.POZEN: Début du Téléchargement de: D:\kerberos.htx\videos.fb\46817689_543064869542454_5818819759885516800_n.mp4
[19:21:50] - [6] MIRKO.POZEN: Fichier envoyé: D:\kerberos.htx\videos.fb\10000000_561646757615534_5751606575424864256_n.mp4 (415,67 K/S -  13 620 547 bytes)
[19:21:51] - [6] MIRKO.POZEN: Début du Téléchargement de: D:\kerberos.htx\videos.fb\46905036_393546864517798_490995283979665408_n.mp4
[19:21:51] - [7] MIRKO.POZEN: Fichier envoyé: D:\kerberos.htx\videos.fb\46817689_543064869542454_5818819759885516800_n.mp4 (424,06 K/S -  3 908 092 bytes)
[19:21:51] - [7] MIRKO.POZEN: Début du Téléchargement de: D:\kerberos.htx\videos.fb\46911040_376528796487862_2728381058570518528_n.mp4
[19:21:53] - [6] MIRKO.POZEN: Fichier envoyé: D:\kerberos.htx\videos.fb\46905036_393546864517798_490995283979665408_n.mp4 (403,59 K/S -  1 239 832 bytes)
[19:21:54] - [6] MIRKO.POZEN: Début du Téléchargement de: D:\kerberos.htx\videos.fb\47193773_475254289666359_5437081649277829120_n (1).mp4
[19:21:56] - [6] MIRKO.POZEN: Fichier envoyé: D:\kerberos.htx\videos.fb\47193773_475254289666359_5437081649277829120_n (1).mp4 (403,98 K/S -  1 241 014 bytes)
[19:21:56] - [6] MIRKO.POZEN: Début du Téléchargement de: D:\kerberos.htx\videos.fb\47193773_475254289666359_5437081649277829120_n.mp4
[19:21:57] - [7] MIRKO.POZEN: Fichier envoyé: D:\kerberos.htx\videos.fb\46911040_376528796487862_2728381058570518528_n.mp4 (422,94 K/S -  2 165 446 bytes)
[19:21:57] - [7] MIRKO.POZEN: Début du Téléchargement de: D:\kerberos.htx\videos.fb\47196792_506968566466241_1831389087399936000_n.mp4
[19:21:59] - [6] MIRKO.POZEN: Fichier envoyé: D:\kerberos.htx\videos.fb\47193773_475254289666359_5437081649277829120_n.mp4 (403,98 K/S -  1 241 014 bytes)
[19:21:59] - [6] MIRKO.POZEN: Début du Téléchargement de: D:\kerberos.htx\videos.fb\47209028_364625737622664_5454940651575574528_n (1).mp4
[19:22:05] - [6] MIRKO.POZEN: Fichier envoyé: D:\kerberos.htx\videos.fb\47209028_364625737622664_5454940651575574528_n (1).mp4 (431,47 K/S -  2 650 940 bytes)
[19:22:06] - [6] MIRKO.POZEN: Début du Téléchargement de: D:\kerberos.htx\videos.fb\47209028_364625737622664_5454940651575574528_n.mp4
[19:22:06] - [7] MIRKO.POZEN: Fichier envoyé: D:\kerberos.htx\videos.fb\47196792_506968566466241_1831389087399936000_n.mp4 (400,05 K/S -  4 096 539 bytes)
[19:22:06] - [7] MIRKO.POZEN: Début du Téléchargement de: D:\kerberos.htx\videos.fb\47232094_346116526173432_8797837715233046528_n.mp4
[19:22:08] - [7] MIRKO.POZEN: Fichier envoyé: D:\kerberos.htx\videos.fb\47232094_346116526173432_8797837715233046528_n.mp4 (530,45 K/S -   543 180 bytes)
[19:22:08] - [7] MIRKO.POZEN: Début du Téléchargement de: D:\kerberos.htx\videos.fb\47265710_291196711521690_3286590394594230272_n.mp4
[19:22:11] - [7] MIRKO.POZEN: Fichier envoyé: D:\kerberos.htx\videos.fb\47265710_291196711521690_3286590394594230272_n.mp4 (360,82 K/S -  1 477 913 bytes)
[19:22:11] - [7] MIRKO.POZEN: Début du Téléchargement de: D:\kerberos.htx\videos.fb\47284185_1147837765393235_6642581280233881600_n (1).mp4
[19:22:12] - [6] MIRKO.POZEN: Fichier envoyé: D:\kerberos.htx\videos.fb\47209028_364625737622664_5454940651575574528_n.mp4 (369,83 K/S -  2 650 940 bytes)
[19:22:12] - [6] MIRKO.POZEN: Début du Téléchargement de: D:\kerberos.htx\videos.fb\47284185_1147837765393235_6642581280233881600_n.mp4
[19:22:15] - [7] MIRKO.POZEN: Fichier envoyé: D:\kerberos.htx\videos.fb\47284185_1147837765393235_6642581280233881600_n (1).mp4 (425,27 K/S -  1 306 423 bytes)
[19:22:15] - [7] MIRKO.POZEN: Début du Téléchargement de: D:\kerberos.htx\videos.fb\47304695_336933060220683_883593687546724352_n (1).mp4
[19:22:15] - [6] MIRKO.POZEN: Fichier envoyé: D:\kerberos.htx\videos.fb\47284185_1147837765393235_6642581280233881600_n.mp4 (425,27 K/S -  1 306 423 bytes)
[19:22:15] - [6] MIRKO.POZEN: Début du Téléchargement de: D:\kerberos.htx\videos.fb\47304695_336933060220683_883593687546724352_n.mp4
[19:22:16] - [7] MIRKO.POZEN: Fichier envoyé: D:\kerberos.htx\videos.fb\47304695_336933060220683_883593687546724352_n (1).mp4 (209,65 K/S -   429 357 bytes)
[19:22:16] - [7] MIRKO.POZEN: Début du Téléchargement de: D:\kerberos.htx\videos.fb\47468263_2757939094430435_1920709353296363520_n.mp4
[19:22:17] - [6] MIRKO.POZEN: Fichier envoyé: D:\kerberos.htx\videos.fb\47304695_336933060220683_883593687546724352_n.mp4 (419,29 K/S -   429 357 bytes)
[19:22:17] - [6] MIRKO.POZEN: Début du Téléchargement de: D:\kerberos.htx\videos.fb\47468496_586434165123074_3219875958915858432_n.mp4
[19:22:17] - [7] MIRKO.POZEN: Fichier envoyé: D:\kerberos.htx\videos.fb\47468263_2757939094430435_1920709353296363520_n.mp4 (391,77 K/S -   401 169 bytes)
[19:22:17] - [7] MIRKO.POZEN: Début du Téléchargement de: D:\kerberos.htx\videos.fb\47472565_311471576367041_4229740972000411648_n.mp4
[19:22:19] - [7] MIRKO.POZEN: Fichier envoyé: D:\kerberos.htx\videos.fb\47472565_311471576367041_4229740972000411648_n.mp4 (745,43 K/S -   763 317 bytes)
[19:22:19] - [7] MIRKO.POZEN: Début du Téléchargement de: D:\kerberos.htx\videos.fb\47476421_300927830528098_20172297453174784_n (1).mp4
[19:22:21] - [7] MIRKO.POZEN: Fichier envoyé: D:\kerberos.htx\videos.fb\47476421_300927830528098_20172297453174784_n (1).mp4 (492,26 K/S -  1 008 146 bytes)
[19:22:21] - [7] MIRKO.POZEN: Début du Téléchargement de: D:\kerberos.htx\videos.fb\47476421_300927830528098_20172297453174784_n.mp4
[19:22:22] - [6] MIRKO.POZEN: Fichier envoyé: D:\kerberos.htx\videos.fb\47468496_586434165123074_3219875958915858432_n.mp4 (361,35 K/S -  2 220 161 bytes)
[19:22:22] - [6] MIRKO.POZEN: Début du Téléchargement de: D:\kerberos.htx\videos.fb\47526919_498363200571101_2742919454148001792_n.mp4
[19:22:24] - [7] MIRKO.POZEN: Fichier envoyé: D:\kerberos.htx\videos.fb\47476421_300927830528098_20172297453174784_n.mp4 (492,26 K/S -  1 008 146 bytes)
[19:22:24] - [7] MIRKO.POZEN: Début du Téléchargement de: D:\kerberos.htx\videos.fb\47528059_344721619677509_7253177930094739456_n.mp4
[19:22:30] - [7] MIRKO.POZEN: Fichier envoyé: D:\kerberos.htx\videos.fb\47528059_344721619677509_7253177930094739456_n.mp4 (361,35 K/S -  2 220 144 bytes)
[19:22:30] - [7] MIRKO.POZEN: Début du Téléchargement de: D:\kerberos.htx\videos.fb\47601009_297399257564851_563914027550375936_n.mp4
[19:22:32] - [7] MIRKO.POZEN: Fichier envoyé: D:\kerberos.htx\videos.fb\47601009_297399257564851_563914027550375936_n.mp4 (457,45 K/S -   936 851 bytes)
[19:22:32] - [7] MIRKO.POZEN: Début du Téléchargement de: D:\kerberos.htx\videos.fb\47715944_548270985636234_2610187737587777536_n.mp4
[19:22:34] - [6] MIRKO.POZEN: Fichier envoyé: D:\kerberos.htx\videos.fb\47526919_498363200571101_2742919454148001792_n.mp4 (413,53 K/S -  5 081 401 bytes)
[19:22:34] - [6] MIRKO.POZEN: Début du Téléchargement de: D:\kerberos.htx\videos.fb\47965682_319018902275058_2146740214930866176_n.mp4
[19:22:34] - [7] MIRKO.POZEN: Fichier envoyé: D:\kerberos.htx\videos.fb\47715944_548270985636234_2610187737587777536_n.mp4 (396,81 K/S -   812 658 bytes)
[19:22:35] - [7] MIRKO.POZEN: Début du Téléchargement de: D:\kerberos.htx\videos.fb\48091205_532815737233875_7827492083513425920_n.mp4
[19:22:35] - [7] MIRKO.POZEN: Fichier envoyé: D:\kerberos.htx\videos.fb\48091205_532815737233875_7827492083513425920_n.mp4 (369,38 K/S -   378 247 bytes)
[19:22:36] - [7] MIRKO.POZEN: Début du Téléchargement de: D:\kerberos.htx\videos.fb\48207628_697382313989525_1038436196394467328_n.mp4
[19:22:36] - [7] MIRKO.POZEN: Fichier envoyé: D:\kerberos.htx\videos.fb\48207628_697382313989525_1038436196394467328_n.mp4 (254,57 K/S -   260 677 bytes)
[19:22:36] - [7] MIRKO.POZEN: Début du Téléchargement de: D:\kerberos.htx\videos.fb\48276651_215283092681750_7108307613753802752_n.mp4
[19:22:38] - [6] MIRKO.POZEN: Fichier envoyé: D:\kerberos.htx\videos.fb\47965682_319018902275058_2146740214930866176_n.mp4 (377,47 K/S -  1 546 129 bytes)
[19:22:38] - [6] MIRKO.POZEN: Début du Téléchargement de: D:\kerberos.htx\videos.fb\48634487_275317043339220_4527011425381515264_n.mp4
[19:22:40] - [6] MIRKO.POZEN: Fichier envoyé: D:\kerberos.htx\videos.fb\48634487_275317043339220_4527011425381515264_n.mp4 (435,20 K/S -   891 281 bytes)
[19:22:40] - [6] MIRKO.POZEN: Début du Téléchargement de: D:\kerberos.htx\videos.fb\48702066_308965436493717_46591556118904832_n.mp4
[19:22:44] - [6] MIRKO.POZEN: Fichier envoyé: D:\kerberos.htx\videos.fb\48702066_308965436493717_46591556118904832_n.mp4 (334,21 K/S -  1 368 922 bytes)
[19:22:44] - [6] MIRKO.POZEN: Début du Téléchargement de: D:\kerberos.htx\videos.fb\48703669_592352704558651_1039436172155158528_n.mp4
[19:22:47] - [6] MIRKO.POZEN: Fichier envoyé: D:\kerberos.htx\videos.fb\48703669_592352704558651_1039436172155158528_n.mp4 (411,96 K/S -  1 265 533 bytes)
[19:22:47] - [6] MIRKO.POZEN: Début du Téléchargement de: D:\kerberos.htx\videos.fb\48745520_438082846724419_8205113824450183168_n.mp4
[19:22:50] - [6] MIRKO.POZEN: Fichier envoyé: D:\kerberos.htx\videos.fb\48745520_438082846724419_8205113824450183168_n.mp4 (431,63 K/S -  1 325 982 bytes)
[19:22:50] - [6] MIRKO.POZEN: Début du Téléchargement de: D:\kerberos.htx\videos.fb\48755563_276431849739948_8047510884286726144_n.mp4
[19:22:55] - [6] MIRKO.POZEN: Fichier envoyé: D:\kerberos.htx\videos.fb\48755563_276431849739948_8047510884286726144_n.mp4 (414,55 K/S -  2 122 493 bytes)
[19:22:55] - [6] MIRKO.POZEN: Début du Téléchargement de: D:\kerberos.htx\videos.fb\48755590_545524862582700_2510405524063780864_n.mp4
[19:22:59] - [7] MIRKO.POZEN: Fichier envoyé: D:\kerberos.htx\videos.fb\48276651_215283092681750_7108307613753802752_n.mp4 (365,98 K/S -  8 244 688 bytes)
[19:22:59] - [7] MIRKO.POZEN: Début du Téléchargement de: D:\kerberos.htx\videos.fb\48782844_370522960366833_1999907085650755584_n.mp4
[19:23:02] - [7] MIRKO.POZEN: Fichier envoyé: D:\kerberos.htx\videos.fb\48782844_370522960366833_1999907085650755584_n.mp4 (479,84 K/S -  1 474 068 bytes)
[19:23:02] - [7] MIRKO.POZEN: Début du Téléchargement de: D:\kerberos.htx\videos.fb\48794405_2092437827444133_6473171363304570880_n.mp4
[19:23:05] - [7] MIRKO.POZEN: Fichier envoyé: D:\kerberos.htx\videos.fb\48794405_2092437827444133_6473171363304570880_n.mp4 (461,38 K/S -  1 417 344 bytes)
[19:23:05] - [7] MIRKO.POZEN: Début du Téléchargement de: D:\kerberos.htx\videos.fb\48799940_219284902322130_341131003005239296_n.mp4
[19:23:07] - [7] MIRKO.POZEN: Fichier envoyé: D:\kerberos.htx\videos.fb\48799940_219284902322130_341131003005239296_n.mp4 (382,92 K/S -   784 210 bytes)
[19:23:11] - [6] MIRKO.POZEN: Fichier envoyé: D:\kerberos.htx\videos.fb\48755590_545524862582700_2510405524063780864_n.mp4 (471,35 K/S -  7 722 607 bytes)
[19:23:38] - [7] Client 192.168.0.1 Déconnecté (00:04:14 Min)
[19:23:42] - [6] Client 192.168.0.1 Déconnecté (00:04:18 Min)
[20:08:31] - [5] Client 192.168.0.1 Déconnecté (00:50:09 Min)
