[07:45:51] - [7] Connecté à 117.199.119.69. Collecte du Nom d'utilisateur.
[07:45:52] - [7] Authentification Incorrect: Utilisateur FTP IP: 117.199.119.69
[07:45:53] - [7] Client 117.199.119.69 Déconnecté (00:00:01 Min)
[08:59:24] - Serveur Démarré
[08:59:24] - FTP Port: 21
[09:18:38] - Serveur Démarré
[09:18:38] - FTP Port: 21
[09:39:48] - [1] Connecté à 90.6.49.146. Collecte du Nom d'utilisateur.
[09:39:48] - [1] Usager VICTOR.POZEN Connecté IP: 90.6.49.146
[09:39:48] - [1] VICTOR.POZEN: Répertoire en Cours: D:\kerberos.htx\
[09:39:48] - [1] VICTOR.POZEN: Répertoire en Cours: D:\kerberos.htx\
[09:39:52] - [1] VICTOR.POZEN: Répertoire en Cours: D:\kerberos.htx\exe\
[09:40:22] - [2] Connecté à 90.6.49.146. Collecte du Nom d'utilisateur.
[09:40:22] - [2] Usager VICTOR.POZEN Connecté IP: 90.6.49.146
[09:40:22] - [2] VICTOR.POZEN: Répertoire en Cours: D:\kerberos.htx\
[09:40:23] - [2] VICTOR.POZEN: Début du Téléchargement de: D:\kerberos.htx\exe\never10.exe
[09:40:23] - [2] VICTOR.POZEN: Fichier envoyé: D:\kerberos.htx\exe\never10.exe (82,98 K/S -   84 976 bytes)
[09:40:33] - [2] VICTOR.POZEN: Début du Téléchargement de: D:\kerberos.htx\exe\youtube_downloader_hd_setup.exe
[09:40:38] - [2] VICTOR.POZEN: Fichier envoyé: D:\kerberos.htx\exe\youtube_downloader_hd_setup.exe (1 877,44 K/S -  9 612 488 bytes)
[09:40:40] - [2] VICTOR.POZEN: Début du Téléchargement de: D:\kerberos.htx\exe\spark_2_7_3.exe
[09:41:09] - [2] VICTOR.POZEN: Fichier envoyé: D:\kerberos.htx\exe\spark_2_7_3.exe (2 072,40 K/S -  61 541 888 bytes)
[09:41:40] - [2] Client 90.6.49.146 Déconnecté (00:01:17 Min)
[09:45:39] - [1] Client 90.6.49.146 Déconnecté (00:05:51 Min)
[10:23:20] - [3] Connecté à 90.6.49.146. Collecte du Nom d'utilisateur.
[10:23:20] - [3] Usager VICTOR.POZEN Connecté IP: 90.6.49.146
[10:23:20] - [3] VICTOR.POZEN: Répertoire en Cours: D:\kerberos.htx\
[10:23:20] - [3] VICTOR.POZEN: Répertoire en Cours: D:\kerberos.htx\
[10:23:32] - [4] Connecté à 90.6.49.146. Collecte du Nom d'utilisateur.
[10:23:32] - [4] Usager VICTOR.POZEN Connecté IP: 90.6.49.146
[10:23:32] - [4] VICTOR.POZEN: Répertoire en Cours: D:\kerberos.htx\
[10:23:32] - [4] VICTOR.POZEN: Début d'Upload de D:\kerberos.htx\openfire_4_1_3.exe
[10:23:36] - [5] Connecté à 90.6.49.146. Collecte du Nom d'utilisateur.
[10:23:36] - [5] Usager VICTOR.POZEN Connecté IP: 90.6.49.146
[10:23:36] - [5] VICTOR.POZEN: Répertoire en Cours: D:\kerberos.htx\
[10:23:36] - [5] VICTOR.POZEN: Début d'Upload de D:\kerberos.htx\Thunderbird Setup 45.8.0.exe
[10:23:55] - [5] VICTOR.POZEN: Fichier Upload: D:\kerberos.htx\Thunderbird Setup 45.8.0.exe (1 811,90 K/S -  35 252 184 bytes)
[10:24:00] - [4] VICTOR.POZEN: Fichier Upload: D:\kerberos.htx\openfire_4_1_3.exe (2 093,90 K/S -  60 036 096 bytes)
[10:24:25] - [5] Client 90.6.49.146 Déconnecté (00:00:49 Min)
[10:24:31] - [4] Client 90.6.49.146 Déconnecté (00:00:59 Min)
[10:24:55] - [3] Client 90.6.49.146 Déconnecté (00:01:34 Min)
[10:38:01] - Serveur Démarré
[10:38:01] - FTP Port: 21
[12:38:15] - [1] Connecté à 134.249.20.89. Collecte du Nom d'utilisateur.
[12:38:16] - [1] Authentification Incorrect: Utilisateur WWW-DATA IP: 134.249.20.89
[12:38:16] - [1] Client 134.249.20.89 Déconnecté (00:00:00 Min)
[16:17:06] - Serveur Démarré
[16:17:06] - FTP Port: 21
[17:09:49] - Serveur Démarré
[17:09:49] - FTP Port: 21
[18:03:20] - [1] Connecté à 90.6.49.146. Collecte du Nom d'utilisateur.
[18:03:20] - [1] Usager VICTOR.POZEN Connecté IP: 90.6.49.146
[18:03:20] - [1] VICTOR.POZEN: Répertoire en Cours: D:\kerberos.htx\
[18:03:20] - [1] VICTOR.POZEN: Répertoire en Cours: D:\kerberos.htx\
[18:06:00] - [1] Client 90.6.49.146 Déconnecté (00:02:40 Min)
[18:07:50] - Serveur Démarré
[18:07:50] - FTP Port: 21
[18:08:08] - [1] Connecté à 90.6.49.146. Collecte du Nom d'utilisateur.
[18:08:08] - [1] Usager VICTOR.POZEN Connecté IP: 90.6.49.146
[18:08:08] - [1] VICTOR.POZEN: Répertoire en Cours: D:\kerberos.htx\
[18:08:50] - [1] VICTOR.POZEN: Répertoire en Cours: D:\kerberos.htx\rar\
[18:09:04] - [1] VICTOR.POZEN: Répertoire en Cours: D:\kerberos.htx\rar\hack progz\
[18:09:11] - [1] VICTOR.POZEN: Répertoire en Cours: D:\kerberos.htx\exe\
[18:09:14] - [1] VICTOR.POZEN: Répertoire en Cours: D:\kerberos.htx\exe\pour.xp\
[18:09:36] - [1] VICTOR.POZEN: Répertoire en Cours: D:\kerberos.htx\exe\hddentinel\
[18:09:37] - [2] Connecté à 90.6.49.146. Collecte du Nom d'utilisateur.
[18:09:37] - [3] Connecté à 90.6.49.146. Collecte du Nom d'utilisateur.
[18:09:37] - [3] Usager VICTOR.POZEN Connecté IP: 90.6.49.146
[18:09:37] - [3] VICTOR.POZEN: Répertoire en Cours: D:\kerberos.htx\
[18:09:37] - [2] Usager VICTOR.POZEN Connecté IP: 90.6.49.146
[18:09:37] - [2] VICTOR.POZEN: Répertoire en Cours: D:\kerberos.htx\
[18:09:37] - [2] VICTOR.POZEN: Début du Téléchargement de: D:\kerberos.htx\exe\hddentinel\hdsentinel_pro_setup.exe
[18:09:37] - [3] VICTOR.POZEN: Début du Téléchargement de: D:\kerberos.htx\exe\hddentinel\Keygen.exe
[18:09:37] - [3] VICTOR.POZEN: Fichier envoyé: D:\kerberos.htx\exe\hddentinel\Keygen.exe (29,00 K/S -   29 696 bytes)
[18:09:38] - [1] VICTOR.POZEN: Répertoire en Cours: D:\kerberos.htx\exe\pour.xp\xp.reg\
[18:09:38] - [3] VICTOR.POZEN: Début du Téléchargement de: D:\kerberos.htx\exe\pour.xp\IISecure_v1[1].1.0.136.exe
[18:09:38] - [1] VICTOR.POZEN: Répertoire en Cours: D:\kerberos.htx\exe\pour.xp\supprimer le mouchard xp\
[18:09:38] - [3] VICTOR.POZEN: Fichier envoyé: D:\kerberos.htx\exe\pour.xp\IISecure_v1[1].1.0.136.exe (291,50 K/S -   298 496 bytes)
[18:09:38] - [3] VICTOR.POZEN: Début du Téléchargement de: D:\kerberos.htx\exe\pour.xp\key xp pro.txt
[18:09:38] - [3] VICTOR.POZEN: Fichier envoyé: D:\kerberos.htx\exe\pour.xp\key xp pro.txt (0,11 K/S -    109 bytes)
[18:09:38] - [1] VICTOR.POZEN: Répertoire en Cours: D:\kerberos.htx\exe\pour.xp\cr xp pro reactivate\
[18:09:39] - [3] VICTOR.POZEN: Début du Téléchargement de: D:\kerberos.htx\exe\pour.xp\removewga_removewga_1.2_anglais_21437.exe
[18:09:39] - [3] VICTOR.POZEN: Fichier envoyé: D:\kerberos.htx\exe\pour.xp\removewga_removewga_1.2_anglais_21437.exe (13,50 K/S -   13 824 bytes)
[18:09:39] - [1] VICTOR.POZEN: Répertoire en Cours: D:\kerberos.htx\exe\pour.xp\control userpasswords2\
[18:09:39] - [3] VICTOR.POZEN: Début du Téléchargement de: D:\kerberos.htx\exe\pour.xp\VRMPOEM_FR.iso
[18:09:51] - [1] VICTOR.POZEN: Répertoire en Cours: D:\kerberos.htx\exe\speedupmypc\
[18:09:53] - [2] VICTOR.POZEN: Fichier envoyé: D:\kerberos.htx\exe\hddentinel\hdsentinel_pro_setup.exe (1 117,38 K/S -  18 307 080 bytes)
[18:09:53] - [2] VICTOR.POZEN: Début du Téléchargement de: D:\kerberos.htx\exe\pour.xp\xp.reg\a lire.txt
[18:09:53] - [2] VICTOR.POZEN: Fichier envoyé: D:\kerberos.htx\exe\pour.xp\xp.reg\a lire.txt (0,06 K/S -    64 bytes)
[18:09:53] - [2] VICTOR.POZEN: Début du Téléchargement de: D:\kerberos.htx\exe\pour.xp\xp.reg\xp.reg.reg
[18:09:53] - [2] VICTOR.POZEN: Fichier envoyé: D:\kerberos.htx\exe\pour.xp\xp.reg\xp.reg.reg (0,10 K/S -    103 bytes)
[18:09:53] - [2] VICTOR.POZEN: Début du Téléchargement de: D:\kerberos.htx\exe\pour.xp\supprimer le mouchard xp\a lire.txt
[18:09:53] - [2] VICTOR.POZEN: Fichier envoyé: D:\kerberos.htx\exe\pour.xp\supprimer le mouchard xp\a lire.txt (0,04 K/S -    45 bytes)
[18:09:54] - [2] VICTOR.POZEN: Début du Téléchargement de: D:\kerberos.htx\exe\pour.xp\supprimer le mouchard xp\suppr.mouchard.xp.bat
[18:09:54] - [2] VICTOR.POZEN: Fichier envoyé: D:\kerberos.htx\exe\pour.xp\supprimer le mouchard xp\suppr.mouchard.xp.bat (0,05 K/S -    56 bytes)
[18:09:54] - [2] VICTOR.POZEN: Début du Téléchargement de: D:\kerberos.htx\exe\pour.xp\cr xp pro reactivate\kb905474_1.5.540.0.exe
[18:09:55] - [2] VICTOR.POZEN: Fichier envoyé: D:\kerberos.htx\exe\pour.xp\cr xp pro reactivate\kb905474_1.5.540.0.exe (1 010,61 K/S -  1 034 861 bytes)
[18:09:55] - [2] VICTOR.POZEN: Début du Téléchargement de: D:\kerberos.htx\exe\pour.xp\cr xp pro reactivate\kb905474_1.5.540.0.rar
[18:09:56] - [2] VICTOR.POZEN: Fichier envoyé: D:\kerberos.htx\exe\pour.xp\cr xp pro reactivate\kb905474_1.5.540.0.rar (932,89 K/S -   955 278 bytes)
[18:09:56] - [2] VICTOR.POZEN: Début du Téléchargement de: D:\kerberos.htx\exe\pour.xp\cr xp pro reactivate\oobe.rar
[18:09:59] - [2] VICTOR.POZEN: Fichier envoyé: D:\kerberos.htx\exe\pour.xp\cr xp pro reactivate\oobe.rar (1 680,65 K/S -  5 162 963 bytes)
[18:09:59] - [2] VICTOR.POZEN: Début du Téléchargement de: D:\kerberos.htx\exe\pour.xp\cr xp pro reactivate\Win XP SP2 Activator _ Activacion Windows XP_ Profesional_Service pack 2_PRO_CRACK_KEYGEN.exe
[18:09:59] - [2] VICTOR.POZEN: Fichier envoyé: D:\kerberos.htx\exe\pour.xp\cr xp pro reactivate\Win XP SP2 Activator _ Activacion Windows XP_ Profesional_Service pack 2_PRO_CRACK_KEYGEN.exe (68,83 K/S -   70 480 bytes)
[18:09:59] - [2] VICTOR.POZEN: Début du Téléchargement de: D:\kerberos.htx\exe\pour.xp\cr xp pro reactivate\Win XP SP2 Activator _ Activacion Windows XP_ Profesional_Service pack 2_PRO_CRACK_KEYGEN.zip
[18:09:59] - [2] VICTOR.POZEN: Fichier envoyé: D:\kerberos.htx\exe\pour.xp\cr xp pro reactivate\Win XP SP2 Activator _ Activacion Windows XP_ Profesional_Service pack 2_PRO_CRACK_KEYGEN.zip (62,89 K/S -   64 402 bytes)
[18:10:00] - [2] VICTOR.POZEN: Début du Téléchargement de: D:\kerberos.htx\exe\pour.xp\cr xp pro reactivate\windows.genuine.advantage.patch.rar
[18:10:00] - [2] VICTOR.POZEN: Fichier envoyé: D:\kerberos.htx\exe\pour.xp\cr xp pro reactivate\windows.genuine.advantage.patch.rar (356,12 K/S -   364 665 bytes)
[18:10:00] - [2] VICTOR.POZEN: Début du Téléchargement de: D:\kerberos.htx\exe\pour.xp\control userpasswords2\a lire.txt
[18:10:00] - [2] VICTOR.POZEN: Fichier envoyé: D:\kerberos.htx\exe\pour.xp\control userpasswords2\a lire.txt (0,85 K/S -    868 bytes)
[18:10:00] - [2] VICTOR.POZEN: Début du Téléchargement de: D:\kerberos.htx\exe\pour.xp\control userpasswords2\control userpasswords2.bat
[18:10:00] - [2] VICTOR.POZEN: Fichier envoyé: D:\kerberos.htx\exe\pour.xp\control userpasswords2\control userpasswords2.bat (0,03 K/S -    29 bytes)
[18:10:00] - [2] VICTOR.POZEN: Début du Téléchargement de: D:\kerberos.htx\exe\speedupmypc\speedupmypc.exe
[18:10:06] - [2] VICTOR.POZEN: Fichier envoyé: D:\kerberos.htx\exe\speedupmypc\speedupmypc.exe (1 170,51 K/S -  5 993 000 bytes)
[18:10:06] - [2] VICTOR.POZEN: Début du Téléchargement de: D:\kerberos.htx\exe\speedupmypc\Uniblue_Activator auto mode.exe
[18:10:06] - [2] VICTOR.POZEN: Fichier envoyé: D:\kerberos.htx\exe\speedupmypc\Uniblue_Activator auto mode.exe (49,00 K/S -   50 176 bytes)
[18:10:06] - [2] VICTOR.POZEN: Début du Téléchargement de: D:\kerberos.htx\exe\CrucialFRScan.exe
[18:10:06] - [2] VICTOR.POZEN: Fichier envoyé: D:\kerberos.htx\exe\CrucialFRScan.exe (226,33 K/S -   231 760 bytes)
[18:10:14] - [2] VICTOR.POZEN: Début du Téléchargement de: D:\kerberos.htx\exe\MaConfig_7_1_5_0.exe
[18:10:19] - [2] VICTOR.POZEN: Fichier envoyé: D:\kerberos.htx\exe\MaConfig_7_1_5_0.exe (1 080,51 K/S -  5 532 232 bytes)
[18:10:26] - [2] VICTOR.POZEN: Début du Téléchargement de: D:\kerberos.htx\exe\Reboot.exe
[18:10:26] - [2] VICTOR.POZEN: Fichier envoyé: D:\kerberos.htx\exe\Reboot.exe (24,00 K/S -   24 576 bytes)
[18:10:38] - [2] VICTOR.POZEN: Début du Téléchargement de: D:\kerberos.htx\exe\Service Pack 4 (SP4) - Non-Officiel pour windows XP 32bits FR (Release 2).exe
[18:12:00] - [1] VICTOR.POZEN: Répertoire en Cours: D:\kerberos.htx\exe\firefox64\
[18:16:04] - [2] VICTOR.POZEN: Fichier envoyé: D:\kerberos.htx\exe\Service Pack 4 (SP4) - Non-Officiel pour windows XP 32bits FR (Release 2).exe (1 144,34 K/S -  380 837 530 bytes)
[18:16:04] - [2] VICTOR.POZEN: Début du Téléchargement de: D:\kerberos.htx\exe\Tcpview.exe
[18:16:04] - [2] VICTOR.POZEN: Fichier envoyé: D:\kerberos.htx\exe\Tcpview.exe (110,80 K/S -   113 464 bytes)
[18:16:05] - [2] VICTOR.POZEN: Début du Téléchargement de: D:\kerberos.htx\exe\winrar.exe
[18:16:07] - [2] VICTOR.POZEN: Fichier envoyé: D:\kerberos.htx\exe\winrar.exe (853,32 K/S -  2 621 400 bytes)
[18:16:07] - [2] VICTOR.POZEN: Début du Téléchargement de: D:\kerberos.htx\exe\kompozer-0.8b3.fr.win32.exe
[18:16:14] - [2] VICTOR.POZEN: Fichier envoyé: D:\kerberos.htx\exe\kompozer-0.8b3.fr.win32.exe (1 107,01 K/S -  6 801 477 bytes)
[18:16:14] - [2] VICTOR.POZEN: Début du Téléchargement de: D:\kerberos.htx\Firefox Setup Stub 50.1.0.exe
[18:16:14] - [2] VICTOR.POZEN: Fichier envoyé: D:\kerberos.htx\Firefox Setup Stub 50.1.0.exe (238,07 K/S -   243 784 bytes)
[18:16:45] - [2] Client 90.6.49.146 Déconnecté (00:07:08 Min)
[18:17:04] - [3] VICTOR.POZEN: Echec de l'envoie du Fichier: D:\kerberos.htx\exe\pour.xp\VRMPOEM_FR.iso (1 190,50 K/S -  542 468 096 bytes)
[18:17:04] - [3] VICTOR.POZEN: Résumé du Téléchargement de: D:\kerberos.htx\exe\pour.xp\VRMPOEM_FR.iso A:  542 457 856 bytes
[18:17:43] - [3] VICTOR.POZEN: Fichier envoyé: D:\kerberos.htx\exe\pour.xp\VRMPOEM_FR.iso (15 330,31 K/S -  612 231 168 bytes)
[18:18:13] - [3] Client 90.6.49.146 Déconnecté (00:08:36 Min)
[18:24:28] - [1] Client 90.6.49.146 Déconnecté (00:16:19 Min)
[18:25:57] - Serveur Démarré
[18:25:57] - FTP Port: 21
[18:26:14] - [1] Connecté à 90.6.49.146. Collecte du Nom d'utilisateur.
[18:26:14] - [1] Usager VICTOR.POZEN Connecté IP: 90.6.49.146
[18:26:14] - [1] VICTOR.POZEN: Répertoire en Cours: D:\kerberos.htx\
[18:30:50] - [1] Client 90.6.49.146 Déconnecté (00:04:36 Min)
[18:40:26] - [2] Connecté à 90.6.49.146. Collecte du Nom d'utilisateur.
[18:40:26] - [2] Usager SPOKE.FILES Connecté IP: 90.6.49.146
[18:40:26] - [2] SPOKE.FILES: Répertoire en Cours: F:\spoke.files\
[18:40:27] - [2] SPOKE.FILES: Répertoire en Cours: F:\spoke.files\
[18:40:34] - [2] Client 90.6.49.146 Déconnecté (00:00:07 Min)
[18:40:34] - [3] Connecté à 90.6.49.146. Collecte du Nom d'utilisateur.
[18:40:34] - [3] Usager VICTOR.POZEN Connecté IP: 90.6.49.146
[18:40:34] - [3] VICTOR.POZEN: Répertoire en Cours: D:\kerberos.htx\
[18:40:34] - [3] VICTOR.POZEN: Répertoire en Cours: D:\kerberos.htx\
[18:40:43] - [3] VICTOR.POZEN: Répertoire en Cours: D:\kerberos.htx\exe\
[18:41:34] - [4] Connecté à 90.6.49.146. Collecte du Nom d'utilisateur.
[18:41:34] - [4] Usager VICTOR.POZEN Connecté IP: 90.6.49.146
[18:41:34] - [4] VICTOR.POZEN: Répertoire en Cours: D:\kerberos.htx\
[18:41:34] - [4] VICTOR.POZEN: Début du Téléchargement de: D:\kerberos.htx\spark_2_7_3.exe
[18:42:09] - [4] VICTOR.POZEN: Fichier envoyé: D:\kerberos.htx\spark_2_7_3.exe (1 717,13 K/S -  61 541 888 bytes)
[18:42:23] - [3] VICTOR.POZEN: Répertoire en Cours: D:\kerberos.htx\ftp\
[18:42:24] - [3] VICTOR.POZEN: Répertoire en Cours: D:\kerberos.htx\ftp\progz\
[18:42:33] - [3] VICTOR.POZEN: Répertoire en Cours: D:\kerberos.htx\http2\
[18:42:40] - [4] Client 90.6.49.146 Déconnecté (00:01:05 Min)
[18:42:52] - [5] Connecté à 90.6.49.146. Collecte du Nom d'utilisateur.
[18:42:52] - [5] Usager VICTOR.POZEN Connecté IP: 90.6.49.146
[18:42:52] - [5] VICTOR.POZEN: Répertoire en Cours: D:\kerberos.htx\
[18:42:52] - [5] VICTOR.POZEN: Début du Téléchargement de: D:\kerberos.htx\http2\slimdrivers_2-3-0-1_fr_412744.exe
[18:42:52] - [5] VICTOR.POZEN: Fichier envoyé: D:\kerberos.htx\http2\slimdrivers_2-3-0-1_fr_412744.exe (958,72 K/S -   981 728 bytes)
[18:42:54] - [5] Client 90.6.49.146 Déconnecté (00:00:02 Min)
[18:42:54] - [3] Client 90.6.49.146 Déconnecté (00:02:20 Min)
[19:16:33] - [6] Connecté à 90.6.49.146. Collecte du Nom d'utilisateur.
[19:16:33] - [6] Usager VICTOR.POZEN Connecté IP: 90.6.49.146
[19:16:33] - [6] VICTOR.POZEN: Répertoire en Cours: D:\kerberos.htx\
[19:16:33] - [6] VICTOR.POZEN: Répertoire en Cours: D:\kerberos.htx\
[19:16:39] - [6] VICTOR.POZEN: Répertoire en Cours: D:\kerberos.htx\exe\
[19:17:11] - [7] Connecté à 90.6.49.146. Collecte du Nom d'utilisateur.
[19:17:12] - [7] Usager VICTOR.POZEN Connecté IP: 90.6.49.146
[19:17:12] - [7] VICTOR.POZEN: Répertoire en Cours: D:\kerberos.htx\
[19:17:12] - [7] VICTOR.POZEN: Début du Téléchargement de: D:\kerberos.htx\exe\never10.exe
[19:17:15] - [7] VICTOR.POZEN: Fichier envoyé: D:\kerberos.htx\exe\never10.exe (20,75 K/S -   84 976 bytes)
[19:17:47] - [7] Client 90.6.49.146 Déconnecté (00:00:35 Min)
[19:17:55] - [6] VICTOR.POZEN: Répertoire en Cours: D:\kerberos.htx\ftp\
[19:17:56] - [6] VICTOR.POZEN: Répertoire en Cours: D:\kerberos.htx\ftp\progz\
[19:18:31] - [6] VICTOR.POZEN: Répertoire en Cours: D:\kerberos.htx\http2\
[19:18:38] - [8] Connecté à 90.6.49.146. Collecte du Nom d'utilisateur.
[19:18:38] - [8] Usager VICTOR.POZEN Connecté IP: 90.6.49.146
[19:18:38] - [8] VICTOR.POZEN: Répertoire en Cours: D:\kerberos.htx\
[19:18:38] - [8] VICTOR.POZEN: Début du Téléchargement de: D:\kerberos.htx\http2\Firefox Setup 43.0.1.exe
[19:19:13] - [8] VICTOR.POZEN: Fichier envoyé: D:\kerberos.htx\http2\Firefox Setup 43.0.1.exe (1 242,73 K/S -  45 811 976 bytes)
[19:19:45] - [8] Client 90.6.49.146 Déconnecté (00:01:06 Min)
[19:30:33] - [9] Connecté à 168.1.128.34. Collecte du Nom d'utilisateur.
[19:31:04] - [9] Client 168.1.128.34 Déconnecté (00:00:30 Min)
[19:47:34] - [6] Client 90.6.49.146 Déconnecté (00:31:01 Min)
[19:53:49] - [10] Connecté à 90.6.49.146. Collecte du Nom d'utilisateur.
[19:53:49] - [10] Usager VICTOR.POZEN Connecté IP: 90.6.49.146
[19:53:49] - [10] VICTOR.POZEN: Répertoire en Cours: D:\kerberos.htx\
[19:53:49] - [10] VICTOR.POZEN: Répertoire en Cours: D:\kerberos.htx\
[19:54:10] - [10] VICTOR.POZEN: Répertoire en Cours: D:\kerberos.htx\exe\
[19:55:03] - [11] Connecté à 90.6.49.146. Collecte du Nom d'utilisateur.
[19:55:03] - [11] Usager VICTOR.POZEN Connecté IP: 90.6.49.146
[19:55:03] - [11] VICTOR.POZEN: Répertoire en Cours: D:\kerberos.htx\
[19:55:04] - [11] VICTOR.POZEN: Début du Téléchargement de: D:\kerberos.htx\exe\never10.exe
[19:55:04] - [11] VICTOR.POZEN: Fichier envoyé: D:\kerberos.htx\exe\never10.exe (82,98 K/S -   84 976 bytes)
[19:55:11] - [11] Client 90.6.49.146 Déconnecté (00:00:07 Min)
[19:55:11] - [10] Client 90.6.49.146 Déconnecté (00:01:22 Min)
[20:02:48] - Serveur Démarré
[20:02:48] - FTP Port: 21
[20:04:31] - [1] Connecté à 90.6.49.146. Collecte du Nom d'utilisateur.
[20:04:31] - [1] Usager VICTOR.POZEN Connecté IP: 90.6.49.146
[20:04:31] - [1] VICTOR.POZEN: Répertoire en Cours: D:\kerberos.htx\
[20:04:32] - [1] VICTOR.POZEN: Répertoire en Cours: D:\kerberos.htx\
[20:04:42] - [1] VICTOR.POZEN: Répertoire en Cours: D:\kerberos.htx\exe\
[20:04:47] - [1] VICTOR.POZEN: Répertoire en Cours: D:\kerberos.htx\exe\aida32\
[20:04:47] - [2] Connecté à 90.6.49.146. Collecte du Nom d'utilisateur.
[20:04:47] - [3] Connecté à 90.6.49.146. Collecte du Nom d'utilisateur.
[20:04:47] - [2] Usager VICTOR.POZEN Connecté IP: 90.6.49.146
[20:04:47] - [2] VICTOR.POZEN: Répertoire en Cours: D:\kerberos.htx\
[20:04:47] - [3] Usager VICTOR.POZEN Connecté IP: 90.6.49.146
[20:04:47] - [3] VICTOR.POZEN: Répertoire en Cours: D:\kerberos.htx\
[20:04:47] - [3] VICTOR.POZEN: Début du Téléchargement de: D:\kerberos.htx\exe\aida32\aida32.bin
[20:05:00] - [2] VICTOR.POZEN: Début du Téléchargement de: D:\kerberos.htx\exe\aida32\aida-32_3-94-2_fr_11155.zip
[20:05:01] - [3] VICTOR.POZEN: Fichier envoyé: D:\kerberos.htx\exe\aida32\aida32.bin (75,36 K/S -  1 080 320 bytes)
[20:05:01] - [3] VICTOR.POZEN: Début du Téléchargement de: D:\kerberos.htx\exe\aida32\aida32.dat
[20:05:01] - [3] VICTOR.POZEN: Fichier envoyé: D:\kerberos.htx\exe\aida32\aida32.dat (429,09 K/S -   439 388 bytes)
[20:05:01] - [3] VICTOR.POZEN: Début du Téléchargement de: D:\kerberos.htx\exe\aida32\aida32.exe
[20:05:01] - [3] VICTOR.POZEN: Fichier envoyé: D:\kerberos.htx\exe\aida32\aida32.exe (14,50 K/S -   14 848 bytes)
[20:05:02] - [3] VICTOR.POZEN: Début du Téléchargement de: D:\kerberos.htx\exe\aida32\aida32.mem
[20:05:02] - [3] VICTOR.POZEN: Fichier envoyé: D:\kerberos.htx\exe\aida32\aida32.mem (2,44 K/S -   2 501 bytes)
[20:05:02] - [3] VICTOR.POZEN: Début du Téléchargement de: D:\kerberos.htx\exe\aida32\aida32.sa6
[20:05:02] - [3] VICTOR.POZEN: Fichier envoyé: D:\kerberos.htx\exe\aida32\aida32.sa6 (6,00 K/S -   6 144 bytes)
[20:05:02] - [3] VICTOR.POZEN: Début du Téléchargement de: D:\kerberos.htx\exe\aida32\aida32.si6
[20:05:02] - [3] VICTOR.POZEN: Fichier envoyé: D:\kerberos.htx\exe\aida32\aida32.si6 (9,00 K/S -   9 216 bytes)
[20:05:02] - [3] VICTOR.POZEN: Début du Téléchargement de: D:\kerberos.htx\exe\aida32\aida32.sys
[20:05:02] - [3] VICTOR.POZEN: Fichier envoyé: D:\kerberos.htx\exe\aida32\aida32.sys (3,50 K/S -   3 584 bytes)
[20:05:02] - [3] VICTOR.POZEN: Début du Téléchargement de: D:\kerberos.htx\exe\aida32\aida32.vxd
[20:05:02] - [3] VICTOR.POZEN: Fichier envoyé: D:\kerberos.htx\exe\aida32\aida32.vxd (7,06 K/S -   7 228 bytes)
[20:05:03] - [3] VICTOR.POZEN: Début du Téléchargement de: D:\kerberos.htx\exe\aida32\aida32.web
[20:05:03] - [3] VICTOR.POZEN: Fichier envoyé: D:\kerberos.htx\exe\aida32\aida32.web (5,84 K/S -   5 976 bytes)
[20:05:03] - [3] VICTOR.POZEN: Début du Téléchargement de: D:\kerberos.htx\exe\aida32\aidaplugin_diskbench.dll
[20:05:03] - [3] VICTOR.POZEN: Fichier envoyé: D:\kerberos.htx\exe\aida32\aidaplugin_diskbench.dll (200,50 K/S -   205 312 bytes)
[20:05:03] - [3] VICTOR.POZEN: Début du Téléchargement de: D:\kerberos.htx\exe\aida32\aidaplugin_monitordiag.dll
[20:05:04] - [3] VICTOR.POZEN: Fichier envoyé: D:\kerberos.htx\exe\aida32\aidaplugin_monitordiag.dll (182,00 K/S -   186 368 bytes)
[20:05:04] - [3] VICTOR.POZEN: Début du Téléchargement de: D:\kerberos.htx\exe\aida32\aidaplugin_netbench.dll
[20:05:05] - [3] VICTOR.POZEN: Fichier envoyé: D:\kerberos.htx\exe\aida32\aidaplugin_netbench.dll (253,00 K/S -   259 072 bytes)
[20:05:05] - [2] VICTOR.POZEN: Fichier envoyé: D:\kerberos.htx\exe\aida32\aida-32_3-94-2_fr_11155.zip (636,07 K/S -  3 256 656 bytes)
[20:05:05] - [3] VICTOR.POZEN: Début du Téléchargement de: D:\kerberos.htx\exe\aida32\aida_directx.dll
[20:05:05] - [2] VICTOR.POZEN: Début du Téléchargement de: D:\kerberos.htx\exe\aida32\aida_icons.dll
[20:05:05] - [3] VICTOR.POZEN: Fichier envoyé: D:\kerberos.htx\exe\aida32\aida_directx.dll (45,50 K/S -   46 592 bytes)
[20:05:05] - [3] VICTOR.POZEN: Début du Téléchargement de: D:\kerberos.htx\exe\aida32\aida_xpicons.dll
[20:05:05] - [2] VICTOR.POZEN: Fichier envoyé: D:\kerberos.htx\exe\aida32\aida_icons.dll (95,00 K/S -   97 280 bytes)
[20:05:05] - [2] VICTOR.POZEN: Début du Téléchargement de: D:\kerberos.htx\exe\aida32\al.lng
[20:05:06] - [2] VICTOR.POZEN: Fichier envoyé: D:\kerberos.htx\exe\aida32\al.lng (75,28 K/S -   77 088 bytes)
[20:05:06] - [3] VICTOR.POZEN: Fichier envoyé: D:\kerberos.htx\exe\aida32\aida_xpicons.dll (139,00 K/S -   142 336 bytes)
[20:05:06] - [2] VICTOR.POZEN: Début du Téléchargement de: D:\kerberos.htx\exe\aida32\bg.lng
[20:05:06] - [3] VICTOR.POZEN: Début du Téléchargement de: D:\kerberos.htx\exe\aida32\ca.lng
[20:05:06] - [2] VICTOR.POZEN: Fichier envoyé: D:\kerberos.htx\exe\aida32\bg.lng (74,07 K/S -   75 848 bytes)
[20:05:06] - [3] VICTOR.POZEN: Fichier envoyé: D:\kerberos.htx\exe\aida32\ca.lng (78,61 K/S -   80 501 bytes)
[20:05:06] - [2] VICTOR.POZEN: Début du Téléchargement de: D:\kerberos.htx\exe\aida32\cn.lng
[20:05:06] - [3] VICTOR.POZEN: Début du Téléchargement de: D:\kerberos.htx\exe\aida32\cz.lng
[20:05:06] - [2] VICTOR.POZEN: Fichier envoyé: D:\kerberos.htx\exe\aida32\cn.lng (63,95 K/S -   65 483 bytes)
[20:05:06] - [3] VICTOR.POZEN: Fichier envoyé: D:\kerberos.htx\exe\aida32\cz.lng (71,27 K/S -   72 978 bytes)
[20:05:06] - [2] VICTOR.POZEN: Début du Téléchargement de: D:\kerberos.htx\exe\aida32\DB - Access.mdb
[20:05:06] - [3] VICTOR.POZEN: Début du Téléchargement de: D:\kerberos.htx\exe\aida32\DB - Access97.mdb
[20:05:06] - [3] VICTOR.POZEN: Fichier envoyé: D:\kerberos.htx\exe\aida32\DB - Access97.mdb (90,00 K/S -   92 160 bytes)
[20:05:06] - [3] VICTOR.POZEN: Début du Téléchargement de: D:\kerberos.htx\exe\aida32\DB - MySQL.sql
[20:05:06] - [3] VICTOR.POZEN: Fichier envoyé: D:\kerberos.htx\exe\aida32\DB - MySQL.sql (0,83 K/S -    853 bytes)
[20:05:07] - [2] VICTOR.POZEN: Fichier envoyé: D:\kerberos.htx\exe\aida32\DB - Access.mdb (164,00 K/S -   167 936 bytes)
[20:05:07] - [2] VICTOR.POZEN: Début du Téléchargement de: D:\kerberos.htx\exe\aida32\DB - Oracle.sql
[20:05:07] - [2] VICTOR.POZEN: Fichier envoyé: D:\kerberos.htx\exe\aida32\DB - Oracle.sql (0,98 K/S -   1 001 bytes)
[20:05:07] - [3] VICTOR.POZEN: Début du Téléchargement de: D:\kerberos.htx\exe\aida32\DB - SQL Server.sql
[20:05:07] - [2] VICTOR.POZEN: Début du Téléchargement de: D:\kerberos.htx\exe\aida32\de.lng
[20:05:07] - [3] VICTOR.POZEN: Fichier envoyé: D:\kerberos.htx\exe\aida32\DB - SQL Server.sql (1,25 K/S -   1 275 bytes)
[20:05:07] - [3] VICTOR.POZEN: Début du Téléchargement de: D:\kerberos.htx\exe\aida32\dk.lng
[20:05:07] - [2] VICTOR.POZEN: Fichier envoyé: D:\kerberos.htx\exe\aida32\de.lng (73,16 K/S -   74 914 bytes)
[20:05:07] - [2] VICTOR.POZEN: Début du Téléchargement de: D:\kerberos.htx\exe\aida32\es.lng
[20:05:07] - [3] VICTOR.POZEN: Fichier envoyé: D:\kerberos.htx\exe\aida32\dk.lng (70,05 K/S -   71 732 bytes)
[20:05:07] - [3] VICTOR.POZEN: Début du Téléchargement de: D:\kerberos.htx\exe\aida32\fi.lng
[20:05:07] - [2] VICTOR.POZEN: Fichier envoyé: D:\kerberos.htx\exe\aida32\es.lng (78,84 K/S -   80 733 bytes)
[20:05:07] - [2] VICTOR.POZEN: Début du Téléchargement de: D:\kerberos.htx\exe\aida32\fr.lng
[20:05:07] - [3] VICTOR.POZEN: Fichier envoyé: D:\kerberos.htx\exe\aida32\fi.lng (67,71 K/S -   69 338 bytes)
[20:05:07] - [3] VICTOR.POZEN: Début du Téléchargement de: D:\kerberos.htx\exe\aida32\gl.lng
[20:05:07] - [2] VICTOR.POZEN: Fichier envoyé: D:\kerberos.htx\exe\aida32\fr.lng (77,81 K/S -   79 678 bytes)
[20:05:08] - [2] VICTOR.POZEN: Début du Téléchargement de: D:\kerberos.htx\exe\aida32\gr.lng
[20:05:08] - [3] VICTOR.POZEN: Fichier envoyé: D:\kerberos.htx\exe\aida32\gl.lng (77,11 K/S -   78 956 bytes)
[20:05:08] - [3] VICTOR.POZEN: Début du Téléchargement de: D:\kerberos.htx\exe\aida32\hr.lng
[20:05:08] - [2] VICTOR.POZEN: Fichier envoyé: D:\kerberos.htx\exe\aida32\gr.lng (75,86 K/S -   77 678 bytes)
[20:05:08] - [2] VICTOR.POZEN: Début du Téléchargement de: D:\kerberos.htx\exe\aida32\hu.lng
[20:05:08] - [3] VICTOR.POZEN: Fichier envoyé: D:\kerberos.htx\exe\aida32\hr.lng (73,75 K/S -   75 515 bytes)
[20:05:08] - [3] VICTOR.POZEN: Début du Téléchargement de: D:\kerberos.htx\exe\aida32\it.lng
[20:05:08] - [2] VICTOR.POZEN: Fichier envoyé: D:\kerberos.htx\exe\aida32\hu.lng (72,12 K/S -   73 853 bytes)
[20:05:08] - [3] VICTOR.POZEN: Fichier envoyé: D:\kerberos.htx\exe\aida32\it.lng (76,48 K/S -   78 315 bytes)
[20:05:08] - [3] VICTOR.POZEN: Début du Téléchargement de: D:\kerberos.htx\exe\aida32\jp.lng
[20:05:08] - [3] VICTOR.POZEN: Fichier envoyé: D:\kerberos.htx\exe\aida32\jp.lng (69,83 K/S -   71 501 bytes)
[20:05:08] - [3] VICTOR.POZEN: Début du Téléchargement de: D:\kerberos.htx\exe\aida32\kr.lng
[20:05:08] - [2] VICTOR.POZEN: Début du Téléchargement de: D:\kerberos.htx\exe\aida32\lt.lng
[20:05:09] - [3] VICTOR.POZEN: Fichier envoyé: D:\kerberos.htx\exe\aida32\kr.lng (62,83 K/S -   64 343 bytes)
[20:05:09] - [3] VICTOR.POZEN: Début du Téléchargement de: D:\kerberos.htx\exe\aida32\lv.lng
[20:05:09] - [2] VICTOR.POZEN: Fichier envoyé: D:\kerberos.htx\exe\aida32\lt.lng (75,44 K/S -   77 253 bytes)
[20:05:09] - [2] VICTOR.POZEN: Début du Téléchargement de: D:\kerberos.htx\exe\aida32\mk.lng
[20:05:09] - [3] VICTOR.POZEN: Fichier envoyé: D:\kerberos.htx\exe\aida32\lv.lng (72,05 K/S -   73 779 bytes)
[20:05:09] - [3] VICTOR.POZEN: Début du Téléchargement de: D:\kerberos.htx\exe\aida32\nl.lng
[20:05:09] - [2] VICTOR.POZEN: Fichier envoyé: D:\kerberos.htx\exe\aida32\mk.lng (77,10 K/S -   78 946 bytes)
[20:05:09] - [2] VICTOR.POZEN: Début du Téléchargement de: D:\kerberos.htx\exe\aida32\no.lng
[20:05:09] - [3] VICTOR.POZEN: Fichier envoyé: D:\kerberos.htx\exe\aida32\nl.lng (72,19 K/S -   73 926 bytes)
[20:05:09] - [3] VICTOR.POZEN: Début du Téléchargement de: D:\kerberos.htx\exe\aida32\pl.lng
[20:05:09] - [2] VICTOR.POZEN: Fichier envoyé: D:\kerberos.htx\exe\aida32\no.lng (70,05 K/S -   71 733 bytes)
[20:05:09] - [2] VICTOR.POZEN: Début du Téléchargement de: D:\kerberos.htx\exe\aida32\pt.lng
[20:05:09] - [3] VICTOR.POZEN: Fichier envoyé: D:\kerberos.htx\exe\aida32\pl.lng (77,32 K/S -   79 179 bytes)
[20:05:09] - [3] VICTOR.POZEN: Début du Téléchargement de: D:\kerberos.htx\exe\aida32\ro.lng
[20:05:09] - [2] VICTOR.POZEN: Fichier envoyé: D:\kerberos.htx\exe\aida32\pt.lng (76,79 K/S -   78 637 bytes)
[20:05:09] - [2] VICTOR.POZEN: Début du Téléchargement de: D:\kerberos.htx\exe\aida32\ru.lng
[20:05:10] - [3] VICTOR.POZEN: Fichier envoyé: D:\kerberos.htx\exe\aida32\ro.lng (74,46 K/S -   76 242 bytes)
[20:05:10] - [3] VICTOR.POZEN: Début du Téléchargement de: D:\kerberos.htx\exe\aida32\se.lng
[20:05:10] - [2] VICTOR.POZEN: Fichier envoyé: D:\kerberos.htx\exe\aida32\ru.lng (72,42 K/S -   74 159 bytes)
[20:05:10] - [2] VICTOR.POZEN: Début du Téléchargement de: D:\kerberos.htx\exe\aida32\si.lng
[20:05:10] - [3] VICTOR.POZEN: Fichier envoyé: D:\kerberos.htx\exe\aida32\se.lng (71,47 K/S -   73 185 bytes)
[20:05:10] - [3] VICTOR.POZEN: Début du Téléchargement de: D:\kerberos.htx\exe\aida32\sk.lng
[20:05:10] - [2] VICTOR.POZEN: Fichier envoyé: D:\kerberos.htx\exe\aida32\si.lng (71,12 K/S -   72 827 bytes)
[20:05:10] - [3] VICTOR.POZEN: Fichier envoyé: D:\kerberos.htx\exe\aida32\sk.lng (71,81 K/S -   73 534 bytes)
[20:05:10] - [3] VICTOR.POZEN: Début du Téléchargement de: D:\kerberos.htx\exe\aida32\sr.lng
[20:05:10] - [2] VICTOR.POZEN: Début du Téléchargement de: D:\kerberos.htx\exe\aida32\tr.lng
[20:05:10] - [3] VICTOR.POZEN: Fichier envoyé: D:\kerberos.htx\exe\aida32\sr.lng (72,18 K/S -   73 908 bytes)
[20:05:10] - [2] VICTOR.POZEN: Fichier envoyé: D:\kerberos.htx\exe\aida32\tr.lng (70,43 K/S -   72 116 bytes)
[20:05:11] - [3] VICTOR.POZEN: Début du Téléchargement de: D:\kerberos.htx\exe\aida32\tw.lng
[20:05:11] - [2] VICTOR.POZEN: Début du Téléchargement de: D:\kerberos.htx\exe\aida32\ua.lng
[20:05:11] - [3] VICTOR.POZEN: Fichier envoyé: D:\kerberos.htx\exe\aida32\tw.lng (58,35 K/S -   59 753 bytes)
[20:05:11] - [2] VICTOR.POZEN: Fichier envoyé: D:\kerberos.htx\exe\aida32\ua.lng (71,79 K/S -   73 513 bytes)
[20:05:41] - [3] Client 90.6.49.146 Déconnecté (00:00:54 Min)
[20:05:41] - [2] Client 90.6.49.146 Déconnecté (00:00:54 Min)
[20:06:31] - [1] Client 90.6.49.146 Déconnecté (00:01:59 Min)
[20:23:18] - [4] Connecté à 90.6.49.146. Collecte du Nom d'utilisateur.
[20:23:18] - [4] Usager VICTOR.POZEN Connecté IP: 90.6.49.146
[20:23:18] - [4] VICTOR.POZEN: Répertoire en Cours: D:\kerberos.htx\
[20:23:18] - [4] VICTOR.POZEN: Répertoire en Cours: D:\kerberos.htx\
[20:23:23] - [4] VICTOR.POZEN: Répertoire en Cours: D:\kerberos.htx\exe\
[20:23:26] - [4] VICTOR.POZEN: Répertoire en Cours: D:\kerberos.htx\exe\pour.xp\
[20:23:28] - [4] VICTOR.POZEN: Répertoire en Cours: D:\kerberos.htx\exe\pour.xp\control userpasswords2\
[20:23:30] - [4] VICTOR.POZEN: Début du Téléchargement de: D:\kerberos.htx\exe\pour.xp\control userpasswords2\control userpasswords2.bat
[20:23:30] - [4] VICTOR.POZEN: Fichier envoyé: D:\kerberos.htx\exe\pour.xp\control userpasswords2\control userpasswords2.bat (0,03 K/S -    29 bytes)
[20:24:24] - [4] Client 90.6.49.146 Déconnecté (00:01:05 Min)
[20:52:54] - [5] Connecté à 90.6.49.146. Collecte du Nom d'utilisateur.
[20:52:54] - [5] Usager VICTOR.POZEN Connecté IP: 90.6.49.146
[20:52:54] - [5] VICTOR.POZEN: Répertoire en Cours: D:\kerberos.htx\
[20:52:54] - [5] VICTOR.POZEN: Répertoire en Cours: D:\kerberos.htx\
[20:52:58] - [5] VICTOR.POZEN: Répertoire en Cours: D:\kerberos.htx\exe\
[20:53:02] - [5] VICTOR.POZEN: Répertoire en Cours: D:\kerberos.htx\exe\pour.xp\
[20:53:04] - [5] VICTOR.POZEN: Répertoire en Cours: D:\kerberos.htx\exe\pour.xp\control userpasswords2\
[20:53:07] - [5] VICTOR.POZEN: Début du Téléchargement de: D:\kerberos.htx\exe\pour.xp\control userpasswords2\control userpasswords2.bat
[20:53:07] - [5] VICTOR.POZEN: Fichier envoyé: D:\kerberos.htx\exe\pour.xp\control userpasswords2\control userpasswords2.bat (0,03 K/S -    29 bytes)
[20:53:10] - [5] Client 90.6.49.146 Déconnecté (00:00:16 Min)
[22:02:25] - [6] Connecté à 90.6.49.146. Collecte du Nom d'utilisateur.
[22:02:25] - [6] Usager VICTOR.POZEN Connecté IP: 90.6.49.146
[22:02:25] - [6] VICTOR.POZEN: Répertoire en Cours: D:\kerberos.htx\
[22:02:25] - [6] VICTOR.POZEN: Répertoire en Cours: D:\kerberos.htx\
[22:02:39] - [6] VICTOR.POZEN: Répertoire en Cours: D:\kerberos.htx\exe\
[22:03:25] - [7] Connecté à 90.6.49.146. Collecte du Nom d'utilisateur.
[22:03:26] - [7] Usager VICTOR.POZEN Connecté IP: 90.6.49.146
[22:03:26] - [7] VICTOR.POZEN: Répertoire en Cours: D:\kerberos.htx\
[22:03:26] - [7] VICTOR.POZEN: Début du Téléchargement de: D:\kerberos.htx\exe\MSEInstall.exe
[22:03:30] - [7] VICTOR.POZEN: Fichier envoyé: D:\kerberos.htx\exe\MSEInstall.exe (2 172,87 K/S -  11 125 072 bytes)
[22:03:38] - [7] Client 90.6.49.146 Déconnecté (00:00:12 Min)
[22:03:38] - [6] Client 90.6.49.146 Déconnecté (00:01:13 Min)
