[19:06:17] - Serveur Démarré
[19:06:17] - FTP Port: 21
[19:10:38] - Serveur Démarré
[19:10:38] - FTP Port: 21
[19:16:11] - [1] Connecté à 90.6.48.176. Collecte du Nom d'utilisateur.
[19:16:11] - [1] Usager VICTOR.POZEN Connecté IP: 90.6.48.176
[19:16:11] - [1] VICTOR.POZEN: Répertoire en Cours: D:\kerberos.htx\
[19:16:11] - [1] VICTOR.POZEN: Répertoire en Cours: D:\kerberos.htx\
[19:20:24] - [1] Client 90.6.48.176 Déconnecté (00:04:12 Min)
[19:29:55] - [2] Connecté à 90.6.48.176. Collecte du Nom d'utilisateur.
[19:29:55] - [2] Usager VICTOR.POZEN Connecté IP: 90.6.48.176
[19:29:55] - [2] VICTOR.POZEN: Répertoire en Cours: D:\kerberos.htx\
[19:29:55] - [2] VICTOR.POZEN: Répertoire en Cours: D:\kerberos.htx\
[19:30:15] - [2] VICTOR.POZEN: Nouveau Répertoire: D:\kerberos.htx\jeu loren
[19:30:15] - [3] Connecté à 90.6.48.176. Collecte du Nom d'utilisateur.
[19:30:15] - [4] Connecté à 90.6.48.176. Collecte du Nom d'utilisateur.
[19:30:15] - [2] VICTOR.POZEN: Nouveau Répertoire: D:\kerberos.htx\jeu loren
[19:30:15] - [3] Usager VICTOR.POZEN Connecté IP: 90.6.48.176
[19:30:15] - [3] VICTOR.POZEN: Répertoire en Cours: D:\kerberos.htx\
[19:30:15] - [4] Usager VICTOR.POZEN Connecté IP: 90.6.48.176
[19:30:15] - [4] VICTOR.POZEN: Répertoire en Cours: D:\kerberos.htx\
[19:30:15] - [2] VICTOR.POZEN: Nouveau Répertoire: D:\kerberos.htx\jeu loren\Eautorun
[19:30:15] - [3] VICTOR.POZEN: Début d'Upload de D:\kerberos.htx\jeu loren\arcade_on.bmp
[19:30:15] - [4] VICTOR.POZEN: Début d'Upload de D:\kerberos.htx\jeu loren\arcade_off.bmp
[19:30:15] - [3] VICTOR.POZEN: Fichier Upload: D:\kerberos.htx\jeu loren\arcade_on.bmp (8,34 K/S -   8 536 bytes)
[19:30:15] - [4] VICTOR.POZEN: Fichier Upload: D:\kerberos.htx\jeu loren\arcade_off.bmp (3,95 K/S -   4 048 bytes)
[19:30:15] - [2] VICTOR.POZEN: Nouveau Répertoire: D:\kerberos.htx\jeu loren\Eautorun
[19:30:15] - [2] VICTOR.POZEN: Nouveau Répertoire: D:\kerberos.htx\jeu loren\Eautorun\Fr
[19:30:15] - [2] VICTOR.POZEN: Nouveau Répertoire: D:\kerberos.htx\jeu loren\Eautorun\Fr
[19:30:15] - [2] VICTOR.POZEN: Nouveau Répertoire: D:\kerberos.htx\jeu loren\SAV
[19:30:15] - [2] VICTOR.POZEN: Nouveau Répertoire: D:\kerberos.htx\jeu loren\SAV
[19:30:15] - [2] VICTOR.POZEN: Nouveau Répertoire: D:\kerberos.htx\jeu loren\SAV\images
[19:30:15] - [2] VICTOR.POZEN: Nouveau Répertoire: D:\kerberos.htx\jeu loren\SAV\images
[19:30:15] - [2] VICTOR.POZEN: Nouveau Répertoire: D:\kerberos.htx\jeu loren\SAV\patch
[19:30:15] - [2] VICTOR.POZEN: Nouveau Répertoire: D:\kerberos.htx\jeu loren\SAV\patch
[19:30:15] - [2] VICTOR.POZEN: Nouveau Répertoire: D:\kerberos.htx\jeu loren\SAV\patch\cdrom
[19:30:15] - [2] VICTOR.POZEN: Nouveau Répertoire: D:\kerberos.htx\jeu loren\SAV\patch\cdrom
[19:30:16] - [3] VICTOR.POZEN: Début d'Upload de D:\kerberos.htx\jeu loren\Autorun.exe
[19:30:16] - [4] VICTOR.POZEN: Début d'Upload de D:\kerberos.htx\jeu loren\AUTORUN.INF
[19:30:16] - [4] VICTOR.POZEN: Fichier Upload: D:\kerberos.htx\jeu loren\AUTORUN.INF (0,05 K/S -    48 bytes)
[19:30:16] - [4] VICTOR.POZEN: Début d'Upload de D:\kerberos.htx\jeu loren\AUTORUN.INI
[19:30:16] - [4] VICTOR.POZEN: Fichier Upload: D:\kerberos.htx\jeu loren\AUTORUN.INI (4,04 K/S -   4 141 bytes)
[19:30:16] - [4] VICTOR.POZEN: Début d'Upload de D:\kerberos.htx\jeu loren\bouton_01_ROLLOFF.bmp
[19:30:16] - [4] VICTOR.POZEN: Fichier Upload: D:\kerberos.htx\jeu loren\bouton_01_ROLLOFF.bmp (11,57 K/S -   11 848 bytes)
[19:30:16] - [4] VICTOR.POZEN: Début d'Upload de D:\kerberos.htx\jeu loren\bouton_01_ROLLON.bmp
[19:30:16] - [4] VICTOR.POZEN: Fichier Upload: D:\kerberos.htx\jeu loren\bouton_01_ROLLON.bmp (31,70 K/S -   32 456 bytes)
[19:30:17] - [3] VICTOR.POZEN: Fichier Upload: D:\kerberos.htx\jeu loren\Autorun.exe (2 730,80 K/S -  2 796 291 bytes)
[19:30:17] - [4] VICTOR.POZEN: Début d'Upload de D:\kerberos.htx\jeu loren\carte_off.bmp
[19:30:17] - [3] VICTOR.POZEN: Début d'Upload de D:\kerberos.htx\jeu loren\carte_on.bmp
[19:30:17] - [3] VICTOR.POZEN: Fichier Upload: D:\kerberos.htx\jeu loren\carte_on.bmp (8,34 K/S -   8 536 bytes)
[19:30:17] - [4] VICTOR.POZEN: Fichier Upload: D:\kerberos.htx\jeu loren\carte_off.bmp (3,95 K/S -   4 048 bytes)
[19:30:17] - [4] VICTOR.POZEN: Début d'Upload de D:\kerberos.htx\jeu loren\Eautorun\bottom1.gif
[19:30:17] - [4] VICTOR.POZEN: Fichier Upload: D:\kerberos.htx\jeu loren\Eautorun\bottom1.gif (0,11 K/S -    108 bytes)
[19:30:17] - [3] VICTOR.POZEN: Début d'Upload de D:\kerberos.htx\jeu loren\Eautorun\bottom2.gif
[19:30:17] - [3] VICTOR.POZEN: Fichier Upload: D:\kerberos.htx\jeu loren\Eautorun\bottom2.gif (0,34 K/S -    351 bytes)
[19:30:17] - [4] VICTOR.POZEN: Début d'Upload de D:\kerberos.htx\jeu loren\Eautorun\default.html
[19:30:17] - [3] VICTOR.POZEN: Début d'Upload de D:\kerberos.htx\jeu loren\Eautorun\Ereg_122005.gif
[19:30:17] - [4] VICTOR.POZEN: Fichier Upload: D:\kerberos.htx\jeu loren\Eautorun\default.html (2,89 K/S -   2 956 bytes)
[19:30:17] - [3] VICTOR.POZEN: Fichier Upload: D:\kerberos.htx\jeu loren\Eautorun\Ereg_122005.gif (9,70 K/S -   9 930 bytes)
[19:30:17] - [3] VICTOR.POZEN: Début d'Upload de D:\kerberos.htx\jeu loren\Eautorun\exclude.txt
[19:30:17] - [4] VICTOR.POZEN: Début d'Upload de D:\kerberos.htx\jeu loren\Eautorun\Ereg_topleft.gif
[19:30:17] - [3] VICTOR.POZEN: Fichier Upload: D:\kerberos.htx\jeu loren\Eautorun\exclude.txt (0,00 K/S -    2 bytes)
[19:30:17] - [4] VICTOR.POZEN: Fichier Upload: D:\kerberos.htx\jeu loren\Eautorun\Ereg_topleft.gif (0,08 K/S -    79 bytes)
[19:30:18] - [4] VICTOR.POZEN: Début d'Upload de D:\kerberos.htx\jeu loren\Eautorun\Fr\bottom1.gif
[19:30:18] - [3] VICTOR.POZEN: Début d'Upload de D:\kerberos.htx\jeu loren\Eautorun\Fr\bottom2.gif
[19:30:18] - [4] VICTOR.POZEN: Fichier Upload: D:\kerberos.htx\jeu loren\Eautorun\Fr\bottom1.gif (0,11 K/S -    108 bytes)
[19:30:18] - [3] VICTOR.POZEN: Fichier Upload: D:\kerberos.htx\jeu loren\Eautorun\Fr\bottom2.gif (0,34 K/S -    351 bytes)
[19:30:18] - [3] VICTOR.POZEN: Début d'Upload de D:\kerberos.htx\jeu loren\Eautorun\Fr\default.html
[19:30:18] - [3] VICTOR.POZEN: Fichier Upload: D:\kerberos.htx\jeu loren\Eautorun\Fr\default.html (2,89 K/S -   2 956 bytes)
[19:30:18] - [4] VICTOR.POZEN: Début d'Upload de D:\kerberos.htx\jeu loren\Eautorun\Fr\Ereg_122005.gif
[19:30:18] - [4] VICTOR.POZEN: Fichier Upload: D:\kerberos.htx\jeu loren\Eautorun\Fr\Ereg_122005.gif (9,70 K/S -   9 930 bytes)
[19:30:18] - [4] VICTOR.POZEN: Début d'Upload de D:\kerberos.htx\jeu loren\Eautorun\Fr\exclude.txt
[19:30:18] - [4] VICTOR.POZEN: Fichier Upload: D:\kerberos.htx\jeu loren\Eautorun\Fr\exclude.txt (0,00 K/S -    2 bytes)
[19:30:18] - [3] VICTOR.POZEN: Début d'Upload de D:\kerberos.htx\jeu loren\Eautorun\Fr\Ereg_topleft.gif
[19:30:18] - [3] VICTOR.POZEN: Fichier Upload: D:\kerberos.htx\jeu loren\Eautorun\Fr\Ereg_topleft.gif (0,08 K/S -    79 bytes)
[19:30:18] - [4] VICTOR.POZEN: Début d'Upload de D:\kerberos.htx\jeu loren\Eautorun\Fr\left.gif
[19:30:18] - [4] VICTOR.POZEN: Fichier Upload: D:\kerberos.htx\jeu loren\Eautorun\Fr\left.gif (0,05 K/S -    54 bytes)
[19:30:18] - [3] VICTOR.POZEN: Début d'Upload de D:\kerberos.htx\jeu loren\Eautorun\Fr\refnum.txt
[19:30:18] - [3] VICTOR.POZEN: Fichier Upload: D:\kerberos.htx\jeu loren\Eautorun\Fr\refnum.txt (0,02 K/S -    25 bytes)
[19:30:19] - [4] VICTOR.POZEN: Début d'Upload de D:\kerberos.htx\jeu loren\Eautorun\Fr\top.gif
[19:30:19] - [4] VICTOR.POZEN: Fichier Upload: D:\kerberos.htx\jeu loren\Eautorun\Fr\top.gif (23,47 K/S -   24 037 bytes)
[19:30:19] - [3] VICTOR.POZEN: Début d'Upload de D:\kerberos.htx\jeu loren\Eautorun\left.gif
[19:30:19] - [3] VICTOR.POZEN: Fichier Upload: D:\kerberos.htx\jeu loren\Eautorun\left.gif (0,05 K/S -    54 bytes)
[19:30:19] - [3] VICTOR.POZEN: Début d'Upload de D:\kerberos.htx\jeu loren\Eautorun\top.gif
[19:30:19] - [4] VICTOR.POZEN: Début d'Upload de D:\kerberos.htx\jeu loren\Eautorun\refnum.txt
[19:30:19] - [3] VICTOR.POZEN: Fichier Upload: D:\kerberos.htx\jeu loren\Eautorun\top.gif (23,47 K/S -   24 037 bytes)
[19:30:19] - [4] VICTOR.POZEN: Fichier Upload: D:\kerberos.htx\jeu loren\Eautorun\refnum.txt (0,02 K/S -    25 bytes)
[19:30:19] - [3] VICTOR.POZEN: Début d'Upload de D:\kerberos.htx\jeu loren\Eautorun.exe
[19:30:19] - [4] VICTOR.POZEN: Début d'Upload de D:\kerberos.htx\jeu loren\jeu2mots_off.bmp
[19:30:19] - [4] VICTOR.POZEN: Fichier Upload: D:\kerberos.htx\jeu loren\jeu2mots_off.bmp (3,95 K/S -   4 048 bytes)
[19:30:19] - [3] VICTOR.POZEN: Fichier Upload: D:\kerberos.htx\jeu loren\Eautorun.exe (240,70 K/S -   246 480 bytes)
[19:30:19] - [3] VICTOR.POZEN: Début d'Upload de D:\kerberos.htx\jeu loren\jeu2mots_on.bmp
[19:30:19] - [3] VICTOR.POZEN: Fichier Upload: D:\kerberos.htx\jeu loren\jeu2mots_on.bmp (8,34 K/S -   8 536 bytes)
[19:30:19] - [4] VICTOR.POZEN: Début d'Upload de D:\kerberos.htx\jeu loren\Mindscape.bmp
[19:30:20] - [3] VICTOR.POZEN: Début d'Upload de D:\kerberos.htx\jeu loren\Objetcaches_off.bmp
[19:30:20] - [3] VICTOR.POZEN: Fichier Upload: D:\kerberos.htx\jeu loren\Objetcaches_off.bmp (3,95 K/S -   4 048 bytes)
[19:30:20] - [3] VICTOR.POZEN: Début d'Upload de D:\kerberos.htx\jeu loren\Objetcaches_on.bmp
[19:30:20] - [3] VICTOR.POZEN: Fichier Upload: D:\kerberos.htx\jeu loren\Objetcaches_on.bmp (8,34 K/S -   8 536 bytes)
[19:30:20] - [4] VICTOR.POZEN: Fichier Upload: D:\kerberos.htx\jeu loren\Mindscape.bmp (1 305,10 K/S -  1 336 392 bytes)
[19:30:20] - [4] VICTOR.POZEN: Début d'Upload de D:\kerberos.htx\jeu loren\Puzzle_off.bmp
[19:30:20] - [4] VICTOR.POZEN: Fichier Upload: D:\kerberos.htx\jeu loren\Puzzle_off.bmp (3,95 K/S -   4 048 bytes)
[19:30:20] - [3] VICTOR.POZEN: Début d'Upload de D:\kerberos.htx\jeu loren\Puzzle_on.bmp
[19:30:20] - [3] VICTOR.POZEN: Fichier Upload: D:\kerberos.htx\jeu loren\Puzzle_on.bmp (8,34 K/S -   8 536 bytes)
[19:30:20] - [3] VICTOR.POZEN: Début d'Upload de D:\kerberos.htx\jeu loren\SAV\FORMULAIRE SAV.TXT
[19:30:20] - [3] VICTOR.POZEN: Fichier Upload: D:\kerberos.htx\jeu loren\SAV\FORMULAIRE SAV.TXT (6,80 K/S -   6 965 bytes)
[19:30:20] - [4] VICTOR.POZEN: Début d'Upload de D:\kerberos.htx\jeu loren\SAV\FORMULAIRE SAV.rtf
[19:30:21] - [4] VICTOR.POZEN: Fichier Upload: D:\kerberos.htx\jeu loren\SAV\FORMULAIRE SAV.rtf (672,63 K/S -   688 778 bytes)
[19:30:21] - [3] VICTOR.POZEN: Début d'Upload de D:\kerberos.htx\jeu loren\SAV\images\DXDIAG 1.gif
[19:30:21] - [3] VICTOR.POZEN: Fichier Upload: D:\kerberos.htx\jeu loren\SAV\images\DXDIAG 1.gif (12,28 K/S -   12 578 bytes)
[19:30:21] - [4] VICTOR.POZEN: Début d'Upload de D:\kerberos.htx\jeu loren\SAV\images\DXDIAG son.gif
[19:30:21] - [4] VICTOR.POZEN: Fichier Upload: D:\kerberos.htx\jeu loren\SAV\images\DXDIAG son.gif (10,92 K/S -   11 177 bytes)
[19:30:21] - [3] VICTOR.POZEN: Début d'Upload de D:\kerberos.htx\jeu loren\SAV\images\DXDIAG video.gif
[19:30:21] - [3] VICTOR.POZEN: Fichier Upload: D:\kerberos.htx\jeu loren\SAV\images\DXDIAG video.gif (14,41 K/S -   14 751 bytes)
[19:30:21] - [4] VICTOR.POZEN: Début d'Upload de D:\kerberos.htx\jeu loren\SAV\images\Mindscape - SAV.gif
[19:30:21] - [4] VICTOR.POZEN: Fichier Upload: D:\kerberos.htx\jeu loren\SAV\images\Mindscape - SAV.gif (51,18 K/S -   52 407 bytes)
[19:30:21] - [3] VICTOR.POZEN: Début d'Upload de D:\kerberos.htx\jeu loren\SAV\images\Mindscape - SAV.jpg
[19:30:21] - [3] VICTOR.POZEN: Fichier Upload: D:\kerberos.htx\jeu loren\SAV\images\Mindscape - SAV.jpg (20,85 K/S -   21 351 bytes)
[19:30:21] - [4] VICTOR.POZEN: Début d'Upload de D:\kerberos.htx\jeu loren\SAV\images\Mindscape.jpg
[19:30:21] - [4] VICTOR.POZEN: Fichier Upload: D:\kerberos.htx\jeu loren\SAV\images\Mindscape.jpg (173,68 K/S -   177 845 bytes)
[19:30:22] - [3] VICTOR.POZEN: Début d'Upload de D:\kerberos.htx\jeu loren\SAV\images\Thumbs.db
[19:30:22] - [3] VICTOR.POZEN: Fichier Upload: D:\kerberos.htx\jeu loren\SAV\images\Thumbs.db (24,00 K/S -   24 576 bytes)
[19:30:22] - [3] VICTOR.POZEN: Début d'Upload de D:\kerberos.htx\jeu loren\SAV\Problemes commun.htm
[19:30:22] - [3] VICTOR.POZEN: Fichier Upload: D:\kerberos.htx\jeu loren\SAV\Problemes commun.htm (74,81 K/S -   76 604 bytes)
[19:30:22] - [4] VICTOR.POZEN: Début d'Upload de D:\kerberos.htx\jeu loren\SAV\patch\cdrom\safedisc.exe
[19:30:22] - [4] VICTOR.POZEN: Fichier Upload: D:\kerberos.htx\jeu loren\SAV\patch\cdrom\safedisc.exe (185,00 K/S -   189 440 bytes)
[19:30:22] - [3] VICTOR.POZEN: Début d'Upload de D:\kerberos.htx\jeu loren\SAV\Service Clients.rtf
[19:30:22] - [3] VICTOR.POZEN: Fichier Upload: D:\kerberos.htx\jeu loren\SAV\Service Clients.rtf (21,60 K/S -   22 118 bytes)
[19:30:22] - [4] VICTOR.POZEN: Début d'Upload de D:\kerberos.htx\jeu loren\setup.exe
[19:30:22] - [3] VICTOR.POZEN: Début d'Upload de D:\kerberos.htx\jeu loren\Temps_off.bmp
[19:30:22] - [3] VICTOR.POZEN: Fichier Upload: D:\kerberos.htx\jeu loren\Temps_off.bmp (3,95 K/S -   4 048 bytes)
[19:30:23] - [3] VICTOR.POZEN: Début d'Upload de D:\kerberos.htx\jeu loren\Temps_on.bmp
[19:30:23] - [3] VICTOR.POZEN: Fichier Upload: D:\kerberos.htx\jeu loren\Temps_on.bmp (8,34 K/S -   8 536 bytes)
[19:30:54] - [3] Client 90.6.48.176 Déconnecté (00:00:39 Min)
[19:31:01] - [4] VICTOR.POZEN: Fichier Upload: D:\kerberos.htx\jeu loren\setup.exe (2 631,40 K/S -  105 088 759 bytes)
[19:31:32] - [4] Client 90.6.48.176 Déconnecté (00:01:16 Min)
[19:42:34] - [2] VICTOR.POZEN: Répertoire en Cours: D:\kerberos.htx\exe\
[19:42:39] - [2] VICTOR.POZEN: Répertoire en Cours: D:\kerberos.htx\exe\pour.xp\
[19:42:49] - [5] Connecté à 90.6.48.176. Collecte du Nom d'utilisateur.
[19:42:49] - [5] Usager VICTOR.POZEN Connecté IP: 90.6.48.176
[19:42:49] - [5] VICTOR.POZEN: Répertoire en Cours: D:\kerberos.htx\
[19:42:49] - [5] VICTOR.POZEN: Début du Téléchargement de: D:\kerberos.htx\exe\pour.xp\VRMPOEM_FR.iso
[19:43:34] - [6] Connecté à 90.125.133.75. Collecte du Nom d'utilisateur.
[19:43:34] - [6] Usager VICTOR.POZEN Connecté IP: 90.125.133.75
[19:43:34] - [6] VICTOR.POZEN: Répertoire en Cours: D:\kerberos.htx\
[19:43:42] - [6] VICTOR.POZEN: Répertoire en Cours: D:\kerberos.htx\
[19:43:54] - [6] VICTOR.POZEN: Répertoire en Cours: D:\kerberos.htx\jeu loren\
[19:43:54] - [6] VICTOR.POZEN: Répertoire en Cours: D:\kerberos.htx\jeu loren\SAV\
[19:43:55] - [6] VICTOR.POZEN: Répertoire en Cours: D:\kerberos.htx\jeu loren\SAV\patch\
[19:43:55] - [6] VICTOR.POZEN: Répertoire en Cours: D:\kerberos.htx\jeu loren\SAV\patch\cdrom\
[19:43:56] - [6] VICTOR.POZEN: Répertoire en Cours: D:\kerberos.htx\jeu loren\SAV\images\
[19:43:56] - [6] VICTOR.POZEN: Répertoire en Cours: D:\kerberos.htx\jeu loren\Eautorun\
[19:43:57] - [6] VICTOR.POZEN: Répertoire en Cours: D:\kerberos.htx\jeu loren\Eautorun\Fr\
[19:43:57] - [7] Connecté à 90.125.133.75. Collecte du Nom d'utilisateur.
[19:43:57] - [8] Connecté à 90.125.133.75. Collecte du Nom d'utilisateur.
[19:43:57] - [8] Usager VICTOR.POZEN Connecté IP: 90.125.133.75
[19:43:57] - [8] VICTOR.POZEN: Répertoire en Cours: D:\kerberos.htx\
[19:43:57] - [7] Usager VICTOR.POZEN Connecté IP: 90.125.133.75
[19:43:57] - [7] VICTOR.POZEN: Répertoire en Cours: D:\kerberos.htx\
[19:43:58] - [8] VICTOR.POZEN: Début du Téléchargement de: D:\kerberos.htx\jeu loren\arcade_on.bmp
[19:43:58] - [7] VICTOR.POZEN: Début du Téléchargement de: D:\kerberos.htx\jeu loren\arcade_off.bmp
[19:43:58] - [7] VICTOR.POZEN: Fichier envoyé: D:\kerberos.htx\jeu loren\arcade_off.bmp (3,95 K/S -   4 048 bytes)
[19:43:58] - [8] VICTOR.POZEN: Fichier envoyé: D:\kerberos.htx\jeu loren\arcade_on.bmp (8,34 K/S -   8 536 bytes)
[19:43:58] - [8] VICTOR.POZEN: Début du Téléchargement de: D:\kerberos.htx\jeu loren\Autorun.exe
[19:43:58] - [7] VICTOR.POZEN: Début du Téléchargement de: D:\kerberos.htx\jeu loren\AUTORUN.INF
[19:43:58] - [7] VICTOR.POZEN: Fichier envoyé: D:\kerberos.htx\jeu loren\AUTORUN.INF (0,05 K/S -    48 bytes)
[19:43:59] - [7] VICTOR.POZEN: Début du Téléchargement de: D:\kerberos.htx\jeu loren\AUTORUN.INI
[19:43:59] - [7] VICTOR.POZEN: Fichier envoyé: D:\kerberos.htx\jeu loren\AUTORUN.INI (4,04 K/S -   4 141 bytes)
[19:43:59] - [7] VICTOR.POZEN: Début du Téléchargement de: D:\kerberos.htx\jeu loren\bouton_01_ROLLOFF.bmp
[19:43:59] - [7] VICTOR.POZEN: Fichier envoyé: D:\kerberos.htx\jeu loren\bouton_01_ROLLOFF.bmp (11,57 K/S -   11 848 bytes)
[19:44:00] - [7] VICTOR.POZEN: Début du Téléchargement de: D:\kerberos.htx\jeu loren\bouton_01_ROLLON.bmp
[19:44:01] - [7] VICTOR.POZEN: Fichier envoyé: D:\kerberos.htx\jeu loren\bouton_01_ROLLON.bmp (31,70 K/S -   32 456 bytes)
[19:44:01] - [7] VICTOR.POZEN: Début du Téléchargement de: D:\kerberos.htx\jeu loren\carte_off.bmp
[19:44:01] - [7] VICTOR.POZEN: Fichier envoyé: D:\kerberos.htx\jeu loren\carte_off.bmp (3,95 K/S -   4 048 bytes)
[19:44:01] - [7] VICTOR.POZEN: Début du Téléchargement de: D:\kerberos.htx\jeu loren\carte_on.bmp
[19:44:02] - [7] VICTOR.POZEN: Fichier envoyé: D:\kerberos.htx\jeu loren\carte_on.bmp (8,34 K/S -   8 536 bytes)
[19:44:02] - [7] VICTOR.POZEN: Début du Téléchargement de: D:\kerberos.htx\jeu loren\Eautorun.exe
[19:44:07] - [7] VICTOR.POZEN: Fichier envoyé: D:\kerberos.htx\jeu loren\Eautorun.exe (48,14 K/S -   246 480 bytes)
[19:44:07] - [7] VICTOR.POZEN: Début du Téléchargement de: D:\kerberos.htx\jeu loren\jeu2mots_off.bmp
[19:44:07] - [7] VICTOR.POZEN: Fichier envoyé: D:\kerberos.htx\jeu loren\jeu2mots_off.bmp (3,95 K/S -   4 048 bytes)
[19:44:08] - [7] VICTOR.POZEN: Début du Téléchargement de: D:\kerberos.htx\jeu loren\jeu2mots_on.bmp
[19:44:08] - [7] VICTOR.POZEN: Fichier envoyé: D:\kerberos.htx\jeu loren\jeu2mots_on.bmp (8,34 K/S -   8 536 bytes)
[19:44:08] - [7] VICTOR.POZEN: Début du Téléchargement de: D:\kerberos.htx\jeu loren\Mindscape.bmp
[19:44:35] - [7] VICTOR.POZEN: Fichier envoyé: D:\kerberos.htx\jeu loren\Mindscape.bmp (50,20 K/S -  1 336 392 bytes)
[19:44:35] - [7] VICTOR.POZEN: Début du Téléchargement de: D:\kerberos.htx\jeu loren\Objetcaches_off.bmp
[19:44:35] - [7] VICTOR.POZEN: Fichier envoyé: D:\kerberos.htx\jeu loren\Objetcaches_off.bmp (3,95 K/S -   4 048 bytes)
[19:44:36] - [7] VICTOR.POZEN: Début du Téléchargement de: D:\kerberos.htx\jeu loren\Objetcaches_on.bmp
[19:44:36] - [7] VICTOR.POZEN: Fichier envoyé: D:\kerberos.htx\jeu loren\Objetcaches_on.bmp (8,34 K/S -   8 536 bytes)
[19:44:36] - [7] VICTOR.POZEN: Début du Téléchargement de: D:\kerberos.htx\jeu loren\Puzzle_off.bmp
[19:44:36] - [7] VICTOR.POZEN: Fichier envoyé: D:\kerberos.htx\jeu loren\Puzzle_off.bmp (3,95 K/S -   4 048 bytes)
[19:44:37] - [7] VICTOR.POZEN: Début du Téléchargement de: D:\kerberos.htx\jeu loren\Puzzle_on.bmp
[19:44:37] - [7] VICTOR.POZEN: Fichier envoyé: D:\kerberos.htx\jeu loren\Puzzle_on.bmp (8,34 K/S -   8 536 bytes)
[19:44:37] - [7] VICTOR.POZEN: Début du Téléchargement de: D:\kerberos.htx\jeu loren\setup.exe
[19:44:47] - [8] VICTOR.POZEN: Fichier envoyé: D:\kerberos.htx\jeu loren\Autorun.exe (55,73 K/S -  2 796 291 bytes)
[19:44:47] - [8] VICTOR.POZEN: Début du Téléchargement de: D:\kerberos.htx\jeu loren\Temps_off.bmp
[19:44:47] - [8] VICTOR.POZEN: Fichier envoyé: D:\kerberos.htx\jeu loren\Temps_off.bmp (3,95 K/S -   4 048 bytes)
[19:44:48] - [8] VICTOR.POZEN: Début du Téléchargement de: D:\kerberos.htx\jeu loren\Temps_on.bmp
[19:44:48] - [8] VICTOR.POZEN: Fichier envoyé: D:\kerberos.htx\jeu loren\Temps_on.bmp (8,34 K/S -   8 536 bytes)
[19:44:48] - [8] VICTOR.POZEN: Début du Téléchargement de: D:\kerberos.htx\jeu loren\SAV\FORMULAIRE SAV.rtf
[19:45:02] - [8] VICTOR.POZEN: Fichier envoyé: D:\kerberos.htx\jeu loren\SAV\FORMULAIRE SAV.rtf (51,74 K/S -   688 778 bytes)
[19:45:02] - [8] VICTOR.POZEN: Début du Téléchargement de: D:\kerberos.htx\jeu loren\SAV\FORMULAIRE SAV.TXT
[19:45:02] - [8] VICTOR.POZEN: Fichier envoyé: D:\kerberos.htx\jeu loren\SAV\FORMULAIRE SAV.TXT (6,80 K/S -   6 965 bytes)
[19:45:03] - [8] VICTOR.POZEN: Début du Téléchargement de: D:\kerberos.htx\jeu loren\SAV\Problemes commun.htm
[19:45:05] - [8] VICTOR.POZEN: Fichier envoyé: D:\kerberos.htx\jeu loren\SAV\Problemes commun.htm (37,40 K/S -   76 604 bytes)
[19:45:05] - [8] VICTOR.POZEN: Début du Téléchargement de: D:\kerberos.htx\jeu loren\SAV\Service Clients.rtf
[19:45:05] - [8] VICTOR.POZEN: Fichier envoyé: D:\kerberos.htx\jeu loren\SAV\Service Clients.rtf (21,60 K/S -   22 118 bytes)
[19:45:06] - [8] VICTOR.POZEN: Début du Téléchargement de: D:\kerberos.htx\jeu loren\SAV\patch\cdrom\safedisc.exe
[19:45:10] - [8] VICTOR.POZEN: Fichier envoyé: D:\kerberos.htx\jeu loren\SAV\patch\cdrom\safedisc.exe (46,25 K/S -   189 440 bytes)
[19:45:10] - [8] VICTOR.POZEN: Début du Téléchargement de: D:\kerberos.htx\jeu loren\SAV\images\DXDIAG 1.gif
[19:45:11] - [8] VICTOR.POZEN: Fichier envoyé: D:\kerberos.htx\jeu loren\SAV\images\DXDIAG 1.gif (12,28 K/S -   12 578 bytes)
[19:45:11] - [8] VICTOR.POZEN: Début du Téléchargement de: D:\kerberos.htx\jeu loren\SAV\images\DXDIAG son.gif
[19:45:11] - [8] VICTOR.POZEN: Fichier envoyé: D:\kerberos.htx\jeu loren\SAV\images\DXDIAG son.gif (10,92 K/S -   11 177 bytes)
[19:45:12] - [8] VICTOR.POZEN: Début du Téléchargement de: D:\kerberos.htx\jeu loren\SAV\images\DXDIAG video.gif
[19:45:12] - [8] VICTOR.POZEN: Fichier envoyé: D:\kerberos.htx\jeu loren\SAV\images\DXDIAG video.gif (14,41 K/S -   14 751 bytes)
[19:45:12] - [8] VICTOR.POZEN: Début du Téléchargement de: D:\kerberos.htx\jeu loren\SAV\images\Mindscape - SAV.gif
[19:45:13] - [8] VICTOR.POZEN: Fichier envoyé: D:\kerberos.htx\jeu loren\SAV\images\Mindscape - SAV.gif (25,59 K/S -   52 407 bytes)
[19:45:14] - [8] VICTOR.POZEN: Début du Téléchargement de: D:\kerberos.htx\jeu loren\SAV\images\Mindscape - SAV.jpg
[19:45:14] - [8] VICTOR.POZEN: Fichier envoyé: D:\kerberos.htx\jeu loren\SAV\images\Mindscape - SAV.jpg (20,85 K/S -   21 351 bytes)
[19:45:15] - [8] VICTOR.POZEN: Début du Téléchargement de: D:\kerberos.htx\jeu loren\SAV\images\Mindscape.jpg
[19:45:18] - [8] VICTOR.POZEN: Fichier envoyé: D:\kerberos.htx\jeu loren\SAV\images\Mindscape.jpg (57,89 K/S -   177 845 bytes)
[19:45:18] - [8] VICTOR.POZEN: Début du Téléchargement de: D:\kerberos.htx\jeu loren\SAV\images\Thumbs.db
[19:45:19] - [8] VICTOR.POZEN: Fichier envoyé: D:\kerberos.htx\jeu loren\SAV\images\Thumbs.db (24,00 K/S -   24 576 bytes)
[19:45:20] - [8] VICTOR.POZEN: Début du Téléchargement de: D:\kerberos.htx\jeu loren\Eautorun\bottom1.gif
[19:45:20] - [8] VICTOR.POZEN: Fichier envoyé: D:\kerberos.htx\jeu loren\Eautorun\bottom1.gif (0,11 K/S -    108 bytes)
[19:45:20] - [8] VICTOR.POZEN: Début du Téléchargement de: D:\kerberos.htx\jeu loren\Eautorun\bottom2.gif
[19:45:20] - [8] VICTOR.POZEN: Fichier envoyé: D:\kerberos.htx\jeu loren\Eautorun\bottom2.gif (0,34 K/S -    351 bytes)
[19:45:21] - [8] VICTOR.POZEN: Début du Téléchargement de: D:\kerberos.htx\jeu loren\Eautorun\default.html
[19:45:21] - [8] VICTOR.POZEN: Fichier envoyé: D:\kerberos.htx\jeu loren\Eautorun\default.html (2,89 K/S -   2 956 bytes)
[19:45:21] - [8] VICTOR.POZEN: Début du Téléchargement de: D:\kerberos.htx\jeu loren\Eautorun\Ereg_122005.gif
[19:45:21] - [8] VICTOR.POZEN: Fichier envoyé: D:\kerberos.htx\jeu loren\Eautorun\Ereg_122005.gif (9,70 K/S -   9 930 bytes)
[19:45:22] - [8] VICTOR.POZEN: Début du Téléchargement de: D:\kerberos.htx\jeu loren\Eautorun\Ereg_topleft.gif
[19:45:22] - [8] VICTOR.POZEN: Fichier envoyé: D:\kerberos.htx\jeu loren\Eautorun\Ereg_topleft.gif (0,08 K/S -    79 bytes)
[19:45:22] - [8] VICTOR.POZEN: Début du Téléchargement de: D:\kerberos.htx\jeu loren\Eautorun\exclude.txt
[19:45:22] - [8] VICTOR.POZEN: Fichier envoyé: D:\kerberos.htx\jeu loren\Eautorun\exclude.txt (0,00 K/S -    2 bytes)
[19:45:23] - [8] VICTOR.POZEN: Début du Téléchargement de: D:\kerberos.htx\jeu loren\Eautorun\left.gif
[19:45:23] - [8] VICTOR.POZEN: Fichier envoyé: D:\kerberos.htx\jeu loren\Eautorun\left.gif (0,05 K/S -    54 bytes)
[19:45:23] - [8] VICTOR.POZEN: Début du Téléchargement de: D:\kerberos.htx\jeu loren\Eautorun\refnum.txt
[19:45:23] - [8] VICTOR.POZEN: Fichier envoyé: D:\kerberos.htx\jeu loren\Eautorun\refnum.txt (0,02 K/S -    25 bytes)
[19:45:24] - [8] VICTOR.POZEN: Début du Téléchargement de: D:\kerberos.htx\jeu loren\Eautorun\top.gif
[19:45:24] - [8] VICTOR.POZEN: Fichier envoyé: D:\kerberos.htx\jeu loren\Eautorun\top.gif (23,47 K/S -   24 037 bytes)
[19:45:25] - [8] VICTOR.POZEN: Début du Téléchargement de: D:\kerberos.htx\jeu loren\Eautorun\Fr\bottom1.gif
[19:45:25] - [8] VICTOR.POZEN: Fichier envoyé: D:\kerberos.htx\jeu loren\Eautorun\Fr\bottom1.gif (0,11 K/S -    108 bytes)
[19:45:25] - [8] VICTOR.POZEN: Début du Téléchargement de: D:\kerberos.htx\jeu loren\Eautorun\Fr\bottom2.gif
[19:45:25] - [8] VICTOR.POZEN: Fichier envoyé: D:\kerberos.htx\jeu loren\Eautorun\Fr\bottom2.gif (0,34 K/S -    351 bytes)
[19:45:26] - [8] VICTOR.POZEN: Début du Téléchargement de: D:\kerberos.htx\jeu loren\Eautorun\Fr\default.html
[19:45:26] - [8] VICTOR.POZEN: Fichier envoyé: D:\kerberos.htx\jeu loren\Eautorun\Fr\default.html (2,89 K/S -   2 956 bytes)
[19:45:26] - [8] VICTOR.POZEN: Début du Téléchargement de: D:\kerberos.htx\jeu loren\Eautorun\Fr\Ereg_122005.gif
[19:45:27] - [8] VICTOR.POZEN: Fichier envoyé: D:\kerberos.htx\jeu loren\Eautorun\Fr\Ereg_122005.gif (9,70 K/S -   9 930 bytes)
[19:45:27] - [8] VICTOR.POZEN: Début du Téléchargement de: D:\kerberos.htx\jeu loren\Eautorun\Fr\Ereg_topleft.gif
[19:45:27] - [8] VICTOR.POZEN: Fichier envoyé: D:\kerberos.htx\jeu loren\Eautorun\Fr\Ereg_topleft.gif (0,08 K/S -    79 bytes)
[19:45:28] - [8] VICTOR.POZEN: Début du Téléchargement de: D:\kerberos.htx\jeu loren\Eautorun\Fr\exclude.txt
[19:45:28] - [8] VICTOR.POZEN: Fichier envoyé: D:\kerberos.htx\jeu loren\Eautorun\Fr\exclude.txt (0,00 K/S -    2 bytes)
[19:45:28] - [8] VICTOR.POZEN: Début du Téléchargement de: D:\kerberos.htx\jeu loren\Eautorun\Fr\left.gif
[19:45:28] - [8] VICTOR.POZEN: Fichier envoyé: D:\kerberos.htx\jeu loren\Eautorun\Fr\left.gif (0,05 K/S -    54 bytes)
[19:45:29] - [8] VICTOR.POZEN: Début du Téléchargement de: D:\kerberos.htx\jeu loren\Eautorun\Fr\refnum.txt
[19:45:29] - [8] VICTOR.POZEN: Fichier envoyé: D:\kerberos.htx\jeu loren\Eautorun\Fr\refnum.txt (0,02 K/S -    25 bytes)
[19:45:29] - [8] VICTOR.POZEN: Début du Téléchargement de: D:\kerberos.htx\jeu loren\Eautorun\Fr\top.gif
[19:45:30] - [8] VICTOR.POZEN: Fichier envoyé: D:\kerberos.htx\jeu loren\Eautorun\Fr\top.gif (23,47 K/S -   24 037 bytes)
[19:46:01] - [8] Client 90.125.133.75 Déconnecté (00:02:04 Min)
[19:48:04] - [5] VICTOR.POZEN: Fichier envoyé: D:\kerberos.htx\exe\pour.xp\VRMPOEM_FR.iso (1 898,04 K/S -  612 231 168 bytes)
[19:48:35] - [5] Client 90.6.48.176 Déconnecté (00:05:46 Min)
[20:02:12] - [7] VICTOR.POZEN: Fichier envoyé: D:\kerberos.htx\jeu loren\setup.exe (97,18 K/S -  105 088 759 bytes)
[20:02:43] - [7] Client 90.125.133.75 Déconnecté (00:18:45 Min)
[20:03:32] - [6] Client 90.125.133.75 Déconnecté (00:19:57 Min)
[20:07:25] - [2] Client 90.6.48.176 Déconnecté (00:37:29 Min)
[20:09:10] - [9] Connecté à 90.6.48.176. Collecte du Nom d'utilisateur.
[20:09:10] - [9] Client 90.6.48.176 Déconnecté (00:00:00 Min)
[20:32:00] - [10] Connecté à 90.6.48.176. Collecte du Nom d'utilisateur.
[20:32:00] - [10] Usager ANONYMOUS Connecté IP: 90.6.48.176
[20:32:00] - [10] Mot de Passe Incorrect: Utilisateur ANONYMOUS IP: 90.6.48.176
[20:32:01] - [10] Client 90.6.48.176 Déconnecté (00:00:00 Min)
[20:32:01] - [11] Connecté à 90.6.48.176. Collecte du Nom d'utilisateur.
[20:32:02] - [11] Client 90.6.48.176 Déconnecté (00:00:01 Min)
