[07:07:53] - [23] Connecté à 107.170.236.77. Collecte du Nom d'utilisateur.
[07:08:03] - [23] Client 107.170.236.77 Déconnecté (00:00:09 Min)
[08:47:03] - [24] Connecté à 74.82.47.5. Collecte du Nom d'utilisateur.
[08:47:03] - [24] Client 74.82.47.5 Déconnecté (00:00:00 Min)
[09:49:49] - [25] Connecté à 80.82.70.118. Collecte du Nom d'utilisateur.
[09:50:20] - [25] Client 80.82.70.118 Déconnecté (00:00:30 Min)
[17:04:33] - [26] Connecté à 182.185.230.207. Collecte du Nom d'utilisateur.
[17:04:34] - [26] Authentification Incorrect: Utilisateur SERVER IP: 182.185.230.207
[17:04:34] - [26] Client 182.185.230.207 Déconnecté (00:00:00 Min)
[17:19:58] - [27] Connecté à 94.158.50.176. Collecte du Nom d'utilisateur.
[17:19:58] - [27] Authentification Incorrect: Utilisateur ADMIN IP: 94.158.50.176
[17:19:58] - [27] Client 94.158.50.176 Déconnecté (00:00:00 Min)
[17:59:23] - [28] Connecté à 192.168.0.1. Collecte du Nom d'utilisateur.
[17:59:23] - [28] Usager MIRKO.POZEN Connecté IP: 192.168.0.1
[17:59:23] - [28] MIRKO.POZEN: Répertoire en Cours: D:\kerberos.htx\
[17:59:23] - [28] MIRKO.POZEN: Répertoire en Cours: D:\kerberos.htx\
[17:59:26] - [28] Client 192.168.0.1 Déconnecté (00:00:02 Min)
[18:05:32] - [29] Connecté à 192.168.0.1. Collecte du Nom d'utilisateur.
[18:05:32] - [29] Usager MIRKO.POZEN Connecté IP: 192.168.0.1
[18:05:32] - [29] MIRKO.POZEN: Répertoire en Cours: D:\kerberos.htx\
[18:05:32] - [29] MIRKO.POZEN: Répertoire en Cours: D:\kerberos.htx\
[18:06:20] - [29] MIRKO.POZEN: Répertoire en Cours: D:\kerberos.htx\exe\
[18:07:06] - [30] Connecté à 192.168.0.1. Collecte du Nom d'utilisateur.
[18:07:06] - [30] Usager MIRKO.POZEN Connecté IP: 192.168.0.1
[18:07:06] - [30] MIRKO.POZEN: Répertoire en Cours: D:\kerberos.htx\
[18:07:06] - [30] MIRKO.POZEN: Répertoire en Cours: D:\kerberos.htx\exe\
[18:07:06] - [30] MIRKO.POZEN: Début du Téléchargement de: D:\kerberos.htx\exe\never10.exe
[18:07:06] - [30] MIRKO.POZEN: Fichier envoyé: D:\kerberos.htx\exe\never10.exe (82,98 K/S -   84 976 bytes)
[18:07:36] - [30] Client 192.168.0.1 Déconnecté (00:00:30 Min)
[18:07:44] - [31] Connecté à 192.168.0.1. Collecte du Nom d'utilisateur.
[18:07:44] - [31] Usager MIRKO.POZEN Connecté IP: 192.168.0.1
[18:07:44] - [31] MIRKO.POZEN: Répertoire en Cours: D:\kerberos.htx\
[18:07:44] - [31] MIRKO.POZEN: Répertoire en Cours: D:\kerberos.htx\exe\
[18:07:44] - [31] MIRKO.POZEN: Début du Téléchargement de: D:\kerberos.htx\exe\MaConfig_7_1_5_0.exe
[18:07:52] - [31] MIRKO.POZEN: Fichier envoyé: D:\kerberos.htx\exe\MaConfig_7_1_5_0.exe (675,32 K/S -  5 532 232 bytes)
[18:08:23] - [31] Client 192.168.0.1 Déconnecté (00:00:39 Min)
[18:13:05] - [32] Connecté à 192.168.0.1. Collecte du Nom d'utilisateur.
[18:13:05] - [32] Usager MIRKO.POZEN Connecté IP: 192.168.0.1
[18:13:05] - [32] MIRKO.POZEN: Répertoire en Cours: D:\kerberos.htx\
[18:13:05] - [32] MIRKO.POZEN: Répertoire en Cours: D:\kerberos.htx\exe\
[18:13:05] - [32] MIRKO.POZEN: Début du Téléchargement de: D:\kerberos.htx\exe\slimdrivers_2-3-0-1_fr_412744.exe
[18:13:08] - [32] MIRKO.POZEN: Fichier envoyé: D:\kerberos.htx\exe\slimdrivers_2-3-0-1_fr_412744.exe (479,36 K/S -   981 728 bytes)
[18:13:38] - [32] Client 192.168.0.1 Déconnecté (00:00:33 Min)
[21:32:43] - [33] Connecté à 196.52.43.65. Collecte du Nom d'utilisateur.
[21:33:14] - [33] Client 196.52.43.65 Déconnecté (00:00:30 Min)
[21:35:19] - [34] Connecté à 196.52.43.110. Collecte du Nom d'utilisateur.
[21:35:29] - [34] Client 196.52.43.110 Déconnecté (00:00:09 Min)
[21:56:44] - [29] MIRKO.POZEN: Répertoire en Cours: D:\kerberos.htx\exe\alex\
[21:56:47] - [29] MIRKO.POZEN: Répertoire en Cours: D:\kerberos.htx\exe\alex\ALEX\
[21:57:40] - [35] Connecté à 192.168.0.1. Collecte du Nom d'utilisateur.
[21:57:40] - [36] Connecté à 192.168.0.1. Collecte du Nom d'utilisateur.
[21:57:40] - [36] Usager MIRKO.POZEN Connecté IP: 192.168.0.1
[21:57:40] - [36] MIRKO.POZEN: Répertoire en Cours: D:\kerberos.htx\
[21:57:41] - [35] Usager MIRKO.POZEN Connecté IP: 192.168.0.1
[21:57:41] - [35] MIRKO.POZEN: Répertoire en Cours: D:\kerberos.htx\
[21:57:41] - [36] MIRKO.POZEN: Répertoire en Cours: D:\kerberos.htx\exe\alex\ALEX\
[21:57:41] - [36] MIRKO.POZEN: Début du Téléchargement de: D:\kerberos.htx\exe\alex\ALEX\TeamViewer.exe
[21:57:57] - [35] MIRKO.POZEN: Répertoire en Cours: D:\kerberos.htx\exe\alex\ALEX\
[21:57:57] - [35] MIRKO.POZEN: Début du Téléchargement de: D:\kerberos.htx\exe\alex\ALEX\setup.log
[21:57:57] - [35] MIRKO.POZEN: Fichier envoyé: D:\kerberos.htx\exe\alex\ALEX\setup.log (2,08 K/S -   2 126 bytes)
[21:57:57] - [35] MIRKO.POZEN: Début du Téléchargement de: D:\kerberos.htx\exe\alex\ALEX\TeamViewer_Resource_en.dll
[21:57:59] - [35] MIRKO.POZEN: Fichier envoyé: D:\kerberos.htx\exe\alex\ALEX\TeamViewer_Resource_en.dll (406,64 K/S -   832 808 bytes)
[21:57:59] - [35] MIRKO.POZEN: Début du Téléchargement de: D:\kerberos.htx\exe\alex\ALEX\uninstall.exe
[21:58:00] - [35] MIRKO.POZEN: Fichier envoyé: D:\kerberos.htx\exe\alex\ALEX\uninstall.exe (63,00 K/S -   64 512 bytes)
[21:58:01] - [36] MIRKO.POZEN: Fichier envoyé: D:\kerberos.htx\exe\alex\ALEX\TeamViewer.exe (91,07 K/S -  1 865 104 bytes)
[21:58:31] - [35] Client 192.168.0.1 Déconnecté (00:00:50 Min)
[21:58:32] - [36] Client 192.168.0.1 Déconnecté (00:00:51 Min)
[21:59:12] - [29] Client 192.168.0.1 Déconnecté (03:53:39 Min)
[23:01:30] - [37] Connecté à 192.168.0.1. Collecte du Nom d'utilisateur.
[23:01:30] - [37] Usager MIRKO.POZEN Connecté IP: 192.168.0.1
[23:01:30] - [37] MIRKO.POZEN: Répertoire en Cours: D:\kerberos.htx\
[23:01:31] - [37] MIRKO.POZEN: Répertoire en Cours: D:\kerberos.htx\
[23:01:45] - [37] MIRKO.POZEN: Répertoire en Cours: D:\kerberos.htx\exe\
[23:02:01] - [37] MIRKO.POZEN: Répertoire en Cours: D:\kerberos.htx\exe\aida32\
[23:02:01] - [38] Connecté à 192.168.0.1. Collecte du Nom d'utilisateur.
[23:02:01] - [39] Connecté à 192.168.0.1. Collecte du Nom d'utilisateur.
[23:02:01] - [38] Usager MIRKO.POZEN Connecté IP: 192.168.0.1
[23:02:01] - [38] MIRKO.POZEN: Répertoire en Cours: D:\kerberos.htx\
[23:02:01] - [39] Usager MIRKO.POZEN Connecté IP: 192.168.0.1
[23:02:01] - [39] MIRKO.POZEN: Répertoire en Cours: D:\kerberos.htx\
[23:02:01] - [38] MIRKO.POZEN: Répertoire en Cours: D:\kerberos.htx\exe\aida32\
[23:02:01] - [38] MIRKO.POZEN: Début du Téléchargement de: D:\kerberos.htx\exe\aida32\aida32.bin
[23:02:15] - [39] MIRKO.POZEN: Répertoire en Cours: D:\kerberos.htx\exe\aida32\
[23:02:15] - [39] MIRKO.POZEN: Début du Téléchargement de: D:\kerberos.htx\exe\aida32\aida-32_3-94-2_fr_11155.zip
[23:02:17] - [38] MIRKO.POZEN: Fichier envoyé: D:\kerberos.htx\exe\aida32\aida32.bin (65,94 K/S -  1 080 320 bytes)
[23:02:18] - [38] MIRKO.POZEN: Début du Téléchargement de: D:\kerberos.htx\exe\aida32\aida32.dat
[23:02:19] - [38] MIRKO.POZEN: Fichier envoyé: D:\kerberos.htx\exe\aida32\aida32.dat (429,09 K/S -   439 388 bytes)
[23:02:19] - [38] MIRKO.POZEN: Début du Téléchargement de: D:\kerberos.htx\exe\aida32\aida32.exe
[23:02:19] - [38] MIRKO.POZEN: Fichier envoyé: D:\kerberos.htx\exe\aida32\aida32.exe (14,50 K/S -   14 848 bytes)
[23:02:19] - [38] MIRKO.POZEN: Début du Téléchargement de: D:\kerberos.htx\exe\aida32\aida32.mem
[23:02:19] - [38] MIRKO.POZEN: Fichier envoyé: D:\kerberos.htx\exe\aida32\aida32.mem (2,44 K/S -   2 501 bytes)
[23:02:19] - [38] MIRKO.POZEN: Début du Téléchargement de: D:\kerberos.htx\exe\aida32\aida32.sa6
[23:02:19] - [38] MIRKO.POZEN: Fichier envoyé: D:\kerberos.htx\exe\aida32\aida32.sa6 (6,00 K/S -   6 144 bytes)
[23:02:20] - [38] MIRKO.POZEN: Début du Téléchargement de: D:\kerberos.htx\exe\aida32\aida32.si6
[23:02:20] - [38] MIRKO.POZEN: Fichier envoyé: D:\kerberos.htx\exe\aida32\aida32.si6 (9,00 K/S -   9 216 bytes)
[23:02:20] - [38] MIRKO.POZEN: Début du Téléchargement de: D:\kerberos.htx\exe\aida32\aida32.sys
[23:02:20] - [38] MIRKO.POZEN: Fichier envoyé: D:\kerberos.htx\exe\aida32\aida32.sys (3,50 K/S -   3 584 bytes)
[23:02:20] - [38] MIRKO.POZEN: Début du Téléchargement de: D:\kerberos.htx\exe\aida32\aida32.vxd
[23:02:20] - [38] MIRKO.POZEN: Fichier envoyé: D:\kerberos.htx\exe\aida32\aida32.vxd (7,06 K/S -   7 228 bytes)
[23:02:20] - [38] MIRKO.POZEN: Début du Téléchargement de: D:\kerberos.htx\exe\aida32\aida32.web
[23:02:21] - [38] MIRKO.POZEN: Fichier envoyé: D:\kerberos.htx\exe\aida32\aida32.web (5,84 K/S -   5 976 bytes)
[23:02:21] - [38] MIRKO.POZEN: Début du Téléchargement de: D:\kerberos.htx\exe\aida32\aidaplugin_diskbench.dll
[23:02:22] - [38] MIRKO.POZEN: Fichier envoyé: D:\kerberos.htx\exe\aida32\aidaplugin_diskbench.dll (200,50 K/S -   205 312 bytes)
[23:02:22] - [38] MIRKO.POZEN: Début du Téléchargement de: D:\kerberos.htx\exe\aida32\aidaplugin_monitordiag.dll
[23:02:23] - [38] MIRKO.POZEN: Fichier envoyé: D:\kerberos.htx\exe\aida32\aidaplugin_monitordiag.dll (182,00 K/S -   186 368 bytes)
[23:02:23] - [38] MIRKO.POZEN: Début du Téléchargement de: D:\kerberos.htx\exe\aida32\aidaplugin_netbench.dll
[23:02:24] - [39] MIRKO.POZEN: Fichier envoyé: D:\kerberos.htx\exe\aida32\aida-32_3-94-2_fr_11155.zip (353,37 K/S -  3 256 656 bytes)
[23:02:24] - [39] MIRKO.POZEN: Début du Téléchargement de: D:\kerberos.htx\exe\aida32\aida_directx.dll
[23:02:24] - [38] MIRKO.POZEN: Fichier envoyé: D:\kerberos.htx\exe\aida32\aidaplugin_netbench.dll (253,00 K/S -   259 072 bytes)
[23:02:24] - [39] MIRKO.POZEN: Fichier envoyé: D:\kerberos.htx\exe\aida32\aida_directx.dll (45,50 K/S -   46 592 bytes)
[23:02:24] - [38] MIRKO.POZEN: Début du Téléchargement de: D:\kerberos.htx\exe\aida32\aida_icons.dll
[23:02:24] - [39] MIRKO.POZEN: Début du Téléchargement de: D:\kerberos.htx\exe\aida32\aida_xpicons.dll
[23:02:25] - [38] MIRKO.POZEN: Fichier envoyé: D:\kerberos.htx\exe\aida32\aida_icons.dll (95,00 K/S -   97 280 bytes)
[23:02:25] - [38] MIRKO.POZEN: Début du Téléchargement de: D:\kerberos.htx\exe\aida32\al.lng
[23:02:25] - [39] MIRKO.POZEN: Fichier envoyé: D:\kerberos.htx\exe\aida32\aida_xpicons.dll (139,00 K/S -   142 336 bytes)
[23:02:25] - [39] MIRKO.POZEN: Début du Téléchargement de: D:\kerberos.htx\exe\aida32\bg.lng
[23:02:25] - [38] MIRKO.POZEN: Fichier envoyé: D:\kerberos.htx\exe\aida32\al.lng (75,28 K/S -   77 088 bytes)
[23:02:25] - [38] MIRKO.POZEN: Début du Téléchargement de: D:\kerberos.htx\exe\aida32\ca.lng
[23:02:25] - [39] MIRKO.POZEN: Fichier envoyé: D:\kerberos.htx\exe\aida32\bg.lng (74,07 K/S -   75 848 bytes)
[23:02:25] - [39] MIRKO.POZEN: Début du Téléchargement de: D:\kerberos.htx\exe\aida32\cn.lng
[23:02:25] - [38] MIRKO.POZEN: Fichier envoyé: D:\kerberos.htx\exe\aida32\ca.lng (78,61 K/S -   80 501 bytes)
[23:02:25] - [39] MIRKO.POZEN: Fichier envoyé: D:\kerberos.htx\exe\aida32\cn.lng (63,95 K/S -   65 483 bytes)
[23:02:25] - [38] MIRKO.POZEN: Début du Téléchargement de: D:\kerberos.htx\exe\aida32\cz.lng
[23:02:26] - [39] MIRKO.POZEN: Début du Téléchargement de: D:\kerberos.htx\exe\aida32\DB - Access.mdb
[23:02:26] - [38] MIRKO.POZEN: Fichier envoyé: D:\kerberos.htx\exe\aida32\cz.lng (71,27 K/S -   72 978 bytes)
[23:02:26] - [38] MIRKO.POZEN: Début du Téléchargement de: D:\kerberos.htx\exe\aida32\DB - Access97.mdb
[23:02:26] - [39] MIRKO.POZEN: Fichier envoyé: D:\kerberos.htx\exe\aida32\DB - Access.mdb (164,00 K/S -   167 936 bytes)
[23:02:26] - [38] MIRKO.POZEN: Fichier envoyé: D:\kerberos.htx\exe\aida32\DB - Access97.mdb (90,00 K/S -   92 160 bytes)
[23:02:26] - [39] MIRKO.POZEN: Début du Téléchargement de: D:\kerberos.htx\exe\aida32\DB - MySQL.sql
[23:02:26] - [39] MIRKO.POZEN: Fichier envoyé: D:\kerberos.htx\exe\aida32\DB - MySQL.sql (0,83 K/S -    853 bytes)
[23:02:26] - [38] MIRKO.POZEN: Début du Téléchargement de: D:\kerberos.htx\exe\aida32\DB - Oracle.sql
[23:02:26] - [38] MIRKO.POZEN: Fichier envoyé: D:\kerberos.htx\exe\aida32\DB - Oracle.sql (0,98 K/S -   1 001 bytes)
[23:02:26] - [39] MIRKO.POZEN: Début du Téléchargement de: D:\kerberos.htx\exe\aida32\DB - SQL Server.sql
[23:02:26] - [39] MIRKO.POZEN: Fichier envoyé: D:\kerberos.htx\exe\aida32\DB - SQL Server.sql (1,25 K/S -   1 275 bytes)
[23:02:26] - [38] MIRKO.POZEN: Début du Téléchargement de: D:\kerberos.htx\exe\aida32\de.lng
[23:02:26] - [39] MIRKO.POZEN: Début du Téléchargement de: D:\kerberos.htx\exe\aida32\dk.lng
[23:02:27] - [38] MIRKO.POZEN: Fichier envoyé: D:\kerberos.htx\exe\aida32\de.lng (73,16 K/S -   74 914 bytes)
[23:02:27] - [38] MIRKO.POZEN: Début du Téléchargement de: D:\kerberos.htx\exe\aida32\es.lng
[23:02:27] - [39] MIRKO.POZEN: Fichier envoyé: D:\kerberos.htx\exe\aida32\dk.lng (70,05 K/S -   71 732 bytes)
[23:02:27] - [39] MIRKO.POZEN: Début du Téléchargement de: D:\kerberos.htx\exe\aida32\fi.lng
[23:02:27] - [38] MIRKO.POZEN: Fichier envoyé: D:\kerberos.htx\exe\aida32\es.lng (78,84 K/S -   80 733 bytes)
[23:02:27] - [39] MIRKO.POZEN: Fichier envoyé: D:\kerberos.htx\exe\aida32\fi.lng (67,71 K/S -   69 338 bytes)
[23:02:27] - [39] MIRKO.POZEN: Début du Téléchargement de: D:\kerberos.htx\exe\aida32\fr.lng
[23:02:27] - [39] MIRKO.POZEN: Fichier envoyé: D:\kerberos.htx\exe\aida32\fr.lng (77,81 K/S -   79 678 bytes)
[23:02:27] - [38] MIRKO.POZEN: Début du Téléchargement de: D:\kerberos.htx\exe\aida32\gl.lng
[23:02:27] - [39] MIRKO.POZEN: Début du Téléchargement de: D:\kerberos.htx\exe\aida32\gr.lng
[23:02:28] - [38] MIRKO.POZEN: Fichier envoyé: D:\kerberos.htx\exe\aida32\gl.lng (77,11 K/S -   78 956 bytes)
[23:02:28] - [39] MIRKO.POZEN: Fichier envoyé: D:\kerberos.htx\exe\aida32\gr.lng (75,86 K/S -   77 678 bytes)
[23:02:28] - [38] MIRKO.POZEN: Début du Téléchargement de: D:\kerberos.htx\exe\aida32\hr.lng
[23:02:28] - [39] MIRKO.POZEN: Début du Téléchargement de: D:\kerberos.htx\exe\aida32\hu.lng
[23:02:28] - [38] MIRKO.POZEN: Fichier envoyé: D:\kerberos.htx\exe\aida32\hr.lng (73,75 K/S -   75 515 bytes)
[23:02:28] - [39] MIRKO.POZEN: Fichier envoyé: D:\kerberos.htx\exe\aida32\hu.lng (72,12 K/S -   73 853 bytes)
[23:02:28] - [38] MIRKO.POZEN: Début du Téléchargement de: D:\kerberos.htx\exe\aida32\it.lng
[23:02:28] - [39] MIRKO.POZEN: Début du Téléchargement de: D:\kerberos.htx\exe\aida32\jp.lng
[23:02:28] - [38] MIRKO.POZEN: Fichier envoyé: D:\kerberos.htx\exe\aida32\it.lng (76,48 K/S -   78 315 bytes)
[23:02:28] - [39] MIRKO.POZEN: Fichier envoyé: D:\kerberos.htx\exe\aida32\jp.lng (69,83 K/S -   71 501 bytes)
[23:02:28] - [38] MIRKO.POZEN: Début du Téléchargement de: D:\kerberos.htx\exe\aida32\kr.lng
[23:02:28] - [39] MIRKO.POZEN: Début du Téléchargement de: D:\kerberos.htx\exe\aida32\lt.lng
[23:02:29] - [38] MIRKO.POZEN: Fichier envoyé: D:\kerberos.htx\exe\aida32\kr.lng (62,83 K/S -   64 343 bytes)
[23:02:29] - [39] MIRKO.POZEN: Fichier envoyé: D:\kerberos.htx\exe\aida32\lt.lng (75,44 K/S -   77 253 bytes)
[23:02:29] - [38] MIRKO.POZEN: Début du Téléchargement de: D:\kerberos.htx\exe\aida32\lv.lng
[23:02:29] - [39] MIRKO.POZEN: Début du Téléchargement de: D:\kerberos.htx\exe\aida32\mk.lng
[23:02:29] - [38] MIRKO.POZEN: Fichier envoyé: D:\kerberos.htx\exe\aida32\lv.lng (72,05 K/S -   73 779 bytes)
[23:02:29] - [39] MIRKO.POZEN: Fichier envoyé: D:\kerberos.htx\exe\aida32\mk.lng (77,10 K/S -   78 946 bytes)
[23:02:29] - [38] MIRKO.POZEN: Début du Téléchargement de: D:\kerberos.htx\exe\aida32\nl.lng
[23:02:29] - [39] MIRKO.POZEN: Début du Téléchargement de: D:\kerberos.htx\exe\aida32\no.lng
[23:02:29] - [38] MIRKO.POZEN: Fichier envoyé: D:\kerberos.htx\exe\aida32\nl.lng (72,19 K/S -   73 926 bytes)
[23:02:29] - [39] MIRKO.POZEN: Fichier envoyé: D:\kerberos.htx\exe\aida32\no.lng (70,05 K/S -   71 733 bytes)
[23:02:29] - [38] MIRKO.POZEN: Début du Téléchargement de: D:\kerberos.htx\exe\aida32\pl.lng
[23:02:29] - [39] MIRKO.POZEN: Début du Téléchargement de: D:\kerberos.htx\exe\aida32\pt.lng
[23:02:30] - [38] MIRKO.POZEN: Fichier envoyé: D:\kerberos.htx\exe\aida32\pl.lng (77,32 K/S -   79 179 bytes)
[23:02:30] - [39] MIRKO.POZEN: Fichier envoyé: D:\kerberos.htx\exe\aida32\pt.lng (76,79 K/S -   78 637 bytes)
[23:02:30] - [38] MIRKO.POZEN: Début du Téléchargement de: D:\kerberos.htx\exe\aida32\ro.lng
[23:02:30] - [39] MIRKO.POZEN: Début du Téléchargement de: D:\kerberos.htx\exe\aida32\ru.lng
[23:02:30] - [38] MIRKO.POZEN: Fichier envoyé: D:\kerberos.htx\exe\aida32\ro.lng (74,46 K/S -   76 242 bytes)
[23:02:30] - [39] MIRKO.POZEN: Fichier envoyé: D:\kerberos.htx\exe\aida32\ru.lng (72,42 K/S -   74 159 bytes)
[23:02:30] - [38] MIRKO.POZEN: Début du Téléchargement de: D:\kerberos.htx\exe\aida32\se.lng
[23:02:30] - [39] MIRKO.POZEN: Début du Téléchargement de: D:\kerberos.htx\exe\aida32\si.lng
[23:02:30] - [38] MIRKO.POZEN: Fichier envoyé: D:\kerberos.htx\exe\aida32\se.lng (71,47 K/S -   73 185 bytes)
[23:02:30] - [39] MIRKO.POZEN: Fichier envoyé: D:\kerberos.htx\exe\aida32\si.lng (71,12 K/S -   72 827 bytes)
[23:02:30] - [38] MIRKO.POZEN: Début du Téléchargement de: D:\kerberos.htx\exe\aida32\sk.lng
[23:02:30] - [39] MIRKO.POZEN: Début du Téléchargement de: D:\kerberos.htx\exe\aida32\sr.lng
[23:02:31] - [38] MIRKO.POZEN: Fichier envoyé: D:\kerberos.htx\exe\aida32\sk.lng (71,81 K/S -   73 534 bytes)
[23:02:31] - [39] MIRKO.POZEN: Fichier envoyé: D:\kerberos.htx\exe\aida32\sr.lng (72,18 K/S -   73 908 bytes)
[23:02:31] - [38] MIRKO.POZEN: Début du Téléchargement de: D:\kerberos.htx\exe\aida32\tr.lng
[23:02:31] - [39] MIRKO.POZEN: Début du Téléchargement de: D:\kerberos.htx\exe\aida32\tw.lng
[23:02:31] - [38] MIRKO.POZEN: Fichier envoyé: D:\kerberos.htx\exe\aida32\tr.lng (70,43 K/S -   72 116 bytes)
[23:02:31] - [39] MIRKO.POZEN: Fichier envoyé: D:\kerberos.htx\exe\aida32\tw.lng (58,35 K/S -   59 753 bytes)
[23:02:31] - [38] MIRKO.POZEN: Début du Téléchargement de: D:\kerberos.htx\exe\aida32\ua.lng
[23:02:31] - [38] MIRKO.POZEN: Fichier envoyé: D:\kerberos.htx\exe\aida32\ua.lng (71,79 K/S -   73 513 bytes)
[23:03:03] - [38] Client 192.168.0.1 Déconnecté (00:01:01 Min)
[23:03:03] - [39] Client 192.168.0.1 Déconnecté (00:01:01 Min)
[23:06:43] - [40] Connecté à 192.168.0.1. Collecte du Nom d'utilisateur.
[23:06:43] - [40] Usager MIRKO.POZEN Connecté IP: 192.168.0.1
[23:06:43] - [40] MIRKO.POZEN: Répertoire en Cours: D:\kerberos.htx\
[23:06:43] - [40] MIRKO.POZEN: Répertoire en Cours: D:\kerberos.htx\exe\
[23:06:43] - [40] MIRKO.POZEN: Début du Téléchargement de: D:\kerberos.htx\exe\ClassicShellSetup_4_2_5.exe
[23:06:54] - [40] MIRKO.POZEN: Fichier envoyé: D:\kerberos.htx\exe\ClassicShellSetup_4_2_5.exe (680,47 K/S -  6 968 048 bytes)
[23:07:24] - [40] Client 192.168.0.1 Déconnecté (00:00:41 Min)
[23:17:55] - [37] MIRKO.POZEN: Répertoire en Cours: D:\kerberos.htx\
[23:17:55] - [37] MIRKO.POZEN: Répertoire en Cours: D:\kerberos.htx\rar\
[23:18:07] - [41] Connecté à 192.168.0.1. Collecte du Nom d'utilisateur.
[23:18:07] - [41] Usager MIRKO.POZEN Connecté IP: 192.168.0.1
[23:18:07] - [41] MIRKO.POZEN: Répertoire en Cours: D:\kerberos.htx\
[23:18:07] - [41] MIRKO.POZEN: Répertoire en Cours: D:\kerberos.htx\rar\
[23:18:07] - [41] MIRKO.POZEN: Début du Téléchargement de: D:\kerberos.htx\rar\EVEREST.Ultimate.Edition v.5.50.2253+Keygen.rar
[23:18:22] - [41] MIRKO.POZEN: Fichier envoyé: D:\kerberos.htx\rar\EVEREST.Ultimate.Edition v.5.50.2253+Keygen.rar (710,75 K/S -  10 917 114 bytes)
[23:18:27] - [41] MIRKO.POZEN: Répertoire en Cours: D:\kerberos.htx\exe\
[23:18:27] - [41] MIRKO.POZEN: Début du Téléchargement de: D:\kerberos.htx\exe\winrar.exe
[23:18:33] - [41] MIRKO.POZEN: Fichier envoyé: D:\kerberos.htx\exe\winrar.exe (511,99 K/S -  2 621 400 bytes)
[23:19:03] - [41] Client 192.168.0.1 Déconnecté (00:00:56 Min)
[23:24:23] - [37] Client 192.168.0.1 Déconnecté (00:22:52 Min)
