[17:38:31] - Serveur Démarré
[17:38:31] - FTP Port: 21
[18:00:53] - [1] Connecté à 86.235.162.42. Collecte du Nom d'utilisateur.
[18:00:53] - [1] Usager MIRKO.POZEN Connecté IP: 86.235.162.42
[18:00:53] - [1] MIRKO.POZEN: Répertoire en Cours: D:\kerberos.htx\
[18:00:53] - [1] MIRKO.POZEN: Répertoire en Cours: D:\kerberos.htx\
[18:01:02] - [1] MIRKO.POZEN: Répertoire en Cours: D:\kerberos.htx\exe\
[18:01:40] - [2] Connecté à 86.235.162.42. Collecte du Nom d'utilisateur.
[18:01:40] - [2] Usager MIRKO.POZEN Connecté IP: 86.235.162.42
[18:01:40] - [2] MIRKO.POZEN: Répertoire en Cours: D:\kerberos.htx\
[18:01:40] - [2] MIRKO.POZEN: Répertoire en Cours: D:\kerberos.htx\exe\
[18:01:40] - [2] MIRKO.POZEN: Début du Téléchargement de: D:\kerberos.htx\exe\slimdrivers_2-3-0-1_fr_412744.exe
[18:01:52] - [2] MIRKO.POZEN: Fichier envoyé: D:\kerberos.htx\exe\slimdrivers_2-3-0-1_fr_412744.exe (87,16 K/S -   981 728 bytes)
[18:02:22] - [2] Client 86.235.162.42 Déconnecté (00:00:42 Min)
[18:03:54] - [1] Client 86.235.162.42 Déconnecté (00:03:01 Min)
[18:12:47] - [3] Connecté à 86.235.162.42. Collecte du Nom d'utilisateur.
[18:12:47] - [3] Usager MIRKO.POZEN Connecté IP: 86.235.162.42
[18:12:47] - [3] MIRKO.POZEN: Répertoire en Cours: D:\kerberos.htx\
[18:12:47] - [3] MIRKO.POZEN: Répertoire en Cours: D:\kerberos.htx\
[18:12:50] - [3] MIRKO.POZEN: Répertoire en Cours: D:\kerberos.htx\exe\
[18:13:42] - [4] Connecté à 86.235.162.42. Collecte du Nom d'utilisateur.
[18:13:42] - [4] Usager MIRKO.POZEN Connecté IP: 86.235.162.42
[18:13:42] - [4] MIRKO.POZEN: Répertoire en Cours: D:\kerberos.htx\
[18:13:42] - [4] MIRKO.POZEN: Répertoire en Cours: D:\kerberos.htx\exe\
[18:13:42] - [4] MIRKO.POZEN: Début du Téléchargement de: D:\kerberos.htx\exe\cdburnerxp_4-5-4-5143_fr_18424.exe
[18:14:38] - [4] MIRKO.POZEN: Fichier envoyé: D:\kerberos.htx\exe\cdburnerxp_4-5-4-5143_fr_18424.exe (98,26 K/S -  5 634 808 bytes)
[18:15:09] - [4] Client 86.235.162.42 Déconnecté (00:01:27 Min)
[18:31:29] - [3] Client 86.235.162.42 Déconnecté (00:18:42 Min)
[19:38:38] - [5] Connecté à 86.235.162.42. Collecte du Nom d'utilisateur.
[19:38:38] - [5] Usager MIRKO.POZEN Connecté IP: 86.235.162.42
[19:38:38] - [5] MIRKO.POZEN: Répertoire en Cours: D:\kerberos.htx\
[19:38:38] - [5] MIRKO.POZEN: Répertoire en Cours: D:\kerberos.htx\
[19:39:18] - [5] MIRKO.POZEN: Répertoire en Cours: D:\kerberos.htx\bacup val\
[19:39:25] - [5] MIRKO.POZEN: Fichier Effacé : D:\kerberos.htx\bacup val\Setup_FreeAudioExtractor.exe
[19:39:57] - [5] MIRKO.POZEN: Répertoire en Cours: D:\kerberos.htx\bacup val\val images\
[19:40:08] - [5] MIRKO.POZEN: Répertoire en Cours: D:\kerberos.htx\bacup val\
[19:40:08] - [5] MIRKO.POZEN: Répertoire en Cours: D:\kerberos.htx\bacup val\img val\
[19:40:25] - [5] MIRKO.POZEN: Répertoire en Cours: D:\kerberos.htx\bacup val\img val\
[19:40:25] - [5] MIRKO.POZEN: Nouveau Répertoire: D:\kerberos.htx\bacup val\img val\1
[19:40:25] - [5] MIRKO.POZEN: Répertoire en Cours: D:\kerberos.htx\bacup val\img val\
[19:40:25] - [6] Connecté à 86.235.162.42. Collecte du Nom d'utilisateur.
[19:40:25] - [7] Connecté à 86.235.162.42. Collecte du Nom d'utilisateur.
[19:40:25] - [5] MIRKO.POZEN: Nouveau Répertoire: D:\kerberos.htx\bacup val\img val\1
[19:40:25] - [6] Usager MIRKO.POZEN Connecté IP: 86.235.162.42
[19:40:25] - [6] MIRKO.POZEN: Répertoire en Cours: D:\kerberos.htx\
[19:40:25] - [5] MIRKO.POZEN: Répertoire en Cours: D:\kerberos.htx\bacup val\img val\1\
[19:40:25] - [7] Usager MIRKO.POZEN Connecté IP: 86.235.162.42
[19:40:25] - [7] MIRKO.POZEN: Répertoire en Cours: D:\kerberos.htx\
[19:40:25] - [5] MIRKO.POZEN: Nouveau Répertoire: D:\kerberos.htx\bacup val\img val\1\diaporama
[19:40:26] - [5] MIRKO.POZEN: Répertoire en Cours: D:\kerberos.htx\bacup val\img val\1\
[19:40:26] - [6] MIRKO.POZEN: Répertoire en Cours: D:\kerberos.htx\bacup val\img val\1\
[19:40:26] - [5] MIRKO.POZEN: Nouveau Répertoire: D:\kerberos.htx\bacup val\img val\1\diaporama
[19:40:26] - [7] MIRKO.POZEN: Répertoire en Cours: D:\kerberos.htx\bacup val\img val\1\diaporama\
[19:40:26] - [5] MIRKO.POZEN: Répertoire en Cours: D:\kerberos.htx\bacup val\img val\1\
[19:40:26] - [5] MIRKO.POZEN: Nouveau Répertoire: D:\kerberos.htx\bacup val\img val\1\morceau ok
[19:40:26] - [6] MIRKO.POZEN: Début d'Upload de D:\kerberos.htx\bacup val\img val\1\Adieu tristesse - YouTube (360p).mp4
[19:40:26] - [5] MIRKO.POZEN: Répertoire en Cours: D:\kerberos.htx\bacup val\img val\1\
[19:40:26] - [5] MIRKO.POZEN: Nouveau Répertoire: D:\kerberos.htx\bacup val\img val\1\morceau ok
[19:40:26] - [5] MIRKO.POZEN: Répertoire en Cours: D:\kerberos.htx\bacup val\img val\1\morceau ok\
[19:40:26] - [5] MIRKO.POZEN: Nouveau Répertoire: D:\kerberos.htx\bacup val\img val\1\morceau ok\morceau ok retoucher
[19:40:26] - [5] MIRKO.POZEN: Répertoire en Cours: D:\kerberos.htx\bacup val\img val\1\morceau ok\
[19:40:26] - [5] MIRKO.POZEN: Nouveau Répertoire: D:\kerberos.htx\bacup val\img val\1\morceau ok\morceau ok retoucher
[19:40:26] - [5] MIRKO.POZEN: Répertoire en Cours: D:\kerberos.htx\bacup val\img val\1\
[19:40:26] - [5] MIRKO.POZEN: Nouveau Répertoire: D:\kerberos.htx\bacup val\img val\1\mp3
[19:40:26] - [5] MIRKO.POZEN: Répertoire en Cours: D:\kerberos.htx\bacup val\img val\1\
[19:40:26] - [7] MIRKO.POZEN: Début d'Upload de D:\kerberos.htx\bacup val\img val\1\diaporama\1 - Copie.jpg
[19:40:26] - [5] MIRKO.POZEN: Nouveau Répertoire: D:\kerberos.htx\bacup val\img val\1\mp3
[19:40:26] - [5] MIRKO.POZEN: Répertoire en Cours: D:\kerberos.htx\bacup val\img val\1\mp3\
[19:40:26] - [5] MIRKO.POZEN: Nouveau Répertoire: D:\kerberos.htx\bacup val\img val\1\mp3\mp3
[19:40:26] - [5] MIRKO.POZEN: Répertoire en Cours: D:\kerberos.htx\bacup val\img val\1\mp3\
[19:40:26] - [7] MIRKO.POZEN: Fichier Upload: D:\kerberos.htx\bacup val\img val\1\diaporama\1 - Copie.jpg (46,72 K/S -   47 838 bytes)
[19:40:27] - [5] MIRKO.POZEN: Nouveau Répertoire: D:\kerberos.htx\bacup val\img val\1\mp3\mp3
[19:40:27] - [5] MIRKO.POZEN: Répertoire en Cours: D:\kerberos.htx\bacup val\img val\1\
[19:40:27] - [5] MIRKO.POZEN: Nouveau Répertoire: D:\kerberos.htx\bacup val\img val\1\val
[19:40:27] - [7] MIRKO.POZEN: Début d'Upload de D:\kerberos.htx\bacup val\img val\1\diaporama\1.jpg
[19:40:27] - [5] MIRKO.POZEN: Répertoire en Cours: D:\kerberos.htx\bacup val\img val\1\
[19:40:27] - [5] MIRKO.POZEN: Nouveau Répertoire: D:\kerberos.htx\bacup val\img val\1\val
[19:40:27] - [5] MIRKO.POZEN: Répertoire en Cours: D:\kerberos.htx\bacup val\img val\1\val\
[19:40:27] - [5] MIRKO.POZEN: Nouveau Répertoire: D:\kerberos.htx\bacup val\img val\1\val\img val
[19:40:27] - [7] MIRKO.POZEN: Fichier Upload: D:\kerberos.htx\bacup val\img val\1\diaporama\1.jpg (46,72 K/S -   47 838 bytes)
[19:40:27] - [5] MIRKO.POZEN: Répertoire en Cours: D:\kerberos.htx\bacup val\img val\1\val\
[19:40:27] - [5] MIRKO.POZEN: Nouveau Répertoire: D:\kerberos.htx\bacup val\img val\1\val\img val
[19:40:27] - [5] MIRKO.POZEN: Répertoire en Cours: D:\kerberos.htx\bacup val\img val\1\val\img val\
[19:40:27] - [7] MIRKO.POZEN: Début d'Upload de D:\kerberos.htx\bacup val\img val\1\diaporama\10 - Copie.JPG
[19:40:27] - [5] MIRKO.POZEN: Nouveau Répertoire: D:\kerberos.htx\bacup val\img val\1\val\img val\diaporama
[19:40:27] - [5] MIRKO.POZEN: Répertoire en Cours: D:\kerberos.htx\bacup val\img val\1\val\img val\
[19:40:27] - [5] MIRKO.POZEN: Nouveau Répertoire: D:\kerberos.htx\bacup val\img val\1\val\img val\diaporama
[19:40:27] - [5] MIRKO.POZEN: Répertoire en Cours: D:\kerberos.htx\bacup val\img val\1\val\img val\
[19:40:27] - [5] MIRKO.POZEN: Nouveau Répertoire: D:\kerberos.htx\bacup val\img val\1\val\img val\loren
[19:40:28] - [5] MIRKO.POZEN: Répertoire en Cours: D:\kerberos.htx\bacup val\img val\1\val\img val\
[19:40:28] - [5] MIRKO.POZEN: Nouveau Répertoire: D:\kerberos.htx\bacup val\img val\1\val\img val\loren
[19:40:28] - [5] MIRKO.POZEN: Répertoire en Cours: D:\kerberos.htx\bacup val\img val\1\val\img val\
[19:40:28] - [5] MIRKO.POZEN: Nouveau Répertoire: D:\kerberos.htx\bacup val\img val\1\val\img val\val kokine
[19:40:28] - [5] MIRKO.POZEN: Répertoire en Cours: D:\kerberos.htx\bacup val\img val\1\val\img val\
[19:40:28] - [5] MIRKO.POZEN: Nouveau Répertoire: D:\kerberos.htx\bacup val\img val\1\val\img val\val kokine
[19:40:29] - [7] MIRKO.POZEN: Fichier Upload: D:\kerberos.htx\bacup val\img val\1\diaporama\10 - Copie.JPG (451,03 K/S -  1 385 552 bytes)
[19:40:30] - [7] MIRKO.POZEN: Début d'Upload de D:\kerberos.htx\bacup val\img val\1\diaporama\10.JPG
[19:40:31] - [7] MIRKO.POZEN: Fichier Upload: D:\kerberos.htx\bacup val\img val\1\diaporama\10.JPG (676,54 K/S -  1 385 552 bytes)
[19:40:32] - [7] MIRKO.POZEN: Début d'Upload de D:\kerberos.htx\bacup val\img val\1\diaporama\11 - Copie.JPG
[19:40:32] - [6] MIRKO.POZEN: Fichier Upload: D:\kerberos.htx\bacup val\img val\1\Adieu tristesse - YouTube (360p).mp4 (939,90 K/S -  5 774 723 bytes)
[19:40:32] - [6] MIRKO.POZEN: Répertoire en Cours: D:\kerberos.htx\bacup val\img val\1\diaporama\
[19:40:32] - [6] MIRKO.POZEN: Début d'Upload de D:\kerberos.htx\bacup val\img val\1\diaporama\11.JPG
[19:40:34] - [6] MIRKO.POZEN: Fichier Upload: D:\kerberos.htx\bacup val\img val\1\diaporama\11.JPG (741,09 K/S -  1 517 746 bytes)
[19:40:34] - [7] MIRKO.POZEN: Fichier Upload: D:\kerberos.htx\bacup val\img val\1\diaporama\11 - Copie.JPG (741,09 K/S -  1 517 746 bytes)
[19:40:34] - [6] MIRKO.POZEN: Début d'Upload de D:\kerberos.htx\bacup val\img val\1\diaporama\12 - Copie.JPG
[19:40:34] - [7] MIRKO.POZEN: Début d'Upload de D:\kerberos.htx\bacup val\img val\1\diaporama\12.JPG
[19:40:36] - [6] MIRKO.POZEN: Fichier Upload: D:\kerberos.htx\bacup val\img val\1\diaporama\12 - Copie.JPG (686,36 K/S -  1 405 671 bytes)
[19:40:36] - [7] MIRKO.POZEN: Fichier Upload: D:\kerberos.htx\bacup val\img val\1\diaporama\12.JPG (686,36 K/S -  1 405 671 bytes)
[19:40:36] - [6] MIRKO.POZEN: Début d'Upload de D:\kerberos.htx\bacup val\img val\1\diaporama\12108911_10206405406866718_5448503062245100685_n.jpg
[19:40:36] - [7] MIRKO.POZEN: Début d'Upload de D:\kerberos.htx\bacup val\img val\1\diaporama\13.JPG
[19:40:36] - [6] MIRKO.POZEN: Fichier Upload: D:\kerberos.htx\bacup val\img val\1\diaporama\12108911_10206405406866718_5448503062245100685_n.jpg (87,44 K/S -   89 539 bytes)
[19:40:36] - [6] MIRKO.POZEN: Début d'Upload de D:\kerberos.htx\bacup val\img val\1\diaporama\14.JPG
[19:40:37] - [7] MIRKO.POZEN: Fichier Upload: D:\kerberos.htx\bacup val\img val\1\diaporama\13.JPG (1 376,80 K/S -  1 409 873 bytes)
[19:40:37] - [7] MIRKO.POZEN: Début d'Upload de D:\kerberos.htx\bacup val\img val\1\diaporama\15.JPG
[19:40:39] - [6] MIRKO.POZEN: Fichier Upload: D:\kerberos.htx\bacup val\img val\1\diaporama\14.JPG (709,29 K/S -  1 452 621 bytes)
[19:40:39] - [6] MIRKO.POZEN: Début d'Upload de D:\kerberos.htx\bacup val\img val\1\diaporama\16.JPG
[19:40:39] - [7] MIRKO.POZEN: Fichier Upload: D:\kerberos.htx\bacup val\img val\1\diaporama\15.JPG (1 423,40 K/S -  1 457 610 bytes)
[19:40:39] - [7] MIRKO.POZEN: Début d'Upload de D:\kerberos.htx\bacup val\img val\1\diaporama\17.JPG
[19:40:40] - [6] MIRKO.POZEN: Fichier Upload: D:\kerberos.htx\bacup val\img val\1\diaporama\16.JPG (687,84 K/S -  1 408 703 bytes)
[19:40:41] - [6] MIRKO.POZEN: Début d'Upload de D:\kerberos.htx\bacup val\img val\1\diaporama\18.1.JPG
[19:40:41] - [7] MIRKO.POZEN: Fichier Upload: D:\kerberos.htx\bacup val\img val\1\diaporama\17.JPG (647,99 K/S -  1 327 088 bytes)
[19:40:41] - [7] MIRKO.POZEN: Début d'Upload de D:\kerberos.htx\bacup val\img val\1\diaporama\18.JPG
[19:40:42] - [6] MIRKO.POZEN: Fichier Upload: D:\kerberos.htx\bacup val\img val\1\diaporama\18.1.JPG (1 443,40 K/S -  1 478 005 bytes)
[19:40:42] - [6] MIRKO.POZEN: Début d'Upload de D:\kerberos.htx\bacup val\img val\1\diaporama\19.1.JPG
[19:40:43] - [7] MIRKO.POZEN: Fichier Upload: D:\kerberos.htx\bacup val\img val\1\diaporama\18.JPG (716,53 K/S -  1 467 448 bytes)
[19:40:43] - [7] MIRKO.POZEN: Début d'Upload de D:\kerberos.htx\bacup val\img val\1\diaporama\2 - Copie.JPG
[19:40:44] - [6] MIRKO.POZEN: Fichier Upload: D:\kerberos.htx\bacup val\img val\1\diaporama\19.1.JPG (705,50 K/S -  1 444 867 bytes)
[19:40:44] - [6] MIRKO.POZEN: Début d'Upload de D:\kerberos.htx\bacup val\img val\1\diaporama\2.JPG
[19:40:45] - [7] MIRKO.POZEN: Fichier Upload: D:\kerberos.htx\bacup val\img val\1\diaporama\2 - Copie.JPG (1 470,40 K/S -  1 505 648 bytes)
[19:40:45] - [7] MIRKO.POZEN: Début d'Upload de D:\kerberos.htx\bacup val\img val\1\diaporama\20.JPG
[19:40:46] - [6] MIRKO.POZEN: Fichier Upload: D:\kerberos.htx\bacup val\img val\1\diaporama\2.JPG (1 470,40 K/S -  1 505 648 bytes)
[19:40:46] - [6] MIRKO.POZEN: Début d'Upload de D:\kerberos.htx\bacup val\img val\1\diaporama\2004 05 16 Gardon_1.jpg
[19:40:46] - [6] MIRKO.POZEN: Fichier Upload: D:\kerberos.htx\bacup val\img val\1\diaporama\2004 05 16 Gardon_1.jpg (54,10 K/S -   55 397 bytes)
[19:40:47] - [6] MIRKO.POZEN: Début d'Upload de D:\kerberos.htx\bacup val\img val\1\diaporama\21.JPG
[19:40:47] - [7] MIRKO.POZEN: Fichier Upload: D:\kerberos.htx\bacup val\img val\1\diaporama\20.JPG (1 450,40 K/S -  1 485 233 bytes)
[19:40:47] - [7] MIRKO.POZEN: Début d'Upload de D:\kerberos.htx\bacup val\img val\1\diaporama\22.JPG
[19:40:48] - [6] MIRKO.POZEN: Fichier Upload: D:\kerberos.htx\bacup val\img val\1\diaporama\21.JPG (1 450,40 K/S -  1 485 233 bytes)
[19:40:48] - [6] MIRKO.POZEN: Début d'Upload de D:\kerberos.htx\bacup val\img val\1\diaporama\23.JPG
[19:40:49] - [7] MIRKO.POZEN: Fichier Upload: D:\kerberos.htx\bacup val\img val\1\diaporama\22.JPG (743,65 K/S -  1 522 992 bytes)
[19:40:49] - [7] MIRKO.POZEN: Début d'Upload de D:\kerberos.htx\bacup val\img val\1\diaporama\24.JPG
[19:40:50] - [6] MIRKO.POZEN: Fichier Upload: D:\kerberos.htx\bacup val\img val\1\diaporama\23.JPG (686,46 K/S -  1 405 870 bytes)
[19:40:50] - [6] MIRKO.POZEN: Début d'Upload de D:\kerberos.htx\bacup val\img val\1\diaporama\25.JPG
[19:40:51] - [7] MIRKO.POZEN: Fichier Upload: D:\kerberos.htx\bacup val\img val\1\diaporama\24.JPG (1 468,70 K/S -  1 503 932 bytes)
[19:40:51] - [7] MIRKO.POZEN: Début d'Upload de D:\kerberos.htx\bacup val\img val\1\diaporama\26.jpg
[19:40:52] - [7] MIRKO.POZEN: Fichier Upload: D:\kerberos.htx\bacup val\img val\1\diaporama\26.jpg (32,10 K/S -   32 872 bytes)
[19:40:52] - [6] MIRKO.POZEN: Fichier Upload: D:\kerberos.htx\bacup val\img val\1\diaporama\25.JPG (722,26 K/S -  1 479 198 bytes)
[19:40:52] - [7] MIRKO.POZEN: Début d'Upload de D:\kerberos.htx\bacup val\img val\1\diaporama\27.JPG
[19:40:52] - [6] MIRKO.POZEN: Début d'Upload de D:\kerberos.htx\bacup val\img val\1\diaporama\28.JPG
[19:40:55] - [7] MIRKO.POZEN: Fichier Upload: D:\kerberos.htx\bacup val\img val\1\diaporama\27.JPG (667,20 K/S -  2 049 645 bytes)
[19:40:55] - [6] MIRKO.POZEN: Fichier Upload: D:\kerberos.htx\bacup val\img val\1\diaporama\28.JPG (688,70 K/S -  2 115 686 bytes)
[19:40:55] - [7] MIRKO.POZEN: Début d'Upload de D:\kerberos.htx\bacup val\img val\1\diaporama\3 - Copie.JPG
[19:40:55] - [6] MIRKO.POZEN: Début d'Upload de D:\kerberos.htx\bacup val\img val\1\diaporama\3.JPG
[19:40:57] - [7] MIRKO.POZEN: Fichier Upload: D:\kerberos.htx\bacup val\img val\1\diaporama\3 - Copie.JPG (668,10 K/S -  1 368 265 bytes)
[19:40:57] - [6] MIRKO.POZEN: Fichier Upload: D:\kerberos.htx\bacup val\img val\1\diaporama\3.JPG (668,10 K/S -  1 368 265 bytes)
[19:40:57] - [7] MIRKO.POZEN: Début d'Upload de D:\kerberos.htx\bacup val\img val\1\diaporama\30.JPG
[19:40:57] - [6] MIRKO.POZEN: Début d'Upload de D:\kerberos.htx\bacup val\img val\1\diaporama\31.JPG
[19:40:59] - [7] MIRKO.POZEN: Fichier Upload: D:\kerberos.htx\bacup val\img val\1\diaporama\30.JPG (870,82 K/S -  1 783 442 bytes)
[19:40:59] - [6] MIRKO.POZEN: Fichier Upload: D:\kerberos.htx\bacup val\img val\1\diaporama\31.JPG (885,01 K/S -  1 812 493 bytes)
[19:40:59] - [7] MIRKO.POZEN: Début d'Upload de D:\kerberos.htx\bacup val\img val\1\diaporama\317495_10200307652066659_632422248_n.jpg
[19:40:59] - [6] MIRKO.POZEN: Début d'Upload de D:\kerberos.htx\bacup val\img val\1\diaporama\32.JPG
[19:40:59] - [7] MIRKO.POZEN: Fichier Upload: D:\kerberos.htx\bacup val\img val\1\diaporama\317495_10200307652066659_632422248_n.jpg (18,42 K/S -   18 859 bytes)
[19:41:00] - [7] MIRKO.POZEN: Début d'Upload de D:\kerberos.htx\bacup val\img val\1\diaporama\33.JPG
[19:41:02] - [6] MIRKO.POZEN: Fichier Upload: D:\kerberos.htx\bacup val\img val\1\diaporama\32.JPG (889,05 K/S -  1 820 767 bytes)
[19:41:02] - [6] MIRKO.POZEN: Début d'Upload de D:\kerberos.htx\bacup val\img val\1\diaporama\34.1.jpg
[19:41:02] - [7] MIRKO.POZEN: Fichier Upload: D:\kerberos.htx\bacup val\img val\1\diaporama\33.JPG (910,38 K/S -  1 864 450 bytes)
[19:41:02] - [6] MIRKO.POZEN: Fichier Upload: D:\kerberos.htx\bacup val\img val\1\diaporama\34.1.jpg (61,83 K/S -   63 318 bytes)
[19:41:02] - [7] MIRKO.POZEN: Début d'Upload de D:\kerberos.htx\bacup val\img val\1\diaporama\34.jpg
[19:41:02] - [6] MIRKO.POZEN: Début d'Upload de D:\kerberos.htx\bacup val\img val\1\diaporama\35.JPG
[19:41:04] - [7] MIRKO.POZEN: Fichier Upload: D:\kerberos.htx\bacup val\img val\1\diaporama\34.jpg (467,01 K/S -   956 428 bytes)
[19:41:04] - [7] MIRKO.POZEN: Début d'Upload de D:\kerberos.htx\bacup val\img val\1\diaporama\36.JPG
[19:41:04] - [6] MIRKO.POZEN: Fichier Upload: D:\kerberos.htx\bacup val\img val\1\diaporama\35.JPG (939,52 K/S -  1 924 133 bytes)
[19:41:04] - [6] MIRKO.POZEN: Début d'Upload de D:\kerberos.htx\bacup val\img val\1\diaporama\37.JPG
[19:41:05] - [7] MIRKO.POZEN: Fichier Upload: D:\kerberos.htx\bacup val\img val\1\diaporama\36.JPG (910,04 K/S -  1 863 762 bytes)
[19:41:06] - [7] MIRKO.POZEN: Début d'Upload de D:\kerberos.htx\bacup val\img val\1\diaporama\38.JPG
[19:41:07] - [6] MIRKO.POZEN: Fichier Upload: D:\kerberos.htx\bacup val\img val\1\diaporama\37.JPG (462,60 K/S -  1 894 792 bytes)
[19:41:07] - [6] MIRKO.POZEN: Début d'Upload de D:\kerberos.htx\bacup val\img val\1\diaporama\39.JPG
[19:41:08] - [7] MIRKO.POZEN: Fichier Upload: D:\kerberos.htx\bacup val\img val\1\diaporama\38.JPG (1 089,60 K/S -  2 231 535 bytes)
[19:41:08] - [7] MIRKO.POZEN: Début d'Upload de D:\kerberos.htx\bacup val\img val\1\diaporama\4 - Copie.JPG
[19:41:09] - [6] MIRKO.POZEN: Fichier Upload: D:\kerberos.htx\bacup val\img val\1\diaporama\39.JPG (1 138,50 K/S -  1 165 777 bytes)
[19:41:09] - [6] MIRKO.POZEN: Début d'Upload de D:\kerberos.htx\bacup val\img val\1\diaporama\4.JPG
[19:41:10] - [7] MIRKO.POZEN: Fichier Upload: D:\kerberos.htx\bacup val\img val\1\diaporama\4 - Copie.JPG (1 414,90 K/S -  1 448 885 bytes)
[19:41:10] - [7] MIRKO.POZEN: Début d'Upload de D:\kerberos.htx\bacup val\img val\1\diaporama\426771_10200492031836038_74650669_n.jpg
[19:41:10] - [7] MIRKO.POZEN: Fichier Upload: D:\kerberos.htx\bacup val\img val\1\diaporama\426771_10200492031836038_74650669_n.jpg (19,11 K/S -   19 569 bytes)
[19:41:11] - [6] MIRKO.POZEN: Fichier Upload: D:\kerberos.htx\bacup val\img val\1\diaporama\4.JPG (707,46 K/S -  1 448 885 bytes)
[19:41:11] - [7] MIRKO.POZEN: Début d'Upload de D:\kerberos.htx\bacup val\img val\1\diaporama\5 - Copie.JPG
[19:41:11] - [6] MIRKO.POZEN: Début d'Upload de D:\kerberos.htx\bacup val\img val\1\diaporama\5.JPG
[19:41:12] - [6] MIRKO.POZEN: Fichier Upload: D:\kerberos.htx\bacup val\img val\1\diaporama\5.JPG (658,26 K/S -  1 348 111 bytes)
[19:41:12] - [6] MIRKO.POZEN: Début d'Upload de D:\kerberos.htx\bacup val\img val\1\diaporama\541379_10200307652786677_1726698920_n.jpg
[19:41:13] - [6] MIRKO.POZEN: Fichier Upload: D:\kerberos.htx\bacup val\img val\1\diaporama\541379_10200307652786677_1726698920_n.jpg (18,83 K/S -   19 283 bytes)
[19:41:13] - [7] MIRKO.POZEN: Fichier Upload: D:\kerberos.htx\bacup val\img val\1\diaporama\5 - Copie.JPG (658,26 K/S -  1 348 111 bytes)
[19:41:13] - [7] MIRKO.POZEN: Début d'Upload de D:\kerberos.htx\bacup val\img val\1\diaporama\6 - Copie.JPG
[19:41:13] - [6] MIRKO.POZEN: Début d'Upload de D:\kerberos.htx\bacup val\img val\1\diaporama\6.JPG
[19:41:14] - [6] MIRKO.POZEN: Fichier Upload: D:\kerberos.htx\bacup val\img val\1\diaporama\6.JPG (658,26 K/S -  1 348 111 bytes)
[19:41:15] - [6] MIRKO.POZEN: Début d'Upload de D:\kerberos.htx\bacup val\img val\1\diaporama\7 - Copie.JPG
[19:41:15] - [7] MIRKO.POZEN: Fichier Upload: D:\kerberos.htx\bacup val\img val\1\diaporama\6 - Copie.JPG (658,26 K/S -  1 348 111 bytes)
[19:41:15] - [7] MIRKO.POZEN: Début d'Upload de D:\kerberos.htx\bacup val\img val\1\diaporama\7.JPG
[19:41:16] - [6] MIRKO.POZEN: Fichier Upload: D:\kerberos.htx\bacup val\img val\1\diaporama\7 - Copie.JPG (1 379,00 K/S -  1 412 123 bytes)
[19:41:16] - [6] MIRKO.POZEN: Début d'Upload de D:\kerberos.htx\bacup val\img val\1\diaporama\8 - Copie.JPG
[19:41:17] - [7] MIRKO.POZEN: Fichier Upload: D:\kerberos.htx\bacup val\img val\1\diaporama\7.JPG (689,51 K/S -  1 412 123 bytes)
[19:41:17] - [7] MIRKO.POZEN: Début d'Upload de D:\kerberos.htx\bacup val\img val\1\diaporama\8.JPG
[19:41:18] - [6] MIRKO.POZEN: Fichier Upload: D:\kerberos.htx\bacup val\img val\1\diaporama\8 - Copie.JPG (1 395,00 K/S -  1 428 523 bytes)
[19:41:18] - [6] MIRKO.POZEN: Début d'Upload de D:\kerberos.htx\bacup val\img val\1\diaporama\9 - Copie.JPG
[19:41:20] - [6] MIRKO.POZEN: Fichier Upload: D:\kerberos.htx\bacup val\img val\1\diaporama\9 - Copie.JPG (634,83 K/S -  1 300 140 bytes)
[19:41:20] - [6] MIRKO.POZEN: Début d'Upload de D:\kerberos.htx\bacup val\img val\1\diaporama\9.JPG
[19:41:20] - [7] MIRKO.POZEN: Fichier Upload: D:\kerberos.htx\bacup val\img val\1\diaporama\8.JPG (465,01 K/S -  1 428 523 bytes)
[19:41:20] - [7] MIRKO.POZEN: Début d'Upload de D:\kerberos.htx\bacup val\img val\1\diaporama\DSC04985.JPG
[19:41:22] - [6] MIRKO.POZEN: Fichier Upload: D:\kerberos.htx\bacup val\img val\1\diaporama\9.JPG (634,83 K/S -  1 300 140 bytes)
[19:41:22] - [6] MIRKO.POZEN: Début d'Upload de D:\kerberos.htx\bacup val\img val\1\diaporama\DSC05020.JPG
[19:41:23] - [7] MIRKO.POZEN: Fichier Upload: D:\kerberos.htx\bacup val\img val\1\diaporama\DSC04985.JPG (705,90 K/S -  1 445 691 bytes)
[19:41:23] - [7] MIRKO.POZEN: Début d'Upload de D:\kerberos.htx\bacup val\img val\1\diaporama\DSC05029.JPG
[19:41:24] - [6] MIRKO.POZEN: Fichier Upload: D:\kerberos.htx\bacup val\img val\1\diaporama\DSC05020.JPG (386,93 K/S -  1 188 647 bytes)
[19:41:25] - [6] MIRKO.POZEN: Début d'Upload de D:\kerberos.htx\bacup val\img val\1\diaporama\Gardon 2011 12 10 006ter.jpg
[19:41:25] - [7] MIRKO.POZEN: Fichier Upload: D:\kerberos.htx\bacup val\img val\1\diaporama\DSC05029.JPG (735,21 K/S -  1 505 706 bytes)
[19:41:25] - [6] MIRKO.POZEN: Fichier Upload: D:\kerberos.htx\bacup val\img val\1\diaporama\Gardon 2011 12 10 006ter.jpg (60,81 K/S -   62 272 bytes)
[19:41:25] - [7] MIRKO.POZEN: Début d'Upload de D:\kerberos.htx\bacup val\img val\1\diaporama\promenade.jpg
[19:41:25] - [6] MIRKO.POZEN: Début d'Upload de D:\kerberos.htx\bacup val\img val\1\diaporama\valérie.jpg
[19:41:26] - [6] MIRKO.POZEN: Fichier Upload: D:\kerberos.htx\bacup val\img val\1\diaporama\valérie.jpg (95,94 K/S -   98 243 bytes)
[19:41:26] - [7] MIRKO.POZEN: Fichier Upload: D:\kerberos.htx\bacup val\img val\1\diaporama\promenade.jpg (180,17 K/S -   184 490 bytes)
[19:41:26] - [6] MIRKO.POZEN: Répertoire en Cours: D:\kerberos.htx\bacup val\img val\1\
[19:41:26] - [7] MIRKO.POZEN: Répertoire en Cours: D:\kerberos.htx\bacup val\img val\1\
[19:41:26] - [6] MIRKO.POZEN: Début d'Upload de D:\kerberos.htx\bacup val\img val\1\Hallelujah - YouTube (360p).mp4
[19:41:26] - [7] MIRKO.POZEN: Début d'Upload de D:\kerberos.htx\bacup val\img val\1\Jacques Higelin - Champagne - YouTube (360p).mp4
[19:41:34] - [6] MIRKO.POZEN: Fichier Upload: D:\kerberos.htx\bacup val\img val\1\Hallelujah - YouTube (360p).mp4 (657,44 K/S -  5 385 726 bytes)
[19:41:34] - [6] MIRKO.POZEN: Début d'Upload de D:\kerberos.htx\bacup val\img val\1\Les larmes et des maux - Les Infidèles - YouTube (360p).mp4
[19:41:42] - [7] MIRKO.POZEN: Fichier Upload: D:\kerberos.htx\bacup val\img val\1\Jacques Higelin - Champagne - YouTube (360p).mp4 (699,71 K/S -  11 464 082 bytes)
[19:41:42] - [7] MIRKO.POZEN: Répertoire en Cours: D:\kerberos.htx\bacup val\img val\1\morceau ok\
[19:41:42] - [7] MIRKO.POZEN: Début d'Upload de D:\kerberos.htx\bacup val\img val\1\morceau ok\morceau 1.mmpz
[19:41:43] - [7] MIRKO.POZEN: Fichier Upload: D:\kerberos.htx\bacup val\img val\1\morceau ok\morceau 1.mmpz (8,19 K/S -   8 382 bytes)
[19:41:43] - [7] MIRKO.POZEN: Début d'Upload de D:\kerberos.htx\bacup val\img val\1\morceau ok\morceau 1.mmpz.bak
[19:41:43] - [7] MIRKO.POZEN: Fichier Upload: D:\kerberos.htx\bacup val\img val\1\morceau ok\morceau 1.mmpz.bak (8,18 K/S -   8 380 bytes)
[19:41:44] - [7] MIRKO.POZEN: Début d'Upload de D:\kerberos.htx\bacup val\img val\1\morceau ok\morceau 1.wav
[19:41:46] - [6] MIRKO.POZEN: Fichier Upload: D:\kerberos.htx\bacup val\img val\1\Les larmes et des maux - Les Infidèles - YouTube (360p).mp4 (957,52 K/S -  11 766 012 bytes)
[19:41:46] - [6] MIRKO.POZEN: Répertoire en Cours: D:\kerberos.htx\bacup val\img val\1\morceau ok\
[19:41:47] - [6] MIRKO.POZEN: Début d'Upload de D:\kerberos.htx\bacup val\img val\1\morceau ok\morceau 10.mmpz
[19:41:47] - [6] MIRKO.POZEN: Fichier Upload: D:\kerberos.htx\bacup val\img val\1\morceau ok\morceau 10.mmpz (3,34 K/S -   3 417 bytes)
[19:41:48] - [6] MIRKO.POZEN: Début d'Upload de D:\kerberos.htx\bacup val\img val\1\morceau ok\morceau 10.mmpz.bak
[19:41:48] - [6] MIRKO.POZEN: Fichier Upload: D:\kerberos.htx\bacup val\img val\1\morceau ok\morceau 10.mmpz.bak (3,11 K/S -   3 188 bytes)
[19:41:48] - [6] MIRKO.POZEN: Début d'Upload de D:\kerberos.htx\bacup val\img val\1\morceau ok\morceau 11.mmpz
[19:41:49] - [6] MIRKO.POZEN: Fichier Upload: D:\kerberos.htx\bacup val\img val\1\morceau ok\morceau 11.mmpz (4,69 K/S -   4 802 bytes)
[19:41:49] - [6] MIRKO.POZEN: Début d'Upload de D:\kerberos.htx\bacup val\img val\1\morceau ok\morceau 11.wav
[19:42:18] - [6] MIRKO.POZEN: Fichier Upload: D:\kerberos.htx\bacup val\img val\1\morceau ok\morceau 11.wav (891,65 K/S -  25 565 278 bytes)
[19:42:18] - [6] MIRKO.POZEN: Début d'Upload de D:\kerberos.htx\bacup val\img val\1\morceau ok\morceau 12.mmpz
[19:42:18] - [6] MIRKO.POZEN: Fichier Upload: D:\kerberos.htx\bacup val\img val\1\morceau ok\morceau 12.mmpz (3,55 K/S -   3 635 bytes)
[19:42:19] - [6] MIRKO.POZEN: Début d'Upload de D:\kerberos.htx\bacup val\img val\1\morceau ok\morceau 12.mmpz.bak
[19:42:19] - [6] MIRKO.POZEN: Fichier Upload: D:\kerberos.htx\bacup val\img val\1\morceau ok\morceau 12.mmpz.bak (3,55 K/S -   3 636 bytes)
[19:42:19] - [6] MIRKO.POZEN: Début d'Upload de D:\kerberos.htx\bacup val\img val\1\morceau ok\morceau 2.mmpz
[19:42:19] - [6] MIRKO.POZEN: Fichier Upload: D:\kerberos.htx\bacup val\img val\1\morceau ok\morceau 2.mmpz (3,94 K/S -   4 034 bytes)
[19:42:20] - [6] MIRKO.POZEN: Début d'Upload de D:\kerberos.htx\bacup val\img val\1\morceau ok\morceau 2.mmpz.bak
[19:42:20] - [6] MIRKO.POZEN: Fichier Upload: D:\kerberos.htx\bacup val\img val\1\morceau ok\morceau 2.mmpz.bak (3,72 K/S -   3 811 bytes)
[19:42:22] - [6] MIRKO.POZEN: Début d'Upload de D:\kerberos.htx\bacup val\img val\1\morceau ok\morceau 2.wav
[19:43:18] - [7] MIRKO.POZEN: Fichier Upload: D:\kerberos.htx\bacup val\img val\1\morceau ok\morceau 1.wav (728,33 K/S -  70 106 206 bytes)
[19:43:18] - [7] MIRKO.POZEN: Début d'Upload de D:\kerberos.htx\bacup val\img val\1\morceau ok\morceau 3.mmpz
[19:43:18] - [7] MIRKO.POZEN: Fichier Upload: D:\kerberos.htx\bacup val\img val\1\morceau ok\morceau 3.mmpz (4,11 K/S -   4 206 bytes)
[19:43:19] - [7] MIRKO.POZEN: Début d'Upload de D:\kerberos.htx\bacup val\img val\1\morceau ok\morceau 3.mmpz.bak
[19:43:19] - [7] MIRKO.POZEN: Fichier Upload: D:\kerberos.htx\bacup val\img val\1\morceau ok\morceau 3.mmpz.bak (3,94 K/S -   4 038 bytes)
[19:43:20] - [7] MIRKO.POZEN: Début d'Upload de D:\kerberos.htx\bacup val\img val\1\morceau ok\morceau 3.wav
[19:43:24] - [6] MIRKO.POZEN: Fichier Upload: D:\kerberos.htx\bacup val\img val\1\morceau ok\morceau 2.wav (870,97 K/S -  55 296 094 bytes)
[19:43:24] - [6] MIRKO.POZEN: Début d'Upload de D:\kerberos.htx\bacup val\img val\1\morceau ok\morceau 4.mmpz
[19:43:25] - [6] MIRKO.POZEN: Fichier Upload: D:\kerberos.htx\bacup val\img val\1\morceau ok\morceau 4.mmpz (4,09 K/S -   4 192 bytes)
[19:43:25] - [6] MIRKO.POZEN: Début d'Upload de D:\kerberos.htx\bacup val\img val\1\morceau ok\morceau 4.mmpz.bak
[19:43:25] - [6] MIRKO.POZEN: Fichier Upload: D:\kerberos.htx\bacup val\img val\1\morceau ok\morceau 4.mmpz.bak (4,09 K/S -   4 192 bytes)
[19:43:26] - [6] MIRKO.POZEN: Début d'Upload de D:\kerberos.htx\bacup val\img val\1\morceau ok\morceau 4.wav
[19:43:59] - [7] MIRKO.POZEN: Fichier Upload: D:\kerberos.htx\bacup val\img val\1\morceau ok\morceau 3.wav (762,19 K/S -  30 439 006 bytes)
[19:43:59] - [7] MIRKO.POZEN: Début d'Upload de D:\kerberos.htx\bacup val\img val\1\morceau ok\morceau 5.mmpz
[19:43:59] - [7] MIRKO.POZEN: Fichier Upload: D:\kerberos.htx\bacup val\img val\1\morceau ok\morceau 5.mmpz (3,37 K/S -   3 455 bytes)
[19:43:59] - [7] MIRKO.POZEN: Début d'Upload de D:\kerberos.htx\bacup val\img val\1\morceau ok\morceau 5.mmpz.bak
[19:43:59] - [7] MIRKO.POZEN: Fichier Upload: D:\kerberos.htx\bacup val\img val\1\morceau ok\morceau 5.mmpz.bak (2,82 K/S -   2 885 bytes)
[19:44:00] - [7] MIRKO.POZEN: Début d'Upload de D:\kerberos.htx\bacup val\img val\1\morceau ok\morceau 5.wav
[19:44:02] - [6] MIRKO.POZEN: Fichier Upload: D:\kerberos.htx\bacup val\img val\1\morceau ok\morceau 4.wav (818,96 K/S -  30 190 174 bytes)
[19:44:02] - [6] MIRKO.POZEN: Début d'Upload de D:\kerberos.htx\bacup val\img val\1\morceau ok\morceau 6.mmpz
[19:44:02] - [6] MIRKO.POZEN: Fichier Upload: D:\kerberos.htx\bacup val\img val\1\morceau ok\morceau 6.mmpz (10,47 K/S -   10 723 bytes)
[19:44:03] - [6] MIRKO.POZEN: Début d'Upload de D:\kerberos.htx\bacup val\img val\1\morceau ok\morceau 6.mmpz.bak
[19:44:03] - [6] MIRKO.POZEN: Fichier Upload: D:\kerberos.htx\bacup val\img val\1\morceau ok\morceau 6.mmpz.bak (10,46 K/S -   10 706 bytes)
[19:44:03] - [6] MIRKO.POZEN: Début d'Upload de D:\kerberos.htx\bacup val\img val\1\morceau ok\morceau 6.wav
[19:44:24] - [6] MIRKO.POZEN: Fichier Upload: D:\kerberos.htx\bacup val\img val\1\morceau ok\morceau 6.wav (831,53 K/S -  17 029 726 bytes)
[19:44:24] - [6] MIRKO.POZEN: Début d'Upload de D:\kerberos.htx\bacup val\img val\1\morceau ok\morceau 7.mmpz
[19:44:25] - [6] MIRKO.POZEN: Fichier Upload: D:\kerberos.htx\bacup val\img val\1\morceau ok\morceau 7.mmpz (3,24 K/S -   3 313 bytes)
[19:44:25] - [6] MIRKO.POZEN: Début d'Upload de D:\kerberos.htx\bacup val\img val\1\morceau ok\morceau 7.mmpz.bak
[19:44:25] - [6] MIRKO.POZEN: Fichier Upload: D:\kerberos.htx\bacup val\img val\1\morceau ok\morceau 7.mmpz.bak (3,26 K/S -   3 334 bytes)
[19:44:26] - [6] MIRKO.POZEN: Début d'Upload de D:\kerberos.htx\bacup val\img val\1\morceau ok\morceau 7.wav
[19:44:29] - [7] MIRKO.POZEN: Fichier Upload: D:\kerberos.htx\bacup val\img val\1\morceau ok\morceau 5.wav (887,23 K/S -  26 347 102 bytes)
[19:44:29] - [7] MIRKO.POZEN: Début d'Upload de D:\kerberos.htx\bacup val\img val\1\morceau ok\morceau 8.mmpz
[19:44:29] - [7] MIRKO.POZEN: Fichier Upload: D:\kerberos.htx\bacup val\img val\1\morceau ok\morceau 8.mmpz (4,06 K/S -   4 160 bytes)
[19:44:30] - [7] MIRKO.POZEN: Début d'Upload de D:\kerberos.htx\bacup val\img val\1\morceau ok\morceau 8.mmpz.bak
[19:44:30] - [7] MIRKO.POZEN: Fichier Upload: D:\kerberos.htx\bacup val\img val\1\morceau ok\morceau 8.mmpz.bak (3,02 K/S -   3 091 bytes)
[19:44:30] - [7] MIRKO.POZEN: Début d'Upload de D:\kerberos.htx\bacup val\img val\1\morceau ok\morceau 9.mmpz
[19:44:31] - [7] MIRKO.POZEN: Fichier Upload: D:\kerberos.htx\bacup val\img val\1\morceau ok\morceau 9.mmpz (4,29 K/S -   4 395 bytes)
[19:44:31] - [7] MIRKO.POZEN: Répertoire en Cours: D:\kerberos.htx\bacup val\img val\1\morceau ok\morceau ok retoucher\
[19:44:32] - [7] MIRKO.POZEN: Début d'Upload de D:\kerberos.htx\bacup val\img val\1\morceau ok\morceau ok retoucher\morceau 13.wav
[19:45:04] - [6] MIRKO.POZEN: Fichier Upload: D:\kerberos.htx\bacup val\img val\1\morceau ok\morceau 7.wav (575,46 K/S -  22 981 726 bytes)
[19:45:05] - [6] MIRKO.POZEN: Répertoire en Cours: D:\kerberos.htx\bacup val\img val\1\morceau ok\morceau ok retoucher\
[19:45:05] - [6] MIRKO.POZEN: Début d'Upload de D:\kerberos.htx\bacup val\img val\1\morceau ok\morceau ok retoucher\morceau 16.wav
[19:45:48] - [6] MIRKO.POZEN: Fichier Upload: D:\kerberos.htx\bacup val\img val\1\morceau ok\morceau ok retoucher\morceau 16.wav (975,79 K/S -  41 966 686 bytes)
[19:45:48] - [7] MIRKO.POZEN: Fichier Upload: D:\kerberos.htx\bacup val\img val\1\morceau ok\morceau ok retoucher\morceau 13.wav (773,03 K/S -  60 160 606 bytes)
[19:45:48] - [6] MIRKO.POZEN: Début d'Upload de D:\kerberos.htx\bacup val\img val\1\morceau ok\morceau ok retoucher\morceau 2.wav
[19:45:48] - [7] MIRKO.POZEN: Début d'Upload de D:\kerberos.htx\bacup val\img val\1\morceau ok\morceau ok retoucher\morceau 20.wav
[19:46:33] - [7] MIRKO.POZEN: Fichier Upload: D:\kerberos.htx\bacup val\img val\1\morceau ok\morceau ok retoucher\morceau 20.wav (854,44 K/S -  39 372 382 bytes)
[19:46:33] - [7] MIRKO.POZEN: Début d'Upload de D:\kerberos.htx\bacup val\img val\1\morceau ok\morceau ok retoucher\morceau 4.mmpz
[19:46:33] - [7] MIRKO.POZEN: Fichier Upload: D:\kerberos.htx\bacup val\img val\1\morceau ok\morceau ok retoucher\morceau 4.mmpz (4,40 K/S -   4 508 bytes)
[19:46:33] - [7] MIRKO.POZEN: Début d'Upload de D:\kerberos.htx\bacup val\img val\1\morceau ok\morceau ok retoucher\morceau 4.mmpz.bak
[19:46:33] - [7] MIRKO.POZEN: Fichier Upload: D:\kerberos.htx\bacup val\img val\1\morceau ok\morceau ok retoucher\morceau 4.mmpz.bak (4,23 K/S -   4 328 bytes)
[19:46:34] - [7] MIRKO.POZEN: Début d'Upload de D:\kerberos.htx\bacup val\img val\1\morceau ok\morceau ok retoucher\morceau 4.wav
[19:46:39] - [6] MIRKO.POZEN: Fichier Upload: D:\kerberos.htx\bacup val\img val\1\morceau ok\morceau ok retoucher\morceau 2.wav (675,32 K/S -  35 959 390 bytes)
[19:46:40] - [6] MIRKO.POZEN: Début d'Upload de D:\kerberos.htx\bacup val\img val\1\morceau ok\morceau ok retoucher\morceau 6.wav
[19:47:37] - [7] MIRKO.POZEN: Fichier Upload: D:\kerberos.htx\bacup val\img val\1\morceau ok\morceau ok retoucher\morceau 4.wav (661,62 K/S -  42 682 462 bytes)
[19:47:37] - [7] MIRKO.POZEN: Début d'Upload de D:\kerberos.htx\bacup val\img val\1\morceau ok\morceau ok retoucher\morceau14.wav
[19:47:40] - [6] MIRKO.POZEN: Fichier Upload: D:\kerberos.htx\bacup val\img val\1\morceau ok\morceau ok retoucher\morceau 6.wav (914,98 K/S -  56 216 158 bytes)
[19:47:40] - [6] MIRKO.POZEN: Début d'Upload de D:\kerberos.htx\bacup val\img val\1\morceau ok\morceau ok retoucher\morecau 17.wav
[19:48:33] - [6] MIRKO.POZEN: Fichier Upload: D:\kerberos.htx\bacup val\img val\1\morceau ok\morceau ok retoucher\morecau 17.wav (867,70 K/S -  47 980 126 bytes)
[19:48:34] - [6] MIRKO.POZEN: Début d'Upload de D:\kerberos.htx\bacup val\img val\1\morceau ok\morceau ok retoucher\moreceau 22.wav
[19:48:52] - [7] MIRKO.POZEN: Fichier Upload: D:\kerberos.htx\bacup val\img val\1\morceau ok\morceau ok retoucher\morceau14.wav (656,29 K/S -  49 731 166 bytes)
[19:48:52] - [7] MIRKO.POZEN: Répertoire en Cours: D:\kerberos.htx\bacup val\img val\1\mp3\
[19:48:53] - [7] MIRKO.POZEN: Début d'Upload de D:\kerberos.htx\bacup val\img val\1\mp3\Celine Dion - Vole - YouTube (360p).mp4
[19:49:00] - [7] MIRKO.POZEN: Fichier Upload: D:\kerberos.htx\bacup val\img val\1\mp3\Celine Dion - Vole - YouTube (360p).mp4 (536,95 K/S -  3 848 853 bytes)
[19:49:00] - [7] MIRKO.POZEN: Début d'Upload de D:\kerberos.htx\bacup val\img val\1\mp3\Jeff Buckley - Hallelujah - YouTube (360p).mp4
[19:49:09] - [7] MIRKO.POZEN: Fichier Upload: D:\kerberos.htx\bacup val\img val\1\mp3\Jeff Buckley - Hallelujah - YouTube (360p).mp4 (446,48 K/S -  4 571 985 bytes)
[19:49:10] - [7] MIRKO.POZEN: Début d'Upload de D:\kerberos.htx\bacup val\img val\1\mp3\Leonard Cohen - Hallelujah ((Live In London - Video Edit)) - YouTube (360p).mp4
[19:49:19] - [6] MIRKO.POZEN: Fichier Upload: D:\kerberos.htx\bacup val\img val\1\morceau ok\morceau ok retoucher\moreceau 22.wav (999,23 K/S -  47 067 742 bytes)
[19:49:19] - [6] MIRKO.POZEN: Répertoire en Cours: D:\kerberos.htx\bacup val\img val\1\mp3\
[19:49:20] - [6] MIRKO.POZEN: Début d'Upload de D:\kerberos.htx\bacup val\img val\1\mp3\Leonard Cohen - Hallelujah - Traduction paroles Française - YouTube (360p).mp4
[19:49:29] - [6] MIRKO.POZEN: Fichier Upload: D:\kerberos.htx\bacup val\img val\1\mp3\Leonard Cohen - Hallelujah - Traduction paroles Française - YouTube (360p).mp4 (933,25 K/S -  9 556 453 bytes)
[19:49:30] - [6] MIRKO.POZEN: Répertoire en Cours: D:\kerberos.htx\bacup val\img val\1\mp3\mp3\
[19:49:30] - [6] MIRKO.POZEN: Début d'Upload de D:\kerberos.htx\bacup val\img val\1\mp3\mp3\Adieu tristesse - YouTube (360p).mp3
[19:49:35] - [6] MIRKO.POZEN: Fichier Upload: D:\kerberos.htx\bacup val\img val\1\mp3\mp3\Adieu tristesse - YouTube (360p).mp3 (786,23 K/S -  4 025 491 bytes)
[19:49:35] - [6] MIRKO.POZEN: Début d'Upload de D:\kerberos.htx\bacup val\img val\1\mp3\mp3\Celine Dion - Vole - YouTube (360p).mp3
[19:49:39] - [6] MIRKO.POZEN: Fichier Upload: D:\kerberos.htx\bacup val\img val\1\mp3\mp3\Celine Dion - Vole - YouTube (360p).mp3 (684,52 K/S -  2 803 797 bytes)
[19:49:39] - [6] MIRKO.POZEN: Début d'Upload de D:\kerberos.htx\bacup val\img val\1\mp3\mp3\Hallelujah - YouTube (360p).mp3
[19:49:44] - [6] MIRKO.POZEN: Fichier Upload: D:\kerberos.htx\bacup val\img val\1\mp3\mp3\Hallelujah - YouTube (360p).mp3 (775,29 K/S -  3 969 485 bytes)
[19:49:44] - [6] MIRKO.POZEN: Début d'Upload de D:\kerberos.htx\bacup val\img val\1\mp3\mp3\Jacques Higelin - Champagne - YouTube (360p).mp3
[19:49:46] - [7] MIRKO.POZEN: Fichier Upload: D:\kerberos.htx\bacup val\img val\1\mp3\Leonard Cohen - Hallelujah ((Live In London - Video Edit)) - YouTube (360p).mp4 (637,81 K/S -  23 512 105 bytes)
[19:49:46] - [7] MIRKO.POZEN: Répertoire en Cours: D:\kerberos.htx\bacup val\img val\1\mp3\mp3\
[19:49:46] - [7] MIRKO.POZEN: Début d'Upload de D:\kerberos.htx\bacup val\img val\1\mp3\mp3\Jeff Buckley - Hallelujah - YouTube (360p).mp3
[19:49:49] - [6] MIRKO.POZEN: Fichier Upload: D:\kerberos.htx\bacup val\img val\1\mp3\mp3\Jacques Higelin - Champagne - YouTube (360p).mp3 (847,78 K/S -  4 340 633 bytes)
[19:49:49] - [6] MIRKO.POZEN: Début d'Upload de D:\kerberos.htx\bacup val\img val\1\mp3\mp3\Leonard Cohen - Hallelujah ((Live In London - Video Edit)) - YouTube (360p).mp3
[19:49:56] - [6] MIRKO.POZEN: Fichier Upload: D:\kerberos.htx\bacup val\img val\1\mp3\mp3\Leonard Cohen - Hallelujah ((Live In London - Video Edit)) - YouTube (360p).mp3 (982,29 K/S -  7 041 067 bytes)
[19:49:56] - [6] MIRKO.POZEN: Début d'Upload de D:\kerberos.htx\bacup val\img val\1\mp3\mp3\Leonard Cohen - Hallelujah - Traduction paroles Française - YouTube (360p).mp3
[19:49:57] - [7] MIRKO.POZEN: Fichier Upload: D:\kerberos.htx\bacup val\img val\1\mp3\mp3\Jeff Buckley - Hallelujah - YouTube (360p).mp3 (647,60 K/S -  6 631 467 bytes)
[19:49:57] - [7] MIRKO.POZEN: Début d'Upload de D:\kerberos.htx\bacup val\img val\1\mp3\mp3\Les larmes et des maux - Les Infidèles - YouTube (360p).mp3
[19:50:01] - [6] MIRKO.POZEN: Fichier Upload: D:\kerberos.htx\bacup val\img val\1\mp3\mp3\Leonard Cohen - Hallelujah - Traduction paroles Française - YouTube (360p).mp3 (1 064,40 K/S -  4 359 859 bytes)
[19:50:01] - [6] MIRKO.POZEN: Début d'Upload de D:\kerberos.htx\bacup val\img val\1\mp3\mp3\Oh Freedom! - The Golden Gospel Singers (Lyrics in Description) - YouTube (360p).mp3
[19:50:02] - [7] MIRKO.POZEN: Fichier Upload: D:\kerberos.htx\bacup val\img val\1\mp3\mp3\Les larmes et des maux - Les Infidèles - YouTube (360p).mp3 (836,43 K/S -  4 282 536 bytes)
[19:50:02] - [7] MIRKO.POZEN: Début d'Upload de D:\kerberos.htx\bacup val\img val\1\mp3\mp3\St James Infirmary - Vistula River Brass Band. - YouTube (360p).mp3
[19:50:06] - [6] MIRKO.POZEN: Fichier Upload: D:\kerberos.htx\bacup val\img val\1\mp3\mp3\Oh Freedom! - The Golden Gospel Singers (Lyrics in Description) - YouTube (360p).mp3 (578,15 K/S -  2 960 113 bytes)
[19:50:06] - [6] MIRKO.POZEN: Répertoire en Cours: D:\kerberos.htx\bacup val\img val\1\mp3\
[19:50:06] - [6] MIRKO.POZEN: Début d'Upload de D:\kerberos.htx\bacup val\img val\1\mp3\Oh Freedom! - The Golden Gospel Singers (Lyrics in Description) - YouTube (360p).mp4
[19:50:07] - [7] MIRKO.POZEN: Fichier Upload: D:\kerberos.htx\bacup val\img val\1\mp3\mp3\St James Infirmary - Vistula River Brass Band. - YouTube (360p).mp3 (943,37 K/S -  4 830 063 bytes)
[19:50:08] - [7] MIRKO.POZEN: Répertoire en Cours: D:\kerberos.htx\bacup val\img val\1\mp3\
[19:50:08] - [7] MIRKO.POZEN: Début d'Upload de D:\kerberos.htx\bacup val\img val\1\mp3\St James Infirmary - Vistula River Brass Band. - YouTube (360p).mp4
[19:50:19] - [7] MIRKO.POZEN: Fichier Upload: D:\kerberos.htx\bacup val\img val\1\mp3\St James Infirmary - Vistula River Brass Band. - YouTube (360p).mp4 (974,24 K/S -  10 973 809 bytes)
[19:50:19] - [7] MIRKO.POZEN: Répertoire en Cours: D:\kerberos.htx\bacup val\img val\1\
[19:50:19] - [7] MIRKO.POZEN: Début d'Upload de D:\kerberos.htx\bacup val\img val\1\St James Infirmary - Vistula River Brass Band. - YouTube (360p).mp4
[19:50:25] - [6] MIRKO.POZEN: Fichier Upload: D:\kerberos.htx\bacup val\img val\1\mp3\Oh Freedom! - The Golden Gospel Singers (Lyrics in Description) - YouTube (360p).mp4 (675,38 K/S -  13 140 106 bytes)
[19:50:25] - [6] MIRKO.POZEN: Répertoire en Cours: D:\kerberos.htx\bacup val\img val\1\val\
[19:50:26] - [6] MIRKO.POZEN: Début d'Upload de D:\kerberos.htx\bacup val\img val\1\val\Adieu tristesse - YouTube (360p).mp3
[19:50:32] - [7] MIRKO.POZEN: Fichier Upload: D:\kerberos.htx\bacup val\img val\1\St James Infirmary - Vistula River Brass Band. - YouTube (360p).mp4 (824,35 K/S -  10 973 809 bytes)
[19:50:32] - [7] MIRKO.POZEN: Répertoire en Cours: D:\kerberos.htx\bacup val\img val\1\val\
[19:50:32] - [6] MIRKO.POZEN: Fichier Upload: D:\kerberos.htx\bacup val\img val\1\val\Adieu tristesse - YouTube (360p).mp3 (655,19 K/S -  4 025 491 bytes)
[19:50:32] - [7] MIRKO.POZEN: Début d'Upload de D:\kerberos.htx\bacup val\img val\1\val\AlbumArtSmall.jpg
[19:50:32] - [6] MIRKO.POZEN: Début d'Upload de D:\kerberos.htx\bacup val\img val\1\val\AlbumArt_{155A08A1-4E51-47B8-A21E-692EFD0C7327}_Large.jpg
[19:50:32] - [7] MIRKO.POZEN: Fichier Upload: D:\kerberos.htx\bacup val\img val\1\val\AlbumArtSmall.jpg (2,35 K/S -   2 402 bytes)
[19:50:32] - [6] MIRKO.POZEN: Fichier Upload: D:\kerberos.htx\bacup val\img val\1\val\AlbumArt_{155A08A1-4E51-47B8-A21E-692EFD0C7327}_Large.jpg (7,14 K/S -   7 316 bytes)
[19:50:33] - [7] MIRKO.POZEN: Début d'Upload de D:\kerberos.htx\bacup val\img val\1\val\AlbumArt_{155A08A1-4E51-47B8-A21E-692EFD0C7327}_Small.jpg
[19:50:33] - [6] MIRKO.POZEN: Début d'Upload de D:\kerberos.htx\bacup val\img val\1\val\Celine Dion - Vole - YouTube (360p).mp3
[19:50:33] - [7] MIRKO.POZEN: Fichier Upload: D:\kerberos.htx\bacup val\img val\1\val\AlbumArt_{155A08A1-4E51-47B8-A21E-692EFD0C7327}_Small.jpg (2,35 K/S -   2 402 bytes)
[19:50:33] - [7] MIRKO.POZEN: Début d'Upload de D:\kerberos.htx\bacup val\img val\1\val\desktop.ini
[19:50:33] - [7] MIRKO.POZEN: Fichier Upload: D:\kerberos.htx\bacup val\img val\1\val\desktop.ini (0,35 K/S -    358 bytes)
[19:50:33] - [7] MIRKO.POZEN: Début d'Upload de D:\kerberos.htx\bacup val\img val\1\val\Folder.jpg
[19:50:33] - [7] MIRKO.POZEN: Fichier Upload: D:\kerberos.htx\bacup val\img val\1\val\Folder.jpg (7,14 K/S -   7 316 bytes)
[19:50:34] - [7] MIRKO.POZEN: Début d'Upload de D:\kerberos.htx\bacup val\img val\1\val\Hallelujah - YouTube (360p).mp3
[19:50:35] - [6] MIRKO.POZEN: Fichier Upload: D:\kerberos.htx\bacup val\img val\1\val\Celine Dion - Vole - YouTube (360p).mp3 (1 371,40 K/S -  2 808 541 bytes)
[19:50:35] - [6] MIRKO.POZEN: Répertoire en Cours: D:\kerberos.htx\bacup val\img val\1\val\img val\diaporama\
[19:50:36] - [6] MIRKO.POZEN: Début d'Upload de D:\kerberos.htx\bacup val\img val\1\val\img val\diaporama\1.jpg
[19:50:36] - [6] MIRKO.POZEN: Fichier Upload: D:\kerberos.htx\bacup val\img val\1\val\img val\diaporama\1.jpg (46,72 K/S -   47 838 bytes)
[19:50:36] - [6] MIRKO.POZEN: Début d'Upload de D:\kerberos.htx\bacup val\img val\1\val\img val\diaporama\10.JPG
[19:50:38] - [7] MIRKO.POZEN: Fichier Upload: D:\kerberos.htx\bacup val\img val\1\val\Hallelujah - YouTube (360p).mp3 (969,11 K/S -  3 969 485 bytes)
[19:50:38] - [7] MIRKO.POZEN: Répertoire en Cours: D:\kerberos.htx\bacup val\img val\1\val\img val\diaporama\
[19:50:38] - [6] MIRKO.POZEN: Fichier Upload: D:\kerberos.htx\bacup val\img val\1\val\img val\diaporama\10.JPG (1 353,10 K/S -  1 385 552 bytes)
[19:50:38] - [7] MIRKO.POZEN: Début d'Upload de D:\kerberos.htx\bacup val\img val\1\val\img val\diaporama\11.JPG
[19:50:38] - [6] MIRKO.POZEN: Début d'Upload de D:\kerberos.htx\bacup val\img val\1\val\img val\diaporama\12.JPG
[19:50:40] - [7] MIRKO.POZEN: Fichier Upload: D:\kerberos.htx\bacup val\img val\1\val\img val\diaporama\11.JPG (741,09 K/S -  1 517 746 bytes)
[19:50:40] - [6] MIRKO.POZEN: Fichier Upload: D:\kerberos.htx\bacup val\img val\1\val\img val\diaporama\12.JPG (686,36 K/S -  1 405 671 bytes)
[19:50:40] - [7] MIRKO.POZEN: Début d'Upload de D:\kerberos.htx\bacup val\img val\1\val\img val\diaporama\12108911_10206405406866718_5448503062245100685_n.jpg
[19:50:40] - [6] MIRKO.POZEN: Début d'Upload de D:\kerberos.htx\bacup val\img val\1\val\img val\diaporama\13.JPG
[19:50:40] - [7] MIRKO.POZEN: Fichier Upload: D:\kerberos.htx\bacup val\img val\1\val\img val\diaporama\12108911_10206405406866718_5448503062245100685_n.jpg (87,44 K/S -   89 539 bytes)
[19:50:41] - [7] MIRKO.POZEN: Début d'Upload de D:\kerberos.htx\bacup val\img val\1\val\img val\diaporama\14.JPG
[19:50:42] - [6] MIRKO.POZEN: Fichier Upload: D:\kerberos.htx\bacup val\img val\1\val\img val\diaporama\13.JPG (688,41 K/S -  1 409 873 bytes)
[19:50:42] - [6] MIRKO.POZEN: Début d'Upload de D:\kerberos.htx\bacup val\img val\1\val\img val\diaporama\15.JPG
[19:50:42] - [7] MIRKO.POZEN: Fichier Upload: D:\kerberos.htx\bacup val\img val\1\val\img val\diaporama\14.JPG (1 418,60 K/S -  1 452 621 bytes)
[19:50:42] - [7] MIRKO.POZEN: Début d'Upload de D:\kerberos.htx\bacup val\img val\1\val\img val\diaporama\16.JPG
[19:50:43] - [6] MIRKO.POZEN: Fichier Upload: D:\kerberos.htx\bacup val\img val\1\val\img val\diaporama\15.JPG (711,72 K/S -  1 457 610 bytes)
[19:50:43] - [6] MIRKO.POZEN: Début d'Upload de D:\kerberos.htx\bacup val\img val\1\val\img val\diaporama\17.JPG
[19:50:45] - [7] MIRKO.POZEN: Fichier Upload: D:\kerberos.htx\bacup val\img val\1\val\img val\diaporama\16.JPG (687,84 K/S -  1 408 703 bytes)
[19:50:45] - [7] MIRKO.POZEN: Début d'Upload de D:\kerberos.htx\bacup val\img val\1\val\img val\diaporama\18.1.JPG
[19:50:45] - [6] MIRKO.POZEN: Fichier Upload: D:\kerberos.htx\bacup val\img val\1\val\img val\diaporama\17.JPG (1 296,00 K/S -  1 327 088 bytes)
[19:50:45] - [6] MIRKO.POZEN: Début d'Upload de D:\kerberos.htx\bacup val\img val\1\val\img val\diaporama\18.JPG
[19:50:46] - [7] MIRKO.POZEN: Fichier Upload: D:\kerberos.htx\bacup val\img val\1\val\img val\diaporama\18.1.JPG (1 443,40 K/S -  1 478 005 bytes)
[19:50:46] - [7] MIRKO.POZEN: Début d'Upload de D:\kerberos.htx\bacup val\img val\1\val\img val\diaporama\19.1.JPG
[19:50:48] - [6] MIRKO.POZEN: Fichier Upload: D:\kerberos.htx\bacup val\img val\1\val\img val\diaporama\18.JPG (477,68 K/S -  1 467 448 bytes)
[19:50:48] - [6] MIRKO.POZEN: Début d'Upload de D:\kerberos.htx\bacup val\img val\1\val\img val\diaporama\2.JPG
[19:50:48] - [7] MIRKO.POZEN: Fichier Upload: D:\kerberos.htx\bacup val\img val\1\val\img val\diaporama\19.1.JPG (705,50 K/S -  1 444 867 bytes)
[19:50:48] - [7] MIRKO.POZEN: Début d'Upload de D:\kerberos.htx\bacup val\img val\1\val\img val\diaporama\20.JPG
[19:50:49] - [6] MIRKO.POZEN: Fichier Upload: D:\kerberos.htx\bacup val\img val\1\val\img val\diaporama\2.JPG (1 470,40 K/S -  1 505 648 bytes)
[19:50:49] - [6] MIRKO.POZEN: Début d'Upload de D:\kerberos.htx\bacup val\img val\1\val\img val\diaporama\2004 05 16 Gardon_1.jpg
[19:50:49] - [6] MIRKO.POZEN: Fichier Upload: D:\kerberos.htx\bacup val\img val\1\val\img val\diaporama\2004 05 16 Gardon_1.jpg (54,10 K/S -   55 397 bytes)
[19:50:50] - [6] MIRKO.POZEN: Début d'Upload de D:\kerberos.htx\bacup val\img val\1\val\img val\diaporama\21.JPG
[19:50:50] - [7] MIRKO.POZEN: Fichier Upload: D:\kerberos.htx\bacup val\img val\1\val\img val\diaporama\20.JPG (725,21 K/S -  1 485 233 bytes)
[19:50:50] - [7] MIRKO.POZEN: Début d'Upload de D:\kerberos.htx\bacup val\img val\1\val\img val\diaporama\22.JPG
[19:50:51] - [6] MIRKO.POZEN: Fichier Upload: D:\kerberos.htx\bacup val\img val\1\val\img val\diaporama\21.JPG (1 450,40 K/S -  1 485 233 bytes)
[19:50:51] - [6] MIRKO.POZEN: Début d'Upload de D:\kerberos.htx\bacup val\img val\1\val\img val\diaporama\23.JPG
[19:50:53] - [7] MIRKO.POZEN: Fichier Upload: D:\kerberos.htx\bacup val\img val\1\val\img val\diaporama\22.JPG (495,77 K/S -  1 522 992 bytes)
[19:50:53] - [6] MIRKO.POZEN: Fichier Upload: D:\kerberos.htx\bacup val\img val\1\val\img val\diaporama\23.JPG (686,46 K/S -  1 405 870 bytes)
[19:50:53] - [7] MIRKO.POZEN: Début d'Upload de D:\kerberos.htx\bacup val\img val\1\val\img val\diaporama\24.JPG
[19:50:53] - [6] MIRKO.POZEN: Début d'Upload de D:\kerberos.htx\bacup val\img val\1\val\img val\diaporama\25.JPG
[19:50:55] - [6] MIRKO.POZEN: Fichier Upload: D:\kerberos.htx\bacup val\img val\1\val\img val\diaporama\25.JPG (722,26 K/S -  1 479 198 bytes)
[19:50:55] - [6] MIRKO.POZEN: Début d'Upload de D:\kerberos.htx\bacup val\img val\1\val\img val\diaporama\26.jpg
[19:50:55] - [7] MIRKO.POZEN: Fichier Upload: D:\kerberos.htx\bacup val\img val\1\val\img val\diaporama\24.JPG (734,34 K/S -  1 503 932 bytes)
[19:50:55] - [6] MIRKO.POZEN: Fichier Upload: D:\kerberos.htx\bacup val\img val\1\val\img val\diaporama\26.jpg (32,10 K/S -   32 872 bytes)
[19:50:55] - [7] MIRKO.POZEN: Début d'Upload de D:\kerberos.htx\bacup val\img val\1\val\img val\diaporama\27.JPG
[19:50:55] - [6] MIRKO.POZEN: Début d'Upload de D:\kerberos.htx\bacup val\img val\1\val\img val\diaporama\28.JPG
[19:50:58] - [7] MIRKO.POZEN: Fichier Upload: D:\kerberos.htx\bacup val\img val\1\val\img val\diaporama\27.JPG (667,20 K/S -  2 049 645 bytes)
[19:50:58] - [6] MIRKO.POZEN: Fichier Upload: D:\kerberos.htx\bacup val\img val\1\val\img val\diaporama\28.JPG (688,70 K/S -  2 115 686 bytes)
[19:50:58] - [7] MIRKO.POZEN: Début d'Upload de D:\kerberos.htx\bacup val\img val\1\val\img val\diaporama\3.JPG
[19:50:58] - [6] MIRKO.POZEN: Début d'Upload de D:\kerberos.htx\bacup val\img val\1\val\img val\diaporama\30.JPG
[19:51:00] - [7] MIRKO.POZEN: Fichier Upload: D:\kerberos.htx\bacup val\img val\1\val\img val\diaporama\3.JPG (668,10 K/S -  1 368 265 bytes)
[19:51:00] - [7] MIRKO.POZEN: Début d'Upload de D:\kerberos.htx\bacup val\img val\1\val\img val\diaporama\31.JPG
[19:51:00] - [6] MIRKO.POZEN: Fichier Upload: D:\kerberos.htx\bacup val\img val\1\val\img val\diaporama\30.JPG (870,82 K/S -  1 783 442 bytes)
[19:51:00] - [6] MIRKO.POZEN: Début d'Upload de D:\kerberos.htx\bacup val\img val\1\val\img val\diaporama\317495_10200307652066659_632422248_n.jpg
[19:51:00] - [6] MIRKO.POZEN: Fichier Upload: D:\kerberos.htx\bacup val\img val\1\val\img val\diaporama\317495_10200307652066659_632422248_n.jpg (18,42 K/S -   18 859 bytes)
[19:51:01] - [6] MIRKO.POZEN: Début d'Upload de D:\kerberos.htx\bacup val\img val\1\val\img val\diaporama\32.JPG
[19:51:02] - [7] MIRKO.POZEN: Fichier Upload: D:\kerberos.htx\bacup val\img val\1\val\img val\diaporama\31.JPG (885,01 K/S -  1 812 493 bytes)
[19:51:02] - [7] MIRKO.POZEN: Début d'Upload de D:\kerberos.htx\bacup val\img val\1\val\img val\diaporama\33.JPG
[19:51:03] - [6] MIRKO.POZEN: Fichier Upload: D:\kerberos.htx\bacup val\img val\1\val\img val\diaporama\32.JPG (889,05 K/S -  1 820 767 bytes)
[19:51:03] - [6] MIRKO.POZEN: Début d'Upload de D:\kerberos.htx\bacup val\img val\1\val\img val\diaporama\34.1.jpg
[19:51:03] - [6] MIRKO.POZEN: Fichier Upload: D:\kerberos.htx\bacup val\img val\1\val\img val\diaporama\34.1.jpg (61,83 K/S -   63 318 bytes)
[19:51:03] - [6] MIRKO.POZEN: Début d'Upload de D:\kerberos.htx\bacup val\img val\1\val\img val\diaporama\34.jpg
[19:51:04] - [7] MIRKO.POZEN: Fichier Upload: D:\kerberos.htx\bacup val\img val\1\val\img val\diaporama\33.JPG (910,38 K/S -  1 864 450 bytes)
[19:51:04] - [7] MIRKO.POZEN: Début d'Upload de D:\kerberos.htx\bacup val\img val\1\val\img val\diaporama\35.JPG
[19:51:05] - [6] MIRKO.POZEN: Fichier Upload: D:\kerberos.htx\bacup val\img val\1\val\img val\diaporama\34.jpg (934,01 K/S -   956 428 bytes)
[19:51:05] - [6] MIRKO.POZEN: Début d'Upload de D:\kerberos.htx\bacup val\img val\1\val\img val\diaporama\36.JPG
[19:51:06] - [7] MIRKO.POZEN: Fichier Upload: D:\kerberos.htx\bacup val\img val\1\val\img val\diaporama\35.JPG (939,52 K/S -  1 924 133 bytes)
[19:51:06] - [7] MIRKO.POZEN: Début d'Upload de D:\kerberos.htx\bacup val\img val\1\val\img val\diaporama\37.JPG
[19:51:07] - [6] MIRKO.POZEN: Fichier Upload: D:\kerberos.htx\bacup val\img val\1\val\img val\diaporama\36.JPG (606,69 K/S -  1 863 762 bytes)
[19:51:08] - [6] MIRKO.POZEN: Début d'Upload de D:\kerberos.htx\bacup val\img val\1\val\img val\diaporama\38.JPG
[19:51:08] - [7] MIRKO.POZEN: Fichier Upload: D:\kerberos.htx\bacup val\img val\1\val\img val\diaporama\37.JPG (616,79 K/S -  1 894 792 bytes)
[19:51:09] - [7] MIRKO.POZEN: Début d'Upload de D:\kerberos.htx\bacup val\img val\1\val\img val\diaporama\39.JPG
[19:51:10] - [7] MIRKO.POZEN: Fichier Upload: D:\kerberos.htx\bacup val\img val\1\val\img val\diaporama\39.JPG (1 138,50 K/S -  1 165 777 bytes)
[19:51:10] - [7] MIRKO.POZEN: Début d'Upload de D:\kerberos.htx\bacup val\img val\1\val\img val\diaporama\4.JPG
[19:51:10] - [6] MIRKO.POZEN: Fichier Upload: D:\kerberos.htx\bacup val\img val\1\val\img val\diaporama\38.JPG (726,41 K/S -  2 231 535 bytes)
[19:51:10] - [6] MIRKO.POZEN: Début d'Upload de D:\kerberos.htx\bacup val\img val\1\val\img val\diaporama\426771_10200492031836038_74650669_n.jpg
[19:51:11] - [6] MIRKO.POZEN: Fichier Upload: D:\kerberos.htx\bacup val\img val\1\val\img val\diaporama\426771_10200492031836038_74650669_n.jpg (19,11 K/S -   19 569 bytes)
[19:51:11] - [6] MIRKO.POZEN: Début d'Upload de D:\kerberos.htx\bacup val\img val\1\val\img val\diaporama\5.JPG
[19:51:12] - [7] MIRKO.POZEN: Fichier Upload: D:\kerberos.htx\bacup val\img val\1\val\img val\diaporama\4.JPG (1 414,90 K/S -  1 448 885 bytes)
[19:51:12] - [7] MIRKO.POZEN: Début d'Upload de D:\kerberos.htx\bacup val\img val\1\val\img val\diaporama\541379_10200307652786677_1726698920_n.jpg
[19:51:12] - [7] MIRKO.POZEN: Fichier Upload: D:\kerberos.htx\bacup val\img val\1\val\img val\diaporama\541379_10200307652786677_1726698920_n.jpg (18,83 K/S -   19 283 bytes)
[19:51:12] - [6] MIRKO.POZEN: Fichier Upload: D:\kerberos.htx\bacup val\img val\1\val\img val\diaporama\5.JPG (1 316,50 K/S -  1 348 111 bytes)
[19:51:12] - [7] MIRKO.POZEN: Début d'Upload de D:\kerberos.htx\bacup val\img val\1\val\img val\diaporama\6.JPG
[19:51:12] - [6] MIRKO.POZEN: Début d'Upload de D:\kerberos.htx\bacup val\img val\1\val\img val\diaporama\7.JPG
[19:51:14] - [7] MIRKO.POZEN: Fichier Upload: D:\kerberos.htx\bacup val\img val\1\val\img val\diaporama\6.JPG (1 316,50 K/S -  1 348 111 bytes)
[19:51:14] - [6] MIRKO.POZEN: Fichier Upload: D:\kerberos.htx\bacup val\img val\1\val\img val\diaporama\7.JPG (1 379,00 K/S -  1 412 123 bytes)
[19:51:14] - [7] MIRKO.POZEN: Début d'Upload de D:\kerberos.htx\bacup val\img val\1\val\img val\diaporama\8.JPG
[19:51:14] - [6] MIRKO.POZEN: Début d'Upload de D:\kerberos.htx\bacup val\img val\1\val\img val\diaporama\9.JPG
[19:51:16] - [7] MIRKO.POZEN: Fichier Upload: D:\kerberos.htx\bacup val\img val\1\val\img val\diaporama\8.JPG (697,52 K/S -  1 428 523 bytes)
[19:51:16] - [6] MIRKO.POZEN: Fichier Upload: D:\kerberos.htx\bacup val\img val\1\val\img val\diaporama\9.JPG (1 269,70 K/S -  1 300 140 bytes)
[19:51:16] - [7] MIRKO.POZEN: Début d'Upload de D:\kerberos.htx\bacup val\img val\1\val\img val\diaporama\DSC04985.JPG
[19:51:16] - [6] MIRKO.POZEN: Début d'Upload de D:\kerberos.htx\bacup val\img val\1\val\img val\diaporama\DSC05020.JPG
[19:51:18] - [6] MIRKO.POZEN: Fichier Upload: D:\kerberos.htx\bacup val\img val\1\val\img val\diaporama\DSC05020.JPG (1 160,80 K/S -  1 188 647 bytes)
[19:51:18] - [6] MIRKO.POZEN: Début d'Upload de D:\kerberos.htx\bacup val\img val\1\val\img val\diaporama\DSC05029.JPG
[19:51:18] - [7] MIRKO.POZEN: Fichier Upload: D:\kerberos.htx\bacup val\img val\1\val\img val\diaporama\DSC04985.JPG (1 411,80 K/S -  1 445 691 bytes)
[19:51:18] - [7] MIRKO.POZEN: Début d'Upload de D:\kerberos.htx\bacup val\img val\1\val\img val\diaporama\Gardon 2011 12 10 006ter.jpg
[19:51:19] - [7] MIRKO.POZEN: Fichier Upload: D:\kerberos.htx\bacup val\img val\1\val\img val\diaporama\Gardon 2011 12 10 006ter.jpg (60,81 K/S -   62 272 bytes)
[19:51:19] - [7] MIRKO.POZEN: Répertoire en Cours: D:\kerberos.htx\bacup val\img val\1\val\img val\loren\
[19:51:19] - [7] MIRKO.POZEN: Début d'Upload de D:\kerberos.htx\bacup val\img val\1\val\img val\loren\DSC05370.JPG
[19:51:19] - [6] MIRKO.POZEN: Fichier Upload: D:\kerberos.htx\bacup val\img val\1\val\img val\diaporama\DSC05029.JPG (735,21 K/S -  1 505 706 bytes)
[19:51:19] - [6] MIRKO.POZEN: Répertoire en Cours: D:\kerberos.htx\bacup val\img val\1\val\img val\loren\
[19:51:20] - [6] MIRKO.POZEN: Début d'Upload de D:\kerberos.htx\bacup val\img val\1\val\img val\loren\DSC05371.JPG
[19:51:21] - [7] MIRKO.POZEN: Fichier Upload: D:\kerberos.htx\bacup val\img val\1\val\img val\loren\DSC05370.JPG (688,94 K/S -  1 410 940 bytes)
[19:51:21] - [7] MIRKO.POZEN: Début d'Upload de D:\kerberos.htx\bacup val\img val\1\val\img val\loren\DSC05372.JPG
[19:51:21] - [6] MIRKO.POZEN: Fichier Upload: D:\kerberos.htx\bacup val\img val\1\val\img val\loren\DSC05371.JPG (1 342,50 K/S -  1 374 725 bytes)
[19:51:21] - [6] MIRKO.POZEN: Début d'Upload de D:\kerberos.htx\bacup val\img val\1\val\img val\loren\Loren 2012 04 14 003.jpg
[19:51:22] - [6] MIRKO.POZEN: Fichier Upload: D:\kerberos.htx\bacup val\img val\1\val\img val\loren\Loren 2012 04 14 003.jpg (48,53 K/S -   49 692 bytes)
[19:51:22] - [6] MIRKO.POZEN: Début d'Upload de D:\kerberos.htx\bacup val\img val\1\val\img val\loren\Loren 2012 04 14.jpg
[19:51:22] - [7] MIRKO.POZEN: Fichier Upload: D:\kerberos.htx\bacup val\img val\1\val\img val\loren\DSC05372.JPG (1 321,80 K/S -  1 353 560 bytes)
[19:51:22] - [6] MIRKO.POZEN: Fichier Upload: D:\kerberos.htx\bacup val\img val\1\val\img val\loren\Loren 2012 04 14.jpg (35,06 K/S -   35 897 bytes)
[19:51:22] - [7] MIRKO.POZEN: Début d'Upload de D:\kerberos.htx\bacup val\img val\1\val\img val\loren\loren photo 25.jpg
[19:51:22] - [6] MIRKO.POZEN: Répertoire en Cours: D:\kerberos.htx\bacup val\img val\1\val\img val\val kokine\
[19:51:22] - [7] MIRKO.POZEN: Fichier Upload: D:\kerberos.htx\bacup val\img val\1\val\img val\loren\loren photo 25.jpg (55,64 K/S -   56 979 bytes)
[19:51:23] - [7] MIRKO.POZEN: Répertoire en Cours: D:\kerberos.htx\bacup val\img val\1\val\img val\val kokine\
[19:51:23] - [6] MIRKO.POZEN: Début d'Upload de D:\kerberos.htx\bacup val\img val\1\val\img val\val kokine\104339.jpg
[19:51:23] - [7] MIRKO.POZEN: Début d'Upload de D:\kerberos.htx\bacup val\img val\1\val\img val\val kokine\104408_1.jpg
[19:51:23] - [6] MIRKO.POZEN: Fichier Upload: D:\kerberos.htx\bacup val\img val\1\val\img val\val kokine\104339.jpg (151,04 K/S -   154 667 bytes)
[19:51:23] - [7] MIRKO.POZEN: Fichier Upload: D:\kerberos.htx\bacup val\img val\1\val\img val\val kokine\104408_1.jpg (140,51 K/S -   143 886 bytes)
[19:51:23] - [6] MIRKO.POZEN: Début d'Upload de D:\kerberos.htx\bacup val\img val\1\val\img val\val kokine\105657_1.jpg
[19:51:23] - [7] MIRKO.POZEN: Début d'Upload de D:\kerberos.htx\bacup val\img val\1\val\img val\val kokine\105813_1.jpg
[19:51:23] - [6] MIRKO.POZEN: Fichier Upload: D:\kerberos.htx\bacup val\img val\1\val\img val\val kokine\105657_1.jpg (167,41 K/S -   171 423 bytes)
[19:51:24] - [7] MIRKO.POZEN: Fichier Upload: D:\kerberos.htx\bacup val\img val\1\val\img val\val kokine\105813_1.jpg (190,35 K/S -   194 915 bytes)
[19:51:24] - [6] MIRKO.POZEN: Début d'Upload de D:\kerberos.htx\bacup val\img val\1\val\img val\val kokine\105820_1.jpg
[19:51:24] - [7] MIRKO.POZEN: Début d'Upload de D:\kerberos.htx\bacup val\img val\1\val\img val\val kokine\110314_1.jpg
[19:51:24] - [6] MIRKO.POZEN: Fichier Upload: D:\kerberos.htx\bacup val\img val\1\val\img val\val kokine\105820_1.jpg (173,74 K/S -   177 905 bytes)
[19:51:24] - [7] MIRKO.POZEN: Fichier Upload: D:\kerberos.htx\bacup val\img val\1\val\img val\val kokine\110314_1.jpg (183,02 K/S -   187 416 bytes)
[19:51:24] - [6] MIRKO.POZEN: Début d'Upload de D:\kerberos.htx\bacup val\img val\1\val\img val\val kokine\110353_1.jpg
[19:51:24] - [7] MIRKO.POZEN: Début d'Upload de D:\kerberos.htx\bacup val\img val\1\val\img val\val kokine\2012 06 09 montage 001_1.jpg
[19:51:24] - [6] MIRKO.POZEN: Fichier Upload: D:\kerberos.htx\bacup val\img val\1\val\img val\val kokine\110353_1.jpg (214,28 K/S -   219 421 bytes)
[19:51:24] - [7] MIRKO.POZEN: Fichier Upload: D:\kerberos.htx\bacup val\img val\1\val\img val\val kokine\2012 06 09 montage 001_1.jpg (157,06 K/S -   160 831 bytes)
[19:51:25] - [6] MIRKO.POZEN: Début d'Upload de D:\kerberos.htx\bacup val\img val\1\val\img val\val kokine\2012 06 09 montage 002FB_1.jpg
[19:51:25] - [7] MIRKO.POZEN: Répertoire en Cours: D:\kerberos.htx\bacup val\img val\1\val\
[19:51:25] - [6] MIRKO.POZEN: Fichier Upload: D:\kerberos.htx\bacup val\img val\1\val\img val\val kokine\2012 06 09 montage 002FB_1.jpg (13,29 K/S -   13 607 bytes)
[19:51:25] - [7] MIRKO.POZEN: Début d'Upload de D:\kerberos.htx\bacup val\img val\1\val\Jacques Higelin - Champagne - YouTube (360p).mp3
[19:51:25] - [6] MIRKO.POZEN: Répertoire en Cours: D:\kerberos.htx\bacup val\img val\1\val\
[19:51:25] - [6] MIRKO.POZEN: Début d'Upload de D:\kerberos.htx\bacup val\img val\1\val\Jeff Buckley - Hallelujah - YouTube (360p).mp3
[19:51:31] - [7] MIRKO.POZEN: Fichier Upload: D:\kerberos.htx\bacup val\img val\1\val\Jacques Higelin - Champagne - YouTube (360p).mp3 (706,48 K/S -  4 340 633 bytes)
[19:51:31] - [7] MIRKO.POZEN: Début d'Upload de D:\kerberos.htx\bacup val\img val\1\val\Leonard Cohen - Hallelujah ((Live In London - Video Edit)) - YouTube (360p).mp3
[19:51:33] - [6] MIRKO.POZEN: Fichier Upload: D:\kerberos.htx\bacup val\img val\1\val\Jeff Buckley - Hallelujah - YouTube (360p).mp3 (809,51 K/S -  6 631 467 bytes)
[19:51:33] - [6] MIRKO.POZEN: Début d'Upload de D:\kerberos.htx\bacup val\img val\1\val\Leonard Cohen - Hallelujah - Traduction paroles Française - YouTube (360p).mp3
[19:51:38] - [7] MIRKO.POZEN: Fichier Upload: D:\kerberos.htx\bacup val\img val\1\val\Leonard Cohen - Hallelujah ((Live In London - Video Edit)) - YouTube (360p).mp3 (859,51 K/S -  7 041 067 bytes)
[19:51:39] - [7] MIRKO.POZEN: Début d'Upload de D:\kerberos.htx\bacup val\img val\1\val\Les larmes et des maux - Les Infidèles - YouTube (360p).mp3
[19:51:39] - [6] MIRKO.POZEN: Fichier Upload: D:\kerberos.htx\bacup val\img val\1\val\Leonard Cohen - Hallelujah - Traduction paroles Française - YouTube (360p).mp3 (608,24 K/S -  4 359 859 bytes)
[19:51:39] - [6] MIRKO.POZEN: Début d'Upload de D:\kerberos.htx\bacup val\img val\1\val\Oh Freedom! - The Golden Gospel Singers (Lyrics in Description) - YouTube (360p).mp3
[19:51:44] - [6] MIRKO.POZEN: Fichier Upload: D:\kerberos.htx\bacup val\img val\1\val\Oh Freedom! - The Golden Gospel Singers (Lyrics in Description) - YouTube (360p).mp3 (722,68 K/S -  2 960 113 bytes)
[19:51:44] - [6] MIRKO.POZEN: Début d'Upload de D:\kerberos.htx\bacup val\img val\1\val\St James Infirmary - Vistula River Brass Band. - YouTube (360p).mp3
[19:51:44] - [7] MIRKO.POZEN: Fichier Upload: D:\kerberos.htx\bacup val\img val\1\val\Les larmes et des maux - Les Infidèles - YouTube (360p).mp3 (836,43 K/S -  4 282 536 bytes)
[19:51:47] - [6] MIRKO.POZEN: Fichier Upload: D:\kerberos.htx\bacup val\img val\1\val\St James Infirmary - Vistula River Brass Band. - YouTube (360p).mp3 (1 572,30 K/S -  4 830 063 bytes)
[19:51:51] - [7] Client 86.235.162.42 Déconnecté (00:11:25 Min)
[19:51:51] - [6] Client 86.235.162.42 Déconnecté (00:11:25 Min)
[19:51:51] - [5] Client 86.235.162.42 Déconnecté (00:13:12 Min)
