[02:10:50] - Serveur Démarré
[02:10:50] - FTP Port: 21
[02:14:11] - [1] Connecté à 192.168.0.51. Collecte du Nom d'utilisateur.
[02:14:11] - [1] Client 192.168.0.51 Déconnecté (00:00:00 Min)
[02:15:59] - [2] Connecté à 192.168.0.51. Collecte du Nom d'utilisateur.
[02:16:00] - [2] Client 192.168.0.51 Déconnecté (00:00:00 Min)
[02:21:00] - [3] Connecté à 192.168.0.1. Collecte du Nom d'utilisateur.
[02:21:02] - [3] Usager MIRKO.POZEN Connecté IP: 192.168.0.1
[02:21:02] - [3] MIRKO.POZEN: Répertoire en Cours: D:\kerberos.htx\
[02:21:02] - [3] MIRKO.POZEN: Répertoire en Cours: D:\kerberos.htx\
[02:24:28] - [3] MIRKO.POZEN: Répertoire en Cours: D:\kerberos.htx\a trier\
[02:25:24] - [3] MIRKO.POZEN: Répertoire en Cours: D:\kerberos.htx\a trier\exe\
[02:25:44] - [4] Connecté à 192.168.0.1. Collecte du Nom d'utilisateur.
[02:25:44] - [4] Usager MIRKO.POZEN Connecté IP: 192.168.0.1
[02:25:44] - [4] MIRKO.POZEN: Répertoire en Cours: D:\kerberos.htx\
[02:25:44] - [4] MIRKO.POZEN: Répertoire en Cours: D:\kerberos.htx\a trier\exe\
[02:25:44] - [4] MIRKO.POZEN: Début du Téléchargement de: D:\kerberos.htx\a trier\exe\setup2go_1_9_11.exe
[02:25:45] - [4] MIRKO.POZEN: Fichier envoyé: D:\kerberos.htx\a trier\exe\setup2go_1_9_11.exe (494,51 K/S -  1 012 749 bytes)
[02:26:16] - [4] Client 192.168.0.1 Déconnecté (00:00:32 Min)
[02:27:38] - [3] MIRKO.POZEN: Répertoire en Cours: D:\kerberos.htx\a trier\
[02:27:38] - [3] MIRKO.POZEN: Répertoire en Cours: D:\kerberos.htx\a trier\douwloads\
[02:27:45] - [3] MIRKO.POZEN: Répertoire en Cours: D:\kerberos.htx\a trier\douwloads\setupgo2\
[02:27:53] - [5] Connecté à 192.168.0.1. Collecte du Nom d'utilisateur.
[02:27:53] - [5] Usager MIRKO.POZEN Connecté IP: 192.168.0.1
[02:27:53] - [5] MIRKO.POZEN: Répertoire en Cours: D:\kerberos.htx\
[02:27:53] - [5] MIRKO.POZEN: Répertoire en Cours: D:\kerberos.htx\a trier\douwloads\setupgo2\
[02:27:53] - [5] MIRKO.POZEN: Début du Téléchargement de: D:\kerberos.htx\a trier\douwloads\setupgo2\Setup2GO v1.9.11 by FFF.zip
[02:27:55] - [5] MIRKO.POZEN: Fichier envoyé: D:\kerberos.htx\a trier\douwloads\setupgo2\Setup2GO v1.9.11 by FFF.zip (941,49 K/S -   964 086 bytes)
[02:28:26] - [5] Client 192.168.0.1 Déconnecté (00:00:33 Min)
[02:29:30] - [3] MIRKO.POZEN: Répertoire en Cours: D:\kerberos.htx\
[02:29:30] - [3] MIRKO.POZEN: Répertoire en Cours: D:\kerberos.htx\progz\
[02:29:38] - [3] MIRKO.POZEN: Répertoire en Cours: D:\kerberos.htx\progz\tools\
[02:29:49] - [3] MIRKO.POZEN: Répertoire en Cours: D:\kerberos.htx\progz\
[02:29:49] - [3] MIRKO.POZEN: Répertoire en Cours: D:\kerberos.htx\progz\pour.xp\
[02:29:59] - [3] MIRKO.POZEN: Répertoire en Cours: D:\kerberos.htx\progz\pour.xp\control userpasswords2\
[02:30:03] - [3] MIRKO.POZEN: Début du Téléchargement de: D:\kerberos.htx\progz\pour.xp\control userpasswords2\control userpasswords2.bat
[02:30:03] - [3] MIRKO.POZEN: Fichier envoyé: D:\kerberos.htx\progz\pour.xp\control userpasswords2\control userpasswords2.bat (0,03 K/S -    29 bytes)
[02:30:16] - [3] MIRKO.POZEN: Répertoire en Cours: D:\kerberos.htx\
[02:30:16] - [3] MIRKO.POZEN: Répertoire en Cours: D:\kerberos.htx\000\
[02:30:26] - [3] MIRKO.POZEN: Répertoire en Cours: D:\kerberos.htx\
[02:30:26] - [3] MIRKO.POZEN: Répertoire en Cours: D:\kerberos.htx\exe\
[02:30:42] - [3] MIRKO.POZEN: Répertoire en Cours: D:\kerberos.htx\exe\DarkComet\
[02:31:15] - [6] Connecté à 192.168.0.1. Collecte du Nom d'utilisateur.
[02:31:15] - [6] Usager MIRKO.POZEN Connecté IP: 192.168.0.1
[02:31:15] - [6] MIRKO.POZEN: Répertoire en Cours: D:\kerberos.htx\
[02:31:15] - [6] MIRKO.POZEN: Répertoire en Cours: D:\kerberos.htx\exe\
[02:31:16] - [6] MIRKO.POZEN: Début du Téléchargement de: D:\kerberos.htx\exe\pplfr165.exe
[02:31:16] - [6] MIRKO.POZEN: Fichier envoyé: D:\kerberos.htx\exe\pplfr165.exe (225,46 K/S -   230 869 bytes)
[02:31:34] - [3] MIRKO.POZEN: Répertoire en Cours: D:\kerberos.htx\
[02:31:34] - [3] MIRKO.POZEN: Répertoire en Cours: D:\kerberos.htx\fila test\
[02:31:47] - [6] Client 192.168.0.1 Déconnecté (00:00:32 Min)
[03:04:49] - [3] Client 192.168.0.1 Déconnecté (00:43:49 Min)
[17:57:35] - Serveur Démarré
[17:57:35] - FTP Port: 21
[18:09:57] - [1] Connecté à 196.52.43.130. Collecte du Nom d'utilisateur.
[18:10:28] - [1] Client 196.52.43.130 Déconnecté (00:00:30 Min)
[18:14:08] - [2] Connecté à 196.52.43.63. Collecte du Nom d'utilisateur.
[18:14:18] - [2] Client 196.52.43.63 Déconnecté (00:00:09 Min)
[18:37:54] - [3] Connecté à 192.168.0.1. Collecte du Nom d'utilisateur.
[18:37:54] - [3] Usager MIRKO.POZEN Connecté IP: 192.168.0.1
[18:37:55] - [3] MIRKO.POZEN: Répertoire en Cours: D:\kerberos.htx\
[18:37:55] - [3] MIRKO.POZEN: Répertoire en Cours: D:\kerberos.htx\
[18:38:01] - [3] MIRKO.POZEN: Répertoire en Cours: D:\kerberos.htx\fila test\
[18:38:05] - [3] MIRKO.POZEN: Répertoire en Cours: D:\kerberos.htx\
[18:38:05] - [3] MIRKO.POZEN: Répertoire en Cours: D:\kerberos.htx\exe\
[18:38:12] - [3] MIRKO.POZEN: Répertoire en Cours: D:\kerberos.htx\exe\pour.xp\
[18:38:56] - [4] Connecté à 192.168.0.1. Collecte du Nom d'utilisateur.
[18:38:56] - [4] Usager MIRKO.POZEN Connecté IP: 192.168.0.1
[18:38:56] - [4] MIRKO.POZEN: Répertoire en Cours: D:\kerberos.htx\
[18:38:56] - [4] MIRKO.POZEN: Répertoire en Cours: D:\kerberos.htx\exe\pour.xp\
[18:38:56] - [4] MIRKO.POZEN: Début du Téléchargement de: D:\kerberos.htx\exe\pour.xp\WINDOWSXP-KB936929-SP3-X86-FRA.EXE
[18:45:57] - [4] MIRKO.POZEN: Fichier envoyé: D:\kerberos.htx\exe\pour.xp\WINDOWSXP-KB936929-SP3-X86-FRA.EXE (752,07 K/S -  324 222 504 bytes)
[18:46:28] - [4] Client 192.168.0.1 Déconnecté (00:07:32 Min)
[20:06:09] - [5] Connecté à 192.168.0.1. Collecte du Nom d'utilisateur.
[20:06:09] - [5] Usager MIRKO.POZEN Connecté IP: 192.168.0.1
[20:06:09] - [5] MIRKO.POZEN: Répertoire en Cours: D:\kerberos.htx\
[20:06:09] - [5] MIRKO.POZEN: Répertoire en Cours: D:\kerberos.htx\exe\pour.xp\
[20:06:09] - [5] MIRKO.POZEN: Début d'Upload de D:\kerberos.htx\exe\pour.xp\tor-browser_8-0-2_fr_431559 (2).exe
[20:06:36] - [6] Connecté à 192.168.0.1. Collecte du Nom d'utilisateur.
[20:06:36] - [6] Usager MIRKO.POZEN Connecté IP: 192.168.0.1
[20:06:36] - [6] MIRKO.POZEN: Répertoire en Cours: D:\kerberos.htx\
[20:06:36] - [6] MIRKO.POZEN: Répertoire en Cours: D:\kerberos.htx\
[20:06:41] - [5] MIRKO.POZEN: Fichier Upload: D:\kerberos.htx\exe\pour.xp\tor-browser_8-0-2_fr_431559 (2).exe (1 705,10 K/S -  57 617 880 bytes)
[20:07:12] - [5] Client 192.168.0.1 Déconnecté (00:01:03 Min)
[20:09:09] - [6] Client 192.168.0.1 Déconnecté (00:02:32 Min)
[20:09:14] - [7] Connecté à 192.168.0.1. Collecte du Nom d'utilisateur.
[20:09:14] - [7] Usager MIRKO.POZEN Connecté IP: 192.168.0.1
[20:09:14] - [7] MIRKO.POZEN: Répertoire en Cours: D:\kerberos.htx\
[20:09:14] - [7] MIRKO.POZEN: Répertoire en Cours: D:\kerberos.htx\
[20:09:25] - [7] MIRKO.POZEN: Répertoire en Cours: D:\kerberos.htx\exe\
[20:09:31] - [7] MIRKO.POZEN: Répertoire en Cours: D:\kerberos.htx\exe\pour.xp\
[20:09:54] - [8] Connecté à 192.168.0.1. Collecte du Nom d'utilisateur.
[20:09:54] - [8] Usager MIRKO.POZEN Connecté IP: 192.168.0.1
[20:09:54] - [8] MIRKO.POZEN: Répertoire en Cours: D:\kerberos.htx\
[20:09:54] - [8] MIRKO.POZEN: Répertoire en Cours: D:\kerberos.htx\exe\pour.xp\
[20:09:54] - [8] MIRKO.POZEN: Début du Téléchargement de: D:\kerberos.htx\exe\pour.xp\tor-browser_8-0-2_fr_431559 (2).exe
[20:10:01] - [3] Client 192.168.0.1 Déconnecté (01:32:06 Min)
[20:10:57] - [7] MIRKO.POZEN: Répertoire en Cours: D:\kerberos.htx\exe\pour.xp\supprimer le mouchard xp\
[20:10:59] - [9] Connecté à 192.168.0.1. Collecte du Nom d'utilisateur.
[20:10:59] - [9] Usager MIRKO.POZEN Connecté IP: 192.168.0.1
[20:10:59] - [9] MIRKO.POZEN: Répertoire en Cours: D:\kerberos.htx\
[20:10:59] - [9] MIRKO.POZEN: Répertoire en Cours: D:\kerberos.htx\exe\pour.xp\supprimer le mouchard xp\
[20:10:59] - [9] MIRKO.POZEN: Début du Téléchargement de: D:\kerberos.htx\exe\pour.xp\supprimer le mouchard xp\suppr.mouchard.xp.bat
[20:10:59] - [9] MIRKO.POZEN: Fichier envoyé: D:\kerberos.htx\exe\pour.xp\supprimer le mouchard xp\suppr.mouchard.xp.bat (0,05 K/S -    56 bytes)
[20:11:13] - [8] MIRKO.POZEN: Fichier envoyé: D:\kerberos.htx\exe\pour.xp\tor-browser_8-0-2_fr_431559 (2).exe (712,25 K/S -  57 617 880 bytes)
[20:11:31] - [9] Client 192.168.0.1 Déconnecté (00:00:32 Min)
[20:11:44] - [8] Client 192.168.0.1 Déconnecté (00:01:50 Min)
[20:21:50] - [7] MIRKO.POZEN: Répertoire en Cours: D:\kerberos.htx\
[20:21:50] - [7] MIRKO.POZEN: Répertoire en Cours: D:\kerberos.htx\getrt520\
[20:22:03] - [7] MIRKO.POZEN: Répertoire en Cours: D:\kerberos.htx\getrt520\Traductions\
[20:22:03] - [7] MIRKO.POZEN: Répertoire en Cours: D:\kerberos.htx\getrt520\Traductions\Turkish\
[20:22:03] - [7] MIRKO.POZEN: Répertoire en Cours: D:\kerberos.htx\getrt520\Traductions\
[20:22:03] - [7] MIRKO.POZEN: Répertoire en Cours: D:\kerberos.htx\getrt520\Traductions\Spanish\
[20:22:04] - [7] MIRKO.POZEN: Répertoire en Cours: D:\kerberos.htx\getrt520\Traductions\
[20:22:04] - [7] MIRKO.POZEN: Répertoire en Cours: D:\kerberos.htx\getrt520\Traductions\Slovak\
[20:22:04] - [7] MIRKO.POZEN: Répertoire en Cours: D:\kerberos.htx\getrt520\Traductions\
[20:22:04] - [7] MIRKO.POZEN: Répertoire en Cours: D:\kerberos.htx\getrt520\Traductions\Italian\
[20:22:04] - [7] MIRKO.POZEN: Répertoire en Cours: D:\kerberos.htx\getrt520\Traductions\
[20:22:04] - [7] MIRKO.POZEN: Répertoire en Cours: D:\kerberos.htx\getrt520\Traductions\Hungarian\
[20:22:05] - [7] MIRKO.POZEN: Répertoire en Cours: D:\kerberos.htx\getrt520\Traductions\
[20:22:05] - [7] MIRKO.POZEN: Répertoire en Cours: D:\kerberos.htx\getrt520\Traductions\German\
[20:22:05] - [7] MIRKO.POZEN: Répertoire en Cours: D:\kerberos.htx\getrt520\Traductions\
[20:22:05] - [7] MIRKO.POZEN: Répertoire en Cours: D:\kerberos.htx\getrt520\Traductions\French\
[20:22:05] - [7] MIRKO.POZEN: Répertoire en Cours: D:\kerberos.htx\getrt520\Traductions\
[20:22:05] - [7] MIRKO.POZEN: Répertoire en Cours: D:\kerberos.htx\getrt520\Traductions\Danish\
[20:22:05] - [7] MIRKO.POZEN: Répertoire en Cours: D:\kerberos.htx\getrt520\Traductions\
[20:22:05] - [7] MIRKO.POZEN: Répertoire en Cours: D:\kerberos.htx\getrt520\Traductions\Czech\
[20:22:06] - [7] MIRKO.POZEN: Répertoire en Cours: D:\kerberos.htx\getrt520\Traductions\
[20:22:06] - [7] MIRKO.POZEN: Répertoire en Cours: D:\kerberos.htx\getrt520\Traductions\Catalan\
[20:22:06] - [10] Connecté à 192.168.0.1. Collecte du Nom d'utilisateur.
[20:22:06] - [11] Connecté à 192.168.0.1. Collecte du Nom d'utilisateur.
[20:22:06] - [10] Usager MIRKO.POZEN Connecté IP: 192.168.0.1
[20:22:06] - [10] MIRKO.POZEN: Répertoire en Cours: D:\kerberos.htx\
[20:22:06] - [11] Usager MIRKO.POZEN Connecté IP: 192.168.0.1
[20:22:06] - [11] MIRKO.POZEN: Répertoire en Cours: D:\kerberos.htx\
[20:22:06] - [10] MIRKO.POZEN: Répertoire en Cours: D:\kerberos.htx\getrt520\
[20:22:06] - [11] MIRKO.POZEN: Répertoire en Cours: D:\kerberos.htx\getrt520\
[20:22:06] - [11] MIRKO.POZEN: Début du Téléchargement de: D:\kerberos.htx\getrt520\Serial.txt
[20:22:07] - [11] MIRKO.POZEN: Fichier envoyé: D:\kerberos.htx\getrt520\Serial.txt (0,03 K/S -    30 bytes)
[20:22:07] - [10] MIRKO.POZEN: Début du Téléchargement de: D:\kerberos.htx\getrt520\getrt520.exe
[20:22:16] - [11] MIRKO.POZEN: Répertoire en Cours: D:\kerberos.htx\getrt520\Traductions\Turkish\
[20:22:16] - [11] MIRKO.POZEN: Début du Téléchargement de: D:\kerberos.htx\getrt520\Traductions\Turkish\gr_turkish.dll
[20:22:18] - [11] MIRKO.POZEN: Fichier envoyé: D:\kerberos.htx\getrt520\Traductions\Turkish\gr_turkish.dll (161,00 K/S -   329 728 bytes)
[20:22:18] - [11] MIRKO.POZEN: Début du Téléchargement de: D:\kerberos.htx\getrt520\Traductions\Turkish\Kaldìr.reg
[20:22:19] - [11] MIRKO.POZEN: Fichier envoyé: D:\kerberos.htx\getrt520\Traductions\Turkish\Kaldìr.reg (0,13 K/S -    137 bytes)
[20:22:19] - [11] MIRKO.POZEN: Début du Téléchargement de: D:\kerberos.htx\getrt520\Traductions\Turkish\Yükle.reg
[20:22:19] - [11] MIRKO.POZEN: Fichier envoyé: D:\kerberos.htx\getrt520\Traductions\Turkish\Yükle.reg (0,15 K/S -    151 bytes)
[20:22:19] - [11] MIRKO.POZEN: Répertoire en Cours: D:\kerberos.htx\getrt520\Traductions\Spanish\
[20:22:19] - [11] MIRKO.POZEN: Début du Téléchargement de: D:\kerberos.htx\getrt520\Traductions\Spanish\Getright 52_Es.exe
[20:22:28] - [11] MIRKO.POZEN: Fichier envoyé: D:\kerberos.htx\getrt520\Traductions\Spanish\Getright 52_Es.exe (50,77 K/S -   415 907 bytes)
[20:22:28] - [11] MIRKO.POZEN: Début du Téléchargement de: D:\kerberos.htx\getrt520\Traductions\Spanish\Pasos a seguir.txt
[20:22:29] - [11] MIRKO.POZEN: Fichier envoyé: D:\kerberos.htx\getrt520\Traductions\Spanish\Pasos a seguir.txt (0,92 K/S -    944 bytes)
[20:22:29] - [11] MIRKO.POZEN: Répertoire en Cours: D:\kerberos.htx\getrt520\Traductions\Slovak\
[20:22:29] - [11] MIRKO.POZEN: Début du Téléchargement de: D:\kerberos.htx\getrt520\Traductions\Slovak\instal_sk.exe
[20:22:30] - [11] MIRKO.POZEN: Fichier envoyé: D:\kerberos.htx\getrt520\Traductions\Slovak\instal_sk.exe (204,69 K/S -   419 210 bytes)
[20:22:31] - [11] MIRKO.POZEN: Répertoire en Cours: D:\kerberos.htx\getrt520\Traductions\Italian\
[20:22:31] - [11] MIRKO.POZEN: Début du Téléchargement de: D:\kerberos.htx\getrt520\Traductions\Italian\Disinstalla.reg
[20:22:31] - [11] MIRKO.POZEN: Fichier envoyé: D:\kerberos.htx\getrt520\Traductions\Italian\Disinstalla.reg (0,13 K/S -    137 bytes)
[20:22:31] - [11] MIRKO.POZEN: Début du Téléchargement de: D:\kerberos.htx\getrt520\Traductions\Italian\Gr52_Italiano.dll
[20:22:34] - [11] MIRKO.POZEN: Fichier envoyé: D:\kerberos.htx\getrt520\Traductions\Italian\Gr52_Italiano.dll (342,67 K/S -  1 052 672 bytes)
[20:22:34] - [11] MIRKO.POZEN: Début du Téléchargement de: D:\kerberos.htx\getrt520\Traductions\Italian\GRFolder.ini
[20:22:34] - [11] MIRKO.POZEN: Fichier envoyé: D:\kerberos.htx\getrt520\Traductions\Italian\GRFolder.ini (0,49 K/S -    500 bytes)
[20:22:34] - [11] MIRKO.POZEN: Début du Téléchargement de: D:\kerberos.htx\getrt520\Traductions\Italian\Installa.reg
[20:22:34] - [11] MIRKO.POZEN: Fichier envoyé: D:\kerberos.htx\getrt520\Traductions\Italian\Installa.reg (0,15 K/S -    154 bytes)
[20:22:34] - [11] MIRKO.POZEN: Début du Téléchargement de: D:\kerberos.htx\getrt520\Traductions\Italian\Leggimi.txt
[20:22:34] - [11] MIRKO.POZEN: Fichier envoyé: D:\kerberos.htx\getrt520\Traductions\Italian\Leggimi.txt (1,87 K/S -   1 911 bytes)
[20:22:34] - [11] MIRKO.POZEN: Répertoire en Cours: D:\kerberos.htx\getrt520\Traductions\Hungarian\
[20:22:34] - [11] MIRKO.POZEN: Début du Téléchargement de: D:\kerberos.htx\getrt520\Traductions\Hungarian\gr_hun520.dll
[20:22:35] - [10] MIRKO.POZEN: Fichier envoyé: D:\kerberos.htx\getrt520\getrt520.exe (107,17 K/S -  3 182 658 bytes)
[20:22:36] - [10] MIRKO.POZEN: Répertoire en Cours: D:\kerberos.htx\getrt520\Traductions\Hungarian\
[20:22:36] - [10] MIRKO.POZEN: Début du Téléchargement de: D:\kerberos.htx\getrt520\Traductions\Hungarian\install.reg
[20:22:36] - [10] MIRKO.POZEN: Fichier envoyé: D:\kerberos.htx\getrt520\Traductions\Hungarian\install.reg (0,15 K/S -    150 bytes)
[20:22:36] - [10] MIRKO.POZEN: Début du Téléchargement de: D:\kerberos.htx\getrt520\Traductions\Hungarian\Olvassel.txt
[20:22:36] - [10] MIRKO.POZEN: Fichier envoyé: D:\kerberos.htx\getrt520\Traductions\Hungarian\Olvassel.txt (2,64 K/S -   2 705 bytes)
[20:22:36] - [10] MIRKO.POZEN: Début du Téléchargement de: D:\kerberos.htx\getrt520\Traductions\Hungarian\uninstall.reg
[20:22:36] - [10] MIRKO.POZEN: Fichier envoyé: D:\kerberos.htx\getrt520\Traductions\Hungarian\uninstall.reg (0,13 K/S -    137 bytes)
[20:22:36] - [10] MIRKO.POZEN: Répertoire en Cours: D:\kerberos.htx\getrt520\Traductions\German\
[20:22:36] - [10] MIRKO.POZEN: Début du Téléchargement de: D:\kerberos.htx\getrt520\Traductions\German\gr_ger520.exe
[20:22:38] - [11] MIRKO.POZEN: Fichier envoyé: D:\kerberos.htx\getrt520\Traductions\Hungarian\gr_hun520.dll (325,17 K/S -   998 912 bytes)
[20:22:38] - [11] MIRKO.POZEN: Répertoire en Cours: D:\kerberos.htx\getrt520\Traductions\French\
[20:22:38] - [10] MIRKO.POZEN: Fichier envoyé: D:\kerberos.htx\getrt520\Traductions\German\gr_ger520.exe (183,63 K/S -   376 072 bytes)
[20:22:38] - [10] MIRKO.POZEN: Répertoire en Cours: D:\kerberos.htx\getrt520\Traductions\Danish\
[20:22:38] - [11] MIRKO.POZEN: Début du Téléchargement de: D:\kerberos.htx\getrt520\Traductions\French\gr_5_fr.exe
[20:22:39] - [10] MIRKO.POZEN: Début du Téléchargement de: D:\kerberos.htx\getrt520\Traductions\Danish\GRFolder.ini
[20:22:39] - [10] MIRKO.POZEN: Fichier envoyé: D:\kerberos.htx\getrt520\Traductions\Danish\GRFolder.ini (0,48 K/S -    491 bytes)
[20:22:39] - [10] MIRKO.POZEN: Début du Téléchargement de: D:\kerberos.htx\getrt520\Traductions\Danish\gr_danish.dll
[20:22:40] - [11] MIRKO.POZEN: Fichier envoyé: D:\kerberos.htx\getrt520\Traductions\French\gr_5_fr.exe (202,44 K/S -   414 594 bytes)
[20:22:40] - [11] MIRKO.POZEN: Répertoire en Cours: D:\kerberos.htx\getrt520\Traductions\Danish\
[20:22:40] - [11] MIRKO.POZEN: Début du Téléchargement de: D:\kerberos.htx\getrt520\Traductions\Danish\install.reg
[20:22:40] - [11] MIRKO.POZEN: Fichier envoyé: D:\kerberos.htx\getrt520\Traductions\Danish\install.reg (0,15 K/S -    150 bytes)
[20:22:40] - [11] MIRKO.POZEN: Début du Téléchargement de: D:\kerberos.htx\getrt520\Traductions\Danish\Læs-mig-først.txt
[20:22:40] - [11] MIRKO.POZEN: Fichier envoyé: D:\kerberos.htx\getrt520\Traductions\Danish\Læs-mig-først.txt (0,69 K/S -    711 bytes)
[20:22:41] - [11] MIRKO.POZEN: Début du Téléchargement de: D:\kerberos.htx\getrt520\Traductions\Danish\uninstall.reg
[20:22:41] - [11] MIRKO.POZEN: Fichier envoyé: D:\kerberos.htx\getrt520\Traductions\Danish\uninstall.reg (0,13 K/S -    137 bytes)
[20:22:41] - [11] MIRKO.POZEN: Répertoire en Cours: D:\kerberos.htx\getrt520\Traductions\Czech\
[20:22:41] - [11] MIRKO.POZEN: Début du Téléchargement de: D:\kerberos.htx\getrt520\Traductions\Czech\Ctimne.txt
[20:22:41] - [11] MIRKO.POZEN: Fichier envoyé: D:\kerberos.htx\getrt520\Traductions\Czech\Ctimne.txt (1,21 K/S -   1 235 bytes)
[20:22:41] - [11] MIRKO.POZEN: Début du Téléchargement de: D:\kerberos.htx\getrt520\Traductions\Czech\instal_cz.exe
[20:22:42] - [10] MIRKO.POZEN: Fichier envoyé: D:\kerberos.htx\getrt520\Traductions\Danish\gr_danish.dll (330,67 K/S -  1 015 808 bytes)
[20:22:42] - [10] MIRKO.POZEN: Répertoire en Cours: D:\kerberos.htx\getrt520\Traductions\Catalan\
[20:22:42] - [10] MIRKO.POZEN: Début du Téléchargement de: D:\kerberos.htx\getrt520\Traductions\Catalan\gr_catala.dll
[20:22:43] - [11] MIRKO.POZEN: Fichier envoyé: D:\kerberos.htx\getrt520\Traductions\Czech\instal_cz.exe (204,43 K/S -   418 675 bytes)
[20:22:43] - [11] MIRKO.POZEN: Répertoire en Cours: D:\kerberos.htx\getrt520\Traductions\Catalan\
[20:22:43] - [11] MIRKO.POZEN: Début du Téléchargement de: D:\kerberos.htx\getrt520\Traductions\Catalan\install.reg
[20:22:43] - [11] MIRKO.POZEN: Fichier envoyé: D:\kerberos.htx\getrt520\Traductions\Catalan\install.reg (0,15 K/S -    150 bytes)
[20:22:43] - [11] MIRKO.POZEN: Début du Téléchargement de: D:\kerberos.htx\getrt520\Traductions\Catalan\Llegeix-me.txt
[20:22:43] - [11] MIRKO.POZEN: Fichier envoyé: D:\kerberos.htx\getrt520\Traductions\Catalan\Llegeix-me.txt (0,98 K/S -   1 000 bytes)
[20:22:44] - [11] MIRKO.POZEN: Début du Téléchargement de: D:\kerberos.htx\getrt520\Traductions\Catalan\uninstall.reg
[20:22:44] - [11] MIRKO.POZEN: Fichier envoyé: D:\kerberos.htx\getrt520\Traductions\Catalan\uninstall.reg (0,13 K/S -    137 bytes)
[20:22:45] - [10] MIRKO.POZEN: Fichier envoyé: D:\kerberos.htx\getrt520\Traductions\Catalan\gr_catala.dll (682,05 K/S -  1 396 829 bytes)
[20:23:00] - [7] MIRKO.POZEN: Répertoire en Cours: D:\kerberos.htx\
[20:23:07] - [7] MIRKO.POZEN: Début du Téléchargement de: D:\kerberos.htx\lliren.txt
[20:23:07] - [7] MIRKO.POZEN: Fichier envoyé: D:\kerberos.htx\lliren.txt (0,04 K/S -    41 bytes)
[20:23:15] - [11] Client 192.168.0.1 Déconnecté (00:01:09 Min)
[20:23:16] - [10] Client 192.168.0.1 Déconnecté (00:01:10 Min)
[20:23:54] - [7] Client 192.168.0.1 Déconnecté (00:14:40 Min)
[20:42:51] - Serveur Arreté
