[06:22:49] - [8] Connecté à 202.55.67.78. Collecte du Nom d'utilisateur.
[06:22:49] - [8] Client 202.55.67.78 Déconnecté (00:00:00 Min)
[08:51:04] - [9] Connecté à 91.205.129.192. Collecte du Nom d'utilisateur.
[08:51:04] - [9] Authentification Incorrect: Utilisateur WWW-DATA IP: 91.205.129.192
[08:51:04] - [9] Client 91.205.129.192 Déconnecté (00:00:00 Min)
[10:06:34] - [10] Connecté à 90.6.49.146. Collecte du Nom d'utilisateur.
[10:06:34] - [10] Usager VICTOR.POZEN Connecté IP: 90.6.49.146
[10:06:34] - [10] VICTOR.POZEN: Répertoire en Cours: D:\kerberos.htx\
[10:06:34] - [10] VICTOR.POZEN: Répertoire en Cours: D:\kerberos.htx\
[10:06:56] - [10] VICTOR.POZEN: Répertoire en Cours: D:\kerberos.htx\exe\
[10:07:21] - [11] Connecté à 90.6.49.146. Collecte du Nom d'utilisateur.
[10:07:21] - [11] Usager VICTOR.POZEN Connecté IP: 90.6.49.146
[10:07:21] - [11] VICTOR.POZEN: Répertoire en Cours: D:\kerberos.htx\
[10:07:21] - [11] VICTOR.POZEN: Début du Téléchargement de: D:\kerberos.htx\acunetix-web-vulnerability-scanner_10-5-20160215_fr_47882.exe
[10:07:36] - [11] VICTOR.POZEN: Fichier envoyé: D:\kerberos.htx\acunetix-web-vulnerability-scanner_10-5-20160215_fr_47882.exe (1 994,74 K/S -  30 639 184 bytes)
[10:08:08] - [11] Client 90.6.49.146 Déconnecté (00:00:47 Min)
[10:08:08] - [10] VICTOR.POZEN: Répertoire en Cours: D:\kerberos.htx\exe\PC Tools Registry Mechanic v8.0.0.900+Keygen-HeartBug\
[10:08:23] - [10] Client 90.6.49.146 Déconnecté (00:01:49 Min)
[10:18:45] - [12] Connecté à 90.6.49.146. Collecte du Nom d'utilisateur.
[10:18:45] - [12] Usager SPOKE.FILES Connecté IP: 90.6.49.146
[10:18:45] - [12] SPOKE.FILES: Répertoire en Cours: F:\spoke.files\
[10:18:45] - [12] SPOKE.FILES: Répertoire en Cours: F:\spoke.files\
[10:18:51] - [13] Connecté à 90.6.49.146. Collecte du Nom d'utilisateur.
[10:18:51] - [13] Usager SPOKE.FILES Connecté IP: 90.6.49.146
[10:18:51] - [13] SPOKE.FILES: Répertoire en Cours: F:\spoke.files\
[10:18:51] - [13] SPOKE.FILES: Répertoire en Cours: F:\spoke.files\
[10:18:52] - [13] SPOKE.FILES: Début du Téléchargement de: F:\spoke.files\Acunetix =10=.rar
[10:19:16] - [13] SPOKE.FILES: Fichier envoyé: F:\spoke.files\Acunetix =10=.rar (1 995,92 K/S -  49 051 637 bytes)
[10:19:47] - [13] Client 90.6.49.146 Déconnecté (00:00:55 Min)
[10:20:54] - [12] Client 90.6.49.146 Déconnecté (00:02:08 Min)
[10:39:07] - [14] Connecté à 90.6.49.146. Collecte du Nom d'utilisateur.
[10:39:07] - [14] Usager SPOKE.FILES Connecté IP: 90.6.49.146
[10:39:07] - [14] SPOKE.FILES: Répertoire en Cours: F:\spoke.files\
[10:39:07] - [14] SPOKE.FILES: Répertoire en Cours: F:\spoke.files\
[10:39:25] - [14] SPOKE.FILES: Répertoire en Cours: F:\spoke.files\
[10:39:25] - [15] Connecté à 90.6.49.146. Collecte du Nom d'utilisateur.
[10:39:25] - [14] SPOKE.FILES: Nouveau Répertoire: F:\spoke.files\Acunetix
[10:39:25] - [16] Connecté à 90.6.49.146. Collecte du Nom d'utilisateur.
[10:39:25] - [14] SPOKE.FILES: Répertoire en Cours: F:\spoke.files\
[10:39:25] - [15] Usager SPOKE.FILES Connecté IP: 90.6.49.146
[10:39:25] - [15] SPOKE.FILES: Répertoire en Cours: F:\spoke.files\
[10:39:25] - [14] SPOKE.FILES: Nouveau Répertoire: F:\spoke.files\Acunetix
[10:39:25] - [16] Trop D'Usager Connecter Pour ce Login: SPOKE.FILES IP: 90.6.49.146
[10:39:25] - [14] SPOKE.FILES: Répertoire en Cours: F:\spoke.files\Acunetix\
[10:39:25] - [16] Client 90.6.49.146 Déconnecté (00:00:00 Min)
[10:39:25] - [14] SPOKE.FILES: Nouveau Répertoire: F:\spoke.files\Acunetix\Web Vulnerability Scanner 10
[10:39:25] - [15] SPOKE.FILES: Répertoire en Cours: F:\spoke.files\Acunetix\Web Vulnerability Scanner 10\
[10:39:25] - [14] SPOKE.FILES: Répertoire en Cours: F:\spoke.files\Acunetix\
[10:39:25] - [14] SPOKE.FILES: Nouveau Répertoire: F:\spoke.files\Acunetix\Web Vulnerability Scanner 10
[10:39:26] - [14] SPOKE.FILES: Répertoire en Cours: F:\spoke.files\Acunetix\Web Vulnerability Scanner 10\
[10:39:26] - [14] SPOKE.FILES: Nouveau Répertoire: F:\spoke.files\Acunetix\Web Vulnerability Scanner 10\imageformats
[10:39:26] - [14] SPOKE.FILES: Répertoire en Cours: F:\spoke.files\Acunetix\Web Vulnerability Scanner 10\
[10:39:26] - [14] SPOKE.FILES: Nouveau Répertoire: F:\spoke.files\Acunetix\Web Vulnerability Scanner 10\imageformats
[10:39:26] - [14] SPOKE.FILES: Répertoire en Cours: F:\spoke.files\Acunetix\Web Vulnerability Scanner 10\
[10:39:26] - [14] SPOKE.FILES: Nouveau Répertoire: F:\spoke.files\Acunetix\Web Vulnerability Scanner 10\platforms
[10:39:26] - [14] SPOKE.FILES: Répertoire en Cours: F:\spoke.files\Acunetix\Web Vulnerability Scanner 10\
[10:39:26] - [14] SPOKE.FILES: Nouveau Répertoire: F:\spoke.files\Acunetix\Web Vulnerability Scanner 10\platforms
[10:39:26] - [14] SPOKE.FILES: Répertoire en Cours: F:\spoke.files\Acunetix\Web Vulnerability Scanner 10\
[10:39:26] - [14] SPOKE.FILES: Nouveau Répertoire: F:\spoke.files\Acunetix\Web Vulnerability Scanner 10\sqldrivers
[10:39:26] - [14] SPOKE.FILES: Répertoire en Cours: F:\spoke.files\Acunetix\Web Vulnerability Scanner 10\
[10:39:26] - [14] SPOKE.FILES: Nouveau Répertoire: F:\spoke.files\Acunetix\Web Vulnerability Scanner 10\sqldrivers
[10:39:26] - [15] SPOKE.FILES: Début d'Upload de F:\spoke.files\Acunetix\Web Vulnerability Scanner 10\Activation.exe
[10:39:30] - [15] SPOKE.FILES: Fichier Upload: F:\spoke.files\Acunetix\Web Vulnerability Scanner 10\Activation.exe (341,81 K/S -  1 400 040 bytes)
[10:39:30] - [14] SPOKE.FILES: Début d'Upload de F:\spoke.files\Acunetix\Web Vulnerability Scanner 10\Activation.exe.BAK
[10:39:30] - [15] SPOKE.FILES: Début d'Upload de F:\spoke.files\Acunetix\Web Vulnerability Scanner 10\Acunetix Web Vulnerability Scanner 10.x Consultant Edition KeyGen.exe
[10:39:34] - [14] SPOKE.FILES: Fichier Upload: F:\spoke.files\Acunetix\Web Vulnerability Scanner 10\Activation.exe.BAK (273,45 K/S -  1 400 040 bytes)
[10:39:38] - [15] SPOKE.FILES: Fichier Upload: F:\spoke.files\Acunetix\Web Vulnerability Scanner 10\Acunetix Web Vulnerability Scanner 10.x Consultant Edition KeyGen.exe (157,83 K/S -  1 454 592 bytes)
[10:39:38] - [15] SPOKE.FILES: Début d'Upload de F:\spoke.files\Acunetix\Web Vulnerability Scanner 10\DelZip190.dll
[10:39:39] - [15] SPOKE.FILES: Fichier Upload: F:\spoke.files\Acunetix\Web Vulnerability Scanner 10\DelZip190.dll (307,50 K/S -   314 880 bytes)
[10:39:39] - [15] SPOKE.FILES: Début d'Upload de F:\spoke.files\Acunetix\Web Vulnerability Scanner 10\icudt53.dll
[10:39:46] - [15] SPOKE.FILES: Fichier Upload: F:\spoke.files\Acunetix\Web Vulnerability Scanner 10\icudt53.dll (3 003,50 K/S -  21 529 088 bytes)
[10:39:46] - [17] Connecté à 90.6.49.146. Collecte du Nom d'utilisateur.
[10:39:46] - [15] SPOKE.FILES: Début d'Upload de F:\spoke.files\Acunetix\Web Vulnerability Scanner 10\icuin53.dll
[10:39:46] - [17] Usager SPOKE.FILES Connecté IP: 90.6.49.146
[10:39:46] - [17] SPOKE.FILES: Répertoire en Cours: F:\spoke.files\
[10:39:46] - [17] SPOKE.FILES: Répertoire en Cours: F:\spoke.files\Acunetix\Web Vulnerability Scanner 10\
[10:39:46] - [17] SPOKE.FILES: Début d'Upload de F:\spoke.files\Acunetix\Web Vulnerability Scanner 10\icuuc53.dll
[10:39:47] - [17] SPOKE.FILES: Fichier Upload: F:\spoke.files\Acunetix\Web Vulnerability Scanner 10\icuuc53.dll (661,75 K/S -  1 355 264 bytes)
[10:39:47] - [17] SPOKE.FILES: Répertoire en Cours: F:\spoke.files\Acunetix\Web Vulnerability Scanner 10\imageformats\
[10:39:48] - [15] SPOKE.FILES: Fichier Upload: F:\spoke.files\Acunetix\Web Vulnerability Scanner 10\icuin53.dll (968,25 K/S -  1 982 976 bytes)
[10:39:48] - [17] SPOKE.FILES: Début d'Upload de F:\spoke.files\Acunetix\Web Vulnerability Scanner 10\imageformats\qdds.dll
[10:39:48] - [15] SPOKE.FILES: Répertoire en Cours: F:\spoke.files\Acunetix\Web Vulnerability Scanner 10\imageformats\
[10:39:48] - [17] SPOKE.FILES: Fichier Upload: F:\spoke.files\Acunetix\Web Vulnerability Scanner 10\imageformats\qdds.dll (38,00 K/S -   38 912 bytes)
[10:39:48] - [15] SPOKE.FILES: Début d'Upload de F:\spoke.files\Acunetix\Web Vulnerability Scanner 10\imageformats\qgif.dll
[10:39:48] - [15] SPOKE.FILES: Fichier Upload: F:\spoke.files\Acunetix\Web Vulnerability Scanner 10\imageformats\qgif.dll (24,00 K/S -   24 576 bytes)
[10:39:48] - [17] SPOKE.FILES: Début d'Upload de F:\spoke.files\Acunetix\Web Vulnerability Scanner 10\imageformats\qicns.dll
[10:39:48] - [17] SPOKE.FILES: Fichier Upload: F:\spoke.files\Acunetix\Web Vulnerability Scanner 10\imageformats\qicns.dll (30,50 K/S -   31 232 bytes)
[10:39:48] - [15] SPOKE.FILES: Début d'Upload de F:\spoke.files\Acunetix\Web Vulnerability Scanner 10\imageformats\qico.dll
[10:39:48] - [17] SPOKE.FILES: Début d'Upload de F:\spoke.files\Acunetix\Web Vulnerability Scanner 10\imageformats\qjp2.dll
[10:39:48] - [15] SPOKE.FILES: Fichier Upload: F:\spoke.files\Acunetix\Web Vulnerability Scanner 10\imageformats\qico.dll (24,50 K/S -   25 088 bytes)
[10:39:49] - [15] SPOKE.FILES: Début d'Upload de F:\spoke.files\Acunetix\Web Vulnerability Scanner 10\imageformats\qjpeg.dll
[10:39:49] - [17] SPOKE.FILES: Fichier Upload: F:\spoke.files\Acunetix\Web Vulnerability Scanner 10\imageformats\qjp2.dll (409,50 K/S -   419 328 bytes)
[10:39:49] - [15] SPOKE.FILES: Fichier Upload: F:\spoke.files\Acunetix\Web Vulnerability Scanner 10\imageformats\qjpeg.dll (235,00 K/S -   240 640 bytes)
[10:39:49] - [17] SPOKE.FILES: Début d'Upload de F:\spoke.files\Acunetix\Web Vulnerability Scanner 10\imageformats\qmng.dll
[10:39:49] - [15] SPOKE.FILES: Début d'Upload de F:\spoke.files\Acunetix\Web Vulnerability Scanner 10\imageformats\qsvg.dll
[10:39:49] - [15] SPOKE.FILES: Fichier Upload: F:\spoke.files\Acunetix\Web Vulnerability Scanner 10\imageformats\qsvg.dll (18,50 K/S -   18 944 bytes)
[10:39:49] - [17] SPOKE.FILES: Fichier Upload: F:\spoke.files\Acunetix\Web Vulnerability Scanner 10\imageformats\qmng.dll (215,50 K/S -   220 672 bytes)
[10:39:50] - [15] SPOKE.FILES: Début d'Upload de F:\spoke.files\Acunetix\Web Vulnerability Scanner 10\imageformats\qtga.dll
[10:39:50] - [17] SPOKE.FILES: Début d'Upload de F:\spoke.files\Acunetix\Web Vulnerability Scanner 10\imageformats\qtiff.dll
[10:39:50] - [15] SPOKE.FILES: Fichier Upload: F:\spoke.files\Acunetix\Web Vulnerability Scanner 10\imageformats\qtga.dll (18,00 K/S -   18 432 bytes)
[10:39:50] - [15] SPOKE.FILES: Début d'Upload de F:\spoke.files\Acunetix\Web Vulnerability Scanner 10\imageformats\qwbmp.dll
[10:39:50] - [17] SPOKE.FILES: Fichier Upload: F:\spoke.files\Acunetix\Web Vulnerability Scanner 10\imageformats\qtiff.dll (305,00 K/S -   312 320 bytes)
[10:39:50] - [15] SPOKE.FILES: Fichier Upload: F:\spoke.files\Acunetix\Web Vulnerability Scanner 10\imageformats\qwbmp.dll (17,50 K/S -   17 920 bytes)
[10:39:50] - [15] SPOKE.FILES: Répertoire en Cours: F:\spoke.files\Acunetix\Web Vulnerability Scanner 10\
[10:39:50] - [17] SPOKE.FILES: Début d'Upload de F:\spoke.files\Acunetix\Web Vulnerability Scanner 10\imageformats\qwebp.dll
[10:39:50] - [15] SPOKE.FILES: Début d'Upload de F:\spoke.files\Acunetix\Web Vulnerability Scanner 10\importer.exe
[10:39:50] - [17] SPOKE.FILES: Fichier Upload: F:\spoke.files\Acunetix\Web Vulnerability Scanner 10\imageformats\qwebp.dll (285,00 K/S -   291 840 bytes)
[10:39:51] - [15] SPOKE.FILES: Fichier Upload: F:\spoke.files\Acunetix\Web Vulnerability Scanner 10\importer.exe (65,00 K/S -   66 560 bytes)
[10:39:51] - [17] SPOKE.FILES: Répertoire en Cours: F:\spoke.files\Acunetix\Web Vulnerability Scanner 10\
[10:39:51] - [15] SPOKE.FILES: Début d'Upload de F:\spoke.files\Acunetix\Web Vulnerability Scanner 10\libEGL.dll
[10:39:51] - [17] SPOKE.FILES: Début d'Upload de F:\spoke.files\Acunetix\Web Vulnerability Scanner 10\libeay32.dll
[10:39:51] - [15] SPOKE.FILES: Fichier Upload: F:\spoke.files\Acunetix\Web Vulnerability Scanner 10\libEGL.dll (55,00 K/S -   56 320 bytes)
[10:39:51] - [15] SPOKE.FILES: Début d'Upload de F:\spoke.files\Acunetix\Web Vulnerability Scanner 10\libGLESv2.dll
[10:39:51] - [17] SPOKE.FILES: Fichier Upload: F:\spoke.files\Acunetix\Web Vulnerability Scanner 10\libeay32.dll (1 146,00 K/S -  1 173 504 bytes)
[10:39:52] - [17] SPOKE.FILES: Début d'Upload de F:\spoke.files\Acunetix\Web Vulnerability Scanner 10\license.rtf
[10:39:52] - [15] SPOKE.FILES: Fichier Upload: F:\spoke.files\Acunetix\Web Vulnerability Scanner 10\libGLESv2.dll (1 111,50 K/S -  1 138 176 bytes)
[10:39:52] - [17] SPOKE.FILES: Fichier Upload: F:\spoke.files\Acunetix\Web Vulnerability Scanner 10\license.rtf (249,52 K/S -   255 508 bytes)
[10:39:52] - [15] SPOKE.FILES: Début d'Upload de F:\spoke.files\Acunetix\Web Vulnerability Scanner 10\lsr.exe
[10:39:52] - [17] SPOKE.FILES: Début d'Upload de F:\spoke.files\Acunetix\Web Vulnerability Scanner 10\marvin.exe
[10:39:52] - [17] SPOKE.FILES: Fichier Upload: F:\spoke.files\Acunetix\Web Vulnerability Scanner 10\marvin.exe (90,50 K/S -   92 672 bytes)
[10:39:52] - [17] SPOKE.FILES: Début d'Upload de F:\spoke.files\Acunetix\Web Vulnerability Scanner 10\msvcp120.dll
[10:39:53] - [15] SPOKE.FILES: Fichier Upload: F:\spoke.files\Acunetix\Web Vulnerability Scanner 10\lsr.exe (594,50 K/S -   608 768 bytes)
[10:39:53] - [15] SPOKE.FILES: Début d'Upload de F:\spoke.files\Acunetix\Web Vulnerability Scanner 10\msvcr120.dll
[10:39:53] - [17] SPOKE.FILES: Fichier Upload: F:\spoke.files\Acunetix\Web Vulnerability Scanner 10\msvcp120.dll (444,66 K/S -   455 328 bytes)
[10:39:53] - [17] SPOKE.FILES: Début d'Upload de F:\spoke.files\Acunetix\Web Vulnerability Scanner 10\pcre.dll
[10:39:53] - [17] SPOKE.FILES: Fichier Upload: F:\spoke.files\Acunetix\Web Vulnerability Scanner 10\pcre.dll (148,00 K/S -   151 552 bytes)
[10:39:53] - [17] SPOKE.FILES: Répertoire en Cours: F:\spoke.files\Acunetix\Web Vulnerability Scanner 10\platforms\
[10:39:53] - [15] SPOKE.FILES: Fichier Upload: F:\spoke.files\Acunetix\Web Vulnerability Scanner 10\msvcr120.dll (948,16 K/S -   970 912 bytes)
[10:39:53] - [17] SPOKE.FILES: Début d'Upload de F:\spoke.files\Acunetix\Web Vulnerability Scanner 10\platforms\qwindows.dll
[10:39:53] - [15] SPOKE.FILES: Début d'Upload de F:\spoke.files\Acunetix\Web Vulnerability Scanner 10\ProcessTracer.exe
[10:39:54] - [17] SPOKE.FILES: Fichier Upload: F:\spoke.files\Acunetix\Web Vulnerability Scanner 10\platforms\qwindows.dll (887,00 K/S -   908 288 bytes)
[10:39:54] - [17] SPOKE.FILES: Répertoire en Cours: F:\spoke.files\Acunetix\Web Vulnerability Scanner 10\
[10:39:54] - [17] SPOKE.FILES: Début d'Upload de F:\spoke.files\Acunetix\Web Vulnerability Scanner 10\Qt5Core.dll
[10:39:55] - [15] SPOKE.FILES: Fichier Upload: F:\spoke.files\Acunetix\Web Vulnerability Scanner 10\ProcessTracer.exe (1 168,50 K/S -  1 196 544 bytes)
[10:39:55] - [15] SPOKE.FILES: Début d'Upload de F:\spoke.files\Acunetix\Web Vulnerability Scanner 10\Qt5Gui.dll
[10:39:59] - [17] SPOKE.FILES: Fichier Upload: F:\spoke.files\Acunetix\Web Vulnerability Scanner 10\Qt5Core.dll (793,60 K/S -  4 063 232 bytes)
[10:39:59] - [15] SPOKE.FILES: Fichier Upload: F:\spoke.files\Acunetix\Web Vulnerability Scanner 10\Qt5Gui.dll (843,38 K/S -  3 454 464 bytes)
[10:39:59] - [17] SPOKE.FILES: Début d'Upload de F:\spoke.files\Acunetix\Web Vulnerability Scanner 10\Qt5Multimedia.dll
[10:39:59] - [15] SPOKE.FILES: Début d'Upload de F:\spoke.files\Acunetix\Web Vulnerability Scanner 10\Qt5MultimediaWidgets.dll
[10:39:59] - [15] SPOKE.FILES: Fichier Upload: F:\spoke.files\Acunetix\Web Vulnerability Scanner 10\Qt5MultimediaWidgets.dll (80,50 K/S -   82 432 bytes)
[10:40:00] - [17] SPOKE.FILES: Fichier Upload: F:\spoke.files\Acunetix\Web Vulnerability Scanner 10\Qt5Multimedia.dll (524,50 K/S -   537 088 bytes)
[10:40:00] - [15] SPOKE.FILES: Début d'Upload de F:\spoke.files\Acunetix\Web Vulnerability Scanner 10\Qt5Network.dll
[10:40:00] - [17] SPOKE.FILES: Début d'Upload de F:\spoke.files\Acunetix\Web Vulnerability Scanner 10\Qt5OpenGL.dll
[10:40:00] - [17] SPOKE.FILES: Fichier Upload: F:\spoke.files\Acunetix\Web Vulnerability Scanner 10\Qt5OpenGL.dll (255,50 K/S -   261 632 bytes)
[10:40:00] - [17] SPOKE.FILES: Début d'Upload de F:\spoke.files\Acunetix\Web Vulnerability Scanner 10\Qt5Positioning.dll
[10:40:00] - [15] SPOKE.FILES: Fichier Upload: F:\spoke.files\Acunetix\Web Vulnerability Scanner 10\Qt5Network.dll (807,50 K/S -   826 880 bytes)
[10:40:01] - [17] SPOKE.FILES: Fichier Upload: F:\spoke.files\Acunetix\Web Vulnerability Scanner 10\Qt5Positioning.dll (154,50 K/S -   158 208 bytes)
[10:40:01] - [15] SPOKE.FILES: Début d'Upload de F:\spoke.files\Acunetix\Web Vulnerability Scanner 10\Qt5PrintSupport.dll
[10:40:01] - [17] SPOKE.FILES: Début d'Upload de F:\spoke.files\Acunetix\Web Vulnerability Scanner 10\Qt5Qml.dll
[10:40:01] - [15] SPOKE.FILES: Fichier Upload: F:\spoke.files\Acunetix\Web Vulnerability Scanner 10\Qt5PrintSupport.dll (258,50 K/S -   264 704 bytes)
[10:40:01] - [15] SPOKE.FILES: Début d'Upload de F:\spoke.files\Acunetix\Web Vulnerability Scanner 10\Qt5Quick.dll
[10:40:03] - [17] SPOKE.FILES: Fichier Upload: F:\spoke.files\Acunetix\Web Vulnerability Scanner 10\Qt5Qml.dll (1 243,00 K/S -  2 545 664 bytes)
[10:40:03] - [17] SPOKE.FILES: Début d'Upload de F:\spoke.files\Acunetix\Web Vulnerability Scanner 10\Qt5Sensors.dll
[10:40:03] - [17] SPOKE.FILES: Fichier Upload: F:\spoke.files\Acunetix\Web Vulnerability Scanner 10\Qt5Sensors.dll (145,00 K/S -   148 480 bytes)
[10:40:03] - [17] SPOKE.FILES: Début d'Upload de F:\spoke.files\Acunetix\Web Vulnerability Scanner 10\Qt5Sql.dll
[10:40:03] - [15] SPOKE.FILES: Fichier Upload: F:\spoke.files\Acunetix\Web Vulnerability Scanner 10\Qt5Quick.dll (1 170,80 K/S -  2 397 696 bytes)
[10:40:03] - [17] SPOKE.FILES: Fichier Upload: F:\spoke.files\Acunetix\Web Vulnerability Scanner 10\Qt5Sql.dll (151,00 K/S -   154 624 bytes)
[10:40:03] - [15] SPOKE.FILES: Début d'Upload de F:\spoke.files\Acunetix\Web Vulnerability Scanner 10\Qt5WebChannel.dll
[10:40:03] - [17] SPOKE.FILES: Début d'Upload de F:\spoke.files\Acunetix\Web Vulnerability Scanner 10\Qt5WebKit.dll
[10:40:04] - [15] SPOKE.FILES: Fichier Upload: F:\spoke.files\Acunetix\Web Vulnerability Scanner 10\Qt5WebChannel.dll (75,00 K/S -   76 800 bytes)
[10:40:04] - [15] SPOKE.FILES: Début d'Upload de F:\spoke.files\Acunetix\Web Vulnerability Scanner 10\Qt5WebKitWidgets.dll
[10:40:04] - [15] SPOKE.FILES: Fichier Upload: F:\spoke.files\Acunetix\Web Vulnerability Scanner 10\Qt5WebKitWidgets.dll (193,50 K/S -   198 144 bytes)
[10:40:04] - [15] SPOKE.FILES: Début d'Upload de F:\spoke.files\Acunetix\Web Vulnerability Scanner 10\Qt5Widgets.dll
[10:40:07] - [15] SPOKE.FILES: Fichier Upload: F:\spoke.files\Acunetix\Web Vulnerability Scanner 10\Qt5Widgets.dll (1 433,00 K/S -  4 402 176 bytes)
[10:40:07] - [15] SPOKE.FILES: Début d'Upload de F:\spoke.files\Acunetix\Web Vulnerability Scanner 10\Qt5Xml.dll
[10:40:08] - [15] SPOKE.FILES: Fichier Upload: F:\spoke.files\Acunetix\Web Vulnerability Scanner 10\Qt5Xml.dll (147,00 K/S -   150 528 bytes)
[10:40:08] - [15] SPOKE.FILES: Début d'Upload de F:\spoke.files\Acunetix\Web Vulnerability Scanner 10\Qt5XmlPatterns.dll
[10:40:09] - [15] SPOKE.FILES: Fichier Upload: F:\spoke.files\Acunetix\Web Vulnerability Scanner 10\Qt5XmlPatterns.dll (1 210,00 K/S -  2 478 080 bytes)
[10:40:10] - [15] SPOKE.FILES: Début d'Upload de F:\spoke.files\Acunetix\Web Vulnerability Scanner 10\Reporter.exe
[10:40:31] - [15] SPOKE.FILES: Fichier Upload: F:\spoke.files\Acunetix\Web Vulnerability Scanner 10\Reporter.exe (218,92 K/S -  4 707 560 bytes)
[10:40:31] - [18] Connecté à 90.6.49.146. Collecte du Nom d'utilisateur.
[10:40:31] - [14] Client 90.6.49.146 Déconnecté (00:01:23 Min)
[10:40:31] - [18] Usager SPOKE.FILES Connecté IP: 90.6.49.146
[10:40:31] - [18] SPOKE.FILES: Répertoire en Cours: F:\spoke.files\
[10:40:31] - [15] SPOKE.FILES: Début d'Upload de F:\spoke.files\Acunetix\Web Vulnerability Scanner 10\reporter_console.exe
[10:40:31] - [15] SPOKE.FILES: Fichier Upload: F:\spoke.files\Acunetix\Web Vulnerability Scanner 10\reporter_console.exe (50,23 K/S -   51 432 bytes)
[10:40:31] - [15] SPOKE.FILES: Début d'Upload de F:\spoke.files\Acunetix\Web Vulnerability Scanner 10\SciLexer.dll
[10:40:32] - [15] SPOKE.FILES: Fichier Upload: F:\spoke.files\Acunetix\Web Vulnerability Scanner 10\SciLexer.dll (331,50 K/S -   339 456 bytes)
[10:40:32] - [15] SPOKE.FILES: Début d'Upload de F:\spoke.files\Acunetix\Web Vulnerability Scanner 10\sdutils.dll
[10:40:32] - [15] SPOKE.FILES: Fichier Upload: F:\spoke.files\Acunetix\Web Vulnerability Scanner 10\sdutils.dll (178,50 K/S -   182 784 bytes)
[10:40:32] - [15] SPOKE.FILES: Répertoire en Cours: F:\spoke.files\Acunetix\Web Vulnerability Scanner 10\sqldrivers\
[10:40:32] - [15] SPOKE.FILES: Début d'Upload de F:\spoke.files\Acunetix\Web Vulnerability Scanner 10\sqldrivers\qsqlite.dll
[10:40:33] - [17] SPOKE.FILES: Fichier Upload: F:\spoke.files\Acunetix\Web Vulnerability Scanner 10\Qt5WebKit.dll (584,66 K/S -  17 361 920 bytes)
[10:40:33] - [17] SPOKE.FILES: Début d'Upload de F:\spoke.files\Acunetix\Web Vulnerability Scanner 10\sqlite3.dll
[10:40:33] - [15] SPOKE.FILES: Fichier Upload: F:\spoke.files\Acunetix\Web Vulnerability Scanner 10\sqldrivers\qsqlite.dll (643,00 K/S -   658 432 bytes)
[10:40:33] - [15] SPOKE.FILES: Répertoire en Cours: F:\spoke.files\Acunetix\Web Vulnerability Scanner 10\
[10:40:33] - [15] SPOKE.FILES: Début d'Upload de F:\spoke.files\Acunetix\Web Vulnerability Scanner 10\ssleay32.dll
[10:40:33] - [17] SPOKE.FILES: Fichier Upload: F:\spoke.files\Acunetix\Web Vulnerability Scanner 10\sqlite3.dll (597,80 K/S -   612 152 bytes)
[10:40:33] - [17] SPOKE.FILES: Début d'Upload de F:\spoke.files\Acunetix\Web Vulnerability Scanner 10\unins000.dat
[10:40:33] - [15] SPOKE.FILES: Fichier Upload: F:\spoke.files\Acunetix\Web Vulnerability Scanner 10\ssleay32.dll (266,00 K/S -   272 384 bytes)
[10:40:34] - [17] SPOKE.FILES: Fichier Upload: F:\spoke.files\Acunetix\Web Vulnerability Scanner 10\unins000.dat (148,25 K/S -   151 810 bytes)
[10:40:34] - [15] SPOKE.FILES: Début d'Upload de F:\spoke.files\Acunetix\Web Vulnerability Scanner 10\unins000.exe
[10:40:34] - [17] SPOKE.FILES: Début d'Upload de F:\spoke.files\Acunetix\Web Vulnerability Scanner 10\Uninstall.exe
[10:40:35] - [15] SPOKE.FILES: Fichier Upload: F:\spoke.files\Acunetix\Web Vulnerability Scanner 10\unins000.exe (698,28 K/S -   715 038 bytes)
[10:40:35] - [15] SPOKE.FILES: Début d'Upload de F:\spoke.files\Acunetix\Web Vulnerability Scanner 10\ve.exe
[10:40:35] - [17] SPOKE.FILES: Fichier Upload: F:\spoke.files\Acunetix\Web Vulnerability Scanner 10\Uninstall.exe (465,50 K/S -   953 344 bytes)
[10:40:35] - [17] SPOKE.FILES: Début d'Upload de F:\spoke.files\Acunetix\Web Vulnerability Scanner 10\wvs.exe
[10:40:53] - [15] SPOKE.FILES: Fichier Upload: F:\spoke.files\Acunetix\Web Vulnerability Scanner 10\ve.exe (165,23 K/S -  3 045 608 bytes)
[10:40:53] - [15] SPOKE.FILES: Début d'Upload de F:\spoke.files\Acunetix\Web Vulnerability Scanner 10\wvs.url
[10:40:53] - [15] SPOKE.FILES: Fichier Upload: F:\spoke.files\Acunetix\Web Vulnerability Scanner 10\wvs.url (0,05 K/S -    49 bytes)
[10:40:53] - [15] SPOKE.FILES: Début d'Upload de F:\spoke.files\Acunetix\Web Vulnerability Scanner 10\WVSScheduler.exe
[10:41:14] - [15] SPOKE.FILES: Fichier Upload: F:\spoke.files\Acunetix\Web Vulnerability Scanner 10\WVSScheduler.exe (80,15 K/S -  1 723 624 bytes)
[10:41:14] - [19] Connecté à 90.6.49.146. Collecte du Nom d'utilisateur.
[10:41:14] - [18] Client 90.6.49.146 Déconnecté (00:00:43 Min)
[10:41:14] - [19] Usager SPOKE.FILES Connecté IP: 90.6.49.146
[10:41:14] - [19] SPOKE.FILES: Répertoire en Cours: F:\spoke.files\
[10:41:14] - [15] SPOKE.FILES: Début d'Upload de F:\spoke.files\Acunetix\Web Vulnerability Scanner 10\wvs_console.exe
[10:41:14] - [15] SPOKE.FILES: Fichier Upload: F:\spoke.files\Acunetix\Web Vulnerability Scanner 10\wvs_console.exe (54,23 K/S -   55 528 bytes)
[10:41:32] - [17] SPOKE.FILES: Fichier Upload: F:\spoke.files\Acunetix\Web Vulnerability Scanner 10\wvs.exe (106,58 K/S -  6 111 464 bytes)
[10:41:45] - [15] Client 90.6.49.146 Déconnecté (00:02:19 Min)
[10:41:59] - [19] SPOKE.FILES: Répertoire en Cours: F:\spoke.files\
[10:42:03] - [17] Client 90.6.49.146 Déconnecté (00:02:17 Min)
[10:42:05] - [19] Client 90.6.49.146 Déconnecté (00:00:51 Min)
[10:42:06] - [20] Connecté à 90.6.49.146. Collecte du Nom d'utilisateur.
[10:42:06] - [20] Usager VICTOR.POZEN Connecté IP: 90.6.49.146
[10:42:06] - [20] VICTOR.POZEN: Répertoire en Cours: D:\kerberos.htx\
[10:42:06] - [20] VICTOR.POZEN: Répertoire en Cours: D:\kerberos.htx\
[10:42:27] - [20] Client 90.6.49.146 Déconnecté (00:00:21 Min)
[10:44:42] - [21] Connecté à 90.6.49.146. Collecte du Nom d'utilisateur.
[10:44:42] - [21] Usager SPOKE.FILES Connecté IP: 90.6.49.146
[10:44:43] - [21] SPOKE.FILES: Répertoire en Cours: F:\spoke.files\
[10:44:43] - [21] SPOKE.FILES: Répertoire en Cours: F:\spoke.files\
[10:44:46] - [22] Connecté à 90.6.49.146. Collecte du Nom d'utilisateur.
[10:44:46] - [22] Usager SPOKE.FILES Connecté IP: 90.6.49.146
[10:44:46] - [22] SPOKE.FILES: Répertoire en Cours: F:\spoke.files\
[10:44:46] - [22] SPOKE.FILES: Répertoire en Cours: F:\spoke.files\
[10:44:46] - [22] SPOKE.FILES: Début du Téléchargement de: F:\spoke.files\whit.anon.jpg
[10:44:46] - [22] SPOKE.FILES: Fichier envoyé: F:\spoke.files\whit.anon.jpg (6,13 K/S -   6 274 bytes)
[10:44:48] - [22] Client 90.6.49.146 Déconnecté (00:00:02 Min)
[10:44:48] - [21] Client 90.6.49.146 Déconnecté (00:00:05 Min)
[10:52:12] - [23] Connecté à 182.69.22.153. Collecte du Nom d'utilisateur.
[10:52:12] - [23] Authentification Incorrect: Utilisateur FTP IP: 182.69.22.153
[10:52:12] - [23] Client 182.69.22.153 Déconnecté (00:00:00 Min)
[13:26:56] - [24] Connecté à 90.6.49.146. Collecte du Nom d'utilisateur.
[13:26:56] - [24] Usager VICTOR.POZEN Connecté IP: 90.6.49.146
[13:26:56] - [24] VICTOR.POZEN: Répertoire en Cours: D:\kerberos.htx\
[13:26:56] - [24] VICTOR.POZEN: Répertoire en Cours: D:\kerberos.htx\
[13:27:01] - [24] VICTOR.POZEN: Répertoire en Cours: D:\kerberos.htx\exe\
[13:27:03] - [24] VICTOR.POZEN: Répertoire en Cours: D:\kerberos.htx\exe\pour.xp\
[13:27:05] - [24] VICTOR.POZEN: Répertoire en Cours: D:\kerberos.htx\exe\pour.xp\control userpasswords2\
[13:27:13] - [24] VICTOR.POZEN: Début du Téléchargement de: D:\kerberos.htx\exe\pour.xp\control userpasswords2\control userpasswords2.bat
[13:27:13] - [24] VICTOR.POZEN: Fichier envoyé: D:\kerberos.htx\exe\pour.xp\control userpasswords2\control userpasswords2.bat (0,03 K/S -    29 bytes)
[13:27:16] - [24] Client 90.6.49.146 Déconnecté (00:00:19 Min)
[15:12:31] - [25] Connecté à 90.6.49.146. Collecte du Nom d'utilisateur.
[15:12:31] - [25] Usager VICTOR.POZEN Connecté IP: 90.6.49.146
[15:12:31] - [25] VICTOR.POZEN: Répertoire en Cours: D:\kerberos.htx\
[15:12:31] - [25] VICTOR.POZEN: Répertoire en Cours: D:\kerberos.htx\
[15:12:41] - [26] Connecté à 90.6.49.146. Collecte du Nom d'utilisateur.
[15:12:41] - [26] Usager VICTOR.POZEN Connecté IP: 90.6.49.146
[15:12:41] - [26] VICTOR.POZEN: Répertoire en Cours: D:\kerberos.htx\
[15:12:41] - [26] VICTOR.POZEN: Début d'Upload de D:\kerberos.htx\dotNetFx40_Full_setup.exe
[15:12:42] - [26] VICTOR.POZEN: Fichier Upload: D:\kerberos.htx\dotNetFx40_Full_setup.exe (868,57 K/S -   889 416 bytes)
[15:13:13] - [26] Client 90.6.49.146 Déconnecté (00:00:32 Min)
[15:16:13] - [27] Connecté à 90.6.49.146. Collecte du Nom d'utilisateur.
[15:16:13] - [27] Usager VICTOR.POZEN Connecté IP: 90.6.49.146
[15:16:13] - [27] VICTOR.POZEN: Répertoire en Cours: D:\kerberos.htx\
[15:16:13] - [27] VICTOR.POZEN: Début d'Upload de D:\kerberos.htx\WhatsUp IIS Monitor v1.0.0.194.exe
[15:16:15] - [27] VICTOR.POZEN: Fichier Upload: D:\kerberos.htx\WhatsUp IIS Monitor v1.0.0.194.exe (1 456,60 K/S -  2 983 032 bytes)
[15:16:45] - [27] Client 90.6.49.146 Déconnecté (00:00:32 Min)
[15:20:05] - [25] Client 90.6.49.146 Déconnecté (00:07:33 Min)
[15:35:44] - [28] Connecté à 90.6.49.146. Collecte du Nom d'utilisateur.
[15:35:44] - [28] Usager VICTOR.POZEN Connecté IP: 90.6.49.146
[15:35:44] - [28] VICTOR.POZEN: Répertoire en Cours: D:\kerberos.htx\
[15:35:44] - [28] VICTOR.POZEN: Répertoire en Cours: D:\kerberos.htx\
[15:36:08] - [29] Connecté à 90.6.49.146. Collecte du Nom d'utilisateur.
[15:36:08] - [29] Usager VICTOR.POZEN Connecté IP: 90.6.49.146
[15:36:08] - [29] VICTOR.POZEN: Répertoire en Cours: D:\kerberos.htx\
[15:36:08] - [29] VICTOR.POZEN: Début d'Upload de D:\kerberos.htx\prtg.zip
[15:36:58] - [29] VICTOR.POZEN: Fichier Upload: D:\kerberos.htx\prtg.zip (3 007,70 K/S -  153 995 868 bytes)
[15:37:30] - [29] Client 90.6.49.146 Déconnecté (00:01:22 Min)
[16:34:33] - [28] Client 90.6.49.146 Déconnecté (00:58:49 Min)
[16:37:06] - Serveur Démarré
[16:37:06] - FTP Port: 21
[16:37:23] - [1] Connecté à 90.6.49.146. Collecte du Nom d'utilisateur.
[16:37:23] - [1] Usager VICTOR.POZEN Connecté IP: 90.6.49.146
[16:37:23] - [1] VICTOR.POZEN: Répertoire en Cours: D:\kerberos.htx\
[20:50:56] - Serveur Démarré
[20:50:56] - FTP Port: 21
[20:51:08] - [1] Connecté à 90.6.49.146. Collecte du Nom d'utilisateur.
[20:51:08] - [1] Usager VICTOR.POZEN Connecté IP: 90.6.49.146
[20:51:08] - [1] VICTOR.POZEN: Répertoire en Cours: D:\kerberos.htx\
[20:51:08] - [1] VICTOR.POZEN: Répertoire en Cours: D:\kerberos.htx\
