[13:12:18] - Serveur Démarré
[13:12:18] - FTP Port: 21
[13:13:11] - [1] Connecté à 86.235.162.42. Collecte du Nom d'utilisateur.
[13:13:12] - [1] Usager MIRKO.POZEN Connecté IP: 86.235.162.42
[13:13:12] - [1] MIRKO.POZEN: Répertoire en Cours: D:\kerberos.htx\
[13:13:13] - [1] MIRKO.POZEN: Répertoire en Cours: D:\kerberos.htx\
[13:13:25] - [1] MIRKO.POZEN: Répertoire en Cours: D:\kerberos.htx\fotos lune et agathe\
[13:13:26] - [1] MIRKO.POZEN: Répertoire en Cours: D:\kerberos.htx\fotos lune et agathe\101NIKON\
[13:13:26] - [1] MIRKO.POZEN: Répertoire en Cours: D:\kerberos.htx\fotos lune et agathe\
[13:13:26] - [1] MIRKO.POZEN: Répertoire en Cours: D:\kerberos.htx\fotos lune et agathe\100NIKON\
[13:13:27] - [2] Connecté à 86.235.162.42. Collecte du Nom d'utilisateur.
[13:13:27] - [3] Connecté à 86.235.162.42. Collecte du Nom d'utilisateur.
[13:13:27] - [2] Usager MIRKO.POZEN Connecté IP: 86.235.162.42
[13:13:29] - [2] MIRKO.POZEN: Répertoire en Cours: D:\kerberos.htx\
[13:13:31] - [3] Usager MIRKO.POZEN Connecté IP: 86.235.162.42
[13:13:31] - [3] MIRKO.POZEN: Répertoire en Cours: D:\kerberos.htx\
[13:13:32] - [2] MIRKO.POZEN: Répertoire en Cours: D:\kerberos.htx\fotos lune et agathe\101NIKON\
[13:13:32] - [3] MIRKO.POZEN: Répertoire en Cours: D:\kerberos.htx\fotos lune et agathe\101NIKON\
[13:13:32] - [2] MIRKO.POZEN: Début du Téléchargement de: D:\kerberos.htx\fotos lune et agathe\101NIKON\DSCN4261.JPG
[13:13:32] - [3] MIRKO.POZEN: Début du Téléchargement de: D:\kerberos.htx\fotos lune et agathe\101NIKON\DSCN4262.JPG
[13:15:31] - [3] MIRKO.POZEN: Fichier envoyé: D:\kerberos.htx\fotos lune et agathe\101NIKON\DSCN4262.JPG (51,08 K/S -  6 171 636 bytes)
[13:15:31] - [3] MIRKO.POZEN: Début du Téléchargement de: D:\kerberos.htx\fotos lune et agathe\101NIKON\DSCN4263.JPG
[13:15:06] - [2] MIRKO.POZEN: Fichier envoyé: D:\kerberos.htx\fotos lune et agathe\101NIKON\DSCN4261.JPG (52,47 K/S -  6 930 966 bytes)
[13:15:07] - [2] MIRKO.POZEN: Début du Téléchargement de: D:\kerberos.htx\fotos lune et agathe\101NIKON\DSCN4264.JPG
[13:17:01] - [3] MIRKO.POZEN: Fichier envoyé: D:\kerberos.htx\fotos lune et agathe\101NIKON\DSCN4263.JPG (50,17 K/S -  6 371 004 bytes)
[13:17:01] - [3] MIRKO.POZEN: Début du Téléchargement de: D:\kerberos.htx\fotos lune et agathe\101NIKON\DSCN4265.JPG
[13:17:12] - [2] MIRKO.POZEN: Fichier envoyé: D:\kerberos.htx\fotos lune et agathe\101NIKON\DSCN4264.JPG (51,83 K/S -  6 634 233 bytes)
[13:17:12] - [2] MIRKO.POZEN: Début du Téléchargement de: D:\kerberos.htx\fotos lune et agathe\101NIKON\DSCN4266.JPG
[13:19:12] - [3] MIRKO.POZEN: Fichier envoyé: D:\kerberos.htx\fotos lune et agathe\101NIKON\DSCN4265.JPG (49,41 K/S -  6 678 133 bytes)
[13:19:13] - [3] MIRKO.POZEN: Début du Téléchargement de: D:\kerberos.htx\fotos lune et agathe\101NIKON\DSCN4267.JPG
[13:19:23] - [2] MIRKO.POZEN: Fichier envoyé: D:\kerberos.htx\fotos lune et agathe\101NIKON\DSCN4266.JPG (50,98 K/S -  6 838 692 bytes)
[13:19:24] - [2] MIRKO.POZEN: Début du Téléchargement de: D:\kerberos.htx\fotos lune et agathe\101NIKON\DSCN4268.JPG
[13:21:22] - [3] MIRKO.POZEN: Fichier envoyé: D:\kerberos.htx\fotos lune et agathe\101NIKON\DSCN4267.JPG (51,24 K/S -  6 768 051 bytes)
[13:21:22] - [3] MIRKO.POZEN: Début du Téléchargement de: D:\kerberos.htx\fotos lune et agathe\101NIKON\DSCN4269.JPG
[13:21:34] - [2] MIRKO.POZEN: Fichier envoyé: D:\kerberos.htx\fotos lune et agathe\101NIKON\DSCN4268.JPG (51,77 K/S -  6 891 884 bytes)
[13:21:34] - [2] MIRKO.POZEN: Début du Téléchargement de: D:\kerberos.htx\fotos lune et agathe\101NIKON\DSCN4270.JPG
[13:23:33] - [3] MIRKO.POZEN: Fichier envoyé: D:\kerberos.htx\fotos lune et agathe\101NIKON\DSCN4269.JPG (52,02 K/S -  6 978 515 bytes)
[13:23:33] - [3] MIRKO.POZEN: Début du Téléchargement de: D:\kerberos.htx\fotos lune et agathe\101NIKON\DSCN4271.JPG
[13:23:44] - [2] MIRKO.POZEN: Fichier envoyé: D:\kerberos.htx\fotos lune et agathe\101NIKON\DSCN4270.JPG (52,12 K/S -  6 938 522 bytes)
[13:23:45] - [2] MIRKO.POZEN: Début du Téléchargement de: D:\kerberos.htx\fotos lune et agathe\101NIKON\DSCN4272.JPG
[13:25:52] - [3] MIRKO.POZEN: Fichier envoyé: D:\kerberos.htx\fotos lune et agathe\101NIKON\DSCN4271.JPG (52,10 K/S -  7 415 021 bytes)
[13:25:53] - [3] MIRKO.POZEN: Début du Téléchargement de: D:\kerberos.htx\fotos lune et agathe\101NIKON\DSCN4273.JPG
[13:25:53] - [2] MIRKO.POZEN: Fichier envoyé: D:\kerberos.htx\fotos lune et agathe\101NIKON\DSCN4272.JPG (51,97 K/S -  6 864 546 bytes)
[13:25:54] - [2] MIRKO.POZEN: Début du Téléchargement de: D:\kerberos.htx\fotos lune et agathe\101NIKON\DSCN4274.JPG
[13:27:40] - [3] MIRKO.POZEN: Fichier envoyé: D:\kerberos.htx\fotos lune et agathe\101NIKON\DSCN4273.JPG (54,85 K/S -  6 010 231 bytes)
[13:27:40] - [3] MIRKO.POZEN: Début du Téléchargement de: D:\kerberos.htx\fotos lune et agathe\101NIKON\DSCN4275.JPG
[13:28:14] - [2] MIRKO.POZEN: Fichier envoyé: D:\kerberos.htx\fotos lune et agathe\101NIKON\DSCN4274.JPG (50,25 K/S -  7 204 082 bytes)
[13:28:14] - [2] MIRKO.POZEN: Début du Téléchargement de: D:\kerberos.htx\fotos lune et agathe\101NIKON\DSCN4276.JPG
[13:29:50] - [3] MIRKO.POZEN: Fichier envoyé: D:\kerberos.htx\fotos lune et agathe\101NIKON\DSCN4275.JPG (52,26 K/S -  6 957 066 bytes)
[13:29:51] - [3] MIRKO.POZEN: Début du Téléchargement de: D:\kerberos.htx\fotos lune et agathe\101NIKON\DSCN4277.JPG
[13:30:23] - [2] MIRKO.POZEN: Fichier envoyé: D:\kerberos.htx\fotos lune et agathe\101NIKON\DSCN4276.JPG (52,19 K/S -  6 893 579 bytes)
[13:30:23] - [2] MIRKO.POZEN: Début du Téléchargement de: D:\kerberos.htx\fotos lune et agathe\101NIKON\DSCN4278.JPG
[13:32:04] - [3] MIRKO.POZEN: Fichier envoyé: D:\kerberos.htx\fotos lune et agathe\101NIKON\DSCN4277.JPG (51,80 K/S -  7 107 417 bytes)
[13:32:04] - [3] MIRKO.POZEN: Début du Téléchargement de: D:\kerberos.htx\fotos lune et agathe\101NIKON\DSCN4279.JPG
[13:32:13] - [2] MIRKO.POZEN: Fichier envoyé: D:\kerberos.htx\fotos lune et agathe\101NIKON\DSCN4278.JPG (52,08 K/S -  5 866 777 bytes)
[13:32:14] - [2] MIRKO.POZEN: Début du Téléchargement de: D:\kerberos.htx\fotos lune et agathe\101NIKON\DSCN4280.JPG
[13:34:16] - [3] MIRKO.POZEN: Fichier envoyé: D:\kerberos.htx\fotos lune et agathe\101NIKON\DSCN4279.JPG (52,11 K/S -  7 043 535 bytes)
[13:34:17] - [3] MIRKO.POZEN: Début du Téléchargement de: D:\kerberos.htx\fotos lune et agathe\101NIKON\DSCN4281.JPG
[13:34:31] - [2] MIRKO.POZEN: Fichier envoyé: D:\kerberos.htx\fotos lune et agathe\101NIKON\DSCN4280.JPG (52,18 K/S -  7 319 579 bytes)
[13:34:31] - [2] MIRKO.POZEN: Début du Téléchargement de: D:\kerberos.htx\fotos lune et agathe\101NIKON\DSCN4282.JPG
[13:36:24] - [3] MIRKO.POZEN: Fichier envoyé: D:\kerberos.htx\fotos lune et agathe\101NIKON\DSCN4281.JPG (51,99 K/S -  6 814 858 bytes)
[13:36:25] - [3] MIRKO.POZEN: Début du Téléchargement de: D:\kerberos.htx\fotos lune et agathe\101NIKON\DSCN4283.JPG
[13:36:35] - [2] MIRKO.POZEN: Fichier envoyé: D:\kerberos.htx\fotos lune et agathe\101NIKON\DSCN4282.JPG (52,28 K/S -  6 585 099 bytes)
[13:36:35] - [2] MIRKO.POZEN: Début du Téléchargement de: D:\kerberos.htx\fotos lune et agathe\101NIKON\DSCN4284.JPG
[13:38:28] - [3] MIRKO.POZEN: Fichier envoyé: D:\kerberos.htx\fotos lune et agathe\101NIKON\DSCN4283.JPG (52,21 K/S -  6 575 338 bytes)
[13:38:28] - [3] MIRKO.POZEN: Début du Téléchargement de: D:\kerberos.htx\fotos lune et agathe\101NIKON\DSCN4285.JPG
[13:38:40] - [2] MIRKO.POZEN: Fichier envoyé: D:\kerberos.htx\fotos lune et agathe\101NIKON\DSCN4284.JPG (52,03 K/S -  6 713 099 bytes)
[13:38:41] - [2] MIRKO.POZEN: Début du Téléchargement de: D:\kerberos.htx\fotos lune et agathe\101NIKON\DSCN4286.JPG
[13:40:22] - [3] MIRKO.POZEN: Fichier envoyé: D:\kerberos.htx\fotos lune et agathe\101NIKON\DSCN4285.JPG (52,36 K/S -  6 112 871 bytes)
[13:40:23] - [3] MIRKO.POZEN: Début du Téléchargement de: D:\kerberos.htx\fotos lune et agathe\101NIKON\DSCN4287.JPG
[13:40:42] - [2] MIRKO.POZEN: Fichier envoyé: D:\kerberos.htx\fotos lune et agathe\101NIKON\DSCN4286.JPG (51,94 K/S -  6 488 743 bytes)
[13:40:43] - [2] MIRKO.POZEN: Début du Téléchargement de: D:\kerberos.htx\fotos lune et agathe\101NIKON\DSCN4288.JPG
[13:42:22] - [3] MIRKO.POZEN: Fichier envoyé: D:\kerberos.htx\fotos lune et agathe\101NIKON\DSCN4287.JPG (48,82 K/S -  5 948 620 bytes)
[13:42:22] - [3] MIRKO.POZEN: Début du Téléchargement de: D:\kerberos.htx\fotos lune et agathe\101NIKON\DSCN4289.JPG
[13:42:45] - [2] MIRKO.POZEN: Fichier envoyé: D:\kerberos.htx\fotos lune et agathe\101NIKON\DSCN4288.JPG (56,83 K/S -  7 099 808 bytes)
[13:42:45] - [2] MIRKO.POZEN: Début du Téléchargement de: D:\kerberos.htx\fotos lune et agathe\101NIKON\DSCN4290.JPG
[13:44:35] - [3] MIRKO.POZEN: Fichier envoyé: D:\kerberos.htx\fotos lune et agathe\101NIKON\DSCN4289.JPG (50,90 K/S -  6 932 730 bytes)
[13:44:35] - [3] MIRKO.POZEN: Début du Téléchargement de: D:\kerberos.htx\fotos lune et agathe\101NIKON\DSCN4291.JPG
[13:44:54] - [2] MIRKO.POZEN: Fichier envoyé: D:\kerberos.htx\fotos lune et agathe\101NIKON\DSCN4290.JPG (51,80 K/S -  6 895 149 bytes)
[13:44:54] - [2] MIRKO.POZEN: Début du Téléchargement de: D:\kerberos.htx\fotos lune et agathe\101NIKON\DSCN4292.JPG
[13:46:47] - [3] MIRKO.POZEN: Fichier envoyé: D:\kerberos.htx\fotos lune et agathe\101NIKON\DSCN4291.JPG (52,02 K/S -  7 031 976 bytes)
[13:46:48] - [3] MIRKO.POZEN: Début du Téléchargement de: D:\kerberos.htx\fotos lune et agathe\101NIKON\DSCN4293.JPG
[13:47:08] - [2] MIRKO.POZEN: Fichier envoyé: D:\kerberos.htx\fotos lune et agathe\101NIKON\DSCN4292.JPG (52,30 K/S -  7 123 143 bytes)
[13:47:08] - [2] MIRKO.POZEN: Début du Téléchargement de: D:\kerberos.htx\fotos lune et agathe\101NIKON\DSCN4294.JPG
[13:48:42] - [3] MIRKO.POZEN: Fichier envoyé: D:\kerberos.htx\fotos lune et agathe\101NIKON\DSCN4293.JPG (52,15 K/S -  6 088 164 bytes)
[13:48:42] - [3] MIRKO.POZEN: Début du Téléchargement de: D:\kerberos.htx\fotos lune et agathe\101NIKON\DSCN4295.JPG
[13:49:00] - [2] MIRKO.POZEN: Fichier envoyé: D:\kerberos.htx\fotos lune et agathe\101NIKON\DSCN4294.JPG (51,98 K/S -  5 961 324 bytes)
[13:49:00] - [2] MIRKO.POZEN: Début du Téléchargement de: D:\kerberos.htx\fotos lune et agathe\101NIKON\DSCN4296.JPG
[13:50:37] - [3] MIRKO.POZEN: Fichier envoyé: D:\kerberos.htx\fotos lune et agathe\101NIKON\DSCN4295.JPG (49,96 K/S -  5 831 840 bytes)
[13:50:37] - [3] MIRKO.POZEN: Début du Téléchargement de: D:\kerberos.htx\fotos lune et agathe\101NIKON\DSCN4297.JPG
[13:51:00] - [2] MIRKO.POZEN: Fichier envoyé: D:\kerberos.htx\fotos lune et agathe\101NIKON\DSCN4296.JPG (49,52 K/S -  6 084 999 bytes)
[13:51:01] - [2] MIRKO.POZEN: Début du Téléchargement de: D:\kerberos.htx\fotos lune et agathe\101NIKON\DSCN4298.JPG
[13:52:40] - [2] MIRKO.POZEN: Fichier envoyé: D:\kerberos.htx\fotos lune et agathe\101NIKON\DSCN4298.JPG (51,86 K/S -  5 257 759 bytes)
[13:52:40] - [2] MIRKO.POZEN: Début du Téléchargement de: D:\kerberos.htx\fotos lune et agathe\101NIKON\DSCN4299.JPG
[13:52:41] - [3] MIRKO.POZEN: Fichier envoyé: D:\kerberos.htx\fotos lune et agathe\101NIKON\DSCN4297.JPG (52,15 K/S -  6 567 961 bytes)
[13:52:41] - [3] MIRKO.POZEN: Début du Téléchargement de: D:\kerberos.htx\fotos lune et agathe\101NIKON\DSCN4300.JPG
[13:54:28] - [2] MIRKO.POZEN: Fichier envoyé: D:\kerberos.htx\fotos lune et agathe\101NIKON\DSCN4299.JPG (52,11 K/S -  5 709 632 bytes)
[13:54:28] - [2] MIRKO.POZEN: Début du Téléchargement de: D:\kerberos.htx\fotos lune et agathe\101NIKON\DSCN4301.JPG
[13:54:32] - [3] MIRKO.POZEN: Fichier envoyé: D:\kerberos.htx\fotos lune et agathe\101NIKON\DSCN4300.JPG (51,88 K/S -  5 897 197 bytes)
[13:54:33] - [3] MIRKO.POZEN: Début du Téléchargement de: D:\kerberos.htx\fotos lune et agathe\101NIKON\DSCN4302.JPG
[13:56:03] - [2] MIRKO.POZEN: Fichier envoyé: D:\kerberos.htx\fotos lune et agathe\101NIKON\DSCN4301.JPG (57,11 K/S -  5 555 354 bytes)
[13:56:04] - [2] MIRKO.POZEN: Début du Téléchargement de: D:\kerberos.htx\fotos lune et agathe\101NIKON\DSCN4303.JPG
[13:56:30] - [3] MIRKO.POZEN: Fichier envoyé: D:\kerberos.htx\fotos lune et agathe\101NIKON\DSCN4302.JPG (47,74 K/S -  5 720 069 bytes)
[13:56:30] - [3] MIRKO.POZEN: Début du Téléchargement de: D:\kerberos.htx\fotos lune et agathe\101NIKON\DSCN4304.JPG
[13:57:48] - [2] MIRKO.POZEN: Fichier envoyé: D:\kerberos.htx\fotos lune et agathe\101NIKON\DSCN4303.JPG (54,46 K/S -  5 855 539 bytes)
[13:57:48] - [2] MIRKO.POZEN: Début du Téléchargement de: D:\kerberos.htx\fotos lune et agathe\101NIKON\DSCN4305.JPG
[13:58:23] - [3] MIRKO.POZEN: Fichier envoyé: D:\kerberos.htx\fotos lune et agathe\101NIKON\DSCN4304.JPG (47,98 K/S -  5 551 297 bytes)
[13:58:23] - [3] MIRKO.POZEN: Début du Téléchargement de: D:\kerberos.htx\fotos lune et agathe\101NIKON\DSCN4306.JPG
[13:59:24] - [2] MIRKO.POZEN: Fichier envoyé: D:\kerberos.htx\fotos lune et agathe\101NIKON\DSCN4305.JPG (58,01 K/S -  5 642 893 bytes)
[13:59:24] - [2] MIRKO.POZEN: Début du Téléchargement de: D:\kerberos.htx\fotos lune et agathe\101NIKON\DSCN4307.JPG
[14:00:18] - [3] MIRKO.POZEN: Fichier envoyé: D:\kerberos.htx\fotos lune et agathe\101NIKON\DSCN4306.JPG (47,76 K/S -  5 623 658 bytes)
[14:00:19] - [3] MIRKO.POZEN: Début du Téléchargement de: D:\kerberos.htx\fotos lune et agathe\101NIKON\DSCN4308.JPG
[14:01:11] - [2] MIRKO.POZEN: Fichier envoyé: D:\kerberos.htx\fotos lune et agathe\101NIKON\DSCN4307.JPG (51,81 K/S -  5 676 984 bytes)
[14:01:11] - [2] MIRKO.POZEN: Début du Téléchargement de: D:\kerberos.htx\fotos lune et agathe\101NIKON\DSCN4309.JPG
[14:02:07] - [3] MIRKO.POZEN: Fichier envoyé: D:\kerberos.htx\fotos lune et agathe\101NIKON\DSCN4308.JPG (51,91 K/S -  5 741 159 bytes)
[14:02:07] - [3] MIRKO.POZEN: Début du Téléchargement de: D:\kerberos.htx\fotos lune et agathe\101NIKON\DSCN4310.JPG
[14:02:55] - [2] MIRKO.POZEN: Fichier envoyé: D:\kerberos.htx\fotos lune et agathe\101NIKON\DSCN4309.JPG (51,95 K/S -  5 532 979 bytes)
[14:02:56] - [2] MIRKO.POZEN: Début du Téléchargement de: D:\kerberos.htx\fotos lune et agathe\101NIKON\DSCN4311.JPG
[14:03:55] - [3] MIRKO.POZEN: Fichier envoyé: D:\kerberos.htx\fotos lune et agathe\101NIKON\DSCN4310.JPG (51,95 K/S -  5 745 240 bytes)
[14:03:56] - [3] MIRKO.POZEN: Début du Téléchargement de: D:\kerberos.htx\fotos lune et agathe\101NIKON\DSCN4312.JPG
[14:04:44] - [2] MIRKO.POZEN: Fichier envoyé: D:\kerberos.htx\fotos lune et agathe\101NIKON\DSCN4311.JPG (51,72 K/S -  5 772 935 bytes)
[14:04:45] - [2] MIRKO.POZEN: Début du Téléchargement de: D:\kerberos.htx\fotos lune et agathe\101NIKON\DSCN4313.JPG
[14:05:45] - [3] MIRKO.POZEN: Fichier envoyé: D:\kerberos.htx\fotos lune et agathe\101NIKON\DSCN4312.JPG (51,67 K/S -  5 820 044 bytes)
[14:05:45] - [3] MIRKO.POZEN: Début du Téléchargement de: D:\kerberos.htx\fotos lune et agathe\101NIKON\DSCN4314.JPG
[14:06:34] - [2] MIRKO.POZEN: Fichier envoyé: D:\kerberos.htx\fotos lune et agathe\101NIKON\DSCN4313.JPG (51,91 K/S -  5 794 090 bytes)
[14:06:34] - [2] MIRKO.POZEN: Début du Téléchargement de: D:\kerberos.htx\fotos lune et agathe\101NIKON\DSCN4315.JPG
[14:07:34] - [3] MIRKO.POZEN: Fichier envoyé: D:\kerberos.htx\fotos lune et agathe\101NIKON\DSCN4314.JPG (52,06 K/S -  5 757 144 bytes)
[14:07:34] - [3] MIRKO.POZEN: Début du Téléchargement de: D:\kerberos.htx\fotos lune et agathe\101NIKON\DSCN4316.JPG
[14:08:17] - [2] MIRKO.POZEN: Fichier envoyé: D:\kerberos.htx\fotos lune et agathe\101NIKON\DSCN4315.JPG (53,63 K/S -  5 711 026 bytes)
[14:08:17] - [2] MIRKO.POZEN: Début du Téléchargement de: D:\kerberos.htx\fotos lune et agathe\101NIKON\DSCN4317.JPG
[14:09:24] - [3] MIRKO.POZEN: Fichier envoyé: D:\kerberos.htx\fotos lune et agathe\101NIKON\DSCN4316.JPG (50,09 K/S -  5 642 303 bytes)
[14:09:25] - [3] MIRKO.POZEN: Début du Téléchargement de: D:\kerberos.htx\fotos lune et agathe\101NIKON\DSCN4318.JPG
[14:10:04] - [2] MIRKO.POZEN: Fichier envoyé: D:\kerberos.htx\fotos lune et agathe\101NIKON\DSCN4317.JPG (51,88 K/S -  5 684 434 bytes)
[14:10:05] - [2] MIRKO.POZEN: Début du Téléchargement de: D:\kerberos.htx\fotos lune et agathe\101NIKON\DSCN4319.JPG
[14:11:14] - [3] MIRKO.POZEN: Fichier envoyé: D:\kerberos.htx\fotos lune et agathe\101NIKON\DSCN4318.JPG (51,79 K/S -  5 833 420 bytes)
[14:11:14] - [3] MIRKO.POZEN: Début du Téléchargement de: D:\kerberos.htx\fotos lune et agathe\101NIKON\DSCN4320.JPG
[14:11:52] - [2] MIRKO.POZEN: Fichier envoyé: D:\kerberos.htx\fotos lune et agathe\101NIKON\DSCN4319.JPG (52,02 K/S -  5 699 833 bytes)
[14:11:52] - [2] MIRKO.POZEN: Début du Téléchargement de: D:\kerberos.htx\fotos lune et agathe\101NIKON\DSCN4321.JPG
[14:13:09] - [3] MIRKO.POZEN: Fichier envoyé: D:\kerberos.htx\fotos lune et agathe\101NIKON\DSCN4320.JPG (52,02 K/S -  6 072 398 bytes)
[14:13:09] - [3] MIRKO.POZEN: Début du Téléchargement de: D:\kerberos.htx\fotos lune et agathe\101NIKON\DSCN4322.JPG
[14:13:45] - [2] MIRKO.POZEN: Fichier envoyé: D:\kerberos.htx\fotos lune et agathe\101NIKON\DSCN4321.JPG (51,51 K/S -  6 013 096 bytes)
[14:13:45] - [2] MIRKO.POZEN: Début du Téléchargement de: D:\kerberos.htx\fotos lune et agathe\101NIKON\DSCN4323.JPG
[14:14:54] - [3] MIRKO.POZEN: Fichier envoyé: D:\kerberos.htx\fotos lune et agathe\101NIKON\DSCN4322.JPG (51,85 K/S -  5 575 412 bytes)
[14:14:54] - [3] MIRKO.POZEN: Début du Téléchargement de: D:\kerberos.htx\fotos lune et agathe\101NIKON\DSCN4324.JPG
[14:15:34] - [2] MIRKO.POZEN: Fichier envoyé: D:\kerberos.htx\fotos lune et agathe\101NIKON\DSCN4323.JPG (49,78 K/S -  5 505 022 bytes)
[14:15:34] - [2] MIRKO.POZEN: Début du Téléchargement de: D:\kerberos.htx\fotos lune et agathe\101NIKON\DSCN4325.JPG
[14:16:52] - [3] MIRKO.POZEN: Fichier envoyé: D:\kerberos.htx\fotos lune et agathe\101NIKON\DSCN4324.JPG (48,87 K/S -  5 855 149 bytes)
[14:16:52] - [3] MIRKO.POZEN: Début du Téléchargement de: D:\kerberos.htx\fotos lune et agathe\101NIKON\DSCN4326.JPG
[14:17:27] - [2] MIRKO.POZEN: Fichier envoyé: D:\kerberos.htx\fotos lune et agathe\101NIKON\DSCN4325.JPG (49,68 K/S -  5 748 774 bytes)
[14:17:27] - [2] MIRKO.POZEN: Début du Téléchargement de: D:\kerberos.htx\fotos lune et agathe\101NIKON\DSCN4334.JPG
[14:18:42] - [3] MIRKO.POZEN: Fichier envoyé: D:\kerberos.htx\fotos lune et agathe\101NIKON\DSCN4326.JPG (50,90 K/S -  5 733 155 bytes)
[14:18:42] - [3] MIRKO.POZEN: Début du Téléchargement de: D:\kerberos.htx\fotos lune et agathe\101NIKON\DSCN4335.JPG
[14:19:56] - [2] MIRKO.POZEN: Fichier envoyé: D:\kerberos.htx\fotos lune et agathe\101NIKON\DSCN4334.JPG (52,11 K/S -  7 898 022 bytes)
[14:19:56] - [2] MIRKO.POZEN: Début du Téléchargement de: D:\kerberos.htx\fotos lune et agathe\101NIKON\DSCN4336.JPG
[14:20:42] - [3] MIRKO.POZEN: Fichier envoyé: D:\kerberos.htx\fotos lune et agathe\101NIKON\DSCN4335.JPG (53,19 K/S -  6 481 564 bytes)
[14:20:42] - [3] MIRKO.POZEN: Début du Téléchargement de: D:\kerberos.htx\fotos lune et agathe\101NIKON\DSCN4346.JPG
[14:22:22] - [2] MIRKO.POZEN: Fichier envoyé: D:\kerberos.htx\fotos lune et agathe\101NIKON\DSCN4336.JPG (51,01 K/S -  7 626 600 bytes)
[14:22:23] - [2] MIRKO.POZEN: Début du Téléchargement de: D:\kerberos.htx\fotos lune et agathe\101NIKON\DSCN4347.JPG
[14:22:44] - [3] MIRKO.POZEN: Fichier envoyé: D:\kerberos.htx\fotos lune et agathe\101NIKON\DSCN4346.JPG (51,85 K/S -  6 477 528 bytes)
[14:22:44] - [3] MIRKO.POZEN: Début du Téléchargement de: D:\kerberos.htx\fotos lune et agathe\101NIKON\DSCN4348.JPG
[14:24:24] - [2] MIRKO.POZEN: Fichier envoyé: D:\kerberos.htx\fotos lune et agathe\101NIKON\DSCN4347.JPG (51,69 K/S -  6 457 489 bytes)
[14:24:25] - [2] MIRKO.POZEN: Début du Téléchargement de: D:\kerberos.htx\fotos lune et agathe\101NIKON\DSCN4349.JPG
[14:24:38] - [3] MIRKO.POZEN: Fichier envoyé: D:\kerberos.htx\fotos lune et agathe\101NIKON\DSCN4348.JPG (52,28 K/S -  6 049 534 bytes)
[14:24:38] - [3] MIRKO.POZEN: Début du Téléchargement de: D:\kerberos.htx\fotos lune et agathe\101NIKON\DSCN4350.JPG
[14:26:38] - [2] MIRKO.POZEN: Fichier envoyé: D:\kerberos.htx\fotos lune et agathe\101NIKON\DSCN4349.JPG (54,13 K/S -  7 371 773 bytes)
[14:26:38] - [2] MIRKO.POZEN: Début du Téléchargement de: D:\kerberos.htx\fotos lune et agathe\101NIKON\DSCN4351.JPG
[14:26:50] - [3] MIRKO.POZEN: Fichier envoyé: D:\kerberos.htx\fotos lune et agathe\101NIKON\DSCN4350.JPG (49,97 K/S -  6 703 689 bytes)
[14:26:50] - [3] MIRKO.POZEN: Début du Téléchargement de: D:\kerberos.htx\fotos lune et agathe\101NIKON\DSCN4352.JPG
[14:27:33] - [3] MIRKO.POZEN: Fichier envoyé: D:\kerberos.htx\fotos lune et agathe\101NIKON\DSCN4352.JPG (51,41 K/S -  2 263 691 bytes)
[14:27:33] - [3] MIRKO.POZEN: Début du Téléchargement de: D:\kerberos.htx\fotos lune et agathe\101NIKON\DSCN4353.JPG
[14:28:45] - [2] MIRKO.POZEN: Fichier envoyé: D:\kerberos.htx\fotos lune et agathe\101NIKON\DSCN4351.JPG (52,16 K/S -  6 783 560 bytes)
[14:28:46] - [2] MIRKO.POZEN: Début du Téléchargement de: D:\kerberos.htx\fotos lune et agathe\101NIKON\DSCN4354.JPG
[14:29:35] - [3] MIRKO.POZEN: Fichier envoyé: D:\kerberos.htx\fotos lune et agathe\101NIKON\DSCN4353.JPG (52,27 K/S -  6 476 378 bytes)
[14:29:35] - [3] MIRKO.POZEN: Début du Téléchargement de: D:\kerberos.htx\fotos lune et agathe\101NIKON\DSCN4355.JPG
[14:29:51] - [2] MIRKO.POZEN: Fichier envoyé: D:\kerberos.htx\fotos lune et agathe\101NIKON\DSCN4354.JPG (52,91 K/S -  3 575 785 bytes)
[14:29:52] - [2] MIRKO.POZEN: Début du Téléchargement de: D:\kerberos.htx\fotos lune et agathe\101NIKON\DSCN4356.JPG
[14:30:37] - [3] MIRKO.POZEN: Fichier envoyé: D:\kerberos.htx\fotos lune et agathe\101NIKON\DSCN4355.JPG (51,26 K/S -  3 202 185 bytes)
[14:30:37] - [3] MIRKO.POZEN: Début du Téléchargement de: D:\kerberos.htx\fotos lune et agathe\101NIKON\DSCN4357.JPG
[14:31:22] - [3] MIRKO.POZEN: Fichier envoyé: D:\kerberos.htx\fotos lune et agathe\101NIKON\DSCN4357.JPG (52,87 K/S -  2 382 016 bytes)
[14:31:22] - [3] MIRKO.POZEN: Début du Téléchargement de: D:\kerberos.htx\fotos lune et agathe\101NIKON\DSCN4358.JPG
[14:32:00] - [2] MIRKO.POZEN: Fichier envoyé: D:\kerberos.htx\fotos lune et agathe\101NIKON\DSCN4356.JPG (52,12 K/S -  6 831 489 bytes)
[14:32:00] - [2] MIRKO.POZEN: Début du Téléchargement de: D:\kerberos.htx\fotos lune et agathe\101NIKON\DSCN4359.JPG
[14:32:08] - [3] MIRKO.POZEN: Fichier envoyé: D:\kerberos.htx\fotos lune et agathe\101NIKON\DSCN4358.JPG (52,26 K/S -  2 461 450 bytes)
[14:32:09] - [3] MIRKO.POZEN: Début du Téléchargement de: D:\kerberos.htx\fotos lune et agathe\101NIKON\DSCN4360.JPG
[14:32:47] - [2] MIRKO.POZEN: Fichier envoyé: D:\kerberos.htx\fotos lune et agathe\101NIKON\DSCN4359.JPG (53,02 K/S -  2 497 663 bytes)
[14:32:47] - [2] MIRKO.POZEN: Répertoire en Cours: D:\kerberos.htx\fotos lune et agathe\100NIKON\
[14:32:48] - [2] MIRKO.POZEN: Début du Téléchargement de: D:\kerberos.htx\fotos lune et agathe\100NIKON\DSCN4061.JPG
[14:32:57] - [3] MIRKO.POZEN: Fichier envoyé: D:\kerberos.htx\fotos lune et agathe\101NIKON\DSCN4360.JPG (52,18 K/S -  2 564 826 bytes)
[14:32:57] - [3] MIRKO.POZEN: Répertoire en Cours: D:\kerberos.htx\fotos lune et agathe\100NIKON\
[14:32:57] - [3] MIRKO.POZEN: Début du Téléchargement de: D:\kerberos.htx\fotos lune et agathe\100NIKON\DSCN4062.JPG
[14:34:48] - [2] MIRKO.POZEN: Fichier envoyé: D:\kerberos.htx\fotos lune et agathe\100NIKON\DSCN4061.JPG (51,84 K/S -  6 370 061 bytes)
[14:34:48] - [2] MIRKO.POZEN: Début du Téléchargement de: D:\kerberos.htx\fotos lune et agathe\100NIKON\DSCN4063.JPG
[14:35:04] - [3] MIRKO.POZEN: Fichier envoyé: D:\kerberos.htx\fotos lune et agathe\100NIKON\DSCN4062.JPG (52,12 K/S -  6 777 844 bytes)
[14:35:05] - [3] MIRKO.POZEN: Début du Téléchargement de: D:\kerberos.htx\fotos lune et agathe\100NIKON\DSCN4064.JPG
[14:36:56] - [3] MIRKO.POZEN: Fichier envoyé: D:\kerberos.htx\fotos lune et agathe\100NIKON\DSCN4064.JPG (56,37 K/S -  6 407 524 bytes)
[14:36:56] - [3] MIRKO.POZEN: Début du Téléchargement de: D:\kerberos.htx\fotos lune et agathe\100NIKON\DSCN4065.JPG
[14:36:59] - [2] MIRKO.POZEN: Fichier envoyé: D:\kerberos.htx\fotos lune et agathe\100NIKON\DSCN4063.JPG (48,06 K/S -  6 446 550 bytes)
[14:36:59] - [2] MIRKO.POZEN: Début du Téléchargement de: D:\kerberos.htx\fotos lune et agathe\100NIKON\DSCN4066.JPG
[14:39:10] - [2] MIRKO.POZEN: Fichier envoyé: D:\kerberos.htx\fotos lune et agathe\100NIKON\DSCN4066.JPG (57,07 K/S -  7 655 228 bytes)
[14:39:10] - [2] MIRKO.POZEN: Début du Téléchargement de: D:\kerberos.htx\fotos lune et agathe\100NIKON\DSCN4067.JPG
[14:39:20] - [3] MIRKO.POZEN: Fichier envoyé: D:\kerberos.htx\fotos lune et agathe\100NIKON\DSCN4065.JPG (47,38 K/S -  6 986 177 bytes)
[14:39:21] - [3] MIRKO.POZEN: Début du Téléchargement de: D:\kerberos.htx\fotos lune et agathe\100NIKON\DSCN4068.JPG
[14:41:31] - [2] MIRKO.POZEN: Fichier envoyé: D:\kerberos.htx\fotos lune et agathe\100NIKON\DSCN4067.JPG (51,61 K/S -  7 503 919 bytes)
[14:41:31] - [2] MIRKO.POZEN: Début du Téléchargement de: D:\kerberos.htx\fotos lune et agathe\100NIKON\DSCN4069.JPG
[14:41:37] - [3] MIRKO.POZEN: Fichier envoyé: D:\kerberos.htx\fotos lune et agathe\100NIKON\DSCN4068.JPG (51,93 K/S -  7 231 659 bytes)
[14:41:37] - [3] MIRKO.POZEN: Début du Téléchargement de: D:\kerberos.htx\fotos lune et agathe\100NIKON\DSCN4070.JPG
[14:43:41] - [2] MIRKO.POZEN: Fichier envoyé: D:\kerberos.htx\fotos lune et agathe\100NIKON\DSCN4069.JPG (52,19 K/S -  6 947 070 bytes)
[14:43:42] - [2] MIRKO.POZEN: Début du Téléchargement de: D:\kerberos.htx\fotos lune et agathe\100NIKON\DSCN4071.JPG
[14:43:50] - [3] MIRKO.POZEN: Fichier envoyé: D:\kerberos.htx\fotos lune et agathe\100NIKON\DSCN4070.JPG (52,10 K/S -  7 096 004 bytes)
[14:43:50] - [3] MIRKO.POZEN: Début du Téléchargement de: D:\kerberos.htx\fotos lune et agathe\100NIKON\DSCN4072.JPG
[14:45:57] - [3] MIRKO.POZEN: Fichier envoyé: D:\kerberos.htx\fotos lune et agathe\100NIKON\DSCN4072.JPG (53,36 K/S -  6 939 096 bytes)
[14:45:58] - [3] MIRKO.POZEN: Début du Téléchargement de: D:\kerberos.htx\fotos lune et agathe\100NIKON\DSCN4073.JPG
[14:46:03] - [2] MIRKO.POZEN: Fichier envoyé: D:\kerberos.htx\fotos lune et agathe\100NIKON\DSCN4071.JPG (50,07 K/S -  7 279 955 bytes)
[14:46:03] - [2] MIRKO.POZEN: Début du Téléchargement de: D:\kerberos.htx\fotos lune et agathe\100NIKON\DSCN4074.JPG
[14:48:09] - [3] MIRKO.POZEN: Fichier envoyé: D:\kerberos.htx\fotos lune et agathe\100NIKON\DSCN4073.JPG (51,83 K/S -  7 006 059 bytes)
[14:48:10] - [3] MIRKO.POZEN: Début du Téléchargement de: D:\kerberos.htx\fotos lune et agathe\100NIKON\DSCN4075.JPG
[14:48:15] - [2] MIRKO.POZEN: Fichier envoyé: D:\kerberos.htx\fotos lune et agathe\100NIKON\DSCN4074.JPG (52,16 K/S -  6 996 334 bytes)
[14:48:15] - [2] MIRKO.POZEN: Début du Téléchargement de: D:\kerberos.htx\fotos lune et agathe\100NIKON\DSCN4076.JPG
[14:50:19] - [2] MIRKO.POZEN: Fichier envoyé: D:\kerberos.htx\fotos lune et agathe\100NIKON\DSCN4076.JPG (52,08 K/S -  6 559 894 bytes)
[14:50:19] - [2] MIRKO.POZEN: Début du Téléchargement de: D:\kerberos.htx\fotos lune et agathe\100NIKON\DSCN4077.JPG
[14:50:21] - [3] MIRKO.POZEN: Fichier envoyé: D:\kerberos.htx\fotos lune et agathe\100NIKON\DSCN4075.JPG (51,91 K/S -  7 016 252 bytes)
[14:50:22] - [3] MIRKO.POZEN: Début du Téléchargement de: D:\kerberos.htx\fotos lune et agathe\100NIKON\DSCN4078.JPG
[14:52:21] - [3] MIRKO.POZEN: Fichier envoyé: D:\kerberos.htx\fotos lune et agathe\100NIKON\DSCN4078.JPG (51,79 K/S -  6 311 012 bytes)
[14:52:21] - [3] MIRKO.POZEN: Début du Téléchargement de: D:\kerberos.htx\fotos lune et agathe\100NIKON\DSCN4079.JPG
[14:52:24] - [2] MIRKO.POZEN: Fichier envoyé: D:\kerberos.htx\fotos lune et agathe\100NIKON\DSCN4077.JPG (52,18 K/S -  6 679 594 bytes)
[14:52:25] - [2] MIRKO.POZEN: Début du Téléchargement de: D:\kerberos.htx\fotos lune et agathe\100NIKON\DSCN4080.JPG
[14:53:56] - [2] MIRKO.POZEN: Fichier envoyé: D:\kerberos.htx\fotos lune et agathe\100NIKON\DSCN4080.JPG (52,05 K/S -  4 850 066 bytes)
[14:53:56] - [2] MIRKO.POZEN: Début du Téléchargement de: D:\kerberos.htx\fotos lune et agathe\100NIKON\DSCN4081.JPG
[14:54:19] - [3] MIRKO.POZEN: Fichier envoyé: D:\kerberos.htx\fotos lune et agathe\100NIKON\DSCN4079.JPG (52,00 K/S -  6 283 473 bytes)
[14:54:19] - [3] MIRKO.POZEN: Début du Téléchargement de: D:\kerberos.htx\fotos lune et agathe\100NIKON\DSCN4082.JPG
[14:55:29] - [2] MIRKO.POZEN: Fichier envoyé: D:\kerberos.htx\fotos lune et agathe\100NIKON\DSCN4081.JPG (52,30 K/S -  4 926 680 bytes)
[14:55:29] - [2] MIRKO.POZEN: Début du Téléchargement de: D:\kerberos.htx\fotos lune et agathe\100NIKON\DSCN4083.JPG
[14:55:37] - [3] MIRKO.POZEN: Fichier envoyé: D:\kerberos.htx\fotos lune et agathe\100NIKON\DSCN4082.JPG (52,60 K/S -  4 147 056 bytes)
[14:55:37] - [3] MIRKO.POZEN: Début du Téléchargement de: D:\kerberos.htx\fotos lune et agathe\100NIKON\DSCN4084.JPG
[14:57:10] - [2] MIRKO.POZEN: Fichier envoyé: D:\kerberos.htx\fotos lune et agathe\100NIKON\DSCN4083.JPG (53,24 K/S -  5 506 184 bytes)
[14:57:10] - [2] MIRKO.POZEN: Début du Téléchargement de: D:\kerberos.htx\fotos lune et agathe\100NIKON\DSCN4085.JPG
[14:57:16] - [3] MIRKO.POZEN: Fichier envoyé: D:\kerberos.htx\fotos lune et agathe\100NIKON\DSCN4084.JPG (50,67 K/S -  5 136 612 bytes)
[14:57:17] - [3] MIRKO.POZEN: Début du Téléchargement de: D:\kerberos.htx\fotos lune et agathe\100NIKON\DSCN4086.JPG
[14:58:51] - [3] MIRKO.POZEN: Fichier envoyé: D:\kerberos.htx\fotos lune et agathe\100NIKON\DSCN4086.JPG (51,62 K/S -  5 021 641 bytes)
[14:58:51] - [3] MIRKO.POZEN: Début du Téléchargement de: D:\kerberos.htx\fotos lune et agathe\100NIKON\DSCN4087.JPG
[14:58:52] - [2] MIRKO.POZEN: Fichier envoyé: D:\kerberos.htx\fotos lune et agathe\100NIKON\DSCN4085.JPG (52,13 K/S -  5 444 358 bytes)
[14:58:53] - [2] MIRKO.POZEN: Début du Téléchargement de: D:\kerberos.htx\fotos lune et agathe\100NIKON\DSCN4088.JPG
[15:00:54] - [2] MIRKO.POZEN: Fichier envoyé: D:\kerberos.htx\fotos lune et agathe\100NIKON\DSCN4088.JPG (51,49 K/S -  6 432 668 bytes)
[15:00:55] - [2] MIRKO.POZEN: Début du Téléchargement de: D:\kerberos.htx\fotos lune et agathe\100NIKON\DSCN4089.JPG
[15:00:55] - [3] MIRKO.POZEN: Fichier envoyé: D:\kerberos.htx\fotos lune et agathe\100NIKON\DSCN4087.JPG (52,02 K/S -  6 552 001 bytes)
[15:00:55] - [3] MIRKO.POZEN: Début du Téléchargement de: D:\kerberos.htx\fotos lune et agathe\100NIKON\DSCN4090.JPG
[15:02:59] - [3] MIRKO.POZEN: Fichier envoyé: D:\kerberos.htx\fotos lune et agathe\100NIKON\DSCN4090.JPG (51,82 K/S -  6 579 365 bytes)
[15:02:59] - [3] MIRKO.POZEN: Début du Téléchargement de: D:\kerberos.htx\fotos lune et agathe\100NIKON\DSCN4091.JPG
[15:03:01] - [2] MIRKO.POZEN: Fichier envoyé: D:\kerberos.htx\fotos lune et agathe\100NIKON\DSCN4089.JPG (52,03 K/S -  6 713 103 bytes)
[15:03:01] - [2] MIRKO.POZEN: Début du Téléchargement de: D:\kerberos.htx\fotos lune et agathe\100NIKON\DSCN4092.JPG
[15:04:57] - [3] MIRKO.POZEN: Fichier envoyé: D:\kerberos.htx\fotos lune et agathe\100NIKON\DSCN4091.JPG (52,06 K/S -  6 236 951 bytes)
[15:04:57] - [3] MIRKO.POZEN: Début du Téléchargement de: D:\kerberos.htx\fotos lune et agathe\100NIKON\DSCN4093.JPG
[15:04:57] - [2] MIRKO.POZEN: Fichier envoyé: D:\kerberos.htx\fotos lune et agathe\100NIKON\DSCN4092.JPG (52,10 K/S -  6 188 530 bytes)
[15:04:58] - [2] MIRKO.POZEN: Début du Téléchargement de: D:\kerberos.htx\fotos lune et agathe\100NIKON\DSCN4094.JPG
[15:06:52] - [3] MIRKO.POZEN: Fichier envoyé: D:\kerberos.htx\fotos lune et agathe\100NIKON\DSCN4093.JPG (52,00 K/S -  6 123 230 bytes)
[15:06:52] - [3] MIRKO.POZEN: Début du Téléchargement de: D:\kerberos.htx\fotos lune et agathe\100NIKON\DSCN4095.JPG
[15:07:04] - [2] MIRKO.POZEN: Fichier envoyé: D:\kerberos.htx\fotos lune et agathe\100NIKON\DSCN4094.JPG (51,69 K/S -  6 722 406 bytes)
[15:07:04] - [2] MIRKO.POZEN: Début du Téléchargement de: D:\kerberos.htx\fotos lune et agathe\100NIKON\DSCN4096.AVI
[15:07:10] - [2] MIRKO.POZEN: Fichier envoyé: D:\kerberos.htx\fotos lune et agathe\100NIKON\DSCN4096.AVI (51,70 K/S -   317 640 bytes)
[15:07:11] - [2] MIRKO.POZEN: Début du Téléchargement de: D:\kerberos.htx\fotos lune et agathe\100NIKON\DSCN4097.JPG
[15:09:00] - [3] MIRKO.POZEN: Fichier envoyé: D:\kerberos.htx\fotos lune et agathe\100NIKON\DSCN4095.JPG (52,30 K/S -  6 801 053 bytes)
[15:09:00] - [3] MIRKO.POZEN: Début du Téléchargement de: D:\kerberos.htx\fotos lune et agathe\100NIKON\DSCN4098.JPG
[15:09:04] - [2] MIRKO.POZEN: Fichier envoyé: D:\kerberos.htx\fotos lune et agathe\100NIKON\DSCN4097.JPG (51,74 K/S -  6 039 538 bytes)
[15:09:05] - [2] MIRKO.POZEN: Début du Téléchargement de: D:\kerberos.htx\fotos lune et agathe\100NIKON\DSCN4099.JPG
[15:10:56] - [3] MIRKO.POZEN: Fichier envoyé: D:\kerberos.htx\fotos lune et agathe\100NIKON\DSCN4098.JPG (52,32 K/S -  6 160 689 bytes)
[15:10:56] - [3] MIRKO.POZEN: Début du Téléchargement de: D:\kerberos.htx\fotos lune et agathe\100NIKON\DSCN4100.JPG
[15:11:04] - [2] MIRKO.POZEN: Fichier envoyé: D:\kerberos.htx\fotos lune et agathe\100NIKON\DSCN4099.JPG (52,04 K/S -  6 340 971 bytes)
[15:11:04] - [2] MIRKO.POZEN: Début du Téléchargement de: D:\kerberos.htx\fotos lune et agathe\100NIKON\DSCN4101.JPG
[15:12:59] - [3] MIRKO.POZEN: Fichier envoyé: D:\kerberos.htx\fotos lune et agathe\100NIKON\DSCN4100.JPG (51,87 K/S -  6 533 253 bytes)
[15:12:59] - [3] MIRKO.POZEN: Début du Téléchargement de: D:\kerberos.htx\fotos lune et agathe\100NIKON\DSCN4102.JPG
[15:13:10] - [2] MIRKO.POZEN: Fichier envoyé: D:\kerberos.htx\fotos lune et agathe\100NIKON\DSCN4101.JPG (51,97 K/S -  6 705 747 bytes)
[15:13:10] - [2] MIRKO.POZEN: Début du Téléchargement de: D:\kerberos.htx\fotos lune et agathe\100NIKON\DSCN4103.JPG
[15:15:02] - [3] MIRKO.POZEN: Fichier envoyé: D:\kerberos.htx\fotos lune et agathe\100NIKON\DSCN4102.JPG (52,21 K/S -  6 522 000 bytes)
[15:15:02] - [3] MIRKO.POZEN: Début du Téléchargement de: D:\kerberos.htx\fotos lune et agathe\100NIKON\DSCN4104.JPG
[15:15:17] - [2] MIRKO.POZEN: Fichier envoyé: D:\kerberos.htx\fotos lune et agathe\100NIKON\DSCN4103.JPG (51,91 K/S -  6 750 570 bytes)
[15:15:18] - [2] MIRKO.POZEN: Début du Téléchargement de: D:\kerberos.htx\fotos lune et agathe\100NIKON\DSCN4105.JPG
[15:17:15] - [3] MIRKO.POZEN: Fichier envoyé: D:\kerberos.htx\fotos lune et agathe\100NIKON\DSCN4104.JPG (51,86 K/S -  7 063 365 bytes)
[15:17:15] - [3] MIRKO.POZEN: Début du Téléchargement de: D:\kerberos.htx\fotos lune et agathe\100NIKON\DSCN4106.JPG
[15:17:30] - [2] MIRKO.POZEN: Fichier envoyé: D:\kerberos.htx\fotos lune et agathe\100NIKON\DSCN4105.JPG (51,93 K/S -  7 019 184 bytes)
[15:17:30] - [2] MIRKO.POZEN: Début du Téléchargement de: D:\kerberos.htx\fotos lune et agathe\100NIKON\DSCN4107.JPG
[15:19:27] - [3] MIRKO.POZEN: Fichier envoyé: D:\kerberos.htx\fotos lune et agathe\100NIKON\DSCN4106.JPG (51,93 K/S -  7 019 853 bytes)
[15:19:28] - [3] MIRKO.POZEN: Début du Téléchargement de: D:\kerberos.htx\fotos lune et agathe\100NIKON\DSCN4108.JPG
[15:19:40] - [2] MIRKO.POZEN: Fichier envoyé: D:\kerberos.htx\fotos lune et agathe\100NIKON\DSCN4107.JPG (52,24 K/S -  6 900 759 bytes)
[15:19:40] - [2] MIRKO.POZEN: Début du Téléchargement de: D:\kerberos.htx\fotos lune et agathe\100NIKON\DSCN4109.JPG
[15:21:23] - [3] MIRKO.POZEN: Fichier envoyé: D:\kerberos.htx\fotos lune et agathe\100NIKON\DSCN4108.JPG (50,39 K/S -  5 934 039 bytes)
[15:21:23] - [3] MIRKO.POZEN: Début du Téléchargement de: D:\kerberos.htx\fotos lune et agathe\100NIKON\DSCN4110.JPG
[15:21:29] - [2] MIRKO.POZEN: Fichier envoyé: D:\kerberos.htx\fotos lune et agathe\100NIKON\DSCN4109.JPG (54,00 K/S -  6 027 257 bytes)
[15:21:30] - [2] MIRKO.POZEN: Début du Téléchargement de: D:\kerberos.htx\fotos lune et agathe\100NIKON\DSCN4111.JPG
[15:23:10] - [3] MIRKO.POZEN: Fichier envoyé: D:\kerberos.htx\fotos lune et agathe\100NIKON\DSCN4110.JPG (56,59 K/S -  6 142 668 bytes)
[15:23:10] - [3] MIRKO.POZEN: Début du Téléchargement de: D:\kerberos.htx\fotos lune et agathe\100NIKON\DSCN4112.JPG
[15:23:36] - [2] MIRKO.POZEN: Fichier envoyé: D:\kerberos.htx\fotos lune et agathe\100NIKON\DSCN4111.JPG (47,87 K/S -  6 225 474 bytes)
[15:23:37] - [2] MIRKO.POZEN: Début du Téléchargement de: D:\kerberos.htx\fotos lune et agathe\100NIKON\DSCN4113.JPG
[15:25:03] - [3] MIRKO.POZEN: Fichier envoyé: D:\kerberos.htx\fotos lune et agathe\100NIKON\DSCN4112.JPG (51,95 K/S -  6 011 486 bytes)
[15:25:04] - [3] MIRKO.POZEN: Début du Téléchargement de: D:\kerberos.htx\fotos lune et agathe\100NIKON\DSCN4114.JPG
[15:25:35] - [2] MIRKO.POZEN: Fichier envoyé: D:\kerberos.htx\fotos lune et agathe\100NIKON\DSCN4113.JPG (51,85 K/S -  6 317 696 bytes)
[15:25:36] - [2] MIRKO.POZEN: Début du Téléchargement de: D:\kerberos.htx\fotos lune et agathe\100NIKON\DSCN4115.JPG
[15:26:12] - [3] MIRKO.POZEN: Fichier envoyé: D:\kerberos.htx\fotos lune et agathe\100NIKON\DSCN4114.JPG (52,18 K/S -  3 633 429 bytes)
[15:26:12] - [3] MIRKO.POZEN: Début du Téléchargement de: D:\kerberos.htx\fotos lune et agathe\100NIKON\DSCN4116.JPG
[15:26:39] - [2] MIRKO.POZEN: Fichier envoyé: D:\kerberos.htx\fotos lune et agathe\100NIKON\DSCN4115.JPG (53,91 K/S -  3 532 857 bytes)
[15:26:40] - [2] MIRKO.POZEN: Début du Téléchargement de: D:\kerberos.htx\fotos lune et agathe\100NIKON\DSCN4117.JPG
[15:27:46] - [3] MIRKO.POZEN: Fichier envoyé: D:\kerberos.htx\fotos lune et agathe\100NIKON\DSCN4116.JPG (50,73 K/S -  4 830 991 bytes)
[15:27:46] - [3] MIRKO.POZEN: Début du Téléchargement de: D:\kerberos.htx\fotos lune et agathe\100NIKON\DSCN4118.JPG
[15:28:12] - [2] MIRKO.POZEN: Fichier envoyé: D:\kerberos.htx\fotos lune et agathe\100NIKON\DSCN4117.JPG (51,79 K/S -  4 931 985 bytes)
[15:28:13] - [2] MIRKO.POZEN: Début du Téléchargement de: D:\kerberos.htx\fotos lune et agathe\100NIKON\DSCN4119.JPG
[15:29:09] - [3] MIRKO.POZEN: Fichier envoyé: D:\kerberos.htx\fotos lune et agathe\100NIKON\DSCN4118.JPG (52,28 K/S -  4 389 535 bytes)
[15:29:09] - [3] MIRKO.POZEN: Début du Téléchargement de: D:\kerberos.htx\fotos lune et agathe\100NIKON\DSCN4120.JPG
[15:29:15] - [2] MIRKO.POZEN: Fichier envoyé: D:\kerberos.htx\fotos lune et agathe\100NIKON\DSCN4119.JPG (52,10 K/S -  3 307 707 bytes)
[15:29:15] - [2] MIRKO.POZEN: Début du Téléchargement de: D:\kerberos.htx\fotos lune et agathe\100NIKON\DSCN4121.JPG
[15:30:18] - [2] MIRKO.POZEN: Fichier envoyé: D:\kerberos.htx\fotos lune et agathe\100NIKON\DSCN4121.JPG (51,60 K/S -  3 329 055 bytes)
[15:30:18] - [2] MIRKO.POZEN: Début du Téléchargement de: D:\kerberos.htx\fotos lune et agathe\100NIKON\DSCN4122.JPG
[15:30:20] - [3] MIRKO.POZEN: Fichier envoyé: D:\kerberos.htx\fotos lune et agathe\100NIKON\DSCN4120.JPG (52,59 K/S -  3 769 966 bytes)
[15:30:20] - [3] MIRKO.POZEN: Début du Téléchargement de: D:\kerberos.htx\fotos lune et agathe\100NIKON\DSCN4123.JPG
[15:31:41] - [2] MIRKO.POZEN: Fichier envoyé: D:\kerberos.htx\fotos lune et agathe\100NIKON\DSCN4122.JPG (51,89 K/S -  4 410 362 bytes)
[15:31:42] - [2] MIRKO.POZEN: Début du Téléchargement de: D:\kerberos.htx\fotos lune et agathe\100NIKON\DSCN4124.JPG
[15:31:42] - [3] MIRKO.POZEN: Fichier envoyé: D:\kerberos.htx\fotos lune et agathe\100NIKON\DSCN4123.JPG (52,18 K/S -  4 381 272 bytes)
[15:31:43] - [3] MIRKO.POZEN: Début du Téléchargement de: D:\kerberos.htx\fotos lune et agathe\100NIKON\DSCN4125.JPG
[15:33:05] - [3] MIRKO.POZEN: Fichier envoyé: D:\kerberos.htx\fotos lune et agathe\100NIKON\DSCN4125.JPG (51,41 K/S -  4 369 818 bytes)
[15:33:05] - [3] MIRKO.POZEN: Début du Téléchargement de: D:\kerberos.htx\fotos lune et agathe\100NIKON\DSCN4126.JPG
[15:33:08] - [2] MIRKO.POZEN: Fichier envoyé: D:\kerberos.htx\fotos lune et agathe\100NIKON\DSCN4124.JPG (52,07 K/S -  4 585 366 bytes)
[15:33:08] - [2] MIRKO.POZEN: Début du Téléchargement de: D:\kerberos.htx\fotos lune et agathe\100NIKON\DSCN4127.JPG
[15:34:26] - [3] MIRKO.POZEN: Fichier envoyé: D:\kerberos.htx\fotos lune et agathe\100NIKON\DSCN4126.JPG (52,00 K/S -  4 313 298 bytes)
[15:34:27] - [3] MIRKO.POZEN: Début du Téléchargement de: D:\kerberos.htx\fotos lune et agathe\100NIKON\DSCN4128.JPG
[15:34:31] - [2] MIRKO.POZEN: Fichier envoyé: D:\kerberos.htx\fotos lune et agathe\100NIKON\DSCN4127.JPG (51,52 K/S -  4 431 507 bytes)
[15:34:31] - [2] MIRKO.POZEN: Début du Téléchargement de: D:\kerberos.htx\fotos lune et agathe\100NIKON\DSCN4129.JPG
[15:35:53] - [3] MIRKO.POZEN: Fichier envoyé: D:\kerberos.htx\fotos lune et agathe\100NIKON\DSCN4128.JPG (51,63 K/S -  4 599 492 bytes)
[15:35:53] - [3] MIRKO.POZEN: Début du Téléchargement de: D:\kerberos.htx\fotos lune et agathe\100NIKON\DSCN4130.JPG
[15:35:54] - [2] MIRKO.POZEN: Fichier envoyé: D:\kerberos.htx\fotos lune et agathe\100NIKON\DSCN4129.JPG (51,86 K/S -  4 407 579 bytes)
[15:35:55] - [2] MIRKO.POZEN: Début du Téléchargement de: D:\kerberos.htx\fotos lune et agathe\100NIKON\DSCN4131.JPG
[15:37:15] - [3] MIRKO.POZEN: Fichier envoyé: D:\kerberos.htx\fotos lune et agathe\100NIKON\DSCN4130.JPG (52,33 K/S -  4 340 773 bytes)
[15:37:15] - [3] MIRKO.POZEN: Début du Téléchargement de: D:\kerberos.htx\fotos lune et agathe\100NIKON\DSCN4132.JPG
[15:37:23] - [2] MIRKO.POZEN: Fichier envoyé: D:\kerberos.htx\fotos lune et agathe\100NIKON\DSCN4131.JPG (51,99 K/S -  4 685 287 bytes)
[15:37:23] - [2] MIRKO.POZEN: Début du Téléchargement de: D:\kerberos.htx\fotos lune et agathe\100NIKON\DSCN4133.JPG
[15:38:39] - [3] MIRKO.POZEN: Fichier envoyé: D:\kerberos.htx\fotos lune et agathe\100NIKON\DSCN4132.JPG (52,14 K/S -  4 484 949 bytes)
[15:38:40] - [3] MIRKO.POZEN: Début du Téléchargement de: D:\kerberos.htx\fotos lune et agathe\100NIKON\DSCN4134.JPG
[15:38:50] - [2] MIRKO.POZEN: Fichier envoyé: D:\kerberos.htx\fotos lune et agathe\100NIKON\DSCN4133.JPG (51,78 K/S -  4 613 360 bytes)
[15:38:50] - [2] MIRKO.POZEN: Début du Téléchargement de: D:\kerberos.htx\fotos lune et agathe\100NIKON\DSCN4135.JPG
[15:40:08] - [3] MIRKO.POZEN: Fichier envoyé: D:\kerberos.htx\fotos lune et agathe\100NIKON\DSCN4134.JPG (52,02 K/S -  4 687 655 bytes)
[15:40:08] - [3] MIRKO.POZEN: Début du Téléchargement de: D:\kerberos.htx\fotos lune et agathe\100NIKON\DSCN4136.JPG
[15:40:27] - [2] MIRKO.POZEN: Fichier envoyé: D:\kerberos.htx\fotos lune et agathe\100NIKON\DSCN4135.JPG (52,13 K/S -  5 177 591 bytes)
[15:40:28] - [2] MIRKO.POZEN: Début du Téléchargement de: D:\kerberos.htx\fotos lune et agathe\100NIKON\DSCN4137.JPG
[15:41:38] - [3] MIRKO.POZEN: Fichier envoyé: D:\kerberos.htx\fotos lune et agathe\100NIKON\DSCN4136.JPG (52,41 K/S -  4 776 162 bytes)
[15:41:38] - [3] MIRKO.POZEN: Début du Téléchargement de: D:\kerberos.htx\fotos lune et agathe\100NIKON\DSCN4138.JPG
[15:41:57] - [2] MIRKO.POZEN: Fichier envoyé: D:\kerberos.htx\fotos lune et agathe\100NIKON\DSCN4137.JPG (51,57 K/S -  4 752 982 bytes)
[15:41:57] - [2] MIRKO.POZEN: Début du Téléchargement de: D:\kerberos.htx\fotos lune et agathe\100NIKON\DSCN4139.JPG
[15:42:47] - [3] MIRKO.POZEN: Fichier envoyé: D:\kerberos.htx\fotos lune et agathe\100NIKON\DSCN4138.JPG (51,83 K/S -  3 662 038 bytes)
[15:42:47] - [3] MIRKO.POZEN: Début du Téléchargement de: D:\kerberos.htx\fotos lune et agathe\100NIKON\DSCN4140.JPG
[15:43:00] - [2] MIRKO.POZEN: Fichier envoyé: D:\kerberos.htx\fotos lune et agathe\100NIKON\DSCN4139.JPG (52,46 K/S -  3 330 613 bytes)
[15:43:00] - [2] MIRKO.POZEN: Début du Téléchargement de: D:\kerberos.htx\fotos lune et agathe\100NIKON\DSCN4141.JPG
[15:44:35] - [3] MIRKO.POZEN: Fichier envoyé: D:\kerberos.htx\fotos lune et agathe\100NIKON\DSCN4140.JPG (51,85 K/S -  5 733 976 bytes)
[15:44:35] - [3] MIRKO.POZEN: Début du Téléchargement de: D:\kerberos.htx\fotos lune et agathe\100NIKON\DSCN4142.JPG
[15:44:52] - [2] MIRKO.POZEN: Fichier envoyé: D:\kerberos.htx\fotos lune et agathe\100NIKON\DSCN4141.JPG (52,07 K/S -  5 971 480 bytes)
[15:44:53] - [2] MIRKO.POZEN: Début du Téléchargement de: D:\kerberos.htx\fotos lune et agathe\100NIKON\DSCN4143.JPG
[15:46:07] - [3] MIRKO.POZEN: Fichier envoyé: D:\kerberos.htx\fotos lune et agathe\100NIKON\DSCN4142.JPG (50,89 K/S -  4 794 121 bytes)
[15:46:08] - [3] MIRKO.POZEN: Début du Téléchargement de: D:\kerberos.htx\fotos lune et agathe\100NIKON\DSCN4144.JPG
[15:46:36] - [2] MIRKO.POZEN: Fichier envoyé: D:\kerberos.htx\fotos lune et agathe\100NIKON\DSCN4143.JPG (54,84 K/S -  5 783 712 bytes)
[15:46:36] - [2] MIRKO.POZEN: Début du Téléchargement de: D:\kerberos.htx\fotos lune et agathe\100NIKON\DSCN4145.JPG
[15:47:52] - [3] MIRKO.POZEN: Fichier envoyé: D:\kerberos.htx\fotos lune et agathe\100NIKON\DSCN4144.JPG (49,76 K/S -  5 350 713 bytes)
[15:47:52] - [3] MIRKO.POZEN: Début du Téléchargement de: D:\kerberos.htx\fotos lune et agathe\100NIKON\DSCN4146.JPG
[15:48:16] - [2] MIRKO.POZEN: Fichier envoyé: D:\kerberos.htx\fotos lune et agathe\100NIKON\DSCN4145.JPG (52,22 K/S -  5 293 455 bytes)
[15:48:16] - [2] MIRKO.POZEN: Début du Téléchargement de: D:\kerberos.htx\fotos lune et agathe\100NIKON\DSCN4147.JPG
[15:49:32] - [3] MIRKO.POZEN: Fichier envoyé: D:\kerberos.htx\fotos lune et agathe\100NIKON\DSCN4146.JPG (51,06 K/S -  5 228 511 bytes)
[15:49:33] - [3] MIRKO.POZEN: Début du Téléchargement de: D:\kerberos.htx\fotos lune et agathe\100NIKON\DSCN4148.JPG
[15:49:57] - [2] MIRKO.POZEN: Fichier envoyé: D:\kerberos.htx\fotos lune et agathe\100NIKON\DSCN4147.JPG (54,00 K/S -  5 639 824 bytes)
[15:49:57] - [2] MIRKO.POZEN: Début du Téléchargement de: D:\kerberos.htx\fotos lune et agathe\100NIKON\DSCN4149.JPG
[15:51:11] - [3] MIRKO.POZEN: Fichier envoyé: D:\kerberos.htx\fotos lune et agathe\100NIKON\DSCN4148.JPG (50,08 K/S -  5 077 302 bytes)
[15:51:12] - [3] MIRKO.POZEN: Début du Téléchargement de: D:\kerberos.htx\fotos lune et agathe\100NIKON\DSCN4150.JPG
[15:51:30] - [2] MIRKO.POZEN: Fichier envoyé: D:\kerberos.htx\fotos lune et agathe\100NIKON\DSCN4149.JPG (52,13 K/S -  4 910 874 bytes)
[15:51:30] - [2] MIRKO.POZEN: Début du Téléchargement de: D:\kerberos.htx\fotos lune et agathe\100NIKON\DSCN4151.JPG
[15:52:26] - [3] MIRKO.POZEN: Fichier envoyé: D:\kerberos.htx\fotos lune et agathe\100NIKON\DSCN4150.JPG (51,88 K/S -  3 931 184 bytes)
[15:52:26] - [3] MIRKO.POZEN: Début du Téléchargement de: D:\kerberos.htx\fotos lune et agathe\100NIKON\DSCN4152.JPG
[15:52:35] - [2] MIRKO.POZEN: Fichier envoyé: D:\kerberos.htx\fotos lune et agathe\100NIKON\DSCN4151.JPG (51,97 K/S -  3 459 427 bytes)
[15:52:35] - [2] MIRKO.POZEN: Début du Téléchargement de: D:\kerberos.htx\fotos lune et agathe\100NIKON\DSCN4153.JPG
[15:53:33] - [3] MIRKO.POZEN: Fichier envoyé: D:\kerberos.htx\fotos lune et agathe\100NIKON\DSCN4152.JPG (52,20 K/S -  3 581 319 bytes)
[15:53:34] - [3] MIRKO.POZEN: Début du Téléchargement de: D:\kerberos.htx\fotos lune et agathe\100NIKON\DSCN4154.JPG
[15:54:26] - [2] MIRKO.POZEN: Fichier envoyé: D:\kerberos.htx\fotos lune et agathe\100NIKON\DSCN4153.JPG (51,80 K/S -  5 888 276 bytes)
[15:54:26] - [2] MIRKO.POZEN: Début du Téléchargement de: D:\kerberos.htx\fotos lune et agathe\100NIKON\DSCN4155.JPG
[15:54:48] - [3] MIRKO.POZEN: Fichier envoyé: D:\kerberos.htx\fotos lune et agathe\100NIKON\DSCN4154.JPG (51,72 K/S -  3 972 430 bytes)
[15:54:49] - [3] MIRKO.POZEN: Début du Téléchargement de: D:\kerberos.htx\fotos lune et agathe\100NIKON\DSCN4156.JPG
[15:55:59] - [2] MIRKO.POZEN: Fichier envoyé: D:\kerberos.htx\fotos lune et agathe\100NIKON\DSCN4155.JPG (51,82 K/S -  4 934 714 bytes)
[15:55:59] - [2] MIRKO.POZEN: Début du Téléchargement de: D:\kerberos.htx\fotos lune et agathe\100NIKON\DSCN4157.JPG
[15:56:05] - [3] MIRKO.POZEN: Fichier envoyé: D:\kerberos.htx\fotos lune et agathe\100NIKON\DSCN4156.JPG (51,80 K/S -  4 084 463 bytes)
[15:56:06] - [3] MIRKO.POZEN: Début du Téléchargement de: D:\kerberos.htx\fotos lune et agathe\100NIKON\DSCN4158.JPG
[15:57:15] - [3] MIRKO.POZEN: Fichier envoyé: D:\kerberos.htx\fotos lune et agathe\100NIKON\DSCN4158.JPG (52,15 K/S -  3 738 186 bytes)
[15:57:15] - [3] MIRKO.POZEN: Début du Téléchargement de: D:\kerberos.htx\fotos lune et agathe\100NIKON\DSCN4159.JPG
[15:57:33] - [2] MIRKO.POZEN: Fichier envoyé: D:\kerberos.htx\fotos lune et agathe\100NIKON\DSCN4157.JPG (51,69 K/S -  4 922 695 bytes)
[15:57:33] - [2] MIRKO.POZEN: Début du Téléchargement de: D:\kerberos.htx\fotos lune et agathe\100NIKON\DSCN4160.JPG
[15:58:36] - [3] MIRKO.POZEN: Fichier envoyé: D:\kerberos.htx\fotos lune et agathe\100NIKON\DSCN4159.JPG (56,06 K/S -  4 649 676 bytes)
[15:58:36] - [3] MIRKO.POZEN: Début du Téléchargement de: D:\kerberos.htx\fotos lune et agathe\100NIKON\DSCN4161.JPG
[15:59:20] - [2] MIRKO.POZEN: Fichier envoyé: D:\kerberos.htx\fotos lune et agathe\100NIKON\DSCN4160.JPG (48,53 K/S -  5 317 558 bytes)
[15:59:20] - [2] MIRKO.POZEN: Début du Téléchargement de: D:\kerberos.htx\fotos lune et agathe\100NIKON\DSCN4162.JPG
[16:00:16] - [3] MIRKO.POZEN: Fichier envoyé: D:\kerberos.htx\fotos lune et agathe\100NIKON\DSCN4161.JPG (52,16 K/S -  5 288 214 bytes)
[16:00:16] - [3] MIRKO.POZEN: Début du Téléchargement de: D:\kerberos.htx\fotos lune et agathe\100NIKON\DSCN4163.JPG
[16:00:57] - [2] MIRKO.POZEN: Fichier envoyé: D:\kerberos.htx\fotos lune et agathe\100NIKON\DSCN4162.JPG (55,25 K/S -  5 487 397 bytes)
[16:00:58] - [2] MIRKO.POZEN: Début du Téléchargement de: D:\kerberos.htx\fotos lune et agathe\100NIKON\DSCN4164.JPG
[16:02:09] - [3] MIRKO.POZEN: Fichier envoyé: D:\kerberos.htx\fotos lune et agathe\100NIKON\DSCN4163.JPG (46,61 K/S -  5 393 387 bytes)
[16:02:10] - [3] MIRKO.POZEN: Début du Téléchargement de: D:\kerberos.htx\fotos lune et agathe\100NIKON\DSCN4165.JPG
[16:02:29] - [2] MIRKO.POZEN: Fichier envoyé: D:\kerberos.htx\fotos lune et agathe\100NIKON\DSCN4164.JPG (56,50 K/S -  5 322 721 bytes)
[16:02:29] - [2] MIRKO.POZEN: Début du Téléchargement de: D:\kerberos.htx\fotos lune et agathe\100NIKON\DSCN4166.JPG
[16:04:02] - [2] MIRKO.POZEN: Fichier envoyé: D:\kerberos.htx\fotos lune et agathe\100NIKON\DSCN4166.JPG (55,33 K/S -  5 269 235 bytes)
[16:04:03] - [2] MIRKO.POZEN: Début du Téléchargement de: D:\kerberos.htx\fotos lune et agathe\100NIKON\DSCN4167.JPG
[16:04:06] - [3] MIRKO.POZEN: Fichier envoyé: D:\kerberos.htx\fotos lune et agathe\100NIKON\DSCN4165.JPG (47,77 K/S -  5 722 745 bytes)
[16:04:07] - [3] MIRKO.POZEN: Début du Téléchargement de: D:\kerberos.htx\fotos lune et agathe\100NIKON\DSCN4168.JPG
[16:05:40] - [2] MIRKO.POZEN: Fichier envoyé: D:\kerberos.htx\fotos lune et agathe\100NIKON\DSCN4167.JPG (51,81 K/S -  5 145 977 bytes)
[16:05:40] - [2] MIRKO.POZEN: Début du Téléchargement de: D:\kerberos.htx\fotos lune et agathe\100NIKON\DSCN4169.JPG
[16:05:45] - [3] MIRKO.POZEN: Fichier envoyé: D:\kerberos.htx\fotos lune et agathe\100NIKON\DSCN4168.JPG (52,06 K/S -  5 224 189 bytes)
[16:05:45] - [3] MIRKO.POZEN: Début du Téléchargement de: D:\kerberos.htx\fotos lune et agathe\100NIKON\DSCN4170.JPG
[16:07:18] - [2] MIRKO.POZEN: Fichier envoyé: D:\kerberos.htx\fotos lune et agathe\100NIKON\DSCN4169.JPG (51,61 K/S -  5 232 339 bytes)
[16:07:19] - [2] MIRKO.POZEN: Début du Téléchargement de: D:\kerberos.htx\fotos lune et agathe\100NIKON\DSCN4171.JPG
[16:07:25] - [3] MIRKO.POZEN: Fichier envoyé: D:\kerberos.htx\fotos lune et agathe\100NIKON\DSCN4170.JPG (51,91 K/S -  5 315 208 bytes)
[16:07:25] - [3] MIRKO.POZEN: Début du Téléchargement de: D:\kerberos.htx\fotos lune et agathe\100NIKON\DSCN4172.JPG
[16:08:59] - [2] MIRKO.POZEN: Fichier envoyé: D:\kerberos.htx\fotos lune et agathe\100NIKON\DSCN4171.JPG (52,09 K/S -  5 334 052 bytes)
[16:08:59] - [2] MIRKO.POZEN: Début du Téléchargement de: D:\kerberos.htx\fotos lune et agathe\100NIKON\DSCN4173.JPG
[16:09:04] - [3] MIRKO.POZEN: Fichier envoyé: D:\kerberos.htx\fotos lune et agathe\100NIKON\DSCN4172.JPG (52,01 K/S -  5 272 675 bytes)
[16:09:05] - [3] MIRKO.POZEN: Début du Téléchargement de: D:\kerberos.htx\fotos lune et agathe\100NIKON\DSCN4174.JPG
[16:10:38] - [2] MIRKO.POZEN: Fichier envoyé: D:\kerberos.htx\fotos lune et agathe\100NIKON\DSCN4173.JPG (51,97 K/S -  5 268 461 bytes)
[16:10:38] - [2] MIRKO.POZEN: Début du Téléchargement de: D:\kerberos.htx\fotos lune et agathe\100NIKON\DSCN4175.JPG
[16:10:54] - [3] MIRKO.POZEN: Fichier envoyé: D:\kerberos.htx\fotos lune et agathe\100NIKON\DSCN4174.JPG (51,55 K/S -  5 806 178 bytes)
[16:10:54] - [3] MIRKO.POZEN: Début du Téléchargement de: D:\kerberos.htx\fotos lune et agathe\100NIKON\DSCN4176.JPG
[16:12:30] - [2] MIRKO.POZEN: Fichier envoyé: D:\kerberos.htx\fotos lune et agathe\100NIKON\DSCN4175.JPG (51,95 K/S -  5 958 098 bytes)
[16:12:31] - [2] MIRKO.POZEN: Début du Téléchargement de: D:\kerberos.htx\fotos lune et agathe\100NIKON\DSCN4177.JPG
[16:12:44] - [3] MIRKO.POZEN: Fichier envoyé: D:\kerberos.htx\fotos lune et agathe\100NIKON\DSCN4176.JPG (52,08 K/S -  5 866 192 bytes)
[16:12:45] - [3] MIRKO.POZEN: Début du Téléchargement de: D:\kerberos.htx\fotos lune et agathe\100NIKON\DSCN4178.JPG
[16:14:22] - [2] MIRKO.POZEN: Fichier envoyé: D:\kerberos.htx\fotos lune et agathe\100NIKON\DSCN4177.JPG (51,72 K/S -  5 931 660 bytes)
[16:14:23] - [2] MIRKO.POZEN: Début du Téléchargement de: D:\kerberos.htx\fotos lune et agathe\100NIKON\DSCN4179.JPG
[16:14:36] - [3] MIRKO.POZEN: Fichier envoyé: D:\kerberos.htx\fotos lune et agathe\100NIKON\DSCN4178.JPG (51,76 K/S -  5 936 375 bytes)
[16:14:37] - [3] MIRKO.POZEN: Début du Téléchargement de: D:\kerberos.htx\fotos lune et agathe\100NIKON\DSCN4180.JPG
[16:16:15] - [2] MIRKO.POZEN: Fichier envoyé: D:\kerberos.htx\fotos lune et agathe\100NIKON\DSCN4179.JPG (52,03 K/S -  5 966 907 bytes)
[16:16:15] - [2] MIRKO.POZEN: Début du Téléchargement de: D:\kerberos.htx\fotos lune et agathe\100NIKON\DSCN4181.JPG
[16:16:29] - [3] MIRKO.POZEN: Fichier envoyé: D:\kerberos.htx\fotos lune et agathe\100NIKON\DSCN4180.JPG (52,88 K/S -  6 064 896 bytes)
[16:16:29] - [3] MIRKO.POZEN: Début du Téléchargement de: D:\kerberos.htx\fotos lune et agathe\100NIKON\DSCN4182.JPG
[16:17:45] - [2] MIRKO.POZEN: Fichier envoyé: D:\kerberos.htx\fotos lune et agathe\100NIKON\DSCN4181.JPG (56,48 K/S -  5 147 699 bytes)
[16:17:45] - [2] MIRKO.POZEN: Début du Téléchargement de: D:\kerberos.htx\fotos lune et agathe\100NIKON\DSCN4183.JPG
[16:18:15] - [3] MIRKO.POZEN: Fichier envoyé: D:\kerberos.htx\fotos lune et agathe\100NIKON\DSCN4182.JPG (47,55 K/S -  5 161 637 bytes)
[16:18:16] - [3] MIRKO.POZEN: Début du Téléchargement de: D:\kerberos.htx\fotos lune et agathe\100NIKON\DSCN4184.JPG
[16:19:26] - [2] MIRKO.POZEN: Fichier envoyé: D:\kerberos.htx\fotos lune et agathe\100NIKON\DSCN4183.JPG (51,50 K/S -  5 378 664 bytes)
[16:19:26] - [2] MIRKO.POZEN: Début du Téléchargement de: D:\kerberos.htx\fotos lune et agathe\100NIKON\DSCN4185.JPG
[16:20:08] - [3] MIRKO.POZEN: Fichier envoyé: D:\kerberos.htx\fotos lune et agathe\100NIKON\DSCN4184.JPG (51,82 K/S -  5 996 127 bytes)
[16:20:09] - [3] MIRKO.POZEN: Début du Téléchargement de: D:\kerberos.htx\fotos lune et agathe\100NIKON\DSCN4186.JPG
[16:21:02] - [2] MIRKO.POZEN: Fichier envoyé: D:\kerberos.htx\fotos lune et agathe\100NIKON\DSCN4185.JPG (51,86 K/S -  5 097 925 bytes)
[16:21:03] - [2] MIRKO.POZEN: Début du Téléchargement de: D:\kerberos.htx\fotos lune et agathe\100NIKON\DSCN4187.JPG
[16:21:15] - [3] MIRKO.POZEN: Fichier envoyé: D:\kerberos.htx\fotos lune et agathe\100NIKON\DSCN4186.JPG (51,44 K/S -  3 529 519 bytes)
[16:21:15] - [3] MIRKO.POZEN: Début du Téléchargement de: D:\kerberos.htx\fotos lune et agathe\100NIKON\DSCN4188.JPG
[16:21:27] - [2] MIRKO.POZEN: Fichier envoyé: D:\kerberos.htx\fotos lune et agathe\100NIKON\DSCN4187.JPG (51,63 K/S -  1 321 826 bytes)
[16:21:28] - [2] MIRKO.POZEN: Début du Téléchargement de: D:\kerberos.htx\fotos lune et agathe\100NIKON\DSCN4189.JPG
[16:21:43] - [3] MIRKO.POZEN: Fichier envoyé: D:\kerberos.htx\fotos lune et agathe\100NIKON\DSCN4188.JPG (53,21 K/S -  1 471 240 bytes)
[16:21:43] - [3] MIRKO.POZEN: Début du Téléchargement de: D:\kerberos.htx\fotos lune et agathe\100NIKON\DSCN4190.JPG
[16:22:11] - [3] MIRKO.POZEN: Fichier envoyé: D:\kerberos.htx\fotos lune et agathe\100NIKON\DSCN4190.JPG (51,81 K/S -  1 485 407 bytes)
[16:22:12] - [3] MIRKO.POZEN: Début du Téléchargement de: D:\kerberos.htx\fotos lune et agathe\100NIKON\DSCN4191.JPG
[16:22:45] - [2] MIRKO.POZEN: Fichier envoyé: D:\kerberos.htx\fotos lune et agathe\100NIKON\DSCN4189.JPG (52,21 K/S -  4 116 837 bytes)
[16:22:45] - [2] MIRKO.POZEN: Début du Téléchargement de: D:\kerberos.htx\fotos lune et agathe\100NIKON\DSCN4192.JPG
[16:23:29] - [3] MIRKO.POZEN: Fichier envoyé: D:\kerberos.htx\fotos lune et agathe\100NIKON\DSCN4191.JPG (51,86 K/S -  4 142 476 bytes)
[16:23:30] - [3] MIRKO.POZEN: Début du Téléchargement de: D:\kerberos.htx\fotos lune et agathe\100NIKON\DSCN4193.JPG
[16:23:58] - [3] MIRKO.POZEN: Fichier envoyé: D:\kerberos.htx\fotos lune et agathe\100NIKON\DSCN4193.JPG (52,04 K/S -  1 492 097 bytes)
[16:23:58] - [3] MIRKO.POZEN: Début du Téléchargement de: D:\kerberos.htx\fotos lune et agathe\100NIKON\DSCN4194.JPG
[16:24:13] - [2] MIRKO.POZEN: Fichier envoyé: D:\kerberos.htx\fotos lune et agathe\100NIKON\DSCN4192.JPG (51,90 K/S -  4 676 925 bytes)
[16:24:13] - [2] MIRKO.POZEN: Début du Téléchargement de: D:\kerberos.htx\fotos lune et agathe\100NIKON\DSCN4195.JPG
[16:24:44] - [3] MIRKO.POZEN: Fichier envoyé: D:\kerberos.htx\fotos lune et agathe\100NIKON\DSCN4194.JPG (52,09 K/S -  2 453 764 bytes)
[16:24:45] - [3] MIRKO.POZEN: Début du Téléchargement de: D:\kerberos.htx\fotos lune et agathe\100NIKON\DSCN4196.JPG
[16:25:22] - [2] MIRKO.POZEN: Fichier envoyé: D:\kerberos.htx\fotos lune et agathe\100NIKON\DSCN4195.JPG (52,15 K/S -  3 684 863 bytes)
[16:25:23] - [2] MIRKO.POZEN: Début du Téléchargement de: D:\kerberos.htx\fotos lune et agathe\100NIKON\DSCN4197.JPG
[16:25:37] - [3] MIRKO.POZEN: Fichier envoyé: D:\kerberos.htx\fotos lune et agathe\100NIKON\DSCN4196.JPG (51,75 K/S -  2 808 336 bytes)
[16:25:37] - [3] MIRKO.POZEN: Début du Téléchargement de: D:\kerberos.htx\fotos lune et agathe\100NIKON\DSCN4198.JPG
[16:26:25] - [2] MIRKO.POZEN: Fichier envoyé: D:\kerberos.htx\fotos lune et agathe\100NIKON\DSCN4197.JPG (51,90 K/S -  3 348 194 bytes)
[16:26:26] - [2] MIRKO.POZEN: Début du Téléchargement de: D:\kerberos.htx\fotos lune et agathe\100NIKON\DSCN4199.JPG
[16:26:56] - [3] MIRKO.POZEN: Fichier envoyé: D:\kerberos.htx\fotos lune et agathe\100NIKON\DSCN4198.JPG (49,99 K/S -  4 043 749 bytes)
[16:26:57] - [3] MIRKO.POZEN: Début du Téléchargement de: D:\kerberos.htx\fotos lune et agathe\100NIKON\DSCN4200.JPG
[16:27:30] - [2] MIRKO.POZEN: Fichier envoyé: D:\kerberos.htx\fotos lune et agathe\100NIKON\DSCN4199.JPG (57,78 K/S -  3 845 763 bytes)
[16:27:30] - [2] MIRKO.POZEN: Début du Téléchargement de: D:\kerberos.htx\fotos lune et agathe\100NIKON\DSCN4201.JPG
[16:28:14] - [2] MIRKO.POZEN: Fichier envoyé: D:\kerberos.htx\fotos lune et agathe\100NIKON\DSCN4201.JPG (54,28 K/S -  2 390 189 bytes)
[16:28:14] - [2] MIRKO.POZEN: Début du Téléchargement de: D:\kerberos.htx\fotos lune et agathe\100NIKON\DSCN4202.JPG
[16:28:29] - [3] MIRKO.POZEN: Fichier envoyé: D:\kerberos.htx\fotos lune et agathe\100NIKON\DSCN4200.JPG (48,21 K/S -  4 591 416 bytes)
[16:28:30] - [3] MIRKO.POZEN: Début du Téléchargement de: D:\kerberos.htx\fotos lune et agathe\100NIKON\DSCN4203.JPG
[16:28:44] - [2] MIRKO.POZEN: Fichier envoyé: D:\kerberos.htx\fotos lune et agathe\100NIKON\DSCN4202.JPG (52,45 K/S -  1 611 153 bytes)
[16:28:45] - [2] MIRKO.POZEN: Début du Téléchargement de: D:\kerberos.htx\fotos lune et agathe\100NIKON\DSCN4204.JPG
[16:28:57] - [3] MIRKO.POZEN: Fichier envoyé: D:\kerberos.htx\fotos lune et agathe\100NIKON\DSCN4203.JPG (51,90 K/S -  1 488 213 bytes)
[16:28:58] - [3] MIRKO.POZEN: Début du Téléchargement de: D:\kerberos.htx\fotos lune et agathe\100NIKON\DSCN4205.JPG
[16:29:52] - [2] MIRKO.POZEN: Fichier envoyé: D:\kerberos.htx\fotos lune et agathe\100NIKON\DSCN4204.JPG (51,60 K/S -  3 593 142 bytes)
[16:29:53] - [2] MIRKO.POZEN: Début du Téléchargement de: D:\kerberos.htx\fotos lune et agathe\100NIKON\DSCN4206.JPG
[16:30:09] - [3] MIRKO.POZEN: Fichier envoyé: D:\kerberos.htx\fotos lune et agathe\100NIKON\DSCN4205.JPG (51,87 K/S -  3 771 094 bytes)
[16:30:09] - [3] MIRKO.POZEN: Début du Téléchargement de: D:\kerberos.htx\fotos lune et agathe\100NIKON\DSCN4207.JPG
[16:30:39] - [3] MIRKO.POZEN: Fichier envoyé: D:\kerberos.htx\fotos lune et agathe\100NIKON\DSCN4207.JPG (51,74 K/S -  1 589 543 bytes)
[16:30:39] - [3] MIRKO.POZEN: Début du Téléchargement de: D:\kerberos.htx\fotos lune et agathe\100NIKON\DSCN4208.JPG
[16:30:44] - [2] MIRKO.POZEN: Fichier envoyé: D:\kerberos.htx\fotos lune et agathe\100NIKON\DSCN4206.JPG (52,29 K/S -  2 730 637 bytes)
[16:30:44] - [2] MIRKO.POZEN: Début du Téléchargement de: D:\kerberos.htx\fotos lune et agathe\100NIKON\DSCN4209.JPG
[16:31:18] - [2] MIRKO.POZEN: Fichier envoyé: D:\kerberos.htx\fotos lune et agathe\100NIKON\DSCN4209.JPG (52,40 K/S -  1 824 226 bytes)
[16:31:19] - [2] MIRKO.POZEN: Début du Téléchargement de: D:\kerberos.htx\fotos lune et agathe\100NIKON\DSCN4210.JPG
[16:32:12] - [2] MIRKO.POZEN: Fichier envoyé: D:\kerberos.htx\fotos lune et agathe\100NIKON\DSCN4210.JPG (51,63 K/S -  2 801 879 bytes)
[16:32:12] - [2] MIRKO.POZEN: Début du Téléchargement de: D:\kerberos.htx\fotos lune et agathe\100NIKON\DSCN4211.JPG
[16:32:15] - [3] MIRKO.POZEN: Fichier envoyé: D:\kerberos.htx\fotos lune et agathe\100NIKON\DSCN4208.JPG (52,23 K/S -  5 081 315 bytes)
[16:32:15] - [3] MIRKO.POZEN: Début du Téléchargement de: D:\kerberos.htx\fotos lune et agathe\100NIKON\DSCN4212.JPG
[16:34:05] - [2] MIRKO.POZEN: Fichier envoyé: D:\kerberos.htx\fotos lune et agathe\100NIKON\DSCN4211.JPG (51,73 K/S -  5 986 234 bytes)
[16:34:05] - [2] MIRKO.POZEN: Début du Téléchargement de: D:\kerberos.htx\fotos lune et agathe\100NIKON\DSCN4213.JPG
[16:34:09] - [3] MIRKO.POZEN: Fichier envoyé: D:\kerberos.htx\fotos lune et agathe\100NIKON\DSCN4212.JPG (52,15 K/S -  6 034 308 bytes)
[16:34:09] - [3] MIRKO.POZEN: Début du Téléchargement de: D:\kerberos.htx\fotos lune et agathe\100NIKON\DSCN4214.JPG
[16:35:57] - [2] MIRKO.POZEN: Fichier envoyé: D:\kerberos.htx\fotos lune et agathe\100NIKON\DSCN4213.JPG (52,10 K/S -  5 922 003 bytes)
[16:35:57] - [2] MIRKO.POZEN: Début du Téléchargement de: D:\kerberos.htx\fotos lune et agathe\100NIKON\DSCN4215.JPG
[16:36:02] - [3] MIRKO.POZEN: Fichier envoyé: D:\kerberos.htx\fotos lune et agathe\100NIKON\DSCN4214.JPG (51,83 K/S -  5 997 053 bytes)
[16:36:03] - [3] MIRKO.POZEN: Début du Téléchargement de: D:\kerberos.htx\fotos lune et agathe\100NIKON\DSCN4216.JPG
[16:37:14] - [3] MIRKO.POZEN: Fichier envoyé: D:\kerberos.htx\fotos lune et agathe\100NIKON\DSCN4216.JPG (51,81 K/S -  3 766 589 bytes)
[16:37:14] - [3] MIRKO.POZEN: Début du Téléchargement de: D:\kerberos.htx\fotos lune et agathe\100NIKON\DSCN4217.JPG
[16:37:48] - [2] MIRKO.POZEN: Fichier envoyé: D:\kerberos.htx\fotos lune et agathe\100NIKON\DSCN4215.JPG (52,07 K/S -  5 918 002 bytes)
[16:37:49] - [2] MIRKO.POZEN: Début du Téléchargement de: D:\kerberos.htx\fotos lune et agathe\100NIKON\DSCN4218.JPG
[16:39:08] - [3] MIRKO.POZEN: Fichier envoyé: D:\kerberos.htx\fotos lune et agathe\100NIKON\DSCN4217.JPG (51,69 K/S -  6 087 226 bytes)
[16:39:09] - [3] MIRKO.POZEN: Début du Téléchargement de: D:\kerberos.htx\fotos lune et agathe\100NIKON\DSCN4219.JPG
[16:39:46] - [2] MIRKO.POZEN: Fichier envoyé: D:\kerberos.htx\fotos lune et agathe\100NIKON\DSCN4218.JPG (51,94 K/S -  6 275 819 bytes)
[16:39:47] - [2] MIRKO.POZEN: Début du Téléchargement de: D:\kerberos.htx\fotos lune et agathe\100NIKON\DSCN4220.JPG
[16:41:24] - [3] MIRKO.POZEN: Fichier envoyé: D:\kerberos.htx\fotos lune et agathe\100NIKON\DSCN4219.JPG (51,96 K/S -  7 182 949 bytes)
[16:41:24] - [3] MIRKO.POZEN: Début du Téléchargement de: D:\kerberos.htx\fotos lune et agathe\100NIKON\DSCN4221.JPG
[16:41:44] - [2] MIRKO.POZEN: Fichier envoyé: D:\kerberos.htx\fotos lune et agathe\100NIKON\DSCN4220.JPG (51,91 K/S -  6 219 521 bytes)
[16:41:44] - [2] MIRKO.POZEN: Début du Téléchargement de: D:\kerberos.htx\fotos lune et agathe\100NIKON\DSCN4222.JPG
[16:43:11] - [2] MIRKO.POZEN: Fichier envoyé: D:\kerberos.htx\fotos lune et agathe\100NIKON\DSCN4222.JPG (51,91 K/S -  4 624 817 bytes)
[16:43:11] - [2] MIRKO.POZEN: Début du Téléchargement de: D:\kerberos.htx\fotos lune et agathe\100NIKON\DSCN4223.JPG
[16:43:23] - [3] MIRKO.POZEN: Fichier envoyé: D:\kerberos.htx\fotos lune et agathe\100NIKON\DSCN4221.JPG (52,18 K/S -  6 358 865 bytes)
[16:43:24] - [3] MIRKO.POZEN: Début du Téléchargement de: D:\kerberos.htx\fotos lune et agathe\100NIKON\DSCN4224.JPG
[16:44:14] - [2] MIRKO.POZEN: Fichier envoyé: D:\kerberos.htx\fotos lune et agathe\100NIKON\DSCN4223.JPG (48,11 K/S -  3 054 551 bytes)
[16:44:14] - [2] MIRKO.POZEN: Début du Téléchargement de: D:\kerberos.htx\fotos lune et agathe\100NIKON\DSCN4225.JPG
[16:44:45] - [3] MIRKO.POZEN: Fichier envoyé: D:\kerberos.htx\fotos lune et agathe\100NIKON\DSCN4224.JPG (58,09 K/S -  4 818 615 bytes)
[16:44:45] - [3] MIRKO.POZEN: Début du Téléchargement de: D:\kerberos.htx\fotos lune et agathe\100NIKON\DSCN4226.JPG
[16:45:10] - [2] MIRKO.POZEN: Fichier envoyé: D:\kerberos.htx\fotos lune et agathe\100NIKON\DSCN4225.JPG (48,02 K/S -  2 753 373 bytes)
[16:45:10] - [2] MIRKO.POZEN: Début du Téléchargement de: D:\kerberos.htx\fotos lune et agathe\100NIKON\DSCN4227.JPG
[16:46:02] - [3] MIRKO.POZEN: Fichier envoyé: D:\kerberos.htx\fotos lune et agathe\100NIKON\DSCN4226.JPG (52,28 K/S -  4 122 061 bytes)
[16:46:03] - [3] MIRKO.POZEN: Début du Téléchargement de: D:\kerberos.htx\fotos lune et agathe\100NIKON\DSCN4228.JPG
[16:47:07] - [2] MIRKO.POZEN: Fichier envoyé: D:\kerberos.htx\fotos lune et agathe\100NIKON\DSCN4227.JPG (51,90 K/S -  6 217 773 bytes)
[16:47:08] - [2] MIRKO.POZEN: Début du Téléchargement de: D:\kerberos.htx\fotos lune et agathe\100NIKON\DSCN4229.JPG
[16:48:00] - [3] MIRKO.POZEN: Fichier envoyé: D:\kerberos.htx\fotos lune et agathe\100NIKON\DSCN4228.JPG (51,67 K/S -  6 242 900 bytes)
[16:48:01] - [3] MIRKO.POZEN: Début du Téléchargement de: D:\kerberos.htx\fotos lune et agathe\100NIKON\DSCN4230.JPG
[16:49:08] - [2] MIRKO.POZEN: Fichier envoyé: D:\kerberos.htx\fotos lune et agathe\100NIKON\DSCN4229.JPG (50,11 K/S -  6 209 174 bytes)
[16:49:09] - [2] MIRKO.POZEN: Début du Téléchargement de: D:\kerberos.htx\fotos lune et agathe\100NIKON\DSCN4231.JPG
[16:49:49] - [3] MIRKO.POZEN: Fichier envoyé: D:\kerberos.htx\fotos lune et agathe\100NIKON\DSCN4230.JPG (56,63 K/S -  6 263 363 bytes)
[16:49:49] - [3] MIRKO.POZEN: Début du Téléchargement de: D:\kerberos.htx\fotos lune et agathe\100NIKON\DSCN4232.JPG
[16:51:10] - [2] MIRKO.POZEN: Fichier envoyé: D:\kerberos.htx\fotos lune et agathe\100NIKON\DSCN4231.JPG (49,41 K/S -  6 122 003 bytes)
[16:51:10] - [2] MIRKO.POZEN: Début du Téléchargement de: D:\kerberos.htx\fotos lune et agathe\100NIKON\DSCN4233.JPG
[16:51:43] - [3] MIRKO.POZEN: Fichier envoyé: D:\kerberos.htx\fotos lune et agathe\100NIKON\DSCN4232.JPG (51,85 K/S -  6 052 374 bytes)
[16:51:43] - [3] MIRKO.POZEN: Début du Téléchargement de: D:\kerberos.htx\fotos lune et agathe\100NIKON\DSCN4234.JPG
[16:53:06] - [2] MIRKO.POZEN: Fichier envoyé: D:\kerberos.htx\fotos lune et agathe\100NIKON\DSCN4233.JPG (51,67 K/S -  6 190 098 bytes)
[16:53:07] - [2] MIRKO.POZEN: Début du Téléchargement de: D:\kerberos.htx\fotos lune et agathe\100NIKON\DSCN4235.JPG
[16:53:38] - [3] MIRKO.POZEN: Fichier envoyé: D:\kerberos.htx\fotos lune et agathe\100NIKON\DSCN4234.JPG (51,91 K/S -  6 112 926 bytes)
[16:53:38] - [3] MIRKO.POZEN: Début du Téléchargement de: D:\kerberos.htx\fotos lune et agathe\100NIKON\DSCN4236.JPG
[16:55:05] - [2] MIRKO.POZEN: Fichier envoyé: D:\kerberos.htx\fotos lune et agathe\100NIKON\DSCN4235.JPG (49,57 K/S -  5 989 479 bytes)
[16:55:05] - [2] MIRKO.POZEN: Début du Téléchargement de: D:\kerberos.htx\fotos lune et agathe\100NIKON\DSCN4237.JPG
[16:55:26] - [3] MIRKO.POZEN: Fichier envoyé: D:\kerberos.htx\fotos lune et agathe\100NIKON\DSCN4236.JPG (56,25 K/S -  6 163 395 bytes)
[16:55:26] - [3] MIRKO.POZEN: Début du Téléchargement de: D:\kerberos.htx\fotos lune et agathe\100NIKON\DSCN4238.JPG
[16:57:19] - [2] MIRKO.POZEN: Fichier envoyé: D:\kerberos.htx\fotos lune et agathe\100NIKON\DSCN4237.JPG (50,80 K/S -  6 970 507 bytes)
[16:57:20] - [2] MIRKO.POZEN: Début du Téléchargement de: D:\kerberos.htx\fotos lune et agathe\100NIKON\DSCN4239.JPG
[16:57:20] - [3] MIRKO.POZEN: Fichier envoyé: D:\kerberos.htx\fotos lune et agathe\100NIKON\DSCN4238.JPG (52,28 K/S -  6 049 643 bytes)
[16:57:20] - [3] MIRKO.POZEN: Début du Téléchargement de: D:\kerberos.htx\fotos lune et agathe\100NIKON\DSCN4240.JPG
[16:59:15] - [2] MIRKO.POZEN: Fichier envoyé: D:\kerberos.htx\fotos lune et agathe\100NIKON\DSCN4239.JPG (51,87 K/S -  6 161 758 bytes)
[16:59:16] - [2] MIRKO.POZEN: Début du Téléchargement de: D:\kerberos.htx\fotos lune et agathe\100NIKON\DSCN4241.JPG
[16:59:17] - [3] MIRKO.POZEN: Fichier envoyé: D:\kerberos.htx\fotos lune et agathe\100NIKON\DSCN4240.JPG (52,04 K/S -  6 234 464 bytes)
[16:59:17] - [3] MIRKO.POZEN: Début du Téléchargement de: D:\kerberos.htx\fotos lune et agathe\100NIKON\DSCN4242.JPG
[17:01:13] - [3] MIRKO.POZEN: Fichier envoyé: D:\kerberos.htx\fotos lune et agathe\100NIKON\DSCN4242.JPG (52,73 K/S -  6 209 633 bytes)
[17:01:13] - [3] MIRKO.POZEN: Début du Téléchargement de: D:\kerberos.htx\fotos lune et agathe\100NIKON\DSCN4243.JPG
[17:01:15] - [2] MIRKO.POZEN: Fichier envoyé: D:\kerberos.htx\fotos lune et agathe\100NIKON\DSCN4241.JPG (51,23 K/S -  6 242 999 bytes)
[17:01:15] - [2] MIRKO.POZEN: Début du Téléchargement de: D:\kerberos.htx\fotos lune et agathe\100NIKON\DSCN4244.JPG
[17:03:09] - [3] MIRKO.POZEN: Fichier envoyé: D:\kerberos.htx\fotos lune et agathe\100NIKON\DSCN4243.JPG (52,75 K/S -  6 265 622 bytes)
[17:03:09] - [3] MIRKO.POZEN: Début du Téléchargement de: D:\kerberos.htx\fotos lune et agathe\100NIKON\DSCN4245.JPG
[17:03:19] - [2] MIRKO.POZEN: Fichier envoyé: D:\kerberos.htx\fotos lune et agathe\100NIKON\DSCN4244.JPG (51,06 K/S -  6 483 872 bytes)
[17:03:19] - [2] MIRKO.POZEN: Début du Téléchargement de: D:\kerberos.htx\fotos lune et agathe\100NIKON\DSCN4246.JPG
[17:05:16] - [2] MIRKO.POZEN: Fichier envoyé: D:\kerberos.htx\fotos lune et agathe\100NIKON\DSCN4246.JPG (55,05 K/S -  6 595 170 bytes)
[17:05:16] - [2] MIRKO.POZEN: Début du Téléchargement de: D:\kerberos.htx\fotos lune et agathe\100NIKON\DSCN4247.JPG
[17:05:24] - [3] MIRKO.POZEN: Fichier envoyé: D:\kerberos.htx\fotos lune et agathe\100NIKON\DSCN4245.JPG (49,28 K/S -  6 761 737 bytes)
[17:05:24] - [3] MIRKO.POZEN: Début du Téléchargement de: D:\kerberos.htx\fotos lune et agathe\100NIKON\DSCN4248.JPG
[17:07:13] - [2] MIRKO.POZEN: Fichier envoyé: D:\kerberos.htx\fotos lune et agathe\100NIKON\DSCN4247.JPG (54,63 K/S -  6 544 688 bytes)
[17:07:14] - [2] MIRKO.POZEN: Début du Téléchargement de: D:\kerberos.htx\fotos lune et agathe\100NIKON\DSCN4249.JPG
[17:07:41] - [3] MIRKO.POZEN: Fichier envoyé: D:\kerberos.htx\fotos lune et agathe\100NIKON\DSCN4248.JPG (50,05 K/S -  6 970 513 bytes)
[17:07:41] - [3] MIRKO.POZEN: Début du Téléchargement de: D:\kerberos.htx\fotos lune et agathe\100NIKON\DSCN4250.JPG
[17:09:31] - [2] MIRKO.POZEN: Fichier envoyé: D:\kerberos.htx\fotos lune et agathe\100NIKON\DSCN4249.JPG (48,64 K/S -  6 873 831 bytes)
[17:09:31] - [2] MIRKO.POZEN: Début du Téléchargement de: D:\kerberos.htx\fotos lune et agathe\100NIKON\DSCN4251.JPG
[17:09:47] - [3] MIRKO.POZEN: Fichier envoyé: D:\kerberos.htx\fotos lune et agathe\100NIKON\DSCN4250.JPG (54,85 K/S -  7 076 416 bytes)
[17:09:48] - [3] MIRKO.POZEN: Début du Téléchargement de: D:\kerberos.htx\fotos lune et agathe\100NIKON\DSCN4252.JPG
[17:11:31] - [2] MIRKO.POZEN: Fichier envoyé: D:\kerberos.htx\fotos lune et agathe\100NIKON\DSCN4251.JPG (58,04 K/S -  7 132 271 bytes)
[17:11:32] - [2] MIRKO.POZEN: Début du Téléchargement de: D:\kerberos.htx\fotos lune et agathe\100NIKON\DSCN4253.JPG
[17:12:12] - [3] MIRKO.POZEN: Fichier envoyé: D:\kerberos.htx\fotos lune et agathe\100NIKON\DSCN4252.JPG (47,72 K/S -  7 036 992 bytes)
[17:12:12] - [3] MIRKO.POZEN: Début du Téléchargement de: D:\kerberos.htx\fotos lune et agathe\100NIKON\DSCN4254.JPG
[17:13:54] - [2] MIRKO.POZEN: Fichier envoyé: D:\kerberos.htx\fotos lune et agathe\100NIKON\DSCN4253.JPG (47,58 K/S -  6 917 969 bytes)
[17:13:54] - [2] MIRKO.POZEN: Début du Téléchargement de: D:\kerberos.htx\fotos lune et agathe\100NIKON\DSCN4255.JPG
[17:14:07] - [3] MIRKO.POZEN: Fichier envoyé: D:\kerberos.htx\fotos lune et agathe\100NIKON\DSCN4254.JPG (56,59 K/S -  6 664 547 bytes)
[17:14:07] - [3] MIRKO.POZEN: Début du Téléchargement de: D:\kerberos.htx\fotos lune et agathe\100NIKON\DSCN4256.JPG
[17:16:02] - [2] MIRKO.POZEN: Fichier envoyé: D:\kerberos.htx\fotos lune et agathe\100NIKON\DSCN4255.JPG (51,13 K/S -  6 702 241 bytes)
[17:16:02] - [2] MIRKO.POZEN: Début du Téléchargement de: D:\kerberos.htx\fotos lune et agathe\100NIKON\DSCN4257.JPG
[17:16:12] - [3] MIRKO.POZEN: Fichier envoyé: D:\kerberos.htx\fotos lune et agathe\100NIKON\DSCN4256.JPG (52,24 K/S -  6 632 791 bytes)
[17:16:12] - [3] MIRKO.POZEN: Début du Téléchargement de: D:\kerberos.htx\fotos lune et agathe\100NIKON\DSCN4258.JPG
[17:18:04] - [3] MIRKO.POZEN: Fichier envoyé: D:\kerberos.htx\fotos lune et agathe\100NIKON\DSCN4258.JPG (55,73 K/S -  6 391 946 bytes)
[17:18:04] - [3] MIRKO.POZEN: Début du Téléchargement de: D:\kerberos.htx\fotos lune et agathe\100NIKON\DSCN4259.JPG
[17:18:12] - [2] MIRKO.POZEN: Fichier envoyé: D:\kerberos.htx\fotos lune et agathe\100NIKON\DSCN4257.JPG (48,53 K/S -  6 460 536 bytes)
[17:18:12] - [2] MIRKO.POZEN: Début du Téléchargement de: D:\kerberos.htx\fotos lune et agathe\100NIKON\DSCN4260.JPG
[17:20:07] - [3] MIRKO.POZEN: Fichier envoyé: D:\kerberos.htx\fotos lune et agathe\100NIKON\DSCN4259.JPG (51,52 K/S -  6 436 694 bytes)
[17:20:10] - [2] MIRKO.POZEN: Fichier envoyé: D:\kerberos.htx\fotos lune et agathe\100NIKON\DSCN4260.JPG (53,70 K/S -  6 489 106 bytes)
[17:20:38] - [3] Client 86.235.162.42 Déconnecté (04:07:44 Min)
[17:20:41] - [2] Client 86.235.162.42 Déconnecté (04:07:47 Min)
[21:00:05] - [4] Connecté à 37.45.207.136. Collecte du Nom d'utilisateur.
[21:00:05] - [4] Authentification Incorrect: Utilisateur ADMIN IP: 37.45.207.136
[21:00:05] - [4] Client 37.45.207.136 Déconnecté (00:00:00 Min)
[21:29:37] - [5] Connecté à 196.52.43.112. Collecte du Nom d'utilisateur.
[21:30:08] - [5] Client 196.52.43.112 Déconnecté (00:00:31 Min)
[21:32:54] - [6] Connecté à 196.52.43.85. Collecte du Nom d'utilisateur.
[21:33:04] - [6] Client 196.52.43.85 Déconnecté (00:00:09 Min)
