[17:49:41] - Serveur Démarré
[17:49:41] - FTP Port: 21
[18:02:57] - [1] Connecté à 192.168.0.1. Collecte du Nom d'utilisateur.
[18:02:57] - [1] Usager VICTOR.POZEN Connecté IP: 192.168.0.1
[18:02:57] - [1] VICTOR.POZEN: Répertoire en Cours: D:\kerberos.htx\
[18:02:57] - [1] VICTOR.POZEN: Répertoire en Cours: D:\kerberos.htx\
[18:03:03] - [1] VICTOR.POZEN: Répertoire en Cours: D:\kerberos.htx\rar\
[18:03:09] - [2] Connecté à 192.168.0.1. Collecte du Nom d'utilisateur.
[18:03:09] - [2] Usager VICTOR.POZEN Connecté IP: 192.168.0.1
[18:03:09] - [2] VICTOR.POZEN: Répertoire en Cours: D:\kerberos.htx\
[18:03:09] - [2] VICTOR.POZEN: Début d'Upload de D:\kerberos.htx\rar\Ultra ISO 9.3.6.2750.rar
[18:03:11] - [2] VICTOR.POZEN: Fichier Upload: D:\kerberos.htx\rar\Ultra ISO 9.3.6.2750.rar (1 269,80 K/S -  3 900 730 bytes)
[18:03:22] - [1] VICTOR.POZEN: Répertoire en Cours: D:\kerberos.htx\exe\
[18:03:26] - [2] VICTOR.POZEN: Début d'Upload de D:\kerberos.htx\exe\jre-8u161-windows-x64.exe
[18:04:11] - [2] VICTOR.POZEN: Fichier Upload: D:\kerberos.htx\exe\jre-8u161-windows-x64.exe (1 547,90 K/S -  71 328 320 bytes)
[18:04:11] - [3] Connecté à 192.168.0.1. Collecte du Nom d'utilisateur.
[18:04:11] - [3] Usager VICTOR.POZEN Connecté IP: 192.168.0.1
[18:04:11] - [3] VICTOR.POZEN: Répertoire en Cours: D:\kerberos.htx\
[18:04:11] - [2] VICTOR.POZEN: Début d'Upload de D:\kerberos.htx\exe\Advanced_IP_Scanner_2.5.3499.exe
[18:04:11] - [3] VICTOR.POZEN: Début d'Upload de D:\kerberos.htx\exe\Advanced_IP_Scanner_2.5.3499(1).exe
[18:04:23] - [2] VICTOR.POZEN: Fichier Upload: D:\kerberos.htx\exe\Advanced_IP_Scanner_2.5.3499.exe (777,66 K/S -  9 555 832 bytes)
[18:04:23] - [2] VICTOR.POZEN: Début d'Upload de D:\kerberos.htx\exe\adwcleaner_7.0.5.0.exe
[18:04:23] - [3] VICTOR.POZEN: Fichier Upload: D:\kerberos.htx\exe\Advanced_IP_Scanner_2.5.3499(1).exe (777,66 K/S -  9 555 832 bytes)
[18:04:23] - [3] VICTOR.POZEN: Début d'Upload de D:\kerberos.htx\exe\adwcleaner_7.0.6.0(1).exe
[18:04:33] - [2] VICTOR.POZEN: Fichier Upload: D:\kerberos.htx\exe\adwcleaner_7.0.5.0.exe (799,54 K/S -  8 187 336 bytes)
[18:04:33] - [2] VICTOR.POZEN: Début d'Upload de D:\kerberos.htx\exe\adwcleaner_7.0.6.0.exe
[18:04:34] - [3] VICTOR.POZEN: Fichier Upload: D:\kerberos.htx\exe\adwcleaner_7.0.6.0(1).exe (800,63 K/S -  8 198 432 bytes)
[18:04:34] - [3] VICTOR.POZEN: Début d'Upload de D:\kerberos.htx\exe\bulletspassview.zip
[18:04:34] - [3] VICTOR.POZEN: Fichier Upload: D:\kerberos.htx\exe\bulletspassview.zip (59,36 K/S -   60 783 bytes)
[18:04:38] - [2] VICTOR.POZEN: Fichier Upload: D:\kerberos.htx\exe\adwcleaner_7.0.6.0.exe (1 334,40 K/S -  8 198 432 bytes)
[18:04:38] - [2] VICTOR.POZEN: Début d'Upload de D:\kerberos.htx\exe\CloneCD v5.3.1.4.rar
[18:04:38] - [2] VICTOR.POZEN: Fichier Upload: D:\kerberos.htx\exe\CloneCD v5.3.1.4.rar (138,13 K/S -   141 444 bytes)
[18:04:39] - [2] VICTOR.POZEN: Début d'Upload de D:\kerberos.htx\exe\CW.eXe
[18:04:47] - [2] VICTOR.POZEN: Fichier Upload: D:\kerberos.htx\exe\CW.eXe (1 154,60 K/S -  9 458 428 bytes)
[18:08:35] - [2] VICTOR.POZEN: Début d'Upload de D:\kerberos.htx\exe\DriversCloud_Win.exe
[18:08:35] - [3] VICTOR.POZEN: Début d'Upload de D:\kerberos.htx\exe\ClassicShellSetup_4_2_5.exe
[18:08:35] - [2] VICTOR.POZEN: Fichier Upload: D:\kerberos.htx\exe\DriversCloud_Win.exe (237,30 K/S -   242 992 bytes)
[18:08:35] - [2] VICTOR.POZEN: Début d'Upload de D:\kerberos.htx\exe\Firefox Installer.exe
[18:08:36] - [2] VICTOR.POZEN: Fichier Upload: D:\kerberos.htx\exe\Firefox Installer.exe (304,03 K/S -   311 328 bytes)
[18:08:37] - [2] VICTOR.POZEN: Début d'Upload de D:\kerberos.htx\exe\free-iso-burner_free_iso_burner_1.2_anglais_272722.exe
[18:08:40] - [2] VICTOR.POZEN: Fichier Upload: D:\kerberos.htx\exe\free-iso-burner_free_iso_burner_1.2_anglais_272722.exe (266,83 K/S -   819 712 bytes)
[18:08:40] - [2] VICTOR.POZEN: Début d'Upload de D:\kerberos.htx\exe\FreePortScanner.exe
[18:08:41] - [2] VICTOR.POZEN: Fichier Upload: D:\kerberos.htx\exe\FreePortScanner.exe (619,02 K/S -   633 872 bytes)
[18:08:41] - [2] VICTOR.POZEN: Début d'Upload de D:\kerberos.htx\exe\gdbnt.zip
[18:08:44] - [3] VICTOR.POZEN: Fichier Upload: D:\kerberos.htx\exe\ClassicShellSetup_4_2_5.exe (756,08 K/S -  6 968 048 bytes)
[18:08:44] - [3] VICTOR.POZEN: Début d'Upload de D:\kerberos.htx\exe\HousecallLauncher.exe
[18:08:45] - [2] VICTOR.POZEN: Fichier Upload: D:\kerberos.htx\exe\gdbnt.zip (648,92 K/S -  2 657 967 bytes)
[18:08:45] - [2] VICTOR.POZEN: Début d'Upload de D:\kerberos.htx\exe\HousecallLauncher64(1).exe
[18:08:47] - [3] VICTOR.POZEN: Fichier Upload: D:\kerberos.htx\exe\HousecallLauncher.exe (651,83 K/S -  2 002 424 bytes)
[18:08:47] - [3] VICTOR.POZEN: Début d'Upload de D:\kerberos.htx\exe\HousecallLauncher64.exe
[18:08:50] - [2] VICTOR.POZEN: Fichier Upload: D:\kerberos.htx\exe\HousecallLauncher64(1).exe (469,86 K/S -  2 405 672 bytes)
[18:08:50] - [2] VICTOR.POZEN: Début d'Upload de D:\kerberos.htx\exe\ipscan25.exe
[18:08:54] - [3] VICTOR.POZEN: Fichier Upload: D:\kerberos.htx\exe\HousecallLauncher64.exe (335,61 K/S -  2 405 672 bytes)
[18:08:54] - [3] VICTOR.POZEN: Début d'Upload de D:\kerberos.htx\exe\isotousb_setup.exe
[18:08:57] - [3] VICTOR.POZEN: Fichier Upload: D:\kerberos.htx\exe\isotousb_setup.exe (564,37 K/S -  1 733 751 bytes)
[18:08:57] - [3] VICTOR.POZEN: Début d'Upload de D:\kerberos.htx\exe\jre-8u151-windows-x64.exe
[18:09:02] - [2] VICTOR.POZEN: Fichier Upload: D:\kerberos.htx\exe\ipscan25.exe (760,35 K/S -  9 343 168 bytes)
[18:09:02] - [2] VICTOR.POZEN: Début d'Upload de D:\kerberos.htx\exe\mailpv.zip
[18:09:02] - [2] VICTOR.POZEN: Fichier Upload: D:\kerberos.htx\exe\mailpv.zip (71,38 K/S -   73 097 bytes)
[18:09:02] - [2] VICTOR.POZEN: Début d'Upload de D:\kerberos.htx\exe\mseinstall.exe
[18:09:17] - [2] VICTOR.POZEN: Fichier Upload: D:\kerberos.htx\exe\mseinstall.exe (1 052,20 K/S -  15 084 224 bytes)
[18:09:17] - [2] VICTOR.POZEN: Début d'Upload de D:\kerberos.htx\exe\NDP462-KB3151800-x86-x64-AllOS-ENU.exe
[18:10:26] - [3] VICTOR.POZEN: Fichier Upload: D:\kerberos.htx\exe\jre-8u151-windows-x64.exe (765,12 K/S -  70 513 728 bytes)
[18:10:26] - [3] VICTOR.POZEN: Début d'Upload de D:\kerberos.htx\exe\never10.exe
[18:10:27] - [3] VICTOR.POZEN: Fichier Upload: D:\kerberos.htx\exe\never10.exe (82,98 K/S -   84 976 bytes)
[18:10:27] - [3] VICTOR.POZEN: Début d'Upload de D:\kerberos.htx\exe\origin_10-5-8-17910_fr_401708.exe
[18:10:32] - [2] VICTOR.POZEN: Fichier Upload: D:\kerberos.htx\exe\NDP462-KB3151800-x86-x64-AllOS-ENU.exe (807,40 K/S -  62 008 080 bytes)
[18:10:32] - [2] VICTOR.POZEN: Début d'Upload de D:\kerberos.htx\exe\precious-plastic-kit-master.zip
[18:11:44] - [3] VICTOR.POZEN: Fichier Upload: D:\kerberos.htx\exe\origin_10-5-8-17910_fr_401708.exe (833,48 K/S -  65 718 528 bytes)
[18:11:44] - [3] VICTOR.POZEN: Début d'Upload de D:\kerberos.htx\exe\RARs DCR.rar
[18:12:37] - [2] VICTOR.POZEN: Fichier Upload: D:\kerberos.htx\exe\precious-plastic-kit-master.zip (789,19 K/S -  101 824 288 bytes)
[18:12:37] - [2] VICTOR.POZEN: Début d'Upload de D:\kerberos.htx\exe\Setup.exe
[18:12:44] - [2] VICTOR.POZEN: Fichier Upload: D:\kerberos.htx\exe\Setup.exe (436,93 K/S -  2 684 528 bytes)
[18:12:44] - [2] VICTOR.POZEN: Début d'Upload de D:\kerberos.htx\exe\Setup_FileViewPro_2016.exe
[18:12:52] - [2] VICTOR.POZEN: Fichier Upload: D:\kerberos.htx\exe\Setup_FileViewPro_2016.exe (256,44 K/S -  1 838 144 bytes)
[18:12:52] - [2] VICTOR.POZEN: Début d'Upload de D:\kerberos.htx\exe\Setup_FreeAudioConverter.exe
[18:12:57] - [2] VICTOR.POZEN: Fichier Upload: D:\kerberos.htx\exe\Setup_FreeAudioConverter.exe (526,85 K/S -  2 697 456 bytes)
[18:12:57] - [2] VICTOR.POZEN: Début d'Upload de D:\kerberos.htx\exe\Thunderbird Setup 45.8.0.exe
[18:13:38] - [3] VICTOR.POZEN: Fichier Upload: D:\kerberos.htx\exe\RARs DCR.rar (766,60 K/S -  89 489 915 bytes)
[18:13:38] - [3] VICTOR.POZEN: Début d'Upload de D:\kerberos.htx\exe\vlc-2.2.6-win32.exe
[18:13:40] - [2] VICTOR.POZEN: Fichier Upload: D:\kerberos.htx\exe\Thunderbird Setup 45.8.0.exe (800,60 K/S -  35 252 184 bytes)
[18:13:40] - [2] VICTOR.POZEN: Début d'Upload de D:\kerberos.htx\exe\vs_community__1472832844.1513079773.exe
[18:13:43] - [2] VICTOR.POZEN: Fichier Upload: D:\kerberos.htx\exe\vs_community__1472832844.1513079773.exe (545,74 K/S -  1 117 672 bytes)
[18:13:43] - [2] VICTOR.POZEN: Début d'Upload de D:\kerberos.htx\exe\Windows6.1-KB971033-x86.MSU
[18:13:44] - [2] VICTOR.POZEN: Fichier Upload: D:\kerberos.htx\exe\Windows6.1-KB971033-x86.MSU (702,85 K/S -  1 439 447 bytes)
[18:13:45] - [2] VICTOR.POZEN: Début d'Upload de D:\kerberos.htx\exe\Windscribe.exe
[18:14:12] - [3] VICTOR.POZEN: Fichier Upload: D:\kerberos.htx\exe\vlc-2.2.6-win32.exe (915,92 K/S -  30 950 664 bytes)
[18:14:16] - [2] VICTOR.POZEN: Fichier Upload: D:\kerberos.htx\exe\Windscribe.exe (520,37 K/S -  16 518 584 bytes)
[18:14:43] - [3] Client 192.168.0.1 Déconnecté (00:10:32 Min)
[18:14:47] - [2] Client 192.168.0.1 Déconnecté (00:11:38 Min)
[18:47:29] - [1] Client 192.168.0.1 Déconnecté (00:44:31 Min)
[22:23:32] - [4] Connecté à 192.168.0.1. Collecte du Nom d'utilisateur.
[22:23:32] - [4] Client 192.168.0.1 Déconnecté (00:00:00 Min)
