[00:38:49] - [19] Connecté à 192.168.0.1. Collecte du Nom d'utilisateur.
[00:38:49] - [19] Usager MIRKO.POZEN Connecté IP: 192.168.0.1
[00:38:49] - [19] MIRKO.POZEN: Répertoire en Cours: D:\kerberos.htx\
[00:38:50] - [19] MIRKO.POZEN: Répertoire en Cours: D:\kerberos.htx\
[00:38:51] - [19] Client 192.168.0.1 Déconnecté (00:00:02 Min)
[00:40:56] - [20] Connecté à 45.77.25.94. Collecte du Nom d'utilisateur.
[00:40:57] - [20] Client 45.77.25.94 Déconnecté (00:00:00 Min)
[01:28:42] - Serveur Arreté
[01:29:22] - Serveur Démarré
[01:29:22] - FTP Port: 21
[01:30:29] - [21] Connecté à 86.235.162.42. Collecte du Nom d'utilisateur.
[01:30:30] - [21] Usager MIRKO.POZEN Connecté IP: 86.235.162.42
[01:30:30] - [21] MIRKO.POZEN: Répertoire en Cours: D:\kerberos.htx\
[01:30:30] - [21] MIRKO.POZEN: Répertoire en Cours: D:\kerberos.htx\
[01:31:47] - [22] Connecté à 86.235.162.42. Collecte du Nom d'utilisateur.
[01:31:47] - [21] Client 86.235.162.42 Déconnecté (00:01:17 Min)
[01:31:47] - [22] Client 86.235.162.42 Déconnecté (00:00:00 Min)
[01:31:55] - [23] Connecté à 86.235.162.42. Collecte du Nom d'utilisateur.
[01:31:56] - [23] Client 86.235.162.42 Déconnecté (00:00:00 Min)
[01:33:13] - [24] Connecté à 86.235.162.42. Collecte du Nom d'utilisateur.
[01:33:13] - [24] Usager MIRKO.POZEN Connecté IP: 86.235.162.42
[01:33:13] - [24] MIRKO.POZEN: Répertoire en Cours: D:\kerberos.htx\
[01:33:13] - [24] MIRKO.POZEN: Répertoire en Cours: D:\kerberos.htx\
[01:33:27] - [24] Client 86.235.162.42 Déconnecté (00:00:14 Min)
[01:33:46] - Serveur Arreté
[14:59:54] - Serveur Démarré
[14:59:54] - FTP Port: 21
[19:17:43] - [1] Connecté à 192.168.0.1. Collecte du Nom d'utilisateur.
[19:17:43] - [1] Usager MIRKO.POZEN Connecté IP: 192.168.0.1
[19:17:43] - [1] MIRKO.POZEN: Répertoire en Cours: D:\kerberos.htx\
[19:17:44] - [1] MIRKO.POZEN: Répertoire en Cours: D:\kerberos.htx\
[19:17:48] - [1] Client 192.168.0.1 Déconnecté (00:00:04 Min)
[19:35:02] - [2] Connecté à 196.52.43.60. Collecte du Nom d'utilisateur.
[19:35:33] - [2] Client 196.52.43.60 Déconnecté (00:00:31 Min)
[19:37:13] - [3] Connecté à 196.52.43.119. Collecte du Nom d'utilisateur.
[19:37:23] - [3] Client 196.52.43.119 Déconnecté (00:00:09 Min)
[19:44:04] - [4] Connecté à 88.136.125.19. Collecte du Nom d'utilisateur.
[19:44:04] - [4] Usager MIRKO.POZEN Connecté IP: 88.136.125.19
[19:44:04] - [4] MIRKO.POZEN: Répertoire en Cours: D:\kerberos.htx\
[19:44:05] - [4] MIRKO.POZEN: Répertoire en Cours: D:\kerberos.htx\
[19:44:27] - [4] MIRKO.POZEN: Répertoire en Cours: D:\kerberos.htx\gamez1\
[19:44:51] - [4] MIRKO.POZEN: Répertoire en Cours: D:\kerberos.htx\
[19:44:58] - [4] MIRKO.POZEN: Répertoire en Cours: D:\kerberos.htx\pc mila\
[19:45:12] - [4] MIRKO.POZEN: Répertoire en Cours: D:\kerberos.htx\
[19:45:22] - [4] MIRKO.POZEN: Répertoire en Cours: D:\kerberos.htx\jeu loren\
[19:45:29] - [4] MIRKO.POZEN: Répertoire en Cours: D:\kerberos.htx\
[19:46:07] - [4] MIRKO.POZEN: Répertoire en Cours: D:\kerberos.htx\enzo\
[19:46:12] - [4] MIRKO.POZEN: Répertoire en Cours: D:\kerberos.htx\
[19:46:12] - [4] MIRKO.POZEN: Répertoire en Cours: D:\kerberos.htx\bat\
[19:46:25] - [4] MIRKO.POZEN: Répertoire en Cours: D:\kerberos.htx\
[19:46:25] - [4] MIRKO.POZEN: Répertoire en Cours: D:\kerberos.htx\film fantatsic\
[19:46:40] - [4] MIRKO.POZEN: Répertoire en Cours: D:\kerberos.htx\
[19:46:40] - [4] MIRKO.POZEN: Répertoire en Cours: D:\kerberos.htx\mila\
[19:48:19] - [4] MIRKO.POZEN: Répertoire en Cours: D:\kerberos.htx\
[19:48:19] - [4] MIRKO.POZEN: Répertoire en Cours: D:\kerberos.htx\exe\
[19:48:54] - [4] MIRKO.POZEN: Répertoire en Cours: D:\kerberos.htx\exe\camtasia\
[19:49:39] - [4] MIRKO.POZEN: Répertoire en Cours: D:\kerberos.htx\pc mila\
[19:49:39] - [4] MIRKO.POZEN: Répertoire en Cours: D:\kerberos.htx\pc mila\to cack\
[19:49:43] - [4] MIRKO.POZEN: Répertoire en Cours: D:\kerberos.htx\pc mila\
[19:49:43] - [4] MIRKO.POZEN: Répertoire en Cours: D:\kerberos.htx\pc mila\progz\
[19:50:47] - [4] MIRKO.POZEN: Répertoire en Cours: D:\kerberos.htx\
[19:50:47] - [4] MIRKO.POZEN: Répertoire en Cours: D:\kerberos.htx\mig thoor\
[19:51:07] - [4] MIRKO.POZEN: Répertoire en Cours: D:\kerberos.htx\
[19:51:08] - [4] MIRKO.POZEN: Répertoire en Cours: D:\kerberos.htx\oobe\
[19:51:18] - [4] MIRKO.POZEN: Répertoire en Cours: D:\kerberos.htx\
[19:51:18] - [4] MIRKO.POZEN: Répertoire en Cours: D:\kerberos.htx\expo.loren\
[19:51:50] - [4] MIRKO.POZEN: Répertoire en Cours: D:\kerberos.htx\
[19:51:50] - [4] MIRKO.POZEN: Répertoire en Cours: D:\kerberos.htx\progz\
[19:53:01] - [4] MIRKO.POZEN: Répertoire en Cours: D:\kerberos.htx\
[19:53:01] - [4] MIRKO.POZEN: Répertoire en Cours: D:\kerberos.htx\logs vew\
[19:54:59] - [4] MIRKO.POZEN: Répertoire en Cours: D:\kerberos.htx\
[19:54:59] - [4] MIRKO.POZEN: Répertoire en Cours: D:\kerberos.htx\Hoic\
[19:55:08] - [4] MIRKO.POZEN: Répertoire en Cours: D:\kerberos.htx\
[19:55:08] - [4] MIRKO.POZEN: Répertoire en Cours: D:\kerberos.htx\TXT\
[19:55:29] - [4] MIRKO.POZEN: Répertoire en Cours: D:\kerberos.htx\
[19:55:30] - [4] MIRKO.POZEN: Répertoire en Cours: D:\kerberos.htx\idose\
[19:55:52] - [4] MIRKO.POZEN: Répertoire en Cours: D:\kerberos.htx\
[19:55:52] - [4] MIRKO.POZEN: Répertoire en Cours: D:\kerberos.htx\a trier\
[19:56:16] - [4] MIRKO.POZEN: Répertoire en Cours: D:\kerberos.htx\a trier\office 2017\
[19:56:25] - [4] MIRKO.POZEN: Répertoire en Cours: D:\kerberos.htx\a trier\
[19:56:25] - [4] MIRKO.POZEN: Répertoire en Cours: D:\kerberos.htx\a trier\1\
[19:56:31] - [4] MIRKO.POZEN: Répertoire en Cours: D:\kerberos.htx\a trier\1\jeux\
[19:56:36] - [4] MIRKO.POZEN: Répertoire en Cours: D:\kerberos.htx\a trier\1\jeux\Sim City 4 Edition Deluxe Muti Ck+Sr\
[19:56:45] - [4] MIRKO.POZEN: Répertoire en Cours: D:\kerberos.htx\a trier\1\jeux\Sim City 4 Edition Deluxe Muti Ck+Sr\Crack + Serial\
[19:56:46] - [4] MIRKO.POZEN: Répertoire en Cours: D:\kerberos.htx\a trier\1\jeux\Sim City 4 Edition Deluxe Muti Ck+Sr\Crack + Serial\Crack\
[19:56:46] - [4] MIRKO.POZEN: Répertoire en Cours: D:\kerberos.htx\a trier\1\jeux\Sim City 4 Edition Deluxe Muti Ck+Sr\Crack + Serial\Crack\Plugins\
[19:56:47] - [5] Connecté à 88.136.125.19. Collecte du Nom d'utilisateur.
[19:56:47] - [6] Connecté à 88.136.125.19. Collecte du Nom d'utilisateur.
[19:56:47] - [5] Usager MIRKO.POZEN Connecté IP: 88.136.125.19
[19:56:47] - [5] MIRKO.POZEN: Répertoire en Cours: D:\kerberos.htx\
[19:56:47] - [6] Usager MIRKO.POZEN Connecté IP: 88.136.125.19
[19:56:47] - [6] MIRKO.POZEN: Répertoire en Cours: D:\kerberos.htx\
[19:56:47] - [5] MIRKO.POZEN: Répertoire en Cours: D:\kerberos.htx\a trier\1\jeux\Sim City 4 Edition Deluxe Muti Ck+Sr\
[19:56:47] - [6] MIRKO.POZEN: Répertoire en Cours: D:\kerberos.htx\a trier\1\jeux\Sim City 4 Edition Deluxe Muti Ck+Sr\
[19:56:48] - [5] MIRKO.POZEN: Début du Téléchargement de: D:\kerberos.htx\a trier\1\jeux\Sim City 4 Edition Deluxe Muti Ck+Sr\SIMCITY 4 DELUXE EDITION CD1.mdf
[19:56:48] - [6] MIRKO.POZEN: Début du Téléchargement de: D:\kerberos.htx\a trier\1\jeux\Sim City 4 Edition Deluxe Muti Ck+Sr\SIMCITY 4 DELUXE EDITION CD2.img
[19:58:36] - [5] MIRKO.POZEN: Fichier envoyé: D:\kerberos.htx\a trier\1\jeux\Sim City 4 Edition Deluxe Muti Ck+Sr\SIMCITY 4 DELUXE EDITION CD1.mdf (6 992,71 K/S -  773 337 600 bytes)
[19:58:36] - [5] MIRKO.POZEN: Répertoire en Cours: D:\kerberos.htx\a trier\1\jeux\Sim City 4 Edition Deluxe Muti Ck+Sr\Crack + Serial\
[19:58:36] - [5] MIRKO.POZEN: Début du Téléchargement de: D:\kerberos.htx\a trier\1\jeux\Sim City 4 Edition Deluxe Muti Ck+Sr\Crack + Serial\serial.txt
[19:58:36] - [5] MIRKO.POZEN: Fichier envoyé: D:\kerberos.htx\a trier\1\jeux\Sim City 4 Edition Deluxe Muti Ck+Sr\Crack + Serial\serial.txt (0,05 K/S -    56 bytes)
[19:58:36] - [5] MIRKO.POZEN: Répertoire en Cours: D:\kerberos.htx\a trier\1\jeux\Sim City 4 Edition Deluxe Muti Ck+Sr\Crack + Serial\Crack\
[19:58:37] - [5] MIRKO.POZEN: Début du Téléchargement de: D:\kerberos.htx\a trier\1\jeux\Sim City 4 Edition Deluxe Muti Ck+Sr\Crack + Serial\Crack\MIG-PC-config-log.txt
[19:58:37] - [5] MIRKO.POZEN: Fichier envoyé: D:\kerberos.htx\a trier\1\jeux\Sim City 4 Edition Deluxe Muti Ck+Sr\Crack + Serial\Crack\MIG-PC-config-log.txt (3,46 K/S -   3 543 bytes)
[19:58:37] - [5] MIRKO.POZEN: Début du Téléchargement de: D:\kerberos.htx\a trier\1\jeux\Sim City 4 Edition Deluxe Muti Ck+Sr\Crack + Serial\Crack\PC-DE-BLOOD-config-log.txt
[19:58:37] - [5] MIRKO.POZEN: Fichier envoyé: D:\kerberos.htx\a trier\1\jeux\Sim City 4 Edition Deluxe Muti Ck+Sr\Crack + Serial\Crack\PC-DE-BLOOD-config-log.txt (3,47 K/S -   3 554 bytes)
[19:58:38] - [5] MIRKO.POZEN: Répertoire en Cours: D:\kerberos.htx\a trier\1\jeux\Sim City 4 Edition Deluxe Muti Ck+Sr\Crack + Serial\
[19:58:38] - [5] MIRKO.POZEN: Début du Téléchargement de: D:\kerberos.htx\a trier\1\jeux\Sim City 4 Edition Deluxe Muti Ck+Sr\Crack + Serial\serial.txt
[19:58:38] - [5] MIRKO.POZEN: Fichier envoyé: D:\kerberos.htx\a trier\1\jeux\Sim City 4 Edition Deluxe Muti Ck+Sr\Crack + Serial\serial.txt (0,05 K/S -    56 bytes)
[19:58:40] - [5] MIRKO.POZEN: Début du Téléchargement de: D:\kerberos.htx\a trier\1\jeux\Sim City 4 Edition Deluxe Muti Ck+Sr\Crack + Serial\serial.txt
[19:58:40] - [5] MIRKO.POZEN: Fichier envoyé: D:\kerberos.htx\a trier\1\jeux\Sim City 4 Edition Deluxe Muti Ck+Sr\Crack + Serial\serial.txt (0,05 K/S -    56 bytes)
[19:58:41] - [5] MIRKO.POZEN: Début du Téléchargement de: D:\kerberos.htx\a trier\1\jeux\Sim City 4 Edition Deluxe Muti Ck+Sr\Crack + Serial\serial.txt
[19:58:41] - [5] MIRKO.POZEN: Fichier envoyé: D:\kerberos.htx\a trier\1\jeux\Sim City 4 Edition Deluxe Muti Ck+Sr\Crack + Serial\serial.txt (0,05 K/S -    56 bytes)
[19:58:52] - [6] MIRKO.POZEN: Fichier envoyé: D:\kerberos.htx\a trier\1\jeux\Sim City 4 Edition Deluxe Muti Ck+Sr\SIMCITY 4 DELUXE EDITION CD2.img (6 084,59 K/S -  772 596 720 bytes)
[19:59:13] - [5] Client 88.136.125.19 Déconnecté (00:02:25 Min)
[19:59:23] - [6] Client 88.136.125.19 Déconnecté (00:02:35 Min)
[20:29:09] - [7] Connecté à 86.235.162.42. Collecte du Nom d'utilisateur.
[20:29:09] - [7] Usager MIRKO.POZEN Connecté IP: 86.235.162.42
[20:29:09] - [7] MIRKO.POZEN: Répertoire en Cours: D:\kerberos.htx\
[20:29:09] - [7] MIRKO.POZEN: Répertoire en Cours: D:\kerberos.htx\
[20:29:29] - [7] MIRKO.POZEN: Répertoire en Cours: D:\kerberos.htx\progz\
[20:29:38] - [7] MIRKO.POZEN: Répertoire en Cours: D:\kerberos.htx\
[20:29:38] - [7] MIRKO.POZEN: Répertoire en Cours: D:\kerberos.htx\exe\
[20:30:08] - [8] Connecté à 86.235.162.42. Collecte du Nom d'utilisateur.
[20:30:08] - [8] Usager MIRKO.POZEN Connecté IP: 86.235.162.42
[20:30:08] - [8] MIRKO.POZEN: Répertoire en Cours: D:\kerberos.htx\
[20:30:08] - [8] MIRKO.POZEN: Répertoire en Cours: D:\kerberos.htx\exe\
[20:30:08] - [8] MIRKO.POZEN: Début du Téléchargement de: D:\kerberos.htx\exe\kompozer-0.8b3.fr.win32.exe
[20:31:13] - [8] MIRKO.POZEN: Fichier envoyé: D:\kerberos.htx\exe\kompozer-0.8b3.fr.win32.exe (103,78 K/S -  6 801 477 bytes)
[20:31:45] - [8] Client 86.235.162.42 Déconnecté (00:01:37 Min)
[22:10:33] - Serveur Démarré
[22:10:33] - FTP Port: 21
[22:10:36] - [1] Connecté à 86.235.162.42. Collecte du Nom d'utilisateur.
[22:10:36] - [1] Usager MIRKO.POZEN Connecté IP: 86.235.162.42
[22:10:36] - [1] MIRKO.POZEN: Répertoire en Cours: D:\kerberos.htx\
[22:10:36] - [1] MIRKO.POZEN: Répertoire en Cours: D:\kerberos.htx\exe\
[22:16:21] - [2] Connecté à 51.38.12.23. Collecte du Nom d'utilisateur.
[22:16:22] - [2] Client 51.38.12.23 Déconnecté (00:00:00 Min)
[23:09:20] - [3] Connecté à 86.235.162.42. Collecte du Nom d'utilisateur.
[23:09:20] - [3] Usager MIRKO.POZEN Connecté IP: 86.235.162.42
[23:09:20] - [3] MIRKO.POZEN: Répertoire en Cours: D:\kerberos.htx\
[23:09:20] - [3] MIRKO.POZEN: Répertoire en Cours: D:\kerberos.htx\exe\
[23:09:21] - [3] MIRKO.POZEN: Début d'Upload de D:\kerberos.htx\exe\index.gj.html
[23:09:21] - [3] MIRKO.POZEN: Fichier Upload: D:\kerberos.htx\exe\index.gj.html (3,36 K/S -   3 442 bytes)
[23:09:24] - [3] Client 86.235.162.42 Déconnecté (00:00:03 Min)
[23:09:24] - [1] Client 86.235.162.42 Déconnecté (00:58:48 Min)
