[00:08:19] - Serveur Démarré
[00:08:19] - FTP Port: 21
[00:29:29] - [1] Connecté à 192.168.0.1. Collecte du Nom d'utilisateur.
[00:29:29] - [1] Usager MIRKO.POZEN Connecté IP: 192.168.0.1
[00:29:29] - [1] MIRKO.POZEN: Répertoire en Cours: D:\kerberos.htx\
[00:29:29] - [1] MIRKO.POZEN: Répertoire en Cours: D:\kerberos.htx\
[00:29:39] - [1] MIRKO.POZEN: Répertoire en Cours: D:\kerberos.htx\rar\
[00:30:57] - [2] Connecté à 192.168.0.1. Collecte du Nom d'utilisateur.
[00:30:57] - [2] Usager MIRKO.POZEN Connecté IP: 192.168.0.1
[00:30:58] - [2] MIRKO.POZEN: Répertoire en Cours: D:\kerberos.htx\
[00:30:58] - [2] MIRKO.POZEN: Répertoire en Cours: D:\kerberos.htx\rar\
[00:30:58] - [2] MIRKO.POZEN: Début du Téléchargement de: D:\kerberos.htx\rar\HDD.Low.Level.Format.Tool.4.25.Keygen.tPORt.rar
[00:30:58] - [2] MIRKO.POZEN: Fichier envoyé: D:\kerberos.htx\rar\HDD.Low.Level.Format.Tool.4.25.Keygen.tPORt.rar (67,54 K/S -   69 157 bytes)
[00:31:28] - [2] Client 192.168.0.1 Déconnecté (00:00:30 Min)
[04:10:47] - [3] Connecté à 163.172.69.249. Collecte du Nom d'utilisateur.
[04:10:48] - [3] Client 163.172.69.249 Déconnecté (00:00:00 Min)
[04:10:48] - [4] Connecté à 46.105.126.195. Collecte du Nom d'utilisateur.
[04:10:58] - [4] Client 46.105.126.195 Déconnecté (00:00:10 Min)
[08:40:36] - [5] Connecté à 74.82.47.4. Collecte du Nom d'utilisateur.
[08:40:37] - [5] Client 74.82.47.4 Déconnecté (00:00:00 Min)
[10:06:48] - [6] Connecté à 196.52.43.118. Collecte du Nom d'utilisateur.
[10:06:58] - [6] Client 196.52.43.118 Déconnecté (00:00:09 Min)
[12:08:59] - [7] Connecté à 192.168.0.1. Collecte du Nom d'utilisateur.
[12:08:59] - [7] Usager MIRKO.POZEN Connecté IP: 192.168.0.1
[12:08:59] - [7] MIRKO.POZEN: Répertoire en Cours: D:\kerberos.htx\
[12:08:59] - [7] MIRKO.POZEN: Répertoire en Cours: D:\kerberos.htx\
[12:09:05] - [7] Client 192.168.0.1 Déconnecté (00:00:06 Min)
[15:16:02] - [8] Connecté à 192.168.0.1. Collecte du Nom d'utilisateur.
[15:16:02] - [8] Usager MIRKO.POZEN Connecté IP: 192.168.0.1
[15:16:02] - [8] MIRKO.POZEN: Répertoire en Cours: D:\kerberos.htx\
[15:16:02] - [8] MIRKO.POZEN: Répertoire en Cours: D:\kerberos.htx\
[15:16:14] - [8] MIRKO.POZEN: Répertoire en Cours: D:\kerberos.htx\rar\
[15:16:56] - [8] MIRKO.POZEN: Répertoire en Cours: D:\kerberos.htx\rar\hack progz\
[15:17:04] - [8] MIRKO.POZEN: Répertoire en Cours: D:\kerberos.htx\
[15:17:04] - [8] MIRKO.POZEN: Répertoire en Cours: D:\kerberos.htx\a trier\
[15:17:09] - [8] MIRKO.POZEN: Répertoire en Cours: D:\kerberos.htx\a trier\exe\
[15:17:41] - [8] MIRKO.POZEN: Répertoire en Cours: D:\kerberos.htx\a trier\
[15:17:41] - [8] MIRKO.POZEN: Répertoire en Cours: D:\kerberos.htx\a trier\cleusb 16go\
[15:17:50] - [8] MIRKO.POZEN: Répertoire en Cours: D:\kerberos.htx\a trier\cleusb 16go\FileZilla\
[15:17:51] - [8] MIRKO.POZEN: Répertoire en Cours: D:\kerberos.htx\a trier\cleusb 16go\FileZilla\SProfiles\
[15:17:52] - [8] MIRKO.POZEN: Répertoire en Cours: D:\kerberos.htx\a trier\cleusb 16go\
[15:17:52] - [8] MIRKO.POZEN: Répertoire Effacé: D:\kerberos.htx\a trier\cleusb 16go\FileZilla\SProfiles\
[15:17:52] - [8] MIRKO.POZEN: Répertoire Effacé: D:\kerberos.htx\a trier\cleusb 16go\FileZilla\
[15:18:00] - [8] MIRKO.POZEN: Répertoire en Cours: D:\kerberos.htx\a trier\
[15:18:00] - [8] MIRKO.POZEN: Répertoire en Cours: D:\kerberos.htx\a trier\douwloads\
[15:18:03] - [8] MIRKO.POZEN: Répertoire en Cours: D:\kerberos.htx\a trier\douwloads\setupgo2\
[15:18:20] - [8] MIRKO.POZEN: Répertoire en Cours: D:\kerberos.htx\a trier\
[15:18:20] - [8] MIRKO.POZEN: Répertoire en Cours: D:\kerberos.htx\a trier\1\
[15:18:28] - [8] MIRKO.POZEN: Répertoire en Cours: D:\kerberos.htx\a trier\
[15:18:29] - [8] MIRKO.POZEN: Répertoire en Cours: D:\kerberos.htx\a trier\2\
[15:18:54] - [8] MIRKO.POZEN: Répertoire en Cours: D:\kerberos.htx\a trier\
[15:18:54] - [8] MIRKO.POZEN: Répertoire en Cours: D:\kerberos.htx\a trier\progz mig\
[15:18:58] - [8] MIRKO.POZEN: Répertoire en Cours: D:\kerberos.htx\a trier\progz mig\getdataback\
[15:20:06] - [8] MIRKO.POZEN: Répertoire en Cours: D:\kerberos.htx\a trier\progz mig\getdataback\gdbnt.zip\
[15:20:07] - [9] Connecté à 192.168.0.1. Collecte du Nom d'utilisateur.
[15:20:07] - [10] Connecté à 192.168.0.1. Collecte du Nom d'utilisateur.
[15:20:07] - [9] Usager MIRKO.POZEN Connecté IP: 192.168.0.1
[15:20:07] - [9] MIRKO.POZEN: Répertoire en Cours: D:\kerberos.htx\
[15:20:07] - [10] Usager MIRKO.POZEN Connecté IP: 192.168.0.1
[15:20:07] - [10] MIRKO.POZEN: Répertoire en Cours: D:\kerberos.htx\
[15:20:07] - [9] MIRKO.POZEN: Répertoire en Cours: D:\kerberos.htx\a trier\progz mig\getdataback\
[15:20:07] - [10] MIRKO.POZEN: Répertoire en Cours: D:\kerberos.htx\a trier\progz mig\getdataback\
[15:20:07] - [9] MIRKO.POZEN: Début du Téléchargement de: D:\kerberos.htx\a trier\progz mig\getdataback\gdbnt.zip.zip
[15:20:07] - [10] MIRKO.POZEN: Début du Téléchargement de: D:\kerberos.htx\a trier\progz mig\getdataback\Nouveau document texte.txt
[15:20:07] - [10] MIRKO.POZEN: Fichier envoyé: D:\kerberos.htx\a trier\progz mig\getdataback\Nouveau document texte.txt (0,04 K/S -    41 bytes)
[15:20:07] - [10] MIRKO.POZEN: Répertoire en Cours: D:\kerberos.htx\a trier\progz mig\getdataback\gdbnt.zip\
[15:20:07] - [10] MIRKO.POZEN: Début du Téléchargement de: D:\kerberos.htx\a trier\progz mig\getdataback\gdbnt.zip\serial gdb 3.66.txt
[15:20:07] - [10] MIRKO.POZEN: Fichier envoyé: D:\kerberos.htx\a trier\progz mig\getdataback\gdbnt.zip\serial gdb 3.66.txt (0,04 K/S -    41 bytes)
[15:20:07] - [10] MIRKO.POZEN: Début du Téléchargement de: D:\kerberos.htx\a trier\progz mig\getdataback\gdbnt.zip\Setup.exe
[15:20:15] - [9] MIRKO.POZEN: Fichier envoyé: D:\kerberos.htx\a trier\progz mig\getdataback\gdbnt.zip.zip (289,36 K/S -  2 666 713 bytes)
[15:20:15] - [10] MIRKO.POZEN: Fichier envoyé: D:\kerberos.htx\a trier\progz mig\getdataback\gdbnt.zip\Setup.exe (326,57 K/S -  2 675 259 bytes)
[15:20:34] - [8] MIRKO.POZEN: Répertoire en Cours: D:\kerberos.htx\a trier\progz mig\
[15:20:34] - [8] MIRKO.POZEN: Répertoire en Cours: D:\kerberos.htx\a trier\progz mig\harddisk\
[15:20:46] - [9] Client 192.168.0.1 Déconnecté (00:00:39 Min)
[15:20:47] - [10] Client 192.168.0.1 Déconnecté (00:00:40 Min)
[15:22:12] - [1] Client 192.168.0.1 Déconnecté (14:52:42 Min)
[15:22:15] - [8] Client 192.168.0.1 Déconnecté (00:06:13 Min)
[18:55:27] - [11] Connecté à 107.170.234.135. Collecte du Nom d'utilisateur.
[18:55:27] - [11] Client 107.170.234.135 Déconnecté (00:00:00 Min)
[19:28:28] - [12] Connecté à 51.38.12.23. Collecte du Nom d'utilisateur.
[19:28:28] - [12] Usager ANONYMOUS Connecté IP: 51.38.12.23
[19:28:28] - [12] Mot de Passe Incorrect: Utilisateur ANONYMOUS IP: 51.38.12.23
[19:28:28] - [12] Client 51.38.12.23 Déconnecté (00:00:00 Min)
[21:21:47] - [13] Connecté à 196.52.43.51. Collecte du Nom d'utilisateur.
[21:22:19] - [13] Client 196.52.43.51 Déconnecté (00:00:31 Min)
[21:23:05] - [14] Connecté à 196.52.43.88. Collecte du Nom d'utilisateur.
[21:23:15] - [14] Client 196.52.43.88 Déconnecté (00:00:09 Min)
[21:51:26] - [15] Connecté à 192.168.0.1. Collecte du Nom d'utilisateur.
[21:51:26] - [15] Usager MIRKO.POZEN Connecté IP: 192.168.0.1
[21:51:26] - [15] MIRKO.POZEN: Répertoire en Cours: D:\kerberos.htx\
[21:51:26] - [15] MIRKO.POZEN: Répertoire en Cours: D:\kerberos.htx\
[21:51:38] - [15] MIRKO.POZEN: Répertoire en Cours: D:\kerberos.htx\Hard Disk Sentinel\
[21:52:02] - [16] Connecté à 192.168.0.1. Collecte du Nom d'utilisateur.
[21:52:02] - [17] Connecté à 192.168.0.1. Collecte du Nom d'utilisateur.
[21:52:02] - [16] Usager MIRKO.POZEN Connecté IP: 192.168.0.1
[21:52:02] - [16] MIRKO.POZEN: Répertoire en Cours: D:\kerberos.htx\
[21:52:02] - [17] Usager MIRKO.POZEN Connecté IP: 192.168.0.1
[21:52:02] - [17] MIRKO.POZEN: Répertoire en Cours: D:\kerberos.htx\
[21:52:02] - [16] MIRKO.POZEN: Répertoire en Cours: D:\kerberos.htx\Hard Disk Sentinel\
[21:52:02] - [17] MIRKO.POZEN: Répertoire en Cours: D:\kerberos.htx\Hard Disk Sentinel\
[21:52:03] - [16] MIRKO.POZEN: Début du Téléchargement de: D:\kerberos.htx\Hard Disk Sentinel\afaapi.dll
[21:52:03] - [17] MIRKO.POZEN: Début du Téléchargement de: D:\kerberos.htx\Hard Disk Sentinel\ar.lng
[21:52:03] - [17] MIRKO.POZEN: Fichier envoyé: D:\kerberos.htx\Hard Disk Sentinel\ar.lng (42,02 K/S -   43 030 bytes)
[21:52:03] - [17] MIRKO.POZEN: Début du Téléchargement de: D:\kerberos.htx\Hard Disk Sentinel\arpro.lng
[21:52:03] - [17] MIRKO.POZEN: Fichier envoyé: D:\kerberos.htx\Hard Disk Sentinel\arpro.lng (7,20 K/S -   7 376 bytes)
[21:52:03] - [17] MIRKO.POZEN: Début du Téléchargement de: D:\kerberos.htx\Hard Disk Sentinel\bc_vbdll.dll
[21:52:05] - [16] MIRKO.POZEN: Fichier envoyé: D:\kerberos.htx\Hard Disk Sentinel\afaapi.dll (341,07 K/S -   698 512 bytes)
[21:52:05] - [16] MIRKO.POZEN: Début du Téléchargement de: D:\kerberos.htx\Hard Disk Sentinel\be.lng
[21:52:05] - [17] MIRKO.POZEN: Fichier envoyé: D:\kerberos.htx\Hard Disk Sentinel\bc_vbdll.dll (196,71 K/S -   604 304 bytes)
[21:52:05] - [16] MIRKO.POZEN: Fichier envoyé: D:\kerberos.htx\Hard Disk Sentinel\be.lng (52,19 K/S -   53 446 bytes)
[21:52:05] - [17] MIRKO.POZEN: Début du Téléchargement de: D:\kerberos.htx\Hard Disk Sentinel\bepro.lng
[21:52:05] - [16] MIRKO.POZEN: Début du Téléchargement de: D:\kerberos.htx\Hard Disk Sentinel\bg.lng
[21:52:05] - [17] MIRKO.POZEN: Fichier envoyé: D:\kerberos.htx\Hard Disk Sentinel\bepro.lng (8,45 K/S -   8 648 bytes)
[21:52:05] - [17] MIRKO.POZEN: Début du Téléchargement de: D:\kerberos.htx\Hard Disk Sentinel\bgpro.lng
[21:52:06] - [17] MIRKO.POZEN: Fichier envoyé: D:\kerberos.htx\Hard Disk Sentinel\bgpro.lng (8,47 K/S -   8 676 bytes)
[21:52:06] - [16] MIRKO.POZEN: Fichier envoyé: D:\kerberos.htx\Hard Disk Sentinel\bg.lng (51,42 K/S -   52 657 bytes)
[21:52:06] - [16] MIRKO.POZEN: Début du Téléchargement de: D:\kerberos.htx\Hard Disk Sentinel\cn.lng
[21:52:06] - [17] MIRKO.POZEN: Début du Téléchargement de: D:\kerberos.htx\Hard Disk Sentinel\cnpro.lng
[21:52:06] - [17] MIRKO.POZEN: Fichier envoyé: D:\kerberos.htx\Hard Disk Sentinel\cnpro.lng (4,96 K/S -   5 084 bytes)
[21:52:06] - [16] MIRKO.POZEN: Fichier envoyé: D:\kerberos.htx\Hard Disk Sentinel\cn.lng (30,35 K/S -   31 075 bytes)
[21:52:06] - [16] MIRKO.POZEN: Début du Téléchargement de: D:\kerberos.htx\Hard Disk Sentinel\cz.lng
[21:52:06] - [17] MIRKO.POZEN: Début du Téléchargement de: D:\kerberos.htx\Hard Disk Sentinel\czpro.lng
[21:52:06] - [17] MIRKO.POZEN: Fichier envoyé: D:\kerberos.htx\Hard Disk Sentinel\czpro.lng (7,57 K/S -   7 755 bytes)
[21:52:06] - [16] MIRKO.POZEN: Fichier envoyé: D:\kerberos.htx\Hard Disk Sentinel\cz.lng (45,13 K/S -   46 208 bytes)
[21:52:06] - [16] MIRKO.POZEN: Début du Téléchargement de: D:\kerberos.htx\Hard Disk Sentinel\da.lng
[21:52:06] - [17] MIRKO.POZEN: Début du Téléchargement de: D:\kerberos.htx\Hard Disk Sentinel\dapro.lng
[21:52:06] - [17] MIRKO.POZEN: Fichier envoyé: D:\kerberos.htx\Hard Disk Sentinel\dapro.lng (7,95 K/S -   8 139 bytes)
[21:52:06] - [16] MIRKO.POZEN: Fichier envoyé: D:\kerberos.htx\Hard Disk Sentinel\da.lng (33,76 K/S -   34 569 bytes)
[21:52:06] - [16] MIRKO.POZEN: Début du Téléchargement de: D:\kerberos.htx\Hard Disk Sentinel\de.lng
[21:52:07] - [17] MIRKO.POZEN: Début du Téléchargement de: D:\kerberos.htx\Hard Disk Sentinel\depro.lng
[21:52:07] - [17] MIRKO.POZEN: Fichier envoyé: D:\kerberos.htx\Hard Disk Sentinel\depro.lng (8,66 K/S -   8 863 bytes)
[21:52:07] - [16] MIRKO.POZEN: Fichier envoyé: D:\kerberos.htx\Hard Disk Sentinel\de.lng (53,95 K/S -   55 241 bytes)
[21:52:07] - [16] MIRKO.POZEN: Début du Téléchargement de: D:\kerberos.htx\Hard Disk Sentinel\deta.dll
[21:52:07] - [17] MIRKO.POZEN: Début du Téléchargement de: D:\kerberos.htx\Hard Disk Sentinel\detect.dat
[21:52:07] - [16] MIRKO.POZEN: Fichier envoyé: D:\kerberos.htx\Hard Disk Sentinel\deta.dll (37,14 K/S -   38 032 bytes)
[21:52:07] - [16] MIRKO.POZEN: Début du Téléchargement de: D:\kerberos.htx\Hard Disk Sentinel\detect.dll
[21:52:13] - [15] MIRKO.POZEN: Répertoire en Cours: D:\kerberos.htx\
[21:52:13] - [15] MIRKO.POZEN: Répertoire en Cours: D:\kerberos.htx\progz\
[21:52:13] - [17] MIRKO.POZEN: Fichier envoyé: D:\kerberos.htx\Hard Disk Sentinel\detect.dat (12,70 K/S -   91 026 bytes)
[21:52:13] - [17] MIRKO.POZEN: Début du Téléchargement de: D:\kerberos.htx\Hard Disk Sentinel\detjm.dll
[21:52:14] - [16] MIRKO.POZEN: Fichier envoyé: D:\kerberos.htx\Hard Disk Sentinel\detect.dll (24,81 K/S -   177 808 bytes)
[21:52:14] - [17] MIRKO.POZEN: Fichier envoyé: D:\kerberos.htx\Hard Disk Sentinel\detjm.dll (100,45 K/S -   102 856 bytes)
[21:52:14] - [17] MIRKO.POZEN: Début du Téléchargement de: D:\kerberos.htx\Hard Disk Sentinel\detpex.dlz
[21:52:14] - [16] MIRKO.POZEN: Début du Téléchargement de: D:\kerberos.htx\Hard Disk Sentinel\detp.dll
[21:52:14] - [16] MIRKO.POZEN: Fichier envoyé: D:\kerberos.htx\Hard Disk Sentinel\detp.dll (115,14 K/S -   117 904 bytes)
[21:52:14] - [16] MIRKO.POZEN: Début du Téléchargement de: D:\kerberos.htx\Hard Disk Sentinel\detrc.dll
[21:52:15] - [16] MIRKO.POZEN: Fichier envoyé: D:\kerberos.htx\Hard Disk Sentinel\detrc.dll (138,14 K/S -   141 456 bytes)
[21:52:15] - [16] MIRKO.POZEN: Début du Téléchargement de: D:\kerberos.htx\Hard Disk Sentinel\detw.dll
[21:52:16] - [16] MIRKO.POZEN: Fichier envoyé: D:\kerberos.htx\Hard Disk Sentinel\detw.dll (176,15 K/S -   180 376 bytes)
[21:52:16] - [16] MIRKO.POZEN: Début du Téléchargement de: D:\kerberos.htx\Hard Disk Sentinel\detw64.dll
[21:52:16] - [17] MIRKO.POZEN: Fichier envoyé: D:\kerberos.htx\Hard Disk Sentinel\detpex.dlz (225,56 K/S -   692 911 bytes)
[21:52:17] - [17] MIRKO.POZEN: Début du Téléchargement de: D:\kerberos.htx\Hard Disk Sentinel\DISKDATA_2.0_____Flash_Disk___5.00.hdd
[21:52:17] - [17] MIRKO.POZEN: Fichier envoyé: D:\kerberos.htx\Hard Disk Sentinel\DISKDATA_2.0_____Flash_Disk___5.00.hdd (0,47 K/S -    480 bytes)
[21:52:17] - [17] MIRKO.POZEN: Début du Téléchargement de: D:\kerberos.htx\Hard Disk Sentinel\DISKDATA_2.0_____Flash_Disk___5.00_scsi.hdi
[21:52:17] - [16] MIRKO.POZEN: Fichier envoyé: D:\kerberos.htx\Hard Disk Sentinel\detw64.dll (215,65 K/S -   220 824 bytes)
[21:52:17] - [17] MIRKO.POZEN: Fichier envoyé: D:\kerberos.htx\Hard Disk Sentinel\DISKDATA_2.0_____Flash_Disk___5.00_scsi.hdi (20,83 K/S -   21 332 bytes)
[21:52:17] - [16] MIRKO.POZEN: Début du Téléchargement de: D:\kerberos.htx\Hard Disk Sentinel\DISKDATA_Generic-_Compact_Flash_GENERIC_CF_READER01_1.01.hdd
[21:52:17] - [16] MIRKO.POZEN: Fichier envoyé: D:\kerberos.htx\Hard Disk Sentinel\DISKDATA_Generic-_Compact_Flash_GENERIC_CF_READER01_1.01.hdd (23,91 K/S -   24 480 bytes)
[21:52:17] - [17] MIRKO.POZEN: Début du Téléchargement de: D:\kerberos.htx\Hard Disk Sentinel\DISKDATA_Generic-_Compact_Flash_GENERIC_CF_READER01_1.01_scsi.hdi
[21:52:17] - [17] MIRKO.POZEN: Fichier envoyé: D:\kerberos.htx\Hard Disk Sentinel\DISKDATA_Generic-_Compact_Flash_GENERIC_CF_READER01_1.01_scsi.hdi (20,83 K/S -   21 332 bytes)
[21:52:17] - [16] MIRKO.POZEN: Début du Téléchargement de: D:\kerberos.htx\Hard Disk Sentinel\DISKDATA_Hitachi_HDS721050CLA362_JP5570HF2Z8MNP_JP2OA3EA.dat
[21:52:17] - [16] MIRKO.POZEN: Fichier envoyé: D:\kerberos.htx\Hard Disk Sentinel\DISKDATA_Hitachi_HDS721050CLA362_JP5570HF2Z8MNP_JP2OA3EA.dat (3,16 K/S -   3 234 bytes)
[21:52:17] - [17] MIRKO.POZEN: Début du Téléchargement de: D:\kerberos.htx\Hard Disk Sentinel\DISKDATA_Hitachi_HDS721050CLA362_JP5570HF2Z8MNP_JP2OA3EA.hdd
[21:52:17] - [17] MIRKO.POZEN: Fichier envoyé: D:\kerberos.htx\Hard Disk Sentinel\DISKDATA_Hitachi_HDS721050CLA362_JP5570HF2Z8MNP_JP2OA3EA.hdd (23,91 K/S -   24 480 bytes)
[21:52:17] - [16] MIRKO.POZEN: Début du Téléchargement de: D:\kerberos.htx\Hard Disk Sentinel\DISKDATA_Hitachi_HDS721050CLA362_JP5570HF2Z8MNP_JP2OA3EA.hdi
[21:52:17] - [16] MIRKO.POZEN: Fichier envoyé: D:\kerberos.htx\Hard Disk Sentinel\DISKDATA_Hitachi_HDS721050CLA362_JP5570HF2Z8MNP_JP2OA3EA.hdi (0,65 K/S -    662 bytes)
[21:52:17] - [17] MIRKO.POZEN: Début du Téléchargement de: D:\kerberos.htx\Hard Disk Sentinel\DISKDATA_Multiple_Flash_Reader_GENERIC_SD_READER01_1.05.hdd
[21:52:17] - [17] MIRKO.POZEN: Fichier envoyé: D:\kerberos.htx\Hard Disk Sentinel\DISKDATA_Multiple_Flash_Reader_GENERIC_SD_READER01_1.05.hdd (23,91 K/S -   24 480 bytes)
[21:52:17] - [16] MIRKO.POZEN: Début du Téléchargement de: D:\kerberos.htx\Hard Disk Sentinel\DISKDATA_Multiple_Flash_Reader_GENERIC_SD_READER01_1.05_scsi.hdi
[21:52:18] - [16] MIRKO.POZEN: Fichier envoyé: D:\kerberos.htx\Hard Disk Sentinel\DISKDATA_Multiple_Flash_Reader_GENERIC_SD_READER01_1.05_scsi.hdi (20,83 K/S -   21 332 bytes)
[21:52:18] - [17] MIRKO.POZEN: Début du Téléchargement de: D:\kerberos.htx\Hard Disk Sentinel\DriveAddRemoveLog.txt
[21:52:18] - [17] MIRKO.POZEN: Fichier envoyé: D:\kerberos.htx\Hard Disk Sentinel\DriveAddRemoveLog.txt (0,13 K/S -    136 bytes)
[21:52:18] - [16] MIRKO.POZEN: Début du Téléchargement de: D:\kerberos.htx\Hard Disk Sentinel\du.lng
[21:52:18] - [17] MIRKO.POZEN: Début du Téléchargement de: D:\kerberos.htx\Hard Disk Sentinel\dupro.lng
[21:52:18] - [17] MIRKO.POZEN: Fichier envoyé: D:\kerberos.htx\Hard Disk Sentinel\dupro.lng (8,49 K/S -   8 698 bytes)
[21:52:18] - [16] MIRKO.POZEN: Fichier envoyé: D:\kerberos.htx\Hard Disk Sentinel\du.lng (51,45 K/S -   52 681 bytes)
[21:52:18] - [16] MIRKO.POZEN: Début du Téléchargement de: D:\kerberos.htx\Hard Disk Sentinel\en.chm
[21:52:18] - [17] MIRKO.POZEN: Début du Téléchargement de: D:\kerberos.htx\Hard Disk Sentinel\en.lng
[21:52:18] - [17] MIRKO.POZEN: Fichier envoyé: D:\kerberos.htx\Hard Disk Sentinel\en.lng (47,34 K/S -   48 472 bytes)
[21:52:19] - [17] MIRKO.POZEN: Début du Téléchargement de: D:\kerberos.htx\Hard Disk Sentinel\enpro.lng
[21:52:19] - [17] MIRKO.POZEN: Fichier envoyé: D:\kerberos.htx\Hard Disk Sentinel\enpro.lng (7,75 K/S -   7 939 bytes)
[21:52:19] - [17] MIRKO.POZEN: Début du Téléchargement de: D:\kerberos.htx\Hard Disk Sentinel\fi.chm
[21:52:22] - [16] MIRKO.POZEN: Fichier envoyé: D:\kerberos.htx\Hard Disk Sentinel\en.chm (376,45 K/S -  1 541 923 bytes)
[21:52:22] - [16] MIRKO.POZEN: Début du Téléchargement de: D:\kerberos.htx\Hard Disk Sentinel\fi.lng
[21:52:22] - [16] MIRKO.POZEN: Fichier envoyé: D:\kerberos.htx\Hard Disk Sentinel\fi.lng (48,84 K/S -   50 016 bytes)
[21:52:22] - [16] MIRKO.POZEN: Début du Téléchargement de: D:\kerberos.htx\Hard Disk Sentinel\fipro.lng
[21:52:22] - [16] MIRKO.POZEN: Fichier envoyé: D:\kerberos.htx\Hard Disk Sentinel\fipro.lng (8,30 K/S -   8 502 bytes)
[21:52:22] - [16] MIRKO.POZEN: Début du Téléchargement de: D:\kerberos.htx\Hard Disk Sentinel\fnp_act_installer.dll
[21:52:23] - [15] MIRKO.POZEN: Répertoire en Cours: D:\kerberos.htx\
[21:52:23] - [15] MIRKO.POZEN: Répertoire en Cours: D:\kerberos.htx\a trier\
[21:52:23] - [17] MIRKO.POZEN: Fichier envoyé: D:\kerberos.htx\Hard Disk Sentinel\fi.chm (382,16 K/S -  1 565 319 bytes)
[21:52:23] - [17] MIRKO.POZEN: Début du Téléchargement de: D:\kerberos.htx\Hard Disk Sentinel\fr.lng
[21:52:23] - [17] MIRKO.POZEN: Fichier envoyé: D:\kerberos.htx\Hard Disk Sentinel\fr.lng (55,00 K/S -   56 316 bytes)
[21:52:23] - [17] MIRKO.POZEN: Début du Téléchargement de: D:\kerberos.htx\Hard Disk Sentinel\frpro.lng
[21:52:23] - [17] MIRKO.POZEN: Fichier envoyé: D:\kerberos.htx\Hard Disk Sentinel\frpro.lng (9,34 K/S -   9 566 bytes)
[21:52:23] - [17] MIRKO.POZEN: Début du Téléchargement de: D:\kerberos.htx\Hard Disk Sentinel\gr.lng
[21:52:24] - [16] MIRKO.POZEN: Fichier envoyé: D:\kerberos.htx\Hard Disk Sentinel\fnp_act_installer.dll (192,32 K/S -   393 872 bytes)
[21:52:24] - [17] MIRKO.POZEN: Fichier envoyé: D:\kerberos.htx\Hard Disk Sentinel\gr.lng (41,76 K/S -   42 761 bytes)
[21:52:24] - [16] MIRKO.POZEN: Début du Téléchargement de: D:\kerberos.htx\Hard Disk Sentinel\grpro.lng
[21:52:24] - [16] MIRKO.POZEN: Fichier envoyé: D:\kerberos.htx\Hard Disk Sentinel\grpro.lng (9,35 K/S -   9 578 bytes)
[21:52:24] - [17] MIRKO.POZEN: Début du Téléchargement de: D:\kerberos.htx\Hard Disk Sentinel\harddisksentinelupdate.exe
[21:52:25] - [16] MIRKO.POZEN: Début du Téléchargement de: D:\kerberos.htx\Hard Disk Sentinel\hdd.jpg
[21:52:25] - [16] MIRKO.POZEN: Fichier envoyé: D:\kerberos.htx\Hard Disk Sentinel\hdd.jpg (10,04 K/S -   10 279 bytes)
[21:52:25] - [16] MIRKO.POZEN: Début du Téléchargement de: D:\kerberos.htx\Hard Disk Sentinel\HDnotify.wav
[21:52:25] - [16] MIRKO.POZEN: Fichier envoyé: D:\kerberos.htx\Hard Disk Sentinel\HDnotify.wav (22,91 K/S -   23 456 bytes)
[21:52:25] - [16] MIRKO.POZEN: Début du Téléchargement de: D:\kerberos.htx\Hard Disk Sentinel\HDSAction.exe
[21:52:28] - [17] MIRKO.POZEN: Fichier envoyé: D:\kerberos.htx\Hard Disk Sentinel\harddisksentinelupdate.exe (70,41 K/S -   288 400 bytes)
[21:52:28] - [17] MIRKO.POZEN: Début du Téléchargement de: D:\kerberos.htx\Hard Disk Sentinel\HDSCtrl.exe
[21:52:29] - [17] MIRKO.POZEN: Fichier envoyé: D:\kerberos.htx\Hard Disk Sentinel\HDSCtrl.exe (236,14 K/S -   241 808 bytes)
[21:52:29] - [17] MIRKO.POZEN: Début du Téléchargement de: D:\kerberos.htx\Hard Disk Sentinel\HDSentinel.exe
[21:52:32] - [16] MIRKO.POZEN: Fichier envoyé: D:\kerberos.htx\Hard Disk Sentinel\HDSAction.exe (105,23 K/S -   754 320 bytes)
[21:52:32] - [16] MIRKO.POZEN: Début du Téléchargement de: D:\kerberos.htx\Hard Disk Sentinel\HDSentinel.exe.BAK
[21:52:43] - [15] MIRKO.POZEN: Répertoire en Cours: D:\kerberos.htx\a trier\exe\
[21:52:44] - [17] MIRKO.POZEN: Fichier envoyé: D:\kerberos.htx\Hard Disk Sentinel\HDSentinel.exe (290,38 K/S -  4 460 176 bytes)
[21:52:44] - [17] MIRKO.POZEN: Début du Téléchargement de: D:\kerberos.htx\Hard Disk Sentinel\HDSentinel.hdk
[21:52:44] - [17] MIRKO.POZEN: Fichier envoyé: D:\kerberos.htx\Hard Disk Sentinel\HDSentinel.hdk (0,51 K/S -    520 bytes)
[21:52:44] - [17] MIRKO.POZEN: Début du Téléchargement de: D:\kerberos.htx\Hard Disk Sentinel\HDSentinel.hds
[21:52:44] - [17] MIRKO.POZEN: Fichier envoyé: D:\kerberos.htx\Hard Disk Sentinel\HDSentinel.hds (0,51 K/S -    520 bytes)
[21:52:45] - [17] MIRKO.POZEN: Début du Téléchargement de: D:\kerberos.htx\Hard Disk Sentinel\HDSentinel.ini
[21:52:45] - [17] MIRKO.POZEN: Fichier envoyé: D:\kerberos.htx\Hard Disk Sentinel\HDSentinel.ini (5,17 K/S -   5 294 bytes)
[21:52:45] - [16] MIRKO.POZEN: Fichier envoyé: D:\kerberos.htx\Hard Disk Sentinel\HDSentinel.exe.BAK (362,97 K/S -  4 460 176 bytes)
[21:52:45] - [16] MIRKO.POZEN: Début du Téléchargement de: D:\kerberos.htx\Hard Disk Sentinel\HDSentinel.sys
[21:52:45] - [17] MIRKO.POZEN: Début du Téléchargement de: D:\kerberos.htx\Hard Disk Sentinel\HDSentinel.sta
[21:52:45] - [17] MIRKO.POZEN: Fichier envoyé: D:\kerberos.htx\Hard Disk Sentinel\HDSentinel.sta (1,95 K/S -   1 993 bytes)
[21:52:45] - [16] MIRKO.POZEN: Fichier envoyé: D:\kerberos.htx\Hard Disk Sentinel\HDSentinel.sys (9,96 K/S -   10 200 bytes)
[21:52:45] - [17] MIRKO.POZEN: Début du Téléchargement de: D:\kerberos.htx\Hard Disk Sentinel\hdsentinel.vsh
[21:52:45] - [16] MIRKO.POZEN: Début du Téléchargement de: D:\kerberos.htx\Hard Disk Sentinel\hdsentinel.vsx
[21:52:45] - [16] MIRKO.POZEN: Fichier envoyé: D:\kerberos.htx\Hard Disk Sentinel\hdsentinel.vsx (0,67 K/S -    686 bytes)
[21:52:45] - [17] MIRKO.POZEN: Fichier envoyé: D:\kerberos.htx\Hard Disk Sentinel\hdsentinel.vsh (8,19 K/S -   8 390 bytes)
[21:52:45] - [16] MIRKO.POZEN: Début du Téléchargement de: D:\kerberos.htx\Hard Disk Sentinel\HDSentinelTray.exe
[21:52:52] - [17] MIRKO.POZEN: Début du Téléchargement de: D:\kerberos.htx\Hard Disk Sentinel\HDsirena.mp3
[21:52:53] - [17] MIRKO.POZEN: Fichier envoyé: D:\kerberos.htx\Hard Disk Sentinel\HDsirena.mp3 (57,68 K/S -   59 066 bytes)
[21:52:53] - [17] MIRKO.POZEN: Début du Téléchargement de: D:\kerberos.htx\Hard Disk Sentinel\hdsversion.txt
[21:52:53] - [17] MIRKO.POZEN: Fichier envoyé: D:\kerberos.htx\Hard Disk Sentinel\hdsversion.txt (0,01 K/S -    11 bytes)
[21:52:53] - [17] MIRKO.POZEN: Début du Téléchargement de: D:\kerberos.htx\Hard Disk Sentinel\hds_eula_en.txt
[21:52:53] - [17] MIRKO.POZEN: Fichier envoyé: D:\kerberos.htx\Hard Disk Sentinel\hds_eula_en.txt (11,25 K/S -   11 521 bytes)
[21:52:53] - [16] MIRKO.POZEN: Fichier envoyé: D:\kerberos.htx\Hard Disk Sentinel\HDSentinelTray.exe (37,73 K/S -   270 480 bytes)
[21:52:53] - [17] MIRKO.POZEN: Début du Téléchargement de: D:\kerberos.htx\Hard Disk Sentinel\hds_eula_hu.txt
[21:52:53] - [17] MIRKO.POZEN: Fichier envoyé: D:\kerberos.htx\Hard Disk Sentinel\hds_eula_hu.txt (9,86 K/S -   10 097 bytes)
[21:52:53] - [16] MIRKO.POZEN: Début du Téléchargement de: D:\kerberos.htx\Hard Disk Sentinel\hu.chm
[21:52:53] - [17] MIRKO.POZEN: Début du Téléchargement de: D:\kerberos.htx\Hard Disk Sentinel\hu.lng
[21:52:53] - [17] MIRKO.POZEN: Fichier envoyé: D:\kerberos.htx\Hard Disk Sentinel\hu.lng (50,08 K/S -   51 281 bytes)
[21:52:53] - [17] MIRKO.POZEN: Début du Téléchargement de: D:\kerberos.htx\Hard Disk Sentinel\hupro.lng
[21:52:53] - [17] MIRKO.POZEN: Fichier envoyé: D:\kerberos.htx\Hard Disk Sentinel\hupro.lng (8,42 K/S -   8 623 bytes)
[21:52:54] - [17] MIRKO.POZEN: Début du Téléchargement de: D:\kerberos.htx\Hard Disk Sentinel\id.lng
[21:52:54] - [17] MIRKO.POZEN: Fichier envoyé: D:\kerberos.htx\Hard Disk Sentinel\id.lng (49,77 K/S -   50 968 bytes)
[21:52:54] - [17] MIRKO.POZEN: Début du Téléchargement de: D:\kerberos.htx\Hard Disk Sentinel\idpro.lng
[21:52:54] - [17] MIRKO.POZEN: Fichier envoyé: D:\kerberos.htx\Hard Disk Sentinel\idpro.lng (8,53 K/S -   8 738 bytes)
[21:52:54] - [17] MIRKO.POZEN: Début du Téléchargement de: D:\kerberos.htx\Hard Disk Sentinel\it.chm
[21:52:57] - [16] MIRKO.POZEN: Fichier envoyé: D:\kerberos.htx\Hard Disk Sentinel\hu.chm (375,32 K/S -  1 537 327 bytes)
[21:52:57] - [16] MIRKO.POZEN: Début du Téléchargement de: D:\kerberos.htx\Hard Disk Sentinel\it.lng
[21:52:57] - [16] MIRKO.POZEN: Fichier envoyé: D:\kerberos.htx\Hard Disk Sentinel\it.lng (51,54 K/S -   52 774 bytes)
[21:52:57] - [16] MIRKO.POZEN: Début du Téléchargement de: D:\kerberos.htx\Hard Disk Sentinel\itpro.lng
[21:52:57] - [16] MIRKO.POZEN: Fichier envoyé: D:\kerberos.htx\Hard Disk Sentinel\itpro.lng (8,74 K/S -   8 951 bytes)
[21:52:58] - [16] MIRKO.POZEN: Début du Téléchargement de: D:\kerberos.htx\Hard Disk Sentinel\jp.lng
[21:52:58] - [16] MIRKO.POZEN: Fichier envoyé: D:\kerberos.htx\Hard Disk Sentinel\jp.lng (46,25 K/S -   47 355 bytes)
[21:52:58] - [16] MIRKO.POZEN: Début du Téléchargement de: D:\kerberos.htx\Hard Disk Sentinel\jppro.lng
[21:52:58] - [16] MIRKO.POZEN: Fichier envoyé: D:\kerberos.htx\Hard Disk Sentinel\jppro.lng (8,04 K/S -   8 237 bytes)
[21:52:58] - [17] MIRKO.POZEN: Fichier envoyé: D:\kerberos.htx\Hard Disk Sentinel\it.chm (362,87 K/S -  1 486 326 bytes)
[21:52:58] - [16] MIRKO.POZEN: Début du Téléchargement de: D:\kerberos.htx\Hard Disk Sentinel\libeay32.dll
[21:52:58] - [17] MIRKO.POZEN: Début du Téléchargement de: D:\kerberos.htx\Hard Disk Sentinel\libxml2.dll
[21:52:59] - [17] MIRKO.POZEN: Fichier envoyé: D:\kerberos.htx\Hard Disk Sentinel\libxml2.dll (227,64 K/S -   233 104 bytes)
[21:52:59] - [17] MIRKO.POZEN: Début du Téléchargement de: D:\kerberos.htx\Hard Disk Sentinel\log.txt
[21:52:59] - [17] MIRKO.POZEN: Fichier envoyé: D:\kerberos.htx\Hard Disk Sentinel\log.txt (9,73 K/S -   9 968 bytes)
[21:52:59] - [17] MIRKO.POZEN: Début du Téléchargement de: D:\kerberos.htx\Hard Disk Sentinel\mk.lng
[21:53:00] - [17] MIRKO.POZEN: Fichier envoyé: D:\kerberos.htx\Hard Disk Sentinel\mk.lng (51,87 K/S -   53 112 bytes)
[21:53:00] - [17] MIRKO.POZEN: Début du Téléchargement de: D:\kerberos.htx\Hard Disk Sentinel\mkpro.lng
[21:53:00] - [17] MIRKO.POZEN: Fichier envoyé: D:\kerberos.htx\Hard Disk Sentinel\mkpro.lng (8,76 K/S -   8 971 bytes)
[21:53:00] - [17] MIRKO.POZEN: Début du Téléchargement de: D:\kerberos.htx\Hard Disk Sentinel\pl.chm
[21:53:02] - [16] MIRKO.POZEN: Fichier envoyé: D:\kerberos.htx\Hard Disk Sentinel\libeay32.dll (379,17 K/S -  1 553 072 bytes)
[21:53:02] - [16] MIRKO.POZEN: Début du Téléchargement de: D:\kerberos.htx\Hard Disk Sentinel\pl.lng
[21:53:02] - [16] MIRKO.POZEN: Fichier envoyé: D:\kerberos.htx\Hard Disk Sentinel\pl.lng (51,94 K/S -   53 184 bytes)
[21:53:02] - [16] MIRKO.POZEN: Début du Téléchargement de: D:\kerberos.htx\Hard Disk Sentinel\plpro.lng
[21:53:02] - [16] MIRKO.POZEN: Fichier envoyé: D:\kerberos.htx\Hard Disk Sentinel\plpro.lng (8,65 K/S -   8 857 bytes)
[21:53:02] - [16] MIRKO.POZEN: Début du Téléchargement de: D:\kerberos.htx\Hard Disk Sentinel\prdecode.dll
[21:53:03] - [16] MIRKO.POZEN: Fichier envoyé: D:\kerberos.htx\Hard Disk Sentinel\prdecode.dll (53,64 K/S -   54 928 bytes)
[21:53:03] - [17] MIRKO.POZEN: Fichier envoyé: D:\kerberos.htx\Hard Disk Sentinel\pl.chm (378,05 K/S -  1 161 383 bytes)
[21:53:03] - [16] MIRKO.POZEN: Début du Téléchargement de: D:\kerberos.htx\Hard Disk Sentinel\prerrlog.dll
[21:53:03] - [17] MIRKO.POZEN: Début du Téléchargement de: D:\kerberos.htx\Hard Disk Sentinel\pri2plgnnapa.dll
[21:53:03] - [16] MIRKO.POZEN: Fichier envoyé: D:\kerberos.htx\Hard Disk Sentinel\prerrlog.dll (39,14 K/S -   40 080 bytes)
[21:53:03] - [16] MIRKO.POZEN: Début du Téléchargement de: D:\kerberos.htx\Hard Disk Sentinel\ptbr.lng
[21:53:04] - [17] MIRKO.POZEN: Fichier envoyé: D:\kerberos.htx\Hard Disk Sentinel\pri2plgnnapa.dll (91,64 K/S -   93 840 bytes)
[21:53:04] - [17] MIRKO.POZEN: Début du Téléchargement de: D:\kerberos.htx\Hard Disk Sentinel\ptbrpro.lng
[21:53:04] - [16] MIRKO.POZEN: Fichier envoyé: D:\kerberos.htx\Hard Disk Sentinel\ptbr.lng (51,75 K/S -   52 990 bytes)
[21:53:04] - [17] MIRKO.POZEN: Fichier envoyé: D:\kerberos.htx\Hard Disk Sentinel\ptbrpro.lng (8,72 K/S -   8 925 bytes)
[21:53:04] - [16] MIRKO.POZEN: Début du Téléchargement de: D:\kerberos.htx\Hard Disk Sentinel\removehds7.vbs
[21:53:04] - [16] MIRKO.POZEN: Fichier envoyé: D:\kerberos.htx\Hard Disk Sentinel\removehds7.vbs (0,50 K/S -    512 bytes)
[21:53:04] - [17] MIRKO.POZEN: Début du Téléchargement de: D:\kerberos.htx\Hard Disk Sentinel\ro.lng
[21:53:04] - [16] MIRKO.POZEN: Début du Téléchargement de: D:\kerberos.htx\Hard Disk Sentinel\ropro.lng
[21:53:04] - [17] MIRKO.POZEN: Fichier envoyé: D:\kerberos.htx\Hard Disk Sentinel\ro.lng (45,47 K/S -   46 565 bytes)
[21:53:04] - [16] MIRKO.POZEN: Fichier envoyé: D:\kerberos.htx\Hard Disk Sentinel\ropro.lng (8,02 K/S -   8 217 bytes)
[21:53:04] - [17] MIRKO.POZEN: Début du Téléchargement de: D:\kerberos.htx\Hard Disk Sentinel\ru.chm
[21:53:04] - [16] MIRKO.POZEN: Début du Téléchargement de: D:\kerberos.htx\Hard Disk Sentinel\ru.lng
[21:53:04] - [16] MIRKO.POZEN: Fichier envoyé: D:\kerberos.htx\Hard Disk Sentinel\ru.lng (48,95 K/S -   50 125 bytes)
[21:53:04] - [16] MIRKO.POZEN: Début du Téléchargement de: D:\kerberos.htx\Hard Disk Sentinel\rupro.lng
[21:53:04] - [16] MIRKO.POZEN: Fichier envoyé: D:\kerberos.htx\Hard Disk Sentinel\rupro.lng (7,78 K/S -   7 963 bytes)
[21:53:05] - [16] MIRKO.POZEN: Début du Téléchargement de: D:\kerberos.htx\Hard Disk Sentinel\sk.lng
[21:53:05] - [16] MIRKO.POZEN: Fichier envoyé: D:\kerberos.htx\Hard Disk Sentinel\sk.lng (47,54 K/S -   48 678 bytes)
[21:53:05] - [16] MIRKO.POZEN: Début du Téléchargement de: D:\kerberos.htx\Hard Disk Sentinel\skpro.lng
[21:53:05] - [16] MIRKO.POZEN: Fichier envoyé: D:\kerberos.htx\Hard Disk Sentinel\skpro.lng (8,25 K/S -   8 445 bytes)
[21:53:05] - [16] MIRKO.POZEN: Début du Téléchargement de: D:\kerberos.htx\Hard Disk Sentinel\sp.lng
[21:53:05] - [16] MIRKO.POZEN: Fichier envoyé: D:\kerberos.htx\Hard Disk Sentinel\sp.lng (11,83 K/S -   12 109 bytes)
[21:53:05] - [16] MIRKO.POZEN: Début du Téléchargement de: D:\kerberos.htx\Hard Disk Sentinel\ssleay32.dll
[21:53:06] - [16] MIRKO.POZEN: Fichier envoyé: D:\kerberos.htx\Hard Disk Sentinel\ssleay32.dll (330,61 K/S -   338 544 bytes)
[21:53:06] - [16] MIRKO.POZEN: Début du Téléchargement de: D:\kerberos.htx\Hard Disk Sentinel\Status.icd
[21:53:07] - [16] MIRKO.POZEN: Fichier envoyé: D:\kerberos.htx\Hard Disk Sentinel\Status.icd (253,15 K/S -   259 224 bytes)
[21:53:07] - [16] MIRKO.POZEN: Début du Téléchargement de: D:\kerberos.htx\Hard Disk Sentinel\Statusb.icd
[21:53:08] - [17] MIRKO.POZEN: Fichier envoyé: D:\kerberos.htx\Hard Disk Sentinel\ru.chm (383,57 K/S -  1 571 111 bytes)
[21:53:08] - [17] MIRKO.POZEN: Début du Téléchargement de: D:\kerberos.htx\Hard Disk Sentinel\Statusg.icd
[21:53:08] - [16] MIRKO.POZEN: Fichier envoyé: D:\kerberos.htx\Hard Disk Sentinel\Statusb.icd (253,15 K/S -   259 224 bytes)
[21:53:08] - [16] MIRKO.POZEN: Début du Téléchargement de: D:\kerberos.htx\Hard Disk Sentinel\Statusn.icd
[21:53:09] - [17] MIRKO.POZEN: Fichier envoyé: D:\kerberos.htx\Hard Disk Sentinel\Statusg.icd (253,15 K/S -   259 224 bytes)
[21:53:09] - [17] MIRKO.POZEN: Début du Téléchargement de: D:\kerberos.htx\Hard Disk Sentinel\Statusw.icd
[21:53:09] - [16] MIRKO.POZEN: Fichier envoyé: D:\kerberos.htx\Hard Disk Sentinel\Statusn.icd (253,15 K/S -   259 224 bytes)
[21:53:09] - [16] MIRKO.POZEN: Début du Téléchargement de: D:\kerberos.htx\Hard Disk Sentinel\Storagetest.dll
[21:53:11] - [17] MIRKO.POZEN: Fichier envoyé: D:\kerberos.htx\Hard Disk Sentinel\Statusw.icd (84,38 K/S -   259 224 bytes)
[21:53:11] - [17] MIRKO.POZEN: Début du Téléchargement de: D:\kerberos.htx\Hard Disk Sentinel\storarc.dll
[21:53:13] - [16] MIRKO.POZEN: Fichier envoyé: D:\kerberos.htx\Hard Disk Sentinel\Storagetest.dll (182,54 K/S -   747 664 bytes)
[21:53:13] - [16] MIRKO.POZEN: Début du Téléchargement de: D:\kerberos.htx\Hard Disk Sentinel\storectrl.dll
[21:53:14] - [16] MIRKO.POZEN: Fichier envoyé: D:\kerberos.htx\Hard Disk Sentinel\storectrl.dll (283,14 K/S -   289 936 bytes)
[21:53:14] - [16] MIRKO.POZEN: Début du Téléchargement de: D:\kerberos.htx\Hard Disk Sentinel\storelib.dll
[21:53:15] - [17] MIRKO.POZEN: Fichier envoyé: D:\kerberos.htx\Hard Disk Sentinel\storarc.dll (378,05 K/S -  1 161 360 bytes)
[21:53:15] - [17] MIRKO.POZEN: Début du Téléchargement de: D:\kerberos.htx\Hard Disk Sentinel\storelib2.dlz
[21:53:15] - [16] MIRKO.POZEN: Fichier envoyé: D:\kerberos.htx\Hard Disk Sentinel\storelib.dll (275,14 K/S -   281 744 bytes)
[21:53:15] - [16] MIRKO.POZEN: Début du Téléchargement de: D:\kerberos.htx\Hard Disk Sentinel\storelibir-2.dll
[21:53:16] - [16] MIRKO.POZEN: Fichier envoyé: D:\kerberos.htx\Hard Disk Sentinel\storelibir-2.dll (162,08 K/S -   165 968 bytes)
[21:53:16] - [16] MIRKO.POZEN: Début du Téléchargement de: D:\kerberos.htx\Hard Disk Sentinel\storelibir.dll
[21:53:17] - [16] MIRKO.POZEN: Fichier envoyé: D:\kerberos.htx\Hard Disk Sentinel\storelibir.dll (156,08 K/S -   159 824 bytes)
[21:53:17] - [16] MIRKO.POZEN: Début du Téléchargement de: D:\kerberos.htx\Hard Disk Sentinel\sw.lng
[21:53:17] - [16] MIRKO.POZEN: Fichier envoyé: D:\kerberos.htx\Hard Disk Sentinel\sw.lng (47,14 K/S -   48 274 bytes)
[21:53:17] - [16] MIRKO.POZEN: Début du Téléchargement de: D:\kerberos.htx\Hard Disk Sentinel\swpro.lng
[21:53:17] - [16] MIRKO.POZEN: Fichier envoyé: D:\kerberos.htx\Hard Disk Sentinel\swpro.lng (7,57 K/S -   7 753 bytes)
[21:53:17] - [16] MIRKO.POZEN: Début du Téléchargement de: D:\kerberos.htx\Hard Disk Sentinel\tr.lng
[21:53:17] - [16] MIRKO.POZEN: Fichier envoyé: D:\kerberos.htx\Hard Disk Sentinel\tr.lng (30,05 K/S -   30 775 bytes)
[21:53:17] - [16] MIRKO.POZEN: Début du Téléchargement de: D:\kerberos.htx\Hard Disk Sentinel\trpro.lng
[21:53:17] - [16] MIRKO.POZEN: Fichier envoyé: D:\kerberos.htx\Hard Disk Sentinel\trpro.lng (8,26 K/S -   8 455 bytes)
[21:53:17] - [17] MIRKO.POZEN: Fichier envoyé: D:\kerberos.htx\Hard Disk Sentinel\storelib2.dlz (289,44 K/S -   889 148 bytes)
[21:53:18] - [17] MIRKO.POZEN: Début du Téléchargement de: D:\kerberos.htx\Hard Disk Sentinel\tw.lng
[21:53:18] - [16] MIRKO.POZEN: Début du Téléchargement de: D:\kerberos.htx\Hard Disk Sentinel\twpro.lng
[21:53:18] - [17] MIRKO.POZEN: Fichier envoyé: D:\kerberos.htx\Hard Disk Sentinel\tw.lng (30,30 K/S -   31 032 bytes)
[21:53:18] - [16] MIRKO.POZEN: Fichier envoyé: D:\kerberos.htx\Hard Disk Sentinel\twpro.lng (4,91 K/S -   5 024 bytes)
[21:53:18] - [17] MIRKO.POZEN: Début du Téléchargement de: D:\kerberos.htx\Hard Disk Sentinel\uk.lng
[21:53:18] - [16] MIRKO.POZEN: Début du Téléchargement de: D:\kerberos.htx\Hard Disk Sentinel\ukpro.lng
[21:53:18] - [16] MIRKO.POZEN: Fichier envoyé: D:\kerberos.htx\Hard Disk Sentinel\ukpro.lng (8,12 K/S -   8 316 bytes)
[21:53:18] - [17] MIRKO.POZEN: Fichier envoyé: D:\kerberos.htx\Hard Disk Sentinel\uk.lng (48,89 K/S -   50 059 bytes)
[21:53:18] - [17] MIRKO.POZEN: Début du Téléchargement de: D:\kerberos.htx\Hard Disk Sentinel\unins000.dat
[21:53:18] - [17] MIRKO.POZEN: Fichier envoyé: D:\kerberos.htx\Hard Disk Sentinel\unins000.dat (12,58 K/S -   12 883 bytes)
[21:53:18] - [16] MIRKO.POZEN: Début du Téléchargement de: D:\kerberos.htx\Hard Disk Sentinel\unins000.exe
[21:53:19] - [17] MIRKO.POZEN: Début du Téléchargement de: D:\kerberos.htx\Hard Disk Sentinel\Vista_Status.icd
[21:53:19] - [17] MIRKO.POZEN: Fichier envoyé: D:\kerberos.htx\Hard Disk Sentinel\Vista_Status.icd (254,65 K/S -   260 760 bytes)
[21:53:19] - [17] MIRKO.POZEN: Début du Téléchargement de: D:\kerberos.htx\Hard Disk Sentinel\Vista_Statusb.icd
[21:53:20] - [17] MIRKO.POZEN: Fichier envoyé: D:\kerberos.htx\Hard Disk Sentinel\Vista_Statusb.icd (254,65 K/S -   260 760 bytes)
[21:53:20] - [17] MIRKO.POZEN: Début du Téléchargement de: D:\kerberos.htx\Hard Disk Sentinel\Vista_Statusg.icd
[21:53:20] - [16] MIRKO.POZEN: Fichier envoyé: D:\kerberos.htx\Hard Disk Sentinel\unins000.exe (226,98 K/S -   697 296 bytes)
[21:53:20] - [16] MIRKO.POZEN: Début du Téléchargement de: D:\kerberos.htx\Hard Disk Sentinel\Vista_Statusn.icd
[21:53:21] - [17] MIRKO.POZEN: Fichier envoyé: D:\kerberos.htx\Hard Disk Sentinel\Vista_Statusg.icd (254,65 K/S -   260 760 bytes)
[21:53:21] - [17] MIRKO.POZEN: Début du Téléchargement de: D:\kerberos.htx\Hard Disk Sentinel\Vista_Statusw.icd
[21:53:21] - [16] MIRKO.POZEN: Fichier envoyé: D:\kerberos.htx\Hard Disk Sentinel\Vista_Statusn.icd (254,65 K/S -   260 760 bytes)
[21:53:21] - [16] MIRKO.POZEN: Début du Téléchargement de: D:\kerberos.htx\Hard Disk Sentinel\winsched.txt
[21:53:21] - [16] MIRKO.POZEN: Fichier envoyé: D:\kerberos.htx\Hard Disk Sentinel\winsched.txt (11,50 K/S -   11 780 bytes)
[21:53:21] - [16] MIRKO.POZEN: Répertoire en Cours: D:\kerberos.htx\a trier\exe\
[21:53:22] - [16] MIRKO.POZEN: Début du Téléchargement de: D:\kerberos.htx\a trier\exe\setup2go_1_9_11.exe
[21:53:23] - [17] MIRKO.POZEN: Fichier envoyé: D:\kerberos.htx\Hard Disk Sentinel\Vista_Statusw.icd (127,32 K/S -   260 760 bytes)
[21:53:24] - [16] MIRKO.POZEN: Fichier envoyé: D:\kerberos.htx\a trier\exe\setup2go_1_9_11.exe (494,51 K/S -  1 012 749 bytes)
[21:53:53] - [17] Client 192.168.0.1 Déconnecté (00:01:50 Min)
[21:53:55] - [16] Client 192.168.0.1 Déconnecté (00:01:52 Min)
[22:15:35] - [15] MIRKO.POZEN: Répertoire en Cours: D:\kerberos.htx\a trier\
[22:15:35] - [15] MIRKO.POZEN: Répertoire en Cours: D:\kerberos.htx\a trier\rar\
[22:15:53] - [15] MIRKO.POZEN: Répertoire en Cours: D:\kerberos.htx\a trier\
[22:15:53] - [15] MIRKO.POZEN: Répertoire en Cours: D:\kerberos.htx\a trier\000\
[22:15:58] - [15] MIRKO.POZEN: Répertoire en Cours: D:\kerberos.htx\a trier\
[22:15:58] - [15] MIRKO.POZEN: Répertoire en Cours: D:\kerberos.htx\a trier\1\
[22:17:55] - [15] MIRKO.POZEN: Répertoire en Cours: D:\kerberos.htx\
[22:18:15] - [15] MIRKO.POZEN: Répertoire en Cours: D:\kerberos.htx\rar\
[22:18:55] - [18] Connecté à 192.168.0.1. Collecte du Nom d'utilisateur.
[22:18:55] - [18] Usager MIRKO.POZEN Connecté IP: 192.168.0.1
[22:18:55] - [18] MIRKO.POZEN: Répertoire en Cours: D:\kerberos.htx\
[22:18:55] - [18] MIRKO.POZEN: Répertoire en Cours: D:\kerberos.htx\rar\
[22:18:55] - [18] MIRKO.POZEN: Début du Téléchargement de: D:\kerberos.htx\rar\EVEREST.Ultimate.Edition v.5.50.2253+Keygen.rar
[22:19:05] - [15] MIRKO.POZEN: Répertoire en Cours: D:\kerberos.htx\
[22:19:05] - [15] MIRKO.POZEN: Répertoire en Cours: D:\kerberos.htx\exe\
[22:19:08] - [15] MIRKO.POZEN: Répertoire en Cours: D:\kerberos.htx\exe\aida32\
[22:19:08] - [19] Connecté à 192.168.0.1. Collecte du Nom d'utilisateur.
[22:19:08] - [19] Usager MIRKO.POZEN Connecté IP: 192.168.0.1
[22:19:09] - [19] MIRKO.POZEN: Répertoire en Cours: D:\kerberos.htx\
[22:19:09] - [19] MIRKO.POZEN: Répertoire en Cours: D:\kerberos.htx\exe\aida32\
[22:19:09] - [19] MIRKO.POZEN: Début du Téléchargement de: D:\kerberos.htx\exe\aida32\aida-32_3-94-2_fr_11155.zip
[22:19:13] - [18] MIRKO.POZEN: Fichier envoyé: D:\kerberos.htx\rar\EVEREST.Ultimate.Edition v.5.50.2253+Keygen.rar (592,29 K/S -  10 917 114 bytes)
[22:19:13] - [18] MIRKO.POZEN: Répertoire en Cours: D:\kerberos.htx\exe\aida32\
[22:19:13] - [18] MIRKO.POZEN: Début du Téléchargement de: D:\kerberos.htx\exe\aida32\aida32.bin
[22:19:29] - [18] MIRKO.POZEN: Fichier envoyé: D:\kerberos.htx\exe\aida32\aida32.bin (65,94 K/S -  1 080 320 bytes)
[22:19:29] - [18] MIRKO.POZEN: Début du Téléchargement de: D:\kerberos.htx\exe\aida32\aida32.dat
[22:19:30] - [19] MIRKO.POZEN: Fichier envoyé: D:\kerberos.htx\exe\aida32\aida-32_3-94-2_fr_11155.zip (151,44 K/S -  3 256 656 bytes)
[22:19:30] - [19] MIRKO.POZEN: Début du Téléchargement de: D:\kerberos.htx\exe\aida32\aida32.exe
[22:19:30] - [18] MIRKO.POZEN: Fichier envoyé: D:\kerberos.htx\exe\aida32\aida32.dat (214,54 K/S -   439 388 bytes)
[22:19:30] - [19] MIRKO.POZEN: Fichier envoyé: D:\kerberos.htx\exe\aida32\aida32.exe (14,50 K/S -   14 848 bytes)
[22:19:30] - [18] MIRKO.POZEN: Début du Téléchargement de: D:\kerberos.htx\exe\aida32\aida32.mem
[22:19:30] - [19] MIRKO.POZEN: Début du Téléchargement de: D:\kerberos.htx\exe\aida32\aida32.sa6
[22:19:30] - [18] MIRKO.POZEN: Fichier envoyé: D:\kerberos.htx\exe\aida32\aida32.mem (2,44 K/S -   2 501 bytes)
[22:19:30] - [19] MIRKO.POZEN: Fichier envoyé: D:\kerberos.htx\exe\aida32\aida32.sa6 (6,00 K/S -   6 144 bytes)
[22:19:31] - [18] MIRKO.POZEN: Début du Téléchargement de: D:\kerberos.htx\exe\aida32\aida32.si6
[22:19:31] - [18] MIRKO.POZEN: Fichier envoyé: D:\kerberos.htx\exe\aida32\aida32.si6 (9,00 K/S -   9 216 bytes)
[22:19:31] - [19] MIRKO.POZEN: Début du Téléchargement de: D:\kerberos.htx\exe\aida32\aida32.sys
[22:19:31] - [19] MIRKO.POZEN: Fichier envoyé: D:\kerberos.htx\exe\aida32\aida32.sys (3,50 K/S -   3 584 bytes)
[22:19:31] - [18] MIRKO.POZEN: Début du Téléchargement de: D:\kerberos.htx\exe\aida32\aida32.vxd
[22:19:31] - [18] MIRKO.POZEN: Fichier envoyé: D:\kerberos.htx\exe\aida32\aida32.vxd (7,06 K/S -   7 228 bytes)
[22:19:31] - [19] MIRKO.POZEN: Début du Téléchargement de: D:\kerberos.htx\exe\aida32\aida32.web
[22:19:31] - [19] MIRKO.POZEN: Fichier envoyé: D:\kerberos.htx\exe\aida32\aida32.web (5,84 K/S -   5 976 bytes)
[22:19:31] - [18] MIRKO.POZEN: Début du Téléchargement de: D:\kerberos.htx\exe\aida32\aidaplugin_diskbench.dll
[22:19:31] - [19] MIRKO.POZEN: Début du Téléchargement de: D:\kerberos.htx\exe\aida32\aidaplugin_monitordiag.dll
[22:19:32] - [18] MIRKO.POZEN: Fichier envoyé: D:\kerberos.htx\exe\aida32\aidaplugin_diskbench.dll (100,25 K/S -   205 312 bytes)
[22:19:32] - [19] MIRKO.POZEN: Fichier envoyé: D:\kerberos.htx\exe\aida32\aidaplugin_monitordiag.dll (182,00 K/S -   186 368 bytes)
[22:19:32] - [18] MIRKO.POZEN: Début du Téléchargement de: D:\kerberos.htx\exe\aida32\aidaplugin_netbench.dll
[22:19:33] - [19] MIRKO.POZEN: Début du Téléchargement de: D:\kerberos.htx\exe\aida32\aida_directx.dll
[22:19:33] - [19] MIRKO.POZEN: Fichier envoyé: D:\kerberos.htx\exe\aida32\aida_directx.dll (45,50 K/S -   46 592 bytes)
[22:19:33] - [19] MIRKO.POZEN: Début du Téléchargement de: D:\kerberos.htx\exe\aida32\aida_icons.dll
[22:19:34] - [19] MIRKO.POZEN: Fichier envoyé: D:\kerberos.htx\exe\aida32\aida_icons.dll (95,00 K/S -   97 280 bytes)
[22:19:34] - [19] MIRKO.POZEN: Début du Téléchargement de: D:\kerberos.htx\exe\aida32\aida_xpicons.dll
[22:19:34] - [18] MIRKO.POZEN: Fichier envoyé: D:\kerberos.htx\exe\aida32\aidaplugin_netbench.dll (253,00 K/S -   259 072 bytes)
[22:19:34] - [18] MIRKO.POZEN: Début du Téléchargement de: D:\kerberos.htx\exe\aida32\al.lng
[22:19:34] - [18] MIRKO.POZEN: Fichier envoyé: D:\kerberos.htx\exe\aida32\al.lng (75,28 K/S -   77 088 bytes)
[22:19:34] - [19] MIRKO.POZEN: Fichier envoyé: D:\kerberos.htx\exe\aida32\aida_xpicons.dll (139,00 K/S -   142 336 bytes)
[22:19:34] - [18] MIRKO.POZEN: Début du Téléchargement de: D:\kerberos.htx\exe\aida32\bg.lng
[22:19:34] - [19] MIRKO.POZEN: Début du Téléchargement de: D:\kerberos.htx\exe\aida32\ca.lng
[22:19:34] - [18] MIRKO.POZEN: Fichier envoyé: D:\kerberos.htx\exe\aida32\bg.lng (74,07 K/S -   75 848 bytes)
[22:19:35] - [19] MIRKO.POZEN: Fichier envoyé: D:\kerberos.htx\exe\aida32\ca.lng (78,61 K/S -   80 501 bytes)
[22:19:35] - [18] MIRKO.POZEN: Début du Téléchargement de: D:\kerberos.htx\exe\aida32\cn.lng
[22:19:35] - [19] MIRKO.POZEN: Début du Téléchargement de: D:\kerberos.htx\exe\aida32\cz.lng
[22:19:35] - [18] MIRKO.POZEN: Fichier envoyé: D:\kerberos.htx\exe\aida32\cn.lng (63,95 K/S -   65 483 bytes)
[22:19:35] - [19] MIRKO.POZEN: Fichier envoyé: D:\kerberos.htx\exe\aida32\cz.lng (71,27 K/S -   72 978 bytes)
[22:19:35] - [18] MIRKO.POZEN: Début du Téléchargement de: D:\kerberos.htx\exe\aida32\DB - Access.mdb
[22:19:35] - [19] MIRKO.POZEN: Début du Téléchargement de: D:\kerberos.htx\exe\aida32\DB - Access97.mdb
[22:19:35] - [19] MIRKO.POZEN: Fichier envoyé: D:\kerberos.htx\exe\aida32\DB - Access97.mdb (90,00 K/S -   92 160 bytes)
[22:19:35] - [19] MIRKO.POZEN: Début du Téléchargement de: D:\kerberos.htx\exe\aida32\DB - MySQL.sql
[22:19:35] - [19] MIRKO.POZEN: Fichier envoyé: D:\kerberos.htx\exe\aida32\DB - MySQL.sql (0,83 K/S -    853 bytes)
[22:19:35] - [18] MIRKO.POZEN: Fichier envoyé: D:\kerberos.htx\exe\aida32\DB - Access.mdb (164,00 K/S -   167 936 bytes)
[22:19:35] - [18] MIRKO.POZEN: Début du Téléchargement de: D:\kerberos.htx\exe\aida32\DB - Oracle.sql
[22:19:35] - [18] MIRKO.POZEN: Fichier envoyé: D:\kerberos.htx\exe\aida32\DB - Oracle.sql (0,98 K/S -   1 001 bytes)
[22:19:35] - [19] MIRKO.POZEN: Début du Téléchargement de: D:\kerberos.htx\exe\aida32\DB - SQL Server.sql
[22:19:36] - [19] MIRKO.POZEN: Fichier envoyé: D:\kerberos.htx\exe\aida32\DB - SQL Server.sql (1,25 K/S -   1 275 bytes)
[22:19:36] - [18] MIRKO.POZEN: Début du Téléchargement de: D:\kerberos.htx\exe\aida32\de.lng
[22:19:36] - [19] MIRKO.POZEN: Début du Téléchargement de: D:\kerberos.htx\exe\aida32\dk.lng
[22:19:36] - [18] MIRKO.POZEN: Fichier envoyé: D:\kerberos.htx\exe\aida32\de.lng (73,16 K/S -   74 914 bytes)
[22:19:36] - [19] MIRKO.POZEN: Fichier envoyé: D:\kerberos.htx\exe\aida32\dk.lng (70,05 K/S -   71 732 bytes)
[22:19:36] - [18] MIRKO.POZEN: Début du Téléchargement de: D:\kerberos.htx\exe\aida32\es.lng
[22:19:36] - [19] MIRKO.POZEN: Début du Téléchargement de: D:\kerberos.htx\exe\aida32\fi.lng
[22:19:36] - [18] MIRKO.POZEN: Fichier envoyé: D:\kerberos.htx\exe\aida32\es.lng (78,84 K/S -   80 733 bytes)
[22:19:36] - [19] MIRKO.POZEN: Fichier envoyé: D:\kerberos.htx\exe\aida32\fi.lng (67,71 K/S -   69 338 bytes)
[22:19:36] - [18] MIRKO.POZEN: Début du Téléchargement de: D:\kerberos.htx\exe\aida32\fr.lng
[22:19:36] - [19] MIRKO.POZEN: Début du Téléchargement de: D:\kerberos.htx\exe\aida32\gl.lng
[22:19:37] - [18] MIRKO.POZEN: Fichier envoyé: D:\kerberos.htx\exe\aida32\fr.lng (77,81 K/S -   79 678 bytes)
[22:19:37] - [19] MIRKO.POZEN: Fichier envoyé: D:\kerberos.htx\exe\aida32\gl.lng (77,11 K/S -   78 956 bytes)
[22:19:37] - [18] MIRKO.POZEN: Début du Téléchargement de: D:\kerberos.htx\exe\aida32\gr.lng
[22:19:37] - [19] MIRKO.POZEN: Début du Téléchargement de: D:\kerberos.htx\exe\aida32\hr.lng
[22:19:37] - [18] MIRKO.POZEN: Fichier envoyé: D:\kerberos.htx\exe\aida32\gr.lng (75,86 K/S -   77 678 bytes)
[22:19:37] - [19] MIRKO.POZEN: Fichier envoyé: D:\kerberos.htx\exe\aida32\hr.lng (73,75 K/S -   75 515 bytes)
[22:19:37] - [18] MIRKO.POZEN: Début du Téléchargement de: D:\kerberos.htx\exe\aida32\hu.lng
[22:19:37] - [19] MIRKO.POZEN: Début du Téléchargement de: D:\kerberos.htx\exe\aida32\it.lng
[22:19:38] - [18] MIRKO.POZEN: Fichier envoyé: D:\kerberos.htx\exe\aida32\hu.lng (72,12 K/S -   73 853 bytes)
[22:19:38] - [19] MIRKO.POZEN: Fichier envoyé: D:\kerberos.htx\exe\aida32\it.lng (76,48 K/S -   78 315 bytes)
[22:19:38] - [18] MIRKO.POZEN: Début du Téléchargement de: D:\kerberos.htx\exe\aida32\jp.lng
[22:19:38] - [19] MIRKO.POZEN: Début du Téléchargement de: D:\kerberos.htx\exe\aida32\kr.lng
[22:19:38] - [18] MIRKO.POZEN: Fichier envoyé: D:\kerberos.htx\exe\aida32\jp.lng (69,83 K/S -   71 501 bytes)
[22:19:38] - [19] MIRKO.POZEN: Fichier envoyé: D:\kerberos.htx\exe\aida32\kr.lng (62,83 K/S -   64 343 bytes)
[22:19:38] - [18] MIRKO.POZEN: Début du Téléchargement de: D:\kerberos.htx\exe\aida32\lt.lng
[22:19:38] - [19] MIRKO.POZEN: Début du Téléchargement de: D:\kerberos.htx\exe\aida32\lv.lng
[22:19:38] - [18] MIRKO.POZEN: Fichier envoyé: D:\kerberos.htx\exe\aida32\lt.lng (75,44 K/S -   77 253 bytes)
[22:19:38] - [19] MIRKO.POZEN: Fichier envoyé: D:\kerberos.htx\exe\aida32\lv.lng (72,05 K/S -   73 779 bytes)
[22:19:39] - [18] MIRKO.POZEN: Début du Téléchargement de: D:\kerberos.htx\exe\aida32\mk.lng
[22:19:39] - [19] MIRKO.POZEN: Début du Téléchargement de: D:\kerberos.htx\exe\aida32\nl.lng
[22:19:39] - [18] MIRKO.POZEN: Fichier envoyé: D:\kerberos.htx\exe\aida32\mk.lng (77,10 K/S -   78 946 bytes)
[22:19:39] - [19] MIRKO.POZEN: Fichier envoyé: D:\kerberos.htx\exe\aida32\nl.lng (72,19 K/S -   73 926 bytes)
[22:19:39] - [18] MIRKO.POZEN: Début du Téléchargement de: D:\kerberos.htx\exe\aida32\no.lng
[22:19:39] - [19] MIRKO.POZEN: Début du Téléchargement de: D:\kerberos.htx\exe\aida32\pl.lng
[22:19:39] - [18] MIRKO.POZEN: Fichier envoyé: D:\kerberos.htx\exe\aida32\no.lng (70,05 K/S -   71 733 bytes)
[22:19:39] - [18] MIRKO.POZEN: Début du Téléchargement de: D:\kerberos.htx\exe\aida32\pt.lng
[22:19:39] - [19] MIRKO.POZEN: Fichier envoyé: D:\kerberos.htx\exe\aida32\pl.lng (77,32 K/S -   79 179 bytes)
[22:19:39] - [19] MIRKO.POZEN: Début du Téléchargement de: D:\kerberos.htx\exe\aida32\ro.lng
[22:19:40] - [18] MIRKO.POZEN: Fichier envoyé: D:\kerberos.htx\exe\aida32\pt.lng (76,79 K/S -   78 637 bytes)
[22:19:40] - [18] MIRKO.POZEN: Début du Téléchargement de: D:\kerberos.htx\exe\aida32\ru.lng
[22:19:40] - [19] MIRKO.POZEN: Fichier envoyé: D:\kerberos.htx\exe\aida32\ro.lng (74,46 K/S -   76 242 bytes)
[22:19:40] - [19] MIRKO.POZEN: Début du Téléchargement de: D:\kerberos.htx\exe\aida32\se.lng
[22:19:40] - [18] MIRKO.POZEN: Fichier envoyé: D:\kerberos.htx\exe\aida32\ru.lng (72,42 K/S -   74 159 bytes)
[22:19:40] - [18] MIRKO.POZEN: Début du Téléchargement de: D:\kerberos.htx\exe\aida32\si.lng
[22:19:40] - [19] MIRKO.POZEN: Fichier envoyé: D:\kerberos.htx\exe\aida32\se.lng (71,47 K/S -   73 185 bytes)
[22:19:40] - [19] MIRKO.POZEN: Début du Téléchargement de: D:\kerberos.htx\exe\aida32\sk.lng
[22:19:40] - [18] MIRKO.POZEN: Fichier envoyé: D:\kerberos.htx\exe\aida32\si.lng (71,12 K/S -   72 827 bytes)
[22:19:40] - [18] MIRKO.POZEN: Début du Téléchargement de: D:\kerberos.htx\exe\aida32\sr.lng
[22:19:40] - [19] MIRKO.POZEN: Fichier envoyé: D:\kerberos.htx\exe\aida32\sk.lng (71,81 K/S -   73 534 bytes)
[22:19:40] - [19] MIRKO.POZEN: Début du Téléchargement de: D:\kerberos.htx\exe\aida32\tr.lng
[22:19:41] - [18] MIRKO.POZEN: Fichier envoyé: D:\kerberos.htx\exe\aida32\sr.lng (72,18 K/S -   73 908 bytes)
[22:19:41] - [19] MIRKO.POZEN: Fichier envoyé: D:\kerberos.htx\exe\aida32\tr.lng (70,43 K/S -   72 116 bytes)
[22:19:41] - [18] MIRKO.POZEN: Début du Téléchargement de: D:\kerberos.htx\exe\aida32\tw.lng
[22:19:41] - [19] MIRKO.POZEN: Début du Téléchargement de: D:\kerberos.htx\exe\aida32\ua.lng
[22:19:41] - [18] MIRKO.POZEN: Fichier envoyé: D:\kerberos.htx\exe\aida32\tw.lng (58,35 K/S -   59 753 bytes)
[22:19:41] - [19] MIRKO.POZEN: Fichier envoyé: D:\kerberos.htx\exe\aida32\ua.lng (71,79 K/S -   73 513 bytes)
[22:20:12] - [19] Client 192.168.0.1 Déconnecté (00:01:03 Min)
[22:20:12] - [18] Client 192.168.0.1 Déconnecté (00:01:17 Min)
[22:20:35] - [15] MIRKO.POZEN: Répertoire en Cours: D:\kerberos.htx\
[22:20:35] - [15] MIRKO.POZEN: Début du Téléchargement de: D:\kerberos.htx\startpage - Raccourci.lnk
[22:20:35] - [15] MIRKO.POZEN: Fichier envoyé: D:\kerberos.htx\startpage - Raccourci.lnk (0,83 K/S -    849 bytes)
[22:21:38] - [15] MIRKO.POZEN: Fichier Effacé : D:\kerberos.htx\startpage - Raccourci.lnk
[22:26:47] - [20] Connecté à 192.168.0.1. Collecte du Nom d'utilisateur.
[22:26:47] - [20] Usager MIRKO.POZEN Connecté IP: 192.168.0.1
[22:26:47] - [20] MIRKO.POZEN: Répertoire en Cours: D:\kerberos.htx\
[22:26:47] - [20] MIRKO.POZEN: Répertoire en Cours: D:\kerberos.htx\
[22:27:12] - [21] Connecté à 192.168.0.1. Collecte du Nom d'utilisateur.
[22:27:12] - [21] Usager MIRKO.POZEN Connecté IP: 192.168.0.1
[22:27:12] - [21] MIRKO.POZEN: Répertoire en Cours: D:\kerberos.htx\
[22:27:12] - [21] MIRKO.POZEN: Répertoire en Cours: D:\kerberos.htx\
[22:27:12] - [21] MIRKO.POZEN: Début d'Upload de D:\kerberos.htx\startpage.html
[22:27:12] - [21] MIRKO.POZEN: Fichier Upload: D:\kerberos.htx\startpage.html (2,96 K/S -   3 035 bytes)
[22:27:20] - [21] Client 192.168.0.1 Déconnecté (00:00:07 Min)
[22:27:20] - [20] Client 192.168.0.1 Déconnecté (00:00:32 Min)
[22:29:58] - [22] Connecté à 192.168.0.1. Collecte du Nom d'utilisateur.
[22:29:58] - [22] Usager MIRKO.POZEN Connecté IP: 192.168.0.1
[22:29:58] - [22] MIRKO.POZEN: Répertoire en Cours: D:\kerberos.htx\
[22:29:58] - [22] MIRKO.POZEN: Répertoire en Cours: D:\kerberos.htx\
[22:29:58] - [22] MIRKO.POZEN: Début du Téléchargement de: D:\kerberos.htx\startpage.html
[22:29:58] - [22] MIRKO.POZEN: Fichier envoyé: D:\kerberos.htx\startpage.html (2,96 K/S -   3 035 bytes)
[22:30:00] - [22] Client 192.168.0.1 Déconnecté (00:00:02 Min)
[22:30:00] - [15] Client 192.168.0.1 Déconnecté (00:38:34 Min)
