[20:37:49] - Serveur Démarré
[20:37:50] - FTP Port: 21
[23:18:02] - Serveur Démarré
[23:18:02] - FTP Port: 21
[23:23:23] - [1] Connecté à 90.100.66.214. Collecte du Nom d'utilisateur.
[23:23:23] - [1] Usager MIRKO.POZEN Connecté IP: 90.100.66.214
[23:23:23] - [1] MIRKO.POZEN: Répertoire en Cours: D:\kerberos.htx\
[23:23:24] - [1] MIRKO.POZEN: Répertoire en Cours: D:\kerberos.htx\
[23:24:08] - [1] MIRKO.POZEN: Répertoire en Cours: D:\kerberos.htx\a trier\
[23:24:18] - [1] MIRKO.POZEN: Répertoire en Cours: D:\kerberos.htx\a trier\drivers hdd pour windows xp\
[23:24:25] - [1] MIRKO.POZEN: Répertoire en Cours: D:\kerberos.htx\a trier\
[23:24:25] - [1] MIRKO.POZEN: Répertoire en Cours: D:\kerberos.htx\a trier\cleusb 16go\
[23:24:33] - [1] MIRKO.POZEN: Répertoire en Cours: D:\kerberos.htx\a trier\cleusb 16go\FileZilla\
[23:24:33] - [1] MIRKO.POZEN: Répertoire en Cours: D:\kerberos.htx\a trier\cleusb 16go\FileZilla\SProfiles\
[23:24:34] - [1] MIRKO.POZEN: Répertoire en Cours: D:\kerberos.htx\a trier\cleusb 16go\
[23:24:34] - [1] MIRKO.POZEN: Fichier Effacé : D:\kerberos.htx\a trier\cleusb 16go\FileZilla\dbghelp.dll
[23:24:34] - [1] MIRKO.POZEN: Fichier Effacé : D:\kerberos.htx\a trier\cleusb 16go\FileZilla\DMHelp.chm
[23:24:34] - [1] MIRKO.POZEN: Fichier Effacé : D:\kerberos.htx\a trier\cleusb 16go\FileZilla\DMSplash.spl
[23:24:34] - [1] MIRKO.POZEN: Fichier Effacé : D:\kerberos.htx\a trier\cleusb 16go\FileZilla\FileZilla.chm
[23:24:34] - [1] MIRKO.POZEN: Fichier Effacé : D:\kerberos.htx\a trier\cleusb 16go\FileZilla\FileZilla.exe
[23:24:34] - [1] MIRKO.POZEN: Fichier Effacé : D:\kerberos.htx\a trier\cleusb 16go\FileZilla\FileZilla.pdb
[23:24:34] - [1] MIRKO.POZEN: Fichier Effacé : D:\kerberos.htx\a trier\cleusb 16go\FileZilla\FileZilla.xml
[23:24:34] - [1] MIRKO.POZEN: Fichier Effacé : D:\kerberos.htx\a trier\cleusb 16go\FileZilla\FileZillaFrench.chm
[23:24:34] - [1] MIRKO.POZEN: Fichier Effacé : D:\kerberos.htx\a trier\cleusb 16go\FileZilla\FTPHelp.chm
[23:24:34] - [1] MIRKO.POZEN: Fichier Effacé : D:\kerberos.htx\a trier\cleusb 16go\FileZilla\FTPSplash.spl
[23:24:34] - [1] MIRKO.POZEN: Fichier Effacé : D:\kerberos.htx\a trier\cleusb 16go\FileZilla\FzGSS.dll
[23:24:34] - [1] MIRKO.POZEN: Fichier Effacé : D:\kerberos.htx\a trier\cleusb 16go\FileZilla\FzResBr.dll
[23:24:34] - [1] MIRKO.POZEN: Fichier Effacé : D:\kerberos.htx\a trier\cleusb 16go\FileZilla\FzResBu.dll
[23:24:34] - [1] MIRKO.POZEN: Fichier Effacé : D:\kerberos.htx\a trier\cleusb 16go\FileZilla\FzResCa.dll
[23:24:34] - [1] MIRKO.POZEN: Fichier Effacé : D:\kerberos.htx\a trier\cleusb 16go\FileZilla\FzResCh.dll
[23:24:34] - [1] MIRKO.POZEN: Fichier Effacé : D:\kerberos.htx\a trier\cleusb 16go\FileZilla\FzResChs.dll
[23:24:34] - [1] MIRKO.POZEN: Fichier Effacé : D:\kerberos.htx\a trier\cleusb 16go\FileZilla\FzResCze.dll
[23:24:34] - [1] MIRKO.POZEN: Fichier Effacé : D:\kerberos.htx\a trier\cleusb 16go\FileZilla\FzResDe.dll
[23:24:35] - [1] MIRKO.POZEN: Fichier Effacé : D:\kerberos.htx\a trier\cleusb 16go\FileZilla\FzResEs.dll
[23:24:35] - [1] MIRKO.POZEN: Fichier Effacé : D:\kerberos.htx\a trier\cleusb 16go\FileZilla\FzResFr.dll
[23:24:35] - [1] MIRKO.POZEN: Fichier Effacé : D:\kerberos.htx\a trier\cleusb 16go\FileZilla\FzResHu.dll
[23:24:35] - [1] MIRKO.POZEN: Fichier Effacé : D:\kerberos.htx\a trier\cleusb 16go\FileZilla\FzResIt.dll
[23:24:35] - [1] MIRKO.POZEN: Fichier Effacé : D:\kerberos.htx\a trier\cleusb 16go\FileZilla\FzResJp.dll
[23:24:35] - [1] MIRKO.POZEN: Fichier Effacé : D:\kerberos.htx\a trier\cleusb 16go\FileZilla\FzResKr.dll
[23:24:35] - [1] MIRKO.POZEN: Fichier Effacé : D:\kerberos.htx\a trier\cleusb 16go\FileZilla\FzResNor.dll
[23:24:35] - [1] MIRKO.POZEN: Fichier Effacé : D:\kerberos.htx\a trier\cleusb 16go\FileZilla\FzResPo.dll
[23:24:35] - [1] MIRKO.POZEN: Fichier Effacé : D:\kerberos.htx\a trier\cleusb 16go\FileZilla\FzResRu.dll
[23:24:35] - [1] MIRKO.POZEN: Fichier Effacé : D:\kerberos.htx\a trier\cleusb 16go\FileZilla\FzResSk.dll
[23:24:35] - [1] MIRKO.POZEN: Fichier Effacé : D:\kerberos.htx\a trier\cleusb 16go\FileZilla\FzSFtp.exe
[23:24:35] - [1] MIRKO.POZEN: Fichier Effacé : D:\kerberos.htx\a trier\cleusb 16go\FileZilla\GPL.html
[23:24:35] - [1] MIRKO.POZEN: Fichier Effacé : D:\kerberos.htx\a trier\cleusb 16go\FileZilla\legal.htm
[23:24:35] - [1] MIRKO.POZEN: Fichier Effacé : D:\kerberos.htx\a trier\cleusb 16go\FileZilla\libeay32.dll
[23:24:35] - [1] MIRKO.POZEN: Fichier Effacé : D:\kerberos.htx\a trier\cleusb 16go\FileZilla\puttylicense.html
[23:24:35] - [1] MIRKO.POZEN: Fichier Effacé : D:\kerberos.htx\a trier\cleusb 16go\FileZilla\readme.htm
[23:24:35] - [1] MIRKO.POZEN: Fichier Effacé : D:\kerberos.htx\a trier\cleusb 16go\FileZilla\RFTP.skn
[23:24:35] - [1] MIRKO.POZEN: Fichier Effacé : D:\kerberos.htx\a trier\cleusb 16go\FileZilla\RFTP.swf
[23:24:35] - [1] MIRKO.POZEN: Fichier Effacé : D:\kerberos.htx\a trier\cleusb 16go\FileZilla\ssleay32.dll
[23:24:35] - [1] MIRKO.POZEN: Fichier Effacé : D:\kerberos.htx\a trier\cleusb 16go\FileZilla\unins000.dat
[23:24:36] - [1] MIRKO.POZEN: Fichier Effacé : D:\kerberos.htx\a trier\cleusb 16go\FileZilla\uninstall.exe
[23:24:36] - [1] MIRKO.POZEN: Fichier Effacé : D:\kerberos.htx\a trier\cleusb 16go\FileZilla\zilladm.swf
[23:24:36] - [1] MIRKO.POZEN: Fichier Effacé : D:\kerberos.htx\a trier\cleusb 16go\FileZilla\SProfiles\Adobe.Profile
[23:24:36] - [1] MIRKO.POZEN: Fichier Effacé : D:\kerberos.htx\a trier\cleusb 16go\FileZilla\SProfiles\Gateway 2000.Profile
[23:24:36] - [1] MIRKO.POZEN: Fichier Effacé : D:\kerberos.htx\a trier\cleusb 16go\FileZilla\SProfiles\Intel.Profile
[23:24:36] - [1] MIRKO.POZEN: Fichier Effacé : D:\kerberos.htx\a trier\cleusb 16go\FileZilla\SProfiles\IRS Tax Forms.Profile
[23:24:36] - [1] MIRKO.POZEN: Fichier Effacé : D:\kerberos.htx\a trier\cleusb 16go\FileZilla\SProfiles\McAfee.Profile
[23:24:36] - [1] MIRKO.POZEN: Fichier Effacé : D:\kerberos.htx\a trier\cleusb 16go\FileZilla\SProfiles\Netscape.Profile
[23:24:36] - [1] MIRKO.POZEN: Fichier Effacé : D:\kerberos.htx\a trier\cleusb 16go\FileZilla\SProfiles\Novell.Profile
[23:24:36] - [1] MIRKO.POZEN: Fichier Effacé : D:\kerberos.htx\a trier\cleusb 16go\FileZilla\SProfiles\Sierra.Profile
[23:24:36] - [1] MIRKO.POZEN: Fichier Effacé : D:\kerberos.htx\a trier\cleusb 16go\FileZilla\SProfiles\Symantec.Profile
[23:24:36] - [1] MIRKO.POZEN: Fichier Effacé : D:\kerberos.htx\a trier\cleusb 16go\FileZilla\SProfiles\Walnut Creek CDROM.Profile
[23:24:36] - [1] MIRKO.POZEN: Fichier Effacé : D:\kerberos.htx\a trier\cleusb 16go\FileZilla\SProfiles\Winzip.Profile
[23:24:36] - [1] MIRKO.POZEN: Fichier Effacé : D:\kerberos.htx\a trier\cleusb 16go\FileZilla\SProfiles\ZD Net.Profile
[23:24:36] - [1] MIRKO.POZEN: Répertoire Effacé: D:\kerberos.htx\a trier\cleusb 16go\FileZilla\SProfiles\
[23:24:36] - [1] MIRKO.POZEN: Répertoire Effacé: D:\kerberos.htx\a trier\cleusb 16go\FileZilla\
[23:24:46] - [1] MIRKO.POZEN: Répertoire en Cours: D:\kerberos.htx\a trier\
[23:24:46] - [1] MIRKO.POZEN: Répertoire en Cours: D:\kerberos.htx\a trier\000\
[23:24:50] - [1] MIRKO.POZEN: Répertoire en Cours: D:\kerberos.htx\a trier\
[23:24:50] - [1] MIRKO.POZEN: Répertoire en Cours: D:\kerberos.htx\a trier\1\
[23:24:56] - [1] MIRKO.POZEN: Répertoire en Cours: D:\kerberos.htx\a trier\1\hack progz\
