[06:50:31] - Serveur Démarré
[06:50:31] - FTP Port: 21
[08:37:28] - [1] Connecté à 74.82.47.5. Collecte du Nom d'utilisateur.
[08:37:29] - [1] Client 74.82.47.5 Déconnecté (00:00:00 Min)
[16:14:19] - [2] Connecté à 77.132.5.209. Collecte du Nom d'utilisateur.
[16:14:19] - [2] Usager MIRKO.POZEN Connecté IP: 77.132.5.209
[16:14:19] - [2] MIRKO.POZEN: Répertoire en Cours: D:\kerberos.htx\
[16:14:20] - [2] MIRKO.POZEN: Répertoire en Cours: D:\kerberos.htx\
[16:14:40] - [2] MIRKO.POZEN: Répertoire en Cours: D:\kerberos.htx\exe\
[16:14:57] - [3] Connecté à 77.132.5.209. Collecte du Nom d'utilisateur.
[16:14:57] - [3] Usager MIRKO.POZEN Connecté IP: 77.132.5.209
[16:14:57] - [3] MIRKO.POZEN: Répertoire en Cours: D:\kerberos.htx\
[16:14:57] - [3] MIRKO.POZEN: Répertoire en Cours: D:\kerberos.htx\exe\
[16:14:57] - [3] MIRKO.POZEN: Début du Téléchargement de: D:\kerberos.htx\exe\14 million password.txt
[16:15:13] - [3] MIRKO.POZEN: Fichier envoyé: D:\kerberos.htx\exe\14 million password.txt (9 415,64 K/S -  154 265 888 bytes)
[16:15:45] - [3] Client 77.132.5.209 Déconnecté (00:00:47 Min)
[16:15:59] - [2] Client 77.132.5.209 Déconnecté (00:01:39 Min)
[17:21:24] - [4] Connecté à 192.168.0.1. Collecte du Nom d'utilisateur.
[17:21:24] - [4] Usager MIRKO.POZEN Connecté IP: 192.168.0.1
[17:21:24] - [4] MIRKO.POZEN: Répertoire en Cours: D:\kerberos.htx\
[17:21:24] - [4] MIRKO.POZEN: Répertoire en Cours: D:\kerberos.htx\
[17:21:27] - [4] MIRKO.POZEN: Répertoire en Cours: D:\kerberos.htx\a trier\
[17:21:29] - [4] MIRKO.POZEN: Répertoire en Cours: D:\kerberos.htx\a trier\1\
[17:21:36] - [4] MIRKO.POZEN: Répertoire en Cours: D:\kerberos.htx\a trier\
[17:21:36] - [4] MIRKO.POZEN: Répertoire en Cours: D:\kerberos.htx\a trier\2\
[17:21:44] - [4] MIRKO.POZEN: Répertoire en Cours: D:\kerberos.htx\a trier\
[17:21:44] - [4] MIRKO.POZEN: Répertoire en Cours: D:\kerberos.htx\a trier\cleusb 16go\
[17:21:51] - [4] MIRKO.POZEN: Répertoire en Cours: D:\kerberos.htx\a trier\cleusb 16go\usb14go\
[17:21:54] - [4] MIRKO.POZEN: Répertoire en Cours: D:\kerberos.htx\a trier\cleusb 16go\usb14go\mig\
[17:22:04] - [4] MIRKO.POZEN: Répertoire en Cours: D:\kerberos.htx\a trier\
[17:22:04] - [4] MIRKO.POZEN: Répertoire en Cours: D:\kerberos.htx\a trier\douwloads\
[17:22:19] - [4] MIRKO.POZEN: Répertoire en Cours: D:\kerberos.htx\a trier\
[17:22:19] - [4] MIRKO.POZEN: Répertoire en Cours: D:\kerberos.htx\a trier\exe\
[17:23:04] - [4] MIRKO.POZEN: Répertoire en Cours: D:\kerberos.htx\a trier\
[17:23:04] - [4] MIRKO.POZEN: Répertoire en Cours: D:\kerberos.htx\a trier\progz mig\
[17:23:36] - [4] MIRKO.POZEN: Répertoire en Cours: D:\kerberos.htx\a trier\
[17:23:36] - [4] MIRKO.POZEN: Répertoire en Cours: D:\kerberos.htx\a trier\test server.progz\
[17:23:49] - [4] MIRKO.POZEN: Répertoire en Cours: D:\kerberos.htx\a trier\test server.progz\000\
[17:23:50] - [4] MIRKO.POZEN: Répertoire en Cours: D:\kerberos.htx\a trier\test server.progz\000\progz1\
[17:24:23] - [4] MIRKO.POZEN: Répertoire en Cours: D:\kerberos.htx\a trier\
[17:24:23] - [4] MIRKO.POZEN: Répertoire en Cours: D:\kerberos.htx\a trier\rar\
[17:24:32] - [5] Connecté à 192.168.0.1. Collecte du Nom d'utilisateur.
[17:24:32] - [5] Usager MIRKO.POZEN Connecté IP: 192.168.0.1
[17:24:32] - [5] MIRKO.POZEN: Répertoire en Cours: D:\kerberos.htx\
[17:24:32] - [5] MIRKO.POZEN: Répertoire en Cours: D:\kerberos.htx\a trier\rar\
[17:24:32] - [5] MIRKO.POZEN: Début du Téléchargement de: D:\kerberos.htx\a trier\rar\TCPView.zip
[17:24:33] - [5] MIRKO.POZEN: Fichier envoyé: D:\kerberos.htx\a trier\rar\TCPView.zip (284,77 K/S -   291 606 bytes)
[17:25:04] - [5] Client 192.168.0.1 Déconnecté (00:00:31 Min)
[17:28:30] - [4] MIRKO.POZEN: Répertoire en Cours: D:\kerberos.htx\a trier\
[17:28:30] - [4] MIRKO.POZEN: Répertoire en Cours: D:\kerberos.htx\a trier\anons\
[17:28:39] - [4] MIRKO.POZEN: Répertoire en Cours: D:\kerberos.htx\a trier\douwloads\
[17:28:39] - [4] MIRKO.POZEN: Répertoire en Cours: D:\kerberos.htx\a trier\douwloads\ipnetinfo\
[17:28:46] - [6] Connecté à 192.168.0.1. Collecte du Nom d'utilisateur.
[17:28:46] - [7] Connecté à 192.168.0.1. Collecte du Nom d'utilisateur.
[17:28:46] - [6] Usager MIRKO.POZEN Connecté IP: 192.168.0.1
[17:28:46] - [6] MIRKO.POZEN: Répertoire en Cours: D:\kerberos.htx\
[17:28:46] - [7] Usager MIRKO.POZEN Connecté IP: 192.168.0.1
[17:28:46] - [7] MIRKO.POZEN: Répertoire en Cours: D:\kerberos.htx\
[17:28:46] - [6] MIRKO.POZEN: Répertoire en Cours: D:\kerberos.htx\a trier\douwloads\ipnetinfo\
[17:28:46] - [7] MIRKO.POZEN: Répertoire en Cours: D:\kerberos.htx\a trier\douwloads\ipnetinfo\
[17:28:46] - [6] MIRKO.POZEN: Début du Téléchargement de: D:\kerberos.htx\a trier\douwloads\ipnetinfo\ipnetinfo.cfg
[17:28:46] - [7] MIRKO.POZEN: Début du Téléchargement de: D:\kerberos.htx\a trier\douwloads\ipnetinfo\ipnetinfo.chm
[17:28:46] - [6] MIRKO.POZEN: Fichier envoyé: D:\kerberos.htx\a trier\douwloads\ipnetinfo\ipnetinfo.cfg (0,54 K/S -    558 bytes)
[17:28:46] - [7] MIRKO.POZEN: Fichier envoyé: D:\kerberos.htx\a trier\douwloads\ipnetinfo\ipnetinfo.chm (14,96 K/S -   15 318 bytes)
[17:28:46] - [6] MIRKO.POZEN: Début du Téléchargement de: D:\kerberos.htx\a trier\douwloads\ipnetinfo\ipnetinfo.exe
[17:28:47] - [7] MIRKO.POZEN: Début du Téléchargement de: D:\kerberos.htx\a trier\douwloads\ipnetinfo\ipnetinfo.zip
[17:28:47] - [6] MIRKO.POZEN: Fichier envoyé: D:\kerberos.htx\a trier\douwloads\ipnetinfo\ipnetinfo.exe (40,50 K/S -   41 472 bytes)
[17:28:47] - [7] MIRKO.POZEN: Fichier envoyé: D:\kerberos.htx\a trier\douwloads\ipnetinfo\ipnetinfo.zip (47,38 K/S -   48 520 bytes)
[17:28:47] - [6] MIRKO.POZEN: Début du Téléchargement de: D:\kerberos.htx\a trier\douwloads\ipnetinfo\readme.txt
[17:28:47] - [6] MIRKO.POZEN: Fichier envoyé: D:\kerberos.htx\a trier\douwloads\ipnetinfo\readme.txt (9,71 K/S -   9 940 bytes)
[17:29:18] - [7] Client 192.168.0.1 Déconnecté (00:00:32 Min)
[17:29:18] - [6] Client 192.168.0.1 Déconnecté (00:00:32 Min)
[17:29:35] - [4] MIRKO.POZEN: Répertoire en Cours: D:\kerberos.htx\a trier\
[17:29:35] - [4] MIRKO.POZEN: Répertoire en Cours: D:\kerberos.htx\a trier\annons\
[17:29:41] - [4] MIRKO.POZEN: Répertoire en Cours: D:\kerberos.htx\a trier\annons\config wk\
[17:30:08] - [4] MIRKO.POZEN: Répertoire en Cours: D:\kerberos.htx\a trier\
[17:30:08] - [4] MIRKO.POZEN: Répertoire en Cours: D:\kerberos.htx\a trier\drivers hdd pour windows xp\
[17:30:23] - [4] MIRKO.POZEN: Répertoire en Cours: D:\kerberos.htx\a trier\
[17:30:23] - [4] MIRKO.POZEN: Répertoire en Cours: D:\kerberos.htx\a trier\ISO to USB\
[17:30:49] - [4] MIRKO.POZEN: Répertoire en Cours: D:\kerberos.htx\a trier\
[17:30:49] - [4] MIRKO.POZEN: Répertoire en Cours: D:\kerberos.htx\a trier\txt pass\
[17:31:02] - [4] MIRKO.POZEN: Répertoire en Cours: D:\kerberos.htx\a trier\
[17:31:02] - [4] MIRKO.POZEN: Répertoire en Cours: D:\kerberos.htx\a trier\windows7iso\
[17:31:08] - [4] MIRKO.POZEN: Répertoire en Cours: D:\kerberos.htx\a trier\
[17:31:08] - [4] MIRKO.POZEN: Répertoire en Cours: D:\kerberos.htx\a trier\wwwroot\
[17:31:17] - [4] MIRKO.POZEN: Répertoire en Cours: D:\kerberos.htx\a trier\wwwroot\tla\
[17:31:25] - [4] Client 192.168.0.1 Déconnecté (00:10:01 Min)
[17:34:25] - [8] Connecté à 192.168.0.1. Collecte du Nom d'utilisateur.
[17:34:25] - [8] Usager MIRKO.POZEN Connecté IP: 192.168.0.1
[17:34:25] - [8] MIRKO.POZEN: Répertoire en Cours: D:\kerberos.htx\
[17:34:25] - [8] MIRKO.POZEN: Répertoire en Cours: D:\kerberos.htx\
[17:34:28] - [8] MIRKO.POZEN: Répertoire en Cours: D:\kerberos.htx\bat\
[17:34:31] - [8] MIRKO.POZEN: Début du Téléchargement de: D:\kerberos.htx\bat\control userpasswords2.bat
[17:34:31] - [8] MIRKO.POZEN: Fichier envoyé: D:\kerberos.htx\bat\control userpasswords2.bat (0,03 K/S -    29 bytes)
[17:34:45] - [8] Client 192.168.0.1 Déconnecté (00:00:20 Min)
[17:46:29] - [9] Connecté à 192.168.0.1. Collecte du Nom d'utilisateur.
[17:46:30] - [9] Usager MIRKO.POZEN Connecté IP: 192.168.0.1
[17:46:30] - [9] MIRKO.POZEN: Répertoire en Cours: D:\kerberos.htx\
[17:46:30] - [9] MIRKO.POZEN: Répertoire en Cours: D:\kerberos.htx\
[17:46:34] - [9] MIRKO.POZEN: Répertoire en Cours: D:\kerberos.htx\exe\
[17:46:43] - [10] Connecté à 192.168.0.1. Collecte du Nom d'utilisateur.
[17:46:43] - [10] Usager MIRKO.POZEN Connecté IP: 192.168.0.1
[17:46:43] - [10] MIRKO.POZEN: Répertoire en Cours: D:\kerberos.htx\
[17:46:43] - [10] MIRKO.POZEN: Répertoire en Cours: D:\kerberos.htx\exe\
[17:46:43] - [10] MIRKO.POZEN: Début du Téléchargement de: D:\kerberos.htx\exe\Advanced_IP_Scanner_2.5.3499.exe
[17:46:58] - [10] MIRKO.POZEN: Fichier envoyé: D:\kerberos.htx\exe\Advanced_IP_Scanner_2.5.3499.exe (622,12 K/S -  9 555 832 bytes)
[17:47:29] - [10] Client 192.168.0.1 Déconnecté (00:00:46 Min)
[17:47:52] - [9] Client 192.168.0.1 Déconnecté (00:01:22 Min)
[17:49:01] - [11] Connecté à 192.168.0.51. Collecte du Nom d'utilisateur.
[17:49:01] - [11] Client 192.168.0.51 Déconnecté (00:00:00 Min)
[17:50:03] - [12] Connecté à 192.168.0.51. Collecte du Nom d'utilisateur.
[17:50:03] - [12] Client 192.168.0.51 Déconnecté (00:00:00 Min)
[17:57:28] - [13] Connecté à 192.168.0.51. Collecte du Nom d'utilisateur.
[17:57:28] - [13] Client 192.168.0.51 Déconnecté (00:00:00 Min)
[17:58:59] - [14] Connecté à 192.168.0.1. Collecte du Nom d'utilisateur.
[17:58:59] - [14] Usager MIRKO.POZEN Connecté IP: 192.168.0.1
[17:58:59] - [14] MIRKO.POZEN: Répertoire en Cours: D:\kerberos.htx\
[17:59:00] - [14] MIRKO.POZEN: Répertoire en Cours: D:\kerberos.htx\
[17:59:31] - [14] MIRKO.POZEN: Répertoire en Cours: D:\kerberos.htx\progz\
[17:59:41] - [15] Connecté à 192.168.0.1. Collecte du Nom d'utilisateur.
[17:59:41] - [15] Usager MIRKO.POZEN Connecté IP: 192.168.0.1
[17:59:41] - [15] MIRKO.POZEN: Répertoire en Cours: D:\kerberos.htx\
[17:59:41] - [15] MIRKO.POZEN: Répertoire en Cours: D:\kerberos.htx\progz\
[17:59:42] - [15] MIRKO.POZEN: Début du Téléchargement de: D:\kerberos.htx\progz\startpage.html
[17:59:42] - [15] MIRKO.POZEN: Fichier envoyé: D:\kerberos.htx\progz\startpage.html (2,93 K/S -   2 999 bytes)
[18:00:13] - [15] Client 192.168.0.1 Déconnecté (00:00:31 Min)
[18:12:15] - [14] Client 192.168.0.1 Déconnecté (00:13:15 Min)
[18:33:36] - [16] Connecté à 192.168.0.51. Collecte du Nom d'utilisateur.
[18:33:36] - [16] Client 192.168.0.51 Déconnecté (00:00:00 Min)
[18:45:28] - [17] Connecté à 196.52.43.114. Collecte du Nom d'utilisateur.
[18:45:59] - [17] Client 196.52.43.114 Déconnecté (00:00:31 Min)
[18:49:16] - [18] Connecté à 196.52.43.59. Collecte du Nom d'utilisateur.
[18:49:25] - [18] Client 196.52.43.59 Déconnecté (00:00:09 Min)
[18:52:52] - [19] Connecté à 192.168.0.1. Collecte du Nom d'utilisateur.
[18:52:52] - [19] Usager MIRKO.POZEN Connecté IP: 192.168.0.1
[18:52:52] - [19] MIRKO.POZEN: Répertoire en Cours: D:\kerberos.htx\
[18:52:52] - [19] MIRKO.POZEN: Répertoire en Cours: D:\kerberos.htx\
[18:52:57] - [19] MIRKO.POZEN: Répertoire en Cours: D:\kerberos.htx\last dow\
[18:53:11] - [19] MIRKO.POZEN: Répertoire en Cours: D:\kerberos.htx\
[18:53:11] - [19] MIRKO.POZEN: Répertoire en Cours: D:\kerberos.htx\mig thoor\
[18:53:21] - [19] MIRKO.POZEN: Répertoire en Cours: D:\kerberos.htx\
[18:53:21] - [19] MIRKO.POZEN: Répertoire en Cours: D:\kerberos.htx\mila\
[18:53:31] - [19] MIRKO.POZEN: Répertoire en Cours: D:\kerberos.htx\
[18:53:31] - [19] MIRKO.POZEN: Répertoire en Cours: D:\kerberos.htx\progz\
[18:53:53] - [20] Connecté à 192.168.0.1. Collecte du Nom d'utilisateur.
[18:53:53] - [20] Usager MIRKO.POZEN Connecté IP: 192.168.0.1
[18:53:53] - [20] MIRKO.POZEN: Répertoire en Cours: D:\kerberos.htx\
[18:53:53] - [20] MIRKO.POZEN: Répertoire en Cours: D:\kerberos.htx\progz\
[18:53:53] - [20] MIRKO.POZEN: Début du Téléchargement de: D:\kerberos.htx\progz\Deface $p0k3 Index.html
[18:53:53] - [20] MIRKO.POZEN: Fichier envoyé: D:\kerberos.htx\progz\Deface $p0k3 Index.html (8,57 K/S -   8 779 bytes)
[18:54:24] - [20] Client 192.168.0.1 Déconnecté (00:00:31 Min)
[19:26:37] - [19] MIRKO.POZEN: Répertoire en Cours: D:\kerberos.htx\
[19:26:47] - [19] Client 192.168.0.1 Déconnecté (00:33:55 Min)
[19:27:27] - [21] Connecté à 192.168.0.1. Collecte du Nom d'utilisateur.
[19:27:27] - [21] Usager MIRKO.POZEN Connecté IP: 192.168.0.1
[19:27:27] - [21] MIRKO.POZEN: Répertoire en Cours: D:\kerberos.htx\
[19:27:27] - [21] MIRKO.POZEN: Répertoire en Cours: D:\kerberos.htx\
[19:27:34] - [21] MIRKO.POZEN: Répertoire en Cours: D:\kerberos.htx\exe\
[19:28:02] - [22] Connecté à 192.168.0.1. Collecte du Nom d'utilisateur.
[19:28:02] - [22] Usager MIRKO.POZEN Connecté IP: 192.168.0.1
[19:28:02] - [22] MIRKO.POZEN: Répertoire en Cours: D:\kerberos.htx\
[19:28:02] - [22] MIRKO.POZEN: Répertoire en Cours: D:\kerberos.htx\exe\
[19:28:02] - [22] MIRKO.POZEN: Début du Téléchargement de: D:\kerberos.htx\exe\spark_2_7_3.exe
[19:29:32] - [22] MIRKO.POZEN: Fichier envoyé: D:\kerberos.htx\exe\spark_2_7_3.exe (667,77 K/S -  61 541 888 bytes)
[19:29:36] - [22] Client 192.168.0.1 Déconnecté (00:01:34 Min)
[19:29:36] - [21] Client 192.168.0.1 Déconnecté (00:02:08 Min)
[19:49:28] - [23] Connecté à 192.168.0.1. Collecte du Nom d'utilisateur.
[19:49:28] - [23] Usager MIRKO.POZEN Connecté IP: 192.168.0.1
[19:49:28] - [23] MIRKO.POZEN: Répertoire en Cours: D:\kerberos.htx\
[19:49:28] - [23] MIRKO.POZEN: Répertoire en Cours: D:\kerberos.htx\
[19:49:44] - [23] MIRKO.POZEN: Répertoire en Cours: D:\kerberos.htx\
[19:49:44] - [23] MIRKO.POZEN: Nouveau Répertoire: D:\kerberos.htx\fl.enzo
[19:49:46] - [23] MIRKO.POZEN: Répertoire en Cours: D:\kerberos.htx\fl.enzo\
[19:49:49] - [23] MIRKO.POZEN: Répertoire en Cours: D:\kerberos.htx\fl.enzo\
[19:49:49] - [23] MIRKO.POZEN: Nouveau Répertoire: D:\kerberos.htx\fl.enzo\FileZilla
[19:49:49] - [24] Connecté à 192.168.0.1. Collecte du Nom d'utilisateur.
[19:49:49] - [25] Connecté à 192.168.0.1. Collecte du Nom d'utilisateur.
[19:49:49] - [23] MIRKO.POZEN: Répertoire en Cours: D:\kerberos.htx\fl.enzo\
[19:49:49] - [23] MIRKO.POZEN: Nouveau Répertoire: D:\kerberos.htx\fl.enzo\FileZilla
[19:49:49] - [24] Usager MIRKO.POZEN Connecté IP: 192.168.0.1
[19:49:49] - [24] MIRKO.POZEN: Répertoire en Cours: D:\kerberos.htx\
[19:49:50] - [25] Usager MIRKO.POZEN Connecté IP: 192.168.0.1
[19:49:50] - [25] MIRKO.POZEN: Répertoire en Cours: D:\kerberos.htx\
[19:49:50] - [23] MIRKO.POZEN: Répertoire en Cours: D:\kerberos.htx\fl.enzo\FileZilla\
[19:49:50] - [23] MIRKO.POZEN: Nouveau Répertoire: D:\kerberos.htx\fl.enzo\FileZilla\SProfiles
[19:49:50] - [24] MIRKO.POZEN: Répertoire en Cours: D:\kerberos.htx\fl.enzo\FileZilla\
[19:49:50] - [25] MIRKO.POZEN: Répertoire en Cours: D:\kerberos.htx\fl.enzo\FileZilla\
[19:49:50] - [23] MIRKO.POZEN: Répertoire en Cours: D:\kerberos.htx\fl.enzo\FileZilla\
[19:49:50] - [23] MIRKO.POZEN: Nouveau Répertoire: D:\kerberos.htx\fl.enzo\FileZilla\SProfiles
[19:49:50] - [25] MIRKO.POZEN: Début d'Upload de D:\kerberos.htx\fl.enzo\FileZilla\DMHelp.chm
[19:49:50] - [24] MIRKO.POZEN: Début d'Upload de D:\kerberos.htx\fl.enzo\FileZilla\dbghelp.dll
[19:49:50] - [25] MIRKO.POZEN: Fichier Upload: D:\kerberos.htx\fl.enzo\FileZilla\DMHelp.chm (212,81 K/S -   217 914 bytes)
[19:49:50] - [25] MIRKO.POZEN: Début d'Upload de D:\kerberos.htx\fl.enzo\FileZilla\DMSplash.spl
[19:49:50] - [24] MIRKO.POZEN: Fichier Upload: D:\kerberos.htx\fl.enzo\FileZilla\dbghelp.dll (316,00 K/S -   323 584 bytes)
[19:49:50] - [24] MIRKO.POZEN: Début d'Upload de D:\kerberos.htx\fl.enzo\FileZilla\FileZilla.chm
[19:49:51] - [25] MIRKO.POZEN: Fichier Upload: D:\kerberos.htx\fl.enzo\FileZilla\DMSplash.spl (299,63 K/S -   306 818 bytes)
[19:49:51] - [25] MIRKO.POZEN: Début d'Upload de D:\kerberos.htx\fl.enzo\FileZilla\FileZilla.exe
[19:49:51] - [24] MIRKO.POZEN: Fichier Upload: D:\kerberos.htx\fl.enzo\FileZilla\FileZilla.chm (275,56 K/S -   282 176 bytes)
[19:49:51] - [24] MIRKO.POZEN: Début d'Upload de D:\kerberos.htx\fl.enzo\FileZilla\FileZilla.pdb
[19:49:53] - [25] MIRKO.POZEN: Fichier Upload: D:\kerberos.htx\fl.enzo\FileZilla\FileZilla.exe (796,00 K/S -  1 630 208 bytes)
[19:49:53] - [25] MIRKO.POZEN: Début d'Upload de D:\kerberos.htx\fl.enzo\FileZilla\FileZilla.xml
[19:49:53] - [25] MIRKO.POZEN: Fichier Upload: D:\kerberos.htx\fl.enzo\FileZilla\FileZilla.xml (9,15 K/S -   9 374 bytes)
[19:49:53] - [25] MIRKO.POZEN: Début d'Upload de D:\kerberos.htx\fl.enzo\FileZilla\FileZillaFrench.chm
[19:49:53] - [25] MIRKO.POZEN: Fichier Upload: D:\kerberos.htx\fl.enzo\FileZilla\FileZillaFrench.chm (282,64 K/S -   289 419 bytes)
[19:49:54] - [25] MIRKO.POZEN: Début d'Upload de D:\kerberos.htx\fl.enzo\FileZilla\FTPHelp.chm
[19:49:54] - [25] MIRKO.POZEN: Fichier Upload: D:\kerberos.htx\fl.enzo\FileZilla\FTPHelp.chm (171,76 K/S -   175 885 bytes)
[19:49:54] - [25] MIRKO.POZEN: Début d'Upload de D:\kerberos.htx\fl.enzo\FileZilla\FTPSplash.spl
[19:49:54] - [25] MIRKO.POZEN: Fichier Upload: D:\kerberos.htx\fl.enzo\FileZilla\FTPSplash.spl (257,36 K/S -   263 540 bytes)
[19:49:55] - [25] MIRKO.POZEN: Début d'Upload de D:\kerberos.htx\fl.enzo\FileZilla\FzGSS.dll
[19:49:55] - [25] MIRKO.POZEN: Fichier Upload: D:\kerberos.htx\fl.enzo\FileZilla\FzGSS.dll (61,50 K/S -   62 976 bytes)
[19:49:55] - [25] MIRKO.POZEN: Début d'Upload de D:\kerberos.htx\fl.enzo\FileZilla\FzResBr.dll
[19:49:55] - [25] MIRKO.POZEN: Fichier Upload: D:\kerberos.htx\fl.enzo\FileZilla\FzResBr.dll (112,00 K/S -   114 688 bytes)
[19:49:55] - [25] MIRKO.POZEN: Début d'Upload de D:\kerberos.htx\fl.enzo\FileZilla\FzResBu.dll
[19:49:56] - [25] MIRKO.POZEN: Fichier Upload: D:\kerberos.htx\fl.enzo\FileZilla\FzResBu.dll (108,00 K/S -   110 592 bytes)
[19:49:56] - [25] MIRKO.POZEN: Début d'Upload de D:\kerberos.htx\fl.enzo\FileZilla\FzResCa.dll
[19:49:56] - [25] MIRKO.POZEN: Fichier Upload: D:\kerberos.htx\fl.enzo\FileZilla\FzResCa.dll (100,00 K/S -   102 400 bytes)
[19:49:56] - [25] MIRKO.POZEN: Début d'Upload de D:\kerberos.htx\fl.enzo\FileZilla\FzResCh.dll
[19:49:56] - [25] MIRKO.POZEN: Fichier Upload: D:\kerberos.htx\fl.enzo\FileZilla\FzResCh.dll (80,00 K/S -   81 920 bytes)
[19:49:56] - [25] MIRKO.POZEN: Début d'Upload de D:\kerberos.htx\fl.enzo\FileZilla\FzResChs.dll
[19:49:56] - [25] MIRKO.POZEN: Fichier Upload: D:\kerberos.htx\fl.enzo\FileZilla\FzResChs.dll (76,00 K/S -   77 824 bytes)
[19:49:57] - [25] MIRKO.POZEN: Début d'Upload de D:\kerberos.htx\fl.enzo\FileZilla\FzResCze.dll
[19:49:57] - [25] MIRKO.POZEN: Fichier Upload: D:\kerberos.htx\fl.enzo\FileZilla\FzResCze.dll (84,00 K/S -   86 016 bytes)
[19:49:57] - [25] MIRKO.POZEN: Début d'Upload de D:\kerberos.htx\fl.enzo\FileZilla\FzResDe.dll
[19:49:57] - [25] MIRKO.POZEN: Fichier Upload: D:\kerberos.htx\fl.enzo\FileZilla\FzResDe.dll (116,00 K/S -   118 784 bytes)
[19:49:57] - [25] MIRKO.POZEN: Début d'Upload de D:\kerberos.htx\fl.enzo\FileZilla\FzResEs.dll
[19:49:58] - [25] MIRKO.POZEN: Fichier Upload: D:\kerberos.htx\fl.enzo\FileZilla\FzResEs.dll (108,00 K/S -   110 592 bytes)
[19:49:58] - [25] MIRKO.POZEN: Début d'Upload de D:\kerberos.htx\fl.enzo\FileZilla\FzResFr.dll
[19:49:58] - [24] MIRKO.POZEN: Fichier Upload: D:\kerberos.htx\fl.enzo\FileZilla\FileZilla.pdb (962,71 K/S -  6 900 736 bytes)
[19:49:58] - [25] MIRKO.POZEN: Fichier Upload: D:\kerberos.htx\fl.enzo\FileZilla\FzResFr.dll (116,00 K/S -   118 784 bytes)
[19:49:58] - [24] MIRKO.POZEN: Début d'Upload de D:\kerberos.htx\fl.enzo\FileZilla\FzResHu.dll
[19:49:58] - [25] MIRKO.POZEN: Début d'Upload de D:\kerberos.htx\fl.enzo\FileZilla\FzResIt.dll
[19:49:58] - [24] MIRKO.POZEN: Fichier Upload: D:\kerberos.htx\fl.enzo\FileZilla\FzResHu.dll (96,00 K/S -   98 304 bytes)
[19:49:58] - [25] MIRKO.POZEN: Fichier Upload: D:\kerberos.htx\fl.enzo\FileZilla\FzResIt.dll (112,00 K/S -   114 688 bytes)
[19:49:58] - [24] MIRKO.POZEN: Début d'Upload de D:\kerberos.htx\fl.enzo\FileZilla\FzResJp.dll
[19:49:58] - [24] MIRKO.POZEN: Fichier Upload: D:\kerberos.htx\fl.enzo\FileZilla\FzResJp.dll (72,00 K/S -   73 728 bytes)
[19:49:58] - [25] MIRKO.POZEN: Début d'Upload de D:\kerberos.htx\fl.enzo\FileZilla\FzResKr.dll
[19:49:58] - [25] MIRKO.POZEN: Fichier Upload: D:\kerberos.htx\fl.enzo\FileZilla\FzResKr.dll (84,00 K/S -   86 016 bytes)
[19:49:58] - [24] MIRKO.POZEN: Début d'Upload de D:\kerberos.htx\fl.enzo\FileZilla\FzResNor.dll
[19:49:58] - [24] MIRKO.POZEN: Fichier Upload: D:\kerberos.htx\fl.enzo\FileZilla\FzResNor.dll (88,00 K/S -   90 112 bytes)
[19:49:58] - [25] MIRKO.POZEN: Début d'Upload de D:\kerberos.htx\fl.enzo\FileZilla\FzResPo.dll
[19:49:59] - [25] MIRKO.POZEN: Fichier Upload: D:\kerberos.htx\fl.enzo\FileZilla\FzResPo.dll (108,00 K/S -   110 592 bytes)
[19:49:59] - [24] MIRKO.POZEN: Début d'Upload de D:\kerberos.htx\fl.enzo\FileZilla\FzResRu.dll
[19:49:59] - [24] MIRKO.POZEN: Fichier Upload: D:\kerberos.htx\fl.enzo\FileZilla\FzResRu.dll (104,00 K/S -   106 496 bytes)
[19:49:59] - [25] MIRKO.POZEN: Début d'Upload de D:\kerberos.htx\fl.enzo\FileZilla\FzResSk.dll
[19:49:59] - [25] MIRKO.POZEN: Fichier Upload: D:\kerberos.htx\fl.enzo\FileZilla\FzResSk.dll (88,00 K/S -   90 112 bytes)
[19:49:59] - [24] MIRKO.POZEN: Début d'Upload de D:\kerberos.htx\fl.enzo\FileZilla\FzSFtp.exe
[19:49:59] - [25] MIRKO.POZEN: Début d'Upload de D:\kerberos.htx\fl.enzo\FileZilla\GPL.html
[19:49:59] - [25] MIRKO.POZEN: Fichier Upload: D:\kerberos.htx\fl.enzo\FileZilla\GPL.html (16,16 K/S -   16 543 bytes)
[19:49:59] - [24] MIRKO.POZEN: Fichier Upload: D:\kerberos.htx\fl.enzo\FileZilla\FzSFtp.exe (264,00 K/S -   270 336 bytes)
[19:49:59] - [25] MIRKO.POZEN: Début d'Upload de D:\kerberos.htx\fl.enzo\FileZilla\legal.htm
[19:49:59] - [25] MIRKO.POZEN: Fichier Upload: D:\kerberos.htx\fl.enzo\FileZilla\legal.htm (1,17 K/S -   1 196 bytes)
[19:49:59] - [24] MIRKO.POZEN: Début d'Upload de D:\kerberos.htx\fl.enzo\FileZilla\libeay32.dll
[19:50:00] - [25] MIRKO.POZEN: Début d'Upload de D:\kerberos.htx\fl.enzo\FileZilla\Nouveau document texte.txt
[19:50:00] - [25] MIRKO.POZEN: Fichier Upload: D:\kerberos.htx\fl.enzo\FileZilla\Nouveau document texte.txt (0,04 K/S -  21 874 680 bytes)
[19:50:00] - [25] MIRKO.POZEN: Début d'Upload de D:\kerberos.htx\fl.enzo\FileZilla\puttylicense.html
[19:50:00] - [25] MIRKO.POZEN: Fichier Upload: D:\kerberos.htx\fl.enzo\FileZilla\puttylicense.html (1,21 K/S -   1 239 bytes)
[19:50:00] - [25] MIRKO.POZEN: Début d'Upload de D:\kerberos.htx\fl.enzo\FileZilla\readme.htm
[19:50:00] - [25] MIRKO.POZEN: Fichier Upload: D:\kerberos.htx\fl.enzo\FileZilla\readme.htm (54,63 K/S -   55 944 bytes)
[19:50:01] - [24] MIRKO.POZEN: Fichier Upload: D:\kerberos.htx\fl.enzo\FileZilla\libeay32.dll (884,00 K/S -   905 216 bytes)
[19:50:01] - [25] MIRKO.POZEN: Début d'Upload de D:\kerberos.htx\fl.enzo\FileZilla\RFTP.skn
[19:50:01] - [24] MIRKO.POZEN: Début d'Upload de D:\kerberos.htx\fl.enzo\FileZilla\RFTP.swf
[19:50:01] - [24] MIRKO.POZEN: Fichier Upload: D:\kerberos.htx\fl.enzo\FileZilla\RFTP.swf (144,09 K/S -   147 548 bytes)
[19:50:01] - [24] MIRKO.POZEN: Répertoire en Cours: D:\kerberos.htx\fl.enzo\FileZilla\SProfiles\
[19:50:02] - [24] MIRKO.POZEN: Début d'Upload de D:\kerberos.htx\fl.enzo\FileZilla\SProfiles\Adobe.Profile
[19:50:02] - [24] MIRKO.POZEN: Fichier Upload: D:\kerberos.htx\fl.enzo\FileZilla\SProfiles\Adobe.Profile (0,07 K/S -    76 bytes)
[19:50:02] - [24] MIRKO.POZEN: Début d'Upload de D:\kerberos.htx\fl.enzo\FileZilla\SProfiles\Gateway 2000.Profile
[19:50:02] - [24] MIRKO.POZEN: Fichier Upload: D:\kerberos.htx\fl.enzo\FileZilla\SProfiles\Gateway 2000.Profile (0,09 K/S -    89 bytes)
[19:50:02] - [24] MIRKO.POZEN: Début d'Upload de D:\kerberos.htx\fl.enzo\FileZilla\SProfiles\Intel.Profile
[19:50:02] - [24] MIRKO.POZEN: Fichier Upload: D:\kerberos.htx\fl.enzo\FileZilla\SProfiles\Intel.Profile (0,07 K/S -    76 bytes)
[19:50:03] - [24] MIRKO.POZEN: Début d'Upload de D:\kerberos.htx\fl.enzo\FileZilla\SProfiles\IRS Tax Forms.Profile
[19:50:03] - [24] MIRKO.POZEN: Fichier Upload: D:\kerberos.htx\fl.enzo\FileZilla\SProfiles\IRS Tax Forms.Profile (0,08 K/S -    82 bytes)
[19:50:03] - [25] MIRKO.POZEN: Fichier Upload: D:\kerberos.htx\fl.enzo\FileZilla\RFTP.skn (1 037,20 K/S -  2 124 139 bytes)
[19:50:03] - [25] MIRKO.POZEN: Répertoire en Cours: D:\kerberos.htx\fl.enzo\FileZilla\SProfiles\
[19:50:03] - [24] MIRKO.POZEN: Début d'Upload de D:\kerberos.htx\fl.enzo\FileZilla\SProfiles\McAfee.Profile
[19:50:03] - [24] MIRKO.POZEN: Fichier Upload: D:\kerberos.htx\fl.enzo\FileZilla\SProfiles\McAfee.Profile (0,08 K/S -    78 bytes)
[19:50:03] - [25] MIRKO.POZEN: Début d'Upload de D:\kerberos.htx\fl.enzo\FileZilla\SProfiles\Netscape.Profile
[19:50:03] - [25] MIRKO.POZEN: Fichier Upload: D:\kerberos.htx\fl.enzo\FileZilla\SProfiles\Netscape.Profile (0,08 K/S -    82 bytes)
[19:50:03] - [24] MIRKO.POZEN: Début d'Upload de D:\kerberos.htx\fl.enzo\FileZilla\SProfiles\Novell.Profile
[19:50:03] - [24] MIRKO.POZEN: Fichier Upload: D:\kerberos.htx\fl.enzo\FileZilla\SProfiles\Novell.Profile (0,08 K/S -    78 bytes)
[19:50:04] - [25] MIRKO.POZEN: Début d'Upload de D:\kerberos.htx\fl.enzo\FileZilla\SProfiles\Sierra.Profile
[19:50:04] - [25] MIRKO.POZEN: Fichier Upload: D:\kerberos.htx\fl.enzo\FileZilla\SProfiles\Sierra.Profile (0,08 K/S -    78 bytes)
[19:50:04] - [24] MIRKO.POZEN: Début d'Upload de D:\kerberos.htx\fl.enzo\FileZilla\SProfiles\Symantec.Profile
[19:50:04] - [24] MIRKO.POZEN: Fichier Upload: D:\kerberos.htx\fl.enzo\FileZilla\SProfiles\Symantec.Profile (0,08 K/S -    82 bytes)
[19:50:04] - [25] MIRKO.POZEN: Début d'Upload de D:\kerberos.htx\fl.enzo\FileZilla\SProfiles\Walnut Creek CDROM.Profile
[19:50:04] - [25] MIRKO.POZEN: Fichier Upload: D:\kerberos.htx\fl.enzo\FileZilla\SProfiles\Walnut Creek CDROM.Profile (0,09 K/S -    89 bytes)
[19:50:04] - [24] MIRKO.POZEN: Début d'Upload de D:\kerberos.htx\fl.enzo\FileZilla\SProfiles\Winzip.Profile
[19:50:04] - [24] MIRKO.POZEN: Fichier Upload: D:\kerberos.htx\fl.enzo\FileZilla\SProfiles\Winzip.Profile (0,08 K/S -    78 bytes)
[19:50:04] - [25] MIRKO.POZEN: Début d'Upload de D:\kerberos.htx\fl.enzo\FileZilla\SProfiles\ZD Net.Profile
[19:50:04] - [25] MIRKO.POZEN: Fichier Upload: D:\kerberos.htx\fl.enzo\FileZilla\SProfiles\ZD Net.Profile (0,08 K/S -    77 bytes)
[19:50:04] - [24] MIRKO.POZEN: Répertoire en Cours: D:\kerberos.htx\fl.enzo\FileZilla\
[19:50:04] - [24] MIRKO.POZEN: Début d'Upload de D:\kerberos.htx\fl.enzo\FileZilla\ssleay32.dll
[19:50:04] - [25] MIRKO.POZEN: Répertoire en Cours: D:\kerberos.htx\fl.enzo\FileZilla\
[19:50:04] - [25] MIRKO.POZEN: Début d'Upload de D:\kerberos.htx\fl.enzo\FileZilla\Thumbs.db
[19:50:04] - [24] MIRKO.POZEN: Fichier Upload: D:\kerberos.htx\fl.enzo\FileZilla\ssleay32.dll (188,00 K/S -   192 512 bytes)
[19:50:05] - [25] MIRKO.POZEN: Fichier Upload: D:\kerberos.htx\fl.enzo\FileZilla\Thumbs.db (26,00 K/S -   26 624 bytes)
[19:50:05] - [24] MIRKO.POZEN: Début d'Upload de D:\kerberos.htx\fl.enzo\FileZilla\unins000.dat
[19:50:05] - [24] MIRKO.POZEN: Fichier Upload: D:\kerberos.htx\fl.enzo\FileZilla\unins000.dat (14,06 K/S -   14 396 bytes)
[19:50:05] - [25] MIRKO.POZEN: Début d'Upload de D:\kerberos.htx\fl.enzo\FileZilla\uninstall.exe
[19:50:05] - [25] MIRKO.POZEN: Fichier Upload: D:\kerberos.htx\fl.enzo\FileZilla\uninstall.exe (61,72 K/S -   63 204 bytes)
[19:50:05] - [24] MIRKO.POZEN: Début d'Upload de D:\kerberos.htx\fl.enzo\FileZilla\zilladm.swf
[19:50:05] - [24] MIRKO.POZEN: Fichier Upload: D:\kerberos.htx\fl.enzo\FileZilla\zilladm.swf (133,74 K/S -   136 946 bytes)
[19:50:14] - [25] Client 192.168.0.1 Déconnecté (00:00:25 Min)
[19:50:14] - [24] Client 192.168.0.1 Déconnecté (00:00:25 Min)
[19:50:14] - [23] Client 192.168.0.1 Déconnecté (00:00:46 Min)
[19:54:28] - [26] Connecté à 192.168.0.51. Collecte du Nom d'utilisateur.
[19:54:28] - [26] Client 192.168.0.51 Déconnecté (00:00:00 Min)
[19:56:11] - [27] Connecté à 192.168.0.51. Collecte du Nom d'utilisateur.
[19:56:11] - [27] Client 192.168.0.51 Déconnecté (00:00:00 Min)
[19:58:44] - [28] Connecté à 77.132.5.209. Collecte du Nom d'utilisateur.
[19:58:44] - [28] Usager MIRKO.POZEN Connecté IP: 77.132.5.209
[19:58:44] - [28] MIRKO.POZEN: Répertoire en Cours: D:\kerberos.htx\
[19:58:45] - [28] MIRKO.POZEN: Répertoire en Cours: D:\kerberos.htx\
[19:58:54] - [28] MIRKO.POZEN: Répertoire en Cours: D:\kerberos.htx\fl.enzo\
[19:59:06] - [28] MIRKO.POZEN: Répertoire en Cours: D:\kerberos.htx\fl.enzo\FileZilla\
[20:00:28] - [28] MIRKO.POZEN: Répertoire en Cours: D:\kerberos.htx\
[20:00:28] - [28] MIRKO.POZEN: Répertoire en Cours: D:\kerberos.htx\antivirii\
[20:00:45] - [28] MIRKO.POZEN: Répertoire en Cours: D:\kerberos.htx\
[20:00:45] - [28] MIRKO.POZEN: Répertoire en Cours: D:\kerberos.htx\exe\
[20:21:55] - [29] Connecté à 192.168.0.1. Collecte du Nom d'utilisateur.
[20:21:55] - [29] Usager MIRKO.POZEN Connecté IP: 192.168.0.1
[20:21:55] - [29] MIRKO.POZEN: Répertoire en Cours: D:\kerberos.htx\
[20:21:55] - [29] MIRKO.POZEN: Répertoire en Cours: D:\kerberos.htx\
[20:22:04] - [29] MIRKO.POZEN: Répertoire en Cours: D:\kerberos.htx\fl.enzo\
[20:22:04] - [29] MIRKO.POZEN: Répertoire en Cours: D:\kerberos.htx\fl.enzo\FileZilla\
[20:22:05] - [29] MIRKO.POZEN: Répertoire en Cours: D:\kerberos.htx\fl.enzo\FileZilla\SProfiles\
[20:22:05] - [30] Connecté à 192.168.0.1. Collecte du Nom d'utilisateur.
[20:22:05] - [31] Connecté à 192.168.0.1. Collecte du Nom d'utilisateur.
[20:22:05] - [30] Usager MIRKO.POZEN Connecté IP: 192.168.0.1
[20:22:05] - [30] MIRKO.POZEN: Répertoire en Cours: D:\kerberos.htx\
[20:22:05] - [31] Usager MIRKO.POZEN Connecté IP: 192.168.0.1
[20:22:05] - [31] MIRKO.POZEN: Répertoire en Cours: D:\kerberos.htx\
[20:22:05] - [30] MIRKO.POZEN: Répertoire en Cours: D:\kerberos.htx\fl.enzo\FileZilla\
[20:22:05] - [31] MIRKO.POZEN: Répertoire en Cours: D:\kerberos.htx\fl.enzo\FileZilla\
[20:22:05] - [31] MIRKO.POZEN: Début du Téléchargement de: D:\kerberos.htx\fl.enzo\FileZilla\DMHelp.chm
[20:22:05] - [30] MIRKO.POZEN: Début du Téléchargement de: D:\kerberos.htx\fl.enzo\FileZilla\dbghelp.dll
[20:22:05] - [31] MIRKO.POZEN: Fichier envoyé: D:\kerberos.htx\fl.enzo\FileZilla\DMHelp.chm (212,81 K/S -   217 914 bytes)
[20:22:06] - [31] MIRKO.POZEN: Début du Téléchargement de: D:\kerberos.htx\fl.enzo\FileZilla\DMSplash.spl
[20:22:06] - [30] MIRKO.POZEN: Fichier envoyé: D:\kerberos.htx\fl.enzo\FileZilla\dbghelp.dll (316,00 K/S -   323 584 bytes)
[20:22:06] - [30] MIRKO.POZEN: Début du Téléchargement de: D:\kerberos.htx\fl.enzo\FileZilla\FileZilla.chm
[20:22:06] - [31] MIRKO.POZEN: Fichier envoyé: D:\kerberos.htx\fl.enzo\FileZilla\DMSplash.spl (299,63 K/S -   306 818 bytes)
[20:22:06] - [31] MIRKO.POZEN: Début du Téléchargement de: D:\kerberos.htx\fl.enzo\FileZilla\FileZilla.exe
[20:22:07] - [30] MIRKO.POZEN: Fichier envoyé: D:\kerberos.htx\fl.enzo\FileZilla\FileZilla.chm (275,56 K/S -   282 176 bytes)
[20:22:07] - [30] MIRKO.POZEN: Début du Téléchargement de: D:\kerberos.htx\fl.enzo\FileZilla\FileZilla.pdb
[20:22:10] - [31] MIRKO.POZEN: Fichier envoyé: D:\kerberos.htx\fl.enzo\FileZilla\FileZilla.exe (530,67 K/S -  1 630 208 bytes)
[20:22:10] - [31] MIRKO.POZEN: Début du Téléchargement de: D:\kerberos.htx\fl.enzo\FileZilla\FileZilla.xml
[20:22:10] - [31] MIRKO.POZEN: Fichier envoyé: D:\kerberos.htx\fl.enzo\FileZilla\FileZilla.xml (9,15 K/S -   9 374 bytes)
[20:22:10] - [31] MIRKO.POZEN: Début du Téléchargement de: D:\kerberos.htx\fl.enzo\FileZilla\FileZillaFrench.chm
[20:22:11] - [31] MIRKO.POZEN: Fichier envoyé: D:\kerberos.htx\fl.enzo\FileZilla\FileZillaFrench.chm (282,64 K/S -   289 419 bytes)
[20:22:11] - [31] MIRKO.POZEN: Début du Téléchargement de: D:\kerberos.htx\fl.enzo\FileZilla\FTPHelp.chm
[20:22:11] - [31] MIRKO.POZEN: Fichier envoyé: D:\kerberos.htx\fl.enzo\FileZilla\FTPHelp.chm (171,76 K/S -   175 885 bytes)
[20:22:11] - [31] MIRKO.POZEN: Début du Téléchargement de: D:\kerberos.htx\fl.enzo\FileZilla\FTPSplash.spl
[20:22:12] - [31] MIRKO.POZEN: Fichier envoyé: D:\kerberos.htx\fl.enzo\FileZilla\FTPSplash.spl (257,36 K/S -   263 540 bytes)
[20:22:12] - [31] MIRKO.POZEN: Début du Téléchargement de: D:\kerberos.htx\fl.enzo\FileZilla\FzGSS.dll
[20:22:12] - [31] MIRKO.POZEN: Fichier envoyé: D:\kerberos.htx\fl.enzo\FileZilla\FzGSS.dll (61,50 K/S -   62 976 bytes)
[20:22:12] - [31] MIRKO.POZEN: Début du Téléchargement de: D:\kerberos.htx\fl.enzo\FileZilla\FzResBr.dll
[20:22:13] - [31] MIRKO.POZEN: Fichier envoyé: D:\kerberos.htx\fl.enzo\FileZilla\FzResBr.dll (112,00 K/S -   114 688 bytes)
[20:22:13] - [31] MIRKO.POZEN: Début du Téléchargement de: D:\kerberos.htx\fl.enzo\FileZilla\FzResBu.dll
[20:22:13] - [31] MIRKO.POZEN: Fichier envoyé: D:\kerberos.htx\fl.enzo\FileZilla\FzResBu.dll (108,00 K/S -   110 592 bytes)
[20:22:13] - [31] MIRKO.POZEN: Début du Téléchargement de: D:\kerberos.htx\fl.enzo\FileZilla\FzResCa.dll
[20:22:13] - [31] MIRKO.POZEN: Fichier envoyé: D:\kerberos.htx\fl.enzo\FileZilla\FzResCa.dll (100,00 K/S -   102 400 bytes)
[20:22:13] - [31] MIRKO.POZEN: Début du Téléchargement de: D:\kerberos.htx\fl.enzo\FileZilla\FzResCh.dll
[20:22:13] - [31] MIRKO.POZEN: Fichier envoyé: D:\kerberos.htx\fl.enzo\FileZilla\FzResCh.dll (80,00 K/S -   81 920 bytes)
[20:22:14] - [31] MIRKO.POZEN: Début du Téléchargement de: D:\kerberos.htx\fl.enzo\FileZilla\FzResChs.dll
[20:22:14] - [31] MIRKO.POZEN: Fichier envoyé: D:\kerberos.htx\fl.enzo\FileZilla\FzResChs.dll (76,00 K/S -   77 824 bytes)
[20:22:14] - [31] MIRKO.POZEN: Début du Téléchargement de: D:\kerberos.htx\fl.enzo\FileZilla\FzResCze.dll
[20:22:14] - [31] MIRKO.POZEN: Fichier envoyé: D:\kerberos.htx\fl.enzo\FileZilla\FzResCze.dll (84,00 K/S -   86 016 bytes)
[20:22:14] - [31] MIRKO.POZEN: Début du Téléchargement de: D:\kerberos.htx\fl.enzo\FileZilla\FzResDe.dll
[20:22:14] - [31] MIRKO.POZEN: Fichier envoyé: D:\kerberos.htx\fl.enzo\FileZilla\FzResDe.dll (116,00 K/S -   118 784 bytes)
[20:22:14] - [31] MIRKO.POZEN: Début du Téléchargement de: D:\kerberos.htx\fl.enzo\FileZilla\FzResEs.dll
[20:22:15] - [31] MIRKO.POZEN: Fichier envoyé: D:\kerberos.htx\fl.enzo\FileZilla\FzResEs.dll (108,00 K/S -   110 592 bytes)
[20:22:15] - [31] MIRKO.POZEN: Début du Téléchargement de: D:\kerberos.htx\fl.enzo\FileZilla\FzResFr.dll
[20:22:15] - [31] MIRKO.POZEN: Fichier envoyé: D:\kerberos.htx\fl.enzo\FileZilla\FzResFr.dll (116,00 K/S -   118 784 bytes)
[20:22:15] - [31] MIRKO.POZEN: Début du Téléchargement de: D:\kerberos.htx\fl.enzo\FileZilla\FzResHu.dll
[20:22:15] - [31] MIRKO.POZEN: Fichier envoyé: D:\kerberos.htx\fl.enzo\FileZilla\FzResHu.dll (96,00 K/S -   98 304 bytes)
[20:22:15] - [31] MIRKO.POZEN: Début du Téléchargement de: D:\kerberos.htx\fl.enzo\FileZilla\FzResIt.dll
[20:22:15] - [31] MIRKO.POZEN: Fichier envoyé: D:\kerberos.htx\fl.enzo\FileZilla\FzResIt.dll (112,00 K/S -   114 688 bytes)
[20:22:15] - [31] MIRKO.POZEN: Début du Téléchargement de: D:\kerberos.htx\fl.enzo\FileZilla\FzResJp.dll
[20:22:16] - [31] MIRKO.POZEN: Fichier envoyé: D:\kerberos.htx\fl.enzo\FileZilla\FzResJp.dll (72,00 K/S -   73 728 bytes)
[20:22:16] - [31] MIRKO.POZEN: Début du Téléchargement de: D:\kerberos.htx\fl.enzo\FileZilla\FzResKr.dll
[20:22:16] - [31] MIRKO.POZEN: Fichier envoyé: D:\kerberos.htx\fl.enzo\FileZilla\FzResKr.dll (84,00 K/S -   86 016 bytes)
[20:22:16] - [31] MIRKO.POZEN: Début du Téléchargement de: D:\kerberos.htx\fl.enzo\FileZilla\FzResNor.dll
[20:22:16] - [31] MIRKO.POZEN: Fichier envoyé: D:\kerberos.htx\fl.enzo\FileZilla\FzResNor.dll (88,00 K/S -   90 112 bytes)
[20:22:16] - [31] MIRKO.POZEN: Début du Téléchargement de: D:\kerberos.htx\fl.enzo\FileZilla\FzResPo.dll
[20:22:16] - [31] MIRKO.POZEN: Fichier envoyé: D:\kerberos.htx\fl.enzo\FileZilla\FzResPo.dll (108,00 K/S -   110 592 bytes)
[20:22:16] - [31] MIRKO.POZEN: Début du Téléchargement de: D:\kerberos.htx\fl.enzo\FileZilla\FzResRu.dll
[20:22:17] - [31] MIRKO.POZEN: Fichier envoyé: D:\kerberos.htx\fl.enzo\FileZilla\FzResRu.dll (104,00 K/S -   106 496 bytes)
[20:22:17] - [31] MIRKO.POZEN: Début du Téléchargement de: D:\kerberos.htx\fl.enzo\FileZilla\FzResSk.dll
[20:22:17] - [31] MIRKO.POZEN: Fichier envoyé: D:\kerberos.htx\fl.enzo\FileZilla\FzResSk.dll (88,00 K/S -   90 112 bytes)
[20:22:17] - [31] MIRKO.POZEN: Début du Téléchargement de: D:\kerberos.htx\fl.enzo\FileZilla\FzSFtp.exe
[20:22:18] - [31] MIRKO.POZEN: Fichier envoyé: D:\kerberos.htx\fl.enzo\FileZilla\FzSFtp.exe (264,00 K/S -   270 336 bytes)
[20:22:18] - [31] MIRKO.POZEN: Début du Téléchargement de: D:\kerberos.htx\fl.enzo\FileZilla\GPL.html
[20:22:18] - [31] MIRKO.POZEN: Fichier envoyé: D:\kerberos.htx\fl.enzo\FileZilla\GPL.html (16,16 K/S -   16 543 bytes)
[20:22:18] - [31] MIRKO.POZEN: Début du Téléchargement de: D:\kerberos.htx\fl.enzo\FileZilla\legal.htm
[20:22:18] - [31] MIRKO.POZEN: Fichier envoyé: D:\kerberos.htx\fl.enzo\FileZilla\legal.htm (1,17 K/S -   1 196 bytes)
[20:22:18] - [31] MIRKO.POZEN: Début du Téléchargement de: D:\kerberos.htx\fl.enzo\FileZilla\libeay32.dll
[20:22:20] - [31] MIRKO.POZEN: Fichier envoyé: D:\kerberos.htx\fl.enzo\FileZilla\libeay32.dll (442,00 K/S -   905 216 bytes)
[20:22:20] - [31] MIRKO.POZEN: Début du Téléchargement de: D:\kerberos.htx\fl.enzo\FileZilla\puttylicense.html
[20:22:20] - [31] MIRKO.POZEN: Fichier envoyé: D:\kerberos.htx\fl.enzo\FileZilla\puttylicense.html (1,21 K/S -   1 239 bytes)
[20:22:20] - [31] MIRKO.POZEN: Début du Téléchargement de: D:\kerberos.htx\fl.enzo\FileZilla\readme.htm
[20:22:20] - [31] MIRKO.POZEN: Fichier envoyé: D:\kerberos.htx\fl.enzo\FileZilla\readme.htm (54,63 K/S -   55 944 bytes)
[20:22:20] - [31] MIRKO.POZEN: Début du Téléchargement de: D:\kerberos.htx\fl.enzo\FileZilla\RFTP.skn
[20:22:21] - [30] MIRKO.POZEN: Fichier envoyé: D:\kerberos.htx\fl.enzo\FileZilla\FileZilla.pdb (449,27 K/S -  6 900 736 bytes)
[20:22:21] - [30] MIRKO.POZEN: Début du Téléchargement de: D:\kerberos.htx\fl.enzo\FileZilla\RFTP.swf
[20:22:22] - [30] MIRKO.POZEN: Fichier envoyé: D:\kerberos.htx\fl.enzo\FileZilla\RFTP.swf (144,09 K/S -   147 548 bytes)
[20:22:22] - [30] MIRKO.POZEN: Début du Téléchargement de: D:\kerberos.htx\fl.enzo\FileZilla\ssleay32.dll
[20:22:22] - [30] MIRKO.POZEN: Fichier envoyé: D:\kerberos.htx\fl.enzo\FileZilla\ssleay32.dll (188,00 K/S -   192 512 bytes)
[20:22:22] - [30] MIRKO.POZEN: Début du Téléchargement de: D:\kerberos.htx\fl.enzo\FileZilla\Thumbs.db
[20:22:22] - [30] MIRKO.POZEN: Fichier envoyé: D:\kerberos.htx\fl.enzo\FileZilla\Thumbs.db (26,00 K/S -   26 624 bytes)
[20:22:22] - [30] MIRKO.POZEN: Début du Téléchargement de: D:\kerberos.htx\fl.enzo\FileZilla\unins000.dat
[20:22:22] - [30] MIRKO.POZEN: Fichier envoyé: D:\kerberos.htx\fl.enzo\FileZilla\unins000.dat (14,06 K/S -   14 396 bytes)
[20:22:23] - [30] MIRKO.POZEN: Début du Téléchargement de: D:\kerberos.htx\fl.enzo\FileZilla\uninstall.exe
[20:22:23] - [30] MIRKO.POZEN: Fichier envoyé: D:\kerberos.htx\fl.enzo\FileZilla\uninstall.exe (61,72 K/S -   63 204 bytes)
[20:22:23] - [30] MIRKO.POZEN: Début du Téléchargement de: D:\kerberos.htx\fl.enzo\FileZilla\zilladm.swf
[20:22:23] - [30] MIRKO.POZEN: Fichier envoyé: D:\kerberos.htx\fl.enzo\FileZilla\zilladm.swf (133,74 K/S -   136 946 bytes)
[20:22:23] - [30] MIRKO.POZEN: Répertoire en Cours: D:\kerberos.htx\fl.enzo\FileZilla\SProfiles\
[20:22:23] - [30] MIRKO.POZEN: Début du Téléchargement de: D:\kerberos.htx\fl.enzo\FileZilla\SProfiles\Adobe.Profile
[20:22:23] - [30] MIRKO.POZEN: Fichier envoyé: D:\kerberos.htx\fl.enzo\FileZilla\SProfiles\Adobe.Profile (0,07 K/S -    76 bytes)
[20:22:24] - [30] MIRKO.POZEN: Début du Téléchargement de: D:\kerberos.htx\fl.enzo\FileZilla\SProfiles\Gateway 2000.Profile
[20:22:24] - [30] MIRKO.POZEN: Fichier envoyé: D:\kerberos.htx\fl.enzo\FileZilla\SProfiles\Gateway 2000.Profile (0,09 K/S -    89 bytes)
[20:22:24] - [30] MIRKO.POZEN: Début du Téléchargement de: D:\kerberos.htx\fl.enzo\FileZilla\SProfiles\Intel.Profile
[20:22:24] - [30] MIRKO.POZEN: Fichier envoyé: D:\kerberos.htx\fl.enzo\FileZilla\SProfiles\Intel.Profile (0,07 K/S -    76 bytes)
[20:22:24] - [31] MIRKO.POZEN: Fichier envoyé: D:\kerberos.htx\fl.enzo\FileZilla\RFTP.skn (691,45 K/S -  2 124 139 bytes)
[20:22:24] - [30] MIRKO.POZEN: Début du Téléchargement de: D:\kerberos.htx\fl.enzo\FileZilla\SProfiles\IRS Tax Forms.Profile
[20:22:24] - [30] MIRKO.POZEN: Fichier envoyé: D:\kerberos.htx\fl.enzo\FileZilla\SProfiles\IRS Tax Forms.Profile (0,08 K/S -    82 bytes)
[20:22:24] - [30] MIRKO.POZEN: Début du Téléchargement de: D:\kerberos.htx\fl.enzo\FileZilla\SProfiles\McAfee.Profile
[20:22:24] - [30] MIRKO.POZEN: Fichier envoyé: D:\kerberos.htx\fl.enzo\FileZilla\SProfiles\McAfee.Profile (0,08 K/S -    78 bytes)
[20:22:25] - [31] MIRKO.POZEN: Répertoire en Cours: D:\kerberos.htx\fl.enzo\FileZilla\SProfiles\
[20:22:25] - [31] MIRKO.POZEN: Début du Téléchargement de: D:\kerberos.htx\fl.enzo\FileZilla\SProfiles\Netscape.Profile
[20:22:25] - [30] MIRKO.POZEN: Début du Téléchargement de: D:\kerberos.htx\fl.enzo\FileZilla\SProfiles\Novell.Profile
[20:22:25] - [31] MIRKO.POZEN: Fichier envoyé: D:\kerberos.htx\fl.enzo\FileZilla\SProfiles\Netscape.Profile (0,08 K/S -    82 bytes)
[20:22:25] - [30] MIRKO.POZEN: Fichier envoyé: D:\kerberos.htx\fl.enzo\FileZilla\SProfiles\Novell.Profile (0,08 K/S -    78 bytes)
[20:22:25] - [30] MIRKO.POZEN: Début du Téléchargement de: D:\kerberos.htx\fl.enzo\FileZilla\SProfiles\Sierra.Profile
[20:22:25] - [30] MIRKO.POZEN: Fichier envoyé: D:\kerberos.htx\fl.enzo\FileZilla\SProfiles\Sierra.Profile (0,08 K/S -    78 bytes)
[20:22:25] - [31] MIRKO.POZEN: Début du Téléchargement de: D:\kerberos.htx\fl.enzo\FileZilla\SProfiles\Symantec.Profile
[20:22:25] - [31] MIRKO.POZEN: Fichier envoyé: D:\kerberos.htx\fl.enzo\FileZilla\SProfiles\Symantec.Profile (0,08 K/S -    82 bytes)
[20:22:25] - [30] MIRKO.POZEN: Début du Téléchargement de: D:\kerberos.htx\fl.enzo\FileZilla\SProfiles\Walnut Creek CDROM.Profile
[20:22:25] - [30] MIRKO.POZEN: Fichier envoyé: D:\kerberos.htx\fl.enzo\FileZilla\SProfiles\Walnut Creek CDROM.Profile (0,09 K/S -    89 bytes)
[20:22:25] - [31] MIRKO.POZEN: Début du Téléchargement de: D:\kerberos.htx\fl.enzo\FileZilla\SProfiles\Winzip.Profile
[20:22:25] - [31] MIRKO.POZEN: Fichier envoyé: D:\kerberos.htx\fl.enzo\FileZilla\SProfiles\Winzip.Profile (0,08 K/S -    78 bytes)
[20:22:25] - [30] MIRKO.POZEN: Début du Téléchargement de: D:\kerberos.htx\fl.enzo\FileZilla\SProfiles\ZD Net.Profile
[20:22:25] - [30] MIRKO.POZEN: Fichier envoyé: D:\kerberos.htx\fl.enzo\FileZilla\SProfiles\ZD Net.Profile (0,08 K/S -    77 bytes)
[20:22:56] - [31] Client 192.168.0.1 Déconnecté (00:00:51 Min)
[20:22:57] - [30] Client 192.168.0.1 Déconnecté (00:00:51 Min)
[20:23:46] - [29] Client 192.168.0.1 Déconnecté (00:01:50 Min)
[21:48:04] - [28] Client 77.132.5.209 Déconnecté (01:49:20 Min)
[23:11:46] - [32] Connecté à 51.38.12.23. Collecte du Nom d'utilisateur.
[23:11:47] - [32] Client 51.38.12.23 Déconnecté (00:00:00 Min)
[23:59:41] - [33] Connecté à 196.52.43.126. Collecte du Nom d'utilisateur.
[23:59:51] - [33] Client 196.52.43.126 Déconnecté (00:00:09 Min)
