[00:22:20] - [22] Connecté à 90.6.49.146. Collecte du Nom d'utilisateur.
[00:22:21] - [22] Usager ANONYMOUS Connecté IP: 90.6.49.146
[00:22:21] - [22] Mot de Passe Incorrect: Utilisateur ANONYMOUS IP: 90.6.49.146
[00:22:21] - [23] Connecté à 90.6.49.146. Collecte du Nom d'utilisateur.
[00:22:21] - [22] Client 90.6.49.146 Déconnecté (00:00:00 Min)
[00:22:24] - [23] Client 90.6.49.146 Déconnecté (00:00:02 Min)
[00:26:46] - [24] Connecté à 192.168.0.5. Collecte du Nom d'utilisateur.
[00:26:51] - [24] Client 192.168.0.5 Déconnecté (00:00:05 Min)
[01:56:28] - [25] Connecté à 139.162.73.19. Collecte du Nom d'utilisateur.
[01:56:29] - [25] Client 139.162.73.19 Déconnecté (00:00:00 Min)
[09:42:54] - [26] Connecté à 192.168.0.5. Collecte du Nom d'utilisateur.
[09:42:59] - [26] Client 192.168.0.5 Déconnecté (00:00:05 Min)
[09:43:54] - [27] Connecté à 91.246.99.242. Collecte du Nom d'utilisateur.
[09:43:54] - [27] Authentification Incorrect: Utilisateur GUEST IP: 91.246.99.242
[09:43:54] - [27] Client 91.246.99.242 Déconnecté (00:00:00 Min)
[11:33:09] - [28] Connecté à 90.6.49.146. Collecte du Nom d'utilisateur.
[11:33:09] - [28] Usager SPOKE.FILES Connecté IP: 90.6.49.146
[11:33:09] - [28] SPOKE.FILES: Répertoire en Cours: F:\spoke.files\
[11:33:09] - [28] SPOKE.FILES: Répertoire en Cours: F:\spoke.files\
[11:33:53] - [28] SPOKE.FILES: Répertoire en Cours: F:\spoke.files\
[11:33:53] - [28] SPOKE.FILES: Nouveau Répertoire: F:\spoke.files\tools
[11:33:56] - [28] SPOKE.FILES: Répertoire en Cours: F:\spoke.files\tools\
[11:34:12] - [28] SPOKE.FILES: Répertoire en Cours: F:\spoke.files\tools\
[11:34:12] - [28] SPOKE.FILES: Nouveau Répertoire: F:\spoke.files\tools\superscan4
[11:34:12] - [29] Connecté à 90.6.49.146. Collecte du Nom d'utilisateur.
[11:34:12] - [30] Connecté à 90.6.49.146. Collecte du Nom d'utilisateur.
[11:34:12] - [28] SPOKE.FILES: Répertoire en Cours: F:\spoke.files\tools\
[11:34:12] - [28] SPOKE.FILES: Nouveau Répertoire: F:\spoke.files\tools\superscan4
[11:34:12] - [30] Usager SPOKE.FILES Connecté IP: 90.6.49.146
[11:34:12] - [30] SPOKE.FILES: Répertoire en Cours: F:\spoke.files\
[11:34:12] - [29] Trop D'Usager Connecter Pour ce Login: SPOKE.FILES IP: 90.6.49.146
[11:34:12] - [28] SPOKE.FILES: Répertoire en Cours: F:\spoke.files\tools\superscan4\
[11:34:12] - [29] Client 90.6.49.146 Déconnecté (00:00:00 Min)
[11:34:12] - [30] SPOKE.FILES: Répertoire en Cours: F:\spoke.files\tools\superscan4\
[11:34:13] - [28] SPOKE.FILES: Début d'Upload de F:\spoke.files\tools\superscan4\ReadMe.txt
[11:34:13] - [30] SPOKE.FILES: Début d'Upload de F:\spoke.files\tools\superscan4\registry.txt
[11:34:13] - [28] SPOKE.FILES: Fichier Upload: F:\spoke.files\tools\superscan4\ReadMe.txt (5,11 K/S -   5 233 bytes)
[11:34:13] - [30] SPOKE.FILES: Fichier Upload: F:\spoke.files\tools\superscan4\registry.txt (8,45 K/S -   8 648 bytes)
[11:34:13] - [30] SPOKE.FILES: Début d'Upload de F:\spoke.files\tools\superscan4\report.html
[11:34:13] - [30] SPOKE.FILES: Fichier Upload: F:\spoke.files\tools\superscan4\report.html (1,60 K/S -   1 640 bytes)
[11:34:13] - [30] SPOKE.FILES: Début d'Upload de F:\spoke.files\tools\superscan4\scanlog.txt
[11:34:13] - [30] SPOKE.FILES: Fichier Upload: F:\spoke.files\tools\superscan4\scanlog.txt (0,00 K/S -  20 128 028 bytes)
[11:34:14] - [30] SPOKE.FILES: Début d'Upload de F:\spoke.files\tools\superscan4\SuperScan4.exe
[11:34:14] - [30] SPOKE.FILES: Fichier Upload: F:\spoke.files\tools\superscan4\SuperScan4.exe (202,50 K/S -   207 360 bytes)
[11:34:23] - [30] SPOKE.FILES: Début d'Upload de F:\spoke.files\tools\superscan4\ipscan24.exe
[11:34:26] - [30] SPOKE.FILES: Fichier Upload: F:\spoke.files\tools\superscan4\ipscan24.exe (2 999,20 K/S -  9 213 648 bytes)
[11:34:56] - [30] Client 90.6.49.146 Déconnecté (00:00:44 Min)
[11:35:38] - [28] SPOKE.FILES: Répertoire en Cours: F:\spoke.files\tools\
[11:36:08] - [28] SPOKE.FILES: Répertoire en Cours: F:\spoke.files\tools\
[11:36:08] - [28] SPOKE.FILES: Nouveau Répertoire: F:\spoke.files\tools\acunetix-web-vulnerability-scanner_10
[11:36:15] - [28] SPOKE.FILES: Répertoire en Cours: F:\spoke.files\tools\acunetix-web-vulnerability-scanner_10\
[11:36:18] - [31] Connecté à 90.6.49.146. Collecte du Nom d'utilisateur.
[11:36:18] - [32] Connecté à 90.6.49.146. Collecte du Nom d'utilisateur.
[11:36:18] - [31] Usager SPOKE.FILES Connecté IP: 90.6.49.146
[11:36:18] - [31] SPOKE.FILES: Répertoire en Cours: F:\spoke.files\
[11:36:18] - [32] Usager SPOKE.FILES Connecté IP: 90.6.49.146
[11:36:18] - [32] SPOKE.FILES: Répertoire en Cours: F:\spoke.files\
[11:36:18] - [31] SPOKE.FILES: Répertoire en Cours: F:\spoke.files\tools\acunetix-web-vulnerability-scanner_10\
[11:36:18] - [32] SPOKE.FILES: Répertoire en Cours: F:\spoke.files\tools\acunetix-web-vulnerability-scanner_10\
[11:36:18] - [31] SPOKE.FILES: Début d'Upload de F:\spoke.files\tools\acunetix-web-vulnerability-scanner_10\acunetix-web-vulnerability-scanner_10-5-20160215_fr_47882.exe
[11:36:18] - [32] SPOKE.FILES: Début d'Upload de F:\spoke.files\tools\acunetix-web-vulnerability-scanner_10\Acunetix =10,5=.rar
[11:36:37] - [31] SPOKE.FILES: Fichier Upload: F:\spoke.files\tools\acunetix-web-vulnerability-scanner_10\acunetix-web-vulnerability-scanner_10-5-20160215_fr_47882.exe (1 574,80 K/S -  30 639 184 bytes)
[11:36:43] - [32] SPOKE.FILES: Fichier Upload: F:\spoke.files\tools\acunetix-web-vulnerability-scanner_10\Acunetix =10,5=.rar (1 834,80 K/S -  46 971 758 bytes)
[11:37:08] - [31] Client 90.6.49.146 Déconnecté (00:00:50 Min)
[11:37:14] - [32] Client 90.6.49.146 Déconnecté (00:00:56 Min)
[11:37:20] - [33] Connecté à 90.6.49.146. Collecte du Nom d'utilisateur.
[11:37:20] - [33] Client 90.6.49.146 Déconnecté (00:00:00 Min)
[11:37:44] - [34] Connecté à 90.6.49.146. Collecte du Nom d'utilisateur.
[11:37:44] - [34] Client 90.6.49.146 Déconnecté (00:00:00 Min)
[11:38:16] - [28] SPOKE.FILES: Répertoire en Cours: F:\spoke.files\tools\
[11:38:16] - [28] SPOKE.FILES: Nouveau Répertoire: F:\spoke.files\tools\LOIC-1.0.8-binary
[11:38:16] - [28] SPOKE.FILES: Répertoire en Cours: F:\spoke.files\tools\
[11:38:16] - [35] Connecté à 90.6.49.146. Collecte du Nom d'utilisateur.
[11:38:16] - [28] SPOKE.FILES: Nouveau Répertoire: F:\spoke.files\tools\LOIC-1.0.8-binary
[11:38:16] - [36] Connecté à 90.6.49.146. Collecte du Nom d'utilisateur.
[11:38:16] - [28] SPOKE.FILES: Répertoire en Cours: F:\spoke.files\tools\LOIC-1.0.8-binary\
[11:38:16] - [35] Usager SPOKE.FILES Connecté IP: 90.6.49.146
[11:38:16] - [35] SPOKE.FILES: Répertoire en Cours: F:\spoke.files\
[11:38:16] - [28] SPOKE.FILES: Nouveau Répertoire: F:\spoke.files\tools\LOIC-1.0.8-binary\Hoic
[11:38:16] - [36] Usager SPOKE.FILES Connecté IP: 90.6.49.146
[11:38:16] - [36] SPOKE.FILES: Répertoire en Cours: F:\spoke.files\
[11:38:16] - [28] SPOKE.FILES: Répertoire en Cours: F:\spoke.files\tools\LOIC-1.0.8-binary\
[11:38:16] - [28] SPOKE.FILES: Nouveau Répertoire: F:\spoke.files\tools\LOIC-1.0.8-binary\Hoic
[11:38:16] - [28] SPOKE.FILES: Répertoire en Cours: F:\spoke.files\tools\LOIC-1.0.8-binary\Hoic\
[11:38:16] - [28] SPOKE.FILES: Nouveau Répertoire: F:\spoke.files\tools\LOIC-1.0.8-binary\Hoic\buttons2
[11:38:16] - [35] SPOKE.FILES: Répertoire en Cours: F:\spoke.files\tools\LOIC-1.0.8-binary\Hoic\
[11:38:16] - [36] SPOKE.FILES: Répertoire en Cours: F:\spoke.files\tools\LOIC-1.0.8-binary\Hoic\buttons2\
[11:38:16] - [28] SPOKE.FILES: Répertoire en Cours: F:\spoke.files\tools\LOIC-1.0.8-binary\Hoic\
[11:38:16] - [35] SPOKE.FILES: Nouveau Répertoire: F:\spoke.files\tools\LOIC-1.0.8-binary\Hoic\buttons2
[11:38:16] - [36] SPOKE.FILES: Nouveau Répertoire: F:\spoke.files\tools\LOIC-1.0.8-binary\Hoic\buttons2\buttons
[11:38:16] - [28] SPOKE.FILES: Nouveau Répertoire: F:\spoke.files\tools\LOIC-1.0.8-binary\Hoic\buttons2
[11:38:16] - [35] SPOKE.FILES: Répertoire en Cours: F:\spoke.files\tools\LOIC-1.0.8-binary\Hoic\buttons2\
[11:38:17] - [36] SPOKE.FILES: Répertoire en Cours: F:\spoke.files\tools\LOIC-1.0.8-binary\Hoic\buttons2\buttons\
[11:38:17] - [28] SPOKE.FILES: Répertoire en Cours: F:\spoke.files\tools\LOIC-1.0.8-binary\Hoic\buttons2\
[11:38:17] - [35] SPOKE.FILES: Nouveau Répertoire: F:\spoke.files\tools\LOIC-1.0.8-binary\Hoic\buttons2\buttons
[11:38:17] - [28] SPOKE.FILES: Nouveau Répertoire: F:\spoke.files\tools\LOIC-1.0.8-binary\Hoic\buttons2\buttons
[11:38:17] - [35] SPOKE.FILES: Répertoire en Cours: F:\spoke.files\tools\LOIC-1.0.8-binary\Hoic\buttons2\buttons\
[11:38:17] - [28] SPOKE.FILES: Répertoire en Cours: F:\spoke.files\tools\LOIC-1.0.8-binary\Hoic\buttons2\
[11:38:17] - [28] SPOKE.FILES: Nouveau Répertoire: F:\spoke.files\tools\LOIC-1.0.8-binary\Hoic\buttons2\buttons
[11:38:17] - [36] SPOKE.FILES: Début d'Upload de F:\spoke.files\tools\LOIC-1.0.8-binary\Hoic\buttons2\buttons\6266.png
[11:38:17] - [35] SPOKE.FILES: Début d'Upload de F:\spoke.files\tools\LOIC-1.0.8-binary\Hoic\buttons2\buttons\4add.png
[11:38:17] - [36] SPOKE.FILES: Fichier Upload: F:\spoke.files\tools\LOIC-1.0.8-binary\Hoic\buttons2\buttons\6266.png (3,93 K/S -   4 022 bytes)
[11:38:17] - [35] SPOKE.FILES: Fichier Upload: F:\spoke.files\tools\LOIC-1.0.8-binary\Hoic\buttons2\buttons\4add.png (3,95 K/S -   4 040 bytes)
[11:38:17] - [36] SPOKE.FILES: Début d'Upload de F:\spoke.files\tools\LOIC-1.0.8-binary\Hoic\buttons2\buttons\666.png
[11:38:17] - [36] SPOKE.FILES: Fichier Upload: F:\spoke.files\tools\LOIC-1.0.8-binary\Hoic\buttons2\buttons\666.png (3,83 K/S -   3 918 bytes)
[11:38:17] - [35] SPOKE.FILES: Début d'Upload de F:\spoke.files\tools\LOIC-1.0.8-binary\Hoic\buttons2\buttons\6666.png
[11:38:17] - [35] SPOKE.FILES: Fichier Upload: F:\spoke.files\tools\LOIC-1.0.8-binary\Hoic\buttons2\buttons\6666.png (3,90 K/S -   3 996 bytes)
[11:38:17] - [36] SPOKE.FILES: Début d'Upload de F:\spoke.files\tools\LOIC-1.0.8-binary\Hoic\buttons2\buttons\add.png
[11:38:17] - [36] SPOKE.FILES: Fichier Upload: F:\spoke.files\tools\LOIC-1.0.8-binary\Hoic\buttons2\buttons\add.png (3,82 K/S -   3 912 bytes)
[11:38:18] - [35] SPOKE.FILES: Début d'Upload de F:\spoke.files\tools\LOIC-1.0.8-binary\Hoic\buttons2\buttons\add2.png
[11:38:18] - [35] SPOKE.FILES: Fichier Upload: F:\spoke.files\tools\LOIC-1.0.8-binary\Hoic\buttons2\buttons\add2.png (3,83 K/S -   3 923 bytes)
[11:38:18] - [36] SPOKE.FILES: Début d'Upload de F:\spoke.files\tools\LOIC-1.0.8-binary\Hoic\buttons2\buttons\add3.png
[11:38:18] - [36] SPOKE.FILES: Fichier Upload: F:\spoke.files\tools\LOIC-1.0.8-binary\Hoic\buttons2\buttons\add3.png (3,87 K/S -   3 958 bytes)
[11:38:18] - [35] SPOKE.FILES: Début d'Upload de F:\spoke.files\tools\LOIC-1.0.8-binary\Hoic\buttons2\buttons\button - Copy.png
[11:38:18] - [35] SPOKE.FILES: Fichier Upload: F:\spoke.files\tools\LOIC-1.0.8-binary\Hoic\buttons2\buttons\button - Copy.png (3,63 K/S -   3 721 bytes)
[11:38:18] - [36] SPOKE.FILES: Début d'Upload de F:\spoke.files\tools\LOIC-1.0.8-binary\Hoic\buttons2\buttons\button.png
[11:38:18] - [36] SPOKE.FILES: Fichier Upload: F:\spoke.files\tools\LOIC-1.0.8-binary\Hoic\buttons2\buttons\button.png (3,63 K/S -   3 721 bytes)
[11:38:18] - [35] SPOKE.FILES: Début d'Upload de F:\spoke.files\tools\LOIC-1.0.8-binary\Hoic\buttons2\buttons\button3.png
[11:38:18] - [35] SPOKE.FILES: Fichier Upload: F:\spoke.files\tools\LOIC-1.0.8-binary\Hoic\buttons2\buttons\button3.png (3,68 K/S -   3 767 bytes)
[11:38:18] - [36] SPOKE.FILES: Début d'Upload de F:\spoke.files\tools\LOIC-1.0.8-binary\Hoic\buttons2\buttons\button4.png
[11:38:18] - [36] SPOKE.FILES: Fichier Upload: F:\spoke.files\tools\LOIC-1.0.8-binary\Hoic\buttons2\buttons\button4.png (3,56 K/S -   3 644 bytes)
[11:38:18] - [35] SPOKE.FILES: Début d'Upload de F:\spoke.files\tools\LOIC-1.0.8-binary\Hoic\buttons2\buttons\button5y.png
[11:38:18] - [35] SPOKE.FILES: Fichier Upload: F:\spoke.files\tools\LOIC-1.0.8-binary\Hoic\buttons2\buttons\button5y.png (3,56 K/S -   3 644 bytes)
[11:38:19] - [36] SPOKE.FILES: Début d'Upload de F:\spoke.files\tools\LOIC-1.0.8-binary\Hoic\buttons2\buttons\lazer.png
[11:38:19] - [36] SPOKE.FILES: Fichier Upload: F:\spoke.files\tools\LOIC-1.0.8-binary\Hoic\buttons2\buttons\lazer.png (5,29 K/S -   5 416 bytes)
[11:38:19] - [35] SPOKE.FILES: Début d'Upload de F:\spoke.files\tools\LOIC-1.0.8-binary\Hoic\buttons2\buttons\remo4ve.png
[11:38:19] - [35] SPOKE.FILES: Fichier Upload: F:\spoke.files\tools\LOIC-1.0.8-binary\Hoic\buttons2\buttons\remo4ve.png (3,57 K/S -   3 658 bytes)
[11:38:19] - [36] SPOKE.FILES: Début d'Upload de F:\spoke.files\tools\LOIC-1.0.8-binary\Hoic\buttons2\buttons\remove.png
[11:38:19] - [36] SPOKE.FILES: Fichier Upload: F:\spoke.files\tools\LOIC-1.0.8-binary\Hoic\buttons2\buttons\remove.png (3,49 K/S -   3 578 bytes)
[11:38:19] - [35] SPOKE.FILES: Début d'Upload de F:\spoke.files\tools\LOIC-1.0.8-binary\Hoic\buttons2\buttons\removeqw.png
[11:38:19] - [35] SPOKE.FILES: Fichier Upload: F:\spoke.files\tools\LOIC-1.0.8-binary\Hoic\buttons2\buttons\removeqw.png (3,39 K/S -   3 470 bytes)
[11:38:19] - [36] SPOKE.FILES: Début d'Upload de F:\spoke.files\tools\LOIC-1.0.8-binary\Hoic\buttons2\buttons\scripts.png
[11:38:19] - [36] SPOKE.FILES: Fichier Upload: F:\spoke.files\tools\LOIC-1.0.8-binary\Hoic\buttons2\buttons\scripts.png (4,86 K/S -   4 975 bytes)
[11:38:19] - [36] SPOKE.FILES: Début d'Upload de F:\spoke.files\tools\LOIC-1.0.8-binary\Hoic\buttons2\buttons\turbo.png
[11:38:19] - [35] SPOKE.FILES: Début d'Upload de F:\spoke.files\tools\LOIC-1.0.8-binary\Hoic\buttons2\buttons\Thumbs.db
[11:38:19] - [36] SPOKE.FILES: Fichier Upload: F:\spoke.files\tools\LOIC-1.0.8-binary\Hoic\buttons2\buttons\turbo.png (5,14 K/S -   5 268 bytes)
[11:38:20] - [35] SPOKE.FILES: Fichier Upload: F:\spoke.files\tools\LOIC-1.0.8-binary\Hoic\buttons2\buttons\Thumbs.db (10,50 K/S -   10 752 bytes)
[11:38:20] - [36] SPOKE.FILES: Début d'Upload de F:\spoke.files\tools\LOIC-1.0.8-binary\Hoic\buttons2\buttons\turbo2.png
[11:38:20] - [35] SPOKE.FILES: Répertoire en Cours: F:\spoke.files\tools\LOIC-1.0.8-binary\Hoic\buttons2\
[11:38:20] - [36] SPOKE.FILES: Fichier Upload: F:\spoke.files\tools\LOIC-1.0.8-binary\Hoic\buttons2\buttons\turbo2.png (5,38 K/S -   5 511 bytes)
[11:38:20] - [35] SPOKE.FILES: Début d'Upload de F:\spoke.files\tools\LOIC-1.0.8-binary\Hoic\buttons2\buttons.rar
[11:38:20] - [35] SPOKE.FILES: Fichier Upload: F:\spoke.files\tools\LOIC-1.0.8-binary\Hoic\buttons2\buttons.rar (59,04 K/S -   60 452 bytes)
[11:38:20] - [36] SPOKE.FILES: Répertoire en Cours: F:\spoke.files\tools\LOIC-1.0.8-binary\Hoic\
[11:38:20] - [36] SPOKE.FILES: Début d'Upload de F:\spoke.files\tools\LOIC-1.0.8-binary\Hoic\DUTCH FREEDOM.txt
[11:38:20] - [35] SPOKE.FILES: Répertoire en Cours: F:\spoke.files\tools\LOIC-1.0.8-binary\Hoic\
[11:38:20] - [36] SPOKE.FILES: Fichier Upload: F:\spoke.files\tools\LOIC-1.0.8-binary\Hoic\DUTCH FREEDOM.txt (1,75 K/S -   1 796 bytes)
[11:38:20] - [35] SPOKE.FILES: Début d'Upload de F:\spoke.files\tools\LOIC-1.0.8-binary\Hoic\GenericBoost.hoic
[11:38:20] - [35] SPOKE.FILES: Fichier Upload: F:\spoke.files\tools\LOIC-1.0.8-binary\Hoic\GenericBoost.hoic (3,13 K/S -   3 201 bytes)
[11:38:20] - [36] SPOKE.FILES: Début d'Upload de F:\spoke.files\tools\LOIC-1.0.8-binary\Hoic\hoic.rdp.rbp
[11:38:20] - [36] SPOKE.FILES: Fichier Upload: F:\spoke.files\tools\LOIC-1.0.8-binary\Hoic\hoic.rdp.rbp (221,02 K/S -   226 328 bytes)
[11:38:31] - [35] SPOKE.FILES: Début d'Upload de F:\spoke.files\tools\LOIC-1.0.8-binary\Hoic\hoic2.1.exe
[11:38:32] - [36] SPOKE.FILES: Début d'Upload de F:\spoke.files\tools\LOIC-1.0.8-binary\Hoic\user-agent-test.hoic
[11:38:32] - [36] SPOKE.FILES: Fichier Upload: F:\spoke.files\tools\LOIC-1.0.8-binary\Hoic\user-agent-test.hoic (0,05 K/S -    47 bytes)
[11:38:32] - [36] SPOKE.FILES: Début d'Upload de F:\spoke.files\tools\LOIC-1.0.8-binary\Hoic\visa_stress.hoic
[11:38:32] - [36] SPOKE.FILES: Fichier Upload: F:\spoke.files\tools\LOIC-1.0.8-binary\Hoic\visa_stress.hoic (0,69 K/S -    711 bytes)
[11:38:32] - [36] SPOKE.FILES: Répertoire en Cours: F:\spoke.files\tools\LOIC-1.0.8-binary\
[11:38:32] - [36] SPOKE.FILES: Début d'Upload de F:\spoke.files\tools\LOIC-1.0.8-binary\LOIC.exe
[11:38:33] - [36] SPOKE.FILES: Fichier Upload: F:\spoke.files\tools\LOIC-1.0.8-binary\LOIC.exe (133,00 K/S -   136 192 bytes)
[11:38:33] - [36] SPOKE.FILES: Début d'Upload de F:\spoke.files\tools\LOIC-1.0.8-binary\Nouveau document texte.txt
[11:38:33] - [36] SPOKE.FILES: Fichier Upload: F:\spoke.files\tools\LOIC-1.0.8-binary\Nouveau document texte.txt (0,04 K/S -    44 bytes)
[11:38:42] - [35] SPOKE.FILES: Fichier Upload: F:\spoke.files\tools\LOIC-1.0.8-binary\Hoic\hoic2.1.exe (869,36 K/S -  8 902 228 bytes)
[11:39:04] - [36] Client 90.6.49.146 Déconnecté (00:00:48 Min)
[11:39:13] - [35] Client 90.6.49.146 Déconnecté (00:00:56 Min)
[11:47:43] - [37] Connecté à 90.6.49.146. Collecte du Nom d'utilisateur.
[11:47:43] - [37] Usager SPOKE.FILES Connecté IP: 90.6.49.146
[11:47:43] - [37] SPOKE.FILES: Répertoire en Cours: F:\spoke.files\
[11:47:43] - [37] SPOKE.FILES: Répertoire en Cours: F:\spoke.files\tools\
[11:47:43] - [37] SPOKE.FILES: Début d'Upload de F:\spoke.files\tools\ZAP_2.5.0_Windows.exe
[11:48:07] - [37] SPOKE.FILES: Fichier Upload: F:\spoke.files\tools\ZAP_2.5.0_Windows.exe (3 195,80 K/S -  75 267 412 bytes)
[11:48:07] - [28] SPOKE.FILES: Répertoire en Cours: F:\spoke.files\tools\
[11:48:38] - [37] Client 90.6.49.146 Déconnecté (00:00:54 Min)
[11:48:49] - [28] SPOKE.FILES: Répertoire en Cours: F:\spoke.files\tools\
[11:48:49] - [28] SPOKE.FILES: Nouveau Répertoire: F:\spoke.files\tools\no.windows.10.install
[11:48:52] - [28] SPOKE.FILES: Répertoire en Cours: F:\spoke.files\tools\no.windows.10.install\
[11:48:56] - [38] Connecté à 90.6.49.146. Collecte du Nom d'utilisateur.
[11:48:56] - [38] Usager SPOKE.FILES Connecté IP: 90.6.49.146
[11:48:56] - [38] SPOKE.FILES: Répertoire en Cours: F:\spoke.files\
[11:48:56] - [38] SPOKE.FILES: Répertoire en Cours: F:\spoke.files\tools\no.windows.10.install\
[11:48:56] - [38] SPOKE.FILES: Début d'Upload de F:\spoke.files\tools\no.windows.10.install\never10.exe
[11:48:56] - [38] SPOKE.FILES: Fichier Upload: F:\spoke.files\tools\no.windows.10.install\never10.exe (82,98 K/S -   84 976 bytes)
[11:49:07] - [28] SPOKE.FILES: Répertoire en Cours: F:\spoke.files\tools\
[11:49:07] - [28] SPOKE.FILES: Nouveau Répertoire: F:\spoke.files\tools\java
[11:49:09] - [28] SPOKE.FILES: Répertoire en Cours: F:\spoke.files\tools\java\
[11:49:14] - [38] SPOKE.FILES: Répertoire en Cours: F:\spoke.files\tools\java\
[11:49:14] - [38] SPOKE.FILES: Début d'Upload de F:\spoke.files\tools\java\jxpiinstall.exe
[11:49:17] - [38] SPOKE.FILES: Fichier Upload: F:\spoke.files\tools\java\jxpiinstall.exe (360,78 K/S -   738 880 bytes)
[11:49:49] - [38] Client 90.6.49.146 Déconnecté (00:00:53 Min)
[11:51:28] - [28] SPOKE.FILES: Répertoire en Cours: F:\spoke.files\tools\
[11:51:28] - [28] SPOKE.FILES: Nouveau Répertoire: F:\spoke.files\tools\sparck.compatible.serv
[11:51:32] - [28] SPOKE.FILES: Répertoire en Cours: F:\spoke.files\tools\sparck.compatible.serv\
[11:51:40] - [39] Connecté à 90.6.49.146. Collecte du Nom d'utilisateur.
[11:51:40] - [39] Usager SPOKE.FILES Connecté IP: 90.6.49.146
[11:51:41] - [39] SPOKE.FILES: Répertoire en Cours: F:\spoke.files\
[11:51:41] - [39] SPOKE.FILES: Répertoire en Cours: F:\spoke.files\tools\sparck.compatible.serv\
[11:51:41] - [39] SPOKE.FILES: Début d'Upload de F:\spoke.files\tools\sparck.compatible.serv\spark_2_7_3.exe
[11:52:02] - [39] SPOKE.FILES: Fichier Upload: F:\spoke.files\tools\sparck.compatible.serv\spark_2_7_3.exe (2 861,90 K/S -  61 541 888 bytes)
[11:52:32] - [39] Client 90.6.49.146 Déconnecté (00:00:51 Min)
[11:53:05] - [28] SPOKE.FILES: Répertoire en Cours: F:\spoke.files\tools\
[11:53:05] - [28] SPOKE.FILES: Nouveau Répertoire: F:\spoke.files\tools\creat.icon.modified.by.m
[11:53:12] - [28] SPOKE.FILES: Répertoire en Cours: F:\spoke.files\tools\creat.icon.modified.by.m\
[11:53:31] - [40] Connecté à 90.6.49.146. Collecte du Nom d'utilisateur.
[11:53:31] - [40] Usager SPOKE.FILES Connecté IP: 90.6.49.146
[11:53:31] - [40] SPOKE.FILES: Répertoire en Cours: F:\spoke.files\
[11:53:31] - [40] SPOKE.FILES: Répertoire en Cours: F:\spoke.files\tools\creat.icon.modified.by.m\
[11:53:31] - [40] SPOKE.FILES: Début d'Upload de F:\spoke.files\tools\creat.icon.modified.by.m\IconWorkshop.exe
[11:53:37] - [40] SPOKE.FILES: Fichier Upload: F:\spoke.files\tools\creat.icon.modified.by.m\IconWorkshop.exe (1 157,80 K/S -  7 113 439 bytes)
[11:54:07] - [40] Client 90.6.49.146 Déconnecté (00:00:36 Min)
[12:11:48] - Serveur Démarré
[12:11:48] - FTP Port: 21
[12:12:06] - [1] Connecté à 90.6.49.146. Collecte du Nom d'utilisateur.
[12:12:07] - [1] Usager SPOKE.FILES Connecté IP: 90.6.49.146
[12:12:07] - [1] SPOKE.FILES: Répertoire en Cours: F:\spoke.files\
[14:58:08] - [2] Connecté à 182.185.30.172. Collecte du Nom d'utilisateur.
[14:58:13] - [2] Authentification Incorrect: Utilisateur FTP IP: 182.185.30.172
[14:58:13] - [2] Client 182.185.30.172 Déconnecté (00:00:04 Min)
[19:14:17] - [1] Client 90.6.49.146 Déconnecté (07:02:10 Min)
