[00:29:58] - [31] Connecté à 192.168.0.1. Collecte du Nom d'utilisateur.
[00:29:58] - [31] Usager VICTOR.POZEN Connecté IP: 192.168.0.1
[00:29:58] - [31] VICTOR.POZEN: Répertoire en Cours: D:\kerberos.htx\
[00:29:58] - [31] VICTOR.POZEN: Répertoire en Cours: D:\kerberos.htx\
[00:30:23] - [31] VICTOR.POZEN: Nouveau Répertoire: D:\kerberos.htx\to loren
[00:30:23] - [32] Connecté à 192.168.0.1. Collecte du Nom d'utilisateur.
[00:30:23] - [33] Connecté à 192.168.0.1. Collecte du Nom d'utilisateur.
[00:30:23] - [31] VICTOR.POZEN: Nouveau Répertoire: D:\kerberos.htx\to loren
[00:30:23] - [32] Usager VICTOR.POZEN Connecté IP: 192.168.0.1
[00:30:23] - [32] VICTOR.POZEN: Répertoire en Cours: D:\kerberos.htx\
[00:30:23] - [33] Usager VICTOR.POZEN Connecté IP: 192.168.0.1
[00:30:23] - [33] VICTOR.POZEN: Répertoire en Cours: D:\kerberos.htx\
[00:30:23] - [31] VICTOR.POZEN: Nouveau Répertoire: D:\kerberos.htx\to loren\conference
[00:30:24] - [31] VICTOR.POZEN: Nouveau Répertoire: D:\kerberos.htx\to loren\conference
[00:30:24] - [31] VICTOR.POZEN: Nouveau Répertoire: D:\kerberos.htx\to loren\films
[00:30:24] - [31] VICTOR.POZEN: Nouveau Répertoire: D:\kerberos.htx\to loren\films
[00:30:24] - [32] VICTOR.POZEN: Début d'Upload de D:\kerberos.htx\to loren\(audio) morceau - loren venancio premier cd  - mp3_MakeitOne.mp3
[00:30:24] - [33] VICTOR.POZEN: Début d'Upload de D:\kerberos.htx\to loren\4 Garcons plein d'avenir - YouTube (360p).mp4
[00:30:24] - [31] VICTOR.POZEN: Nouveau Répertoire: D:\kerberos.htx\to loren\LOST.DIR
[00:30:24] - [31] VICTOR.POZEN: Nouveau Répertoire: D:\kerberos.htx\to loren\LOST.DIR
[00:30:24] - [31] VICTOR.POZEN: Nouveau Répertoire: D:\kerberos.htx\to loren\musique loren
[00:30:24] - [31] VICTOR.POZEN: Nouveau Répertoire: D:\kerberos.htx\to loren\musique loren
[00:30:45] - [32] VICTOR.POZEN: Fichier Upload: D:\kerberos.htx\to loren\(audio) morceau - loren venancio premier cd  - mp3_MakeitOne.mp3 (857,68 K/S -  18 443 450 bytes)
[00:30:45] - [32] VICTOR.POZEN: Début d'Upload de D:\kerberos.htx\to loren\7 - Le dialogue cerveau-microbiote intestinal (prébiotiques, probiotiques…) - YouTube (360p).mp4
[00:31:38] - [32] VICTOR.POZEN: Fichier Upload: D:\kerberos.htx\to loren\7 - Le dialogue cerveau-microbiote intestinal (prébiotiques, probiotiques…) - YouTube (360p).mp4 (855,58 K/S -  46 434 235 bytes)
[00:31:38] - [32] VICTOR.POZEN: Début d'Upload de D:\kerberos.htx\to loren\ad orange.txt
[00:31:38] - [32] VICTOR.POZEN: Fichier Upload: D:\kerberos.htx\to loren\ad orange.txt (0,04 K/S -    46 bytes)
[00:31:38] - [32] VICTOR.POZEN: Début d'Upload de D:\kerberos.htx\to loren\ChoixNombrebebes.zip
[00:31:38] - [32] VICTOR.POZEN: Fichier Upload: D:\kerberos.htx\to loren\ChoixNombrebebes.zip (4,16 K/S -   4 264 bytes)
[00:31:39] - [32] VICTOR.POZEN: Début d'Upload de D:\kerberos.htx\to loren\conference\Comment être heureux et  dépasser nos peurs et nos inhibitions _ _ Laurent Gounelle - YouTube (360p).mp4
[00:34:55] - [32] VICTOR.POZEN: Fichier Upload: D:\kerberos.htx\to loren\conference\Comment être heureux et  dépasser nos peurs et nos inhibitions _ _ Laurent Gounelle - YouTube (360p).mp4 (860,71 K/S -  172 747 619 bytes)
[00:34:55] - [32] VICTOR.POZEN: Début d'Upload de D:\kerberos.htx\to loren\films\Hedwig&#39;s Theme Harry Potter Piano Tutorial v.1 - YouTube (360p).mp4
[00:35:04] - [32] VICTOR.POZEN: Fichier Upload: D:\kerberos.htx\to loren\films\Hedwig&#39;s Theme Harry Potter Piano Tutorial v.1 - YouTube (360p).mp4 (792,77 K/S -  6 494 352 bytes)
[00:35:04] - [32] VICTOR.POZEN: Début d'Upload de D:\kerberos.htx\to loren\films\Jouer Harry Potter au piano - Musiques de film_ Apprendre Harry Potter au piano - YouTube (360p).mp4
[00:35:17] - [32] VICTOR.POZEN: Fichier Upload: D:\kerberos.htx\to loren\films\Jouer Harry Potter au piano - Musiques de film_ Apprendre Harry Potter au piano - YouTube (360p).mp4 (761,29 K/S -  10 913 884 bytes)
[00:35:17] - [32] VICTOR.POZEN: Début d'Upload de D:\kerberos.htx\to loren\films\Le choix d&#39;une mère - YouTube (360p).mp4
[00:36:40] - [33] VICTOR.POZEN: Fichier Upload: D:\kerberos.htx\to loren\4 Garcons plein d'avenir - YouTube (360p).mp4 (860,05 K/S -  331 140 404 bytes)
[00:36:40] - [33] VICTOR.POZEN: Début d'Upload de D:\kerberos.htx\to loren\films\Le pacte de grossesse ( FILM ENTIER ) - YouTube (360p).mp4
[00:42:01] - [33] VICTOR.POZEN: Fichier Upload: D:\kerberos.htx\to loren\films\Le pacte de grossesse ( FILM ENTIER ) - YouTube (360p).mp4 (853,78 K/S -  280 640 273 bytes)
[00:42:02] - [33] VICTOR.POZEN: Début d'Upload de D:\kerberos.htx\to loren\films\Slumdog Millionaire French Dvdrip Repack 1CD Xvid-RLD.avi
[00:42:41] - [32] VICTOR.POZEN: Fichier Upload: D:\kerberos.htx\to loren\films\Le choix d&#39;une mère - YouTube (360p).mp4 (848,65 K/S -  385 844 339 bytes)
[00:42:41] - [32] VICTOR.POZEN: Début d'Upload de D:\kerberos.htx\to loren\films\temp (360p).mp4
[00:43:00] - [32] VICTOR.POZEN: Fichier Upload: D:\kerberos.htx\to loren\films\temp (360p).mp4 (848,94 K/S -  16 516 913 bytes)
[00:43:01] - [32] VICTOR.POZEN: Début d'Upload de D:\kerberos.htx\to loren\films\vlc-media-player_2-2-0_fr_10829.exe
[00:43:37] - [32] VICTOR.POZEN: Fichier Upload: D:\kerberos.htx\to loren\films\vlc-media-player_2-2-0_fr_10829.exe (773,36 K/S -  28 509 232 bytes)
[00:43:37] - [32] VICTOR.POZEN: Début d'Upload de D:\kerberos.htx\to loren\Loren.mp4
[00:56:19] - [33] VICTOR.POZEN: Fichier Upload: D:\kerberos.htx\to loren\films\Slumdog Millionaire French Dvdrip Repack 1CD Xvid-RLD.avi (840,04 K/S -  737 191 936 bytes)
[00:56:20] - [33] VICTOR.POZEN: Début d'Upload de D:\kerberos.htx\to loren\musique loren\morceau 1.mmpz
[00:56:20] - [33] VICTOR.POZEN: Fichier Upload: D:\kerberos.htx\to loren\musique loren\morceau 1.mmpz (8,19 K/S -   8 382 bytes)
[00:56:20] - [33] VICTOR.POZEN: Début d'Upload de D:\kerberos.htx\to loren\musique loren\morceau 1.mmpz.bak
[00:56:20] - [33] VICTOR.POZEN: Fichier Upload: D:\kerberos.htx\to loren\musique loren\morceau 1.mmpz.bak (8,18 K/S -   8 380 bytes)
[00:56:20] - [33] VICTOR.POZEN: Début d'Upload de D:\kerberos.htx\to loren\musique loren\morceau 1.wav
[00:57:47] - [33] VICTOR.POZEN: Fichier Upload: D:\kerberos.htx\to loren\musique loren\morceau 1.wav (796,08 K/S -  70 106 206 bytes)
[00:57:47] - [33] VICTOR.POZEN: Début d'Upload de D:\kerberos.htx\to loren\musique loren\morceau 10.mmpz
[00:57:47] - [33] VICTOR.POZEN: Fichier Upload: D:\kerberos.htx\to loren\musique loren\morceau 10.mmpz (3,34 K/S -   3 417 bytes)
[00:57:48] - [33] VICTOR.POZEN: Début d'Upload de D:\kerberos.htx\to loren\musique loren\morceau 10.mmpz.bak
[00:57:48] - [33] VICTOR.POZEN: Fichier Upload: D:\kerberos.htx\to loren\musique loren\morceau 10.mmpz.bak (3,11 K/S -   3 188 bytes)
[00:57:48] - [33] VICTOR.POZEN: Début d'Upload de D:\kerberos.htx\to loren\musique loren\morceau 11.mmpz
[00:57:48] - [33] VICTOR.POZEN: Fichier Upload: D:\kerberos.htx\to loren\musique loren\morceau 11.mmpz (4,69 K/S -   4 802 bytes)
[00:57:48] - [33] VICTOR.POZEN: Début d'Upload de D:\kerberos.htx\to loren\musique loren\morceau 11.wav
[00:58:20] - [33] VICTOR.POZEN: Fichier Upload: D:\kerberos.htx\to loren\musique loren\morceau 11.wav (780,19 K/S -  25 565 278 bytes)
[00:58:20] - [33] VICTOR.POZEN: Début d'Upload de D:\kerberos.htx\to loren\musique loren\morceau 12.mmpz
[00:58:20] - [33] VICTOR.POZEN: Fichier Upload: D:\kerberos.htx\to loren\musique loren\morceau 12.mmpz (3,54 K/S -   3 626 bytes)
[00:58:20] - [33] VICTOR.POZEN: Début d'Upload de D:\kerberos.htx\to loren\musique loren\morceau 12.mmpz.bak
[00:58:20] - [33] VICTOR.POZEN: Fichier Upload: D:\kerberos.htx\to loren\musique loren\morceau 12.mmpz.bak (3,60 K/S -   3 684 bytes)
[00:58:20] - [33] VICTOR.POZEN: Début d'Upload de D:\kerberos.htx\to loren\musique loren\morceau 2.mmpz
[00:58:21] - [33] VICTOR.POZEN: Fichier Upload: D:\kerberos.htx\to loren\musique loren\morceau 2.mmpz (3,94 K/S -   4 034 bytes)
[00:58:21] - [33] VICTOR.POZEN: Début d'Upload de D:\kerberos.htx\to loren\musique loren\morceau 2.mmpz.bak
[00:58:21] - [33] VICTOR.POZEN: Fichier Upload: D:\kerberos.htx\to loren\musique loren\morceau 2.mmpz.bak (3,72 K/S -   3 811 bytes)
[00:58:21] - [33] VICTOR.POZEN: Début d'Upload de D:\kerberos.htx\to loren\musique loren\morceau 2.wav
[00:59:26] - [33] VICTOR.POZEN: Fichier Upload: D:\kerberos.htx\to loren\musique loren\morceau 2.wav (818,18 K/S -  55 296 094 bytes)
[00:59:26] - [33] VICTOR.POZEN: Début d'Upload de D:\kerberos.htx\to loren\musique loren\morceau 3.mmpz
[00:59:27] - [33] VICTOR.POZEN: Fichier Upload: D:\kerberos.htx\to loren\musique loren\morceau 3.mmpz (4,11 K/S -   4 206 bytes)
[00:59:27] - [33] VICTOR.POZEN: Début d'Upload de D:\kerberos.htx\to loren\musique loren\morceau 3.mmpz.bak
[00:59:27] - [33] VICTOR.POZEN: Fichier Upload: D:\kerberos.htx\to loren\musique loren\morceau 3.mmpz.bak (3,94 K/S -   4 038 bytes)
[00:59:27] - [33] VICTOR.POZEN: Début d'Upload de D:\kerberos.htx\to loren\musique loren\morceau 3.wav
[01:00:04] - [33] VICTOR.POZEN: Fichier Upload: D:\kerberos.htx\to loren\musique loren\morceau 3.wav (803,39 K/S -  30 439 006 bytes)
[01:00:04] - [33] VICTOR.POZEN: Début d'Upload de D:\kerberos.htx\to loren\musique loren\morceau 4.mmpz
[01:00:04] - [33] VICTOR.POZEN: Fichier Upload: D:\kerberos.htx\to loren\musique loren\morceau 4.mmpz (3,95 K/S -   4 042 bytes)
[01:00:04] - [33] VICTOR.POZEN: Début d'Upload de D:\kerberos.htx\to loren\musique loren\morceau 4.mmpz.bak
[01:00:04] - [33] VICTOR.POZEN: Fichier Upload: D:\kerberos.htx\to loren\musique loren\morceau 4.mmpz.bak (3,94 K/S -   4 034 bytes)
[01:00:04] - [33] VICTOR.POZEN: Début d'Upload de D:\kerberos.htx\to loren\musique loren\morceau 4.wav
[01:00:40] - [33] VICTOR.POZEN: Fichier Upload: D:\kerberos.htx\to loren\musique loren\morceau 4.wav (842,36 K/S -  30 190 174 bytes)
[01:00:40] - [33] VICTOR.POZEN: Début d'Upload de D:\kerberos.htx\to loren\musique loren\morceau 5.mmpz
[01:00:40] - [33] VICTOR.POZEN: Fichier Upload: D:\kerberos.htx\to loren\musique loren\morceau 5.mmpz (3,37 K/S -   3 455 bytes)
[01:00:40] - [33] VICTOR.POZEN: Début d'Upload de D:\kerberos.htx\to loren\musique loren\morceau 5.mmpz.bak
[01:00:41] - [33] VICTOR.POZEN: Fichier Upload: D:\kerberos.htx\to loren\musique loren\morceau 5.mmpz.bak (2,82 K/S -   2 885 bytes)
[01:00:41] - [33] VICTOR.POZEN: Début d'Upload de D:\kerberos.htx\to loren\musique loren\morceau 5.wav
[01:01:12] - [33] VICTOR.POZEN: Fichier Upload: D:\kerberos.htx\to loren\musique loren\morceau 5.wav (829,99 K/S -  26 347 102 bytes)
[01:01:12] - [33] VICTOR.POZEN: Début d'Upload de D:\kerberos.htx\to loren\musique loren\morceau 6.mmpz
[01:01:12] - [33] VICTOR.POZEN: Fichier Upload: D:\kerberos.htx\to loren\musique loren\morceau 6.mmpz (10,46 K/S -   10 706 bytes)
[01:01:12] - [33] VICTOR.POZEN: Début d'Upload de D:\kerberos.htx\to loren\musique loren\morceau 6.mmpz.bak
[01:01:12] - [33] VICTOR.POZEN: Fichier Upload: D:\kerberos.htx\to loren\musique loren\morceau 6.mmpz.bak (4,85 K/S -   4 966 bytes)
[01:01:12] - [33] VICTOR.POZEN: Début d'Upload de D:\kerberos.htx\to loren\musique loren\morceau 6.wav
[01:01:32] - [33] VICTOR.POZEN: Fichier Upload: D:\kerberos.htx\to loren\musique loren\morceau 6.wav (831,53 K/S -  17 029 726 bytes)
[01:01:32] - [33] VICTOR.POZEN: Début d'Upload de D:\kerberos.htx\to loren\musique loren\morceau 7.mmpz
[01:01:32] - [33] VICTOR.POZEN: Fichier Upload: D:\kerberos.htx\to loren\musique loren\morceau 7.mmpz (3,24 K/S -   3 313 bytes)
[01:01:32] - [33] VICTOR.POZEN: Début d'Upload de D:\kerberos.htx\to loren\musique loren\morceau 7.mmpz.bak
[01:01:32] - [33] VICTOR.POZEN: Fichier Upload: D:\kerberos.htx\to loren\musique loren\morceau 7.mmpz.bak (3,26 K/S -   3 334 bytes)
[01:01:33] - [33] VICTOR.POZEN: Début d'Upload de D:\kerberos.htx\to loren\musique loren\morceau 7.wav
[01:02:01] - [33] VICTOR.POZEN: Fichier Upload: D:\kerberos.htx\to loren\musique loren\morceau 7.wav (801,54 K/S -  22 981 726 bytes)
[01:02:01] - [33] VICTOR.POZEN: Début d'Upload de D:\kerberos.htx\to loren\musique loren\morceau 8.mmpz
[01:02:01] - [33] VICTOR.POZEN: Fichier Upload: D:\kerberos.htx\to loren\musique loren\morceau 8.mmpz (4,06 K/S -   4 160 bytes)
[01:02:02] - [33] VICTOR.POZEN: Début d'Upload de D:\kerberos.htx\to loren\musique loren\morceau 8.mmpz.bak
[01:02:02] - [33] VICTOR.POZEN: Fichier Upload: D:\kerberos.htx\to loren\musique loren\morceau 8.mmpz.bak (3,02 K/S -   3 091 bytes)
[01:02:02] - [33] VICTOR.POZEN: Début d'Upload de D:\kerberos.htx\to loren\musique loren\morceau 9.mmpz
[01:02:02] - [33] VICTOR.POZEN: Fichier Upload: D:\kerberos.htx\to loren\musique loren\morceau 9.mmpz (4,29 K/S -   4 395 bytes)
[01:02:02] - [33] VICTOR.POZEN: Début d'Upload de D:\kerberos.htx\to loren\musique loren\video 1 .wmv
[01:02:06] - [33] VICTOR.POZEN: Fichier Upload: D:\kerberos.htx\to loren\musique loren\video 1 .wmv (594,89 K/S -  3 045 853 bytes)
[01:02:07] - [33] VICTOR.POZEN: Début d'Upload de D:\kerberos.htx\to loren\[ www.CpasBien.cm ] Josephine.S.Arrondit.2016.FRENCH.BDRip.XViD-eVe.avi
[01:04:11] - [32] VICTOR.POZEN: Fichier Upload: D:\kerberos.htx\to loren\Loren.mp4 (823,01 K/S - 1 039 129 762 bytes)
[01:04:11] - [32] VICTOR.POZEN: Début d'Upload de D:\kerberos.htx\to loren\[nextorrent.cc] Boss.Baby.2017.FRENCH.BDRip.XviD-GZR.avi
[01:16:40] - [33] VICTOR.POZEN: Fichier Upload: D:\kerberos.htx\to loren\[ www.CpasBien.cm ] Josephine.S.Arrondit.2016.FRENCH.BDRip.XViD-eVe.avi (810,40 K/S -  725 292 470 bytes)
[01:16:41] - [33] VICTOR.POZEN: Début d'Upload de D:\kerberos.htx\to loren\[nextorrent.org] Descendants.2.2017.FRENCH.DVDRip.XviD-LeJoKer.avi
[01:19:17] - [32] VICTOR.POZEN: Fichier Upload: D:\kerberos.htx\to loren\[nextorrent.cc] Boss.Baby.2017.FRENCH.BDRip.XviD-GZR.avi (791,18 K/S -  734 010 886 bytes)
[01:19:17] - [32] VICTOR.POZEN: Début d'Upload de D:\kerberos.htx\to loren\[www.Cpasbien.pe] Qu.est.Ce.Qu.on.A.Fait.Au.Bon.Dieu.2014.FRENCH.DVDRiP.XviD-CpasBien.avi
[01:31:28] - [33] VICTOR.POZEN: Fichier Upload: D:\kerberos.htx\to loren\[nextorrent.org] Descendants.2.2017.FRENCH.DVDRip.XviD-LeJoKer.avi (806,43 K/S -  732 473 344 bytes)
[01:31:59] - [33] Client 192.168.0.1 Déconnecté (01:01:35 Min)
[01:33:07] - [32] VICTOR.POZEN: Fichier Upload: D:\kerberos.htx\to loren\[www.Cpasbien.pe] Qu.est.Ce.Qu.on.A.Fait.Au.Bon.Dieu.2014.FRENCH.DVDRiP.XviD-CpasBien.avi (867,78 K/S -  737 544 192 bytes)
[01:33:38] - [32] Client 192.168.0.1 Déconnecté (01:03:14 Min)
[02:06:21] - [31] Client 192.168.0.1 Déconnecté (01:36:23 Min)
