[07:02:09] - [17] Connecté à 216.218.206.68. Collecte du Nom d'utilisateur.
[07:02:09] - [17] Client 216.218.206.68 Déconnecté (00:00:00 Min)
[08:13:38] - [18] Connecté à 192.168.0.1. Collecte du Nom d'utilisateur.
[08:13:38] - [18] Usager MIRKO.POZEN Connecté IP: 192.168.0.1
[08:13:38] - [18] MIRKO.POZEN: Répertoire en Cours: D:\kerberos.htx\
[08:13:38] - [18] MIRKO.POZEN: Répertoire en Cours: D:\kerberos.htx\
[08:13:52] - [18] MIRKO.POZEN: Répertoire en Cours: D:\kerberos.htx\enzo\
[08:13:52] - [19] Connecté à 192.168.0.1. Collecte du Nom d'utilisateur.
[08:13:52] - [19] Usager MIRKO.POZEN Connecté IP: 192.168.0.1
[08:13:52] - [19] MIRKO.POZEN: Répertoire en Cours: D:\kerberos.htx\
[08:13:52] - [19] MIRKO.POZEN: Répertoire en Cours: D:\kerberos.htx\enzo\
[08:13:52] - [19] MIRKO.POZEN: Début du Téléchargement de: D:\kerberos.htx\enzo\down sparck.txt
[08:13:52] - [19] MIRKO.POZEN: Fichier envoyé: D:\kerberos.htx\enzo\down sparck.txt (0,15 K/S -    151 bytes)
[08:13:53] - [19] MIRKO.POZEN: Début du Téléchargement de: D:\kerberos.htx\enzo\password ftp.txt
[08:13:53] - [19] MIRKO.POZEN: Fichier envoyé: D:\kerberos.htx\enzo\password ftp.txt (0,04 K/S -    42 bytes)
[08:13:53] - [19] MIRKO.POZEN: Début du Téléchargement de: D:\kerberos.htx\enzo\password openfire.txt
[08:13:53] - [19] MIRKO.POZEN: Fichier envoyé: D:\kerberos.htx\enzo\password openfire.txt (0,09 K/S -    95 bytes)
[08:13:53] - [19] MIRKO.POZEN: Début du Téléchargement de: D:\kerberos.htx\enzo\password sesion windows.txt
[08:13:53] - [19] MIRKO.POZEN: Fichier envoyé: D:\kerberos.htx\enzo\password sesion windows.txt (0,06 K/S -    61 bytes)
[08:13:58] - [20] Connecté à 192.168.0.1. Collecte du Nom d'utilisateur.
[08:13:58] - [20] Usager MIRKO.POZEN Connecté IP: 192.168.0.1
[08:13:58] - [20] MIRKO.POZEN: Répertoire en Cours: D:\kerberos.htx\
[08:13:58] - [20] MIRKO.POZEN: Répertoire en Cours: D:\kerberos.htx\enzo\
[08:13:58] - [20] MIRKO.POZEN: Début du Téléchargement de: D:\kerberos.htx\enzo\link server ip.txt
[08:13:58] - [20] MIRKO.POZEN: Fichier envoyé: D:\kerberos.htx\enzo\link server ip.txt (0,03 K/S -    30 bytes)
[08:14:02] - [20] Client 192.168.0.1 Déconnecté (00:00:04 Min)
[08:14:02] - [19] Client 192.168.0.1 Déconnecté (00:00:09 Min)
[08:14:02] - [18] Client 192.168.0.1 Déconnecté (00:00:23 Min)
[08:17:42] - [21] Connecté à 192.168.0.1. Collecte du Nom d'utilisateur.
[08:17:42] - [21] Usager MIRKO.POZEN Connecté IP: 192.168.0.1
[08:17:42] - [21] MIRKO.POZEN: Répertoire en Cours: D:\kerberos.htx\
[08:17:42] - [21] MIRKO.POZEN: Répertoire en Cours: D:\kerberos.htx\
[08:17:45] - [21] MIRKO.POZEN: Répertoire en Cours: D:\kerberos.htx\a trier\
[08:18:05] - [21] MIRKO.POZEN: Répertoire en Cours: D:\kerberos.htx\a trier\progz mig\
[08:18:10] - [21] MIRKO.POZEN: Répertoire en Cours: D:\kerberos.htx\a trier\progz mig\AusLogics Disk Defrag\
[08:18:10] - [21] MIRKO.POZEN: Répertoire en Cours: D:\kerberos.htx\a trier\progz mig\AusLogics Disk Defrag\reports\
[08:18:11] - [21] MIRKO.POZEN: Répertoire en Cours: D:\kerberos.htx\a trier\progz mig\AusLogics Disk Defrag\
[08:18:11] - [21] MIRKO.POZEN: Répertoire en Cours: D:\kerberos.htx\a trier\progz mig\AusLogics Disk Defrag\Lang\
[08:18:11] - [21] MIRKO.POZEN: Répertoire en Cours: D:\kerberos.htx\a trier\progz mig\AusLogics Disk Defrag\
[08:18:11] - [21] MIRKO.POZEN: Répertoire en Cours: D:\kerberos.htx\a trier\progz mig\AusLogics Disk Defrag\Data\
[08:18:12] - [22] Connecté à 192.168.0.1. Collecte du Nom d'utilisateur.
[08:18:12] - [23] Connecté à 192.168.0.1. Collecte du Nom d'utilisateur.
[08:18:12] - [22] Usager MIRKO.POZEN Connecté IP: 192.168.0.1
[08:18:12] - [22] MIRKO.POZEN: Répertoire en Cours: D:\kerberos.htx\
[08:18:12] - [23] Usager MIRKO.POZEN Connecté IP: 192.168.0.1
[08:18:12] - [23] MIRKO.POZEN: Répertoire en Cours: D:\kerberos.htx\
[08:18:12] - [22] MIRKO.POZEN: Répertoire en Cours: D:\kerberos.htx\a trier\progz mig\AusLogics Disk Defrag\
[08:18:12] - [23] MIRKO.POZEN: Répertoire en Cours: D:\kerberos.htx\a trier\progz mig\AusLogics Disk Defrag\
[08:18:12] - [23] MIRKO.POZEN: Début du Téléchargement de: D:\kerberos.htx\a trier\progz mig\AusLogics Disk Defrag\axpackage10.bpl
[08:18:12] - [22] MIRKO.POZEN: Début du Téléchargement de: D:\kerberos.htx\a trier\progz mig\AusLogics Disk Defrag\axuninstall.exe
[08:18:12] - [22] MIRKO.POZEN: Fichier envoyé: D:\kerberos.htx\a trier\progz mig\AusLogics Disk Defrag\axuninstall.exe (20,00 K/S -   20 480 bytes)
[08:18:12] - [22] MIRKO.POZEN: Début du Téléchargement de: D:\kerberos.htx\a trier\progz mig\AusLogics Disk Defrag\commonforms_lite.dll
[08:18:13] - [22] MIRKO.POZEN: Fichier envoyé: D:\kerberos.htx\a trier\progz mig\AusLogics Disk Defrag\commonforms_lite.dll (68,50 K/S -   70 144 bytes)
[08:18:13] - [22] MIRKO.POZEN: Début du Téléchargement de: D:\kerberos.htx\a trier\progz mig\AusLogics Disk Defrag\diskdefrag.dll
[08:18:13] - [22] MIRKO.POZEN: Fichier envoyé: D:\kerberos.htx\a trier\progz mig\AusLogics Disk Defrag\diskdefrag.dll (105,00 K/S -   107 520 bytes)
[08:18:13] - [23] MIRKO.POZEN: Fichier envoyé: D:\kerberos.htx\a trier\progz mig\AusLogics Disk Defrag\axpackage10.bpl (541,50 K/S -   554 496 bytes)
[08:18:13] - [22] MIRKO.POZEN: Début du Téléchargement de: D:\kerberos.htx\a trier\progz mig\AusLogics Disk Defrag\diskdefrag.exe
[08:18:14] - [23] MIRKO.POZEN: Début du Téléchargement de: D:\kerberos.htx\a trier\progz mig\AusLogics Disk Defrag\helper.dll
[08:18:14] - [23] MIRKO.POZEN: Fichier envoyé: D:\kerberos.htx\a trier\progz mig\AusLogics Disk Defrag\helper.dll (81,50 K/S -   83 456 bytes)
[08:18:14] - [22] MIRKO.POZEN: Fichier envoyé: D:\kerberos.htx\a trier\progz mig\AusLogics Disk Defrag\diskdefrag.exe (205,00 K/S -   209 920 bytes)
[08:18:14] - [23] MIRKO.POZEN: Début du Téléchargement de: D:\kerberos.htx\a trier\progz mig\AusLogics Disk Defrag\localizer.dll
[08:18:14] - [23] MIRKO.POZEN: Fichier envoyé: D:\kerberos.htx\a trier\progz mig\AusLogics Disk Defrag\localizer.dll (45,50 K/S -   46 592 bytes)
[08:18:14] - [23] MIRKO.POZEN: Début du Téléchargement de: D:\kerberos.htx\a trier\progz mig\AusLogics Disk Defrag\madbasic_.bpl
[08:18:15] - [22] MIRKO.POZEN: Début du Téléchargement de: D:\kerberos.htx\a trier\progz mig\AusLogics Disk Defrag\maddisasm_.bpl
[08:18:15] - [22] MIRKO.POZEN: Fichier envoyé: D:\kerberos.htx\a trier\progz mig\AusLogics Disk Defrag\maddisasm_.bpl (41,00 K/S -   41 984 bytes)
[08:18:15] - [23] MIRKO.POZEN: Fichier envoyé: D:\kerberos.htx\a trier\progz mig\AusLogics Disk Defrag\madbasic_.bpl (142,50 K/S -   145 920 bytes)
[08:18:15] - [22] MIRKO.POZEN: Début du Téléchargement de: D:\kerberos.htx\a trier\progz mig\AusLogics Disk Defrag\madexcept_.bpl
[08:18:15] - [23] MIRKO.POZEN: Début du Téléchargement de: D:\kerberos.htx\a trier\progz mig\AusLogics Disk Defrag\rtl70.bpl
[08:18:16] - [22] MIRKO.POZEN: Fichier envoyé: D:\kerberos.htx\a trier\progz mig\AusLogics Disk Defrag\madexcept_.bpl (307,00 K/S -   314 368 bytes)
[08:18:16] - [22] MIRKO.POZEN: Début du Téléchargement de: D:\kerberos.htx\a trier\progz mig\AusLogics Disk Defrag\unins000.dat
[08:18:16] - [22] MIRKO.POZEN: Fichier envoyé: D:\kerberos.htx\a trier\progz mig\AusLogics Disk Defrag\unins000.dat (5,48 K/S -   5 611 bytes)
[08:18:17] - [22] MIRKO.POZEN: Début du Téléchargement de: D:\kerberos.htx\a trier\progz mig\AusLogics Disk Defrag\unins000.exe
[08:18:17] - [23] MIRKO.POZEN: Fichier envoyé: D:\kerberos.htx\a trier\progz mig\AusLogics Disk Defrag\rtl70.bpl (380,00 K/S -   778 240 bytes)
[08:18:18] - [23] MIRKO.POZEN: Début du Téléchargement de: D:\kerberos.htx\a trier\progz mig\AusLogics Disk Defrag\vcl70.bpl
[08:18:19] - [22] MIRKO.POZEN: Fichier envoyé: D:\kerberos.htx\a trier\progz mig\AusLogics Disk Defrag\unins000.exe (691,45 K/S -   708 048 bytes)
[08:18:20] - [22] MIRKO.POZEN: Répertoire en Cours: D:\kerberos.htx\a trier\progz mig\AusLogics Disk Defrag\reports\
[08:18:20] - [22] MIRKO.POZEN: Début du Téléchargement de: D:\kerberos.htx\a trier\progz mig\AusLogics Disk Defrag\reports\C_Disk_Defrag_Report.html
[08:18:20] - [23] MIRKO.POZEN: Fichier envoyé: D:\kerberos.htx\a trier\progz mig\AusLogics Disk Defrag\vcl70.bpl (674,50 K/S -  1 381 376 bytes)
[08:18:20] - [23] MIRKO.POZEN: Répertoire en Cours: D:\kerberos.htx\a trier\progz mig\AusLogics Disk Defrag\reports\
[08:18:21] - [23] MIRKO.POZEN: Début du Téléchargement de: D:\kerberos.htx\a trier\progz mig\AusLogics Disk Defrag\reports\D_Disk_Defrag_Report.html
[08:18:21] - [23] MIRKO.POZEN: Fichier envoyé: D:\kerberos.htx\a trier\progz mig\AusLogics Disk Defrag\reports\D_Disk_Defrag_Report.html (18,58 K/S -   19 023 bytes)
[08:18:21] - [23] MIRKO.POZEN: Début du Téléchargement de: D:\kerberos.htx\a trier\progz mig\AusLogics Disk Defrag\reports\E_Disk_Defrag_Report.html
[08:18:21] - [23] MIRKO.POZEN: Fichier envoyé: D:\kerberos.htx\a trier\progz mig\AusLogics Disk Defrag\reports\E_Disk_Defrag_Report.html (57,47 K/S -   58 849 bytes)
[08:18:21] - [22] MIRKO.POZEN: Fichier envoyé: D:\kerberos.htx\a trier\progz mig\AusLogics Disk Defrag\reports\C_Disk_Defrag_Report.html (673,34 K/S -   689 503 bytes)
[08:18:21] - [23] MIRKO.POZEN: Début du Téléchargement de: D:\kerberos.htx\a trier\progz mig\AusLogics Disk Defrag\reports\H_Disk_Defrag_Report.html
[08:18:21] - [23] MIRKO.POZEN: Fichier envoyé: D:\kerberos.htx\a trier\progz mig\AusLogics Disk Defrag\reports\H_Disk_Defrag_Report.html (15,41 K/S -   15 776 bytes)
[08:18:21] - [22] MIRKO.POZEN: Début du Téléchargement de: D:\kerberos.htx\a trier\progz mig\AusLogics Disk Defrag\reports\I_Disk_Defrag_Report.html
[08:18:22] - [22] MIRKO.POZEN: Fichier envoyé: D:\kerberos.htx\a trier\progz mig\AusLogics Disk Defrag\reports\I_Disk_Defrag_Report.html (25,62 K/S -   26 237 bytes)
[08:18:22] - [23] MIRKO.POZEN: Début du Téléchargement de: D:\kerberos.htx\a trier\progz mig\AusLogics Disk Defrag\reports\J_Disk_Defrag_Report.html
[08:18:22] - [23] MIRKO.POZEN: Fichier envoyé: D:\kerberos.htx\a trier\progz mig\AusLogics Disk Defrag\reports\J_Disk_Defrag_Report.html (14,85 K/S -   15 204 bytes)
[08:18:22] - [22] MIRKO.POZEN: Début du Téléchargement de: D:\kerberos.htx\a trier\progz mig\AusLogics Disk Defrag\reports\K_Disk_Defrag_Report.html
[08:18:22] - [22] MIRKO.POZEN: Fichier envoyé: D:\kerberos.htx\a trier\progz mig\AusLogics Disk Defrag\reports\K_Disk_Defrag_Report.html (15,83 K/S -   16 212 bytes)
[08:18:22] - [23] MIRKO.POZEN: Répertoire en Cours: D:\kerberos.htx\a trier\progz mig\AusLogics Disk Defrag\Lang\
[08:18:22] - [22] MIRKO.POZEN: Répertoire en Cours: D:\kerberos.htx\a trier\progz mig\AusLogics Disk Defrag\Data\
[08:18:22] - [23] MIRKO.POZEN: Début du Téléchargement de: D:\kerberos.htx\a trier\progz mig\AusLogics Disk Defrag\Lang\fr.lng
[08:18:22] - [23] MIRKO.POZEN: Fichier envoyé: D:\kerberos.htx\a trier\progz mig\AusLogics Disk Defrag\Lang\fr.lng (9,84 K/S -   10 075 bytes)
[08:18:22] - [22] MIRKO.POZEN: Début du Téléchargement de: D:\kerberos.htx\a trier\progz mig\AusLogics Disk Defrag\Data\about.png
[08:18:22] - [22] MIRKO.POZEN: Fichier envoyé: D:\kerberos.htx\a trier\progz mig\AusLogics Disk Defrag\Data\about.png (29,16 K/S -   29 860 bytes)
[08:18:23] - [22] MIRKO.POZEN: Début du Téléchargement de: D:\kerberos.htx\a trier\progz mig\AusLogics Disk Defrag\Data\main.ini
[08:18:23] - [23] MIRKO.POZEN: Répertoire en Cours: D:\kerberos.htx\a trier\progz mig\AusLogics Disk Defrag\Data\
[08:18:23] - [22] MIRKO.POZEN: Fichier envoyé: D:\kerberos.htx\a trier\progz mig\AusLogics Disk Defrag\Data\main.ini (0,90 K/S -    919 bytes)
[08:18:23] - [23] MIRKO.POZEN: Début du Téléchargement de: D:\kerberos.htx\a trier\progz mig\AusLogics Disk Defrag\Data\Thumbs.db
[08:18:23] - [23] MIRKO.POZEN: Fichier envoyé: D:\kerberos.htx\a trier\progz mig\AusLogics Disk Defrag\Data\Thumbs.db (4,00 K/S -   4 096 bytes)
[08:18:54] - [23] Client 192.168.0.1 Déconnecté (00:00:42 Min)
[08:18:54] - [22] Client 192.168.0.1 Déconnecté (00:00:42 Min)
[08:34:21] - [21] Client 192.168.0.1 Déconnecté (00:16:39 Min)
[15:24:36] - [24] Connecté à 198.108.66.128. Collecte du Nom d'utilisateur.
[15:24:36] - [24] Client 198.108.66.128 Déconnecté (00:00:00 Min)
[16:54:18] - [25] Connecté à 172.105.218.213. Collecte du Nom d'utilisateur.
[16:54:19] - [25] Client 172.105.218.213 Déconnecté (00:00:00 Min)
[17:05:24] - [26] Connecté à 164.52.24.165. Collecte du Nom d'utilisateur.
[17:05:25] - [26] Client 164.52.24.165 Déconnecté (00:00:00 Min)
[17:10:45] - [27] Connecté à 196.52.43.52. Collecte du Nom d'utilisateur.
[17:11:16] - [27] Client 196.52.43.52 Déconnecté (00:00:30 Min)
[17:13:58] - [28] Connecté à 196.52.43.58. Collecte du Nom d'utilisateur.
[17:14:08] - [28] Client 196.52.43.58 Déconnecté (00:00:09 Min)
[19:00:51] - [29] Connecté à 192.168.0.1. Collecte du Nom d'utilisateur.
[19:00:51] - [29] Usager MIRKO.POZEN Connecté IP: 192.168.0.1
[19:00:51] - [29] MIRKO.POZEN: Répertoire en Cours: D:\kerberos.htx\
[19:00:52] - [29] MIRKO.POZEN: Répertoire en Cours: D:\kerberos.htx\
[19:00:59] - [29] Client 192.168.0.1 Déconnecté (00:00:07 Min)
