=== DÉMARRAGE GÉNÉRATEUR D'ICÔNES KERBEROS ===
Objectif : créer 4 icônes pour la Bulle Protectrice Multicouches.
Format : PostScript (.ps) → à convertir manuellement en .png/.ico.
Icône 'inactive' générée : I:\iconforge\icons\bubble_inactive.ps
Icône 'active' générée : I:\iconforge\icons\bubble_active.ps
Icône 'warning' générée : I:\iconforge\icons\bubble_warning.ps
Icône 'alert' générée : I:\iconforge\icons\bubble_alert.ps
✅ 4/4 icônes générées dans : I:\iconforge\icons
➡️  Prochaine étape : convertir les .ps en .ico (ex: avec Greenfish ou cloudconvert.com)
ℹ️  Rappel : les icônes sont 100% libres de droits – GPLv3 compatible.
=== DÉMARRAGE GÉNÉRATEUR D'ICÔNES KERBEROS ===
Objectif : créer 4 icônes pour la Bulle Protectrice Multicouches.
Format : PostScript (.ps) → à convertir manuellement en .png/.ico.
Icône 'inactive' générée : I:\iconforge\icons\bubble_inactive.ps
Icône 'active' générée : I:\iconforge\icons\bubble_active.ps
Icône 'warning' générée : I:\iconforge\icons\bubble_warning.ps
Icône 'alert' générée : I:\iconforge\icons\bubble_alert.ps
✅ 4/4 icônes générées dans : I:\iconforge\icons
➡️  Prochaine étape : convertir les .ps en .ico (ex: avec Greenfish ou cloudconvert.com)
ℹ️  Rappel : les icônes sont 100% libres de droits – GPLv3 compatible.
=== DÉMARRAGE GÉNÉRATEUR D'ICÔNES KERBEROS ===
Objectif : créer 4 icônes pour la Bulle Protectrice Multicouches.
Format : PostScript (.ps) → à convertir manuellement en .png/.ico.
Icône 'inactive' générée : I:\iconforge\icons\bubble_inactive.ps
Icône 'active' générée : I:\iconforge\icons\bubble_active.ps
Icône 'warning' générée : I:\iconforge\icons\bubble_warning.ps
Icône 'alert' générée : I:\iconforge\icons\bubble_alert.ps
✅ 4/4 icônes générées dans : I:\iconforge\icons
➡️  Prochaine étape : convertir les .ps en .ico (ex: avec Greenfish ou cloudconvert.com)
ℹ️  Rappel : les icônes sont 100% libres de droits – GPLv3 compatible.
=== DÉMARRAGE GÉNÉRATEUR D'ICÔNES KERBEROS ===
Objectif : créer 4 icônes pour la Bulle Protectrice Multicouches.
Format : PostScript (.ps) → à convertir manuellement en .png/.ico.
Icône 'inactive' générée : H:\kerberos\iconforge\icons\bubble_inactive.ps
Icône 'active' générée : H:\kerberos\iconforge\icons\bubble_active.ps
Icône 'warning' générée : H:\kerberos\iconforge\icons\bubble_warning.ps
Icône 'alert' générée : H:\kerberos\iconforge\icons\bubble_alert.ps
✅ 4/4 icônes générées dans : H:\kerberos\iconforge\icons
➡️  Prochaine étape : convertir les .ps en .ico (ex: avec Greenfish ou cloudconvert.com)
ℹ️  Rappel : les icônes sont 100% libres de droits – GPLv3 compatible.
=== DÉMARRAGE GÉNÉRATEUR D'ICÔNES KERBEROS ===
Objectif : créer 4 icônes pour la Bulle Protectrice Multicouches.
Format : PostScript (.ps) → à convertir manuellement en .png/.ico.
Icône 'inactive' générée : I:\kerberos\iconforge\icons\bubble_inactive.ps
Icône 'active' générée : I:\kerberos\iconforge\icons\bubble_active.ps
Icône 'warning' générée : I:\kerberos\iconforge\icons\bubble_warning.ps
Icône 'alert' générée : I:\kerberos\iconforge\icons\bubble_alert.ps
✅ 4/4 icônes générées dans : I:\kerberos\iconforge\icons
➡️  Prochaine étape : convertir les .ps en .ico (ex: avec Greenfish ou cloudconvert.com)
ℹ️  Rappel : les icônes sont 100% libres de droits – GPLv3 compatible.
