[18:43:30] - Serveur Démarré
[18:43:30] - FTP Port: 21
[18:44:24] - [1] Connecté à 192.168.0.1. Collecte du Nom d'utilisateur.
[18:44:24] - [1] Usager MIRKO.POZEN Connecté IP: 192.168.0.1
[18:44:24] - [1] MIRKO.POZEN: Répertoire en Cours: D:\kerberos.htx\
[18:44:24] - [1] MIRKO.POZEN: Répertoire en Cours: D:\kerberos.htx\
[18:45:05] - [1] MIRKO.POZEN: Répertoire en Cours: D:\kerberos.htx\
[18:45:05] - [1] MIRKO.POZEN: Nouveau Répertoire: D:\kerberos.htx\drivers scannaer epsongt
[18:45:05] - [1] MIRKO.POZEN: Répertoire en Cours: D:\kerberos.htx\drivers scannaer epsongt\
[18:45:05] - [1] MIRKO.POZEN: Nouveau Répertoire: D:\kerberos.htx\drivers scannaer epsongt\12000
[18:45:10] - [1] MIRKO.POZEN: Répertoire en Cours: D:\kerberos.htx\
[18:45:10] - [1] MIRKO.POZEN: Répertoire en Cours: D:\kerberos.htx\drivers scannaer epsongt\
[18:45:26] - [1] MIRKO.POZEN: Répertoire en Cours: D:\kerberos.htx\drivers scannaer epsongt\
[18:45:26] - [1] MIRKO.POZEN: Nouveau Répertoire: D:\kerberos.htx\drivers scannaer epsongt\epson drivers to server
[18:45:26] - [2] Connecté à 192.168.0.1. Collecte du Nom d'utilisateur.
[18:45:26] - [3] Connecté à 192.168.0.1. Collecte du Nom d'utilisateur.
[18:45:26] - [2] Usager MIRKO.POZEN Connecté IP: 192.168.0.1
[18:45:27] - [2] MIRKO.POZEN: Répertoire en Cours: D:\kerberos.htx\
[18:45:27] - [3] Usager MIRKO.POZEN Connecté IP: 192.168.0.1
[18:45:27] - [3] MIRKO.POZEN: Répertoire en Cours: D:\kerberos.htx\
[18:45:27] - [1] MIRKO.POZEN: Répertoire en Cours: D:\kerberos.htx\drivers scannaer epsongt\
[18:45:27] - [3] MIRKO.POZEN: Répertoire en Cours: D:\kerberos.htx\drivers scannaer epsongt\epson drivers to server\
[18:45:27] - [2] MIRKO.POZEN: Répertoire en Cours: D:\kerberos.htx\drivers scannaer epsongt\epson drivers to server\
[18:45:27] - [3] MIRKO.POZEN: Nouveau Répertoire: D:\kerberos.htx\drivers scannaer epsongt\epson drivers to server\Scanserveur
[18:45:27] - [1] MIRKO.POZEN: Nouveau Répertoire: D:\kerberos.htx\drivers scannaer epsongt\epson drivers to server
[18:45:27] - [2] MIRKO.POZEN: Nouveau Répertoire: D:\kerberos.htx\drivers scannaer epsongt\epson drivers to server\Scanserveur
[18:45:27] - [3] MIRKO.POZEN: Répertoire en Cours: D:\kerberos.htx\drivers scannaer epsongt\epson drivers to server\Scanserveur\
[18:45:27] - [1] MIRKO.POZEN: Répertoire en Cours: D:\kerberos.htx\drivers scannaer epsongt\epson drivers to server\
[18:45:27] - [2] MIRKO.POZEN: Répertoire en Cours: D:\kerberos.htx\drivers scannaer epsongt\epson drivers to server\Scanserveur\
[18:45:27] - [1] MIRKO.POZEN: Nouveau Répertoire: D:\kerberos.htx\drivers scannaer epsongt\epson drivers to server\Scanserveur
[18:45:27] - [1] MIRKO.POZEN: Répertoire en Cours: D:\kerberos.htx\drivers scannaer epsongt\epson drivers to server\
[18:45:27] - [1] MIRKO.POZEN: Nouveau Répertoire: D:\kerberos.htx\drivers scannaer epsongt\epson drivers to server\Scanserveur
[18:45:27] - [3] MIRKO.POZEN: Début d'Upload de D:\kerberos.htx\drivers scannaer epsongt\epson drivers to server\Scanserveur\DATA1.CAB
[18:45:27] - [2] MIRKO.POZEN: Début d'Upload de D:\kerberos.htx\drivers scannaer epsongt\epson drivers to server\Scanserveur\DATA.TAG
[18:45:27] - [2] MIRKO.POZEN: Fichier Upload: D:\kerberos.htx\drivers scannaer epsongt\epson drivers to server\Scanserveur\DATA.TAG (0,09 K/S -    97 bytes)
[18:45:27] - [3] MIRKO.POZEN: Fichier Upload: D:\kerberos.htx\drivers scannaer epsongt\epson drivers to server\Scanserveur\DATA1.CAB (116,13 K/S -   118 915 bytes)
[18:45:27] - [3] MIRKO.POZEN: Début d'Upload de D:\kerberos.htx\drivers scannaer epsongt\epson drivers to server\Scanserveur\DATA1.HDR
[18:45:27] - [2] MIRKO.POZEN: Début d'Upload de D:\kerberos.htx\drivers scannaer epsongt\epson drivers to server\Scanserveur\LANG.DAT
[18:45:27] - [3] MIRKO.POZEN: Fichier Upload: D:\kerberos.htx\drivers scannaer epsongt\epson drivers to server\Scanserveur\DATA1.HDR (4,60 K/S -   4 711 bytes)
[18:45:27] - [2] MIRKO.POZEN: Fichier Upload: D:\kerberos.htx\drivers scannaer epsongt\epson drivers to server\Scanserveur\LANG.DAT (4,57 K/S -   4 679 bytes)
[18:45:28] - [2] MIRKO.POZEN: Début d'Upload de D:\kerberos.htx\drivers scannaer epsongt\epson drivers to server\Scanserveur\OS.DAT
[18:45:28] - [3] MIRKO.POZEN: Début d'Upload de D:\kerberos.htx\drivers scannaer epsongt\epson drivers to server\Scanserveur\LAYOUT.BIN
[18:45:28] - [2] MIRKO.POZEN: Fichier Upload: D:\kerberos.htx\drivers scannaer epsongt\epson drivers to server\Scanserveur\OS.DAT (0,44 K/S -    450 bytes)
[18:45:28] - [3] MIRKO.POZEN: Fichier Upload: D:\kerberos.htx\drivers scannaer epsongt\epson drivers to server\Scanserveur\LAYOUT.BIN (0,58 K/S -    590 bytes)
[18:45:28] - [2] MIRKO.POZEN: Début d'Upload de D:\kerberos.htx\drivers scannaer epsongt\epson drivers to server\Scanserveur\SETUP.EXE
[18:45:28] - [2] MIRKO.POZEN: Fichier Upload: D:\kerberos.htx\drivers scannaer epsongt\epson drivers to server\Scanserveur\SETUP.EXE (59,50 K/S -   60 928 bytes)
[18:45:28] - [3] MIRKO.POZEN: Début d'Upload de D:\kerberos.htx\drivers scannaer epsongt\epson drivers to server\Scanserveur\SETUP.INI
[18:45:29] - [3] MIRKO.POZEN: Fichier Upload: D:\kerberos.htx\drivers scannaer epsongt\epson drivers to server\Scanserveur\SETUP.INI (0,10 K/S -    100 bytes)
[18:45:30] - [2] MIRKO.POZEN: Début d'Upload de D:\kerberos.htx\drivers scannaer epsongt\epson drivers to server\Scanserveur\SETUP.INS
[18:45:30] - [3] MIRKO.POZEN: Début d'Upload de D:\kerberos.htx\drivers scannaer epsongt\epson drivers to server\Scanserveur\SETUP.LID
[18:45:30] - [2] MIRKO.POZEN: Fichier Upload: D:\kerberos.htx\drivers scannaer epsongt\epson drivers to server\Scanserveur\SETUP.INS (59,21 K/S -   60 635 bytes)
[18:45:32] - [3] MIRKO.POZEN: Fichier Upload: D:\kerberos.htx\drivers scannaer epsongt\epson drivers to server\Scanserveur\SETUP.LID (0,02 K/S -    49 bytes)
[18:45:32] - [1] MIRKO.POZEN: Répertoire en Cours: D:\kerberos.htx\drivers scannaer epsongt\
[18:45:32] - [2] MIRKO.POZEN: Début d'Upload de D:\kerberos.htx\drivers scannaer epsongt\epson drivers to server\Scanserveur\_INST32I.EX_
[18:45:33] - [1] MIRKO.POZEN: Répertoire en Cours: D:\kerberos.htx\drivers scannaer epsongt\12000\
[18:45:33] - [3] MIRKO.POZEN: Début d'Upload de D:\kerberos.htx\drivers scannaer epsongt\epson drivers to server\Scanserveur\_ISDEL.EXE
[18:45:33] - [3] MIRKO.POZEN: Fichier Upload: D:\kerberos.htx\drivers scannaer epsongt\epson drivers to server\Scanserveur\_ISDEL.EXE (8,50 K/S -   8 704 bytes)
[18:45:33] - [2] MIRKO.POZEN: Fichier Upload: D:\kerberos.htx\drivers scannaer epsongt\epson drivers to server\Scanserveur\_INST32I.EX_ (291,00 K/S -   297 989 bytes)
[18:45:33] - [2] MIRKO.POZEN: Début d'Upload de D:\kerberos.htx\drivers scannaer epsongt\epson drivers to server\Scanserveur\_SYS1.CAB
[18:45:33] - [3] MIRKO.POZEN: Début d'Upload de D:\kerberos.htx\drivers scannaer epsongt\epson drivers to server\Scanserveur\_SETUP.DLL
[18:45:34] - [3] MIRKO.POZEN: Fichier Upload: D:\kerberos.htx\drivers scannaer epsongt\epson drivers to server\Scanserveur\_SETUP.DLL (11,09 K/S -   11 355 bytes)
[18:45:34] - [2] MIRKO.POZEN: Fichier Upload: D:\kerberos.htx\drivers scannaer epsongt\epson drivers to server\Scanserveur\_SYS1.CAB (173,65 K/S -   177 821 bytes)
[18:45:34] - [3] MIRKO.POZEN: Début d'Upload de D:\kerberos.htx\drivers scannaer epsongt\epson drivers to server\Scanserveur\_SYS1.HDR
[18:45:34] - [2] MIRKO.POZEN: Début d'Upload de D:\kerberos.htx\drivers scannaer epsongt\epson drivers to server\Scanserveur\_USER1.CAB
[18:45:34] - [3] MIRKO.POZEN: Fichier Upload: D:\kerberos.htx\drivers scannaer epsongt\epson drivers to server\Scanserveur\_SYS1.HDR (3,87 K/S -   3 965 bytes)
[18:45:34] - [2] MIRKO.POZEN: Fichier Upload: D:\kerberos.htx\drivers scannaer epsongt\epson drivers to server\Scanserveur\_USER1.CAB (3,02 K/S -   3 095 bytes)
[18:45:34] - [3] MIRKO.POZEN: Début d'Upload de D:\kerberos.htx\drivers scannaer epsongt\epson drivers to server\Scanserveur\_USER1.HDR
[18:45:34] - [3] MIRKO.POZEN: Fichier Upload: D:\kerberos.htx\drivers scannaer epsongt\epson drivers to server\Scanserveur\_USER1.HDR (4,35 K/S -   4 455 bytes)
[18:45:41] - [2] MIRKO.POZEN: Répertoire en Cours: D:\kerberos.htx\drivers scannaer epsongt\
[18:45:41] - [3] MIRKO.POZEN: Répertoire en Cours: D:\kerberos.htx\drivers scannaer epsongt\
[18:45:41] - [3] MIRKO.POZEN: Début d'Upload de D:\kerberos.htx\drivers scannaer epsongt\epson31729eu.exe
[18:45:41] - [2] MIRKO.POZEN: Début d'Upload de D:\kerberos.htx\drivers scannaer epsongt\epson4080eu.exe
[18:45:45] - [2] MIRKO.POZEN: Fichier Upload: D:\kerberos.htx\drivers scannaer epsongt\epson4080eu.exe (917,83 K/S -  2 819 584 bytes)
[18:45:55] - [3] MIRKO.POZEN: Fichier Upload: D:\kerberos.htx\drivers scannaer epsongt\epson31729eu.exe (1 589,80 K/S -  21 164 032 bytes)
[18:45:55] - [1] MIRKO.POZEN: Répertoire en Cours: D:\kerberos.htx\drivers scannaer epsongt\
[18:46:00] - [1] MIRKO.POZEN: Répertoire en Cours: D:\kerberos.htx\
[18:46:15] - [2] Client 192.168.0.1 Déconnecté (00:00:49 Min)
[18:46:25] - [3] Client 192.168.0.1 Déconnecté (00:00:59 Min)
[18:46:27] - [1] MIRKO.POZEN: Répertoire en Cours: D:\kerberos.htx\Hard Disk Sentinel\
[18:46:49] - [1] MIRKO.POZEN: Répertoire en Cours: D:\kerberos.htx\
[18:46:49] - [1] MIRKO.POZEN: Répertoire en Cours: D:\kerberos.htx\exe\
[18:46:52] - [1] MIRKO.POZEN: Répertoire en Cours: D:\kerberos.htx\exe\hddentinel\
[18:46:53] - [1] MIRKO.POZEN: Répertoire en Cours: D:\kerberos.htx\exe\hddentinel\crack\
[18:46:54] - [4] Connecté à 192.168.0.1. Collecte du Nom d'utilisateur.
[18:46:54] - [5] Connecté à 192.168.0.1. Collecte du Nom d'utilisateur.
[18:46:54] - [5] Usager MIRKO.POZEN Connecté IP: 192.168.0.1
[18:46:54] - [5] MIRKO.POZEN: Répertoire en Cours: D:\kerberos.htx\
[18:46:54] - [4] Usager MIRKO.POZEN Connecté IP: 192.168.0.1
[18:46:54] - [4] MIRKO.POZEN: Répertoire en Cours: D:\kerberos.htx\
[18:46:54] - [5] MIRKO.POZEN: Répertoire en Cours: D:\kerberos.htx\exe\hddentinel\crack\
[18:46:54] - [5] MIRKO.POZEN: Début du Téléchargement de: D:\kerberos.htx\exe\hddentinel\crack\HDSentinel.exe
[18:46:57] - [4] MIRKO.POZEN: Répertoire en Cours: D:\kerberos.htx\exe\hddentinel\
[18:46:57] - [4] MIRKO.POZEN: Début du Téléchargement de: D:\kerberos.htx\exe\hddentinel\hdsentinel_setup.exe
[18:47:07] - [5] MIRKO.POZEN: Fichier envoyé: D:\kerberos.htx\exe\hddentinel\crack\HDSentinel.exe (362,97 K/S -  4 460 176 bytes)
[18:47:26] - [4] MIRKO.POZEN: Fichier envoyé: D:\kerberos.htx\exe\hddentinel\hdsentinel_setup.exe (606,60 K/S -  18 013 720 bytes)
[18:47:33] - [5] MIRKO.POZEN: Répertoire en Cours: D:\kerberos.htx\exe\
[18:47:33] - [5] MIRKO.POZEN: Début du Téléchargement de: D:\kerberos.htx\exe\slimdrivers_2-3-0-1_fr_412744.exe
[18:47:35] - [5] MIRKO.POZEN: Fichier envoyé: D:\kerberos.htx\exe\slimdrivers_2-3-0-1_fr_412744.exe (479,36 K/S -   981 728 bytes)
[18:47:56] - [4] Client 192.168.0.1 Déconnecté (00:01:02 Min)
[18:48:05] - [5] Client 192.168.0.1 Déconnecté (00:01:11 Min)
[18:49:43] - [6] Connecté à 192.168.0.1. Collecte du Nom d'utilisateur.
[18:49:43] - [6] Usager MIRKO.POZEN Connecté IP: 192.168.0.1
[18:49:43] - [6] MIRKO.POZEN: Répertoire en Cours: D:\kerberos.htx\
[18:49:44] - [6] MIRKO.POZEN: Répertoire en Cours: D:\kerberos.htx\exe\
[18:49:44] - [6] MIRKO.POZEN: Début du Téléchargement de: D:\kerberos.htx\exe\Advanced_IP_Scanner_2.5.3499(1).exe
[18:49:56] - [6] MIRKO.POZEN: Fichier envoyé: D:\kerberos.htx\exe\Advanced_IP_Scanner_2.5.3499(1).exe (717,84 K/S -  9 555 832 bytes)
[18:50:28] - [6] Client 192.168.0.1 Déconnecté (00:00:44 Min)
[18:59:23] - [7] Connecté à 192.168.0.1. Collecte du Nom d'utilisateur.
[18:59:23] - [7] Usager MIRKO.POZEN Connecté IP: 192.168.0.1
[18:59:23] - [7] MIRKO.POZEN: Répertoire en Cours: D:\kerberos.htx\
[18:59:23] - [7] MIRKO.POZEN: Répertoire en Cours: D:\kerberos.htx\exe\
[18:59:24] - [7] MIRKO.POZEN: Début du Téléchargement de: D:\kerberos.htx\exe\ipscan25.exe
[18:59:37] - [7] MIRKO.POZEN: Fichier envoyé: D:\kerberos.htx\exe\ipscan25.exe (651,73 K/S -  9 343 168 bytes)
[19:00:09] - [7] Client 192.168.0.1 Déconnecté (00:00:45 Min)
[19:06:31] - [1] Client 192.168.0.1 Déconnecté (00:22:07 Min)
