[21:58:36] - Serveur Démarré
[21:58:36] - FTP Port: 21
[22:50:33] - [1] Connecté à 149.154.233.18. Collecte du Nom d'utilisateur.
[22:50:33] - [1] Usager MIRKO.POZEN Connecté IP: 149.154.233.18
[22:50:33] - [1] MIRKO.POZEN: Répertoire en Cours: E:\kerberos.htx\
[22:50:34] - [1] MIRKO.POZEN: Répertoire en Cours: E:\kerberos.htx\
[22:51:00] - [1] MIRKO.POZEN: Répertoire en Cours: E:\kerberos.htx\
[22:51:31] - [1] MIRKO.POZEN: Répertoire en Cours: E:\kerberos.htx\rar\
[22:52:16] - [2] Connecté à 149.154.233.18. Collecte du Nom d'utilisateur.
[22:52:16] - [2] Usager MIRKO.POZEN Connecté IP: 149.154.233.18
[22:52:16] - [2] MIRKO.POZEN: Répertoire en Cours: E:\kerberos.htx\
[22:52:17] - [2] MIRKO.POZEN: Répertoire en Cours: E:\kerberos.htx\rar\
[22:52:17] - [2] MIRKO.POZEN: Début du Téléchargement de: E:\kerberos.htx\rar\paint shop pro 8 relase.rar
[22:52:50] - [1] MIRKO.POZEN: Répertoire en Cours: E:\kerberos.htx\rar\gamez\
[23:02:28] - [1] MIRKO.POZEN: Répertoire en Cours: E:\kerberos.htx\
[23:02:29] - [1] MIRKO.POZEN: Répertoire en Cours: E:\kerberos.htx\exe\
[23:02:37] - [1] MIRKO.POZEN: Répertoire en Cours: E:\kerberos.htx\exe\hddentinel\
[23:02:55] - [1] MIRKO.POZEN: Répertoire en Cours: E:\kerberos.htx\exe\hddentinel\crack\
[23:02:56] - [3] Connecté à 149.154.233.18. Collecte du Nom d'utilisateur.
[23:02:56] - [3] Usager MIRKO.POZEN Connecté IP: 149.154.233.18
[23:02:56] - [3] MIRKO.POZEN: Répertoire en Cours: E:\kerberos.htx\
[23:02:56] - [3] MIRKO.POZEN: Répertoire en Cours: E:\kerberos.htx\exe\hddentinel\
[23:02:57] - [3] MIRKO.POZEN: Début du Téléchargement de: E:\kerberos.htx\exe\hddentinel\hdsentinel_setup.exe
[23:03:05] - [1] MIRKO.POZEN: Répertoire en Cours: E:\kerberos.htx\
[23:03:05] - [1] MIRKO.POZEN: Répertoire en Cours: E:\kerberos.htx\Advanced IP Scanner\
[23:09:01] - [3] MIRKO.POZEN: Fichier envoyé: E:\kerberos.htx\exe\hddentinel\hdsentinel_setup.exe (48,33 K/S -  18 013 720 bytes)
[23:09:01] - [3] MIRKO.POZEN: Répertoire en Cours: E:\kerberos.htx\exe\hddentinel\crack\
[23:09:01] - [3] MIRKO.POZEN: Début du Téléchargement de: E:\kerberos.htx\exe\hddentinel\crack\HDSentinel.exe
[23:10:30] - [3] MIRKO.POZEN: Fichier envoyé: E:\kerberos.htx\exe\hddentinel\crack\HDSentinel.exe (48,94 K/S -  4 460 176 bytes)
[23:20:48] - [1] MIRKO.POZEN: Répertoire en Cours: E:\kerberos.htx\
[23:20:49] - [1] MIRKO.POZEN: Répertoire en Cours: E:\kerberos.htx\000\
[23:21:05] - [1] MIRKO.POZEN: Répertoire en Cours: E:\kerberos.htx\
[23:21:05] - [1] MIRKO.POZEN: Répertoire en Cours: E:\kerberos.htx\downs frame\
[23:21:09] - [1] MIRKO.POZEN: Répertoire en Cours: E:\kerberos.htx\
[23:21:40] - [1] MIRKO.POZEN: Répertoire en Cours: E:\kerberos.htx\exe\
[23:21:41] - [1] MIRKO.POZEN: Répertoire en Cours: E:\kerberos.htx\exe\pour.xp\
[23:24:22] - [1] MIRKO.POZEN: Répertoire en Cours: E:\kerberos.htx\
[23:24:22] - [1] MIRKO.POZEN: Répertoire en Cours: E:\kerberos.htx\last down\
[23:24:52] - [1] MIRKO.POZEN: Répertoire en Cours: E:\kerberos.htx\
[23:24:52] - [1] MIRKO.POZEN: Répertoire en Cours: E:\kerberos.htx\ftp\
[23:24:55] - [1] MIRKO.POZEN: Répertoire en Cours: E:\kerberos.htx\ftp\progz\
[23:24:58] - [1] MIRKO.POZEN: Répertoire en Cours: E:\kerberos.htx\ftp\progz\AusLogics Disk Defrag\
[23:25:05] - [1] MIRKO.POZEN: Répertoire en Cours: E:\kerberos.htx\ftp\progz\AusLogics Disk Defrag\reports\
[23:25:05] - [4] Connecté à 149.154.233.18. Collecte du Nom d'utilisateur.
[23:25:05] - [1] MIRKO.POZEN: Répertoire en Cours: E:\kerberos.htx\ftp\progz\AusLogics Disk Defrag\
[23:25:05] - [4] Usager MIRKO.POZEN Connecté IP: 149.154.233.18
[23:25:05] - [4] MIRKO.POZEN: Répertoire en Cours: E:\kerberos.htx\
[23:25:05] - [1] MIRKO.POZEN: Répertoire en Cours: E:\kerberos.htx\ftp\progz\AusLogics Disk Defrag\Lang\
[23:25:06] - [4] MIRKO.POZEN: Répertoire en Cours: E:\kerberos.htx\ftp\progz\AusLogics Disk Defrag\
[23:25:06] - [1] MIRKO.POZEN: Répertoire en Cours: E:\kerberos.htx\ftp\progz\AusLogics Disk Defrag\
[23:25:06] - [4] MIRKO.POZEN: Début du Téléchargement de: E:\kerberos.htx\ftp\progz\AusLogics Disk Defrag\axpackage10.bpl
[23:25:06] - [1] MIRKO.POZEN: Répertoire en Cours: E:\kerberos.htx\ftp\progz\AusLogics Disk Defrag\Data\
[23:25:17] - [4] MIRKO.POZEN: Fichier envoyé: E:\kerberos.htx\ftp\progz\AusLogics Disk Defrag\axpackage10.bpl (49,23 K/S -   554 496 bytes)
[23:25:18] - [4] MIRKO.POZEN: Début du Téléchargement de: E:\kerberos.htx\ftp\progz\AusLogics Disk Defrag\axuninstall.exe
[23:25:18] - [4] MIRKO.POZEN: Fichier envoyé: E:\kerberos.htx\ftp\progz\AusLogics Disk Defrag\axuninstall.exe (20,00 K/S -   20 480 bytes)
[23:25:19] - [4] MIRKO.POZEN: Début du Téléchargement de: E:\kerberos.htx\ftp\progz\AusLogics Disk Defrag\commonforms_lite.dll
[23:25:20] - [4] MIRKO.POZEN: Fichier envoyé: E:\kerberos.htx\ftp\progz\AusLogics Disk Defrag\commonforms_lite.dll (68,50 K/S -   70 144 bytes)
[23:25:21] - [4] MIRKO.POZEN: Début du Téléchargement de: E:\kerberos.htx\ftp\progz\AusLogics Disk Defrag\diskdefrag.dll
[23:25:23] - [4] MIRKO.POZEN: Fichier envoyé: E:\kerberos.htx\ftp\progz\AusLogics Disk Defrag\diskdefrag.dll (35,00 K/S -   107 520 bytes)
[23:25:23] - [4] MIRKO.POZEN: Début du Téléchargement de: E:\kerberos.htx\ftp\progz\AusLogics Disk Defrag\diskdefrag.exe
[23:25:28] - [4] MIRKO.POZEN: Fichier envoyé: E:\kerberos.htx\ftp\progz\AusLogics Disk Defrag\diskdefrag.exe (51,25 K/S -   209 920 bytes)
[23:25:28] - [4] MIRKO.POZEN: Début du Téléchargement de: E:\kerberos.htx\ftp\progz\AusLogics Disk Defrag\helper.dll
[23:25:30] - [4] MIRKO.POZEN: Fichier envoyé: E:\kerberos.htx\ftp\progz\AusLogics Disk Defrag\helper.dll (40,75 K/S -   83 456 bytes)
[23:25:30] - [4] MIRKO.POZEN: Début du Téléchargement de: E:\kerberos.htx\ftp\progz\AusLogics Disk Defrag\localizer.dll
[23:25:31] - [4] MIRKO.POZEN: Fichier envoyé: E:\kerberos.htx\ftp\progz\AusLogics Disk Defrag\localizer.dll (45,50 K/S -   46 592 bytes)
[23:25:31] - [4] MIRKO.POZEN: Début du Téléchargement de: E:\kerberos.htx\ftp\progz\AusLogics Disk Defrag\madbasic_.bpl
[23:25:34] - [4] MIRKO.POZEN: Fichier envoyé: E:\kerberos.htx\ftp\progz\AusLogics Disk Defrag\madbasic_.bpl (47,50 K/S -   145 920 bytes)
[23:25:35] - [4] MIRKO.POZEN: Début du Téléchargement de: E:\kerberos.htx\ftp\progz\AusLogics Disk Defrag\maddisasm_.bpl
[23:25:36] - [4] MIRKO.POZEN: Fichier envoyé: E:\kerberos.htx\ftp\progz\AusLogics Disk Defrag\maddisasm_.bpl (41,00 K/S -   41 984 bytes)
[23:25:36] - [4] MIRKO.POZEN: Début du Téléchargement de: E:\kerberos.htx\ftp\progz\AusLogics Disk Defrag\madexcept_.bpl
[23:25:43] - [4] MIRKO.POZEN: Fichier envoyé: E:\kerberos.htx\ftp\progz\AusLogics Disk Defrag\madexcept_.bpl (51,17 K/S -   314 368 bytes)
[23:25:43] - [4] MIRKO.POZEN: Début du Téléchargement de: E:\kerberos.htx\ftp\progz\AusLogics Disk Defrag\rtl70.bpl
[23:25:59] - [4] MIRKO.POZEN: Fichier envoyé: E:\kerberos.htx\ftp\progz\AusLogics Disk Defrag\rtl70.bpl (47,50 K/S -   778 240 bytes)
[23:25:59] - [4] MIRKO.POZEN: Début du Téléchargement de: E:\kerberos.htx\ftp\progz\AusLogics Disk Defrag\unins000.dat
[23:25:59] - [4] MIRKO.POZEN: Fichier envoyé: E:\kerberos.htx\ftp\progz\AusLogics Disk Defrag\unins000.dat (5,48 K/S -   5 611 bytes)
[23:26:00] - [4] MIRKO.POZEN: Début du Téléchargement de: E:\kerberos.htx\ftp\progz\AusLogics Disk Defrag\unins000.exe
[23:26:13] - [4] MIRKO.POZEN: Fichier envoyé: E:\kerberos.htx\ftp\progz\AusLogics Disk Defrag\unins000.exe (53,19 K/S -   708 048 bytes)
[23:26:14] - [4] MIRKO.POZEN: Début du Téléchargement de: E:\kerberos.htx\ftp\progz\AusLogics Disk Defrag\vcl70.bpl
[23:26:43] - [4] MIRKO.POZEN: Fichier envoyé: E:\kerberos.htx\ftp\progz\AusLogics Disk Defrag\vcl70.bpl (46,52 K/S -  1 381 376 bytes)
[23:26:43] - [4] MIRKO.POZEN: Répertoire en Cours: E:\kerberos.htx\ftp\progz\AusLogics Disk Defrag\reports\
[23:26:44] - [4] MIRKO.POZEN: Début du Téléchargement de: E:\kerberos.htx\ftp\progz\AusLogics Disk Defrag\reports\C_Disk_Defrag_Report.html
[23:26:44] - [4] MIRKO.POZEN: Echec de l'envoie du Fichier: E:\kerberos.htx\ftp\progz\AusLogics Disk Defrag\reports\C_Disk_Defrag_Report.html (161,04 K/S -   164 902 bytes)
[23:27:38] - [4] MIRKO.POZEN: Début du Téléchargement de: E:\kerberos.htx\ftp\progz\AusLogics Disk Defrag\reports\C_Disk_Defrag_Report.html
[23:27:41] - [4] MIRKO.POZEN: Fichier envoyé: E:\kerberos.htx\ftp\progz\AusLogics Disk Defrag\reports\C_Disk_Defrag_Report.html (40,26 K/S -   164 902 bytes)
[23:27:41] - [4] MIRKO.POZEN: Début du Téléchargement de: E:\kerberos.htx\ftp\progz\AusLogics Disk Defrag\reports\D_Disk_Defrag_Report.html
[23:27:41] - [4] MIRKO.POZEN: Fichier envoyé: E:\kerberos.htx\ftp\progz\AusLogics Disk Defrag\reports\D_Disk_Defrag_Report.html (14,70 K/S -   15 056 bytes)
[23:27:42] - [4] MIRKO.POZEN: Début du Téléchargement de: E:\kerberos.htx\ftp\progz\AusLogics Disk Defrag\reports\E_Disk_Defrag_Report.html
[23:27:42] - [4] MIRKO.POZEN: Fichier envoyé: E:\kerberos.htx\ftp\progz\AusLogics Disk Defrag\reports\E_Disk_Defrag_Report.html (14,09 K/S -   14 429 bytes)
[23:27:43] - [4] MIRKO.POZEN: Début du Téléchargement de: E:\kerberos.htx\ftp\progz\AusLogics Disk Defrag\reports\F_Disk_Defrag_Report.html
[23:27:43] - [4] MIRKO.POZEN: Fichier envoyé: E:\kerberos.htx\ftp\progz\AusLogics Disk Defrag\reports\F_Disk_Defrag_Report.html (14,09 K/S -   14 429 bytes)
[23:27:43] - [4] MIRKO.POZEN: Début du Téléchargement de: E:\kerberos.htx\ftp\progz\AusLogics Disk Defrag\reports\J_Disk_Defrag_Report.html
[23:27:44] - [4] MIRKO.POZEN: Fichier envoyé: E:\kerberos.htx\ftp\progz\AusLogics Disk Defrag\reports\J_Disk_Defrag_Report.html (14,09 K/S -   14 429 bytes)
[23:27:44] - [4] MIRKO.POZEN: Début du Téléchargement de: E:\kerberos.htx\ftp\progz\AusLogics Disk Defrag\reports\O_Disk_Defrag_Report.html
[23:27:59] - [4] MIRKO.POZEN: Fichier envoyé: E:\kerberos.htx\ftp\progz\AusLogics Disk Defrag\reports\O_Disk_Defrag_Report.html (49,77 K/S -   764 418 bytes)
[23:27:59] - [4] MIRKO.POZEN: Répertoire en Cours: E:\kerberos.htx\ftp\progz\AusLogics Disk Defrag\Lang\
[23:28:00] - [4] MIRKO.POZEN: Début du Téléchargement de: E:\kerberos.htx\ftp\progz\AusLogics Disk Defrag\Lang\fr.lng
[23:28:00] - [4] MIRKO.POZEN: Fichier envoyé: E:\kerberos.htx\ftp\progz\AusLogics Disk Defrag\Lang\fr.lng (9,84 K/S -   10 075 bytes)
[23:28:00] - [4] MIRKO.POZEN: Répertoire en Cours: E:\kerberos.htx\ftp\progz\AusLogics Disk Defrag\Data\
[23:28:01] - [4] MIRKO.POZEN: Début du Téléchargement de: E:\kerberos.htx\ftp\progz\AusLogics Disk Defrag\Data\about.png
[23:28:01] - [4] MIRKO.POZEN: Fichier envoyé: E:\kerberos.htx\ftp\progz\AusLogics Disk Defrag\Data\about.png (29,16 K/S -   29 860 bytes)
[23:28:02] - [4] MIRKO.POZEN: Début du Téléchargement de: E:\kerberos.htx\ftp\progz\AusLogics Disk Defrag\Data\main.ini
[23:28:02] - [4] MIRKO.POZEN: Fichier envoyé: E:\kerberos.htx\ftp\progz\AusLogics Disk Defrag\Data\main.ini (0,90 K/S -    919 bytes)
[23:43:22] - [2] MIRKO.POZEN: Fichier envoyé: E:\kerberos.htx\rar\paint shop pro 8 relase.rar (79,41 K/S -  249 239 850 bytes)
[23:43:41] - [2] Client 149.154.233.18 Déconnecté (00:51:24 Min)
[23:43:52] - [5] Connecté à 149.154.233.18. Collecte du Nom d'utilisateur.
[23:43:52] - [5] Usager MIRKO.POZEN Connecté IP: 149.154.233.18
[23:43:52] - [5] MIRKO.POZEN: Répertoire en Cours: E:\kerberos.htx\
[23:43:52] - [5] MIRKO.POZEN: Répertoire en Cours: E:\kerberos.htx\rar\
[23:43:53] - [5] MIRKO.POZEN: Résumé du Téléchargement de: E:\kerberos.htx\rar\paint shop pro 8 relase.rar A:  249 239 850 bytes
[23:43:53] - [5] MIRKO.POZEN: Fichier envoyé: E:\kerberos.htx\rar\paint shop pro 8 relase.rar (2,434E5 K/S -  249 239 850 bytes)
