[00:16:23] - [6] Connecté à 192.168.0.1. Collecte du Nom d'utilisateur.
[00:16:24] - [6] Usager MIRKO.POZEN Connecté IP: 192.168.0.1
[00:16:24] - [6] MIRKO.POZEN: Répertoire en Cours: D:\kerberos.htx\
[00:16:24] - [6] MIRKO.POZEN: Répertoire en Cours: D:\kerberos.htx\
[00:16:32] - [6] MIRKO.POZEN: Répertoire en Cours: D:\kerberos.htx\exe\
[00:16:55] - [7] Connecté à 192.168.0.1. Collecte du Nom d'utilisateur.
[00:16:55] - [7] Usager MIRKO.POZEN Connecté IP: 192.168.0.1
[00:16:55] - [7] MIRKO.POZEN: Répertoire en Cours: D:\kerberos.htx\
[00:16:56] - [7] MIRKO.POZEN: Répertoire en Cours: D:\kerberos.htx\exe\
[00:16:56] - [7] MIRKO.POZEN: Début du Téléchargement de: D:\kerberos.htx\exe\spark_2_7_3.exe
[00:18:10] - [7] MIRKO.POZEN: Fichier envoyé: D:\kerberos.htx\exe\spark_2_7_3.exe (801,33 K/S -  61 541 888 bytes)
[00:18:20] - [7] Client 192.168.0.1 Déconnecté (00:01:25 Min)
[00:18:20] - [6] Client 192.168.0.1 Déconnecté (00:01:56 Min)
[07:33:32] - [8] Connecté à 192.241.218.237. Collecte du Nom d'utilisateur.
[07:33:42] - [8] Client 192.241.218.237 Déconnecté (00:00:09 Min)
[09:55:20] - [9] Connecté à 80.245.32.146. Collecte du Nom d'utilisateur.
[09:56:21] - [9] Client 80.245.32.146 Déconnecté (00:01:00 Min)
[09:56:25] - [10] Connecté à 80.245.32.146. Collecte du Nom d'utilisateur.
[09:57:25] - [10] Client 80.245.32.146 Déconnecté (00:01:00 Min)
[10:27:59] - Serveur Démarré
[10:27:59] - FTP Port: 21
[10:31:07] - [1] Connecté à 80.245.32.146. Collecte du Nom d'utilisateur.
[10:32:07] - [1] Client 80.245.32.146 Déconnecté (00:01:00 Min)
[10:44:50] - Serveur Démarré
[10:44:50] - FTP Port: 21
[10:48:03] - [1] Connecté à 176.149.152.17. Collecte du Nom d'utilisateur.
[10:48:03] - [1] Client 176.149.152.17 Déconnecté (00:00:00 Min)
[11:38:40] - [2] Connecté à 192.241.205.111. Collecte du Nom d'utilisateur.
[11:38:40] - [2] Client 192.241.205.111 Déconnecté (00:00:00 Min)
[11:45:46] - [3] Connecté à 192.241.220.130. Collecte du Nom d'utilisateur.
[11:45:56] - [3] Client 192.241.220.130 Déconnecté (00:00:09 Min)
[12:12:05] - [4] Connecté à 192.168.0.1. Collecte du Nom d'utilisateur.
[12:12:05] - [4] Usager MIRKO.POZEN Connecté IP: 192.168.0.1
[12:12:05] - [4] MIRKO.POZEN: Répertoire en Cours: D:\kerberos.htx\
[12:12:05] - [4] MIRKO.POZEN: Répertoire en Cours: D:\kerberos.htx\
[12:12:08] - [4] Client 192.168.0.1 Déconnecté (00:00:03 Min)
[12:37:58] - [5] Connecté à 37.173.205.186. Collecte du Nom d'utilisateur.
[12:38:28] - [5] Client 37.173.205.186 Déconnecté (00:00:30 Min)
[12:38:29] - [6] Connecté à 37.173.205.186. Collecte du Nom d'utilisateur.
[12:39:29] - [6] Client 37.173.205.186 Déconnecté (00:01:00 Min)
[12:39:47] - [7] Connecté à 192.168.0.1. Collecte du Nom d'utilisateur.
[12:39:47] - [7] Usager MIRKO.POZEN Connecté IP: 192.168.0.1
[12:39:47] - [7] MIRKO.POZEN: Répertoire en Cours: D:\kerberos.htx\
[12:39:47] - [7] MIRKO.POZEN: Répertoire en Cours: D:\kerberos.htx\
[12:40:11] - [7] MIRKO.POZEN: Répertoire en Cours: D:\kerberos.htx\
[12:40:11] - [7] MIRKO.POZEN: Nouveau Répertoire: D:\kerberos.htx\FileZilla damien
[12:40:11] - [8] Connecté à 192.168.0.1. Collecte du Nom d'utilisateur.
[12:40:12] - [9] Connecté à 192.168.0.1. Collecte du Nom d'utilisateur.
[12:40:12] - [7] MIRKO.POZEN: Répertoire en Cours: D:\kerberos.htx\
[12:40:12] - [7] MIRKO.POZEN: Nouveau Répertoire: D:\kerberos.htx\FileZilla damien
[12:40:12] - [8] Usager MIRKO.POZEN Connecté IP: 192.168.0.1
[12:40:12] - [8] MIRKO.POZEN: Répertoire en Cours: D:\kerberos.htx\
[12:40:12] - [9] Usager MIRKO.POZEN Connecté IP: 192.168.0.1
[12:40:12] - [9] MIRKO.POZEN: Répertoire en Cours: D:\kerberos.htx\
[12:40:12] - [7] MIRKO.POZEN: Répertoire en Cours: D:\kerberos.htx\FileZilla damien\
[12:40:12] - [7] MIRKO.POZEN: Nouveau Répertoire: D:\kerberos.htx\FileZilla damien\SProfiles
[12:40:12] - [7] MIRKO.POZEN: Répertoire en Cours: D:\kerberos.htx\FileZilla damien\
[12:40:12] - [8] MIRKO.POZEN: Répertoire en Cours: D:\kerberos.htx\FileZilla damien\
[12:40:12] - [9] MIRKO.POZEN: Répertoire en Cours: D:\kerberos.htx\FileZilla damien\
[12:40:12] - [7] MIRKO.POZEN: Nouveau Répertoire: D:\kerberos.htx\FileZilla damien\SProfiles
[12:40:12] - [8] MIRKO.POZEN: Début d'Upload de D:\kerberos.htx\FileZilla damien\dbghelp.dll
[12:40:12] - [9] MIRKO.POZEN: Début d'Upload de D:\kerberos.htx\FileZilla damien\DMHelp.chm
[12:40:13] - [8] MIRKO.POZEN: Fichier Upload: D:\kerberos.htx\FileZilla damien\dbghelp.dll (316,00 K/S -   323 584 bytes)
[12:40:13] - [9] MIRKO.POZEN: Fichier Upload: D:\kerberos.htx\FileZilla damien\DMHelp.chm (212,81 K/S -   217 914 bytes)
[12:40:13] - [8] MIRKO.POZEN: Début d'Upload de D:\kerberos.htx\FileZilla damien\DMSplash.spl
[12:40:13] - [9] MIRKO.POZEN: Début d'Upload de D:\kerberos.htx\FileZilla damien\FileZilla.chm
[12:40:13] - [8] MIRKO.POZEN: Fichier Upload: D:\kerberos.htx\FileZilla damien\DMSplash.spl (299,63 K/S -   306 818 bytes)
[12:40:13] - [9] MIRKO.POZEN: Fichier Upload: D:\kerberos.htx\FileZilla damien\FileZilla.chm (275,56 K/S -   282 176 bytes)
[12:40:13] - [8] MIRKO.POZEN: Début d'Upload de D:\kerberos.htx\FileZilla damien\FileZilla.exe
[12:40:13] - [9] MIRKO.POZEN: Début d'Upload de D:\kerberos.htx\FileZilla damien\FileZilla.pdb
[12:40:17] - [8] MIRKO.POZEN: Fichier Upload: D:\kerberos.htx\FileZilla damien\FileZilla.exe (530,67 K/S -  1 630 208 bytes)
[12:40:17] - [8] MIRKO.POZEN: Début d'Upload de D:\kerberos.htx\FileZilla damien\FileZilla.xml
[12:40:17] - [8] MIRKO.POZEN: Fichier Upload: D:\kerberos.htx\FileZilla damien\FileZilla.xml (8,86 K/S -   9 075 bytes)
[12:40:17] - [8] MIRKO.POZEN: Début d'Upload de D:\kerberos.htx\FileZilla damien\FileZillaFrench.chm
[12:40:18] - [8] MIRKO.POZEN: Fichier Upload: D:\kerberos.htx\FileZilla damien\FileZillaFrench.chm (282,64 K/S -   289 419 bytes)
[12:40:18] - [8] MIRKO.POZEN: Début d'Upload de D:\kerberos.htx\FileZilla damien\FTPHelp.chm
[12:40:19] - [8] MIRKO.POZEN: Fichier Upload: D:\kerberos.htx\FileZilla damien\FTPHelp.chm (171,76 K/S -   175 885 bytes)
[12:40:19] - [8] MIRKO.POZEN: Début d'Upload de D:\kerberos.htx\FileZilla damien\FTPSplash.spl
[12:40:20] - [8] MIRKO.POZEN: Fichier Upload: D:\kerberos.htx\FileZilla damien\FTPSplash.spl (257,36 K/S -   263 540 bytes)
[12:40:20] - [8] MIRKO.POZEN: Début d'Upload de D:\kerberos.htx\FileZilla damien\FzGSS.dll
[12:40:20] - [8] MIRKO.POZEN: Fichier Upload: D:\kerberos.htx\FileZilla damien\FzGSS.dll (61,50 K/S -   62 976 bytes)
[12:40:20] - [10] Connecté à 37.173.205.186. Collecte du Nom d'utilisateur.
[12:40:20] - [8] MIRKO.POZEN: Début d'Upload de D:\kerberos.htx\FileZilla damien\FzResBr.dll
[12:40:21] - [8] MIRKO.POZEN: Fichier Upload: D:\kerberos.htx\FileZilla damien\FzResBr.dll (112,00 K/S -   114 688 bytes)
[12:40:21] - [8] MIRKO.POZEN: Début d'Upload de D:\kerberos.htx\FileZilla damien\FzResBu.dll
[12:40:21] - [9] MIRKO.POZEN: Fichier Upload: D:\kerberos.htx\FileZilla damien\FileZilla.pdb (962,71 K/S -  6 900 736 bytes)
[12:40:21] - [8] MIRKO.POZEN: Fichier Upload: D:\kerberos.htx\FileZilla damien\FzResBu.dll (108,00 K/S -   110 592 bytes)
[12:40:21] - [9] MIRKO.POZEN: Début d'Upload de D:\kerberos.htx\FileZilla damien\FzResCa.dll
[12:40:21] - [8] MIRKO.POZEN: Début d'Upload de D:\kerberos.htx\FileZilla damien\FzResCh.dll
[12:40:22] - [9] MIRKO.POZEN: Fichier Upload: D:\kerberos.htx\FileZilla damien\FzResCa.dll (100,00 K/S -   102 400 bytes)
[12:40:22] - [8] MIRKO.POZEN: Fichier Upload: D:\kerberos.htx\FileZilla damien\FzResCh.dll (80,00 K/S -   81 920 bytes)
[12:40:22] - [9] MIRKO.POZEN: Début d'Upload de D:\kerberos.htx\FileZilla damien\FzResChs.dll
[12:40:22] - [8] MIRKO.POZEN: Début d'Upload de D:\kerberos.htx\FileZilla damien\FzResCze.dll
[12:40:22] - [9] MIRKO.POZEN: Fichier Upload: D:\kerberos.htx\FileZilla damien\FzResChs.dll (76,00 K/S -   77 824 bytes)
[12:40:22] - [8] MIRKO.POZEN: Fichier Upload: D:\kerberos.htx\FileZilla damien\FzResCze.dll (84,00 K/S -   86 016 bytes)
[12:40:22] - [9] MIRKO.POZEN: Début d'Upload de D:\kerberos.htx\FileZilla damien\FzResDe.dll
[12:40:22] - [8] MIRKO.POZEN: Début d'Upload de D:\kerberos.htx\FileZilla damien\FzResEs.dll
[12:40:22] - [9] MIRKO.POZEN: Fichier Upload: D:\kerberos.htx\FileZilla damien\FzResDe.dll (116,00 K/S -   118 784 bytes)
[12:40:22] - [8] MIRKO.POZEN: Fichier Upload: D:\kerberos.htx\FileZilla damien\FzResEs.dll (108,00 K/S -   110 592 bytes)
[12:40:23] - [9] MIRKO.POZEN: Début d'Upload de D:\kerberos.htx\FileZilla damien\FzResFr.dll
[12:40:23] - [8] MIRKO.POZEN: Début d'Upload de D:\kerberos.htx\FileZilla damien\FzResHu.dll
[12:40:23] - [9] MIRKO.POZEN: Fichier Upload: D:\kerberos.htx\FileZilla damien\FzResFr.dll (116,00 K/S -   118 784 bytes)
[12:40:23] - [8] MIRKO.POZEN: Fichier Upload: D:\kerberos.htx\FileZilla damien\FzResHu.dll (96,00 K/S -   98 304 bytes)
[12:40:23] - [9] MIRKO.POZEN: Début d'Upload de D:\kerberos.htx\FileZilla damien\FzResIt.dll
[12:40:23] - [8] MIRKO.POZEN: Début d'Upload de D:\kerberos.htx\FileZilla damien\FzResJp.dll
[12:40:23] - [9] MIRKO.POZEN: Fichier Upload: D:\kerberos.htx\FileZilla damien\FzResIt.dll (112,00 K/S -   114 688 bytes)
[12:40:23] - [8] MIRKO.POZEN: Fichier Upload: D:\kerberos.htx\FileZilla damien\FzResJp.dll (72,00 K/S -   73 728 bytes)
[12:40:23] - [9] MIRKO.POZEN: Début d'Upload de D:\kerberos.htx\FileZilla damien\FzResKr.dll
[12:40:23] - [8] MIRKO.POZEN: Début d'Upload de D:\kerberos.htx\FileZilla damien\FzResNor.dll
[12:40:24] - [9] MIRKO.POZEN: Fichier Upload: D:\kerberos.htx\FileZilla damien\FzResKr.dll (84,00 K/S -   86 016 bytes)
[12:40:24] - [8] MIRKO.POZEN: Fichier Upload: D:\kerberos.htx\FileZilla damien\FzResNor.dll (88,00 K/S -   90 112 bytes)
[12:40:24] - [9] MIRKO.POZEN: Début d'Upload de D:\kerberos.htx\FileZilla damien\FzResPo.dll
[12:40:24] - [8] MIRKO.POZEN: Début d'Upload de D:\kerberos.htx\FileZilla damien\FzResRu.dll
[12:40:24] - [9] MIRKO.POZEN: Fichier Upload: D:\kerberos.htx\FileZilla damien\FzResPo.dll (108,00 K/S -   110 592 bytes)
[12:40:24] - [8] MIRKO.POZEN: Fichier Upload: D:\kerberos.htx\FileZilla damien\FzResRu.dll (104,00 K/S -   106 496 bytes)
[12:40:24] - [9] MIRKO.POZEN: Début d'Upload de D:\kerberos.htx\FileZilla damien\FzResSk.dll
[12:40:24] - [8] MIRKO.POZEN: Début d'Upload de D:\kerberos.htx\FileZilla damien\FzSFtp.exe
[12:40:24] - [9] MIRKO.POZEN: Fichier Upload: D:\kerberos.htx\FileZilla damien\FzResSk.dll (88,00 K/S -   90 112 bytes)
[12:40:25] - [8] MIRKO.POZEN: Fichier Upload: D:\kerberos.htx\FileZilla damien\FzSFtp.exe (264,00 K/S -   270 336 bytes)
[12:40:25] - [9] MIRKO.POZEN: Début d'Upload de D:\kerberos.htx\FileZilla damien\GPL.html
[12:40:25] - [8] MIRKO.POZEN: Début d'Upload de D:\kerberos.htx\FileZilla damien\legal.htm
[12:40:25] - [9] MIRKO.POZEN: Fichier Upload: D:\kerberos.htx\FileZilla damien\GPL.html (16,16 K/S -   16 543 bytes)
[12:40:25] - [8] MIRKO.POZEN: Fichier Upload: D:\kerberos.htx\FileZilla damien\legal.htm (1,17 K/S -   1 196 bytes)
[12:40:25] - [9] MIRKO.POZEN: Début d'Upload de D:\kerberos.htx\FileZilla damien\libeay32.dll
[12:40:25] - [8] MIRKO.POZEN: Début d'Upload de D:\kerberos.htx\FileZilla damien\Nouveau document texte.txt
[12:40:25] - [8] MIRKO.POZEN: Fichier Upload: D:\kerberos.htx\FileZilla damien\Nouveau document texte.txt (0,04 K/S -  21 398 944 bytes)
[12:40:25] - [8] MIRKO.POZEN: Début d'Upload de D:\kerberos.htx\FileZilla damien\puttylicense.html
[12:40:25] - [8] MIRKO.POZEN: Fichier Upload: D:\kerberos.htx\FileZilla damien\puttylicense.html (1,21 K/S -   1 239 bytes)
[12:40:26] - [9] MIRKO.POZEN: Fichier Upload: D:\kerberos.htx\FileZilla damien\libeay32.dll (884,00 K/S -   905 216 bytes)
[12:40:26] - [8] MIRKO.POZEN: Début d'Upload de D:\kerberos.htx\FileZilla damien\readme.htm
[12:40:26] - [9] MIRKO.POZEN: Début d'Upload de D:\kerberos.htx\FileZilla damien\RFTP.skn
[12:40:26] - [8] MIRKO.POZEN: Fichier Upload: D:\kerberos.htx\FileZilla damien\readme.htm (54,63 K/S -   55 944 bytes)
[12:40:27] - [8] MIRKO.POZEN: Début d'Upload de D:\kerberos.htx\FileZilla damien\RFTP.swf
[12:40:27] - [8] MIRKO.POZEN: Fichier Upload: D:\kerberos.htx\FileZilla damien\RFTP.swf (144,09 K/S -   147 548 bytes)
[12:40:27] - [8] MIRKO.POZEN: Répertoire en Cours: D:\kerberos.htx\FileZilla damien\SProfiles\
[12:40:28] - [8] MIRKO.POZEN: Début d'Upload de D:\kerberos.htx\FileZilla damien\SProfiles\Adobe.Profile
[12:40:28] - [8] MIRKO.POZEN: Fichier Upload: D:\kerberos.htx\FileZilla damien\SProfiles\Adobe.Profile (0,07 K/S -    76 bytes)
[12:40:28] - [9] MIRKO.POZEN: Fichier Upload: D:\kerberos.htx\FileZilla damien\RFTP.skn (1 037,20 K/S -  2 124 139 bytes)
[12:40:28] - [8] MIRKO.POZEN: Début d'Upload de D:\kerberos.htx\FileZilla damien\SProfiles\Gateway 2000.Profile
[12:40:28] - [9] MIRKO.POZEN: Répertoire en Cours: D:\kerberos.htx\FileZilla damien\SProfiles\
[12:40:28] - [8] MIRKO.POZEN: Fichier Upload: D:\kerberos.htx\FileZilla damien\SProfiles\Gateway 2000.Profile (0,09 K/S -    89 bytes)
[12:40:28] - [9] MIRKO.POZEN: Début d'Upload de D:\kerberos.htx\FileZilla damien\SProfiles\Intel.Profile
[12:40:28] - [8] MIRKO.POZEN: Début d'Upload de D:\kerberos.htx\FileZilla damien\SProfiles\IRS Tax Forms.Profile
[12:40:28] - [9] MIRKO.POZEN: Fichier Upload: D:\kerberos.htx\FileZilla damien\SProfiles\Intel.Profile (0,07 K/S -    76 bytes)
[12:40:28] - [9] MIRKO.POZEN: Début d'Upload de D:\kerberos.htx\FileZilla damien\SProfiles\McAfee.Profile
[12:40:29] - [9] MIRKO.POZEN: Fichier Upload: D:\kerberos.htx\FileZilla damien\SProfiles\McAfee.Profile (0,08 K/S -    78 bytes)
[12:40:29] - [9] MIRKO.POZEN: Début d'Upload de D:\kerberos.htx\FileZilla damien\SProfiles\Netscape.Profile
[12:40:29] - [9] MIRKO.POZEN: Fichier Upload: D:\kerberos.htx\FileZilla damien\SProfiles\Netscape.Profile (0,08 K/S -    82 bytes)
[12:40:29] - [9] MIRKO.POZEN: Début d'Upload de D:\kerberos.htx\FileZilla damien\SProfiles\Novell.Profile
[12:40:29] - [9] MIRKO.POZEN: Fichier Upload: D:\kerberos.htx\FileZilla damien\SProfiles\Novell.Profile (0,08 K/S -    78 bytes)
[12:40:29] - [9] MIRKO.POZEN: Début d'Upload de D:\kerberos.htx\FileZilla damien\SProfiles\Sierra.Profile
[12:40:29] - [9] MIRKO.POZEN: Fichier Upload: D:\kerberos.htx\FileZilla damien\SProfiles\Sierra.Profile (0,08 K/S -    78 bytes)
[12:40:29] - [9] MIRKO.POZEN: Début d'Upload de D:\kerberos.htx\FileZilla damien\SProfiles\Symantec.Profile
[12:40:29] - [9] MIRKO.POZEN: Fichier Upload: D:\kerberos.htx\FileZilla damien\SProfiles\Symantec.Profile (0,08 K/S -    82 bytes)
[12:40:29] - [9] MIRKO.POZEN: Début d'Upload de D:\kerberos.htx\FileZilla damien\SProfiles\Walnut Creek CDROM.Profile
[12:40:29] - [9] MIRKO.POZEN: Fichier Upload: D:\kerberos.htx\FileZilla damien\SProfiles\Walnut Creek CDROM.Profile (0,09 K/S -    89 bytes)
[12:40:29] - [9] MIRKO.POZEN: Début d'Upload de D:\kerberos.htx\FileZilla damien\SProfiles\Winzip.Profile
[12:40:29] - [9] MIRKO.POZEN: Fichier Upload: D:\kerberos.htx\FileZilla damien\SProfiles\Winzip.Profile (0,08 K/S -    78 bytes)
[12:40:30] - [9] MIRKO.POZEN: Début d'Upload de D:\kerberos.htx\FileZilla damien\SProfiles\ZD Net.Profile
[12:40:30] - [9] MIRKO.POZEN: Fichier Upload: D:\kerberos.htx\FileZilla damien\SProfiles\ZD Net.Profile (0,08 K/S -    77 bytes)
[12:40:30] - [9] MIRKO.POZEN: Répertoire en Cours: D:\kerberos.htx\FileZilla damien\
[12:40:30] - [9] MIRKO.POZEN: Début d'Upload de D:\kerberos.htx\FileZilla damien\ssleay32.dll
[12:40:30] - [9] MIRKO.POZEN: Fichier Upload: D:\kerberos.htx\FileZilla damien\ssleay32.dll (188,00 K/S -   192 512 bytes)
[12:40:30] - [9] MIRKO.POZEN: Début d'Upload de D:\kerberos.htx\FileZilla damien\Thumbs.db
[12:40:30] - [9] MIRKO.POZEN: Fichier Upload: D:\kerberos.htx\FileZilla damien\Thumbs.db (26,00 K/S -   26 624 bytes)
[12:40:31] - [9] MIRKO.POZEN: Début d'Upload de D:\kerberos.htx\FileZilla damien\unins000.dat
[12:40:31] - [9] MIRKO.POZEN: Fichier Upload: D:\kerberos.htx\FileZilla damien\unins000.dat (14,06 K/S -   14 396 bytes)
[12:40:31] - [9] MIRKO.POZEN: Début d'Upload de D:\kerberos.htx\FileZilla damien\uninstall.exe
[12:40:31] - [9] MIRKO.POZEN: Fichier Upload: D:\kerberos.htx\FileZilla damien\uninstall.exe (61,72 K/S -   63 204 bytes)
[12:40:32] - [9] MIRKO.POZEN: Début d'Upload de D:\kerberos.htx\FileZilla damien\zilladm.swf
[12:40:32] - [9] MIRKO.POZEN: Fichier Upload: D:\kerberos.htx\FileZilla damien\zilladm.swf (133,74 K/S -   136 946 bytes)
[12:40:58] - [8] MIRKO.POZEN: Echec de l'Upload du Fichier: D:\kerberos.htx\FileZilla damien\SProfiles\IRS Tax Forms.Profile (0,00 K/S -    82 bytes)
[12:40:58] - [8] Client 192.168.0.1 Déconnecté (00:00:46 Min)
[12:40:58] - [9] MIRKO.POZEN: Répertoire en Cours: D:\kerberos.htx\FileZilla damien\SProfiles\
[12:41:02] - [9] MIRKO.POZEN: Début d'Upload de D:\kerberos.htx\FileZilla damien\SProfiles\IRS Tax Forms.Profile
[12:41:02] - [9] MIRKO.POZEN: Fichier Upload: D:\kerberos.htx\FileZilla damien\SProfiles\IRS Tax Forms.Profile (0,08 K/S -    82 bytes)
[12:41:18] - [7] MIRKO.POZEN: Répertoire en Cours: D:\kerberos.htx\
[12:41:18] - [7] MIRKO.POZEN: Répertoire en Cours: D:\kerberos.htx\ftp\
[12:41:19] - [7] MIRKO.POZEN: Répertoire en Cours: D:\kerberos.htx\ftp\progz\
[12:41:21] - [10] Client 37.173.205.186 Déconnecté (00:01:00 Min)
[12:41:27] - [7] MIRKO.POZEN: Répertoire en Cours: D:\kerberos.htx\
[12:41:27] - [7] MIRKO.POZEN: Répertoire en Cours: D:\kerberos.htx\FileZilla damien\
[12:41:32] - [9] Client 192.168.0.1 Déconnecté (00:01:20 Min)
[12:41:41] - [11] Connecté à 37.173.205.186. Collecte du Nom d'utilisateur.
[12:42:12] - [11] Client 37.173.205.186 Déconnecté (00:00:30 Min)
[12:42:12] - [12] Connecté à 37.173.205.186. Collecte du Nom d'utilisateur.
[12:42:42] - [13] Connecté à 37.173.205.186. Collecte du Nom d'utilisateur.
[12:43:12] - [13] Client 37.173.205.186 Déconnecté (00:00:30 Min)
[12:43:12] - [12] Client 37.173.205.186 Déconnecté (00:00:59 Min)
[12:43:12] - [14] Connecté à 37.173.205.186. Collecte du Nom d'utilisateur.
[12:43:42] - [14] Client 37.173.205.186 Déconnecté (00:00:30 Min)
[12:44:05] - [7] Client 192.168.0.1 Déconnecté (00:04:18 Min)
[12:51:36] - [15] Connecté à 37.173.205.186. Collecte du Nom d'utilisateur.
[12:51:56] - [15] Client 37.173.205.186 Déconnecté (00:00:20 Min)
[12:52:18] - [16] Connecté à 37.173.205.186. Collecte du Nom d'utilisateur.
[12:52:38] - [16] Client 37.173.205.186 Déconnecté (00:00:20 Min)
[12:57:31] - [17] Connecté à 192.168.0.1. Collecte du Nom d'utilisateur.
[12:57:31] - [17] Usager MIRKO.POZEN Connecté IP: 192.168.0.1
[12:57:31] - [17] MIRKO.POZEN: Répertoire en Cours: D:\kerberos.htx\
[12:57:31] - [17] MIRKO.POZEN: Répertoire en Cours: D:\kerberos.htx\
[13:04:56] - [18] Connecté à 37.173.205.186. Collecte du Nom d'utilisateur.
[13:05:16] - [18] Client 37.173.205.186 Déconnecté (00:00:20 Min)
[13:08:41] - [19] Connecté à 192.168.0.1. Collecte du Nom d'utilisateur.
[13:08:41] - [19] Usager MIRKO.POZEN Connecté IP: 192.168.0.1
[13:08:41] - [19] MIRKO.POZEN: Répertoire en Cours: D:\kerberos.htx\
[13:09:05] - [17] Client 192.168.0.1 Déconnecté (00:11:33 Min)
[13:09:05] - [19] Client 192.168.0.1 Déconnecté (00:00:23 Min)
[13:12:26] - Serveur Démarré
[13:12:26] - FTP Port: 21
[13:12:36] - [1] Connecté à 192.168.0.1. Collecte du Nom d'utilisateur.
[13:12:36] - [1] Usager MIRKO.POZEN Connecté IP: 192.168.0.1
[13:12:36] - [1] MIRKO.POZEN: Répertoire en Cours: D:\kerberos.htx\
[13:12:40] - [1] MIRKO.POZEN: Répertoire en Cours: D:\kerberos.htx\
[13:12:43] - [1] Client 192.168.0.1 Déconnecté (00:00:06 Min)
[13:12:56] - [2] Connecté à 37.173.205.186. Collecte du Nom d'utilisateur.
[13:13:03] - [3] Connecté à 37.173.205.186. Collecte du Nom d'utilisateur.
[13:13:07] - [2] Client 37.173.205.186 Déconnecté (00:00:11 Min)
[13:13:14] - [3] Client 37.173.205.186 Déconnecté (00:00:11 Min)
[13:13:15] - [4] Connecté à 37.173.205.186. Collecte du Nom d'utilisateur.
[13:13:35] - [4] Client 37.173.205.186 Déconnecté (00:00:20 Min)
[13:14:26] - [5] Connecté à 90.48.1.8. Collecte du Nom d'utilisateur.
[13:14:27] - [5] Usager MIRKO.POZEN Connecté IP: 90.48.1.8
[13:14:27] - [5] MIRKO.POZEN: Répertoire en Cours: D:\kerberos.htx\
[13:14:27] - [5] MIRKO.POZEN: Répertoire en Cours: D:\kerberos.htx\
[13:14:29] - [5] Client 90.48.1.8 Déconnecté (00:00:02 Min)
[13:35:24] - Serveur Démarré
[13:35:24] - FTP Port: 21
[13:35:54] - [1] Connecté à 37.173.205.186. Collecte du Nom d'utilisateur.
[13:36:14] - [1] Client 37.173.205.186 Déconnecté (00:00:20 Min)
[13:36:20] - [2] Connecté à 37.173.205.186. Collecte du Nom d'utilisateur.
[13:36:25] - [2] Client 37.173.205.186 Déconnecté (00:00:04 Min)
[13:36:25] - [3] Connecté à 37.173.205.186. Collecte du Nom d'utilisateur.
[13:36:45] - [3] Client 37.173.205.186 Déconnecté (00:00:20 Min)
[13:48:37] - [4] Connecté à 37.173.205.186. Collecte du Nom d'utilisateur.
[13:48:57] - [4] Usager SPOKE.HK Connecté IP: 37.173.205.186
[13:48:57] - [4] SPOKE.HK: Répertoire en Cours: E:\http\down\script\
[13:52:49] - [4] Client 37.173.205.186 Déconnecté (00:04:12 Min)
[13:53:00] - [5] Connecté à 37.173.205.186. Collecte du Nom d'utilisateur.
[13:53:14] - [5] Usager SPOKE.HK Connecté IP: 37.173.205.186
[13:53:14] - [5] SPOKE.HK: Répertoire en Cours: E:\http\down\script\
[13:55:04] - [5] Client 37.173.205.186 Déconnecté (00:02:03 Min)
[13:55:20] - [6] Connecté à 37.173.205.186. Collecte du Nom d'utilisateur.
[13:55:53] - [6] Usager MIRKO.POZEN Connecté IP: 37.173.205.186
[13:55:53] - [6] MIRKO.POZEN: Répertoire en Cours: D:\kerberos.htx\
[13:55:57] - [6] MIRKO.POZEN: Début d'Upload de D:\kerberos.htx\here
[13:55:57] - ! 37.173.205.186 Data session failed to open. Error #10013
[13:55:57] - [6] MIRKO.POZEN: Fichier Upload: D:\kerberos.htx\here (1 213,00 K/S -  21 999 604 bytes)
[13:57:52] - [6] MIRKO.POZEN: Début d'Upload de D:\kerberos.htx\here.php
[13:57:52] - ! 37.173.205.186 Data session failed to open. Error #10013
[13:57:52] - [6] MIRKO.POZEN: Fichier Upload: D:\kerberos.htx\here.php (1 213,00 K/S -  21 999 604 bytes)
[15:13:33] - [7] Connecté à 192.168.0.1. Collecte du Nom d'utilisateur.
[15:13:33] - [7] Usager MIRKO.POZEN Connecté IP: 192.168.0.1
[15:13:33] - [7] MIRKO.POZEN: Répertoire en Cours: D:\kerberos.htx\
[15:13:33] - [7] MIRKO.POZEN: Répertoire en Cours: D:\kerberos.htx\
[15:13:38] - [7] MIRKO.POZEN: Répertoire en Cours: D:\kerberos.htx\exe\
[15:14:19] - [7] Client 192.168.0.1 Déconnecté (00:00:45 Min)
[16:10:57] - [8] Connecté à 184.105.139.70. Collecte du Nom d'utilisateur.
[16:10:59] - [8] Client 184.105.139.70 Déconnecté (00:00:02 Min)
[16:41:38] - [9] Connecté à 192.168.0.1. Collecte du Nom d'utilisateur.
[16:41:38] - [9] Usager MIRKO.POZEN Connecté IP: 192.168.0.1
[16:41:38] - [9] MIRKO.POZEN: Répertoire en Cours: D:\kerberos.htx\
[16:41:38] - [9] MIRKO.POZEN: Répertoire en Cours: D:\kerberos.htx\
[16:42:04] - [9] MIRKO.POZEN: Répertoire en Cours: D:\kerberos.htx\000\
[16:42:13] - [9] MIRKO.POZEN: Répertoire en Cours: D:\kerberos.htx\
[16:42:13] - [9] MIRKO.POZEN: Répertoire en Cours: D:\kerberos.htx\a trier\
[16:42:16] - [9] MIRKO.POZEN: Répertoire en Cours: D:\kerberos.htx\a trier\exe\
[16:46:36] - [9] MIRKO.POZEN: Répertoire en Cours: D:\kerberos.htx\a trier\
[16:46:36] - [9] MIRKO.POZEN: Répertoire en Cours: D:\kerberos.htx\a trier\douwloads\
[16:46:40] - [9] MIRKO.POZEN: Répertoire en Cours: D:\kerberos.htx\a trier\douwloads\winrar5.01\
[16:47:01] - [9] MIRKO.POZEN: Répertoire en Cours: D:\kerberos.htx\a trier\
[16:47:01] - [9] MIRKO.POZEN: Répertoire en Cours: D:\kerberos.htx\a trier\progz mig\
[16:53:15] - [9] MIRKO.POZEN: Répertoire en Cours: D:\kerberos.htx\a trier\progz mig\harddisk\
[16:54:02] - [9] MIRKO.POZEN: Répertoire en Cours: D:\kerberos.htx\
[16:54:02] - [9] MIRKO.POZEN: Répertoire en Cours: D:\kerberos.htx\Hard Disk Sentinel\
[16:55:01] - [9] MIRKO.POZEN: Répertoire en Cours: D:\kerberos.htx\
[16:55:01] - [9] MIRKO.POZEN: Répertoire en Cours: D:\kerberos.htx\progz milo\
[16:55:14] - [9] MIRKO.POZEN: Répertoire en Cours: D:\kerberos.htx\
[16:55:14] - [9] MIRKO.POZEN: Répertoire en Cours: D:\kerberos.htx\exe\
[16:55:20] - [9] MIRKO.POZEN: Répertoire en Cours: D:\kerberos.htx\exe\hddentinel\
[16:58:29] - [9] MIRKO.POZEN: Répertoire en Cours: D:\kerberos.htx\exe\
[16:58:43] - [9] MIRKO.POZEN: Répertoire en Cours: D:\kerberos.htx\exe\hddentinel\
[16:58:43] - [9] MIRKO.POZEN: Répertoire en Cours: D:\kerberos.htx\exe\hddentinel\crack\
[16:58:47] - [10] Connecté à 192.168.0.1. Collecte du Nom d'utilisateur.
[16:58:47] - [11] Connecté à 192.168.0.1. Collecte du Nom d'utilisateur.
[16:58:47] - [11] Usager MIRKO.POZEN Connecté IP: 192.168.0.1
[16:58:48] - [11] MIRKO.POZEN: Répertoire en Cours: D:\kerberos.htx\
[16:58:48] - [10] Usager MIRKO.POZEN Connecté IP: 192.168.0.1
[16:58:48] - [10] MIRKO.POZEN: Répertoire en Cours: D:\kerberos.htx\
[16:58:48] - [11] MIRKO.POZEN: Répertoire en Cours: D:\kerberos.htx\exe\hddentinel\crack\
[16:58:48] - [10] MIRKO.POZEN: Répertoire en Cours: D:\kerberos.htx\exe\hddentinel\
[16:58:48] - [10] MIRKO.POZEN: Début du Téléchargement de: D:\kerberos.htx\exe\hddentinel\hdsentinel_setup.exe
[16:58:50] - [11] MIRKO.POZEN: Début du Téléchargement de: D:\kerberos.htx\exe\hddentinel\crack\HDSentinel.exe
[16:59:01] - [11] MIRKO.POZEN: Fichier envoyé: D:\kerberos.htx\exe\hddentinel\crack\HDSentinel.exe (395,97 K/S -  4 460 176 bytes)
[16:59:14] - [10] MIRKO.POZEN: Fichier envoyé: D:\kerberos.htx\exe\hddentinel\hdsentinel_setup.exe (651,54 K/S -  18 013 720 bytes)
[16:59:32] - [11] Client 192.168.0.1 Déconnecté (00:00:44 Min)
[16:59:46] - [10] Client 192.168.0.1 Déconnecté (00:00:58 Min)
[17:00:06] - [9] MIRKO.POZEN: Répertoire en Cours: D:\kerberos.htx\
[17:00:06] - [9] MIRKO.POZEN: Répertoire en Cours: D:\kerberos.htx\progz\
[17:00:37] - [9] MIRKO.POZEN: Répertoire en Cours: D:\kerberos.htx\
[17:00:37] - [9] MIRKO.POZEN: Répertoire en Cours: D:\kerberos.htx\pc mila\
[17:00:52] - [9] MIRKO.POZEN: Répertoire en Cours: D:\kerberos.htx\pc mila\progz\
[17:00:55] - [9] MIRKO.POZEN: Répertoire en Cours: D:\kerberos.htx\pc mila\progz\10\
[17:06:24] - [9] MIRKO.POZEN: Répertoire en Cours: D:\kerberos.htx\pc mila\
[17:06:24] - [9] MIRKO.POZEN: Répertoire en Cours: D:\kerberos.htx\pc mila\pacht delphi6\
[17:06:50] - [12] Connecté à 192.168.0.1. Collecte du Nom d'utilisateur.
[17:06:50] - [12] Usager MIRKO.POZEN Connecté IP: 192.168.0.1
[17:06:50] - [12] MIRKO.POZEN: Répertoire en Cours: D:\kerberos.htx\
[17:06:50] - [12] MIRKO.POZEN: Répertoire en Cours: D:\kerberos.htx\pc mila\progz\
[17:06:50] - [12] MIRKO.POZEN: Début du Téléchargement de: D:\kerberos.htx\pc mila\progz\slimdrivers_2-3-0-1_fr_412744.exe
[17:06:51] - [12] MIRKO.POZEN: Fichier envoyé: D:\kerberos.htx\pc mila\progz\slimdrivers_2-3-0-1_fr_412744.exe (958,72 K/S -   981 728 bytes)
[17:07:22] - [12] Client 192.168.0.1 Déconnecté (00:00:32 Min)
[17:08:57] - [9] MIRKO.POZEN: Répertoire en Cours: D:\kerberos.htx\
[17:08:57] - [9] MIRKO.POZEN: Répertoire en Cours: D:\kerberos.htx\mig thoor\
[17:09:10] - [9] MIRKO.POZEN: Répertoire en Cours: D:\kerberos.htx\
[17:09:10] - [9] MIRKO.POZEN: Répertoire en Cours: D:\kerberos.htx\lore1\
[17:10:54] - [9] Client 192.168.0.1 Déconnecté (00:29:15 Min)
[17:15:47] - [13] Connecté à 192.168.0.1. Collecte du Nom d'utilisateur.
[17:15:47] - [13] Usager MIRKO.POZEN Connecté IP: 192.168.0.1
[17:15:47] - [13] MIRKO.POZEN: Répertoire en Cours: D:\kerberos.htx\
[17:15:47] - [13] MIRKO.POZEN: Répertoire en Cours: D:\kerberos.htx\
[17:17:53] - [0] Connexion Time-Out Pour:  MIRKO.POZEN
[17:17:53] - [0] Connexion Time-Out Pour:  MIRKO.POZEN 
[17:17:53] - [6] Client 37.173.205.186 Déconnecté (03:22:33 Min)
[22:57:49] - [13] Client 192.168.0.1 Déconnecté (05:42:02 Min)
