[18:48:46] - Serveur Démarré
[18:48:46] - FTP Port: 21
[19:04:47] - [1] Connecté à 192.168.0.1. Collecte du Nom d'utilisateur.
[19:04:47] - [1] Usager MIRKO.POZEN Connecté IP: 192.168.0.1
[19:04:47] - [1] MIRKO.POZEN: Répertoire en Cours: D:\kerberos.htx\
[19:04:47] - [1] MIRKO.POZEN: Répertoire en Cours: D:\kerberos.htx\
[19:05:03] - [1] MIRKO.POZEN: Répertoire en Cours: D:\kerberos.htx\
[19:05:03] - [1] MIRKO.POZEN: Nouveau Répertoire: D:\kerberos.htx\audio.xam
[19:05:14] - [1] MIRKO.POZEN: Répertoire en Cours: D:\kerberos.htx\audio.xam\
[19:05:18] - [2] Connecté à 192.168.0.1. Collecte du Nom d'utilisateur.
[19:05:18] - [3] Connecté à 192.168.0.1. Collecte du Nom d'utilisateur.
[19:05:18] - [2] Usager MIRKO.POZEN Connecté IP: 192.168.0.1
[19:05:18] - [2] MIRKO.POZEN: Répertoire en Cours: D:\kerberos.htx\
[19:05:18] - [3] Usager MIRKO.POZEN Connecté IP: 192.168.0.1
[19:05:18] - [3] MIRKO.POZEN: Répertoire en Cours: D:\kerberos.htx\
[19:05:18] - [2] MIRKO.POZEN: Répertoire en Cours: D:\kerberos.htx\audio.xam\
[19:05:18] - [3] MIRKO.POZEN: Répertoire en Cours: D:\kerberos.htx\audio.xam\
[19:05:18] - [2] MIRKO.POZEN: Début d'Upload de D:\kerberos.htx\audio.xam\xam audio.wma
[19:05:18] - [3] MIRKO.POZEN: Début d'Upload de D:\kerberos.htx\audio.xam\xam.0 audio.wma
[19:05:20] - [2] MIRKO.POZEN: Fichier Upload: D:\kerberos.htx\audio.xam\xam audio.wma (1 030,70 K/S -  2 110 783 bytes)
[19:05:20] - [2] MIRKO.POZEN: Début d'Upload de D:\kerberos.htx\audio.xam\xam.1 audio.wma
[19:05:27] - [2] MIRKO.POZEN: Fichier Upload: D:\kerberos.htx\audio.xam\xam.1 audio.wma (736,15 K/S -  6 030 553 bytes)
[19:05:28] - [2] MIRKO.POZEN: Début d'Upload de D:\kerberos.htx\audio.xam\xam.2 audio.wma
[19:05:29] - [2] MIRKO.POZEN: Fichier Upload: D:\kerberos.htx\audio.xam\xam.2 audio.wma (508,87 K/S -  1 042 163 bytes)
[19:05:32] - [3] MIRKO.POZEN: Fichier Upload: D:\kerberos.htx\audio.xam\xam.0 audio.wma (581,45 K/S -  8 931 093 bytes)
[19:06:00] - [2] Client 192.168.0.1 Déconnecté (00:00:42 Min)
[19:06:03] - [3] Client 192.168.0.1 Déconnecté (00:00:45 Min)
[19:10:47] - [1] MIRKO.POZEN: Répertoire en Cours: D:\kerberos.htx\audio.xam\
[19:10:47] - [1] MIRKO.POZEN: Nouveau Répertoire: D:\kerberos.htx\audio.xam\mp3 xam
[19:10:47] - [1] MIRKO.POZEN: Répertoire en Cours: D:\kerberos.htx\audio.xam\
[19:10:47] - [1] MIRKO.POZEN: Nouveau Répertoire: D:\kerberos.htx\audio.xam\mp3 xam
[19:10:47] - [4] Connecté à 192.168.0.1. Collecte du Nom d'utilisateur.
[19:10:47] - [4] Usager MIRKO.POZEN Connecté IP: 192.168.0.1
[19:10:47] - [4] MIRKO.POZEN: Répertoire en Cours: D:\kerberos.htx\
[19:10:47] - [4] MIRKO.POZEN: Répertoire en Cours: D:\kerberos.htx\audio.xam\mp3 xam\
[19:10:47] - [4] MIRKO.POZEN: Début d'Upload de D:\kerberos.htx\audio.xam\mp3 xam\xam audio.mp3
[19:10:49] - [4] MIRKO.POZEN: Fichier Upload: D:\kerberos.htx\audio.xam\mp3 xam\xam audio.mp3 (1 354,40 K/S -  2 773 757 bytes)
[19:11:20] - [4] Client 192.168.0.1 Déconnecté (00:00:33 Min)
