[13:53:56] - Serveur Démarré
[13:53:56] - FTP Port: 21
[13:58:02] - [1] Connecté à 192.168.0.1. Collecte du Nom d'utilisateur.
[13:58:05] - [1] Usager MIRKO.POZEN Connecté IP: 192.168.0.1
[13:58:05] - [1] MIRKO.POZEN: Répertoire en Cours: D:\kerberos.htx\
[13:58:06] - [1] MIRKO.POZEN: Répertoire en Cours: D:\kerberos.htx\
[13:58:34] - [1] MIRKO.POZEN: Répertoire en Cours: D:\kerberos.htx\000\
[13:58:40] - [1] MIRKO.POZEN: Répertoire en Cours: D:\kerberos.htx\
[13:58:40] - [1] MIRKO.POZEN: Répertoire en Cours: D:\kerberos.htx\a trier\
[13:58:42] - [1] MIRKO.POZEN: Répertoire en Cours: D:\kerberos.htx\a trier\1\
[13:58:50] - [1] MIRKO.POZEN: Répertoire en Cours: D:\kerberos.htx\a trier\
[13:58:50] - [1] MIRKO.POZEN: Répertoire en Cours: D:\kerberos.htx\a trier\cleusb 16go\
[13:58:53] - [1] MIRKO.POZEN: Répertoire en Cours: D:\kerberos.htx\a trier\cleusb 16go\usb14go\
[13:59:00] - [1] MIRKO.POZEN: Répertoire en Cours: D:\kerberos.htx\a trier\
[13:59:00] - [1] MIRKO.POZEN: Répertoire en Cours: D:\kerberos.htx\a trier\exe\
[13:59:14] - [1] MIRKO.POZEN: Répertoire en Cours: D:\kerberos.htx\a trier\
[13:59:14] - [1] MIRKO.POZEN: Répertoire en Cours: D:\kerberos.htx\a trier\games viper\
[13:59:28] - [1] MIRKO.POZEN: Répertoire en Cours: D:\kerberos.htx\a trier\
[13:59:28] - [1] MIRKO.POZEN: Répertoire en Cours: D:\kerberos.htx\a trier\progz mig\
[14:00:03] - [1] MIRKO.POZEN: Répertoire en Cours: D:\kerberos.htx\a trier\
[14:00:03] - [1] MIRKO.POZEN: Répertoire en Cours: D:\kerberos.htx\a trier\rar\
[14:00:25] - [1] MIRKO.POZEN: Répertoire en Cours: D:\kerberos.htx\a trier\
[14:00:25] - [1] MIRKO.POZEN: Répertoire en Cours: D:\kerberos.htx\a trier\anons\
[14:00:30] - [1] MIRKO.POZEN: Répertoire en Cours: D:\kerberos.htx\a trier\
[14:00:30] - [1] MIRKO.POZEN: Répertoire en Cours: D:\kerberos.htx\a trier\annons\
[14:00:38] - [1] MIRKO.POZEN: Répertoire en Cours: D:\kerberos.htx\a trier\
[14:00:38] - [1] MIRKO.POZEN: Répertoire en Cours: D:\kerberos.htx\a trier\douwloads\
[14:00:45] - [1] MIRKO.POZEN: Répertoire en Cours: D:\kerberos.htx\a trier\douwloads\winrar5.01\
[14:00:51] - [1] MIRKO.POZEN: Répertoire en Cours: D:\kerberos.htx\a trier\douwloads\
[14:00:51] - [1] MIRKO.POZEN: Répertoire en Cours: D:\kerberos.htx\a trier\douwloads\setupgo2\
[14:00:57] - [2] Connecté à 192.168.0.1. Collecte du Nom d'utilisateur.
[14:00:57] - [2] Usager MIRKO.POZEN Connecté IP: 192.168.0.1
[14:00:57] - [2] MIRKO.POZEN: Répertoire en Cours: D:\kerberos.htx\
[14:00:57] - [2] MIRKO.POZEN: Répertoire en Cours: D:\kerberos.htx\a trier\douwloads\setupgo2\
[14:00:57] - [2] MIRKO.POZEN: Début du Téléchargement de: D:\kerberos.htx\a trier\douwloads\setupgo2\Setup2GO v1.9.11 by FFF.zip
[14:00:59] - [2] MIRKO.POZEN: Fichier envoyé: D:\kerberos.htx\a trier\douwloads\setupgo2\Setup2GO v1.9.11 by FFF.zip (941,49 K/S -   964 086 bytes)
[14:01:26] - [1] MIRKO.POZEN: Répertoire en Cours: D:\kerberos.htx\a trier\
[14:01:27] - [1] MIRKO.POZEN: Répertoire en Cours: D:\kerberos.htx\a trier\partage wizu\
[14:01:29] - [2] Client 192.168.0.1 Déconnecté (00:00:32 Min)
[14:01:58] - [1] MIRKO.POZEN: Répertoire en Cours: D:\kerberos.htx\a trier\progz mig\
[14:01:58] - [1] MIRKO.POZEN: Répertoire en Cours: D:\kerberos.htx\a trier\progz mig\crwinrar\
[14:32:13] - [1] MIRKO.POZEN: Répertoire en Cours: D:\kerberos.htx\a trier\exe\
[14:32:13] - [1] MIRKO.POZEN: Répertoire en Cours: D:\kerberos.htx\a trier\
[14:32:33] - [1] MIRKO.POZEN: Répertoire en Cours: D:\kerberos.htx\
[14:32:48] - [1] MIRKO.POZEN: Répertoire en Cours: D:\kerberos.htx\mila\
[14:32:56] - [1] MIRKO.POZEN: Répertoire en Cours: D:\kerberos.htx\
[14:32:56] - [1] MIRKO.POZEN: Répertoire en Cours: D:\kerberos.htx\pc mila\
[14:33:12] - [1] MIRKO.POZEN: Répertoire en Cours: D:\kerberos.htx\pc mila\hexworkshop\
[14:33:12] - [1] MIRKO.POZEN: Répertoire en Cours: D:\kerberos.htx\pc mila\hexworkshop\Hex Workshop v6.0.1\
[14:33:12] - [1] MIRKO.POZEN: Répertoire en Cours: D:\kerberos.htx\pc mila\hexworkshop\Hex Workshop v6.0.1\Nouveau dossier (2)\
[14:33:12] - [1] MIRKO.POZEN: Répertoire en Cours: D:\kerberos.htx\pc mila\hexworkshop\Hex Workshop v6.0.1\Nouveau dossier (2)\HexWorkShop 6.0.1.4603 by GZKS\
[14:33:12] - [1] MIRKO.POZEN: Répertoire en Cours: D:\kerberos.htx\pc mila\hexworkshop\Hex Workshop v6.0.1\
[14:33:12] - [1] MIRKO.POZEN: Répertoire en Cours: D:\kerberos.htx\pc mila\hexworkshop\Hex Workshop v6.0.1\Nouveau dossier\
[14:33:13] - [3] Connecté à 192.168.0.1. Collecte du Nom d'utilisateur.
[14:33:13] - [4] Connecté à 192.168.0.1. Collecte du Nom d'utilisateur.
[14:33:13] - [3] Usager MIRKO.POZEN Connecté IP: 192.168.0.1
[14:33:13] - [3] MIRKO.POZEN: Répertoire en Cours: D:\kerberos.htx\
[14:33:13] - [4] Usager MIRKO.POZEN Connecté IP: 192.168.0.1
[14:33:13] - [4] MIRKO.POZEN: Répertoire en Cours: D:\kerberos.htx\
[14:33:14] - [3] MIRKO.POZEN: Répertoire en Cours: D:\kerberos.htx\pc mila\hexworkshop\
[14:33:14] - [4] MIRKO.POZEN: Répertoire en Cours: D:\kerberos.htx\pc mila\hexworkshop\Hex Workshop v6.0.1\
[14:33:14] - [3] MIRKO.POZEN: Début du Téléchargement de: D:\kerberos.htx\pc mila\hexworkshop\Hex Workshop v6.0.1.rar
[14:33:14] - [4] MIRKO.POZEN: Début du Téléchargement de: D:\kerberos.htx\pc mila\hexworkshop\Hex Workshop v6.0.1\Hex Workshop v6.0.1.4603 by X-N20.zip
[14:33:14] - [4] MIRKO.POZEN: Fichier envoyé: D:\kerberos.htx\pc mila\hexworkshop\Hex Workshop v6.0.1\Hex Workshop v6.0.1.4603 by X-N20.zip (9,45 K/S -   9 680 bytes)
[14:33:14] - [4] MIRKO.POZEN: Début du Téléchargement de: D:\kerberos.htx\pc mila\hexworkshop\Hex Workshop v6.0.1\hw32v601.exe
[14:33:35] - [3] MIRKO.POZEN: Fichier envoyé: D:\kerberos.htx\pc mila\hexworkshop\Hex Workshop v6.0.1.rar (445,80 K/S -  9 586 411 bytes)
[14:33:35] - [3] MIRKO.POZEN: Répertoire en Cours: D:\kerberos.htx\pc mila\hexworkshop\Hex Workshop v6.0.1\
[14:33:35] - [3] MIRKO.POZEN: Début du Téléchargement de: D:\kerberos.htx\pc mila\hexworkshop\Hex Workshop v6.0.1\read_me.txt
[14:33:35] - [3] MIRKO.POZEN: Fichier envoyé: D:\kerberos.htx\pc mila\hexworkshop\Hex Workshop v6.0.1\read_me.txt (0,54 K/S -    548 bytes)
[14:33:35] - [3] MIRKO.POZEN: Répertoire en Cours: D:\kerberos.htx\pc mila\hexworkshop\Hex Workshop v6.0.1\Nouveau dossier (2)\
[14:33:35] - [3] MIRKO.POZEN: Début du Téléchargement de: D:\kerberos.htx\pc mila\hexworkshop\Hex Workshop v6.0.1\Nouveau dossier (2)\Hex Workshop v6.0.1.4603 by GZKS.zip
[14:33:39] - [4] MIRKO.POZEN: Fichier envoyé: D:\kerberos.htx\pc mila\hexworkshop\Hex Workshop v6.0.1\hw32v601.exe (399,97 K/S -  10 648 816 bytes)
[14:33:39] - [4] MIRKO.POZEN: Répertoire en Cours: D:\kerberos.htx\pc mila\hexworkshop\Hex Workshop v6.0.1\Nouveau dossier (2)\
[14:33:40] - [4] MIRKO.POZEN: Début du Téléchargement de: D:\kerberos.htx\pc mila\hexworkshop\Hex Workshop v6.0.1\Nouveau dossier (2)\read_me.txt
[14:33:40] - [4] MIRKO.POZEN: Fichier envoyé: D:\kerberos.htx\pc mila\hexworkshop\Hex Workshop v6.0.1\Nouveau dossier (2)\read_me.txt (0,54 K/S -    548 bytes)
[14:33:40] - [4] MIRKO.POZEN: Répertoire en Cours: D:\kerberos.htx\pc mila\hexworkshop\Hex Workshop v6.0.1\Nouveau dossier (2)\HexWorkShop 6.0.1.4603 by GZKS\
[14:33:40] - [4] MIRKO.POZEN: Début du Téléchargement de: D:\kerberos.htx\pc mila\hexworkshop\Hex Workshop v6.0.1\Nouveau dossier (2)\HexWorkShop 6.0.1.4603 by GZKS\Read-me.txt
[14:33:40] - [4] MIRKO.POZEN: Fichier envoyé: D:\kerberos.htx\pc mila\hexworkshop\Hex Workshop v6.0.1\Nouveau dossier (2)\HexWorkShop 6.0.1.4603 by GZKS\Read-me.txt (0,11 K/S -    113 bytes)
[14:33:40] - [4] MIRKO.POZEN: Répertoire en Cours: D:\kerberos.htx\pc mila\hexworkshop\Hex Workshop v6.0.1\Nouveau dossier\
[14:33:41] - [4] MIRKO.POZEN: Début du Téléchargement de: D:\kerberos.htx\pc mila\hexworkshop\Hex Workshop v6.0.1\Nouveau dossier\Hex Workshop v6.0.1 by AhA.zip
[14:33:41] - [4] MIRKO.POZEN: Fichier envoyé: D:\kerberos.htx\pc mila\hexworkshop\Hex Workshop v6.0.1\Nouveau dossier\Hex Workshop v6.0.1 by AhA.zip (13,56 K/S -   13 881 bytes)
[14:33:41] - [4] MIRKO.POZEN: Début du Téléchargement de: D:\kerberos.htx\pc mila\hexworkshop\Hex Workshop v6.0.1\Nouveau dossier\read_me.txt
[14:33:41] - [4] MIRKO.POZEN: Fichier envoyé: D:\kerberos.htx\pc mila\hexworkshop\Hex Workshop v6.0.1\Nouveau dossier\read_me.txt (0,54 K/S -    548 bytes)
[14:33:50] - [3] MIRKO.POZEN: Fichier envoyé: D:\kerberos.htx\pc mila\hexworkshop\Hex Workshop v6.0.1\Nouveau dossier (2)\Hex Workshop v6.0.1.4603 by GZKS.zip (680,81 K/S -  9 760 156 bytes)
[14:34:12] - [4] Client 192.168.0.1 Déconnecté (00:00:59 Min)
[14:34:21] - [3] Client 192.168.0.1 Déconnecté (00:01:08 Min)
[14:35:06] - [1] MIRKO.POZEN: Répertoire en Cours: D:\kerberos.htx\pc mila\
[14:35:06] - [1] MIRKO.POZEN: Répertoire en Cours: D:\kerberos.htx\pc mila\reshack\
[14:35:06] - [5] Connecté à 192.168.0.1. Collecte du Nom d'utilisateur.
[14:35:06] - [6] Connecté à 192.168.0.1. Collecte du Nom d'utilisateur.
[14:35:06] - [5] Usager MIRKO.POZEN Connecté IP: 192.168.0.1
[14:35:06] - [5] MIRKO.POZEN: Répertoire en Cours: D:\kerberos.htx\
[14:35:06] - [6] Usager MIRKO.POZEN Connecté IP: 192.168.0.1
[14:35:06] - [6] MIRKO.POZEN: Répertoire en Cours: D:\kerberos.htx\
[14:35:06] - [5] MIRKO.POZEN: Répertoire en Cours: D:\kerberos.htx\pc mila\reshack\
[14:35:06] - [6] MIRKO.POZEN: Répertoire en Cours: D:\kerberos.htx\pc mila\reshack\
[14:35:06] - [6] MIRKO.POZEN: Début du Téléchargement de: D:\kerberos.htx\pc mila\reshack\ReadMe.txt
[14:35:06] - [5] MIRKO.POZEN: Début du Téléchargement de: D:\kerberos.htx\pc mila\reshack\Dialogs.def
[14:35:07] - [6] MIRKO.POZEN: Fichier envoyé: D:\kerberos.htx\pc mila\reshack\ReadMe.txt (4,79 K/S -   4 910 bytes)
[14:35:07] - [5] MIRKO.POZEN: Fichier envoyé: D:\kerberos.htx\pc mila\reshack\Dialogs.def (14,43 K/S -   14 781 bytes)
[14:35:07] - [6] MIRKO.POZEN: Début du Téléchargement de: D:\kerberos.htx\pc mila\reshack\ResHacker.cnt
[14:35:07] - [5] MIRKO.POZEN: Début du Téléchargement de: D:\kerberos.htx\pc mila\reshack\ResHacker.exe
[14:35:07] - [6] MIRKO.POZEN: Fichier envoyé: D:\kerberos.htx\pc mila\reshack\ResHacker.cnt (0,26 K/S -    267 bytes)
[14:35:07] - [6] MIRKO.POZEN: Début du Téléchargement de: D:\kerberos.htx\pc mila\reshack\ResHacker.hlp
[14:35:08] - [5] MIRKO.POZEN: Fichier envoyé: D:\kerberos.htx\pc mila\reshack\ResHacker.exe (861,00 K/S -   881 664 bytes)
[14:35:08] - [5] MIRKO.POZEN: Début du Téléchargement de: D:\kerberos.htx\pc mila\reshack\ResHacker.ini
[14:35:08] - [5] MIRKO.POZEN: Fichier envoyé: D:\kerberos.htx\pc mila\reshack\ResHacker.ini (0,34 K/S -    350 bytes)
[14:35:08] - [5] MIRKO.POZEN: Début du Téléchargement de: D:\kerberos.htx\pc mila\reshack\reshack_reshack_3.4.0.79_anglais_13014.zip
[14:35:08] - [6] MIRKO.POZEN: Fichier envoyé: D:\kerberos.htx\pc mila\reshack\ResHacker.hlp (456,68 K/S -   467 640 bytes)
[14:35:08] - [6] MIRKO.POZEN: Début du Téléchargement de: D:\kerberos.htx\pc mila\reshack\Version_History.txt
[14:35:08] - [6] MIRKO.POZEN: Fichier envoyé: D:\kerberos.htx\pc mila\reshack\Version_History.txt (15,48 K/S -   15 850 bytes)
[14:35:09] - [5] MIRKO.POZEN: Fichier envoyé: D:\kerberos.htx\pc mila\reshack\reshack_reshack_3.4.0.79_anglais_13014.zip (541,89 K/S -   554 899 bytes)
[14:35:39] - [6] Client 192.168.0.1 Déconnecté (00:00:33 Min)
[14:35:40] - [5] Client 192.168.0.1 Déconnecté (00:00:34 Min)
[14:59:37] - [7] Connecté à 192.168.0.1. Collecte du Nom d'utilisateur.
[14:59:37] - [7] Usager MIRKO.POZEN Connecté IP: 192.168.0.1
[14:59:37] - [7] MIRKO.POZEN: Répertoire en Cours: D:\kerberos.htx\
[14:59:37] - [7] MIRKO.POZEN: Répertoire en Cours: D:\kerberos.htx\
[14:59:40] - [7] MIRKO.POZEN: Répertoire en Cours: D:\kerberos.htx\exe\
[15:00:01] - [8] Connecté à 192.168.0.1. Collecte du Nom d'utilisateur.
[15:00:02] - [8] Usager MIRKO.POZEN Connecté IP: 192.168.0.1
[15:00:02] - [8] MIRKO.POZEN: Répertoire en Cours: D:\kerberos.htx\
[15:00:02] - [8] MIRKO.POZEN: Répertoire en Cours: D:\kerberos.htx\exe\
[15:00:02] - [8] MIRKO.POZEN: Début du Téléchargement de: D:\kerberos.htx\exe\pplfr165_x64comp.exe
[15:00:03] - [8] MIRKO.POZEN: Fichier envoyé: D:\kerberos.htx\exe\pplfr165_x64comp.exe (116,42 K/S -   238 430 bytes)
[15:00:05] - [8] MIRKO.POZEN: Début du Téléchargement de: D:\kerberos.htx\exe\pplfr165.exe
[15:00:05] - [8] MIRKO.POZEN: Fichier envoyé: D:\kerberos.htx\exe\pplfr165.exe (225,46 K/S -   230 869 bytes)
[15:00:13] - [8] Client 192.168.0.1 Déconnecté (00:00:11 Min)
[15:00:13] - [7] Client 192.168.0.1 Déconnecté (00:00:36 Min)
[15:30:38] - [9] Connecté à 182.48.198.109. Collecte du Nom d'utilisateur.
[15:30:39] - [9] Authentification Incorrect: Utilisateur WWW-DATA IP: 182.48.198.109
[15:30:39] - [9] Client 182.48.198.109 Déconnecté (00:00:00 Min)
[16:52:27] - [10] Connecté à 74.82.47.3. Collecte du Nom d'utilisateur.
[16:52:30] - [10] Client 74.82.47.3 Déconnecté (00:00:02 Min)
[17:52:06] - [1] Client 192.168.0.1 Déconnecté (03:54:02 Min)
[20:24:44] - [11] Connecté à 192.168.0.1. Collecte du Nom d'utilisateur.
[20:24:44] - [11] Client 192.168.0.1 Déconnecté (00:00:00 Min)
