[05:47:08] - Serveur Démarré
[05:47:08] - FTP Port: 21
[06:26:36] - [1] Connecté à 71.6.232.4. Collecte du Nom d'utilisateur.
[06:26:36] - [1] Client 71.6.232.4 Déconnecté (00:00:00 Min)
[08:02:23] - [2] Connecté à 184.105.247.194. Collecte du Nom d'utilisateur.
[08:02:23] - [2] Client 184.105.247.194 Déconnecté (00:00:00 Min)
[08:32:14] - [3] Connecté à 176.114.160.146. Collecte du Nom d'utilisateur.
[08:32:14] - [3] Authentification Incorrect: Utilisateur WWW-DATA IP: 176.114.160.146
[08:32:15] - [3] Client 176.114.160.146 Déconnecté (00:00:00 Min)
[10:13:56] - [4] Connecté à 192.168.0.1. Collecte du Nom d'utilisateur.
[10:13:56] - [4] Usager MIRKO.POZEN Connecté IP: 192.168.0.1
[10:13:56] - [4] MIRKO.POZEN: Répertoire en Cours: D:\kerberos.htx\
[10:13:56] - [4] MIRKO.POZEN: Répertoire en Cours: D:\kerberos.htx\
[10:14:05] - [4] MIRKO.POZEN: Répertoire en Cours: D:\kerberos.htx\0\
[10:14:08] - [4] MIRKO.POZEN: Répertoire en Cours: D:\kerberos.htx\
[10:14:08] - [4] MIRKO.POZEN: Répertoire en Cours: D:\kerberos.htx\000\
[10:14:18] - [4] MIRKO.POZEN: Répertoire en Cours: D:\kerberos.htx\
[10:14:18] - [4] MIRKO.POZEN: Répertoire en Cours: D:\kerberos.htx\exe\
[10:14:22] - [4] MIRKO.POZEN: Répertoire en Cours: D:\kerberos.htx\exe\DarkComet\
[10:27:40] - [4] MIRKO.POZEN: Répertoire en Cours: D:\kerberos.htx\
[10:27:40] - [4] MIRKO.POZEN: Répertoire en Cours: D:\kerberos.htx\rar\
[10:28:23] - [5] Connecté à 192.168.0.1. Collecte du Nom d'utilisateur.
[10:28:23] - [5] Usager MIRKO.POZEN Connecté IP: 192.168.0.1
[10:28:23] - [5] MIRKO.POZEN: Répertoire en Cours: D:\kerberos.htx\
[10:28:23] - [5] MIRKO.POZEN: Répertoire en Cours: D:\kerberos.htx\rar\
[10:28:23] - [5] MIRKO.POZEN: Début du Téléchargement de: D:\kerberos.htx\rar\DarkComet.rar
[10:28:46] - [5] MIRKO.POZEN: Fichier envoyé: D:\kerberos.htx\rar\DarkComet.rar (653,46 K/S -  15 390 206 bytes)
[10:28:48] - [5] Client 192.168.0.1 Déconnecté (00:00:25 Min)
[10:28:48] - [4] Client 192.168.0.1 Déconnecté (00:14:51 Min)
[10:29:42] - [6] Connecté à 192.168.0.1. Collecte du Nom d'utilisateur.
[10:29:42] - [6] Usager MIRKO.POZEN Connecté IP: 192.168.0.1
[10:29:42] - [6] MIRKO.POZEN: Répertoire en Cours: D:\kerberos.htx\
[10:29:42] - [6] MIRKO.POZEN: Répertoire en Cours: D:\kerberos.htx\
[10:29:47] - [6] MIRKO.POZEN: Répertoire en Cours: D:\kerberos.htx\exe\
[10:30:07] - [7] Connecté à 192.168.0.1. Collecte du Nom d'utilisateur.
[10:30:07] - [7] Usager MIRKO.POZEN Connecté IP: 192.168.0.1
[10:30:07] - [7] MIRKO.POZEN: Répertoire en Cours: D:\kerberos.htx\
[10:30:07] - [7] MIRKO.POZEN: Répertoire en Cours: D:\kerberos.htx\exe\
[10:30:07] - [7] MIRKO.POZEN: Début du Téléchargement de: D:\kerberos.htx\exe\winrar.exe
[10:30:14] - [7] MIRKO.POZEN: Fichier envoyé: D:\kerberos.htx\exe\winrar.exe (320,00 K/S -  2 621 400 bytes)
[10:30:22] - [7] Client 192.168.0.1 Déconnecté (00:00:14 Min)
[10:30:22] - [6] Client 192.168.0.1 Déconnecté (00:00:39 Min)
[10:32:22] - Serveur Arreté
[23:19:46] - Serveur Démarré
[23:19:46] - FTP Port: 21
[23:19:54] - [8] Connecté à 192.168.0.1. Collecte du Nom d'utilisateur.
[23:19:54] - [8] Usager MIRKO.POZEN Connecté IP: 192.168.0.1
[23:19:54] - [8] MIRKO.POZEN: Répertoire en Cours: D:\kerberos.htx\
[23:19:54] - [8] MIRKO.POZEN: Répertoire en Cours: D:\kerberos.htx\
[23:20:07] - [8] MIRKO.POZEN: Répertoire en Cours: D:\kerberos.htx\iisw\
[23:20:07] - [8] MIRKO.POZEN: Répertoire en Cours: D:\kerberos.htx\iisw\IISview\
[23:20:07] - [9] Connecté à 192.168.0.1. Collecte du Nom d'utilisateur.
[23:20:07] - [10] Connecté à 192.168.0.1. Collecte du Nom d'utilisateur.
[23:20:08] - [9] Usager MIRKO.POZEN Connecté IP: 192.168.0.1
[23:20:08] - [9] MIRKO.POZEN: Répertoire en Cours: D:\kerberos.htx\
[23:20:08] - [10] Usager MIRKO.POZEN Connecté IP: 192.168.0.1
[23:20:08] - [10] MIRKO.POZEN: Répertoire en Cours: D:\kerberos.htx\
[23:20:08] - [9] MIRKO.POZEN: Répertoire en Cours: D:\kerberos.htx\iisw\IISview\
[23:20:08] - [10] MIRKO.POZEN: Répertoire en Cours: D:\kerberos.htx\iisw\IISview\
[23:20:08] - [9] MIRKO.POZEN: Début du Téléchargement de: D:\kerberos.htx\iisw\IISview\AddScheduled1.JPG
[23:20:08] - [10] MIRKO.POZEN: Début du Téléchargement de: D:\kerberos.htx\iisw\IISview\AdvancedSchedule.JPG
[23:20:08] - [9] MIRKO.POZEN: Fichier envoyé: D:\kerberos.htx\iisw\IISview\AddScheduled1.JPG (33,52 K/S -   34 321 bytes)
[23:20:08] - [10] MIRKO.POZEN: Fichier envoyé: D:\kerberos.htx\iisw\IISview\AdvancedSchedule.JPG (30,81 K/S -   31 554 bytes)
[23:20:08] - [9] MIRKO.POZEN: Début du Téléchargement de: D:\kerberos.htx\iisw\IISview\Batch.JPG
[23:20:08] - [10] MIRKO.POZEN: Début du Téléchargement de: D:\kerberos.htx\iisw\IISview\BrowseToIISView.JPG
[23:20:08] - [9] MIRKO.POZEN: Fichier envoyé: D:\kerberos.htx\iisw\IISview\Batch.JPG (31,92 K/S -   32 688 bytes)
[23:20:08] - [10] MIRKO.POZEN: Fichier envoyé: D:\kerberos.htx\iisw\IISview\BrowseToIISView.JPG (35,98 K/S -   36 841 bytes)
[23:20:08] - [9] MIRKO.POZEN: Début du Téléchargement de: D:\kerberos.htx\iisw\IISview\CatchUp.JPG
[23:20:08] - [9] MIRKO.POZEN: Fichier envoyé: D:\kerberos.htx\iisw\IISview\CatchUp.JPG (37,40 K/S -   38 295 bytes)
[23:20:08] - [10] MIRKO.POZEN: Début du Téléchargement de: D:\kerberos.htx\iisw\IISview\Configuration.JPG
[23:20:08] - [10] MIRKO.POZEN: Fichier envoyé: D:\kerberos.htx\iisw\IISview\Configuration.JPG (43,74 K/S -   44 785 bytes)
[23:20:08] - [9] MIRKO.POZEN: Début du Téléchargement de: D:\kerberos.htx\iisw\IISview\EnablingLoggingProperties.JPG
[23:20:09] - [10] MIRKO.POZEN: Début du Téléchargement de: D:\kerberos.htx\iisw\IISview\ExplicitAddSchedule.htm
[23:20:09] - [10] MIRKO.POZEN: Fichier envoyé: D:\kerberos.htx\iisw\IISview\ExplicitAddSchedule.htm (2,15 K/S -   2 198 bytes)
[23:20:09] - [9] MIRKO.POZEN: Fichier envoyé: D:\kerberos.htx\iisw\IISview\EnablingLoggingProperties.JPG (97,21 K/S -   99 548 bytes)
[23:20:09] - [9] MIRKO.POZEN: Début du Téléchargement de: D:\kerberos.htx\iisw\IISview\Eye2.ico
[23:20:09] - [9] MIRKO.POZEN: Fichier envoyé: D:\kerberos.htx\iisw\IISview\Eye2.ico (0,31 K/S -    318 bytes)
[23:20:09] - [10] MIRKO.POZEN: Début du Téléchargement de: D:\kerberos.htx\iisw\IISview\eye3-hand.ico
[23:20:09] - [10] MIRKO.POZEN: Fichier envoyé: D:\kerberos.htx\iisw\IISview\eye3-hand.ico (1,30 K/S -   1 334 bytes)
[23:20:09] - [9] MIRKO.POZEN: Début du Téléchargement de: D:\kerberos.htx\iisw\IISview\FileDownload.JPG
[23:20:09] - [9] MIRKO.POZEN: Fichier envoyé: D:\kerberos.htx\iisw\IISview\FileDownload.JPG (20,27 K/S -   20 757 bytes)
[23:20:09] - [10] MIRKO.POZEN: Début du Téléchargement de: D:\kerberos.htx\iisw\IISview\IIS-Properties.JPG
[23:20:09] - [9] MIRKO.POZEN: Début du Téléchargement de: D:\kerberos.htx\iisw\IISview\IIS-usage-site.JPG
[23:20:09] - [9] MIRKO.POZEN: Fichier envoyé: D:\kerberos.htx\iisw\IISview\IIS-usage-site.JPG (44,14 K/S -   45 197 bytes)
[23:20:09] - [10] MIRKO.POZEN: Fichier envoyé: D:\kerberos.htx\iisw\IISview\IIS-Properties.JPG (108,35 K/S -   110 955 bytes)
[23:20:09] - [9] MIRKO.POZEN: Début du Téléchargement de: D:\kerberos.htx\iisw\IISview\IISview.exe
[23:20:09] - [10] MIRKO.POZEN: Début du Téléchargement de: D:\kerberos.htx\iisw\IISview\IISViewHelper.dll
[23:20:10] - [10] MIRKO.POZEN: Fichier envoyé: D:\kerberos.htx\iisw\IISview\IISViewHelper.dll (28,00 K/S -   28 672 bytes)
[23:20:10] - [10] MIRKO.POZEN: Début du Téléchargement de: D:\kerberos.htx\iisw\IISview\InbuiltAddScheduled.JPG
[23:20:10] - [10] MIRKO.POZEN: Fichier envoyé: D:\kerberos.htx\iisw\IISview\InbuiltAddScheduled.JPG (38,40 K/S -   39 325 bytes)
[23:20:10] - [10] MIRKO.POZEN: Début du Téléchargement de: D:\kerberos.htx\iisw\IISview\index.htm
[23:20:10] - [10] MIRKO.POZEN: Fichier envoyé: D:\kerberos.htx\iisw\IISview\index.htm (15,70 K/S -   16 080 bytes)
[23:20:10] - [10] MIRKO.POZEN: Début du Téléchargement de: D:\kerberos.htx\iisw\IISview\InputFilter.jpg
[23:20:10] - [9] MIRKO.POZEN: Fichier envoyé: D:\kerberos.htx\iisw\IISview\IISview.exe (360,11 K/S -   368 748 bytes)
[23:20:10] - [10] MIRKO.POZEN: Fichier envoyé: D:\kerberos.htx\iisw\IISview\InputFilter.jpg (15,07 K/S -   15 436 bytes)
[23:20:10] - [9] MIRKO.POZEN: Début du Téléchargement de: D:\kerberos.htx\iisw\IISview\InputFilters.JPG
[23:20:10] - [9] MIRKO.POZEN: Fichier envoyé: D:\kerberos.htx\iisw\IISview\InputFilters.JPG (8,21 K/S -   8 403 bytes)
[23:20:10] - [10] MIRKO.POZEN: Début du Téléchargement de: D:\kerberos.htx\iisw\IISview\NewFolder.JPG
[23:20:10] - [10] MIRKO.POZEN: Fichier envoyé: D:\kerberos.htx\iisw\IISview\NewFolder.JPG (26,22 K/S -   26 848 bytes)
[23:20:10] - [9] MIRKO.POZEN: Début du Téléchargement de: D:\kerberos.htx\iisw\IISview\OnDemandReport.JPG
[23:20:11] - [9] MIRKO.POZEN: Fichier envoyé: D:\kerberos.htx\iisw\IISview\OnDemandReport.JPG (12,55 K/S -   12 850 bytes)
[23:20:11] - [10] MIRKO.POZEN: Début du Téléchargement de: D:\kerberos.htx\iisw\IISview\ScheduledDaily.JPG
[23:20:11] - [10] MIRKO.POZEN: Fichier envoyé: D:\kerberos.htx\iisw\IISview\ScheduledDaily.JPG (25,98 K/S -   26 607 bytes)
[23:20:11] - [9] MIRKO.POZEN: Début du Téléchargement de: D:\kerberos.htx\iisw\IISview\SelfExtractor.JPG
[23:20:11] - [9] MIRKO.POZEN: Fichier envoyé: D:\kerberos.htx\iisw\IISview\SelfExtractor.JPG (13,35 K/S -   13 667 bytes)
[23:20:11] - [10] MIRKO.POZEN: Début du Téléchargement de: D:\kerberos.htx\iisw\IISview\SelfExtractorFull.JPG
[23:20:11] - [10] MIRKO.POZEN: Fichier envoyé: D:\kerberos.htx\iisw\IISview\SelfExtractorFull.JPG (22,93 K/S -   23 484 bytes)
[23:20:11] - [9] MIRKO.POZEN: Début du Téléchargement de: D:\kerberos.htx\iisw\IISview\Setup1.JPG
[23:20:11] - [9] MIRKO.POZEN: Fichier envoyé: D:\kerberos.htx\iisw\IISview\Setup1.JPG (20,96 K/S -   21 458 bytes)
[23:20:11] - [10] MIRKO.POZEN: Début du Téléchargement de: D:\kerberos.htx\iisw\IISview\Setup2.JPG
[23:20:11] - [10] MIRKO.POZEN: Fichier envoyé: D:\kerberos.htx\iisw\IISview\Setup2.JPG (23,64 K/S -   24 207 bytes)
[23:20:11] - [9] MIRKO.POZEN: Début du Téléchargement de: D:\kerberos.htx\iisw\IISview\Setup3.JPG
[23:20:11] - [10] MIRKO.POZEN: Début du Téléchargement de: D:\kerberos.htx\iisw\IISview\Setup4.JPG
[23:20:11] - [9] MIRKO.POZEN: Fichier envoyé: D:\kerberos.htx\iisw\IISview\Setup3.JPG (24,77 K/S -   25 367 bytes)
[23:20:11] - [10] MIRKO.POZEN: Fichier envoyé: D:\kerberos.htx\iisw\IISview\Setup4.JPG (8,69 K/S -   8 896 bytes)
[23:20:11] - [9] MIRKO.POZEN: Début du Téléchargement de: D:\kerberos.htx\iisw\IISview\SiteSelect.JPG
[23:20:12] - [9] MIRKO.POZEN: Fichier envoyé: D:\kerberos.htx\iisw\IISview\SiteSelect.JPG (10,23 K/S -   10 475 bytes)
[23:20:12] - [10] MIRKO.POZEN: Début du Téléchargement de: D:\kerberos.htx\iisw\IISview\ST6UNST.LOG
[23:20:12] - [10] MIRKO.POZEN: Fichier envoyé: D:\kerberos.htx\iisw\IISview\ST6UNST.LOG (6,60 K/S -   6 757 bytes)
[23:20:12] - [9] MIRKO.POZEN: Début du Téléchargement de: D:\kerberos.htx\iisw\IISview\StartRunBrowse.JPG
[23:20:12] - [9] MIRKO.POZEN: Fichier envoyé: D:\kerberos.htx\iisw\IISview\StartRunBrowse.JPG (14,66 K/S -   15 016 bytes)
[23:20:12] - [10] MIRKO.POZEN: Début du Téléchargement de: D:\kerberos.htx\iisw\IISview\UnknownPublisher.JPG
[23:20:12] - [10] MIRKO.POZEN: Fichier envoyé: D:\kerberos.htx\iisw\IISview\UnknownPublisher.JPG (21,09 K/S -   21 600 bytes)
[23:20:12] - [9] MIRKO.POZEN: Début du Téléchargement de: D:\kerberos.htx\iisw\IISview\VistaConfiguration.jpg
[23:20:12] - [9] MIRKO.POZEN: Fichier envoyé: D:\kerberos.htx\iisw\IISview\VistaConfiguration.jpg (32,39 K/S -   33 165 bytes)
[23:20:12] - [10] MIRKO.POZEN: Début du Téléchargement de: D:\kerberos.htx\iisw\IISview\WhatIsA.htm
[23:20:12] - [10] MIRKO.POZEN: Fichier envoyé: D:\kerberos.htx\iisw\IISview\WhatIsA.htm (2,89 K/S -   2 963 bytes)
[23:20:12] - [9] MIRKO.POZEN: Début du Téléchargement de: D:\kerberos.htx\iisw\IISview\yesterday.exe
[23:20:12] - [9] MIRKO.POZEN: Fichier envoyé: D:\kerberos.htx\iisw\IISview\yesterday.exe (60,00 K/S -   61 440 bytes)
[23:20:29] - [8] Client 192.168.0.1 Déconnecté (00:00:34 Min)
[23:20:29] - [9] Client 192.168.0.1 Déconnecté (00:00:21 Min)
[23:20:29] - [10] Client 192.168.0.1 Déconnecté (00:00:21 Min)
[23:20:29] - Serveur Arreté
