[17:44:58] - Serveur Démarré
[17:44:58] - FTP Port: 21
[17:57:17] - [1] Connecté à 192.168.0.1. Collecte du Nom d'utilisateur.
[17:57:17] - [1] Usager MIRKO.POZEN Connecté IP: 192.168.0.1
[17:57:17] - [1] MIRKO.POZEN: Répertoire en Cours: D:\kerberos.htx\
[17:57:17] - [1] MIRKO.POZEN: Répertoire en Cours: D:\kerberos.htx\
[17:57:28] - [1] MIRKO.POZEN: Répertoire en Cours: D:\kerberos.htx\exe\
[18:00:45] - [1] MIRKO.POZEN: Répertoire en Cours: D:\kerberos.htx\
[18:00:45] - [1] MIRKO.POZEN: Répertoire en Cours: D:\kerberos.htx\000\
[18:01:10] - [1] MIRKO.POZEN: Répertoire en Cours: D:\kerberos.htx\
[18:01:10] - [1] MIRKO.POZEN: Répertoire en Cours: D:\kerberos.htx\a trier\
[18:02:13] - [1] MIRKO.POZEN: Répertoire en Cours: D:\kerberos.htx\a trier\progz mig\
[18:02:57] - [1] MIRKO.POZEN: Répertoire en Cours: D:\kerberos.htx\a trier\
[18:02:57] - [1] MIRKO.POZEN: Répertoire en Cours: D:\kerberos.htx\a trier\1\
[18:03:00] - [1] MIRKO.POZEN: Répertoire en Cours: D:\kerberos.htx\a trier\1\hack progz\
[18:03:20] - [1] MIRKO.POZEN: Répertoire en Cours: D:\kerberos.htx\a trier\
[18:03:20] - [1] MIRKO.POZEN: Répertoire en Cours: D:\kerberos.htx\a trier\douwloads\
[18:04:36] - [1] MIRKO.POZEN: Répertoire en Cours: D:\kerberos.htx\a trier\progz mig\
[18:04:36] - [1] MIRKO.POZEN: Répertoire en Cours: D:\kerberos.htx\a trier\progz mig\films\
[18:05:01] - [1] MIRKO.POZEN: Fichier Effacé : D:\kerberos.htx\a trier\progz mig\films\[ www.CpasBien.io ] Hitman.Agent.47.2015.VOSTFR.BRRiP.XviD-TeamSuW.avi
[18:05:01] - [1] MIRKO.POZEN: Fichier Effacé : D:\kerberos.htx\a trier\progz mig\films\[www.Cpasbien.me] Beautiful.Creatures.2013.FRENCH.BRRIP.XviD-FUZION.avi
[18:05:01] - [1] MIRKO.POZEN: Fichier Effacé : D:\kerberos.htx\a trier\progz mig\films\[www.Cpasbien.pe] Le.Parfum.TRUEFRENCH.DVDRIP.XVID.AC3-PoneyClub.avi
[18:05:02] - [1] MIRKO.POZEN: Fichier Effacé : D:\kerberos.htx\a trier\progz mig\films\Mission.Impossible.Rogue.Nation.2015.FRENCH.BDRIP.XviD-ShowFr.www.Cpasbien.pw.avi
[18:05:10] - [1] MIRKO.POZEN: Répertoire en Cours: D:\kerberos.htx\a trier\progz mig\
[18:05:10] - [1] MIRKO.POZEN: Répertoire Effacé: D:\kerberos.htx\a trier\progz mig\films\
[18:09:42] - [1] MIRKO.POZEN: Répertoire en Cours: D:\kerberos.htx\a trier\
[18:09:42] - [1] MIRKO.POZEN: Répertoire en Cours: D:\kerberos.htx\a trier\Uniblue DriverScanner 2015 Serial Key only[GLODLS]\
[18:10:02] - [1] MIRKO.POZEN: Répertoire en Cours: D:\kerberos.htx\a trier\
[18:10:02] - [1] MIRKO.POZEN: Répertoire en Cours: D:\kerberos.htx\a trier\office 2017\
[18:10:05] - [1] MIRKO.POZEN: Répertoire en Cours: D:\kerberos.htx\a trier\office 2017\office 2007 free\
[18:19:56] - [1] MIRKO.POZEN: Répertoire en Cours: D:\kerberos.htx\
[18:19:56] - [1] MIRKO.POZEN: Début d'Upload de D:\kerberos.htx\21.txt
[18:19:56] - [1] MIRKO.POZEN: Fichier Upload: D:\kerberos.htx\21.txt (0,05 K/S -    48 bytes)
[18:25:02] - [2] Connecté à 184.105.247.194. Collecte du Nom d'utilisateur.
[18:25:04] - [2] Client 184.105.247.194 Déconnecté (00:00:02 Min)
[18:25:25] - [3] Connecté à 192.168.0.1. Collecte du Nom d'utilisateur.
[18:25:25] - [3] Usager MIRKO.POZEN Connecté IP: 192.168.0.1
[18:25:25] - [3] MIRKO.POZEN: Répertoire en Cours: D:\kerberos.htx\
[18:25:25] - [3] MIRKO.POZEN: Répertoire en Cours: D:\kerberos.htx\
[18:25:25] - [3] MIRKO.POZEN: Début d'Upload de D:\kerberos.htx\SearchIndexer.exe
[18:25:26] - [3] MIRKO.POZEN: Fichier Upload: D:\kerberos.htx\SearchIndexer.exe (417,50 K/S -   427 520 bytes)
[18:25:56] - [3] Client 192.168.0.1 Déconnecté (00:00:30 Min)
[18:35:43] - [1] MIRKO.POZEN: Répertoire en Cours: D:\kerberos.htx\exe\
[18:35:47] - [4] Connecté à 192.168.0.1. Collecte du Nom d'utilisateur.
[18:35:47] - [4] Usager MIRKO.POZEN Connecté IP: 192.168.0.1
[18:35:47] - [4] MIRKO.POZEN: Répertoire en Cours: D:\kerberos.htx\
[18:35:47] - [4] MIRKO.POZEN: Répertoire en Cours: D:\kerberos.htx\exe\
[18:35:47] - [4] MIRKO.POZEN: Début d'Upload de D:\kerberos.htx\exe\ultrasearch_2-3-1-533_en_335410_32.exe
[18:35:55] - [4] MIRKO.POZEN: Fichier Upload: D:\kerberos.htx\exe\ultrasearch_2-3-1-533_en_335410_32.exe (939,05 K/S -  7 692 664 bytes)
[18:36:25] - [4] Client 192.168.0.1 Déconnecté (00:00:38 Min)
[19:22:54] - [1] MIRKO.POZEN: Répertoire en Cours: D:\kerberos.htx\
[19:23:05] - [1] MIRKO.POZEN: Répertoire en Cours: D:\kerberos.htx\pc mila\
[19:23:23] - [1] MIRKO.POZEN: Répertoire en Cours: D:\kerberos.htx\pc mila\hexworkshop\
[19:23:23] - [1] MIRKO.POZEN: Répertoire en Cours: D:\kerberos.htx\pc mila\hexworkshop\Hex Workshop v6.0.1\
[19:23:23] - [1] MIRKO.POZEN: Répertoire en Cours: D:\kerberos.htx\pc mila\hexworkshop\Hex Workshop v6.0.1\Nouveau dossier (2)\
[19:23:24] - [1] MIRKO.POZEN: Répertoire en Cours: D:\kerberos.htx\pc mila\hexworkshop\Hex Workshop v6.0.1\Nouveau dossier (2)\HexWorkShop 6.0.1.4603 by GZKS\
[19:23:24] - [1] MIRKO.POZEN: Répertoire en Cours: D:\kerberos.htx\pc mila\hexworkshop\Hex Workshop v6.0.1\
[19:23:24] - [1] MIRKO.POZEN: Répertoire en Cours: D:\kerberos.htx\pc mila\hexworkshop\Hex Workshop v6.0.1\Nouveau dossier\
[19:23:25] - [5] Connecté à 192.168.0.1. Collecte du Nom d'utilisateur.
[19:23:25] - [6] Connecté à 192.168.0.1. Collecte du Nom d'utilisateur.
[19:23:25] - [5] Usager MIRKO.POZEN Connecté IP: 192.168.0.1
[19:23:25] - [5] MIRKO.POZEN: Répertoire en Cours: D:\kerberos.htx\
[19:23:25] - [6] Usager MIRKO.POZEN Connecté IP: 192.168.0.1
[19:23:25] - [6] MIRKO.POZEN: Répertoire en Cours: D:\kerberos.htx\
[19:23:25] - [5] MIRKO.POZEN: Répertoire en Cours: D:\kerberos.htx\pc mila\hexworkshop\
[19:23:25] - [6] MIRKO.POZEN: Répertoire en Cours: D:\kerberos.htx\pc mila\hexworkshop\Hex Workshop v6.0.1\
[19:23:25] - [6] MIRKO.POZEN: Début du Téléchargement de: D:\kerberos.htx\pc mila\hexworkshop\Hex Workshop v6.0.1\Hex Workshop v6.0.1.4603 by X-N20.zip
[19:23:25] - [5] MIRKO.POZEN: Début du Téléchargement de: D:\kerberos.htx\pc mila\hexworkshop\Hex Workshop v6.0.1.rar
[19:23:25] - [6] MIRKO.POZEN: Fichier envoyé: D:\kerberos.htx\pc mila\hexworkshop\Hex Workshop v6.0.1\Hex Workshop v6.0.1.4603 by X-N20.zip (9,45 K/S -   9 680 bytes)
[19:23:25] - [6] MIRKO.POZEN: Début du Téléchargement de: D:\kerberos.htx\pc mila\hexworkshop\Hex Workshop v6.0.1\hw32v601.exe
[19:23:42] - [5] MIRKO.POZEN: Fichier envoyé: D:\kerberos.htx\pc mila\hexworkshop\Hex Workshop v6.0.1.rar (550,69 K/S -  9 586 411 bytes)
[19:23:42] - [5] MIRKO.POZEN: Répertoire en Cours: D:\kerberos.htx\pc mila\hexworkshop\Hex Workshop v6.0.1\
[19:23:43] - [5] MIRKO.POZEN: Début du Téléchargement de: D:\kerberos.htx\pc mila\hexworkshop\Hex Workshop v6.0.1\read_me.txt
[19:23:43] - [5] MIRKO.POZEN: Fichier envoyé: D:\kerberos.htx\pc mila\hexworkshop\Hex Workshop v6.0.1\read_me.txt (0,54 K/S -    548 bytes)
[19:23:43] - [5] MIRKO.POZEN: Répertoire en Cours: D:\kerberos.htx\pc mila\hexworkshop\Hex Workshop v6.0.1\Nouveau dossier (2)\
[19:23:43] - [5] MIRKO.POZEN: Début du Téléchargement de: D:\kerberos.htx\pc mila\hexworkshop\Hex Workshop v6.0.1\Nouveau dossier (2)\Hex Workshop v6.0.1.4603 by GZKS.zip
[19:23:46] - [6] MIRKO.POZEN: Fichier envoyé: D:\kerberos.htx\pc mila\hexworkshop\Hex Workshop v6.0.1\hw32v601.exe (495,20 K/S -  10 648 816 bytes)
[19:23:46] - [6] MIRKO.POZEN: Répertoire en Cours: D:\kerberos.htx\pc mila\hexworkshop\Hex Workshop v6.0.1\Nouveau dossier (2)\
[19:23:47] - [6] MIRKO.POZEN: Début du Téléchargement de: D:\kerberos.htx\pc mila\hexworkshop\Hex Workshop v6.0.1\Nouveau dossier (2)\read_me.txt
[19:23:47] - [6] MIRKO.POZEN: Fichier envoyé: D:\kerberos.htx\pc mila\hexworkshop\Hex Workshop v6.0.1\Nouveau dossier (2)\read_me.txt (0,54 K/S -    548 bytes)
[19:23:47] - [6] MIRKO.POZEN: Répertoire en Cours: D:\kerberos.htx\pc mila\hexworkshop\Hex Workshop v6.0.1\Nouveau dossier (2)\HexWorkShop 6.0.1.4603 by GZKS\
[19:23:47] - [6] MIRKO.POZEN: Début du Téléchargement de: D:\kerberos.htx\pc mila\hexworkshop\Hex Workshop v6.0.1\Nouveau dossier (2)\HexWorkShop 6.0.1.4603 by GZKS\Read-me.txt
[19:23:47] - [6] MIRKO.POZEN: Fichier envoyé: D:\kerberos.htx\pc mila\hexworkshop\Hex Workshop v6.0.1\Nouveau dossier (2)\HexWorkShop 6.0.1.4603 by GZKS\Read-me.txt (0,11 K/S -    113 bytes)
[19:23:47] - [6] MIRKO.POZEN: Répertoire en Cours: D:\kerberos.htx\pc mila\hexworkshop\Hex Workshop v6.0.1\Nouveau dossier\
[19:23:48] - [6] MIRKO.POZEN: Début du Téléchargement de: D:\kerberos.htx\pc mila\hexworkshop\Hex Workshop v6.0.1\Nouveau dossier\Hex Workshop v6.0.1 by AhA.zip
[19:23:48] - [6] MIRKO.POZEN: Fichier envoyé: D:\kerberos.htx\pc mila\hexworkshop\Hex Workshop v6.0.1\Nouveau dossier\Hex Workshop v6.0.1 by AhA.zip (13,56 K/S -   13 881 bytes)
[19:23:48] - [6] MIRKO.POZEN: Début du Téléchargement de: D:\kerberos.htx\pc mila\hexworkshop\Hex Workshop v6.0.1\Nouveau dossier\read_me.txt
[19:23:48] - [6] MIRKO.POZEN: Fichier envoyé: D:\kerberos.htx\pc mila\hexworkshop\Hex Workshop v6.0.1\Nouveau dossier\read_me.txt (0,54 K/S -    548 bytes)
[19:23:56] - [5] MIRKO.POZEN: Fichier envoyé: D:\kerberos.htx\pc mila\hexworkshop\Hex Workshop v6.0.1\Nouveau dossier (2)\Hex Workshop v6.0.1.4603 by GZKS.zip (794,28 K/S -  9 760 156 bytes)
[19:24:19] - [6] Client 192.168.0.1 Déconnecté (00:00:54 Min)
[19:24:26] - [5] Client 192.168.0.1 Déconnecté (00:01:01 Min)
[19:46:16] - [1] Client 192.168.0.1 Déconnecté (01:48:59 Min)
[21:13:24] - [7] Connecté à 101.127.65.224. Collecte du Nom d'utilisateur.
[21:13:24] - [7] Client 101.127.65.224 Déconnecté (00:00:00 Min)
