[00:07:18] - [7] Connecté à 192.168.0.1. Collecte du Nom d'utilisateur.
[00:07:18] - [7] Usager MIRKO.POZEN Connecté IP: 192.168.0.1
[00:07:18] - [7] MIRKO.POZEN: Répertoire en Cours: D:\kerberos.htx\
[00:07:18] - [7] MIRKO.POZEN: Répertoire en Cours: D:\kerberos.htx\
[00:08:18] - [7] MIRKO.POZEN: Répertoire en Cours: D:\kerberos.htx\progz milo\
[00:08:22] - [7] MIRKO.POZEN: Répertoire en Cours: D:\kerberos.htx\
[00:08:22] - [7] MIRKO.POZEN: Répertoire en Cours: D:\kerberos.htx\a trier\
[00:08:30] - [7] MIRKO.POZEN: Répertoire en Cours: D:\kerberos.htx\a trier\1\
[00:08:39] - [7] MIRKO.POZEN: Répertoire en Cours: D:\kerberos.htx\a trier\
[00:08:39] - [7] MIRKO.POZEN: Répertoire en Cours: D:\kerberos.htx\a trier\annons\
[00:10:58] - [7] MIRKO.POZEN: Répertoire en Cours: D:\kerberos.htx\a trier\annons\config wk\
[00:11:08] - [8] Connecté à 192.168.0.1. Collecte du Nom d'utilisateur.
[00:11:08] - [8] Usager MIRKO.POZEN Connecté IP: 192.168.0.1
[00:11:08] - [8] MIRKO.POZEN: Répertoire en Cours: D:\kerberos.htx\
[00:11:08] - [8] MIRKO.POZEN: Répertoire en Cours: D:\kerberos.htx\a trier\annons\
[00:11:08] - [8] MIRKO.POZEN: Début du Téléchargement de: D:\kerberos.htx\a trier\annons\anon black300x300.jpg
[00:11:08] - [8] MIRKO.POZEN: Fichier envoyé: D:\kerberos.htx\a trier\annons\anon black300x300.jpg (8,23 K/S -   8 432 bytes)
[00:11:40] - [8] Client 192.168.0.1 Déconnecté (00:00:31 Min)
[00:57:29] - [7] MIRKO.POZEN: Répertoire en Cours: D:\kerberos.htx\a trier\annons\
[00:57:29] - [7] MIRKO.POZEN: Répertoire en Cours: D:\kerberos.htx\a trier\
[00:57:32] - [7] Client 192.168.0.1 Déconnecté (00:50:14 Min)
