[23:03:32] - Serveur Démarré
[23:03:32] - FTP Port: 21
[23:20:06] - Serveur Démarré
[23:20:06] - FTP Port: 21
[23:22:24] - [1] Connecté à 192.168.0.1. Collecte du Nom d'utilisateur.
[23:22:25] - [1] Usager MIRKO.POZEN Connecté IP: 192.168.0.1
[23:22:25] - [1] MIRKO.POZEN: Répertoire en Cours: D:\kerberos.htx\
[23:22:25] - [1] MIRKO.POZEN: Répertoire en Cours: D:\kerberos.htx\
[23:29:43] - [2] Connecté à 192.168.0.54. Collecte du Nom d'utilisateur.
[23:29:43] - [2] Client 192.168.0.54 Déconnecté (00:00:00 Min)
[23:31:23] - [3] Connecté à 192.168.0.54. Collecte du Nom d'utilisateur.
[23:31:23] - [3] Usager ANONYMOUS Connecté IP: 192.168.0.54
[23:31:23] - [3] Mot de Passe Incorrect: Utilisateur ANONYMOUS IP: 192.168.0.54
[23:31:23] - [4] Connecté à 192.168.0.54. Collecte du Nom d'utilisateur.
[23:31:23] - [3] Client 192.168.0.54 Déconnecté (00:00:00 Min)
[23:31:34] - [4] Client 192.168.0.54 Déconnecté (00:00:10 Min)
[23:32:23] - [5] Connecté à 192.168.0.1. Collecte du Nom d'utilisateur.
[23:32:23] - [5] Usager MIRKO.POZEN Connecté IP: 192.168.0.1
[23:32:23] - [5] MIRKO.POZEN: Répertoire en Cours: D:\kerberos.htx\
[23:32:23] - [5] MIRKO.POZEN: Répertoire en Cours: D:\kerberos.htx\
[23:34:58] - [6] Connecté à 192.168.0.54. Collecte du Nom d'utilisateur.
[23:34:58] - [6] Client 192.168.0.54 Déconnecté (00:00:00 Min)
[23:35:54] - [5] Client 192.168.0.1 Déconnecté (00:03:31 Min)
[23:39:23] - [7] Connecté à 192.168.0.1. Collecte du Nom d'utilisateur.
[23:39:23] - [7] Usager MIRKO.POZEN Connecté IP: 192.168.0.1
[23:39:23] - [7] MIRKO.POZEN: Répertoire en Cours: D:\kerberos.htx\
[23:39:23] - [7] MIRKO.POZEN: Répertoire en Cours: D:\kerberos.htx\
[23:44:58] - [7] MIRKO.POZEN: Répertoire en Cours: D:\kerberos.htx\exe\
[23:45:04] - [7] MIRKO.POZEN: Répertoire en Cours: D:\kerberos.htx\exe\hddentinel\
[23:45:18] - [7] MIRKO.POZEN: Répertoire en Cours: D:\kerberos.htx\exe\
[23:45:18] - [7] MIRKO.POZEN: Répertoire en Cours: D:\kerberos.htx\exe\DarkComet\
[23:45:18] - [7] MIRKO.POZEN: Répertoire en Cours: D:\kerberos.htx\exe\DarkComet\Users\
[23:45:18] - [7] MIRKO.POZEN: Répertoire en Cours: D:\kerberos.htx\exe\DarkComet\
[23:45:18] - [7] MIRKO.POZEN: Répertoire en Cours: D:\kerberos.htx\exe\DarkComet\skins\
[23:45:19] - [7] MIRKO.POZEN: Répertoire en Cours: D:\kerberos.htx\exe\DarkComet\skins\Spoof extensions\
[23:45:19] - [7] MIRKO.POZEN: Répertoire en Cours: D:\kerberos.htx\exe\DarkComet\skins\Spoof extensions\Users\
[23:45:19] - [7] MIRKO.POZEN: Répertoire en Cours: D:\kerberos.htx\exe\DarkComet\skins\Spoof extensions\Users\åse[ÅSE-PC ]\
[23:45:19] - [7] MIRKO.POZEN: Répertoire en Cours: D:\kerberos.htx\exe\DarkComet\skins\Spoof extensions\Users\
[23:45:20] - [7] MIRKO.POZEN: Répertoire en Cours: D:\kerberos.htx\exe\DarkComet\skins\Spoof extensions\Users\sander[SANDER-PC ]\
[23:45:20] - [7] MIRKO.POZEN: Répertoire en Cours: D:\kerberos.htx\exe\DarkComet\skins\Spoof extensions\Users\
[23:45:20] - [7] MIRKO.POZEN: Répertoire en Cours: D:\kerberos.htx\exe\DarkComet\skins\Spoof extensions\Users\robbey[PC_VAN_PARADIGI ]\
[23:45:20] - [7] MIRKO.POZEN: Répertoire en Cours: D:\kerberos.htx\exe\DarkComet\skins\Spoof extensions\Users\
[23:45:20] - [7] MIRKO.POZEN: Répertoire en Cours: D:\kerberos.htx\exe\DarkComet\skins\Spoof extensions\Users\Martijn[MARTIJNLAPPY ]\
[23:45:20] - [7] MIRKO.POZEN: Répertoire en Cours: D:\kerberos.htx\exe\DarkComet\skins\Spoof extensions\Users\
[23:45:20] - [7] MIRKO.POZEN: Répertoire en Cours: D:\kerberos.htx\exe\DarkComet\skins\Spoof extensions\Users\Jessy[SERENA-HP ]\
[23:45:21] - [7] MIRKO.POZEN: Répertoire en Cours: D:\kerberos.htx\exe\DarkComet\
[23:45:21] - [7] MIRKO.POZEN: Répertoire en Cours: D:\kerberos.htx\exe\DarkComet\Notes\
[23:45:21] - [7] MIRKO.POZEN: Répertoire en Cours: D:\kerberos.htx\exe\DarkComet\Notes\INI\
[23:45:21] - [7] MIRKO.POZEN: Répertoire en Cours: D:\kerberos.htx\exe\DarkComet\
[23:45:21] - [7] MIRKO.POZEN: Répertoire en Cours: D:\kerberos.htx\exe\DarkComet\INI\
[23:45:21] - [7] MIRKO.POZEN: Répertoire en Cours: D:\kerberos.htx\exe\DarkComet\
[23:45:21] - [7] MIRKO.POZEN: Répertoire en Cours: D:\kerberos.htx\exe\DarkComet\Goodies\
[23:45:22] - [7] MIRKO.POZEN: Répertoire en Cours: D:\kerberos.htx\exe\DarkComet\Goodies\Icons\
[23:45:22] - [7] MIRKO.POZEN: Répertoire en Cours: D:\kerberos.htx\exe\DarkComet\
[23:45:22] - [7] MIRKO.POZEN: Répertoire en Cours: D:\kerberos.htx\exe\DarkComet\Celesty Binder\
[23:45:22] - [7] MIRKO.POZEN: Répertoire en Cours: D:\kerberos.htx\exe\DarkComet\Celesty Binder\Lang\
[23:45:23] - [7] MIRKO.POZEN: Répertoire en Cours: D:\kerberos.htx\exe\DarkComet\Celesty Binder\
[23:45:23] - [7] MIRKO.POZEN: Répertoire en Cours: D:\kerberos.htx\exe\DarkComet\Celesty Binder\Celesty Binder\
[23:45:23] - [7] MIRKO.POZEN: Répertoire en Cours: D:\kerberos.htx\exe\DarkComet\Celesty Binder\Celesty Binder\Lang\
[23:45:23] - [8] Connecté à 192.168.0.1. Collecte du Nom d'utilisateur.
[23:45:23] - [9] Connecté à 192.168.0.1. Collecte du Nom d'utilisateur.
[23:45:23] - [8] Usager MIRKO.POZEN Connecté IP: 192.168.0.1
[23:45:23] - [8] MIRKO.POZEN: Répertoire en Cours: D:\kerberos.htx\
[23:45:24] - [9] Usager MIRKO.POZEN Connecté IP: 192.168.0.1
[23:45:24] - [9] MIRKO.POZEN: Répertoire en Cours: D:\kerberos.htx\
[23:45:24] - [8] MIRKO.POZEN: Répertoire en Cours: D:\kerberos.htx\exe\DarkComet\
[23:45:24] - [9] MIRKO.POZEN: Répertoire en Cours: D:\kerberos.htx\exe\DarkComet\
[23:45:24] - [8] MIRKO.POZEN: Début du Téléchargement de: D:\kerberos.htx\exe\DarkComet\3xhumed-Mega-Games-Pack-37-Brigade-High-Caliber-7-62-1.ico
[23:45:24] - [9] MIRKO.POZEN: Début du Téléchargement de: D:\kerberos.htx\exe\DarkComet\comet.db
[23:45:24] - [8] MIRKO.POZEN: Fichier envoyé: D:\kerberos.htx\exe\DarkComet\3xhumed-Mega-Games-Pack-37-Brigade-High-Caliber-7-62-1.ico (272,75 K/S -   279 291 bytes)
[23:45:25] - [8] MIRKO.POZEN: Début du Téléchargement de: D:\kerberos.htx\exe\DarkComet\config.ini
[23:45:25] - [8] MIRKO.POZEN: Fichier envoyé: D:\kerberos.htx\exe\DarkComet\config.ini (39,84 K/S -   40 793 bytes)
[23:45:25] - [8] MIRKO.POZEN: Début du Téléchargement de: D:\kerberos.htx\exe\DarkComet\DCRemoverV1_setup.exe
[23:45:27] - [8] MIRKO.POZEN: Fichier envoyé: D:\kerberos.htx\exe\DarkComet\DCRemoverV1_setup.exe (435,12 K/S -   891 116 bytes)
[23:45:27] - [9] MIRKO.POZEN: Fichier envoyé: D:\kerberos.htx\exe\DarkComet\comet.db (516,50 K/S -  2 115 584 bytes)
[23:45:27] - [9] MIRKO.POZEN: Début du Téléchargement de: D:\kerberos.htx\exe\DarkComet\GeoIP.dat
[23:45:28] - [8] MIRKO.POZEN: Début du Téléchargement de: D:\kerberos.htx\exe\DarkComet\readme_help.txt
[23:45:28] - [8] MIRKO.POZEN: Fichier envoyé: D:\kerberos.htx\exe\DarkComet\readme_help.txt (2,48 K/S -   2 542 bytes)
[23:45:28] - [8] MIRKO.POZEN: Début du Téléchargement de: D:\kerberos.htx\exe\DarkComet\sqlite3.dll
[23:45:28] - [7] MIRKO.POZEN: Répertoire en Cours: D:\kerberos.htx\exe\hddentinel\
[23:45:28] - [7] MIRKO.POZEN: Répertoire en Cours: D:\kerberos.htx\exe\hddentinel\crack\
[23:45:29] - [8] MIRKO.POZEN: Fichier envoyé: D:\kerberos.htx\exe\DarkComet\sqlite3.dll (510,50 K/S -   522 752 bytes)
[23:45:29] - [8] MIRKO.POZEN: Répertoire en Cours: D:\kerberos.htx\exe\DarkComet\skins\
[23:45:29] - [8] MIRKO.POZEN: Début du Téléchargement de: D:\kerberos.htx\exe\DarkComet\skins\ClearLooks-BLUE.skn
[23:45:29] - [8] MIRKO.POZEN: Fichier envoyé: D:\kerberos.htx\exe\DarkComet\skins\ClearLooks-BLUE.skn (32,34 K/S -   33 115 bytes)
[23:45:29] - [9] MIRKO.POZEN: Fichier envoyé: D:\kerberos.htx\exe\DarkComet\GeoIP.dat (585,26 K/S -  1 198 612 bytes)
[23:45:29] - [9] MIRKO.POZEN: Répertoire en Cours: D:\kerberos.htx\exe\DarkComet\skins\
[23:45:29] - [9] MIRKO.POZEN: Début du Téléchargement de: D:\kerberos.htx\exe\DarkComet\skins\ClearLooks-HUMAN.skn
[23:45:30] - [9] MIRKO.POZEN: Fichier envoyé: D:\kerberos.htx\exe\DarkComet\skins\ClearLooks-HUMAN.skn (22,74 K/S -   23 289 bytes)
[23:45:30] - [8] MIRKO.POZEN: Début du Téléchargement de: D:\kerberos.htx\exe\DarkComet\skins\corona-CORONA.skn
[23:45:30] - [8] MIRKO.POZEN: Fichier envoyé: D:\kerberos.htx\exe\DarkComet\skins\corona-CORONA.skn (38,70 K/S -   39 631 bytes)
[23:45:30] - [9] MIRKO.POZEN: Début du Téléchargement de: D:\kerberos.htx\exe\DarkComet\skins\corona-CORONA12.skn
[23:45:30] - [9] MIRKO.POZEN: Fichier envoyé: D:\kerberos.htx\exe\DarkComet\skins\corona-CORONA12.skn (44,04 K/S -   45 093 bytes)
[23:45:30] - [8] MIRKO.POZEN: Début du Téléchargement de: D:\kerberos.htx\exe\DarkComet\skins\Crystal Clear-CRCL1S.skn
[23:45:30] - [8] MIRKO.POZEN: Fichier envoyé: D:\kerberos.htx\exe\DarkComet\skins\Crystal Clear-CRCL1S.skn (37,58 K/S -   38 477 bytes)
[23:45:30] - [9] MIRKO.POZEN: Début du Téléchargement de: D:\kerberos.htx\exe\DarkComet\skins\DarkComet.skn
[23:45:30] - [9] MIRKO.POZEN: Fichier envoyé: D:\kerberos.htx\exe\DarkComet\skins\DarkComet.skn (24,02 K/S -   24 593 bytes)
[23:45:30] - [8] MIRKO.POZEN: Début du Téléchargement de: D:\kerberos.htx\exe\DarkComet\skins\Extensis-COPPER.skn
[23:45:30] - [8] MIRKO.POZEN: Fichier envoyé: D:\kerberos.htx\exe\DarkComet\skins\Extensis-COPPER.skn (17,64 K/S -   18 059 bytes)
[23:45:30] - [9] MIRKO.POZEN: Début du Téléchargement de: D:\kerberos.htx\exe\DarkComet\skins\Extensis-EXTENSIS.skn
[23:45:30] - [9] MIRKO.POZEN: Fichier envoyé: D:\kerberos.htx\exe\DarkComet\skins\Extensis-EXTENSIS.skn (14,69 K/S -   15 044 bytes)
[23:45:30] - [8] MIRKO.POZEN: Début du Téléchargement de: D:\kerberos.htx\exe\DarkComet\skins\GNOME-Blue.skn
[23:45:30] - [8] MIRKO.POZEN: Fichier envoyé: D:\kerberos.htx\exe\DarkComet\skins\GNOME-Blue.skn (16,88 K/S -   17 287 bytes)
[23:45:30] - [9] MIRKO.POZEN: Début du Téléchargement de: D:\kerberos.htx\exe\DarkComet\skins\GNOME-Gray.skn
[23:45:30] - [9] MIRKO.POZEN: Fichier envoyé: D:\kerberos.htx\exe\DarkComet\skins\GNOME-Gray.skn (16,87 K/S -   17 270 bytes)
[23:45:31] - [8] MIRKO.POZEN: Début du Téléchargement de: D:\kerberos.htx\exe\DarkComet\skins\GNOME-Green.skn
[23:45:31] - [8] MIRKO.POZEN: Fichier envoyé: D:\kerberos.htx\exe\DarkComet\skins\GNOME-Green.skn (17,31 K/S -   17 722 bytes)
[23:45:31] - [9] MIRKO.POZEN: Début du Téléchargement de: D:\kerberos.htx\exe\DarkComet\skins\GUIRelax-CINDER.skn
[23:45:31] - [9] MIRKO.POZEN: Fichier envoyé: D:\kerberos.htx\exe\DarkComet\skins\GUIRelax-CINDER.skn (23,46 K/S -   24 023 bytes)
[23:45:31] - [8] MIRKO.POZEN: Début du Téléchargement de: D:\kerberos.htx\exe\DarkComet\skins\GUIRelax-SKYMAN.skn
[23:45:31] - [8] MIRKO.POZEN: Fichier envoyé: D:\kerberos.htx\exe\DarkComet\skins\GUIRelax-SKYMAN.skn (23,48 K/S -   24 040 bytes)
[23:45:31] - [9] MIRKO.POZEN: Début du Téléchargement de: D:\kerberos.htx\exe\DarkComet\skins\GUIRelax-SUBTLE.skn
[23:45:31] - [9] MIRKO.POZEN: Fichier envoyé: D:\kerberos.htx\exe\DarkComet\skins\GUIRelax-SUBTLE.skn (25,08 K/S -   25 680 bytes)
[23:45:31] - [8] MIRKO.POZEN: Début du Téléchargement de: D:\kerberos.htx\exe\DarkComet\skins\iTunes.skn
[23:45:31] - [8] MIRKO.POZEN: Fichier envoyé: D:\kerberos.htx\exe\DarkComet\skins\iTunes.skn (48,16 K/S -   49 319 bytes)
[23:45:31] - [9] MIRKO.POZEN: Début du Téléchargement de: D:\kerberos.htx\exe\DarkComet\skins\LE4-BLACKC.skn
[23:45:31] - [9] MIRKO.POZEN: Fichier envoyé: D:\kerberos.htx\exe\DarkComet\skins\LE4-BLACKC.skn (39,37 K/S -   40 315 bytes)
[23:45:31] - [8] MIRKO.POZEN: Début du Téléchargement de: D:\kerberos.htx\exe\DarkComet\skins\LE4-DEFAULT.skn
[23:45:31] - [8] MIRKO.POZEN: Fichier envoyé: D:\kerberos.htx\exe\DarkComet\skins\LE4-DEFAULT.skn (38,21 K/S -   39 122 bytes)
[23:45:31] - [9] MIRKO.POZEN: Début du Téléchargement de: D:\kerberos.htx\exe\DarkComet\skins\Longhorn DWM-DWM.skn
[23:45:31] - [9] MIRKO.POZEN: Fichier envoyé: D:\kerberos.htx\exe\DarkComet\skins\Longhorn DWM-DWM.skn (27,17 K/S -   27 825 bytes)
[23:45:32] - [8] MIRKO.POZEN: Début du Téléchargement de: D:\kerberos.htx\exe\DarkComet\skins\Longhorn Slate-Plex-SLATE.skn
[23:45:32] - [8] MIRKO.POZEN: Fichier envoyé: D:\kerberos.htx\exe\DarkComet\skins\Longhorn Slate-Plex-SLATE.skn (65,96 K/S -   67 545 bytes)
[23:45:32] - [9] MIRKO.POZEN: Début du Téléchargement de: D:\kerberos.htx\exe\DarkComet\skins\Longhorn Style-BLUE.skn
[23:45:32] - [9] MIRKO.POZEN: Fichier envoyé: D:\kerberos.htx\exe\DarkComet\skins\Longhorn Style-BLUE.skn (36,58 K/S -   37 454 bytes)
[23:45:32] - [8] MIRKO.POZEN: Début du Téléchargement de: D:\kerberos.htx\exe\DarkComet\skins\Luna (Longhorn Revolution)-BLUE.skn
[23:45:32] - [8] MIRKO.POZEN: Fichier envoyé: D:\kerberos.htx\exe\DarkComet\skins\Luna (Longhorn Revolution)-BLUE.skn (59,01 K/S -   60 429 bytes)
[23:45:32] - [9] MIRKO.POZEN: Début du Téléchargement de: D:\kerberos.htx\exe\DarkComet\skins\Luna (Longhorn Revolution)-HOMESTEAD.skn
[23:45:32] - [9] MIRKO.POZEN: Fichier envoyé: D:\kerberos.htx\exe\DarkComet\skins\Luna (Longhorn Revolution)-HOMESTEAD.skn (48,26 K/S -   49 414 bytes)
[23:45:32] - [8] MIRKO.POZEN: Début du Téléchargement de: D:\kerberos.htx\exe\DarkComet\skins\Luna (Longhorn Revolution)-METALLIC.skn
[23:45:32] - [8] MIRKO.POZEN: Fichier envoyé: D:\kerberos.htx\exe\DarkComet\skins\Luna (Longhorn Revolution)-METALLIC.skn (42,16 K/S -   43 174 bytes)
[23:45:32] - [9] MIRKO.POZEN: Début du Téléchargement de: D:\kerberos.htx\exe\DarkComet\skins\Luna (Longhorn Revolution)-NEON.skn
[23:45:32] - [9] MIRKO.POZEN: Fichier envoyé: D:\kerberos.htx\exe\DarkComet\skins\Luna (Longhorn Revolution)-NEON.skn (59,69 K/S -   61 120 bytes)
[23:45:32] - [8] MIRKO.POZEN: Début du Téléchargement de: D:\kerberos.htx\exe\DarkComet\skins\luna-BLUE.skn
[23:45:32] - [8] MIRKO.POZEN: Fichier envoyé: D:\kerberos.htx\exe\DarkComet\skins\luna-BLUE.skn (55,50 K/S -   56 830 bytes)
[23:45:32] - [9] MIRKO.POZEN: Début du Téléchargement de: D:\kerberos.htx\exe\DarkComet\skins\luna-HOMESTEAD.skn
[23:45:33] - [9] MIRKO.POZEN: Fichier envoyé: D:\kerberos.htx\exe\DarkComet\skins\luna-HOMESTEAD.skn (42,90 K/S -   43 925 bytes)
[23:45:33] - [8] MIRKO.POZEN: Début du Téléchargement de: D:\kerberos.htx\exe\DarkComet\skins\luna-METALLIC.skn
[23:45:33] - [8] MIRKO.POZEN: Fichier envoyé: D:\kerberos.htx\exe\DarkComet\skins\luna-METALLIC.skn (28,60 K/S -   29 288 bytes)
[23:45:33] - [9] MIRKO.POZEN: Début du Téléchargement de: D:\kerberos.htx\exe\DarkComet\skins\macos.skn
[23:45:33] - [9] MIRKO.POZEN: Fichier envoyé: D:\kerberos.htx\exe\DarkComet\skins\macos.skn (56,34 K/S -   57 695 bytes)
[23:45:33] - [8] MIRKO.POZEN: Début du Téléchargement de: D:\kerberos.htx\exe\DarkComet\skins\MediaC-MEDIA1024.skn
[23:45:33] - [8] MIRKO.POZEN: Fichier envoyé: D:\kerberos.htx\exe\DarkComet\skins\MediaC-MEDIA1024.skn (44,58 K/S -   45 646 bytes)
[23:45:33] - [9] MIRKO.POZEN: Début du Téléchargement de: D:\kerberos.htx\exe\DarkComet\skins\Mollis-BLUE.skn
[23:45:33] - [9] MIRKO.POZEN: Fichier envoyé: D:\kerberos.htx\exe\DarkComet\skins\Mollis-BLUE.skn (31,53 K/S -   32 285 bytes)
[23:45:33] - [8] MIRKO.POZEN: Début du Téléchargement de: D:\kerberos.htx\exe\DarkComet\skins\MSN.skn
[23:45:33] - [8] MIRKO.POZEN: Fichier envoyé: D:\kerberos.htx\exe\DarkComet\skins\MSN.skn (44,75 K/S -   45 828 bytes)
[23:45:33] - [9] MIRKO.POZEN: Début du Téléchargement de: D:\kerberos.htx\exe\DarkComet\skins\mxp05.skn
[23:45:33] - [9] MIRKO.POZEN: Fichier envoyé: D:\kerberos.htx\exe\DarkComet\skins\mxp05.skn (56,11 K/S -   57 461 bytes)
[23:45:33] - [8] MIRKO.POZEN: Début du Téléchargement de: D:\kerberos.htx\exe\DarkComet\skins\mxp1.skn
[23:45:33] - [8] MIRKO.POZEN: Fichier envoyé: D:\kerberos.htx\exe\DarkComet\skins\mxp1.skn (53,66 K/S -   54 951 bytes)
[23:45:34] - [9] MIRKO.POZEN: Début du Téléchargement de: D:\kerberos.htx\exe\DarkComet\skins\mxp2.skn
[23:45:34] - [9] MIRKO.POZEN: Fichier envoyé: D:\kerberos.htx\exe\DarkComet\skins\mxp2.skn (33,11 K/S -   33 907 bytes)
[23:45:34] - [8] MIRKO.POZEN: Début du Téléchargement de: D:\kerberos.htx\exe\DarkComet\skins\mxp3.skn
[23:45:34] - [8] MIRKO.POZEN: Fichier envoyé: D:\kerberos.htx\exe\DarkComet\skins\mxp3.skn (53,13 K/S -   54 407 bytes)
[23:45:34] - [9] MIRKO.POZEN: Début du Téléchargement de: D:\kerberos.htx\exe\DarkComet\skins\mxskin03.skn
[23:45:34] - [9] MIRKO.POZEN: Fichier envoyé: D:\kerberos.htx\exe\DarkComet\skins\mxskin03.skn (39,54 K/S -   40 486 bytes)
[23:45:34] - [8] MIRKO.POZEN: Début du Téléchargement de: D:\kerberos.htx\exe\DarkComet\skins\mxskin10.skn
[23:45:34] - [8] MIRKO.POZEN: Fichier envoyé: D:\kerberos.htx\exe\DarkComet\skins\mxskin10.skn (9,20 K/S -   9 420 bytes)
[23:45:34] - [9] MIRKO.POZEN: Début du Téléchargement de: D:\kerberos.htx\exe\DarkComet\skins\mxskin11.skn
[23:45:34] - [9] MIRKO.POZEN: Fichier envoyé: D:\kerberos.htx\exe\DarkComet\skins\mxskin11.skn (57,13 K/S -   58 505 bytes)
[23:45:34] - [8] MIRKO.POZEN: Début du Téléchargement de: D:\kerberos.htx\exe\DarkComet\skins\mxskin13.skn
[23:45:34] - [8] MIRKO.POZEN: Fichier envoyé: D:\kerberos.htx\exe\DarkComet\skins\mxskin13.skn (53,71 K/S -   54 999 bytes)
[23:45:34] - [9] MIRKO.POZEN: Début du Téléchargement de: D:\kerberos.htx\exe\DarkComet\skins\mxskin14.skn
[23:45:34] - [9] MIRKO.POZEN: Fichier envoyé: D:\kerberos.htx\exe\DarkComet\skins\mxskin14.skn (31,26 K/S -   32 013 bytes)
[23:45:34] - [8] MIRKO.POZEN: Début du Téléchargement de: D:\kerberos.htx\exe\DarkComet\skins\mxskin15.skn
[23:45:34] - [8] MIRKO.POZEN: Fichier envoyé: D:\kerberos.htx\exe\DarkComet\skins\mxskin15.skn (36,44 K/S -   37 319 bytes)
[23:45:35] - [9] MIRKO.POZEN: Début du Téléchargement de: D:\kerberos.htx\exe\DarkComet\skins\mxskin16.skn
[23:45:35] - [9] MIRKO.POZEN: Fichier envoyé: D:\kerberos.htx\exe\DarkComet\skins\mxskin16.skn (52,93 K/S -   54 204 bytes)
[23:45:35] - [8] MIRKO.POZEN: Début du Téléchargement de: D:\kerberos.htx\exe\DarkComet\skins\mxskin17.skn
[23:45:35] - [8] MIRKO.POZEN: Fichier envoyé: D:\kerberos.htx\exe\DarkComet\skins\mxskin17.skn (42,14 K/S -   43 151 bytes)
[23:45:35] - [9] MIRKO.POZEN: Début du Téléchargement de: D:\kerberos.htx\exe\DarkComet\skins\mxskin18.skn
[23:45:35] - [9] MIRKO.POZEN: Fichier envoyé: D:\kerberos.htx\exe\DarkComet\skins\mxskin18.skn (90,86 K/S -   93 036 bytes)
[23:45:35] - [8] MIRKO.POZEN: Début du Téléchargement de: D:\kerberos.htx\exe\DarkComet\skins\mxskin19.skn
[23:45:35] - [8] MIRKO.POZEN: Fichier envoyé: D:\kerberos.htx\exe\DarkComet\skins\mxskin19.skn (68,39 K/S -   70 033 bytes)
[23:45:35] - [9] MIRKO.POZEN: Début du Téléchargement de: D:\kerberos.htx\exe\DarkComet\skins\mxskin2.skn
[23:45:35] - [9] MIRKO.POZEN: Fichier envoyé: D:\kerberos.htx\exe\DarkComet\skins\mxskin2.skn (39,50 K/S -   40 453 bytes)
[23:45:35] - [8] MIRKO.POZEN: Début du Téléchargement de: D:\kerberos.htx\exe\DarkComet\skins\mxskin20.skn
[23:45:35] - [8] MIRKO.POZEN: Fichier envoyé: D:\kerberos.htx\exe\DarkComet\skins\mxskin20.skn (71,03 K/S -   72 738 bytes)
[23:45:35] - [9] MIRKO.POZEN: Début du Téléchargement de: D:\kerberos.htx\exe\DarkComet\skins\mxskin21.skn
[23:45:35] - [9] MIRKO.POZEN: Fichier envoyé: D:\kerberos.htx\exe\DarkComet\skins\mxskin21.skn (50,55 K/S -   51 768 bytes)
[23:45:36] - [8] MIRKO.POZEN: Début du Téléchargement de: D:\kerberos.htx\exe\DarkComet\skins\mxskin22.skn
[23:45:36] - [8] MIRKO.POZEN: Fichier envoyé: D:\kerberos.htx\exe\DarkComet\skins\mxskin22.skn (35,85 K/S -   36 708 bytes)
[23:45:36] - [9] MIRKO.POZEN: Début du Téléchargement de: D:\kerberos.htx\exe\DarkComet\skins\mxskin23.skn
[23:45:36] - [9] MIRKO.POZEN: Fichier envoyé: D:\kerberos.htx\exe\DarkComet\skins\mxskin23.skn (56,02 K/S -   57 360 bytes)
[23:45:36] - [8] MIRKO.POZEN: Début du Téléchargement de: D:\kerberos.htx\exe\DarkComet\skins\mxskin24.skn
[23:45:36] - [8] MIRKO.POZEN: Fichier envoyé: D:\kerberos.htx\exe\DarkComet\skins\mxskin24.skn (52,65 K/S -   53 916 bytes)
[23:45:36] - [9] MIRKO.POZEN: Début du Téléchargement de: D:\kerberos.htx\exe\DarkComet\skins\mxskin25.skn
[23:45:36] - [9] MIRKO.POZEN: Fichier envoyé: D:\kerberos.htx\exe\DarkComet\skins\mxskin25.skn (50,07 K/S -   51 269 bytes)
[23:45:36] - [8] MIRKO.POZEN: Début du Téléchargement de: D:\kerberos.htx\exe\DarkComet\skins\mxskin26.skn
[23:45:36] - [8] MIRKO.POZEN: Fichier envoyé: D:\kerberos.htx\exe\DarkComet\skins\mxskin26.skn (27,04 K/S -   27 691 bytes)
[23:45:36] - [9] MIRKO.POZEN: Début du Téléchargement de: D:\kerberos.htx\exe\DarkComet\skins\mxskin27.skn
[23:45:36] - [9] MIRKO.POZEN: Fichier envoyé: D:\kerberos.htx\exe\DarkComet\skins\mxskin27.skn (38,80 K/S -   39 736 bytes)
[23:45:36] - [8] MIRKO.POZEN: Début du Téléchargement de: D:\kerberos.htx\exe\DarkComet\skins\mxskin28.skn
[23:45:36] - [8] MIRKO.POZEN: Fichier envoyé: D:\kerberos.htx\exe\DarkComet\skins\mxskin28.skn (57,64 K/S -   59 028 bytes)
[23:45:37] - [9] MIRKO.POZEN: Début du Téléchargement de: D:\kerberos.htx\exe\DarkComet\skins\mxskin29.skn
[23:45:37] - [9] MIRKO.POZEN: Fichier envoyé: D:\kerberos.htx\exe\DarkComet\skins\mxskin29.skn (65,85 K/S -   67 435 bytes)
[23:45:37] - [8] MIRKO.POZEN: Début du Téléchargement de: D:\kerberos.htx\exe\DarkComet\skins\mxskin30.skn
[23:45:37] - [8] MIRKO.POZEN: Fichier envoyé: D:\kerberos.htx\exe\DarkComet\skins\mxskin30.skn (34,25 K/S -   35 073 bytes)
[23:45:37] - [9] MIRKO.POZEN: Début du Téléchargement de: D:\kerberos.htx\exe\DarkComet\skins\mxskin31.skn
[23:45:37] - [9] MIRKO.POZEN: Fichier envoyé: D:\kerberos.htx\exe\DarkComet\skins\mxskin31.skn (36,07 K/S -   36 932 bytes)
[23:45:37] - [8] MIRKO.POZEN: Début du Téléchargement de: D:\kerberos.htx\exe\DarkComet\skins\mxskin32.skn
[23:45:37] - [8] MIRKO.POZEN: Fichier envoyé: D:\kerberos.htx\exe\DarkComet\skins\mxskin32.skn (44,50 K/S -   45 570 bytes)
[23:45:37] - [9] MIRKO.POZEN: Début du Téléchargement de: D:\kerberos.htx\exe\DarkComet\skins\mxskin33.skn
[23:45:37] - [9] MIRKO.POZEN: Fichier envoyé: D:\kerberos.htx\exe\DarkComet\skins\mxskin33.skn (33,27 K/S -   34 069 bytes)
[23:45:37] - [8] MIRKO.POZEN: Début du Téléchargement de: D:\kerberos.htx\exe\DarkComet\skins\mxskin35.skn
[23:45:37] - [8] MIRKO.POZEN: Fichier envoyé: D:\kerberos.htx\exe\DarkComet\skins\mxskin35.skn (14,62 K/S -   14 970 bytes)
[23:45:37] - [9] MIRKO.POZEN: Début du Téléchargement de: D:\kerberos.htx\exe\DarkComet\skins\mxskin36.skn
[23:45:37] - [9] MIRKO.POZEN: Fichier envoyé: D:\kerberos.htx\exe\DarkComet\skins\mxskin36.skn (80,88 K/S -   82 817 bytes)
[23:45:37] - [8] MIRKO.POZEN: Début du Téléchargement de: D:\kerberos.htx\exe\DarkComet\skins\mxskin37.skn
[23:45:37] - [8] MIRKO.POZEN: Fichier envoyé: D:\kerberos.htx\exe\DarkComet\skins\mxskin37.skn (33,38 K/S -   34 182 bytes)
[23:45:38] - [9] MIRKO.POZEN: Début du Téléchargement de: D:\kerberos.htx\exe\DarkComet\skins\mxskin38.skn
[23:45:38] - [9] MIRKO.POZEN: Fichier envoyé: D:\kerberos.htx\exe\DarkComet\skins\mxskin38.skn (51,80 K/S -   53 046 bytes)
[23:45:38] - [8] MIRKO.POZEN: Début du Téléchargement de: D:\kerberos.htx\exe\DarkComet\skins\mxskin39.skn
[23:45:38] - [8] MIRKO.POZEN: Fichier envoyé: D:\kerberos.htx\exe\DarkComet\skins\mxskin39.skn (51,39 K/S -   52 628 bytes)
[23:45:38] - [9] MIRKO.POZEN: Début du Téléchargement de: D:\kerberos.htx\exe\DarkComet\skins\mxskin41.skn
[23:45:38] - [9] MIRKO.POZEN: Fichier envoyé: D:\kerberos.htx\exe\DarkComet\skins\mxskin41.skn (41,02 K/S -   42 006 bytes)
[23:45:38] - [8] MIRKO.POZEN: Début du Téléchargement de: D:\kerberos.htx\exe\DarkComet\skins\mxskin42.skn
[23:45:38] - [8] MIRKO.POZEN: Fichier envoyé: D:\kerberos.htx\exe\DarkComet\skins\mxskin42.skn (44,41 K/S -   45 472 bytes)
[23:45:38] - [9] MIRKO.POZEN: Début du Téléchargement de: D:\kerberos.htx\exe\DarkComet\skins\mxskin43.skn
[23:45:38] - [9] MIRKO.POZEN: Fichier envoyé: D:\kerberos.htx\exe\DarkComet\skins\mxskin43.skn (38,90 K/S -   39 836 bytes)
[23:45:38] - [8] MIRKO.POZEN: Début du Téléchargement de: D:\kerberos.htx\exe\DarkComet\skins\mxskin44.skn
[23:45:38] - [8] MIRKO.POZEN: Fichier envoyé: D:\kerberos.htx\exe\DarkComet\skins\mxskin44.skn (64,15 K/S -   65 688 bytes)
[23:45:38] - [9] MIRKO.POZEN: Début du Téléchargement de: D:\kerberos.htx\exe\DarkComet\skins\mxskin45.skn
[23:45:38] - [9] MIRKO.POZEN: Fichier envoyé: D:\kerberos.htx\exe\DarkComet\skins\mxskin45.skn (45,31 K/S -   46 395 bytes)
[23:45:38] - [8] MIRKO.POZEN: Début du Téléchargement de: D:\kerberos.htx\exe\DarkComet\skins\mxskin46.skn
[23:45:39] - [8] MIRKO.POZEN: Fichier envoyé: D:\kerberos.htx\exe\DarkComet\skins\mxskin46.skn (44,82 K/S -   45 895 bytes)
[23:45:39] - [9] MIRKO.POZEN: Début du Téléchargement de: D:\kerberos.htx\exe\DarkComet\skins\mxskin47.skn
[23:45:39] - [9] MIRKO.POZEN: Fichier envoyé: D:\kerberos.htx\exe\DarkComet\skins\mxskin47.skn (35,63 K/S -   36 481 bytes)
[23:45:39] - [8] MIRKO.POZEN: Début du Téléchargement de: D:\kerberos.htx\exe\DarkComet\skins\mxskin48.skn
[23:45:39] - [8] MIRKO.POZEN: Fichier envoyé: D:\kerberos.htx\exe\DarkComet\skins\mxskin48.skn (36,48 K/S -   37 355 bytes)
[23:45:39] - [9] MIRKO.POZEN: Début du Téléchargement de: D:\kerberos.htx\exe\DarkComet\skins\mxskin49.skn
[23:45:39] - [9] MIRKO.POZEN: Fichier envoyé: D:\kerberos.htx\exe\DarkComet\skins\mxskin49.skn (45,83 K/S -   46 926 bytes)
[23:45:39] - [8] MIRKO.POZEN: Début du Téléchargement de: D:\kerberos.htx\exe\DarkComet\skins\mxskin50.skn
[23:45:39] - [8] MIRKO.POZEN: Fichier envoyé: D:\kerberos.htx\exe\DarkComet\skins\mxskin50.skn (33,25 K/S -   34 044 bytes)
[23:45:39] - [9] MIRKO.POZEN: Début du Téléchargement de: D:\kerberos.htx\exe\DarkComet\skins\mxskin51.skn
[23:45:39] - [9] MIRKO.POZEN: Fichier envoyé: D:\kerberos.htx\exe\DarkComet\skins\mxskin51.skn (52,90 K/S -   54 170 bytes)
[23:45:39] - [8] MIRKO.POZEN: Début du Téléchargement de: D:\kerberos.htx\exe\DarkComet\skins\mxskin53.skn
[23:45:39] - [8] MIRKO.POZEN: Fichier envoyé: D:\kerberos.htx\exe\DarkComet\skins\mxskin53.skn (49,27 K/S -   50 448 bytes)
[23:45:39] - [9] MIRKO.POZEN: Début du Téléchargement de: D:\kerberos.htx\exe\DarkComet\skins\mxskin54.skn
[23:45:39] - [9] MIRKO.POZEN: Fichier envoyé: D:\kerberos.htx\exe\DarkComet\skins\mxskin54.skn (40,37 K/S -   41 337 bytes)
[23:45:39] - [8] MIRKO.POZEN: Début du Téléchargement de: D:\kerberos.htx\exe\DarkComet\skins\mxskin55.skn
[23:45:40] - [8] MIRKO.POZEN: Fichier envoyé: D:\kerberos.htx\exe\DarkComet\skins\mxskin55.skn (44,00 K/S -   45 053 bytes)
[23:45:40] - [9] MIRKO.POZEN: Début du Téléchargement de: D:\kerberos.htx\exe\DarkComet\skins\mxskin56.skn
[23:45:40] - [9] MIRKO.POZEN: Fichier envoyé: D:\kerberos.htx\exe\DarkComet\skins\mxskin56.skn (59,37 K/S -   60 791 bytes)
[23:45:40] - [8] MIRKO.POZEN: Début du Téléchargement de: D:\kerberos.htx\exe\DarkComet\skins\mxskin57.skn
[23:45:40] - [8] MIRKO.POZEN: Fichier envoyé: D:\kerberos.htx\exe\DarkComet\skins\mxskin57.skn (39,62 K/S -   40 566 bytes)
[23:45:40] - [9] MIRKO.POZEN: Début du Téléchargement de: D:\kerberos.htx\exe\DarkComet\skins\mxskin58.skn
[23:45:40] - [9] MIRKO.POZEN: Fichier envoyé: D:\kerberos.htx\exe\DarkComet\skins\mxskin58.skn (39,96 K/S -   40 917 bytes)
[23:45:40] - [8] MIRKO.POZEN: Début du Téléchargement de: D:\kerberos.htx\exe\DarkComet\skins\mxskin59.skn
[23:45:40] - [8] MIRKO.POZEN: Fichier envoyé: D:\kerberos.htx\exe\DarkComet\skins\mxskin59.skn (34,05 K/S -   34 863 bytes)
[23:45:40] - [9] MIRKO.POZEN: Début du Téléchargement de: D:\kerberos.htx\exe\DarkComet\skins\mxskin61.skn
[23:45:40] - [9] MIRKO.POZEN: Fichier envoyé: D:\kerberos.htx\exe\DarkComet\skins\mxskin61.skn (23,34 K/S -   23 897 bytes)
[23:45:40] - [8] MIRKO.POZEN: Début du Téléchargement de: D:\kerberos.htx\exe\DarkComet\skins\mxskin63.skn
[23:45:40] - [8] MIRKO.POZEN: Fichier envoyé: D:\kerberos.htx\exe\DarkComet\skins\mxskin63.skn (59,60 K/S -   61 026 bytes)
[23:45:40] - [9] MIRKO.POZEN: Début du Téléchargement de: D:\kerberos.htx\exe\DarkComet\skins\mxskin64.skn
[23:45:40] - [9] MIRKO.POZEN: Fichier envoyé: D:\kerberos.htx\exe\DarkComet\skins\mxskin64.skn (47,30 K/S -   48 433 bytes)
[23:45:41] - [8] MIRKO.POZEN: Début du Téléchargement de: D:\kerberos.htx\exe\DarkComet\skins\mxskin65.skn
[23:45:41] - [8] MIRKO.POZEN: Fichier envoyé: D:\kerberos.htx\exe\DarkComet\skins\mxskin65.skn (50,42 K/S -   51 630 bytes)
[23:45:41] - [9] MIRKO.POZEN: Début du Téléchargement de: D:\kerberos.htx\exe\DarkComet\skins\mxskin66.skn
[23:45:41] - [9] MIRKO.POZEN: Fichier envoyé: D:\kerberos.htx\exe\DarkComet\skins\mxskin66.skn (48,19 K/S -   49 348 bytes)
[23:45:41] - [8] MIRKO.POZEN: Début du Téléchargement de: D:\kerberos.htx\exe\DarkComet\skins\mxskin68.skn
[23:45:41] - [8] MIRKO.POZEN: Fichier envoyé: D:\kerberos.htx\exe\DarkComet\skins\mxskin68.skn (33,34 K/S -   34 140 bytes)
[23:45:41] - [9] MIRKO.POZEN: Début du Téléchargement de: D:\kerberos.htx\exe\DarkComet\skins\mxskin71.skn
[23:45:41] - [9] MIRKO.POZEN: Fichier envoyé: D:\kerberos.htx\exe\DarkComet\skins\mxskin71.skn (16,17 K/S -   16 556 bytes)
[23:45:41] - [8] MIRKO.POZEN: Début du Téléchargement de: D:\kerberos.htx\exe\DarkComet\skins\mxskin8.skn
[23:45:41] - [8] MIRKO.POZEN: Fichier envoyé: D:\kerberos.htx\exe\DarkComet\skins\mxskin8.skn (45,36 K/S -   46 448 bytes)
[23:45:41] - [9] MIRKO.POZEN: Début du Téléchargement de: D:\kerberos.htx\exe\DarkComet\skins\mxskin9.skn
[23:45:41] - [9] MIRKO.POZEN: Fichier envoyé: D:\kerberos.htx\exe\DarkComet\skins\mxskin9.skn (14,14 K/S -   14 480 bytes)
[23:45:41] - [8] MIRKO.POZEN: Début du Téléchargement de: D:\kerberos.htx\exe\DarkComet\skins\Office 2007.skn
[23:45:41] - [8] MIRKO.POZEN: Fichier envoyé: D:\kerberos.htx\exe\DarkComet\skins\Office 2007.skn (33,27 K/S -   34 071 bytes)
[23:45:41] - [9] MIRKO.POZEN: Début du Téléchargement de: D:\kerberos.htx\exe\DarkComet\skins\office2003.skn
[23:45:41] - [9] MIRKO.POZEN: Fichier envoyé: D:\kerberos.htx\exe\DarkComet\skins\office2003.skn (36,54 K/S -   37 416 bytes)
[23:45:41] - [8] MIRKO.POZEN: Début du Téléchargement de: D:\kerberos.htx\exe\DarkComet\skins\ONatural-BLUE.skn
[23:45:42] - [8] MIRKO.POZEN: Fichier envoyé: D:\kerberos.htx\exe\DarkComet\skins\ONatural-BLUE.skn (10,51 K/S -   10 760 bytes)
[23:45:42] - [9] MIRKO.POZEN: Début du Téléchargement de: D:\kerberos.htx\exe\DarkComet\skins\OpusOS-BLUEB2.skn
[23:45:42] - [9] MIRKO.POZEN: Fichier envoyé: D:\kerberos.htx\exe\DarkComet\skins\OpusOS-BLUEB2.skn (19,15 K/S -   19 606 bytes)
[23:45:42] - [8] MIRKO.POZEN: Début du Téléchargement de: D:\kerberos.htx\exe\DarkComet\skins\OpusOS-DEEP2.skn
[23:45:42] - [8] MIRKO.POZEN: Fichier envoyé: D:\kerberos.htx\exe\DarkComet\skins\OpusOS-DEEP2.skn (18,49 K/S -   18 932 bytes)
[23:45:42] - [9] MIRKO.POZEN: Début du Téléchargement de: D:\kerberos.htx\exe\DarkComet\skins\OpusOS-OLIVE.skn
[23:45:42] - [9] MIRKO.POZEN: Fichier envoyé: D:\kerberos.htx\exe\DarkComet\skins\OpusOS-OLIVE.skn (18,71 K/S -   19 164 bytes)
[23:45:42] - [8] MIRKO.POZEN: Début du Téléchargement de: D:\kerberos.htx\exe\DarkComet\skins\Plex Style-PLEX.skn
[23:45:42] - [8] MIRKO.POZEN: Fichier envoyé: D:\kerberos.htx\exe\DarkComet\skins\Plex Style-PLEX.skn (45,19 K/S -   46 275 bytes)
[23:45:42] - [9] MIRKO.POZEN: Début du Téléchargement de: D:\kerberos.htx\exe\DarkComet\skins\Plex Style-PLEXM6SVR.skn
[23:45:42] - [9] MIRKO.POZEN: Fichier envoyé: D:\kerberos.htx\exe\DarkComet\skins\Plex Style-PLEXM6SVR.skn (35,06 K/S -   35 900 bytes)
[23:45:42] - [8] MIRKO.POZEN: Début du Téléchargement de: D:\kerberos.htx\exe\DarkComet\skins\RoueGrey-SLIM.skn
[23:45:42] - [8] MIRKO.POZEN: Fichier envoyé: D:\kerberos.htx\exe\DarkComet\skins\RoueGrey-SLIM.skn (15,42 K/S -   15 788 bytes)
[23:45:42] - [9] MIRKO.POZEN: Début du Téléchargement de: D:\kerberos.htx\exe\DarkComet\skins\RoueOlive-SLIM.skn
[23:45:42] - [9] MIRKO.POZEN: Fichier envoyé: D:\kerberos.htx\exe\DarkComet\skins\RoueOlive-SLIM.skn (19,40 K/S -   19 868 bytes)
[23:45:42] - [8] MIRKO.POZEN: Début du Téléchargement de: D:\kerberos.htx\exe\DarkComet\skins\RoueSteel-SLIM.skn
[23:45:42] - [8] MIRKO.POZEN: Fichier envoyé: D:\kerberos.htx\exe\DarkComet\skins\RoueSteel-SLIM.skn (19,47 K/S -   19 936 bytes)
[23:45:43] - [9] MIRKO.POZEN: Début du Téléchargement de: D:\kerberos.htx\exe\DarkComet\skins\Royale Glass-GRAPHITE.skn
[23:45:43] - [9] MIRKO.POZEN: Fichier envoyé: D:\kerberos.htx\exe\DarkComet\skins\Royale Glass-GRAPHITE.skn (30,26 K/S -   30 985 bytes)
[23:45:43] - [8] MIRKO.POZEN: Début du Téléchargement de: D:\kerberos.htx\exe\DarkComet\skins\Royale Glass-INDIGO.skn
[23:45:43] - [8] MIRKO.POZEN: Fichier envoyé: D:\kerberos.htx\exe\DarkComet\skins\Royale Glass-INDIGO.skn (30,49 K/S -   31 224 bytes)
[23:45:43] - [9] MIRKO.POZEN: Début du Téléchargement de: D:\kerberos.htx\exe\DarkComet\skins\Royale1-BLUE.skn
[23:45:43] - [9] MIRKO.POZEN: Fichier envoyé: D:\kerberos.htx\exe\DarkComet\skins\Royale1-BLUE.skn (29,08 K/S -   29 783 bytes)
[23:45:43] - [8] MIRKO.POZEN: Début du Téléchargement de: D:\kerberos.htx\exe\DarkComet\skins\Royale1-HOMESTEAD.skn
[23:45:43] - [8] MIRKO.POZEN: Fichier envoyé: D:\kerberos.htx\exe\DarkComet\skins\Royale1-HOMESTEAD.skn (27,80 K/S -   28 470 bytes)
[23:45:43] - [9] MIRKO.POZEN: Début du Téléchargement de: D:\kerberos.htx\exe\DarkComet\skins\Royale1-METALLIC.skn
[23:45:43] - [9] MIRKO.POZEN: Fichier envoyé: D:\kerberos.htx\exe\DarkComet\skins\Royale1-METALLIC.skn (26,30 K/S -   26 935 bytes)
[23:45:43] - [8] MIRKO.POZEN: Début du Téléchargement de: D:\kerberos.htx\exe\DarkComet\skins\Samui-SAMUI.skn
[23:45:43] - [8] MIRKO.POZEN: Fichier envoyé: D:\kerberos.htx\exe\DarkComet\skins\Samui-SAMUI.skn (54,08 K/S -   55 380 bytes)
[23:45:43] - [9] MIRKO.POZEN: Début du Téléchargement de: D:\kerberos.htx\exe\DarkComet\skins\Samui-SAMUI22.skn
[23:45:43] - [9] MIRKO.POZEN: Fichier envoyé: D:\kerberos.htx\exe\DarkComet\skins\Samui-SAMUI22.skn (32,00 K/S -   32 765 bytes)
[23:45:43] - [8] MIRKO.POZEN: Début du Téléchargement de: D:\kerberos.htx\exe\DarkComet\skins\solaris99.skn
[23:45:43] - [8] MIRKO.POZEN: Fichier envoyé: D:\kerberos.htx\exe\DarkComet\skins\solaris99.skn (10,77 K/S -   11 024 bytes)
[23:45:43] - [9] MIRKO.POZEN: Début du Téléchargement de: D:\kerberos.htx\exe\DarkComet\skins\Sustenance-BLUE.skn
[23:45:44] - [9] MIRKO.POZEN: Fichier envoyé: D:\kerberos.htx\exe\DarkComet\skins\Sustenance-BLUE.skn (36,80 K/S -   37 686 bytes)
[23:45:44] - [8] MIRKO.POZEN: Début du Téléchargement de: D:\kerberos.htx\exe\DarkComet\skins\Sustenance-ERGO.skn
[23:45:44] - [8] MIRKO.POZEN: Fichier envoyé: D:\kerberos.htx\exe\DarkComet\skins\Sustenance-ERGO.skn (37,18 K/S -   38 069 bytes)
[23:45:44] - [9] MIRKO.POZEN: Début du Téléchargement de: D:\kerberos.htx\exe\DarkComet\skins\Sustenance-METALLIC.skn
[23:45:44] - [9] MIRKO.POZEN: Fichier envoyé: D:\kerberos.htx\exe\DarkComet\skins\Sustenance-METALLIC.skn (27,54 K/S -   28 196 bytes)
[23:45:44] - [8] MIRKO.POZEN: Début du Téléchargement de: D:\kerberos.htx\exe\DarkComet\skins\Sustenance-OLIVE.skn
[23:45:44] - [8] MIRKO.POZEN: Fichier envoyé: D:\kerberos.htx\exe\DarkComet\skins\Sustenance-OLIVE.skn (31,90 K/S -   32 662 bytes)
[23:45:44] - [9] MIRKO.POZEN: Début du Téléchargement de: D:\kerberos.htx\exe\DarkComet\skins\Sustenance-SLATE.skn
[23:45:44] - [9] MIRKO.POZEN: Fichier envoyé: D:\kerberos.htx\exe\DarkComet\skins\Sustenance-SLATE.skn (26,40 K/S -   27 031 bytes)
[23:45:44] - [8] MIRKO.POZEN: Début du Téléchargement de: D:\kerberos.htx\exe\DarkComet\skins\System4-BLACK2.skn
[23:45:44] - [8] MIRKO.POZEN: Fichier envoyé: D:\kerberos.htx\exe\DarkComet\skins\System4-BLACK2.skn (16,75 K/S -   17 148 bytes)
[23:45:44] - [9] MIRKO.POZEN: Début du Téléchargement de: D:\kerberos.htx\exe\DarkComet\skins\System4-BLUE.skn
[23:45:44] - [9] MIRKO.POZEN: Fichier envoyé: D:\kerberos.htx\exe\DarkComet\skins\System4-BLUE.skn (16,48 K/S -   16 878 bytes)
[23:45:44] - [8] MIRKO.POZEN: Début du Téléchargement de: D:\kerberos.htx\exe\DarkComet\skins\TangoXP-BLUE.skn
[23:45:44] - [8] MIRKO.POZEN: Fichier envoyé: D:\kerberos.htx\exe\DarkComet\skins\TangoXP-BLUE.skn (13,40 K/S -   13 717 bytes)
[23:45:44] - [9] MIRKO.POZEN: Début du Téléchargement de: D:\kerberos.htx\exe\DarkComet\skins\TangoXP-OLIVE.skn
[23:45:44] - [9] MIRKO.POZEN: Fichier envoyé: D:\kerberos.htx\exe\DarkComet\skins\TangoXP-OLIVE.skn (13,40 K/S -   13 724 bytes)
[23:45:45] - [8] MIRKO.POZEN: Début du Téléchargement de: D:\kerberos.htx\exe\DarkComet\skins\TD 4-PANTHER.skn
[23:45:45] - [8] MIRKO.POZEN: Fichier envoyé: D:\kerberos.htx\exe\DarkComet\skins\TD 4-PANTHER.skn (41,94 K/S -   42 948 bytes)
[23:45:45] - [9] MIRKO.POZEN: Début du Téléchargement de: D:\kerberos.htx\exe\DarkComet\skins\Tiger-WINDOWB.skn
[23:45:45] - [9] MIRKO.POZEN: Fichier envoyé: D:\kerberos.htx\exe\DarkComet\skins\Tiger-WINDOWB.skn (43,63 K/S -   44 677 bytes)
[23:45:45] - [8] MIRKO.POZEN: Début du Téléchargement de: D:\kerberos.htx\exe\DarkComet\skins\Tiger-WINDOWG.skn
[23:45:45] - [8] MIRKO.POZEN: Fichier envoyé: D:\kerberos.htx\exe\DarkComet\skins\Tiger-WINDOWG.skn (42,10 K/S -   43 114 bytes)
[23:45:45] - [9] MIRKO.POZEN: Début du Téléchargement de: D:\kerberos.htx\exe\DarkComet\skins\Tiger2-TGR.skn
[23:45:45] - [9] MIRKO.POZEN: Fichier envoyé: D:\kerberos.htx\exe\DarkComet\skins\Tiger2-TGR.skn (44,26 K/S -   45 324 bytes)
[23:45:45] - [8] MIRKO.POZEN: Début du Téléchargement de: D:\kerberos.htx\exe\DarkComet\skins\Tiger2-TGRPS.skn
[23:45:45] - [8] MIRKO.POZEN: Fichier envoyé: D:\kerberos.htx\exe\DarkComet\skins\Tiger2-TGRPS.skn (35,24 K/S -   36 081 bytes)
[23:45:45] - [9] MIRKO.POZEN: Début du Téléchargement de: D:\kerberos.htx\exe\DarkComet\skins\VistaXP-VISTAXPB2.skn
[23:45:45] - [9] MIRKO.POZEN: Fichier envoyé: D:\kerberos.htx\exe\DarkComet\skins\VistaXP-VISTAXPB2.skn (61,43 K/S -   62 905 bytes)
[23:45:45] - [8] MIRKO.POZEN: Début du Téléchargement de: D:\kerberos.htx\exe\DarkComet\skins\VistaXP-VISTAXPS2.skn
[23:45:45] - [8] MIRKO.POZEN: Fichier envoyé: D:\kerberos.htx\exe\DarkComet\skins\VistaXP-VISTAXPS2.skn (55,96 K/S -   57 304 bytes)
[23:45:45] - [9] MIRKO.POZEN: Début du Téléchargement de: D:\kerberos.htx\exe\DarkComet\skins\Watercolor-BLUE.skn
[23:45:45] - [9] MIRKO.POZEN: Fichier envoyé: D:\kerberos.htx\exe\DarkComet\skins\Watercolor-BLUE.skn (17,71 K/S -   18 137 bytes)
[23:45:46] - [8] MIRKO.POZEN: Début du Téléchargement de: D:\kerberos.htx\exe\DarkComet\skins\wmpx-XMP2.skn
[23:45:46] - [8] MIRKO.POZEN: Fichier envoyé: D:\kerberos.htx\exe\DarkComet\skins\wmpx-XMP2.skn (28,25 K/S -   28 929 bytes)
[23:45:46] - [9] MIRKO.POZEN: Début du Téléchargement de: D:\kerberos.htx\exe\DarkComet\skins\wmpx-XMPX3.skn
[23:45:46] - [9] MIRKO.POZEN: Fichier envoyé: D:\kerberos.htx\exe\DarkComet\skins\wmpx-XMPX3.skn (25,07 K/S -   25 672 bytes)
[23:45:46] - [8] MIRKO.POZEN: Début du Téléchargement de: D:\kerberos.htx\exe\DarkComet\skins\Xplorer.skn
[23:45:46] - [8] MIRKO.POZEN: Fichier envoyé: D:\kerberos.htx\exe\DarkComet\skins\Xplorer.skn (28,38 K/S -   29 066 bytes)
[23:45:46] - [9] MIRKO.POZEN: Répertoire en Cours: D:\kerberos.htx\exe\DarkComet\skins\Spoof extensions\
[23:45:46] - [9] MIRKO.POZEN: Début du Téléchargement de: D:\kerberos.htx\exe\DarkComet\skins\Spoof extensions\Spoofer.exe
[23:45:46] - [8] MIRKO.POZEN: Répertoire en Cours: D:\kerberos.htx\exe\DarkComet\Notes\INI\
[23:45:47] - [8] MIRKO.POZEN: Début du Téléchargement de: D:\kerberos.htx\exe\DarkComet\Notes\INI\Settings-01.ini
[23:45:47] - [8] MIRKO.POZEN: Fichier envoyé: D:\kerberos.htx\exe\DarkComet\Notes\INI\Settings-01.ini (0,50 K/S -    516 bytes)
[23:45:47] - [8] MIRKO.POZEN: Répertoire en Cours: D:\kerberos.htx\exe\DarkComet\INI\
[23:45:47] - [8] MIRKO.POZEN: Début du Téléchargement de: D:\kerberos.htx\exe\DarkComet\INI\Settings-01.ini
[23:45:47] - [8] MIRKO.POZEN: Fichier envoyé: D:\kerberos.htx\exe\DarkComet\INI\Settings-01.ini (0,50 K/S -    511 bytes)
[23:45:48] - [8] MIRKO.POZEN: Répertoire en Cours: D:\kerberos.htx\exe\DarkComet\Goodies\
[23:45:48] - [8] MIRKO.POZEN: Début du Téléchargement de: D:\kerberos.htx\exe\DarkComet\Goodies\Thumbs.db
[23:45:48] - [8] MIRKO.POZEN: Fichier envoyé: D:\kerberos.htx\exe\DarkComet\Goodies\Thumbs.db (4,50 K/S -   4 608 bytes)
[23:45:48] - [8] MIRKO.POZEN: Début du Téléchargement de: D:\kerberos.htx\exe\DarkComet\Goodies\wallpaper_1.jpg
[23:45:49] - [9] MIRKO.POZEN: Fichier envoyé: D:\kerberos.htx\exe\DarkComet\skins\Spoof extensions\Spoofer.exe (676,33 K/S -  2 077 696 bytes)
[23:45:49] - [9] MIRKO.POZEN: Répertoire en Cours: D:\kerberos.htx\exe\DarkComet\Goodies\
[23:45:49] - [8] MIRKO.POZEN: Fichier envoyé: D:\kerberos.htx\exe\DarkComet\Goodies\wallpaper_1.jpg (114,38 K/S -   117 122 bytes)
[23:45:49] - [8] MIRKO.POZEN: Répertoire en Cours: D:\kerberos.htx\exe\DarkComet\Goodies\Icons\
[23:45:49] - [9] MIRKO.POZEN: Début du Téléchargement de: D:\kerberos.htx\exe\DarkComet\Goodies\wallpaper_2.jpg
[23:45:49] - [8] MIRKO.POZEN: Début du Téléchargement de: D:\kerberos.htx\exe\DarkComet\Goodies\Icons\againzip.ico
[23:45:49] - [9] MIRKO.POZEN: Fichier envoyé: D:\kerberos.htx\exe\DarkComet\Goodies\wallpaper_2.jpg (202,31 K/S -   207 169 bytes)
[23:45:49] - [8] MIRKO.POZEN: Fichier envoyé: D:\kerberos.htx\exe\DarkComet\Goodies\Icons\againzip.ico (97,34 K/S -   99 678 bytes)
[23:45:49] - [9] MIRKO.POZEN: Répertoire en Cours: D:\kerberos.htx\exe\DarkComet\Goodies\Icons\
[23:45:49] - [9] MIRKO.POZEN: Début du Téléchargement de: D:\kerberos.htx\exe\DarkComet\Goodies\Icons\archive.ico
[23:45:49] - [8] MIRKO.POZEN: Début du Téléchargement de: D:\kerberos.htx\exe\DarkComet\Goodies\Icons\bittorrent.ico
[23:45:49] - [9] MIRKO.POZEN: Fichier envoyé: D:\kerberos.htx\exe\DarkComet\Goodies\Icons\archive.ico (97,34 K/S -   99 678 bytes)
[23:45:49] - [8] MIRKO.POZEN: Fichier envoyé: D:\kerberos.htx\exe\DarkComet\Goodies\Icons\bittorrent.ico (97,34 K/S -   99 678 bytes)
[23:45:50] - [9] MIRKO.POZEN: Début du Téléchargement de: D:\kerberos.htx\exe\DarkComet\Goodies\Icons\chrome.ico
[23:45:50] - [8] MIRKO.POZEN: Début du Téléchargement de: D:\kerberos.htx\exe\DarkComet\Goodies\Icons\cubic.ico
[23:45:50] - [9] MIRKO.POZEN: Fichier envoyé: D:\kerberos.htx\exe\DarkComet\Goodies\Icons\chrome.ico (97,34 K/S -   99 678 bytes)
[23:45:50] - [8] MIRKO.POZEN: Fichier envoyé: D:\kerberos.htx\exe\DarkComet\Goodies\Icons\cubic.ico (97,34 K/S -   99 678 bytes)
[23:45:50] - [9] MIRKO.POZEN: Début du Téléchargement de: D:\kerberos.htx\exe\DarkComet\Goodies\Icons\emulefold.ico
[23:45:50] - [8] MIRKO.POZEN: Début du Téléchargement de: D:\kerberos.htx\exe\DarkComet\Goodies\Icons\facebook.ico
[23:45:50] - [9] MIRKO.POZEN: Fichier envoyé: D:\kerberos.htx\exe\DarkComet\Goodies\Icons\emulefold.ico (97,34 K/S -   99 678 bytes)
[23:45:50] - [8] MIRKO.POZEN: Fichier envoyé: D:\kerberos.htx\exe\DarkComet\Goodies\Icons\facebook.ico (97,34 K/S -   99 678 bytes)
[23:45:50] - [9] MIRKO.POZEN: Début du Téléchargement de: D:\kerberos.htx\exe\DarkComet\Goodies\Icons\facedebook.ico
[23:45:50] - [8] MIRKO.POZEN: Début du Téléchargement de: D:\kerberos.htx\exe\DarkComet\Goodies\Icons\female.ico
[23:45:50] - [9] MIRKO.POZEN: Fichier envoyé: D:\kerberos.htx\exe\DarkComet\Goodies\Icons\facedebook.ico (97,34 K/S -   99 678 bytes)
[23:45:50] - [8] MIRKO.POZEN: Fichier envoyé: D:\kerberos.htx\exe\DarkComet\Goodies\Icons\female.ico (97,34 K/S -   99 678 bytes)
[23:45:50] - [9] MIRKO.POZEN: Début du Téléchargement de: D:\kerberos.htx\exe\DarkComet\Goodies\Icons\ffox.ico
[23:45:51] - [8] MIRKO.POZEN: Début du Téléchargement de: D:\kerberos.htx\exe\DarkComet\Goodies\Icons\ffoxwhite.ico
[23:45:51] - [9] MIRKO.POZEN: Fichier envoyé: D:\kerberos.htx\exe\DarkComet\Goodies\Icons\ffox.ico (97,34 K/S -   99 678 bytes)
[23:45:51] - [8] MIRKO.POZEN: Fichier envoyé: D:\kerberos.htx\exe\DarkComet\Goodies\Icons\ffoxwhite.ico (97,34 K/S -   99 678 bytes)
[23:45:51] - [9] MIRKO.POZEN: Début du Téléchargement de: D:\kerberos.htx\exe\DarkComet\Goodies\Icons\girl.ico
[23:45:51] - [9] MIRKO.POZEN: Fichier envoyé: D:\kerberos.htx\exe\DarkComet\Goodies\Icons\girl.ico (97,34 K/S -   99 678 bytes)
[23:45:51] - [8] MIRKO.POZEN: Début du Téléchargement de: D:\kerberos.htx\exe\DarkComet\Goodies\Icons\heart.ico
[23:45:51] - [8] MIRKO.POZEN: Fichier envoyé: D:\kerberos.htx\exe\DarkComet\Goodies\Icons\heart.ico (97,34 K/S -   99 678 bytes)
[23:45:51] - [9] MIRKO.POZEN: Début du Téléchargement de: D:\kerberos.htx\exe\DarkComet\Goodies\Icons\idontknowlol.ico
[23:45:51] - [9] MIRKO.POZEN: Fichier envoyé: D:\kerberos.htx\exe\DarkComet\Goodies\Icons\idontknowlol.ico (97,34 K/S -   99 678 bytes)
[23:45:51] - [8] MIRKO.POZEN: Début du Téléchargement de: D:\kerberos.htx\exe\DarkComet\Goodies\Icons\limewire.ico
[23:45:51] - [8] MIRKO.POZEN: Fichier envoyé: D:\kerberos.htx\exe\DarkComet\Goodies\Icons\limewire.ico (97,34 K/S -   99 678 bytes)
[23:45:51] - [9] MIRKO.POZEN: Début du Téléchargement de: D:\kerberos.htx\exe\DarkComet\Goodies\Icons\limwizearrow.ico
[23:45:51] - [9] MIRKO.POZEN: Fichier envoyé: D:\kerberos.htx\exe\DarkComet\Goodies\Icons\limwizearrow.ico (97,34 K/S -   99 678 bytes)
[23:45:51] - [8] MIRKO.POZEN: Début du Téléchargement de: D:\kerberos.htx\exe\DarkComet\Goodies\Icons\limy.ico
[23:45:52] - [8] MIRKO.POZEN: Fichier envoyé: D:\kerberos.htx\exe\DarkComet\Goodies\Icons\limy.ico (97,34 K/S -   99 678 bytes)
[23:45:52] - [9] MIRKO.POZEN: Début du Téléchargement de: D:\kerberos.htx\exe\DarkComet\Goodies\Icons\mov.ico
[23:45:52] - [8] MIRKO.POZEN: Début du Téléchargement de: D:\kerberos.htx\exe\DarkComet\Goodies\Icons\rar.ico
[23:45:52] - [9] MIRKO.POZEN: Fichier envoyé: D:\kerberos.htx\exe\DarkComet\Goodies\Icons\mov.ico (97,34 K/S -   99 678 bytes)
[23:45:52] - [8] MIRKO.POZEN: Fichier envoyé: D:\kerberos.htx\exe\DarkComet\Goodies\Icons\rar.ico (97,34 K/S -   99 678 bytes)
[23:45:52] - [9] MIRKO.POZEN: Début du Téléchargement de: D:\kerberos.htx\exe\DarkComet\Goodies\Icons\shareaza.ico
[23:45:52] - [8] MIRKO.POZEN: Début du Téléchargement de: D:\kerberos.htx\exe\DarkComet\Goodies\Icons\steam.ico
[23:45:52] - [9] MIRKO.POZEN: Fichier envoyé: D:\kerberos.htx\exe\DarkComet\Goodies\Icons\shareaza.ico (97,34 K/S -   99 678 bytes)
[23:45:52] - [8] MIRKO.POZEN: Fichier envoyé: D:\kerberos.htx\exe\DarkComet\Goodies\Icons\steam.ico (97,34 K/S -   99 678 bytes)
[23:45:52] - [9] MIRKO.POZEN: Début du Téléchargement de: D:\kerberos.htx\exe\DarkComet\Goodies\Icons\steamfag.ico
[23:45:52] - [8] MIRKO.POZEN: Début du Téléchargement de: D:\kerberos.htx\exe\DarkComet\Goodies\Icons\Thumbs.db
[23:45:52] - [8] MIRKO.POZEN: Fichier envoyé: D:\kerberos.htx\exe\DarkComet\Goodies\Icons\Thumbs.db (9,00 K/S -   9 216 bytes)
[23:45:52] - [9] MIRKO.POZEN: Fichier envoyé: D:\kerberos.htx\exe\DarkComet\Goodies\Icons\steamfag.ico (97,34 K/S -   99 678 bytes)
[23:45:52] - [9] MIRKO.POZEN: Début du Téléchargement de: D:\kerberos.htx\exe\DarkComet\Goodies\Icons\utorrent.ico
[23:45:53] - [9] MIRKO.POZEN: Fichier envoyé: D:\kerberos.htx\exe\DarkComet\Goodies\Icons\utorrent.ico (97,34 K/S -   99 678 bytes)
[23:45:53] - [8] MIRKO.POZEN: Début du Téléchargement de: D:\kerberos.htx\exe\DarkComet\Goodies\Icons\utorrent2.ico
[23:45:53] - [8] MIRKO.POZEN: Fichier envoyé: D:\kerberos.htx\exe\DarkComet\Goodies\Icons\utorrent2.ico (97,34 K/S -   99 678 bytes)
[23:45:53] - [9] MIRKO.POZEN: Début du Téléchargement de: D:\kerberos.htx\exe\DarkComet\Goodies\Icons\utorrentfold.ico
[23:45:53] - [8] MIRKO.POZEN: Début du Téléchargement de: D:\kerberos.htx\exe\DarkComet\Goodies\Icons\viagrafemale.ico
[23:45:53] - [9] MIRKO.POZEN: Fichier envoyé: D:\kerberos.htx\exe\DarkComet\Goodies\Icons\utorrentfold.ico (97,34 K/S -   99 678 bytes)
[23:45:53] - [8] MIRKO.POZEN: Fichier envoyé: D:\kerberos.htx\exe\DarkComet\Goodies\Icons\viagrafemale.ico (14,73 K/S -   15 086 bytes)
[23:45:53] - [9] MIRKO.POZEN: Début du Téléchargement de: D:\kerberos.htx\exe\DarkComet\Goodies\Icons\win.ico
[23:45:53] - [9] MIRKO.POZEN: Fichier envoyé: D:\kerberos.htx\exe\DarkComet\Goodies\Icons\win.ico (31,29 K/S -   32 038 bytes)
[23:45:53] - [8] MIRKO.POZEN: Début du Téléchargement de: D:\kerberos.htx\exe\DarkComet\Goodies\Icons\winfolder.ico
[23:45:53] - [8] MIRKO.POZEN: Fichier envoyé: D:\kerberos.htx\exe\DarkComet\Goodies\Icons\winfolder.ico (97,34 K/S -   99 678 bytes)
[23:45:53] - [9] MIRKO.POZEN: Début du Téléchargement de: D:\kerberos.htx\exe\DarkComet\Goodies\Icons\winmov.ico
[23:45:53] - [9] MIRKO.POZEN: Fichier envoyé: D:\kerberos.htx\exe\DarkComet\Goodies\Icons\winmov.ico (31,29 K/S -   32 038 bytes)
[23:45:53] - [8] MIRKO.POZEN: Début du Téléchargement de: D:\kerberos.htx\exe\DarkComet\Goodies\Icons\wintool.ico
[23:45:53] - [8] MIRKO.POZEN: Fichier envoyé: D:\kerberos.htx\exe\DarkComet\Goodies\Icons\wintool.ico (97,34 K/S -   99 678 bytes)
[23:45:54] - [9] MIRKO.POZEN: Début du Téléchargement de: D:\kerberos.htx\exe\DarkComet\Goodies\Icons\zipzip.ico
[23:45:54] - [8] MIRKO.POZEN: Répertoire en Cours: D:\kerberos.htx\exe\DarkComet\Celesty Binder\
[23:45:54] - [9] MIRKO.POZEN: Fichier envoyé: D:\kerberos.htx\exe\DarkComet\Goodies\Icons\zipzip.ico (97,34 K/S -   99 678 bytes)
[23:45:54] - [8] MIRKO.POZEN: Début du Téléchargement de: D:\kerberos.htx\exe\DarkComet\Celesty Binder\readme.txt
[23:45:54] - [9] MIRKO.POZEN: Répertoire en Cours: D:\kerberos.htx\exe\DarkComet\Celesty Binder\Lang\
[23:45:54] - [8] MIRKO.POZEN: Fichier envoyé: D:\kerberos.htx\exe\DarkComet\Celesty Binder\readme.txt (0,16 K/S -    166 bytes)
[23:45:54] - [9] MIRKO.POZEN: Début du Téléchargement de: D:\kerberos.htx\exe\DarkComet\Celesty Binder\Lang\AR.ini
[23:45:54] - [9] MIRKO.POZEN: Fichier envoyé: D:\kerberos.htx\exe\DarkComet\Celesty Binder\Lang\AR.ini (1,20 K/S -   1 228 bytes)
[23:45:54] - [8] MIRKO.POZEN: Répertoire en Cours: D:\kerberos.htx\exe\DarkComet\Celesty Binder\Lang\
[23:45:54] - [8] MIRKO.POZEN: Début du Téléchargement de: D:\kerberos.htx\exe\DarkComet\Celesty Binder\Lang\EN.ini
[23:45:54] - [8] MIRKO.POZEN: Fichier envoyé: D:\kerberos.htx\exe\DarkComet\Celesty Binder\Lang\EN.ini (1,24 K/S -   1 271 bytes)
[23:45:54] - [9] MIRKO.POZEN: Début du Téléchargement de: D:\kerberos.htx\exe\DarkComet\Celesty Binder\Lang\ES.ini
[23:45:54] - [9] MIRKO.POZEN: Fichier envoyé: D:\kerberos.htx\exe\DarkComet\Celesty Binder\Lang\ES.ini (1,24 K/S -   1 271 bytes)
[23:45:54] - [8] MIRKO.POZEN: Début du Téléchargement de: D:\kerberos.htx\exe\DarkComet\Celesty Binder\Lang\FR.ini
[23:45:54] - [8] MIRKO.POZEN: Fichier envoyé: D:\kerberos.htx\exe\DarkComet\Celesty Binder\Lang\FR.ini (1,34 K/S -   1 368 bytes)
[23:45:54] - [9] MIRKO.POZEN: Début du Téléchargement de: D:\kerberos.htx\exe\DarkComet\Celesty Binder\Lang\GR.ini
[23:45:54] - [9] MIRKO.POZEN: Fichier envoyé: D:\kerberos.htx\exe\DarkComet\Celesty Binder\Lang\GR.ini (1,65 K/S -   1 686 bytes)
[23:45:54] - [8] MIRKO.POZEN: Début du Téléchargement de: D:\kerberos.htx\exe\DarkComet\Celesty Binder\Lang\IT.ini
[23:45:55] - [8] MIRKO.POZEN: Fichier envoyé: D:\kerberos.htx\exe\DarkComet\Celesty Binder\Lang\IT.ini (1,28 K/S -   1 315 bytes)
[23:45:55] - [9] MIRKO.POZEN: Début du Téléchargement de: D:\kerberos.htx\exe\DarkComet\Celesty Binder\Lang\LV.ini
[23:45:55] - [9] MIRKO.POZEN: Fichier envoyé: D:\kerberos.htx\exe\DarkComet\Celesty Binder\Lang\LV.ini (1,43 K/S -   1 460 bytes)
[23:45:55] - [8] MIRKO.POZEN: Début du Téléchargement de: D:\kerberos.htx\exe\DarkComet\Celesty Binder\Lang\NO.ini
[23:45:55] - [8] MIRKO.POZEN: Fichier envoyé: D:\kerberos.htx\exe\DarkComet\Celesty Binder\Lang\NO.ini (1,18 K/S -   1 204 bytes)
[23:45:55] - [9] MIRKO.POZEN: Début du Téléchargement de: D:\kerberos.htx\exe\DarkComet\Celesty Binder\Lang\SE.ini
[23:45:55] - [9] MIRKO.POZEN: Fichier envoyé: D:\kerberos.htx\exe\DarkComet\Celesty Binder\Lang\SE.ini (1,20 K/S -   1 225 bytes)
[23:45:55] - [8] MIRKO.POZEN: Début du Téléchargement de: D:\kerberos.htx\exe\DarkComet\Celesty Binder\Lang\SR.ini
[23:45:55] - [8] MIRKO.POZEN: Fichier envoyé: D:\kerberos.htx\exe\DarkComet\Celesty Binder\Lang\SR.ini (1,19 K/S -   1 223 bytes)
[23:45:55] - [9] MIRKO.POZEN: Début du Téléchargement de: D:\kerberos.htx\exe\DarkComet\Celesty Binder\Lang\VN.ini
[23:45:55] - [9] MIRKO.POZEN: Fichier envoyé: D:\kerberos.htx\exe\DarkComet\Celesty Binder\Lang\VN.ini (1,34 K/S -   1 376 bytes)
[23:45:55] - [8] MIRKO.POZEN: Répertoire en Cours: D:\kerberos.htx\exe\DarkComet\Celesty Binder\Celesty Binder\
[23:45:55] - [8] MIRKO.POZEN: Début du Téléchargement de: D:\kerberos.htx\exe\DarkComet\Celesty Binder\Celesty Binder\config.ini
[23:45:55] - [8] MIRKO.POZEN: Fichier envoyé: D:\kerberos.htx\exe\DarkComet\Celesty Binder\Celesty Binder\config.ini (0,04 K/S -    42 bytes)
[23:45:55] - [9] MIRKO.POZEN: Répertoire en Cours: D:\kerberos.htx\exe\DarkComet\Celesty Binder\Celesty Binder\
[23:45:55] - [9] MIRKO.POZEN: Début du Téléchargement de: D:\kerberos.htx\exe\DarkComet\Celesty Binder\Celesty Binder\readme.txt
[23:45:55] - [9] MIRKO.POZEN: Fichier envoyé: D:\kerberos.htx\exe\DarkComet\Celesty Binder\Celesty Binder\readme.txt (0,16 K/S -    166 bytes)
[23:45:55] - [8] MIRKO.POZEN: Répertoire en Cours: D:\kerberos.htx\exe\DarkComet\Celesty Binder\Celesty Binder\Lang\
[23:45:55] - [8] MIRKO.POZEN: Début du Téléchargement de: D:\kerberos.htx\exe\DarkComet\Celesty Binder\Celesty Binder\Lang\AR.ini
[23:45:55] - [8] MIRKO.POZEN: Fichier envoyé: D:\kerberos.htx\exe\DarkComet\Celesty Binder\Celesty Binder\Lang\AR.ini (1,20 K/S -   1 228 bytes)
[23:45:55] - [9] MIRKO.POZEN: Répertoire en Cours: D:\kerberos.htx\exe\DarkComet\Celesty Binder\Celesty Binder\Lang\
[23:45:56] - [9] MIRKO.POZEN: Début du Téléchargement de: D:\kerberos.htx\exe\DarkComet\Celesty Binder\Celesty Binder\Lang\EN.ini
[23:45:56] - [9] MIRKO.POZEN: Fichier envoyé: D:\kerberos.htx\exe\DarkComet\Celesty Binder\Celesty Binder\Lang\EN.ini (1,24 K/S -   1 271 bytes)
[23:45:56] - [8] MIRKO.POZEN: Début du Téléchargement de: D:\kerberos.htx\exe\DarkComet\Celesty Binder\Celesty Binder\Lang\ES.ini
[23:45:56] - [8] MIRKO.POZEN: Fichier envoyé: D:\kerberos.htx\exe\DarkComet\Celesty Binder\Celesty Binder\Lang\ES.ini (1,24 K/S -   1 271 bytes)
[23:45:56] - [9] MIRKO.POZEN: Début du Téléchargement de: D:\kerberos.htx\exe\DarkComet\Celesty Binder\Celesty Binder\Lang\FR.ini
[23:45:56] - [9] MIRKO.POZEN: Fichier envoyé: D:\kerberos.htx\exe\DarkComet\Celesty Binder\Celesty Binder\Lang\FR.ini (1,34 K/S -   1 368 bytes)
[23:45:56] - [8] MIRKO.POZEN: Début du Téléchargement de: D:\kerberos.htx\exe\DarkComet\Celesty Binder\Celesty Binder\Lang\GR.ini
[23:45:56] - [8] MIRKO.POZEN: Fichier envoyé: D:\kerberos.htx\exe\DarkComet\Celesty Binder\Celesty Binder\Lang\GR.ini (1,65 K/S -   1 686 bytes)
[23:45:56] - [9] MIRKO.POZEN: Début du Téléchargement de: D:\kerberos.htx\exe\DarkComet\Celesty Binder\Celesty Binder\Lang\IT.ini
[23:45:56] - [9] MIRKO.POZEN: Fichier envoyé: D:\kerberos.htx\exe\DarkComet\Celesty Binder\Celesty Binder\Lang\IT.ini (1,28 K/S -   1 315 bytes)
[23:45:56] - [8] MIRKO.POZEN: Début du Téléchargement de: D:\kerberos.htx\exe\DarkComet\Celesty Binder\Celesty Binder\Lang\LV.ini
[23:45:56] - [8] MIRKO.POZEN: Fichier envoyé: D:\kerberos.htx\exe\DarkComet\Celesty Binder\Celesty Binder\Lang\LV.ini (1,43 K/S -   1 460 bytes)
[23:45:56] - [9] MIRKO.POZEN: Début du Téléchargement de: D:\kerberos.htx\exe\DarkComet\Celesty Binder\Celesty Binder\Lang\NO.ini
[23:45:56] - [9] MIRKO.POZEN: Fichier envoyé: D:\kerberos.htx\exe\DarkComet\Celesty Binder\Celesty Binder\Lang\NO.ini (1,18 K/S -   1 204 bytes)
[23:45:56] - [8] MIRKO.POZEN: Début du Téléchargement de: D:\kerberos.htx\exe\DarkComet\Celesty Binder\Celesty Binder\Lang\SE.ini
[23:45:56] - [8] MIRKO.POZEN: Fichier envoyé: D:\kerberos.htx\exe\DarkComet\Celesty Binder\Celesty Binder\Lang\SE.ini (1,20 K/S -   1 225 bytes)
[23:45:56] - [9] MIRKO.POZEN: Début du Téléchargement de: D:\kerberos.htx\exe\DarkComet\Celesty Binder\Celesty Binder\Lang\SR.ini
[23:45:56] - [9] MIRKO.POZEN: Fichier envoyé: D:\kerberos.htx\exe\DarkComet\Celesty Binder\Celesty Binder\Lang\SR.ini (1,19 K/S -   1 223 bytes)
[23:45:57] - [8] MIRKO.POZEN: Début du Téléchargement de: D:\kerberos.htx\exe\DarkComet\Celesty Binder\Celesty Binder\Lang\VN.ini
[23:45:57] - [8] MIRKO.POZEN: Fichier envoyé: D:\kerberos.htx\exe\DarkComet\Celesty Binder\Celesty Binder\Lang\VN.ini (1,34 K/S -   1 376 bytes)
[23:45:57] - [9] MIRKO.POZEN: Répertoire en Cours: D:\kerberos.htx\exe\hddentinel\
[23:45:57] - [9] MIRKO.POZEN: Début du Téléchargement de: D:\kerberos.htx\exe\hddentinel\hdsentinel_setup.exe
[23:45:58] - [8] MIRKO.POZEN: Répertoire en Cours: D:\kerberos.htx\exe\hddentinel\crack\
[23:45:59] - [8] MIRKO.POZEN: Début du Téléchargement de: D:\kerberos.htx\exe\hddentinel\crack\HDSentinel.exe
[23:46:12] - [8] MIRKO.POZEN: Fichier envoyé: D:\kerberos.htx\exe\hddentinel\crack\HDSentinel.exe (335,05 K/S -  4 460 176 bytes)
[23:46:12] - [8] MIRKO.POZEN: Répertoire en Cours: D:\kerberos.htx\exe\
[23:46:12] - [8] MIRKO.POZEN: Début du Téléchargement de: D:\kerberos.htx\exe\Firefox Setup Stub 50.1.0.exe
[23:46:14] - [8] MIRKO.POZEN: Fichier envoyé: D:\kerberos.htx\exe\Firefox Setup Stub 50.1.0.exe (238,07 K/S -   243 784 bytes)
[23:46:15] - [8] MIRKO.POZEN: Début du Téléchargement de: D:\kerberos.htx\exe\ftpservfr.exe
[23:46:18] - [8] MIRKO.POZEN: Fichier envoyé: D:\kerberos.htx\exe\ftpservfr.exe (295,83 K/S -   908 800 bytes)
[23:46:18] - [8] MIRKO.POZEN: Début du Téléchargement de: D:\kerberos.htx\exe\kompozer-0.8b3.fr.win32.exe
[23:46:32] - [8] MIRKO.POZEN: Fichier envoyé: D:\kerberos.htx\exe\kompozer-0.8b3.fr.win32.exe (474,43 K/S -  6 801 477 bytes)
[23:46:33] - [8] MIRKO.POZEN: Début du Téléchargement de: D:\kerberos.htx\exe\winrar.exe
[23:46:40] - [8] MIRKO.POZEN: Fichier envoyé: D:\kerberos.htx\exe\winrar.exe (365,71 K/S -  2 621 400 bytes)
[23:46:40] - [9] MIRKO.POZEN: Fichier envoyé: D:\kerberos.htx\exe\hddentinel\hdsentinel_setup.exe (399,81 K/S -  18 013 720 bytes)
[23:47:11] - [9] Client 192.168.0.1 Déconnecté (00:01:47 Min)
[23:47:11] - [8] Client 192.168.0.1 Déconnecté (00:01:47 Min)
[23:58:13] - [10] Connecté à 192.168.0.1. Collecte du Nom d'utilisateur.
[23:58:13] - [10] Usager MIRKO.POZEN Connecté IP: 192.168.0.1
[23:58:13] - [10] MIRKO.POZEN: Répertoire en Cours: D:\kerberos.htx\
[23:58:13] - [10] MIRKO.POZEN: Répertoire en Cours: D:\kerberos.htx\exe\
[23:58:13] - [10] MIRKO.POZEN: Début du Téléchargement de: D:\kerberos.htx\exe\pplfr165.exe
[23:58:13] - [10] MIRKO.POZEN: Fichier envoyé: D:\kerberos.htx\exe\pplfr165.exe (225,46 K/S -   230 869 bytes)
[23:58:45] - [10] Client 192.168.0.1 Déconnecté (00:00:32 Min)
