[15:45:34] - Serveur Démarré
[15:45:34] - FTP Port: 21
[16:20:30] - [1] Connecté à 192.168.0.1. Collecte du Nom d'utilisateur.
[16:20:30] - [1] Usager MIRKO.POZEN Connecté IP: 192.168.0.1
[16:20:30] - [1] MIRKO.POZEN: Répertoire en Cours: D:\kerberos.htx\
[16:20:30] - [1] MIRKO.POZEN: Répertoire en Cours: D:\kerberos.htx\
[16:20:52] - [1] MIRKO.POZEN: Répertoire en Cours: D:\kerberos.htx\Hard Disk Sentinel\
[16:21:15] - [1] MIRKO.POZEN: Répertoire en Cours: D:\kerberos.htx\
[16:21:15] - [1] MIRKO.POZEN: Répertoire en Cours: D:\kerberos.htx\exe\
[16:21:22] - [1] MIRKO.POZEN: Répertoire en Cours: D:\kerberos.htx\exe\hddentinel\
[16:21:32] - [1] MIRKO.POZEN: Répertoire en Cours: D:\kerberos.htx\exe\hddentinel\crack\
[16:21:32] - [2] Connecté à 192.168.0.1. Collecte du Nom d'utilisateur.
[16:21:32] - [2] Usager MIRKO.POZEN Connecté IP: 192.168.0.1
[16:21:32] - [2] MIRKO.POZEN: Répertoire en Cours: D:\kerberos.htx\
[16:21:32] - [2] MIRKO.POZEN: Répertoire en Cours: D:\kerberos.htx\exe\hddentinel\crack\
[16:21:32] - [2] MIRKO.POZEN: Début du Téléchargement de: D:\kerberos.htx\exe\hddentinel\crack\HDSentinel.exe
[16:21:39] - [2] MIRKO.POZEN: Fichier envoyé: D:\kerberos.htx\exe\hddentinel\crack\HDSentinel.exe (725,94 K/S -  4 460 176 bytes)
[16:22:10] - [2] Client 192.168.0.1 Déconnecté (00:00:37 Min)
[16:37:28] - [1] Client 192.168.0.1 Déconnecté (00:16:58 Min)
[19:31:14] - [3] Connecté à 192.168.0.1. Collecte du Nom d'utilisateur.
[19:31:14] - [3] Usager MIRKO.POZEN Connecté IP: 192.168.0.1
[19:31:14] - [3] MIRKO.POZEN: Répertoire en Cours: D:\kerberos.htx\
[19:31:14] - [3] MIRKO.POZEN: Répertoire en Cours: D:\kerberos.htx\
[19:31:52] - [3] MIRKO.POZEN: Répertoire en Cours: D:\kerberos.htx\exe\
[19:32:02] - [3] MIRKO.POZEN: Répertoire en Cours: D:\kerberos.htx\exe\hddentinel\
[19:32:05] - [3] MIRKO.POZEN: Répertoire en Cours: D:\kerberos.htx\exe\hddentinel\crack\
[19:32:06] - [4] Connecté à 192.168.0.1. Collecte du Nom d'utilisateur.
[19:32:06] - [4] Usager MIRKO.POZEN Connecté IP: 192.168.0.1
[19:32:06] - [4] MIRKO.POZEN: Répertoire en Cours: D:\kerberos.htx\
[19:32:06] - [4] MIRKO.POZEN: Répertoire en Cours: D:\kerberos.htx\exe\hddentinel\crack\
[19:32:38] - [4] Client 192.168.0.1 Déconnecté (00:00:31 Min)
[19:34:10] - [5] Connecté à 192.168.0.1. Collecte du Nom d'utilisateur.
[19:34:10] - [5] Usager MIRKO.POZEN Connecté IP: 192.168.0.1
[19:34:10] - [5] MIRKO.POZEN: Répertoire en Cours: D:\kerberos.htx\
[19:34:10] - [5] MIRKO.POZEN: Répertoire en Cours: D:\kerberos.htx\exe\hddentinel\crack\
[19:34:10] - [5] MIRKO.POZEN: Début du Téléchargement de: D:\kerberos.htx\exe\hddentinel\crack\HDSentinel.exe
[19:34:14] - [5] MIRKO.POZEN: Fichier envoyé: D:\kerberos.htx\exe\hddentinel\crack\HDSentinel.exe (1 088,91 K/S -  4 460 176 bytes)
[19:34:46] - [5] Client 192.168.0.1 Déconnecté (00:00:35 Min)
[19:35:24] - [6] Connecté à 192.168.0.1. Collecte du Nom d'utilisateur.
[19:35:24] - [6] Usager MIRKO.POZEN Connecté IP: 192.168.0.1
[19:35:24] - [6] MIRKO.POZEN: Répertoire en Cours: D:\kerberos.htx\
[19:35:24] - [6] MIRKO.POZEN: Répertoire en Cours: D:\kerberos.htx\exe\hddentinel\crack\
[19:35:57] - [6] Client 192.168.0.1 Déconnecté (00:00:32 Min)
[19:37:10] - [7] Connecté à 192.168.0.1. Collecte du Nom d'utilisateur.
[19:37:11] - [7] Usager MIRKO.POZEN Connecté IP: 192.168.0.1
[19:37:11] - [7] MIRKO.POZEN: Répertoire en Cours: D:\kerberos.htx\
[19:37:11] - [7] MIRKO.POZEN: Répertoire en Cours: D:\kerberos.htx\exe\
[19:37:11] - [7] MIRKO.POZEN: Début du Téléchargement de: D:\kerberos.htx\exe\ClassicShellSetup_4_2_5.exe
[19:37:17] - [7] MIRKO.POZEN: Fichier envoyé: D:\kerberos.htx\exe\ClassicShellSetup_4_2_5.exe (972,10 K/S -  6 968 048 bytes)
[19:37:49] - [7] Client 192.168.0.1 Déconnecté (00:00:38 Min)
[19:37:51] - [8] Connecté à 192.168.0.1. Collecte du Nom d'utilisateur.
[19:37:51] - [8] Usager MIRKO.POZEN Connecté IP: 192.168.0.1
[19:37:51] - [8] MIRKO.POZEN: Répertoire en Cours: D:\kerberos.htx\
[19:37:51] - [8] MIRKO.POZEN: Répertoire en Cours: D:\kerberos.htx\exe\
[19:37:51] - [8] MIRKO.POZEN: Début du Téléchargement de: D:\kerberos.htx\exe\winrar.exe
[19:37:55] - [8] MIRKO.POZEN: Fichier envoyé: D:\kerberos.htx\exe\winrar.exe (511,99 K/S -  2 621 400 bytes)
[19:38:25] - [8] MIRKO.POZEN: Début du Téléchargement de: D:\kerberos.htx\exe\DriversCloud_Win.exe
[19:38:26] - [8] MIRKO.POZEN: Fichier envoyé: D:\kerberos.htx\exe\DriversCloud_Win.exe (237,30 K/S -   242 992 bytes)
[19:38:58] - [8] Client 192.168.0.1 Déconnecté (00:01:06 Min)
[20:19:55] - [3] Client 192.168.0.1 Déconnecté (00:48:41 Min)
[23:52:44] - [9] Connecté à 192.168.0.1. Collecte du Nom d'utilisateur.
[23:52:44] - [9] Usager MIRKO.POZEN Connecté IP: 192.168.0.1
[23:52:44] - [9] MIRKO.POZEN: Répertoire en Cours: D:\kerberos.htx\
[23:52:45] - [9] MIRKO.POZEN: Répertoire en Cours: D:\kerberos.htx\
[23:53:14] - [9] MIRKO.POZEN: Répertoire en Cours: D:\kerberos.htx\exe\
[23:54:27] - [9] MIRKO.POZEN: Répertoire en Cours: D:\kerberos.htx\
[23:54:27] - [9] MIRKO.POZEN: Répertoire en Cours: D:\kerberos.htx\last films\
[23:54:38] - [9] MIRKO.POZEN: Répertoire en Cours: D:\kerberos.htx\
[23:54:38] - [9] MIRKO.POZEN: Répertoire en Cours: D:\kerberos.htx\rar\
[23:54:50] - [10] Connecté à 192.168.0.1. Collecte du Nom d'utilisateur.
[23:54:50] - [10] Usager MIRKO.POZEN Connecté IP: 192.168.0.1
[23:54:50] - [10] MIRKO.POZEN: Répertoire en Cours: D:\kerberos.htx\
[23:54:50] - [10] MIRKO.POZEN: Répertoire en Cours: D:\kerberos.htx\rar\
[23:54:50] - [10] MIRKO.POZEN: Début du Téléchargement de: D:\kerberos.htx\rar\office ok.rar
[23:55:24] - [9] MIRKO.POZEN: Répertoire en Cours: D:\kerberos.htx\
[23:55:25] - [9] MIRKO.POZEN: Répertoire en Cours: D:\kerberos.htx\000\
[23:55:32] - [9] MIRKO.POZEN: Répertoire en Cours: D:\kerberos.htx\
[23:55:32] - [9] MIRKO.POZEN: Répertoire en Cours: D:\kerberos.htx\a trier\
[23:55:36] - [9] MIRKO.POZEN: Répertoire en Cours: D:\kerberos.htx\a trier\AusLogics Disk Defrag\
[23:55:43] - [9] MIRKO.POZEN: Répertoire en Cours: D:\kerberos.htx\a trier\AusLogics Disk Defrag\reports\
[23:55:43] - [11] Connecté à 192.168.0.1. Collecte du Nom d'utilisateur.
[23:55:43] - [11] Usager MIRKO.POZEN Connecté IP: 192.168.0.1
[23:55:43] - [11] MIRKO.POZEN: Répertoire en Cours: D:\kerberos.htx\
[23:55:43] - [9] MIRKO.POZEN: Répertoire en Cours: D:\kerberos.htx\a trier\AusLogics Disk Defrag\
[23:55:44] - [11] MIRKO.POZEN: Répertoire en Cours: D:\kerberos.htx\a trier\AusLogics Disk Defrag\
[23:55:44] - [9] MIRKO.POZEN: Répertoire en Cours: D:\kerberos.htx\a trier\AusLogics Disk Defrag\Lang\
[23:55:44] - [11] MIRKO.POZEN: Début du Téléchargement de: D:\kerberos.htx\a trier\AusLogics Disk Defrag\axpackage10.bpl
[23:55:44] - [9] MIRKO.POZEN: Répertoire en Cours: D:\kerberos.htx\a trier\AusLogics Disk Defrag\
[23:55:45] - [9] MIRKO.POZEN: Répertoire en Cours: D:\kerberos.htx\a trier\AusLogics Disk Defrag\Data\
[23:55:45] - [11] MIRKO.POZEN: Fichier envoyé: D:\kerberos.htx\a trier\AusLogics Disk Defrag\axpackage10.bpl (541,50 K/S -   554 496 bytes)
[23:55:46] - [11] MIRKO.POZEN: Début du Téléchargement de: D:\kerberos.htx\a trier\AusLogics Disk Defrag\axuninstall.exe
[23:55:46] - [11] MIRKO.POZEN: Fichier envoyé: D:\kerberos.htx\a trier\AusLogics Disk Defrag\axuninstall.exe (20,00 K/S -   20 480 bytes)
[23:55:46] - [11] MIRKO.POZEN: Début du Téléchargement de: D:\kerberos.htx\a trier\AusLogics Disk Defrag\commonforms_lite.dll
[23:55:46] - [11] MIRKO.POZEN: Fichier envoyé: D:\kerberos.htx\a trier\AusLogics Disk Defrag\commonforms_lite.dll (68,50 K/S -   70 144 bytes)
[23:55:47] - [11] MIRKO.POZEN: Début du Téléchargement de: D:\kerberos.htx\a trier\AusLogics Disk Defrag\diskdefrag.dll
[23:55:47] - [11] MIRKO.POZEN: Fichier envoyé: D:\kerberos.htx\a trier\AusLogics Disk Defrag\diskdefrag.dll (105,00 K/S -   107 520 bytes)
[23:55:47] - [11] MIRKO.POZEN: Début du Téléchargement de: D:\kerberos.htx\a trier\AusLogics Disk Defrag\diskdefrag.exe
[23:55:48] - [11] MIRKO.POZEN: Fichier envoyé: D:\kerberos.htx\a trier\AusLogics Disk Defrag\diskdefrag.exe (205,00 K/S -   209 920 bytes)
[23:55:49] - [11] MIRKO.POZEN: Début du Téléchargement de: D:\kerberos.htx\a trier\AusLogics Disk Defrag\helper.dll
[23:55:49] - [11] MIRKO.POZEN: Fichier envoyé: D:\kerberos.htx\a trier\AusLogics Disk Defrag\helper.dll (81,50 K/S -   83 456 bytes)
[23:55:49] - [9] MIRKO.POZEN: Répertoire en Cours: D:\kerberos.htx\a trier\
[23:55:49] - [11] MIRKO.POZEN: Début du Téléchargement de: D:\kerberos.htx\a trier\AusLogics Disk Defrag\localizer.dll
[23:55:49] - [9] MIRKO.POZEN: Répertoire en Cours: D:\kerberos.htx\a trier\cleusb 16go\
[23:55:49] - [11] MIRKO.POZEN: Fichier envoyé: D:\kerberos.htx\a trier\AusLogics Disk Defrag\localizer.dll (45,50 K/S -   46 592 bytes)
[23:55:50] - [11] MIRKO.POZEN: Début du Téléchargement de: D:\kerberos.htx\a trier\AusLogics Disk Defrag\madbasic_.bpl
[23:55:50] - [11] MIRKO.POZEN: Fichier envoyé: D:\kerberos.htx\a trier\AusLogics Disk Defrag\madbasic_.bpl (142,50 K/S -   145 920 bytes)
[23:55:51] - [11] MIRKO.POZEN: Début du Téléchargement de: D:\kerberos.htx\a trier\AusLogics Disk Defrag\maddisasm_.bpl
[23:55:51] - [11] MIRKO.POZEN: Fichier envoyé: D:\kerberos.htx\a trier\AusLogics Disk Defrag\maddisasm_.bpl (41,00 K/S -   41 984 bytes)
[23:55:51] - [11] MIRKO.POZEN: Début du Téléchargement de: D:\kerberos.htx\a trier\AusLogics Disk Defrag\madexcept_.bpl
[23:55:52] - [11] MIRKO.POZEN: Fichier envoyé: D:\kerberos.htx\a trier\AusLogics Disk Defrag\madexcept_.bpl (307,00 K/S -   314 368 bytes)
[23:55:52] - [11] MIRKO.POZEN: Début du Téléchargement de: D:\kerberos.htx\a trier\AusLogics Disk Defrag\rtl70.bpl
[23:55:54] - [11] MIRKO.POZEN: Fichier envoyé: D:\kerberos.htx\a trier\AusLogics Disk Defrag\rtl70.bpl (380,00 K/S -   778 240 bytes)
[23:55:56] - [11] MIRKO.POZEN: Début du Téléchargement de: D:\kerberos.htx\a trier\AusLogics Disk Defrag\unins000.dat
[23:55:56] - [11] MIRKO.POZEN: Fichier envoyé: D:\kerberos.htx\a trier\AusLogics Disk Defrag\unins000.dat (5,48 K/S -   5 611 bytes)
[23:55:56] - [11] MIRKO.POZEN: Début du Téléchargement de: D:\kerberos.htx\a trier\AusLogics Disk Defrag\unins000.exe
[23:55:57] - [9] MIRKO.POZEN: Répertoire en Cours: D:\kerberos.htx\a trier\
[23:55:57] - [9] MIRKO.POZEN: Répertoire en Cours: D:\kerberos.htx\a trier\douwloads\
[23:55:58] - [11] MIRKO.POZEN: Fichier envoyé: D:\kerberos.htx\a trier\AusLogics Disk Defrag\unins000.exe (345,73 K/S -   708 048 bytes)
[23:55:58] - [11] MIRKO.POZEN: Début du Téléchargement de: D:\kerberos.htx\a trier\AusLogics Disk Defrag\vcl70.bpl
[23:56:01] - [11] MIRKO.POZEN: Fichier envoyé: D:\kerberos.htx\a trier\AusLogics Disk Defrag\vcl70.bpl (449,67 K/S -  1 381 376 bytes)
[23:56:01] - [11] MIRKO.POZEN: Répertoire en Cours: D:\kerberos.htx\a trier\AusLogics Disk Defrag\reports\
[23:56:01] - [11] MIRKO.POZEN: Début du Téléchargement de: D:\kerberos.htx\a trier\AusLogics Disk Defrag\reports\C_Disk_Defrag_Report.html
[23:56:02] - [11] MIRKO.POZEN: Fichier envoyé: D:\kerberos.htx\a trier\AusLogics Disk Defrag\reports\C_Disk_Defrag_Report.html (126,62 K/S -   129 654 bytes)
[23:56:02] - [11] MIRKO.POZEN: Début du Téléchargement de: D:\kerberos.htx\a trier\AusLogics Disk Defrag\reports\D_Disk_Defrag_Report.html
[23:56:02] - [11] MIRKO.POZEN: Fichier envoyé: D:\kerberos.htx\a trier\AusLogics Disk Defrag\reports\D_Disk_Defrag_Report.html (18,58 K/S -   19 023 bytes)
[23:56:03] - [11] MIRKO.POZEN: Début du Téléchargement de: D:\kerberos.htx\a trier\AusLogics Disk Defrag\reports\E_Disk_Defrag_Report.html
[23:56:03] - [11] MIRKO.POZEN: Fichier envoyé: D:\kerberos.htx\a trier\AusLogics Disk Defrag\reports\E_Disk_Defrag_Report.html (57,47 K/S -   58 849 bytes)
[23:56:03] - [11] MIRKO.POZEN: Début du Téléchargement de: D:\kerberos.htx\a trier\AusLogics Disk Defrag\reports\F_Disk_Defrag_Report.html
[23:56:04] - [11] MIRKO.POZEN: Fichier envoyé: D:\kerberos.htx\a trier\AusLogics Disk Defrag\reports\F_Disk_Defrag_Report.html (46,34 K/S -   47 449 bytes)
[23:56:04] - [11] MIRKO.POZEN: Début du Téléchargement de: D:\kerberos.htx\a trier\AusLogics Disk Defrag\reports\H_Disk_Defrag_Report.html
[23:56:04] - [11] MIRKO.POZEN: Fichier envoyé: D:\kerberos.htx\a trier\AusLogics Disk Defrag\reports\H_Disk_Defrag_Report.html (15,41 K/S -   15 776 bytes)
[23:56:05] - [11] MIRKO.POZEN: Début du Téléchargement de: D:\kerberos.htx\a trier\AusLogics Disk Defrag\reports\I_Disk_Defrag_Report.html
[23:56:05] - [11] MIRKO.POZEN: Fichier envoyé: D:\kerberos.htx\a trier\AusLogics Disk Defrag\reports\I_Disk_Defrag_Report.html (25,62 K/S -   26 237 bytes)
[23:56:06] - [11] MIRKO.POZEN: Début du Téléchargement de: D:\kerberos.htx\a trier\AusLogics Disk Defrag\reports\J_Disk_Defrag_Report.html
[23:56:06] - [11] MIRKO.POZEN: Fichier envoyé: D:\kerberos.htx\a trier\AusLogics Disk Defrag\reports\J_Disk_Defrag_Report.html (14,85 K/S -   15 204 bytes)
[23:56:06] - [11] MIRKO.POZEN: Début du Téléchargement de: D:\kerberos.htx\a trier\AusLogics Disk Defrag\reports\K_Disk_Defrag_Report.html
[23:56:06] - [11] MIRKO.POZEN: Fichier envoyé: D:\kerberos.htx\a trier\AusLogics Disk Defrag\reports\K_Disk_Defrag_Report.html (15,83 K/S -   16 212 bytes)
[23:56:06] - [11] MIRKO.POZEN: Répertoire en Cours: D:\kerberos.htx\a trier\AusLogics Disk Defrag\Lang\
[23:56:07] - [11] MIRKO.POZEN: Début du Téléchargement de: D:\kerberos.htx\a trier\AusLogics Disk Defrag\Lang\fr.lng
[23:56:07] - [11] MIRKO.POZEN: Fichier envoyé: D:\kerberos.htx\a trier\AusLogics Disk Defrag\Lang\fr.lng (9,84 K/S -   10 075 bytes)
[23:56:07] - [11] MIRKO.POZEN: Répertoire en Cours: D:\kerberos.htx\a trier\AusLogics Disk Defrag\Data\
[23:56:07] - [11] MIRKO.POZEN: Début du Téléchargement de: D:\kerberos.htx\a trier\AusLogics Disk Defrag\Data\about.png
[23:56:07] - [11] MIRKO.POZEN: Fichier envoyé: D:\kerberos.htx\a trier\AusLogics Disk Defrag\Data\about.png (29,16 K/S -   29 860 bytes)
[23:56:08] - [11] MIRKO.POZEN: Début du Téléchargement de: D:\kerberos.htx\a trier\AusLogics Disk Defrag\Data\main.ini
[23:56:08] - [11] MIRKO.POZEN: Fichier envoyé: D:\kerberos.htx\a trier\AusLogics Disk Defrag\Data\main.ini (0,90 K/S -    919 bytes)
[23:56:09] - [11] MIRKO.POZEN: Début du Téléchargement de: D:\kerberos.htx\a trier\AusLogics Disk Defrag\Data\Thumbs.db
[23:56:09] - [11] MIRKO.POZEN: Fichier envoyé: D:\kerberos.htx\a trier\AusLogics Disk Defrag\Data\Thumbs.db (4,00 K/S -   4 096 bytes)
[23:56:27] - [9] MIRKO.POZEN: Répertoire en Cours: D:\kerberos.htx\a trier\
[23:56:27] - [9] MIRKO.POZEN: Répertoire en Cours: D:\kerberos.htx\a trier\progz mig\
[23:56:39] - [11] Client 192.168.0.1 Déconnecté (00:00:56 Min)
[23:57:08] - [9] MIRKO.POZEN: Répertoire en Cours: D:\kerberos.htx\a trier\
[23:57:09] - [9] MIRKO.POZEN: Répertoire en Cours: D:\kerberos.htx\a trier\rar\
[23:57:44] - [9] MIRKO.POZEN: Répertoire en Cours: D:\kerberos.htx\a trier\
[23:57:45] - [9] MIRKO.POZEN: Répertoire en Cours: D:\kerberos.htx\a trier\exe\
