[14:13:59] - Serveur Démarré
[14:13:59] - FTP Port: 21
[14:23:44] - [1] Connecté à 192.168.0.9. Collecte du Nom d'utilisateur.
[14:23:44] - [1] Client 192.168.0.9 Déconnecté (00:00:00 Min)
[14:27:31] - [2] Connecté à 192.168.0.9. Collecte du Nom d'utilisateur.
[14:27:31] - [2] Usager MIRKO.POZEN Connecté IP: 192.168.0.9
[14:27:31] - [2] MIRKO.POZEN: Répertoire en Cours: D:\kerberos.htx\
[14:27:31] - [2] MIRKO.POZEN: Répertoire en Cours: D:\kerberos.htx\
[14:27:43] - [2] MIRKO.POZEN: Répertoire en Cours: D:\kerberos.htx\Hoic\
[14:28:04] - [2] MIRKO.POZEN: Répertoire en Cours: D:\kerberos.htx\Hoic\buttons2\
[14:28:04] - [2] MIRKO.POZEN: Répertoire en Cours: D:\kerberos.htx\Hoic\buttons2\buttons\
[14:28:04] - [3] Connecté à 192.168.0.9. Collecte du Nom d'utilisateur.
[14:28:04] - [4] Connecté à 192.168.0.9. Collecte du Nom d'utilisateur.
[14:28:04] - [4] Client 192.168.0.9 Déconnecté (00:00:00 Min)
[14:28:04] - [3] Usager MIRKO.POZEN Connecté IP: 192.168.0.9
[14:28:04] - [3] MIRKO.POZEN: Répertoire en Cours: D:\kerberos.htx\
[14:28:04] - [2] MIRKO.POZEN: Répertoire en Cours: D:\kerberos.htx\Hoic\
[14:28:04] - [2] MIRKO.POZEN: Début du Téléchargement de: D:\kerberos.htx\Hoic\GenericBoost.hoic
[14:28:04] - [3] MIRKO.POZEN: Répertoire en Cours: D:\kerberos.htx\Hoic\
[14:28:04] - [2] MIRKO.POZEN: Fichier envoyé: D:\kerberos.htx\Hoic\GenericBoost.hoic (3,13 K/S -   3 201 bytes)
[14:28:04] - [3] MIRKO.POZEN: Début du Téléchargement de: D:\kerberos.htx\Hoic\DUTCH FREEDOM.txt
[14:28:04] - [3] MIRKO.POZEN: Fichier envoyé: D:\kerberos.htx\Hoic\DUTCH FREEDOM.txt (1,75 K/S -   1 796 bytes)
[14:28:04] - [3] MIRKO.POZEN: Début du Téléchargement de: D:\kerberos.htx\Hoic\hoic.rdp.rbp
[14:28:04] - [3] MIRKO.POZEN: Fichier envoyé: D:\kerberos.htx\Hoic\hoic.rdp.rbp (221,02 K/S -   226 328 bytes)
[14:28:04] - [3] MIRKO.POZEN: Début du Téléchargement de: D:\kerberos.htx\Hoic\hoic2.1.exe
[14:28:06] - [3] MIRKO.POZEN: Fichier envoyé: D:\kerberos.htx\Hoic\hoic2.1.exe (4 346,79 K/S -  8 902 228 bytes)
[14:28:06] - [3] MIRKO.POZEN: Début du Téléchargement de: D:\kerberos.htx\Hoic\user-agent-test.hoic
[14:28:06] - [3] MIRKO.POZEN: Fichier envoyé: D:\kerberos.htx\Hoic\user-agent-test.hoic (0,05 K/S -    47 bytes)
[14:28:06] - [3] MIRKO.POZEN: Début du Téléchargement de: D:\kerberos.htx\Hoic\visa_stress.hoic
[14:28:06] - [3] MIRKO.POZEN: Fichier envoyé: D:\kerberos.htx\Hoic\visa_stress.hoic (0,69 K/S -    711 bytes)
[14:28:06] - [3] MIRKO.POZEN: Répertoire en Cours: D:\kerberos.htx\Hoic\buttons2\
[14:28:06] - [3] MIRKO.POZEN: Début du Téléchargement de: D:\kerberos.htx\Hoic\buttons2\buttons.rar
[14:28:06] - [3] MIRKO.POZEN: Fichier envoyé: D:\kerberos.htx\Hoic\buttons2\buttons.rar (59,04 K/S -   60 452 bytes)
[14:28:06] - [3] MIRKO.POZEN: Répertoire en Cours: D:\kerberos.htx\Hoic\buttons2\buttons\
[14:28:06] - [3] MIRKO.POZEN: Début du Téléchargement de: D:\kerberos.htx\Hoic\buttons2\buttons\4add.png
[14:28:06] - [3] MIRKO.POZEN: Fichier envoyé: D:\kerberos.htx\Hoic\buttons2\buttons\4add.png (3,95 K/S -   4 040 bytes)
[14:28:06] - [3] MIRKO.POZEN: Début du Téléchargement de: D:\kerberos.htx\Hoic\buttons2\buttons\6266.png
[14:28:06] - [3] MIRKO.POZEN: Fichier envoyé: D:\kerberos.htx\Hoic\buttons2\buttons\6266.png (3,93 K/S -   4 022 bytes)
[14:28:06] - [3] MIRKO.POZEN: Début du Téléchargement de: D:\kerberos.htx\Hoic\buttons2\buttons\666.png
[14:28:06] - [3] MIRKO.POZEN: Fichier envoyé: D:\kerberos.htx\Hoic\buttons2\buttons\666.png (3,83 K/S -   3 918 bytes)
[14:28:06] - [3] MIRKO.POZEN: Début du Téléchargement de: D:\kerberos.htx\Hoic\buttons2\buttons\6666.png
[14:28:06] - [3] MIRKO.POZEN: Fichier envoyé: D:\kerberos.htx\Hoic\buttons2\buttons\6666.png (3,90 K/S -   3 996 bytes)
[14:28:06] - [3] MIRKO.POZEN: Début du Téléchargement de: D:\kerberos.htx\Hoic\buttons2\buttons\add.png
[14:28:06] - [3] MIRKO.POZEN: Fichier envoyé: D:\kerberos.htx\Hoic\buttons2\buttons\add.png (3,82 K/S -   3 912 bytes)
[14:28:06] - [3] MIRKO.POZEN: Début du Téléchargement de: D:\kerberos.htx\Hoic\buttons2\buttons\add2.png
[14:28:06] - [3] MIRKO.POZEN: Fichier envoyé: D:\kerberos.htx\Hoic\buttons2\buttons\add2.png (3,83 K/S -   3 923 bytes)
[14:28:06] - [3] MIRKO.POZEN: Début du Téléchargement de: D:\kerberos.htx\Hoic\buttons2\buttons\add3.png
[14:28:06] - [3] MIRKO.POZEN: Fichier envoyé: D:\kerberos.htx\Hoic\buttons2\buttons\add3.png (3,87 K/S -   3 958 bytes)
[14:28:06] - [3] MIRKO.POZEN: Début du Téléchargement de: D:\kerberos.htx\Hoic\buttons2\buttons\button - Copy.png
[14:28:06] - [3] MIRKO.POZEN: Fichier envoyé: D:\kerberos.htx\Hoic\buttons2\buttons\button - Copy.png (3,63 K/S -   3 721 bytes)
[14:28:06] - [3] MIRKO.POZEN: Début du Téléchargement de: D:\kerberos.htx\Hoic\buttons2\buttons\button.png
[14:28:06] - [3] MIRKO.POZEN: Fichier envoyé: D:\kerberos.htx\Hoic\buttons2\buttons\button.png (3,63 K/S -   3 721 bytes)
[14:28:06] - [3] MIRKO.POZEN: Début du Téléchargement de: D:\kerberos.htx\Hoic\buttons2\buttons\button3.png
[14:28:06] - [3] MIRKO.POZEN: Fichier envoyé: D:\kerberos.htx\Hoic\buttons2\buttons\button3.png (3,68 K/S -   3 767 bytes)
[14:28:06] - [3] MIRKO.POZEN: Début du Téléchargement de: D:\kerberos.htx\Hoic\buttons2\buttons\button4.png
[14:28:06] - [3] MIRKO.POZEN: Fichier envoyé: D:\kerberos.htx\Hoic\buttons2\buttons\button4.png (3,56 K/S -   3 644 bytes)
[14:28:06] - [3] MIRKO.POZEN: Début du Téléchargement de: D:\kerberos.htx\Hoic\buttons2\buttons\button5y.png
[14:28:06] - [3] MIRKO.POZEN: Fichier envoyé: D:\kerberos.htx\Hoic\buttons2\buttons\button5y.png (3,56 K/S -   3 644 bytes)
[14:28:06] - [3] MIRKO.POZEN: Début du Téléchargement de: D:\kerberos.htx\Hoic\buttons2\buttons\lazer.png
[14:28:06] - [3] MIRKO.POZEN: Fichier envoyé: D:\kerberos.htx\Hoic\buttons2\buttons\lazer.png (5,29 K/S -   5 416 bytes)
[14:28:06] - [3] MIRKO.POZEN: Début du Téléchargement de: D:\kerberos.htx\Hoic\buttons2\buttons\remo4ve.png
[14:28:06] - [3] MIRKO.POZEN: Fichier envoyé: D:\kerberos.htx\Hoic\buttons2\buttons\remo4ve.png (3,57 K/S -   3 658 bytes)
[14:28:06] - [3] MIRKO.POZEN: Début du Téléchargement de: D:\kerberos.htx\Hoic\buttons2\buttons\remove.png
[14:28:06] - [3] MIRKO.POZEN: Fichier envoyé: D:\kerberos.htx\Hoic\buttons2\buttons\remove.png (3,49 K/S -   3 578 bytes)
[14:28:06] - [3] MIRKO.POZEN: Début du Téléchargement de: D:\kerberos.htx\Hoic\buttons2\buttons\removeqw.png
[14:28:06] - [3] MIRKO.POZEN: Fichier envoyé: D:\kerberos.htx\Hoic\buttons2\buttons\removeqw.png (3,39 K/S -   3 470 bytes)
[14:28:06] - [3] MIRKO.POZEN: Début du Téléchargement de: D:\kerberos.htx\Hoic\buttons2\buttons\scripts.png
[14:28:06] - [3] MIRKO.POZEN: Fichier envoyé: D:\kerberos.htx\Hoic\buttons2\buttons\scripts.png (4,86 K/S -   4 975 bytes)
[14:28:06] - [3] MIRKO.POZEN: Début du Téléchargement de: D:\kerberos.htx\Hoic\buttons2\buttons\turbo.png
[14:28:06] - [3] MIRKO.POZEN: Fichier envoyé: D:\kerberos.htx\Hoic\buttons2\buttons\turbo.png (5,14 K/S -   5 268 bytes)
[14:28:06] - [3] MIRKO.POZEN: Début du Téléchargement de: D:\kerberos.htx\Hoic\buttons2\buttons\turbo2.png
[14:28:06] - [3] MIRKO.POZEN: Fichier envoyé: D:\kerberos.htx\Hoic\buttons2\buttons\turbo2.png (5,38 K/S -   5 511 bytes)
[14:28:36] - [3] Client 192.168.0.9 Déconnecté (00:00:32 Min)
[14:31:23] - [2] Client 192.168.0.9 Déconnecté (00:03:52 Min)
