[16:44:15] - Serveur Démarré
[16:44:15] - FTP Port: 21
[16:50:48] - [1] Connecté à 192.168.0.1. Collecte du Nom d'utilisateur.
[16:50:48] - [1] Usager MIRKO.POZEN Connecté IP: 192.168.0.1
[16:50:48] - [1] MIRKO.POZEN: Répertoire en Cours: E:\kerberos.htx\
[16:50:48] - [1] MIRKO.POZEN: Répertoire en Cours: E:\kerberos.htx\
[16:51:01] - [1] MIRKO.POZEN: Répertoire en Cours: E:\kerberos.htx\rar\
[16:51:33] - [2] Connecté à 192.168.0.1. Collecte du Nom d'utilisateur.
[16:51:33] - [2] Usager MIRKO.POZEN Connecté IP: 192.168.0.1
[16:51:33] - [2] MIRKO.POZEN: Répertoire en Cours: E:\kerberos.htx\
[16:51:33] - [2] MIRKO.POZEN: Répertoire en Cours: E:\kerberos.htx\rar\
[16:51:33] - [2] MIRKO.POZEN: Début du Téléchargement de: E:\kerberos.htx\rar\paint shop pro 8 relase.rar
[16:56:36] - [3] Connecté à 45.79.106.170. Collecte du Nom d'utilisateur.
[16:56:36] - [3] Client 45.79.106.170 Déconnecté (00:00:00 Min)
[16:57:35] - [2] MIRKO.POZEN: Fichier envoyé: E:\kerberos.htx\rar\paint shop pro 8 relase.rar (672,37 K/S -  249 239 850 bytes)
[16:58:05] - [2] Client 192.168.0.1 Déconnecté (00:06:32 Min)
[16:59:10] - [1] Client 192.168.0.1 Déconnecté (00:08:22 Min)
[16:59:57] - [4] Connecté à 192.168.0.1. Collecte du Nom d'utilisateur.
[16:59:57] - [4] Usager MIRKO.POZEN Connecté IP: 192.168.0.1
[16:59:57] - [4] MIRKO.POZEN: Répertoire en Cours: E:\kerberos.htx\
[16:59:57] - [4] MIRKO.POZEN: Répertoire en Cours: E:\kerberos.htx\
[17:01:10] - [4] MIRKO.POZEN: Répertoire en Cours: E:\kerberos.htx\exe\
[17:01:35] - [5] Connecté à 192.168.0.1. Collecte du Nom d'utilisateur.
[17:01:35] - [5] Usager MIRKO.POZEN Connecté IP: 192.168.0.1
[17:01:35] - [5] MIRKO.POZEN: Répertoire en Cours: E:\kerberos.htx\
[17:01:35] - [5] MIRKO.POZEN: Répertoire en Cours: E:\kerberos.htx\exe\
[17:01:35] - [5] MIRKO.POZEN: Début du Téléchargement de: E:\kerberos.htx\exe\winrar.exe
[17:01:40] - [5] MIRKO.POZEN: Fichier envoyé: E:\kerberos.htx\exe\winrar.exe (511,99 K/S -  2 621 400 bytes)
[17:02:12] - [5] Client 192.168.0.1 Déconnecté (00:00:37 Min)
[17:11:09] - [6] Connecté à 192.168.0.1. Collecte du Nom d'utilisateur.
[17:11:09] - [6] Usager MIRKO.POZEN Connecté IP: 192.168.0.1
[17:11:09] - [6] MIRKO.POZEN: Répertoire en Cours: E:\kerberos.htx\
[17:11:09] - [6] MIRKO.POZEN: Répertoire en Cours: E:\kerberos.htx\
[17:11:33] - [4] MIRKO.POZEN: Répertoire en Cours: E:\kerberos.htx\
[17:11:33] - [4] MIRKO.POZEN: Répertoire en Cours: E:\kerberos.htx\100NIKON\
[17:11:38] - [7] Connecté à 192.168.0.1. Collecte du Nom d'utilisateur.
[17:11:38] - [8] Connecté à 192.168.0.1. Collecte du Nom d'utilisateur.
[17:11:38] - [7] Usager MIRKO.POZEN Connecté IP: 192.168.0.1
[17:11:38] - [7] MIRKO.POZEN: Répertoire en Cours: E:\kerberos.htx\
[17:11:38] - [8] Usager MIRKO.POZEN Connecté IP: 192.168.0.1
[17:11:38] - [8] MIRKO.POZEN: Répertoire en Cours: E:\kerberos.htx\
[17:11:38] - [7] MIRKO.POZEN: Répertoire en Cours: E:\kerberos.htx\100NIKON\
[17:11:38] - [8] MIRKO.POZEN: Répertoire en Cours: E:\kerberos.htx\100NIKON\
[17:11:38] - [7] MIRKO.POZEN: Début du Téléchargement de: E:\kerberos.htx\100NIKON\DSCN5118.JPG
[17:11:38] - [8] MIRKO.POZEN: Début du Téléchargement de: E:\kerberos.htx\100NIKON\DSCN5119.JPG
[17:11:46] - [7] MIRKO.POZEN: Fichier envoyé: E:\kerberos.htx\100NIKON\DSCN5118.JPG (438,33 K/S -  3 590 836 bytes)
[17:11:46] - [7] MIRKO.POZEN: Début du Téléchargement de: E:\kerberos.htx\100NIKON\DSCN5120.JPG
[17:11:49] - [8] MIRKO.POZEN: Fichier envoyé: E:\kerberos.htx\100NIKON\DSCN5119.JPG (347,80 K/S -  3 917 586 bytes)
[17:11:49] - [8] MIRKO.POZEN: Début du Téléchargement de: E:\kerberos.htx\100NIKON\DSCN5121.JPG
[17:11:56] - [7] MIRKO.POZEN: Fichier envoyé: E:\kerberos.htx\100NIKON\DSCN5120.JPG (354,79 K/S -  3 633 078 bytes)
[17:11:56] - [7] MIRKO.POZEN: Début du Téléchargement de: E:\kerberos.htx\100NIKON\DSCN5122.JPG
[17:11:58] - [6] Client 192.168.0.1 Déconnecté (00:00:48 Min)
[17:11:59] - [8] MIRKO.POZEN: Fichier envoyé: E:\kerberos.htx\100NIKON\DSCN5121.JPG (346,46 K/S -  3 547 700 bytes)
[17:11:59] - [8] MIRKO.POZEN: Début du Téléchargement de: E:\kerberos.htx\100NIKON\DSCN5123.JPG
[17:12:05] - [7] MIRKO.POZEN: Fichier envoyé: E:\kerberos.htx\100NIKON\DSCN5122.JPG (382,49 K/S -  3 524 999 bytes)
[17:12:05] - [7] MIRKO.POZEN: Début du Téléchargement de: E:\kerberos.htx\100NIKON\DSCN5124.JPG
[17:12:09] - [8] MIRKO.POZEN: Fichier envoyé: E:\kerberos.htx\100NIKON\DSCN5123.JPG (406,06 K/S -  3 742 287 bytes)
[17:12:09] - [8] MIRKO.POZEN: Début du Téléchargement de: E:\kerberos.htx\100NIKON\DSCN5125.JPG
[17:12:15] - [7] MIRKO.POZEN: Fichier envoyé: E:\kerberos.htx\100NIKON\DSCN5124.JPG (402,33 K/S -  3 707 895 bytes)
[17:12:15] - [7] MIRKO.POZEN: Début du Téléchargement de: E:\kerberos.htx\100NIKON\DSCN5126.JPG
[17:12:18] - [8] MIRKO.POZEN: Fichier envoyé: E:\kerberos.htx\100NIKON\DSCN5125.JPG (358,88 K/S -  3 674 956 bytes)
[17:12:18] - [8] MIRKO.POZEN: Début du Téléchargement de: E:\kerberos.htx\100NIKON\DSCN5127.JPG
[17:12:25] - [7] MIRKO.POZEN: Fichier envoyé: E:\kerberos.htx\100NIKON\DSCN5126.JPG (361,72 K/S -  3 704 006 bytes)
[17:12:25] - [7] MIRKO.POZEN: Début du Téléchargement de: E:\kerberos.htx\100NIKON\DSCN5128.JPG
[17:12:28] - [8] MIRKO.POZEN: Fichier envoyé: E:\kerberos.htx\100NIKON\DSCN5127.JPG (383,05 K/S -  3 922 421 bytes)
[17:12:29] - [8] MIRKO.POZEN: Début du Téléchargement de: E:\kerberos.htx\100NIKON\DSCN5136.JPG
[17:12:34] - [7] MIRKO.POZEN: Fichier envoyé: E:\kerberos.htx\100NIKON\DSCN5128.JPG (351,92 K/S -  3 603 680 bytes)
[17:12:34] - [7] MIRKO.POZEN: Début du Téléchargement de: E:\kerberos.htx\100NIKON\DSCN5137.JPG
[17:12:38] - [8] MIRKO.POZEN: Fichier envoyé: E:\kerberos.htx\100NIKON\DSCN5136.JPG (362,46 K/S -  3 711 636 bytes)
[17:12:38] - [8] MIRKO.POZEN: Début du Téléchargement de: E:\kerberos.htx\100NIKON\DSCN5138.JPG
[17:12:44] - [7] MIRKO.POZEN: Fichier envoyé: E:\kerberos.htx\100NIKON\DSCN5137.JPG (363,01 K/S -  3 717 189 bytes)
[17:12:44] - [7] MIRKO.POZEN: Début du Téléchargement de: E:\kerberos.htx\100NIKON\DSCN5139.JPG
[17:12:48] - [8] MIRKO.POZEN: Fichier envoyé: E:\kerberos.htx\100NIKON\DSCN5138.JPG (353,23 K/S -  3 617 056 bytes)
[17:12:48] - [8] MIRKO.POZEN: Début du Téléchargement de: E:\kerberos.htx\100NIKON\DSCN5140.JPG
[17:12:53] - [7] MIRKO.POZEN: Fichier envoyé: E:\kerberos.htx\100NIKON\DSCN5139.JPG (381,41 K/S -  3 515 086 bytes)
[17:12:53] - [7] MIRKO.POZEN: Début du Téléchargement de: E:\kerberos.htx\100NIKON\DSCN5173.JPG
[17:12:58] - [8] MIRKO.POZEN: Fichier envoyé: E:\kerberos.htx\100NIKON\DSCN5140.JPG (391,10 K/S -  3 604 405 bytes)
[17:12:58] - [8] MIRKO.POZEN: Début du Téléchargement de: E:\kerberos.htx\100NIKON\DSCN5174.JPG
[17:13:03] - [7] MIRKO.POZEN: Fichier envoyé: E:\kerberos.htx\100NIKON\DSCN5173.JPG (355,16 K/S -  3 636 880 bytes)
[17:13:03] - [7] MIRKO.POZEN: Début du Téléchargement de: E:\kerberos.htx\100NIKON\DSCN5175.JPG
[17:13:07] - [8] MIRKO.POZEN: Fichier envoyé: E:\kerberos.htx\100NIKON\DSCN5174.JPG (349,60 K/S -  3 579 872 bytes)
[17:13:07] - [8] MIRKO.POZEN: Début du Téléchargement de: E:\kerberos.htx\100NIKON\DSCN5176.JPG
[17:13:13] - [7] MIRKO.POZEN: Fichier envoyé: E:\kerberos.htx\100NIKON\DSCN5175.JPG (388,26 K/S -  3 578 203 bytes)
[17:13:13] - [7] MIRKO.POZEN: Début du Téléchargement de: E:\kerberos.htx\100NIKON\DSCN5177.JPG
[17:13:17] - [8] MIRKO.POZEN: Fichier envoyé: E:\kerberos.htx\100NIKON\DSCN5176.JPG (361,01 K/S -  3 696 715 bytes)
[17:13:17] - [8] MIRKO.POZEN: Début du Téléchargement de: E:\kerberos.htx\100NIKON\DSCN5178.JPG
[17:13:22] - [7] MIRKO.POZEN: Fichier envoyé: E:\kerberos.htx\100NIKON\DSCN5177.JPG (365,13 K/S -  3 365 046 bytes)
[17:13:22] - [7] MIRKO.POZEN: Début du Téléchargement de: E:\kerberos.htx\100NIKON\DSCN5179.JPG
[17:13:27] - [8] MIRKO.POZEN: Fichier envoyé: E:\kerberos.htx\100NIKON\DSCN5178.JPG (386,73 K/S -  3 564 121 bytes)
[17:13:27] - [8] MIRKO.POZEN: Début du Téléchargement de: E:\kerberos.htx\100NIKON\DSCN5180.JPG
[17:13:31] - [7] MIRKO.POZEN: Fichier envoyé: E:\kerberos.htx\100NIKON\DSCN5179.JPG (345,39 K/S -  3 536 772 bytes)
[17:13:31] - [7] MIRKO.POZEN: Début du Téléchargement de: E:\kerberos.htx\100NIKON\DSCN5181.JPG
[17:13:36] - [8] MIRKO.POZEN: Fichier envoyé: E:\kerberos.htx\100NIKON\DSCN5180.JPG (388,11 K/S -  3 576 835 bytes)
[17:13:36] - [8] MIRKO.POZEN: Début du Téléchargement de: E:\kerberos.htx\100NIKON\DSCN5182.JPG
[17:13:40] - [7] MIRKO.POZEN: Fichier envoyé: E:\kerberos.htx\100NIKON\DSCN5181.JPG (377,38 K/S -  3 477 898 bytes)
[17:13:40] - [7] MIRKO.POZEN: Début du Téléchargement de: E:\kerberos.htx\100NIKON\DSCN5217.JPG
[17:13:45] - [8] MIRKO.POZEN: Fichier envoyé: E:\kerberos.htx\100NIKON\DSCN5182.JPG (387,57 K/S -  3 571 881 bytes)
[17:13:45] - [8] MIRKO.POZEN: Début du Téléchargement de: E:\kerberos.htx\100NIKON\DSCN5218.JPG
[17:13:50] - [7] MIRKO.POZEN: Fichier envoyé: E:\kerberos.htx\100NIKON\DSCN5217.JPG (395,84 K/S -  3 648 055 bytes)
[17:13:50] - [7] MIRKO.POZEN: Début du Téléchargement de: E:\kerberos.htx\100NIKON\DSCN5219.JPG
[17:13:55] - [8] MIRKO.POZEN: Fichier envoyé: E:\kerberos.htx\100NIKON\DSCN5218.JPG (368,32 K/S -  3 771 588 bytes)
[17:13:55] - [8] MIRKO.POZEN: Début du Téléchargement de: E:\kerberos.htx\100NIKON\DSCN5220.JPG
[17:13:59] - [7] MIRKO.POZEN: Fichier envoyé: E:\kerberos.htx\100NIKON\DSCN5219.JPG (358,46 K/S -  3 670 620 bytes)
[17:13:59] - [7] MIRKO.POZEN: Début du Téléchargement de: E:\kerberos.htx\100NIKON\DSCN5221.JPG
[17:14:05] - [8] MIRKO.POZEN: Fichier envoyé: E:\kerberos.htx\100NIKON\DSCN5220.JPG (369,44 K/S -  3 783 030 bytes)
[17:14:05] - [8] MIRKO.POZEN: Début du Téléchargement de: E:\kerberos.htx\100NIKON\DSCN5222.JPG
[17:14:09] - [7] MIRKO.POZEN: Fichier envoyé: E:\kerberos.htx\100NIKON\DSCN5221.JPG (368,33 K/S -  3 771 739 bytes)
[17:14:09] - [7] MIRKO.POZEN: Début du Téléchargement de: E:\kerberos.htx\100NIKON\DSCN5223.JPG
[17:14:15] - [8] MIRKO.POZEN: Fichier envoyé: E:\kerberos.htx\100NIKON\DSCN5222.JPG (399,52 K/S -  3 681 931 bytes)
[17:14:15] - [8] MIRKO.POZEN: Début du Téléchargement de: E:\kerberos.htx\100NIKON\DSCN5224.JPG
[17:14:19] - [7] MIRKO.POZEN: Fichier envoyé: E:\kerberos.htx\100NIKON\DSCN5223.JPG (398,26 K/S -  3 670 321 bytes)
[17:14:19] - [7] MIRKO.POZEN: Début du Téléchargement de: E:\kerberos.htx\100NIKON\DSCN5225.JPG
[17:14:24] - [8] MIRKO.POZEN: Fichier envoyé: E:\kerberos.htx\100NIKON\DSCN5224.JPG (340,46 K/S -  3 486 271 bytes)
[17:14:24] - [8] MIRKO.POZEN: Début du Téléchargement de: E:\kerberos.htx\100NIKON\DSCN5226.JPG
[17:14:28] - [7] MIRKO.POZEN: Fichier envoyé: E:\kerberos.htx\100NIKON\DSCN5225.JPG (370,82 K/S -  3 417 434 bytes)
[17:14:28] - [7] MIRKO.POZEN: Début du Téléchargement de: E:\kerberos.htx\100NIKON\DSCN5227.JPG
[17:14:34] - [8] MIRKO.POZEN: Fichier envoyé: E:\kerberos.htx\100NIKON\DSCN5226.JPG (390,56 K/S -  3 599 428 bytes)
[17:14:34] - [8] MIRKO.POZEN: Début du Téléchargement de: E:\kerberos.htx\100NIKON\DSCN5241.JPG
[17:14:38] - [7] MIRKO.POZEN: Fichier envoyé: E:\kerberos.htx\100NIKON\DSCN5227.JPG (362,48 K/S -  3 711 764 bytes)
[17:14:38] - [7] MIRKO.POZEN: Début du Téléchargement de: E:\kerberos.htx\100NIKON\DSCN5242.JPG
[17:14:43] - [8] MIRKO.POZEN: Fichier envoyé: E:\kerberos.htx\100NIKON\DSCN5241.JPG (399,96 K/S -  3 686 013 bytes)
[17:14:43] - [8] MIRKO.POZEN: Début du Téléchargement de: E:\kerberos.htx\100NIKON\DSCN5243.JPG
[17:14:46] - [7] MIRKO.POZEN: Fichier envoyé: E:\kerberos.htx\100NIKON\DSCN5242.JPG (391,95 K/S -  3 612 193 bytes)
[17:14:46] - [7] MIRKO.POZEN: Début du Téléchargement de: E:\kerberos.htx\100NIKON\DSCN5268.JPG
[17:14:52] - [8] MIRKO.POZEN: Fichier envoyé: E:\kerberos.htx\100NIKON\DSCN5243.JPG (360,28 K/S -  3 689 279 bytes)
[17:14:52] - [8] MIRKO.POZEN: Début du Téléchargement de: E:\kerberos.htx\100NIKON\DSCN5271.JPG
[17:14:55] - [7] MIRKO.POZEN: Fichier envoyé: E:\kerberos.htx\100NIKON\DSCN5268.JPG (386,34 K/S -  3 560 531 bytes)
[17:14:55] - [7] MIRKO.POZEN: Début du Téléchargement de: E:\kerberos.htx\100NIKON\DSCN5272.JPG
[17:15:01] - [8] MIRKO.POZEN: Fichier envoyé: E:\kerberos.htx\100NIKON\DSCN5271.JPG (374,96 K/S -  3 455 663 bytes)
[17:15:01] - [8] MIRKO.POZEN: Début du Téléchargement de: E:\kerberos.htx\100NIKON\DSCN5273.JPG
[17:15:04] - [7] MIRKO.POZEN: Fichier envoyé: E:\kerberos.htx\100NIKON\DSCN5272.JPG (375,13 K/S -  3 457 239 bytes)
[17:15:08] - [8] MIRKO.POZEN: Fichier envoyé: E:\kerberos.htx\100NIKON\DSCN5273.JPG (575,68 K/S -  3 536 952 bytes)
[17:15:36] - [7] Client 192.168.0.1 Déconnecté (00:03:58 Min)
[17:15:39] - [8] Client 192.168.0.1 Déconnecté (00:04:01 Min)
[17:15:43] - [4] Client 192.168.0.1 Déconnecté (00:15:45 Min)
[17:31:12] - [9] Connecté à 39.37.209.118. Collecte du Nom d'utilisateur.
[17:31:12] - [9] Authentification Incorrect: Utilisateur LOCAL IP: 39.37.209.118
[17:31:13] - [9] Client 39.37.209.118 Déconnecté (00:00:00 Min)
[17:41:01] - [10] Connecté à 192.168.0.1. Collecte du Nom d'utilisateur.
[17:41:01] - [10] Usager MIRKO.POZEN Connecté IP: 192.168.0.1
[17:41:01] - [10] MIRKO.POZEN: Répertoire en Cours: E:\kerberos.htx\
[17:41:01] - [10] MIRKO.POZEN: Répertoire en Cours: E:\kerberos.htx\
