[02:54:12] - [80] Connecté à 192.241.193.196. Collecte du Nom d'utilisateur.
[02:54:13] - [80] Client 192.241.193.196 Déconnecté (00:00:00 Min)
[06:29:52] - [81] Connecté à 192.241.209.150. Collecte du Nom d'utilisateur.
[06:29:53] - [81] Client 192.241.209.150 Déconnecté (00:00:00 Min)
[07:24:05] - [82] Connecté à 192.241.204.85. Collecte du Nom d'utilisateur.
[07:24:15] - [82] Client 192.241.204.85 Déconnecté (00:00:09 Min)
[15:02:31] - [83] Connecté à 35.195.93.98. Collecte du Nom d'utilisateur.
[15:02:31] - [83] Client 35.195.93.98 Déconnecté (00:00:00 Min)
[15:02:31] - [84] Connecté à 35.195.93.98. Collecte du Nom d'utilisateur.
[15:02:31] - [84] Usager ANONYMOUS Connecté IP: 35.195.93.98
[15:02:31] - [84] Mot de Passe Incorrect: Utilisateur ANONYMOUS IP: 35.195.93.98
[15:02:31] - [84] Client 35.195.93.98 Déconnecté (00:00:00 Min)
[16:16:51] - [85] Connecté à 65.49.20.69. Collecte du Nom d'utilisateur.
[16:16:54] - [85] Client 65.49.20.69 Déconnecté (00:00:02 Min)
[16:37:20] - [86] Connecté à 167.94.138.47. Collecte du Nom d'utilisateur.
[16:37:36] - [86] Client 167.94.138.47 Déconnecté (00:00:15 Min)
[17:53:19] - [87] Connecté à 81.68.163.215. Collecte du Nom d'utilisateur.
[17:53:20] - [87] Client 81.68.163.215 Déconnecté (00:00:00 Min)
[17:53:32] - [88] Connecté à 81.68.163.215. Collecte du Nom d'utilisateur.
[17:53:33] - [88] Authentification Incorrect: Utilisateur WWW IP: 81.68.163.215
[17:53:33] - [88] Client 81.68.163.215 Déconnecté (00:00:00 Min)
[17:53:34] - [89] Connecté à 81.68.163.215. Collecte du Nom d'utilisateur.
[17:53:34] - [89] Authentification Incorrect: Utilisateur WWW IP: 81.68.163.215
[17:53:34] - [89] Client 81.68.163.215 Déconnecté (00:00:00 Min)
[18:12:11] - [90] Connecté à 205.210.31.54. Collecte du Nom d'utilisateur.
[18:12:43] - [90] Client 205.210.31.54 Déconnecté (00:00:32 Min)
[19:17:11] - [91] Connecté à 192.168.0.9. Collecte du Nom d'utilisateur.
[19:17:11] - [91] Usager MIRKO.POZEN Connecté IP: 192.168.0.9
[19:17:11] - [91] MIRKO.POZEN: Répertoire en Cours: D:\kerberos.htx\
[19:17:11] - [91] MIRKO.POZEN: Répertoire en Cours: D:\kerberos.htx\
[19:17:17] - [91] MIRKO.POZEN: Répertoire en Cours: D:\kerberos.htx\[PiratePC.Net] Wondershare Filmora 9.2.1.10 With _\
[19:17:19] - [91] MIRKO.POZEN: Répertoire en Cours: D:\kerberos.htx\[PiratePC.Net] Wondershare Filmora 9.2.1.10 With _\[PiratePC.Net] Wondershare Filmora 9.2.1.10 With Crack\
[19:17:24] - [91] MIRKO.POZEN: Répertoire en Cours: D:\kerberos.htx\
[19:17:24] - [91] MIRKO.POZEN: Répertoire en Cours: D:\kerberos.htx\000\
[19:17:26] - [91] MIRKO.POZEN: Répertoire en Cours: D:\kerberos.htx\000\crackwk7\
[19:17:37] - [91] MIRKO.POZEN: Répertoire en Cours: D:\kerberos.htx\
[19:17:37] - [91] MIRKO.POZEN: Répertoire en Cours: D:\kerberos.htx\Bruter_1.1\
[19:17:39] - [91] MIRKO.POZEN: Répertoire en Cours: D:\kerberos.htx\Bruter_1.1\Bruter_1.1\
[19:17:51] - [91] MIRKO.POZEN: Répertoire en Cours: D:\kerberos.htx\Bruter_1.1\Bruter_1.1\doc\
[19:17:51] - [91] MIRKO.POZEN: Répertoire en Cours: D:\kerberos.htx\Bruter_1.1\Bruter_1.1\
[19:17:51] - [91] MIRKO.POZEN: Répertoire en Cours: D:\kerberos.htx\Bruter_1.1\Bruter_1.1\cfg\
[19:17:51] - [91] MIRKO.POZEN: Répertoire en Cours: D:\kerberos.htx\Bruter_1.1\Bruter_1.1\cfg\_last_state\
[19:17:51] - [91] MIRKO.POZEN: Répertoire en Cours: D:\kerberos.htx\Bruter_1.1\Bruter_1.1\cfg\
[19:17:51] - [91] MIRKO.POZEN: Répertoire en Cours: D:\kerberos.htx\Bruter_1.1\Bruter_1.1\cfg\default\
[19:17:51] - [92] Connecté à 192.168.0.9. Collecte du Nom d'utilisateur.
[19:17:51] - [93] Connecté à 192.168.0.9. Collecte du Nom d'utilisateur.
[19:17:51] - [92] Trop D'Usager Connecter Pour ce Login: MIRKO.POZEN IP: 192.168.0.9
[19:17:51] - [93] Client 192.168.0.9 Déconnecté (00:00:00 Min)
[19:17:51] - [92] Client 192.168.0.9 Déconnecté (00:00:00 Min)
[19:17:51] - [91] MIRKO.POZEN: Répertoire en Cours: D:\kerberos.htx\Bruter_1.1\Bruter_1.1\
[19:17:51] - [91] MIRKO.POZEN: Début du Téléchargement de: D:\kerberos.htx\Bruter_1.1\Bruter_1.1\Changelog.txt
[19:17:51] - [91] MIRKO.POZEN: Fichier envoyé: D:\kerberos.htx\Bruter_1.1\Bruter_1.1\Changelog.txt (4,96 K/S -   5 074 bytes)
[19:17:51] - [91] MIRKO.POZEN: Début du Téléchargement de: D:\kerberos.htx\Bruter_1.1\Bruter_1.1\Bruter.exe
[19:17:51] - [91] MIRKO.POZEN: Fichier envoyé: D:\kerberos.htx\Bruter_1.1\Bruter_1.1\Bruter.exe (226,50 K/S -   231 936 bytes)
[19:18:12] - [94] Connecté à 192.168.0.9. Collecte du Nom d'utilisateur.
[19:18:12] - [95] Connecté à 192.168.0.9. Collecte du Nom d'utilisateur.
[19:18:12] - [95] Client 192.168.0.9 Déconnecté (00:00:00 Min)
[19:18:12] - [94] Usager MIRKO.POZEN Connecté IP: 192.168.0.9
[19:18:12] - [94] MIRKO.POZEN: Répertoire en Cours: D:\kerberos.htx\
[19:18:12] - [91] MIRKO.POZEN: Début du Téléchargement de: D:\kerberos.htx\Bruter_1.1\Bruter_1.1\example_dict.txt
[19:18:13] - [94] MIRKO.POZEN: Répertoire en Cours: D:\kerberos.htx\Bruter_1.1\Bruter_1.1\
[19:18:13] - [91] MIRKO.POZEN: Fichier envoyé: D:\kerberos.htx\Bruter_1.1\Bruter_1.1\example_dict.txt (0,13 K/S -    134 bytes)
[19:18:13] - [94] MIRKO.POZEN: Début du Téléchargement de: D:\kerberos.htx\Bruter_1.1\Bruter_1.1\dicouser.txt
[19:18:13] - [94] MIRKO.POZEN: Fichier envoyé: D:\kerberos.htx\Bruter_1.1\Bruter_1.1\dicouser.txt (0,10 K/S -    99 bytes)
[19:18:13] - [94] MIRKO.POZEN: Début du Téléchargement de: D:\kerberos.htx\Bruter_1.1\Bruter_1.1\libeay32.dll
[19:18:13] - [94] MIRKO.POZEN: Fichier envoyé: D:\kerberos.htx\Bruter_1.1\Bruter_1.1\libeay32.dll (1 074,00 K/S -  1 099 776 bytes)
[19:18:13] - [94] MIRKO.POZEN: Début du Téléchargement de: D:\kerberos.htx\Bruter_1.1\Bruter_1.1\libssh2.dll
[19:18:13] - [94] MIRKO.POZEN: Fichier envoyé: D:\kerberos.htx\Bruter_1.1\Bruter_1.1\libssh2.dll (105,50 K/S -   108 032 bytes)
[19:18:13] - [94] MIRKO.POZEN: Début du Téléchargement de: D:\kerberos.htx\Bruter_1.1\Bruter_1.1\LICENSE.txt
[19:18:13] - [94] MIRKO.POZEN: Fichier envoyé: D:\kerberos.htx\Bruter_1.1\Bruter_1.1\LICENSE.txt (1,50 K/S -   1 531 bytes)
[19:18:13] - [94] MIRKO.POZEN: Début du Téléchargement de: D:\kerberos.htx\Bruter_1.1\Bruter_1.1\LICENSE_openssl.txt
[19:18:13] - [94] MIRKO.POZEN: Fichier envoyé: D:\kerberos.htx\Bruter_1.1\Bruter_1.1\LICENSE_openssl.txt (6,26 K/S -   6 406 bytes)
[19:18:13] - [94] MIRKO.POZEN: Début du Téléchargement de: D:\kerberos.htx\Bruter_1.1\Bruter_1.1\README.txt
[19:18:13] - [94] MIRKO.POZEN: Fichier envoyé: D:\kerberos.htx\Bruter_1.1\Bruter_1.1\README.txt (0,02 K/S -    20 bytes)
[19:18:13] - [94] MIRKO.POZEN: Début du Téléchargement de: D:\kerberos.htx\Bruter_1.1\Bruter_1.1\realadmin.txt
[19:18:13] - [94] MIRKO.POZEN: Fichier envoyé: D:\kerberos.htx\Bruter_1.1\Bruter_1.1\realadmin.txt (0,01 K/S -    13 bytes)
[19:18:13] - [94] MIRKO.POZEN: Début du Téléchargement de: D:\kerberos.htx\Bruter_1.1\Bruter_1.1\realpassword.txt
[19:18:13] - [94] MIRKO.POZEN: Fichier envoyé: D:\kerberos.htx\Bruter_1.1\Bruter_1.1\realpassword.txt (0,02 K/S -    25 bytes)
[19:18:13] - [94] MIRKO.POZEN: Début du Téléchargement de: D:\kerberos.htx\Bruter_1.1\Bruter_1.1\ssleay32.dll
[19:18:13] - [94] MIRKO.POZEN: Fichier envoyé: D:\kerberos.htx\Bruter_1.1\Bruter_1.1\ssleay32.dll (231,50 K/S -   237 056 bytes)
[19:18:13] - [94] MIRKO.POZEN: Répertoire en Cours: D:\kerberos.htx\Bruter_1.1\Bruter_1.1\doc\
[19:18:13] - [94] MIRKO.POZEN: Début du Téléchargement de: D:\kerberos.htx\Bruter_1.1\Bruter_1.1\doc\ftp.html
[19:18:13] - [94] MIRKO.POZEN: Fichier envoyé: D:\kerberos.htx\Bruter_1.1\Bruter_1.1\doc\ftp.html (0,18 K/S -    185 bytes)
[19:18:13] - [94] MIRKO.POZEN: Début du Téléchargement de: D:\kerberos.htx\Bruter_1.1\Bruter_1.1\doc\http.html
[19:18:13] - [94] MIRKO.POZEN: Fichier envoyé: D:\kerberos.htx\Bruter_1.1\Bruter_1.1\doc\http.html (0,64 K/S -    652 bytes)
[19:18:13] - [94] MIRKO.POZEN: Début du Téléchargement de: D:\kerberos.htx\Bruter_1.1\Bruter_1.1\doc\imap.html
[19:18:13] - [94] MIRKO.POZEN: Fichier envoyé: D:\kerberos.htx\Bruter_1.1\Bruter_1.1\doc\imap.html (1,42 K/S -   1 458 bytes)
[19:18:13] - [94] MIRKO.POZEN: Début du Téléchargement de: D:\kerberos.htx\Bruter_1.1\Bruter_1.1\doc\index.html
[19:18:13] - [94] MIRKO.POZEN: Fichier envoyé: D:\kerberos.htx\Bruter_1.1\Bruter_1.1\doc\index.html (9,97 K/S -   10 214 bytes)
[19:18:13] - [94] MIRKO.POZEN: Début du Téléchargement de: D:\kerberos.htx\Bruter_1.1\Bruter_1.1\doc\mssql.html
[19:18:13] - [94] MIRKO.POZEN: Fichier envoyé: D:\kerberos.htx\Bruter_1.1\Bruter_1.1\doc\mssql.html (0,30 K/S -    307 bytes)
[19:18:13] - [94] MIRKO.POZEN: Début du Téléchargement de: D:\kerberos.htx\Bruter_1.1\Bruter_1.1\doc\mysql.html
[19:18:13] - [94] MIRKO.POZEN: Fichier envoyé: D:\kerberos.htx\Bruter_1.1\Bruter_1.1\doc\mysql.html (0,30 K/S -    307 bytes)
[19:18:13] - [94] MIRKO.POZEN: Début du Téléchargement de: D:\kerberos.htx\Bruter_1.1\Bruter_1.1\doc\pgsql.html
[19:18:13] - [94] MIRKO.POZEN: Fichier envoyé: D:\kerberos.htx\Bruter_1.1\Bruter_1.1\doc\pgsql.html (0,36 K/S -    366 bytes)
[19:18:13] - [94] MIRKO.POZEN: Début du Téléchargement de: D:\kerberos.htx\Bruter_1.1\Bruter_1.1\doc\pop3.html
[19:18:13] - [94] MIRKO.POZEN: Fichier envoyé: D:\kerberos.htx\Bruter_1.1\Bruter_1.1\doc\pop3.html (1,44 K/S -   1 470 bytes)
[19:18:13] - [94] MIRKO.POZEN: Début du Téléchargement de: D:\kerberos.htx\Bruter_1.1\Bruter_1.1\doc\sip.html
[19:18:13] - [94] MIRKO.POZEN: Fichier envoyé: D:\kerberos.htx\Bruter_1.1\Bruter_1.1\doc\sip.html (0,59 K/S -    601 bytes)
[19:18:13] - [94] MIRKO.POZEN: Début du Téléchargement de: D:\kerberos.htx\Bruter_1.1\Bruter_1.1\doc\smb.html
[19:18:13] - [94] MIRKO.POZEN: Fichier envoyé: D:\kerberos.htx\Bruter_1.1\Bruter_1.1\doc\smb.html (3,56 K/S -   3 641 bytes)
[19:18:13] - [94] MIRKO.POZEN: Début du Téléchargement de: D:\kerberos.htx\Bruter_1.1\Bruter_1.1\doc\smtp.html
[19:18:13] - [94] MIRKO.POZEN: Fichier envoyé: D:\kerberos.htx\Bruter_1.1\Bruter_1.1\doc\smtp.html (1,43 K/S -   1 463 bytes)
[19:18:13] - [94] MIRKO.POZEN: Début du Téléchargement de: D:\kerberos.htx\Bruter_1.1\Bruter_1.1\doc\snmp.html
[19:18:13] - [94] MIRKO.POZEN: Fichier envoyé: D:\kerberos.htx\Bruter_1.1\Bruter_1.1\doc\snmp.html (1,38 K/S -   1 412 bytes)
[19:18:14] - [94] MIRKO.POZEN: Début du Téléchargement de: D:\kerberos.htx\Bruter_1.1\Bruter_1.1\doc\ssh.html
[19:18:14] - [94] MIRKO.POZEN: Fichier envoyé: D:\kerberos.htx\Bruter_1.1\Bruter_1.1\doc\ssh.html (0,71 K/S -    723 bytes)
[19:18:14] - [94] MIRKO.POZEN: Début du Téléchargement de: D:\kerberos.htx\Bruter_1.1\Bruter_1.1\doc\telnet.html
[19:18:14] - [94] MIRKO.POZEN: Fichier envoyé: D:\kerberos.htx\Bruter_1.1\Bruter_1.1\doc\telnet.html (0,26 K/S -    264 bytes)
[19:18:14] - [94] MIRKO.POZEN: Début du Téléchargement de: D:\kerberos.htx\Bruter_1.1\Bruter_1.1\doc\vnc.html
[19:18:14] - [94] MIRKO.POZEN: Fichier envoyé: D:\kerberos.htx\Bruter_1.1\Bruter_1.1\doc\vnc.html (0,45 K/S -    460 bytes)
[19:18:14] - [94] MIRKO.POZEN: Début du Téléchargement de: D:\kerberos.htx\Bruter_1.1\Bruter_1.1\doc\web_form.html
[19:18:14] - [94] MIRKO.POZEN: Fichier envoyé: D:\kerberos.htx\Bruter_1.1\Bruter_1.1\doc\web_form.html (4,40 K/S -   4 505 bytes)
[19:18:14] - [94] MIRKO.POZEN: Répertoire en Cours: D:\kerberos.htx\Bruter_1.1\Bruter_1.1\cfg\_last_state\
[19:18:14] - [94] MIRKO.POZEN: Début du Téléchargement de: D:\kerberos.htx\Bruter_1.1\Bruter_1.1\cfg\_last_state\http.cfg
[19:18:14] - [94] MIRKO.POZEN: Fichier envoyé: D:\kerberos.htx\Bruter_1.1\Bruter_1.1\cfg\_last_state\http.cfg (0,02 K/S -    24 bytes)
[19:18:14] - [94] MIRKO.POZEN: Début du Téléchargement de: D:\kerberos.htx\Bruter_1.1\Bruter_1.1\cfg\_last_state\imap.cfg
[19:18:14] - [94] MIRKO.POZEN: Fichier envoyé: D:\kerberos.htx\Bruter_1.1\Bruter_1.1\cfg\_last_state\imap.cfg (0,05 K/S -    50 bytes)
[19:18:14] - [94] MIRKO.POZEN: Début du Téléchargement de: D:\kerberos.htx\Bruter_1.1\Bruter_1.1\cfg\_last_state\main.cfg
[19:18:14] - [94] MIRKO.POZEN: Fichier envoyé: D:\kerberos.htx\Bruter_1.1\Bruter_1.1\cfg\_last_state\main.cfg (0,84 K/S -    864 bytes)
[19:18:14] - [94] MIRKO.POZEN: Début du Téléchargement de: D:\kerberos.htx\Bruter_1.1\Bruter_1.1\cfg\_last_state\pop3.cfg
[19:18:14] - [94] MIRKO.POZEN: Fichier envoyé: D:\kerberos.htx\Bruter_1.1\Bruter_1.1\cfg\_last_state\pop3.cfg (0,05 K/S -    50 bytes)
[19:18:14] - [94] MIRKO.POZEN: Début du Téléchargement de: D:\kerberos.htx\Bruter_1.1\Bruter_1.1\cfg\_last_state\sip-tcp.cfg
[19:18:14] - [94] MIRKO.POZEN: Fichier envoyé: D:\kerberos.htx\Bruter_1.1\Bruter_1.1\cfg\_last_state\sip-tcp.cfg (0,02 K/S -    21 bytes)
[19:18:14] - [94] MIRKO.POZEN: Début du Téléchargement de: D:\kerberos.htx\Bruter_1.1\Bruter_1.1\cfg\_last_state\sip.cfg
[19:18:14] - [94] MIRKO.POZEN: Fichier envoyé: D:\kerberos.htx\Bruter_1.1\Bruter_1.1\cfg\_last_state\sip.cfg (0,02 K/S -    21 bytes)
[19:18:14] - [94] MIRKO.POZEN: Début du Téléchargement de: D:\kerberos.htx\Bruter_1.1\Bruter_1.1\cfg\_last_state\smb.cfg
[19:18:14] - [94] MIRKO.POZEN: Fichier envoyé: D:\kerberos.htx\Bruter_1.1\Bruter_1.1\cfg\_last_state\smb.cfg (0,04 K/S -    38 bytes)
[19:18:14] - [94] MIRKO.POZEN: Début du Téléchargement de: D:\kerberos.htx\Bruter_1.1\Bruter_1.1\cfg\_last_state\smtp.cfg
[19:18:14] - [94] MIRKO.POZEN: Fichier envoyé: D:\kerberos.htx\Bruter_1.1\Bruter_1.1\cfg\_last_state\smtp.cfg (0,05 K/S -    50 bytes)
[19:18:14] - [94] MIRKO.POZEN: Début du Téléchargement de: D:\kerberos.htx\Bruter_1.1\Bruter_1.1\cfg\_last_state\state.save
[19:18:14] - [94] MIRKO.POZEN: Fichier envoyé: D:\kerberos.htx\Bruter_1.1\Bruter_1.1\cfg\_last_state\state.save (0,14 K/S -    143 bytes)
[19:18:14] - [94] MIRKO.POZEN: Début du Téléchargement de: D:\kerberos.htx\Bruter_1.1\Bruter_1.1\cfg\_last_state\web-form.cfg
[19:18:14] - [94] MIRKO.POZEN: Fichier envoyé: D:\kerberos.htx\Bruter_1.1\Bruter_1.1\cfg\_last_state\web-form.cfg (0,14 K/S -    141 bytes)
[19:18:14] - [94] MIRKO.POZEN: Répertoire en Cours: D:\kerberos.htx\Bruter_1.1\Bruter_1.1\cfg\default\
[19:18:14] - [94] MIRKO.POZEN: Début du Téléchargement de: D:\kerberos.htx\Bruter_1.1\Bruter_1.1\cfg\default\http.cfg
[19:18:14] - [94] MIRKO.POZEN: Fichier envoyé: D:\kerberos.htx\Bruter_1.1\Bruter_1.1\cfg\default\http.cfg (0,02 K/S -    24 bytes)
[19:18:14] - [94] MIRKO.POZEN: Début du Téléchargement de: D:\kerberos.htx\Bruter_1.1\Bruter_1.1\cfg\default\imap.cfg
[19:18:14] - [94] MIRKO.POZEN: Fichier envoyé: D:\kerberos.htx\Bruter_1.1\Bruter_1.1\cfg\default\imap.cfg (0,05 K/S -    50 bytes)
[19:18:14] - [94] MIRKO.POZEN: Début du Téléchargement de: D:\kerberos.htx\Bruter_1.1\Bruter_1.1\cfg\default\main.cfg
[19:18:14] - [94] MIRKO.POZEN: Fichier envoyé: D:\kerberos.htx\Bruter_1.1\Bruter_1.1\cfg\default\main.cfg (0,76 K/S -    775 bytes)
[19:18:14] - [94] MIRKO.POZEN: Début du Téléchargement de: D:\kerberos.htx\Bruter_1.1\Bruter_1.1\cfg\default\pop3.cfg
[19:18:14] - [94] MIRKO.POZEN: Fichier envoyé: D:\kerberos.htx\Bruter_1.1\Bruter_1.1\cfg\default\pop3.cfg (0,05 K/S -    50 bytes)
[19:18:14] - [94] MIRKO.POZEN: Début du Téléchargement de: D:\kerberos.htx\Bruter_1.1\Bruter_1.1\cfg\default\sip-tcp.cfg
[19:18:14] - [94] MIRKO.POZEN: Fichier envoyé: D:\kerberos.htx\Bruter_1.1\Bruter_1.1\cfg\default\sip-tcp.cfg (0,02 K/S -    21 bytes)
[19:18:14] - [94] MIRKO.POZEN: Début du Téléchargement de: D:\kerberos.htx\Bruter_1.1\Bruter_1.1\cfg\default\sip.cfg
[19:18:14] - [94] MIRKO.POZEN: Fichier envoyé: D:\kerberos.htx\Bruter_1.1\Bruter_1.1\cfg\default\sip.cfg (0,02 K/S -    21 bytes)
[19:18:14] - [94] MIRKO.POZEN: Début du Téléchargement de: D:\kerberos.htx\Bruter_1.1\Bruter_1.1\cfg\default\smb.cfg
[19:18:14] - [94] MIRKO.POZEN: Fichier envoyé: D:\kerberos.htx\Bruter_1.1\Bruter_1.1\cfg\default\smb.cfg (0,04 K/S -    38 bytes)
[19:18:14] - [94] MIRKO.POZEN: Début du Téléchargement de: D:\kerberos.htx\Bruter_1.1\Bruter_1.1\cfg\default\smtp.cfg
[19:18:14] - [94] MIRKO.POZEN: Fichier envoyé: D:\kerberos.htx\Bruter_1.1\Bruter_1.1\cfg\default\smtp.cfg (0,05 K/S -    50 bytes)
[19:18:14] - [94] MIRKO.POZEN: Début du Téléchargement de: D:\kerberos.htx\Bruter_1.1\Bruter_1.1\cfg\default\web-form.cfg
[19:18:14] - [94] MIRKO.POZEN: Fichier envoyé: D:\kerberos.htx\Bruter_1.1\Bruter_1.1\cfg\default\web-form.cfg (0,14 K/S -    141 bytes)
[19:18:45] - [94] Client 192.168.0.9 Déconnecté (00:00:32 Min)
[19:19:09] - [91] MIRKO.POZEN: Répertoire en Cours: D:\kerberos.htx\
[19:19:09] - [91] MIRKO.POZEN: Répertoire en Cours: D:\kerberos.htx\rar\
[19:19:34] - [96] Connecté à 192.168.0.9. Collecte du Nom d'utilisateur.
[19:19:34] - [96] Usager MIRKO.POZEN Connecté IP: 192.168.0.9
[19:19:34] - [96] MIRKO.POZEN: Répertoire en Cours: D:\kerberos.htx\
[19:19:34] - [96] MIRKO.POZEN: Répertoire en Cours: D:\kerberos.htx\rar\
[19:19:34] - [96] MIRKO.POZEN: Début du Téléchargement de: D:\kerberos.htx\rar\Username_and_Password_Generator.zip
[19:19:34] - [96] MIRKO.POZEN: Fichier envoyé: D:\kerberos.htx\rar\Username_and_Password_Generator.zip (127,02 K/S -   130 067 bytes)
[19:19:40] - [96] Client 192.168.0.9 Déconnecté (00:00:05 Min)
[19:19:40] - [91] Client 192.168.0.9 Déconnecté (00:02:28 Min)
[19:26:34] - [97] Connecté à 87.236.176.117. Collecte du Nom d'utilisateur.
[19:26:42] - [97] Client 87.236.176.117 Déconnecté (00:00:08 Min)
[20:19:50] - [98] Connecté à 205.210.31.37. Collecte du Nom d'utilisateur.
[20:20:00] - [98] Client 205.210.31.37 Déconnecté (00:00:09 Min)
[22:11:49] - [99] Connecté à 104.152.52.216. Collecte du Nom d'utilisateur.
[22:34:50] - [100] Connecté à 162.142.125.211. Collecte du Nom d'utilisateur.
[22:35:05] - [100] Client 162.142.125.211 Déconnecté (00:00:15 Min)
[23:14:50] - [101] Connecté à 167.248.133.44. Collecte du Nom d'utilisateur.
[23:15:05] - [101] Client 167.248.133.44 Déconnecté (00:00:15 Min)
