[19:27:47] - Serveur Démarré
[19:27:47] - FTP Port: 21
[19:34:08] - [1] Connecté à 192.168.0.1. Collecte du Nom d'utilisateur.
[19:34:08] - [1] Usager MIRKO.POZEN Connecté IP: 192.168.0.1
[19:34:08] - [1] MIRKO.POZEN: Répertoire en Cours: D:\kerberos.htx\
[19:34:09] - [1] MIRKO.POZEN: Répertoire en Cours: D:\kerberos.htx\
[19:34:19] - [1] MIRKO.POZEN: Répertoire en Cours: D:\kerberos.htx\bat\
[19:34:28] - [1] MIRKO.POZEN: Début du Téléchargement de: D:\kerberos.htx\bat\control userpasswords2.bat
[19:34:28] - [1] MIRKO.POZEN: Fichier envoyé: D:\kerberos.htx\bat\control userpasswords2.bat (0,03 K/S -    29 bytes)
[19:35:34] - [1] MIRKO.POZEN: Répertoire en Cours: D:\kerberos.htx\
[19:35:34] - [1] MIRKO.POZEN: Répertoire en Cours: D:\kerberos.htx\000\
[19:35:37] - [1] MIRKO.POZEN: Répertoire en Cours: D:\kerberos.htx\000\crackwk7\
[19:35:40] - [2] Connecté à 192.168.0.1. Collecte du Nom d'utilisateur.
[19:35:40] - [2] Usager MIRKO.POZEN Connecté IP: 192.168.0.1
[19:35:40] - [2] MIRKO.POZEN: Répertoire en Cours: D:\kerberos.htx\
[19:35:40] - [2] MIRKO.POZEN: Répertoire en Cours: D:\kerberos.htx\000\crackwk7\
[19:35:40] - [2] MIRKO.POZEN: Début du Téléchargement de: D:\kerberos.htx\000\crackwk7\CW.eXe
[19:36:02] - [2] MIRKO.POZEN: Fichier envoyé: D:\kerberos.htx\000\crackwk7\CW.eXe (439,85 K/S -  9 458 428 bytes)
[19:36:33] - [2] Client 192.168.0.1 Déconnecté (00:00:53 Min)
[19:37:22] - [1] MIRKO.POZEN: Répertoire en Cours: D:\kerberos.htx\
[19:37:22] - [1] MIRKO.POZEN: Répertoire en Cours: D:\kerberos.htx\exe\
[19:37:25] - [1] MIRKO.POZEN: Répertoire en Cours: D:\kerberos.htx\exe\hddentinel\
[19:37:41] - [1] MIRKO.POZEN: Répertoire en Cours: D:\kerberos.htx\exe\hddentinel\crack\
[19:37:43] - [3] Connecté à 192.168.0.1. Collecte du Nom d'utilisateur.
[19:37:43] - [4] Connecté à 192.168.0.1. Collecte du Nom d'utilisateur.
[19:37:43] - [3] Usager MIRKO.POZEN Connecté IP: 192.168.0.1
[19:37:43] - [3] MIRKO.POZEN: Répertoire en Cours: D:\kerberos.htx\
[19:37:43] - [4] Usager MIRKO.POZEN Connecté IP: 192.168.0.1
[19:37:43] - [4] MIRKO.POZEN: Répertoire en Cours: D:\kerberos.htx\
[19:37:43] - [3] MIRKO.POZEN: Répertoire en Cours: D:\kerberos.htx\exe\hddentinel\
[19:37:43] - [4] MIRKO.POZEN: Répertoire en Cours: D:\kerberos.htx\exe\hddentinel\crack\
[19:37:43] - [3] MIRKO.POZEN: Début du Téléchargement de: D:\kerberos.htx\exe\hddentinel\hdsentinel_setup.exe
[19:37:45] - [4] MIRKO.POZEN: Début du Téléchargement de: D:\kerberos.htx\exe\hddentinel\crack\HDSentinel.exe
[19:37:56] - [4] MIRKO.POZEN: Fichier envoyé: D:\kerberos.htx\exe\hddentinel\crack\HDSentinel.exe (362,97 K/S -  4 460 176 bytes)
[19:38:06] - [4] MIRKO.POZEN: Répertoire en Cours: D:\kerberos.htx\exe\
[19:38:06] - [4] MIRKO.POZEN: Début du Téléchargement de: D:\kerberos.htx\exe\Firefox Setup Stub 50.1.0.exe
[19:38:08] - [4] MIRKO.POZEN: Fichier envoyé: D:\kerberos.htx\exe\Firefox Setup Stub 50.1.0.exe (119,04 K/S -   243 784 bytes)
[19:38:11] - [3] MIRKO.POZEN: Fichier envoyé: D:\kerberos.htx\exe\hddentinel\hdsentinel_setup.exe (606,60 K/S -  18 013 720 bytes)
[19:38:19] - [4] MIRKO.POZEN: Début du Téléchargement de: D:\kerberos.htx\exe\kompozer-0.7.10-win32.fr-FR.exe
[19:38:29] - [3] MIRKO.POZEN: Répertoire en Cours: D:\kerberos.htx\exe\
[19:38:29] - [3] MIRKO.POZEN: Début du Téléchargement de: D:\kerberos.htx\exe\pplfr165.exe
[19:38:30] - [3] MIRKO.POZEN: Fichier envoyé: D:\kerberos.htx\exe\pplfr165.exe (225,46 K/S -   230 869 bytes)
[19:38:36] - [4] MIRKO.POZEN: Fichier envoyé: D:\kerberos.htx\exe\kompozer-0.7.10-win32.fr-FR.exe (399,52 K/S -  6 545 700 bytes)
[19:38:51] - [4] MIRKO.POZEN: Début du Téléchargement de: D:\kerberos.htx\exe\winrar.exe
[19:38:56] - [4] MIRKO.POZEN: Fichier envoyé: D:\kerberos.htx\exe\winrar.exe (511,99 K/S -  2 621 400 bytes)
[19:39:01] - [3] Client 192.168.0.1 Déconnecté (00:01:18 Min)
[19:39:27] - [4] Client 192.168.0.1 Déconnecté (00:01:44 Min)
[19:45:00] - [1] Client 192.168.0.1 Déconnecté (00:10:51 Min)
[20:57:35] - [5] Connecté à 192.168.0.1. Collecte du Nom d'utilisateur.
[20:57:36] - [5] Usager MIRKO.POZEN Connecté IP: 192.168.0.1
[20:57:36] - [5] MIRKO.POZEN: Répertoire en Cours: D:\kerberos.htx\
[20:57:36] - [5] MIRKO.POZEN: Répertoire en Cours: D:\kerberos.htx\
[20:57:52] - [5] Client 192.168.0.1 Déconnecté (00:00:16 Min)
[21:00:34] - [6] Connecté à 192.168.0.1. Collecte du Nom d'utilisateur.
[21:00:34] - [6] Usager MIRKO.POZEN Connecté IP: 192.168.0.1
[21:00:34] - [6] MIRKO.POZEN: Répertoire en Cours: D:\kerberos.htx\
[21:00:34] - [6] MIRKO.POZEN: Répertoire en Cours: D:\kerberos.htx\
[21:01:09] - [6] MIRKO.POZEN: Répertoire en Cours: D:\kerberos.htx\bat\
[21:01:32] - [6] MIRKO.POZEN: Début du Téléchargement de: D:\kerberos.htx\bat\control userpasswords2.bat
[21:01:32] - [6] MIRKO.POZEN: Fichier envoyé: D:\kerberos.htx\bat\control userpasswords2.bat (0,03 K/S -    29 bytes)
[21:01:36] - [6] MIRKO.POZEN: Répertoire en Cours: D:\kerberos.htx\
[21:01:36] - [6] MIRKO.POZEN: Répertoire en Cours: D:\kerberos.htx\000\
[21:01:37] - [6] MIRKO.POZEN: Répertoire en Cours: D:\kerberos.htx\000\crackwk7\
[21:01:39] - [7] Connecté à 192.168.0.1. Collecte du Nom d'utilisateur.
[21:01:39] - [7] Usager MIRKO.POZEN Connecté IP: 192.168.0.1
[21:01:39] - [7] MIRKO.POZEN: Répertoire en Cours: D:\kerberos.htx\
[21:01:39] - [7] MIRKO.POZEN: Répertoire en Cours: D:\kerberos.htx\000\crackwk7\
[21:01:39] - [7] MIRKO.POZEN: Début du Téléchargement de: D:\kerberos.htx\000\crackwk7\CW.eXe
[21:01:54] - [6] MIRKO.POZEN: Répertoire en Cours: D:\kerberos.htx\
[21:01:54] - [6] MIRKO.POZEN: Répertoire en Cours: D:\kerberos.htx\a trier\
[21:02:00] - [6] MIRKO.POZEN: Répertoire en Cours: D:\kerberos.htx\a trier\douwloads\
[21:02:02] - [7] MIRKO.POZEN: Fichier envoyé: D:\kerberos.htx\000\crackwk7\CW.eXe (401,60 K/S -  9 458 428 bytes)
[21:02:21] - [6] MIRKO.POZEN: Répertoire en Cours: D:\kerberos.htx\a trier\
[21:02:21] - [6] MIRKO.POZEN: Répertoire en Cours: D:\kerberos.htx\a trier\exe\
[21:02:33] - [7] Client 192.168.0.1 Déconnecté (00:00:54 Min)
[21:02:48] - [6] MIRKO.POZEN: Répertoire en Cours: D:\kerberos.htx\a trier\
[21:02:48] - [6] MIRKO.POZEN: Répertoire en Cours: D:\kerberos.htx\a trier\progz mig\
[21:02:53] - [6] MIRKO.POZEN: Répertoire en Cours: D:\kerberos.htx\a trier\progz mig\harddisk\
[21:03:11] - [6] MIRKO.POZEN: Répertoire en Cours: D:\kerberos.htx\a trier\
[21:03:11] - [6] MIRKO.POZEN: Répertoire en Cours: D:\kerberos.htx\a trier\rar\
[21:03:28] - [8] Connecté à 192.168.0.1. Collecte du Nom d'utilisateur.
[21:03:28] - [8] Usager MIRKO.POZEN Connecté IP: 192.168.0.1
[21:03:28] - [8] MIRKO.POZEN: Répertoire en Cours: D:\kerberos.htx\
[21:03:29] - [8] MIRKO.POZEN: Répertoire en Cours: D:\kerberos.htx\a trier\
[21:03:29] - [8] MIRKO.POZEN: Début du Téléchargement de: D:\kerberos.htx\a trier\DriversCloud_8_0_4_0.exe
[21:03:34] - [8] MIRKO.POZEN: Fichier envoyé: D:\kerberos.htx\a trier\DriversCloud_8_0_4_0.exe (1 051,46 K/S -  5 383 472 bytes)
[21:03:46] - [6] MIRKO.POZEN: Répertoire en Cours: D:\kerberos.htx\
[21:03:46] - [6] MIRKO.POZEN: Répertoire en Cours: D:\kerberos.htx\keylooger\
[21:04:05] - [8] Client 192.168.0.1 Déconnecté (00:00:36 Min)
[21:04:21] - [6] MIRKO.POZEN: Répertoire en Cours: D:\kerberos.htx\
[21:04:32] - [6] MIRKO.POZEN: Répertoire en Cours: D:\kerberos.htx\a trier\
[21:04:32] - [6] MIRKO.POZEN: Répertoire en Cours: D:\kerberos.htx\a trier\1\
[21:04:41] - [6] MIRKO.POZEN: Répertoire en Cours: D:\kerberos.htx\a trier\
[21:04:41] - [6] MIRKO.POZEN: Répertoire en Cours: D:\kerberos.htx\a trier\annons\
[21:04:50] - [6] MIRKO.POZEN: Répertoire en Cours: D:\kerberos.htx\a trier\
[21:04:50] - [6] MIRKO.POZEN: Répertoire en Cours: D:\kerberos.htx\a trier\AusLogics Disk Defrag\
[21:04:55] - [6] MIRKO.POZEN: Répertoire en Cours: D:\kerberos.htx\a trier\AusLogics Disk Defrag\reports\
[21:04:56] - [6] MIRKO.POZEN: Répertoire en Cours: D:\kerberos.htx\a trier\AusLogics Disk Defrag\
[21:04:56] - [6] MIRKO.POZEN: Répertoire en Cours: D:\kerberos.htx\a trier\AusLogics Disk Defrag\Lang\
[21:04:56] - [6] MIRKO.POZEN: Répertoire en Cours: D:\kerberos.htx\a trier\AusLogics Disk Defrag\
[21:04:56] - [6] MIRKO.POZEN: Répertoire en Cours: D:\kerberos.htx\a trier\AusLogics Disk Defrag\Data\
[21:04:56] - [9] Connecté à 192.168.0.1. Collecte du Nom d'utilisateur.
[21:04:56] - [10] Connecté à 192.168.0.1. Collecte du Nom d'utilisateur.
[21:04:56] - [9] Usager MIRKO.POZEN Connecté IP: 192.168.0.1
[21:04:56] - [9] MIRKO.POZEN: Répertoire en Cours: D:\kerberos.htx\
[21:04:56] - [10] Usager MIRKO.POZEN Connecté IP: 192.168.0.1
[21:04:56] - [10] MIRKO.POZEN: Répertoire en Cours: D:\kerberos.htx\
[21:04:56] - [9] MIRKO.POZEN: Répertoire en Cours: D:\kerberos.htx\a trier\AusLogics Disk Defrag\
[21:04:56] - [10] MIRKO.POZEN: Répertoire en Cours: D:\kerberos.htx\a trier\AusLogics Disk Defrag\
[21:04:57] - [9] MIRKO.POZEN: Début du Téléchargement de: D:\kerberos.htx\a trier\AusLogics Disk Defrag\axpackage10.bpl
[21:04:57] - [10] MIRKO.POZEN: Début du Téléchargement de: D:\kerberos.htx\a trier\AusLogics Disk Defrag\axuninstall.exe
[21:04:57] - [10] MIRKO.POZEN: Fichier envoyé: D:\kerberos.htx\a trier\AusLogics Disk Defrag\axuninstall.exe (20,00 K/S -   20 480 bytes)
[21:04:57] - [10] MIRKO.POZEN: Début du Téléchargement de: D:\kerberos.htx\a trier\AusLogics Disk Defrag\commonforms_lite.dll
[21:04:57] - [10] MIRKO.POZEN: Fichier envoyé: D:\kerberos.htx\a trier\AusLogics Disk Defrag\commonforms_lite.dll (68,50 K/S -   70 144 bytes)
[21:04:57] - [9] MIRKO.POZEN: Fichier envoyé: D:\kerberos.htx\a trier\AusLogics Disk Defrag\axpackage10.bpl (541,50 K/S -   554 496 bytes)
[21:04:57] - [9] MIRKO.POZEN: Début du Téléchargement de: D:\kerberos.htx\a trier\AusLogics Disk Defrag\diskdefrag.dll
[21:04:58] - [10] MIRKO.POZEN: Début du Téléchargement de: D:\kerberos.htx\a trier\AusLogics Disk Defrag\diskdefrag.exe
[21:04:58] - [9] MIRKO.POZEN: Fichier envoyé: D:\kerberos.htx\a trier\AusLogics Disk Defrag\diskdefrag.dll (105,00 K/S -   107 520 bytes)
[21:04:58] - [9] MIRKO.POZEN: Début du Téléchargement de: D:\kerberos.htx\a trier\AusLogics Disk Defrag\helper.dll
[21:04:58] - [10] MIRKO.POZEN: Fichier envoyé: D:\kerberos.htx\a trier\AusLogics Disk Defrag\diskdefrag.exe (205,00 K/S -   209 920 bytes)
[21:04:58] - [9] MIRKO.POZEN: Fichier envoyé: D:\kerberos.htx\a trier\AusLogics Disk Defrag\helper.dll (81,50 K/S -   83 456 bytes)
[21:04:58] - [10] MIRKO.POZEN: Début du Téléchargement de: D:\kerberos.htx\a trier\AusLogics Disk Defrag\localizer.dll
[21:04:58] - [10] MIRKO.POZEN: Fichier envoyé: D:\kerberos.htx\a trier\AusLogics Disk Defrag\localizer.dll (45,50 K/S -   46 592 bytes)
[21:04:58] - [9] MIRKO.POZEN: Début du Téléchargement de: D:\kerberos.htx\a trier\AusLogics Disk Defrag\madbasic_.bpl
[21:04:58] - [10] MIRKO.POZEN: Début du Téléchargement de: D:\kerberos.htx\a trier\AusLogics Disk Defrag\maddisasm_.bpl
[21:04:58] - [10] MIRKO.POZEN: Fichier envoyé: D:\kerberos.htx\a trier\AusLogics Disk Defrag\maddisasm_.bpl (41,00 K/S -   41 984 bytes)
[21:04:59] - [9] MIRKO.POZEN: Fichier envoyé: D:\kerberos.htx\a trier\AusLogics Disk Defrag\madbasic_.bpl (142,50 K/S -   145 920 bytes)
[21:04:59] - [10] MIRKO.POZEN: Début du Téléchargement de: D:\kerberos.htx\a trier\AusLogics Disk Defrag\madexcept_.bpl
[21:04:59] - [9] MIRKO.POZEN: Début du Téléchargement de: D:\kerberos.htx\a trier\AusLogics Disk Defrag\rtl70.bpl
[21:04:59] - [10] MIRKO.POZEN: Fichier envoyé: D:\kerberos.htx\a trier\AusLogics Disk Defrag\madexcept_.bpl (307,00 K/S -   314 368 bytes)
[21:04:59] - [10] MIRKO.POZEN: Début du Téléchargement de: D:\kerberos.htx\a trier\AusLogics Disk Defrag\unins000.dat
[21:04:59] - [10] MIRKO.POZEN: Fichier envoyé: D:\kerberos.htx\a trier\AusLogics Disk Defrag\unins000.dat (5,48 K/S -   5 611 bytes)
[21:05:00] - [10] MIRKO.POZEN: Début du Téléchargement de: D:\kerberos.htx\a trier\AusLogics Disk Defrag\unins000.exe
[21:05:00] - [9] MIRKO.POZEN: Fichier envoyé: D:\kerberos.htx\a trier\AusLogics Disk Defrag\rtl70.bpl (380,00 K/S -   778 240 bytes)
[21:05:00] - [9] MIRKO.POZEN: Début du Téléchargement de: D:\kerberos.htx\a trier\AusLogics Disk Defrag\vcl70.bpl
[21:05:01] - [10] MIRKO.POZEN: Fichier envoyé: D:\kerberos.htx\a trier\AusLogics Disk Defrag\unins000.exe (691,45 K/S -   708 048 bytes)
[21:05:02] - [10] MIRKO.POZEN: Répertoire en Cours: D:\kerberos.htx\a trier\AusLogics Disk Defrag\reports\
[21:05:02] - [10] MIRKO.POZEN: Début du Téléchargement de: D:\kerberos.htx\a trier\AusLogics Disk Defrag\reports\C_Disk_Defrag_Report.html
[21:05:03] - [10] MIRKO.POZEN: Fichier envoyé: D:\kerberos.htx\a trier\AusLogics Disk Defrag\reports\C_Disk_Defrag_Report.html (126,62 K/S -   129 654 bytes)
[21:05:03] - [10] MIRKO.POZEN: Début du Téléchargement de: D:\kerberos.htx\a trier\AusLogics Disk Defrag\reports\D_Disk_Defrag_Report.html
[21:05:03] - [10] MIRKO.POZEN: Fichier envoyé: D:\kerberos.htx\a trier\AusLogics Disk Defrag\reports\D_Disk_Defrag_Report.html (18,58 K/S -   19 023 bytes)
[21:05:03] - [9] MIRKO.POZEN: Fichier envoyé: D:\kerberos.htx\a trier\AusLogics Disk Defrag\vcl70.bpl (674,50 K/S -  1 381 376 bytes)
[21:05:03] - [9] MIRKO.POZEN: Répertoire en Cours: D:\kerberos.htx\a trier\AusLogics Disk Defrag\reports\
[21:05:03] - [9] MIRKO.POZEN: Début du Téléchargement de: D:\kerberos.htx\a trier\AusLogics Disk Defrag\reports\E_Disk_Defrag_Report.html
[21:05:03] - [9] MIRKO.POZEN: Fichier envoyé: D:\kerberos.htx\a trier\AusLogics Disk Defrag\reports\E_Disk_Defrag_Report.html (57,47 K/S -   58 849 bytes)
[21:05:03] - [10] MIRKO.POZEN: Début du Téléchargement de: D:\kerberos.htx\a trier\AusLogics Disk Defrag\reports\F_Disk_Defrag_Report.html
[21:05:03] - [10] MIRKO.POZEN: Fichier envoyé: D:\kerberos.htx\a trier\AusLogics Disk Defrag\reports\F_Disk_Defrag_Report.html (46,34 K/S -   47 449 bytes)
[21:05:03] - [9] MIRKO.POZEN: Début du Téléchargement de: D:\kerberos.htx\a trier\AusLogics Disk Defrag\reports\H_Disk_Defrag_Report.html
[21:05:03] - [9] MIRKO.POZEN: Fichier envoyé: D:\kerberos.htx\a trier\AusLogics Disk Defrag\reports\H_Disk_Defrag_Report.html (15,41 K/S -   15 776 bytes)
[21:05:03] - [10] MIRKO.POZEN: Début du Téléchargement de: D:\kerberos.htx\a trier\AusLogics Disk Defrag\reports\I_Disk_Defrag_Report.html
[21:05:03] - [10] MIRKO.POZEN: Fichier envoyé: D:\kerberos.htx\a trier\AusLogics Disk Defrag\reports\I_Disk_Defrag_Report.html (25,62 K/S -   26 237 bytes)
[21:05:03] - [9] MIRKO.POZEN: Début du Téléchargement de: D:\kerberos.htx\a trier\AusLogics Disk Defrag\reports\J_Disk_Defrag_Report.html
[21:05:03] - [9] MIRKO.POZEN: Fichier envoyé: D:\kerberos.htx\a trier\AusLogics Disk Defrag\reports\J_Disk_Defrag_Report.html (14,85 K/S -   15 204 bytes)
[21:05:03] - [10] MIRKO.POZEN: Début du Téléchargement de: D:\kerberos.htx\a trier\AusLogics Disk Defrag\reports\K_Disk_Defrag_Report.html
[21:05:04] - [10] MIRKO.POZEN: Fichier envoyé: D:\kerberos.htx\a trier\AusLogics Disk Defrag\reports\K_Disk_Defrag_Report.html (15,83 K/S -   16 212 bytes)
[21:05:04] - [9] MIRKO.POZEN: Répertoire en Cours: D:\kerberos.htx\a trier\AusLogics Disk Defrag\Lang\
[21:05:04] - [9] MIRKO.POZEN: Début du Téléchargement de: D:\kerberos.htx\a trier\AusLogics Disk Defrag\Lang\fr.lng
[21:05:04] - [9] MIRKO.POZEN: Fichier envoyé: D:\kerberos.htx\a trier\AusLogics Disk Defrag\Lang\fr.lng (9,84 K/S -   10 075 bytes)
[21:05:04] - [10] MIRKO.POZEN: Répertoire en Cours: D:\kerberos.htx\a trier\AusLogics Disk Defrag\Data\
[21:05:04] - [10] MIRKO.POZEN: Début du Téléchargement de: D:\kerberos.htx\a trier\AusLogics Disk Defrag\Data\about.png
[21:05:04] - [10] MIRKO.POZEN: Fichier envoyé: D:\kerberos.htx\a trier\AusLogics Disk Defrag\Data\about.png (29,16 K/S -   29 860 bytes)
[21:05:04] - [9] MIRKO.POZEN: Répertoire en Cours: D:\kerberos.htx\a trier\AusLogics Disk Defrag\Data\
[21:05:04] - [9] MIRKO.POZEN: Début du Téléchargement de: D:\kerberos.htx\a trier\AusLogics Disk Defrag\Data\main.ini
[21:05:04] - [9] MIRKO.POZEN: Fichier envoyé: D:\kerberos.htx\a trier\AusLogics Disk Defrag\Data\main.ini (0,90 K/S -    919 bytes)
[21:05:04] - [10] MIRKO.POZEN: Début du Téléchargement de: D:\kerberos.htx\a trier\AusLogics Disk Defrag\Data\Thumbs.db
[21:05:04] - [10] MIRKO.POZEN: Fichier envoyé: D:\kerberos.htx\a trier\AusLogics Disk Defrag\Data\Thumbs.db (4,00 K/S -   4 096 bytes)
[21:05:13] - [6] MIRKO.POZEN: Répertoire en Cours: D:\kerberos.htx\
[21:05:13] - [6] MIRKO.POZEN: Répertoire en Cours: D:\kerberos.htx\exe\
[21:05:15] - [6] MIRKO.POZEN: Répertoire en Cours: D:\kerberos.htx\exe\hddentinel\
[21:05:26] - [6] MIRKO.POZEN: Répertoire en Cours: D:\kerberos.htx\exe\hddentinel\crack\
[21:05:26] - [10] MIRKO.POZEN: Répertoire en Cours: D:\kerberos.htx\exe\hddentinel\
[21:05:26] - [9] MIRKO.POZEN: Répertoire en Cours: D:\kerberos.htx\exe\hddentinel\crack\
[21:05:26] - [10] MIRKO.POZEN: Début du Téléchargement de: D:\kerberos.htx\exe\hddentinel\hdsentinel_setup.exe
[21:05:28] - [9] MIRKO.POZEN: Début du Téléchargement de: D:\kerberos.htx\exe\hddentinel\crack\HDSentinel.exe
[21:05:38] - [9] MIRKO.POZEN: Fichier envoyé: D:\kerberos.htx\exe\hddentinel\crack\HDSentinel.exe (395,97 K/S -  4 460 176 bytes)
[21:05:52] - [6] MIRKO.POZEN: Répertoire en Cours: D:\kerberos.htx\
[21:05:53] - [6] MIRKO.POZEN: Répertoire en Cours: D:\kerberos.htx\pc mila\
[21:05:55] - [10] MIRKO.POZEN: Fichier envoyé: D:\kerberos.htx\exe\hddentinel\hdsentinel_setup.exe (628,27 K/S -  18 013 720 bytes)
[21:06:04] - [6] MIRKO.POZEN: Répertoire en Cours: D:\kerberos.htx\pc mila\progz\
[21:06:10] - [10] MIRKO.POZEN: Répertoire en Cours: D:\kerberos.htx\pc mila\progz\
[21:06:10] - [10] MIRKO.POZEN: Début du Téléchargement de: D:\kerberos.htx\pc mila\progz\Firefox Setup Stub 50.1.0.exe
[21:06:10] - [9] Client 192.168.0.1 Déconnecté (00:01:14 Min)
[21:06:11] - [10] MIRKO.POZEN: Fichier envoyé: D:\kerberos.htx\pc mila\progz\Firefox Setup Stub 50.1.0.exe (238,07 K/S -   243 784 bytes)
[21:06:42] - [10] Client 192.168.0.1 Déconnecté (00:01:45 Min)
[21:08:13] - [6] Client 192.168.0.1 Déconnecté (00:07:39 Min)
[23:14:06] - [11] Connecté à 192.168.0.1. Collecte du Nom d'utilisateur.
[23:14:06] - [11] Usager MIRKO.POZEN Connecté IP: 192.168.0.1
[23:14:06] - [11] MIRKO.POZEN: Répertoire en Cours: D:\kerberos.htx\
[23:14:07] - [11] MIRKO.POZEN: Répertoire en Cours: D:\kerberos.htx\
[23:17:28] - [11] MIRKO.POZEN: Répertoire en Cours: D:\kerberos.htx\exe\
[23:18:19] - [12] Connecté à 192.168.0.1. Collecte du Nom d'utilisateur.
[23:18:19] - [12] Usager MIRKO.POZEN Connecté IP: 192.168.0.1
[23:18:19] - [12] MIRKO.POZEN: Répertoire en Cours: D:\kerberos.htx\
[23:18:19] - [12] MIRKO.POZEN: Répertoire en Cours: D:\kerberos.htx\exe\
[23:18:20] - [12] MIRKO.POZEN: Début du Téléchargement de: D:\kerberos.htx\exe\slimdrivers_2-3-0-1_fr_412744.exe
[23:18:21] - [12] MIRKO.POZEN: Fichier envoyé: D:\kerberos.htx\exe\slimdrivers_2-3-0-1_fr_412744.exe (958,72 K/S -   981 728 bytes)
[23:18:28] - [12] Client 192.168.0.1 Déconnecté (00:00:09 Min)
[23:18:28] - [11] Client 192.168.0.1 Déconnecté (00:04:22 Min)
