[14:54:39] - Serveur Démarré
[14:54:39] - FTP Port: 21
[14:54:50] - [1] Connecté à 192.168.0.1. Collecte du Nom d'utilisateur.
[14:54:50] - [1] Usager MIRKO.POZEN Connecté IP: 192.168.0.1
[14:54:50] - [1] MIRKO.POZEN: Répertoire en Cours: E:\kerberos.htx\
[14:54:50] - [1] MIRKO.POZEN: Répertoire en Cours: E:\kerberos.htx\
[14:58:34] - [2] Connecté à 192.168.0.1. Collecte du Nom d'utilisateur.
[14:58:34] - [2] Usager MIRKO.POZEN Connecté IP: 192.168.0.1
[14:58:34] - [2] MIRKO.POZEN: Répertoire en Cours: E:\kerberos.htx\
[14:58:34] - [2] MIRKO.POZEN: Répertoire en Cours: E:\kerberos.htx\
[14:58:50] - [2] MIRKO.POZEN: Répertoire en Cours: E:\kerberos.htx\GetDataBack for NTFS\
[14:59:03] - [2] MIRKO.POZEN: Répertoire en Cours: E:\kerberos.htx\
[14:59:03] - [2] MIRKO.POZEN: Répertoire en Cours: E:\kerberos.htx\rar\
[14:59:24] - [2] MIRKO.POZEN: Répertoire en Cours: E:\kerberos.htx\rar\hack progz\
[14:59:30] - [2] MIRKO.POZEN: Répertoire en Cours: E:\kerberos.htx\
[14:59:30] - [2] MIRKO.POZEN: Répertoire en Cours: E:\kerberos.htx\000\
[14:59:44] - [2] MIRKO.POZEN: Répertoire en Cours: E:\kerberos.htx\
[14:59:44] - [2] MIRKO.POZEN: Répertoire en Cours: E:\kerberos.htx\exe\
[15:00:29] - [3] Connecté à 192.168.0.1. Collecte du Nom d'utilisateur.
[15:00:29] - [3] Usager MIRKO.POZEN Connecté IP: 192.168.0.1
[15:00:29] - [3] MIRKO.POZEN: Répertoire en Cours: E:\kerberos.htx\
[15:00:29] - [3] MIRKO.POZEN: Répertoire en Cours: E:\kerberos.htx\exe\
[15:00:29] - [3] MIRKO.POZEN: Début du Téléchargement de: E:\kerberos.htx\exe\gdbnt.zip
[15:00:33] - [3] MIRKO.POZEN: Fichier envoyé: E:\kerberos.htx\exe\gdbnt.zip (648,92 K/S -  2 657 967 bytes)
[15:01:04] - [3] Client 192.168.0.1 Déconnecté (00:00:35 Min)
[15:01:26] - [2] MIRKO.POZEN: Répertoire en Cours: E:\kerberos.htx\exe\pour.xp\
[15:01:47] - [2] MIRKO.POZEN: Répertoire en Cours: E:\kerberos.htx\
[15:01:47] - [2] MIRKO.POZEN: Répertoire en Cours: E:\kerberos.htx\ftp\
[15:01:49] - [2] MIRKO.POZEN: Répertoire en Cours: E:\kerberos.htx\ftp\progz\
[15:02:06] - [4] Connecté à 192.168.0.1. Collecte du Nom d'utilisateur.
[15:02:06] - [5] Connecté à 192.168.0.1. Collecte du Nom d'utilisateur.
[15:02:06] - [4] Usager MIRKO.POZEN Connecté IP: 192.168.0.1
[15:02:06] - [4] MIRKO.POZEN: Répertoire en Cours: E:\kerberos.htx\
[15:02:06] - [5] Usager MIRKO.POZEN Connecté IP: 192.168.0.1
[15:02:06] - [5] MIRKO.POZEN: Répertoire en Cours: E:\kerberos.htx\
[15:02:07] - [4] MIRKO.POZEN: Répertoire en Cours: E:\kerberos.htx\GetDataBack for NTFS\
[15:02:07] - [5] MIRKO.POZEN: Répertoire en Cours: E:\kerberos.htx\GetDataBack for NTFS\
[15:02:07] - [4] MIRKO.POZEN: Début du Téléchargement de: E:\kerberos.htx\GetDataBack for NTFS\DRV16.DLL
[15:02:07] - [5] MIRKO.POZEN: Début du Téléchargement de: E:\kerberos.htx\GetDataBack for NTFS\gdbnt.DEU
[15:02:07] - [4] MIRKO.POZEN: Fichier envoyé: E:\kerberos.htx\GetDataBack for NTFS\DRV16.DLL (23,25 K/S -   23 808 bytes)
[15:02:07] - [4] MIRKO.POZEN: Début du Téléchargement de: E:\kerberos.htx\GetDataBack for NTFS\gdbnt.exe
[15:02:12] - [5] MIRKO.POZEN: Fichier envoyé: E:\kerberos.htx\GetDataBack for NTFS\gdbnt.DEU (165,50 K/S -  1 016 832 bytes)
[15:02:12] - [5] MIRKO.POZEN: Début du Téléchargement de: E:\kerberos.htx\GetDataBack for NTFS\gdbnt.FRA
[15:02:14] - [4] MIRKO.POZEN: Fichier envoyé: E:\kerberos.htx\GetDataBack for NTFS\gdbnt.exe (243,32 K/S -  1 744 104 bytes)
[15:02:14] - [4] MIRKO.POZEN: Début du Téléchargement de: E:\kerberos.htx\GetDataBack for NTFS\gdbnt.ini
[15:02:14] - [4] MIRKO.POZEN: Fichier envoyé: E:\kerberos.htx\GetDataBack for NTFS\gdbnt.ini (1,68 K/S -   1 724 bytes)
[15:02:15] - [4] MIRKO.POZEN: Début du Téléchargement de: E:\kerberos.htx\GetDataBack for NTFS\gdb_nt.chm
[15:02:15] - [4] MIRKO.POZEN: Fichier envoyé: E:\kerberos.htx\GetDataBack for NTFS\gdb_nt.chm (100,48 K/S -   102 888 bytes)
[15:02:15] - [5] MIRKO.POZEN: Fichier envoyé: E:\kerberos.htx\GetDataBack for NTFS\gdbnt.FRA (497,75 K/S -  1 019 392 bytes)
[15:02:15] - [4] MIRKO.POZEN: Début du Téléchargement de: E:\kerberos.htx\GetDataBack for NTFS\gdb_nt_deu.chm
[15:02:15] - [5] MIRKO.POZEN: Début du Téléchargement de: E:\kerberos.htx\GetDataBack for NTFS\gdb_nt_fra.chm
[15:02:15] - [4] MIRKO.POZEN: Fichier envoyé: E:\kerberos.htx\GetDataBack for NTFS\gdb_nt_deu.chm (119,77 K/S -   122 644 bytes)
[15:02:15] - [5] MIRKO.POZEN: Fichier envoyé: E:\kerberos.htx\GetDataBack for NTFS\gdb_nt_fra.chm (112,68 K/S -   115 388 bytes)
[15:02:15] - [4] MIRKO.POZEN: Début du Téléchargement de: E:\kerberos.htx\GetDataBack for NTFS\INSTALL.LOG
[15:02:15] - [4] MIRKO.POZEN: Fichier envoyé: E:\kerberos.htx\GetDataBack for NTFS\INSTALL.LOG (2,23 K/S -   2 285 bytes)
[15:02:15] - [5] MIRKO.POZEN: Début du Téléchargement de: E:\kerberos.htx\GetDataBack for NTFS\install.sss
[15:02:16] - [5] MIRKO.POZEN: Fichier envoyé: E:\kerberos.htx\GetDataBack for NTFS\install.sss (1,20 K/S -   1 227 bytes)
[15:02:16] - [4] MIRKO.POZEN: Début du Téléchargement de: E:\kerberos.htx\GetDataBack for NTFS\registerx64.reg
[15:02:16] - [4] MIRKO.POZEN: Fichier envoyé: E:\kerberos.htx\GetDataBack for NTFS\registerx64.reg (0,27 K/S -    273 bytes)
[15:02:16] - [5] MIRKO.POZEN: Début du Téléchargement de: E:\kerberos.htx\GetDataBack for NTFS\Uninstall.exe
[15:02:19] - [5] MIRKO.POZEN: Fichier envoyé: E:\kerberos.htx\GetDataBack for NTFS\Uninstall.exe (107,58 K/S -   440 652 bytes)
[15:02:46] - [4] Client 192.168.0.1 Déconnecté (00:00:39 Min)
[15:02:50] - [5] Client 192.168.0.1 Déconnecté (00:00:43 Min)
[15:10:19] - [6] Connecté à 162.243.128.97. Collecte du Nom d'utilisateur.
[15:10:19] - [6] Client 162.243.128.97 Déconnecté (00:00:00 Min)
[15:11:57] - [7] Connecté à 162.243.128.97. Collecte du Nom d'utilisateur.
[15:12:07] - [7] Client 162.243.128.97 Déconnecté (00:00:09 Min)
[17:00:10] - [8] Connecté à 104.206.128.14. Collecte du Nom d'utilisateur.
[17:00:42] - [8] Client 104.206.128.14 Déconnecté (00:00:32 Min)
[17:08:11] - [2] MIRKO.POZEN: Répertoire en Cours: E:\kerberos.htx\
[17:08:12] - [2] MIRKO.POZEN: Répertoire en Cours: E:\kerberos.htx\ftp\
[17:08:14] - [2] MIRKO.POZEN: Répertoire en Cours: E:\kerberos.htx\ftp\progz\
[17:08:19] - [2] MIRKO.POZEN: Répertoire en Cours: E:\kerberos.htx\ftp\
[17:08:19] - [2] MIRKO.POZEN: Répertoire en Cours: E:\kerberos.htx\
[17:08:23] - [2] MIRKO.POZEN: Répertoire en Cours: E:\kerberos.htx\GetDataBack for NTFS\
[17:08:33] - [2] MIRKO.POZEN: Répertoire en Cours: E:\kerberos.htx\
[17:08:33] - [2] MIRKO.POZEN: Répertoire en Cours: E:\kerberos.htx\last down\
[17:09:13] - [2] MIRKO.POZEN: Répertoire en Cours: E:\kerberos.htx\
[17:09:13] - [2] MIRKO.POZEN: Répertoire en Cours: E:\kerberos.htx\lore1\
[17:09:23] - [2] MIRKO.POZEN: Répertoire en Cours: E:\kerberos.htx\
[17:09:23] - [2] MIRKO.POZEN: Répertoire en Cours: E:\kerberos.htx\lo\
[17:09:26] - [2] MIRKO.POZEN: Répertoire en Cours: E:\kerberos.htx\lo\Nouveau dossier\
[17:09:30] - [2] MIRKO.POZEN: Répertoire en Cours: E:\kerberos.htx\lo\
[17:09:30] - [2] MIRKO.POZEN: Répertoire en Cours: E:\kerberos.htx\lo\gamez oberon\
[17:09:48] - [2] MIRKO.POZEN: Répertoire en Cours: E:\kerberos.htx\
[17:09:48] - [2] MIRKO.POZEN: Répertoire en Cours: E:\kerberos.htx\oobe\
[17:10:01] - [2] MIRKO.POZEN: Répertoire en Cours: E:\kerberos.htx\
[17:10:01] - [2] MIRKO.POZEN: Répertoire en Cours: E:\kerberos.htx\progz milo\
[17:10:10] - [2] MIRKO.POZEN: Répertoire en Cours: E:\kerberos.htx\
[17:10:10] - [2] MIRKO.POZEN: Répertoire en Cours: E:\kerberos.htx\mila\
[17:10:20] - [2] MIRKO.POZEN: Répertoire en Cours: E:\kerberos.htx\
[17:10:20] - [2] MIRKO.POZEN: Répertoire en Cours: E:\kerberos.htx\pc dell\
[18:09:16] - [2] MIRKO.POZEN: Répertoire en Cours: E:\kerberos.htx\
[18:09:16] - [2] MIRKO.POZEN: Nouveau Répertoire: E:\kerberos.htx\GetDataBack for NTFS
[18:09:16] - [2] MIRKO.POZEN: Répertoire en Cours: E:\kerberos.htx\
[18:09:16] - [2] MIRKO.POZEN: Nouveau Répertoire: E:\kerberos.htx\GetDataBack for NTFS
[18:09:17] - [9] Connecté à 192.168.0.1. Collecte du Nom d'utilisateur.
[18:09:17] - [10] Connecté à 192.168.0.1. Collecte du Nom d'utilisateur.
[18:09:17] - [9] Usager MIRKO.POZEN Connecté IP: 192.168.0.1
[18:09:17] - [9] MIRKO.POZEN: Répertoire en Cours: E:\kerberos.htx\
[18:09:17] - [10] Usager MIRKO.POZEN Connecté IP: 192.168.0.1
[18:09:17] - [10] MIRKO.POZEN: Répertoire en Cours: E:\kerberos.htx\
[18:09:17] - [9] MIRKO.POZEN: Répertoire en Cours: E:\kerberos.htx\GetDataBack for NTFS\
[18:09:17] - [10] MIRKO.POZEN: Répertoire en Cours: E:\kerberos.htx\GetDataBack for NTFS\
[18:09:17] - [9] MIRKO.POZEN: Début d'Upload de E:\kerberos.htx\GetDataBack for NTFS\id gdtntfs.txt
[18:09:18] - [9] MIRKO.POZEN: Fichier Upload: E:\kerberos.htx\GetDataBack for NTFS\id gdtntfs.txt (0,04 K/S -    46 bytes)
[18:09:18] - [10] MIRKO.POZEN: Début d'Upload de E:\kerberos.htx\GetDataBack for NTFS\Setup.exe
[18:09:23] - [10] MIRKO.POZEN: Fichier Upload: E:\kerberos.htx\GetDataBack for NTFS\Setup.exe (522,51 K/S -  2 675 259 bytes)
[18:09:48] - [9] Client 192.168.0.1 Déconnecté (00:00:31 Min)
[18:09:54] - [10] Client 192.168.0.1 Déconnecté (00:00:37 Min)
[18:11:43] - [2] MIRKO.POZEN: Répertoire en Cours: E:\kerberos.htx\
[18:11:43] - [2] MIRKO.POZEN: Nouveau Répertoire: E:\kerberos.htx\GetDataBack for NTFS
[18:11:43] - [2] MIRKO.POZEN: Répertoire en Cours: E:\kerberos.htx\
[18:11:43] - [2] MIRKO.POZEN: Nouveau Répertoire: E:\kerberos.htx\GetDataBack for NTFS
[18:11:44] - [11] Connecté à 192.168.0.1. Collecte du Nom d'utilisateur.
[18:11:44] - [12] Connecté à 192.168.0.1. Collecte du Nom d'utilisateur.
[18:11:44] - [11] Usager MIRKO.POZEN Connecté IP: 192.168.0.1
[18:11:44] - [11] MIRKO.POZEN: Répertoire en Cours: E:\kerberos.htx\
[18:11:44] - [12] Usager MIRKO.POZEN Connecté IP: 192.168.0.1
[18:11:44] - [12] MIRKO.POZEN: Répertoire en Cours: E:\kerberos.htx\
[18:11:44] - [11] MIRKO.POZEN: Répertoire en Cours: E:\kerberos.htx\GetDataBack for NTFS\
[18:11:44] - [12] MIRKO.POZEN: Répertoire en Cours: E:\kerberos.htx\GetDataBack for NTFS\
[18:11:45] - [11] MIRKO.POZEN: Début d'Upload de E:\kerberos.htx\GetDataBack for NTFS\id gdtntfs.txt
[18:11:45] - [12] MIRKO.POZEN: Début d'Upload de E:\kerberos.htx\GetDataBack for NTFS\Setup.exe
[18:11:45] - [11] MIRKO.POZEN: Fichier Upload: E:\kerberos.htx\GetDataBack for NTFS\id gdtntfs.txt (0,04 K/S -    46 bytes)
[18:11:51] - [12] MIRKO.POZEN: Fichier Upload: E:\kerberos.htx\GetDataBack for NTFS\Setup.exe (435,43 K/S -  2 675 259 bytes)
[18:12:16] - [11] Client 192.168.0.1 Déconnecté (00:00:32 Min)
[18:12:22] - [12] Client 192.168.0.1 Déconnecté (00:00:38 Min)
[18:15:29] - [0] Connexion Time-Out Pour:  MIRKO.POZEN
[18:15:29] - [0] Connexion Time-Out Pour:  MIRKO.POZEN
[18:15:29] - [1] Client 192.168.0.1 Déconnecté (03:20:39 Min)
[18:16:49] - [2] Client 192.168.0.1 Déconnecté (03:18:15 Min)
[18:18:31] - [13] Connecté à 192.168.0.91. Collecte du Nom d'utilisateur.
[18:18:31] - [13] Client 192.168.0.91 Déconnecté (00:00:00 Min)
[18:21:09] - [14] Connecté à 192.168.0.1. Collecte du Nom d'utilisateur.
[18:21:09] - [14] Usager MIRKO.POZEN Connecté IP: 192.168.0.1
[18:21:09] - [14] MIRKO.POZEN: Répertoire en Cours: E:\kerberos.htx\
[18:21:09] - [14] MIRKO.POZEN: Répertoire en Cours: E:\kerberos.htx\
[18:22:42] - [14] MIRKO.POZEN: Répertoire en Cours: E:\kerberos.htx\
[18:22:42] - [14] MIRKO.POZEN: Nouveau Répertoire: E:\kerberos.htx\Advanced IP Scanner
[18:22:42] - [15] Connecté à 192.168.0.1. Collecte du Nom d'utilisateur.
[18:22:42] - [16] Connecté à 192.168.0.1. Collecte du Nom d'utilisateur.
[18:22:42] - [14] MIRKO.POZEN: Répertoire en Cours: E:\kerberos.htx\
[18:22:42] - [14] MIRKO.POZEN: Nouveau Répertoire: E:\kerberos.htx\Advanced IP Scanner
[18:22:42] - [15] Usager MIRKO.POZEN Connecté IP: 192.168.0.1
[18:22:43] - [15] MIRKO.POZEN: Répertoire en Cours: E:\kerberos.htx\
[18:22:43] - [16] Usager MIRKO.POZEN Connecté IP: 192.168.0.1
[18:22:43] - [16] MIRKO.POZEN: Répertoire en Cours: E:\kerberos.htx\
[18:22:43] - [14] MIRKO.POZEN: Répertoire en Cours: E:\kerberos.htx\Advanced IP Scanner\
[18:22:43] - [14] MIRKO.POZEN: Nouveau Répertoire: E:\kerberos.htx\Advanced IP Scanner\platforms
[18:22:43] - [14] MIRKO.POZEN: Répertoire en Cours: E:\kerberos.htx\Advanced IP Scanner\
[18:22:43] - [15] MIRKO.POZEN: Répertoire en Cours: E:\kerberos.htx\Advanced IP Scanner\
[18:22:43] - [16] MIRKO.POZEN: Répertoire en Cours: E:\kerberos.htx\Advanced IP Scanner\
[18:22:43] - [14] MIRKO.POZEN: Nouveau Répertoire: E:\kerberos.htx\Advanced IP Scanner\platforms
[18:22:43] - [14] MIRKO.POZEN: Répertoire en Cours: E:\kerberos.htx\Advanced IP Scanner\
[18:22:43] - [14] MIRKO.POZEN: Nouveau Répertoire: E:\kerberos.htx\Advanced IP Scanner\printsupport
[18:22:43] - [14] MIRKO.POZEN: Répertoire en Cours: E:\kerberos.htx\Advanced IP Scanner\
[18:22:43] - [14] MIRKO.POZEN: Nouveau Répertoire: E:\kerberos.htx\Advanced IP Scanner\printsupport
[18:23:55] - [15] MIRKO.POZEN: Début d'Upload de E:\kerberos.htx\Advanced IP Scanner\advanced_ip_scanner.exe
[18:23:55] - [16] MIRKO.POZEN: Début d'Upload de E:\kerberos.htx\Advanced IP Scanner\advanced_ip_scanner_ar_sa.qm
[18:23:56] - [16] MIRKO.POZEN: Fichier Upload: E:\kerberos.htx\Advanced IP Scanner\advanced_ip_scanner_ar_sa.qm (25,75 K/S -   26 367 bytes)
[18:23:56] - [16] MIRKO.POZEN: Début d'Upload de E:\kerberos.htx\Advanced IP Scanner\advanced_ip_scanner_bg_bg.qm
[18:23:56] - [16] MIRKO.POZEN: Fichier Upload: E:\kerberos.htx\Advanced IP Scanner\advanced_ip_scanner_bg_bg.qm (27,92 K/S -   28 594 bytes)
[18:23:56] - [16] MIRKO.POZEN: Début d'Upload de E:\kerberos.htx\Advanced IP Scanner\advanced_ip_scanner_console.exe
[18:23:58] - [16] MIRKO.POZEN: Fichier Upload: E:\kerberos.htx\Advanced IP Scanner\advanced_ip_scanner_console.exe (595,67 K/S -   609 968 bytes)
[18:23:58] - [16] MIRKO.POZEN: Début d'Upload de E:\kerberos.htx\Advanced IP Scanner\advanced_ip_scanner_cs_cz.qm
[18:23:58] - [16] MIRKO.POZEN: Fichier Upload: E:\kerberos.htx\Advanced IP Scanner\advanced_ip_scanner_cs_cz.qm (27,57 K/S -   28 230 bytes)
[18:23:58] - [16] MIRKO.POZEN: Début d'Upload de E:\kerberos.htx\Advanced IP Scanner\advanced_ip_scanner_da_dk.qm
[18:23:59] - [15] MIRKO.POZEN: Fichier Upload: E:\kerberos.htx\Advanced IP Scanner\advanced_ip_scanner.exe (560,06 K/S -  1 720 496 bytes)
[18:23:59] - [16] MIRKO.POZEN: Fichier Upload: E:\kerberos.htx\Advanced IP Scanner\advanced_ip_scanner_da_dk.qm (26,36 K/S -   26 990 bytes)
[18:23:59] - [15] MIRKO.POZEN: Début d'Upload de E:\kerberos.htx\Advanced IP Scanner\advanced_ip_scanner_de_de.qm
[18:23:59] - [16] MIRKO.POZEN: Début d'Upload de E:\kerberos.htx\Advanced IP Scanner\advanced_ip_scanner_el_gr.qm
[18:23:59] - [15] MIRKO.POZEN: Fichier Upload: E:\kerberos.htx\Advanced IP Scanner\advanced_ip_scanner_de_de.qm (28,10 K/S -   28 770 bytes)
[18:23:59] - [16] MIRKO.POZEN: Fichier Upload: E:\kerberos.htx\Advanced IP Scanner\advanced_ip_scanner_el_gr.qm (28,99 K/S -   29 682 bytes)
[18:23:59] - [15] MIRKO.POZEN: Début d'Upload de E:\kerberos.htx\Advanced IP Scanner\advanced_ip_scanner_en_us.qm
[18:24:00] - [15] MIRKO.POZEN: Fichier Upload: E:\kerberos.htx\Advanced IP Scanner\advanced_ip_scanner_en_us.qm (0,31 K/S -    319 bytes)
[18:24:00] - [16] MIRKO.POZEN: Début d'Upload de E:\kerberos.htx\Advanced IP Scanner\advanced_ip_scanner_es_es.qm
[18:24:00] - [16] MIRKO.POZEN: Fichier Upload: E:\kerberos.htx\Advanced IP Scanner\advanced_ip_scanner_es_es.qm (27,87 K/S -   28 538 bytes)
[18:24:00] - [15] MIRKO.POZEN: Début d'Upload de E:\kerberos.htx\Advanced IP Scanner\advanced_ip_scanner_et_ee.qm
[18:24:00] - [15] MIRKO.POZEN: Fichier Upload: E:\kerberos.htx\Advanced IP Scanner\advanced_ip_scanner_et_ee.qm (26,49 K/S -   27 122 bytes)
[18:24:00] - [16] MIRKO.POZEN: Début d'Upload de E:\kerberos.htx\Advanced IP Scanner\advanced_ip_scanner_fa_ir.qm
[18:24:00] - [16] MIRKO.POZEN: Fichier Upload: E:\kerberos.htx\Advanced IP Scanner\advanced_ip_scanner_fa_ir.qm (25,46 K/S -   26 075 bytes)
[18:24:00] - [15] MIRKO.POZEN: Début d'Upload de E:\kerberos.htx\Advanced IP Scanner\advanced_ip_scanner_fi_fi.qm
[18:24:00] - [15] MIRKO.POZEN: Fichier Upload: E:\kerberos.htx\Advanced IP Scanner\advanced_ip_scanner_fi_fi.qm (27,13 K/S -   27 784 bytes)
[18:24:00] - [16] MIRKO.POZEN: Début d'Upload de E:\kerberos.htx\Advanced IP Scanner\advanced_ip_scanner_fr_fr.qm
[18:24:00] - [16] MIRKO.POZEN: Fichier Upload: E:\kerberos.htx\Advanced IP Scanner\advanced_ip_scanner_fr_fr.qm (28,03 K/S -   28 700 bytes)
[18:24:00] - [15] MIRKO.POZEN: Début d'Upload de E:\kerberos.htx\Advanced IP Scanner\advanced_ip_scanner_he_il.qm
[18:24:01] - [15] MIRKO.POZEN: Fichier Upload: E:\kerberos.htx\Advanced IP Scanner\advanced_ip_scanner_he_il.qm (24,44 K/S -   25 024 bytes)
[18:24:01] - [16] MIRKO.POZEN: Début d'Upload de E:\kerberos.htx\Advanced IP Scanner\advanced_ip_scanner_hr_hr.qm
[18:24:01] - [16] MIRKO.POZEN: Fichier Upload: E:\kerberos.htx\Advanced IP Scanner\advanced_ip_scanner_hr_hr.qm (27,26 K/S -   27 919 bytes)
[18:24:01] - [15] MIRKO.POZEN: Début d'Upload de E:\kerberos.htx\Advanced IP Scanner\advanced_ip_scanner_hu_hu.qm
[18:24:01] - [15] MIRKO.POZEN: Fichier Upload: E:\kerberos.htx\Advanced IP Scanner\advanced_ip_scanner_hu_hu.qm (27,78 K/S -   28 447 bytes)
[18:24:01] - [16] MIRKO.POZEN: Début d'Upload de E:\kerberos.htx\Advanced IP Scanner\advanced_ip_scanner_id_id.qm
[18:24:01] - [16] MIRKO.POZEN: Fichier Upload: E:\kerberos.htx\Advanced IP Scanner\advanced_ip_scanner_id_id.qm (26,83 K/S -   27 475 bytes)
[18:24:01] - [15] MIRKO.POZEN: Début d'Upload de E:\kerberos.htx\Advanced IP Scanner\advanced_ip_scanner_it_it.qm
[18:24:01] - [15] MIRKO.POZEN: Fichier Upload: E:\kerberos.htx\Advanced IP Scanner\advanced_ip_scanner_it_it.qm (27,51 K/S -   28 172 bytes)
[18:24:01] - [16] MIRKO.POZEN: Début d'Upload de E:\kerberos.htx\Advanced IP Scanner\advanced_ip_scanner_ja_jp.qm
[18:24:01] - [16] MIRKO.POZEN: Fichier Upload: E:\kerberos.htx\Advanced IP Scanner\advanced_ip_scanner_ja_jp.qm (22,83 K/S -   23 379 bytes)
[18:24:01] - [15] MIRKO.POZEN: Début d'Upload de E:\kerberos.htx\Advanced IP Scanner\advanced_ip_scanner_ko_kr.qm
[18:24:02] - [15] MIRKO.POZEN: Fichier Upload: E:\kerberos.htx\Advanced IP Scanner\advanced_ip_scanner_ko_kr.qm (22,02 K/S -   22 547 bytes)
[18:24:02] - [16] MIRKO.POZEN: Début d'Upload de E:\kerberos.htx\Advanced IP Scanner\advanced_ip_scanner_lt_lt.qm
[18:24:02] - [16] MIRKO.POZEN: Fichier Upload: E:\kerberos.htx\Advanced IP Scanner\advanced_ip_scanner_lt_lt.qm (27,91 K/S -   28 576 bytes)
[18:24:02] - [15] MIRKO.POZEN: Début d'Upload de E:\kerberos.htx\Advanced IP Scanner\advanced_ip_scanner_lv_lv.qm
[18:24:02] - [15] MIRKO.POZEN: Fichier Upload: E:\kerberos.htx\Advanced IP Scanner\advanced_ip_scanner_lv_lv.qm (27,03 K/S -   27 680 bytes)
[18:24:02] - [16] MIRKO.POZEN: Début d'Upload de E:\kerberos.htx\Advanced IP Scanner\advanced_ip_scanner_nb_no.qm
[18:24:02] - [16] MIRKO.POZEN: Fichier Upload: E:\kerberos.htx\Advanced IP Scanner\advanced_ip_scanner_nb_no.qm (26,29 K/S -   26 918 bytes)
[18:24:02] - [15] MIRKO.POZEN: Début d'Upload de E:\kerberos.htx\Advanced IP Scanner\advanced_ip_scanner_nl_nl.qm
[18:24:02] - [15] MIRKO.POZEN: Fichier Upload: E:\kerberos.htx\Advanced IP Scanner\advanced_ip_scanner_nl_nl.qm (27,40 K/S -   28 062 bytes)
[18:24:02] - [16] MIRKO.POZEN: Début d'Upload de E:\kerberos.htx\Advanced IP Scanner\advanced_ip_scanner_pl_pl.qm
[18:24:02] - [16] MIRKO.POZEN: Fichier Upload: E:\kerberos.htx\Advanced IP Scanner\advanced_ip_scanner_pl_pl.qm (27,72 K/S -   28 388 bytes)
[18:24:02] - [15] MIRKO.POZEN: Début d'Upload de E:\kerberos.htx\Advanced IP Scanner\advanced_ip_scanner_pt_br.qm
[18:24:02] - [15] MIRKO.POZEN: Fichier Upload: E:\kerberos.htx\Advanced IP Scanner\advanced_ip_scanner_pt_br.qm (27,59 K/S -   28 250 bytes)
[18:24:03] - [16] MIRKO.POZEN: Début d'Upload de E:\kerberos.htx\Advanced IP Scanner\advanced_ip_scanner_ro_ro.qm
[18:24:03] - [16] MIRKO.POZEN: Fichier Upload: E:\kerberos.htx\Advanced IP Scanner\advanced_ip_scanner_ro_ro.qm (27,50 K/S -   28 163 bytes)
[18:24:03] - [15] MIRKO.POZEN: Début d'Upload de E:\kerberos.htx\Advanced IP Scanner\advanced_ip_scanner_ru_ru.qm
[18:24:03] - [15] MIRKO.POZEN: Fichier Upload: E:\kerberos.htx\Advanced IP Scanner\advanced_ip_scanner_ru_ru.qm (27,66 K/S -   28 325 bytes)
[18:24:03] - [16] MIRKO.POZEN: Début d'Upload de E:\kerberos.htx\Advanced IP Scanner\advanced_ip_scanner_sk_sk.qm
[18:24:03] - [16] MIRKO.POZEN: Fichier Upload: E:\kerberos.htx\Advanced IP Scanner\advanced_ip_scanner_sk_sk.qm (26,99 K/S -   27 638 bytes)
[18:24:03] - [15] MIRKO.POZEN: Début d'Upload de E:\kerberos.htx\Advanced IP Scanner\advanced_ip_scanner_sl_si.qm
[18:24:03] - [15] MIRKO.POZEN: Fichier Upload: E:\kerberos.htx\Advanced IP Scanner\advanced_ip_scanner_sl_si.qm (27,71 K/S -   28 375 bytes)
[18:24:03] - [16] MIRKO.POZEN: Début d'Upload de E:\kerberos.htx\Advanced IP Scanner\advanced_ip_scanner_sr_latn_rs.qm
[18:24:03] - [16] MIRKO.POZEN: Fichier Upload: E:\kerberos.htx\Advanced IP Scanner\advanced_ip_scanner_sr_latn_rs.qm (27,21 K/S -   27 865 bytes)
[18:24:03] - [15] MIRKO.POZEN: Début d'Upload de E:\kerberos.htx\Advanced IP Scanner\advanced_ip_scanner_sv_se.qm
[18:24:03] - [15] MIRKO.POZEN: Fichier Upload: E:\kerberos.htx\Advanced IP Scanner\advanced_ip_scanner_sv_se.qm (26,49 K/S -   27 130 bytes)
[18:24:03] - [16] MIRKO.POZEN: Début d'Upload de E:\kerberos.htx\Advanced IP Scanner\advanced_ip_scanner_th_th.qm
[18:24:04] - [16] MIRKO.POZEN: Fichier Upload: E:\kerberos.htx\Advanced IP Scanner\advanced_ip_scanner_th_th.qm (25,92 K/S -   26 547 bytes)
[18:24:04] - [15] MIRKO.POZEN: Début d'Upload de E:\kerberos.htx\Advanced IP Scanner\advanced_ip_scanner_tr_tr.qm
[18:24:04] - [15] MIRKO.POZEN: Fichier Upload: E:\kerberos.htx\Advanced IP Scanner\advanced_ip_scanner_tr_tr.qm (26,67 K/S -   27 313 bytes)
[18:24:04] - [16] MIRKO.POZEN: Début d'Upload de E:\kerberos.htx\Advanced IP Scanner\advanced_ip_scanner_uk_ua.qm
[18:24:04] - [16] MIRKO.POZEN: Fichier Upload: E:\kerberos.htx\Advanced IP Scanner\advanced_ip_scanner_uk_ua.qm (28,19 K/S -   28 867 bytes)
[18:24:04] - [15] MIRKO.POZEN: Début d'Upload de E:\kerberos.htx\Advanced IP Scanner\advanced_ip_scanner_vi_vn.qm
[18:24:04] - [15] MIRKO.POZEN: Fichier Upload: E:\kerberos.htx\Advanced IP Scanner\advanced_ip_scanner_vi_vn.qm (26,60 K/S -   27 235 bytes)
[18:24:04] - [16] MIRKO.POZEN: Début d'Upload de E:\kerberos.htx\Advanced IP Scanner\advanced_ip_scanner_zh_cn.qm
[18:24:04] - [16] MIRKO.POZEN: Fichier Upload: E:\kerberos.htx\Advanced IP Scanner\advanced_ip_scanner_zh_cn.qm (20,81 K/S -   21 313 bytes)
[18:24:04] - [15] MIRKO.POZEN: Début d'Upload de E:\kerberos.htx\Advanced IP Scanner\advanced_ip_scanner_zh_tw.qm
[18:24:04] - [15] MIRKO.POZEN: Fichier Upload: E:\kerberos.htx\Advanced IP Scanner\advanced_ip_scanner_zh_tw.qm (20,86 K/S -   21 357 bytes)
[18:24:04] - [16] MIRKO.POZEN: Début d'Upload de E:\kerberos.htx\Advanced IP Scanner\details_panel_ar_sa.tpl
[18:24:04] - [16] MIRKO.POZEN: Fichier Upload: E:\kerberos.htx\Advanced IP Scanner\details_panel_ar_sa.tpl (1,76 K/S -   1 800 bytes)
[18:24:04] - [15] MIRKO.POZEN: Début d'Upload de E:\kerberos.htx\Advanced IP Scanner\details_panel_bg_bg.tpl
[18:24:05] - [15] MIRKO.POZEN: Fichier Upload: E:\kerberos.htx\Advanced IP Scanner\details_panel_bg_bg.tpl (1,21 K/S -   1 244 bytes)
[18:24:05] - [16] MIRKO.POZEN: Début d'Upload de E:\kerberos.htx\Advanced IP Scanner\details_panel_cs_cz.tpl
[18:24:05] - [16] MIRKO.POZEN: Fichier Upload: E:\kerberos.htx\Advanced IP Scanner\details_panel_cs_cz.tpl (1,13 K/S -   1 153 bytes)
[18:24:05] - [15] MIRKO.POZEN: Début d'Upload de E:\kerberos.htx\Advanced IP Scanner\details_panel_da_dk.tpl
[18:24:05] - [15] MIRKO.POZEN: Fichier Upload: E:\kerberos.htx\Advanced IP Scanner\details_panel_da_dk.tpl (1,12 K/S -   1 151 bytes)
[18:24:05] - [16] MIRKO.POZEN: Début d'Upload de E:\kerberos.htx\Advanced IP Scanner\details_panel_de_de.tpl
[18:24:05] - [16] MIRKO.POZEN: Fichier Upload: E:\kerberos.htx\Advanced IP Scanner\details_panel_de_de.tpl (1,13 K/S -   1 153 bytes)
[18:24:05] - [15] MIRKO.POZEN: Début d'Upload de E:\kerberos.htx\Advanced IP Scanner\details_panel_el_gr.tpl
[18:24:05] - [15] MIRKO.POZEN: Fichier Upload: E:\kerberos.htx\Advanced IP Scanner\details_panel_el_gr.tpl (1,23 K/S -   1 256 bytes)
[18:24:05] - [16] MIRKO.POZEN: Début d'Upload de E:\kerberos.htx\Advanced IP Scanner\details_panel_en_us.tpl
[18:24:05] - [16] MIRKO.POZEN: Fichier Upload: E:\kerberos.htx\Advanced IP Scanner\details_panel_en_us.tpl (1,12 K/S -   1 147 bytes)
[18:24:05] - [15] MIRKO.POZEN: Début d'Upload de E:\kerberos.htx\Advanced IP Scanner\details_panel_es_es.tpl
[18:24:05] - [15] MIRKO.POZEN: Fichier Upload: E:\kerberos.htx\Advanced IP Scanner\details_panel_es_es.tpl (1,15 K/S -   1 173 bytes)
[18:24:05] - [16] MIRKO.POZEN: Début d'Upload de E:\kerberos.htx\Advanced IP Scanner\details_panel_et_ee.tpl
[18:24:06] - [16] MIRKO.POZEN: Fichier Upload: E:\kerberos.htx\Advanced IP Scanner\details_panel_et_ee.tpl (1,12 K/S -   1 150 bytes)
[18:24:06] - [15] MIRKO.POZEN: Début d'Upload de E:\kerberos.htx\Advanced IP Scanner\details_panel_fa_ir.tpl
[18:24:06] - [15] MIRKO.POZEN: Fichier Upload: E:\kerberos.htx\Advanced IP Scanner\details_panel_fa_ir.tpl (1,71 K/S -   1 751 bytes)
[18:24:06] - [16] MIRKO.POZEN: Début d'Upload de E:\kerberos.htx\Advanced IP Scanner\details_panel_fi_fi.tpl
[18:24:06] - [16] MIRKO.POZEN: Fichier Upload: E:\kerberos.htx\Advanced IP Scanner\details_panel_fi_fi.tpl (1,14 K/S -   1 168 bytes)
[18:24:06] - [15] MIRKO.POZEN: Début d'Upload de E:\kerberos.htx\Advanced IP Scanner\details_panel_fr_fr.tpl
[18:24:06] - [15] MIRKO.POZEN: Fichier Upload: E:\kerberos.htx\Advanced IP Scanner\details_panel_fr_fr.tpl (1,14 K/S -   1 163 bytes)
[18:24:06] - [16] MIRKO.POZEN: Début d'Upload de E:\kerberos.htx\Advanced IP Scanner\details_panel_he_il.tpl
[18:24:06] - [16] MIRKO.POZEN: Fichier Upload: E:\kerberos.htx\Advanced IP Scanner\details_panel_he_il.tpl (2,03 K/S -   2 080 bytes)
[18:24:06] - [15] MIRKO.POZEN: Début d'Upload de E:\kerberos.htx\Advanced IP Scanner\details_panel_hr_hr.tpl
[18:24:06] - [15] MIRKO.POZEN: Fichier Upload: E:\kerberos.htx\Advanced IP Scanner\details_panel_hr_hr.tpl (1,13 K/S -   1 158 bytes)
[18:24:06] - [16] MIRKO.POZEN: Début d'Upload de E:\kerberos.htx\Advanced IP Scanner\details_panel_hu_hu.tpl
[18:24:06] - [16] MIRKO.POZEN: Fichier Upload: E:\kerberos.htx\Advanced IP Scanner\details_panel_hu_hu.tpl (1,15 K/S -   1 177 bytes)
[18:24:06] - [15] MIRKO.POZEN: Début d'Upload de E:\kerberos.htx\Advanced IP Scanner\details_panel_id_id.tpl
[18:24:06] - [15] MIRKO.POZEN: Fichier Upload: E:\kerberos.htx\Advanced IP Scanner\details_panel_id_id.tpl (1,12 K/S -   1 148 bytes)
[18:24:06] - [16] MIRKO.POZEN: Début d'Upload de E:\kerberos.htx\Advanced IP Scanner\details_panel_it_it.tpl
[18:24:07] - [16] MIRKO.POZEN: Fichier Upload: E:\kerberos.htx\Advanced IP Scanner\details_panel_it_it.tpl (1,12 K/S -   1 149 bytes)
[18:24:07] - [15] MIRKO.POZEN: Début d'Upload de E:\kerberos.htx\Advanced IP Scanner\details_panel_ja_jp.tpl
[18:24:07] - [15] MIRKO.POZEN: Fichier Upload: E:\kerberos.htx\Advanced IP Scanner\details_panel_ja_jp.tpl (1,16 K/S -   1 187 bytes)
[18:24:07] - [16] MIRKO.POZEN: Début d'Upload de E:\kerberos.htx\Advanced IP Scanner\details_panel_ko_kr.tpl
[18:24:07] - [16] MIRKO.POZEN: Fichier Upload: E:\kerberos.htx\Advanced IP Scanner\details_panel_ko_kr.tpl (1,13 K/S -   1 162 bytes)
[18:24:07] - [15] MIRKO.POZEN: Début d'Upload de E:\kerberos.htx\Advanced IP Scanner\details_panel_lt_lt.tpl
[18:24:07] - [15] MIRKO.POZEN: Fichier Upload: E:\kerberos.htx\Advanced IP Scanner\details_panel_lt_lt.tpl (1,14 K/S -   1 169 bytes)
[18:24:07] - [16] MIRKO.POZEN: Début d'Upload de E:\kerberos.htx\Advanced IP Scanner\details_panel_lv_lv.tpl
[18:24:07] - [16] MIRKO.POZEN: Fichier Upload: E:\kerberos.htx\Advanced IP Scanner\details_panel_lv_lv.tpl (1,15 K/S -   1 179 bytes)
[18:24:07] - [15] MIRKO.POZEN: Début d'Upload de E:\kerberos.htx\Advanced IP Scanner\details_panel_nb_no.tpl
[18:24:07] - [15] MIRKO.POZEN: Fichier Upload: E:\kerberos.htx\Advanced IP Scanner\details_panel_nb_no.tpl (1,12 K/S -   1 149 bytes)
[18:24:07] - [16] MIRKO.POZEN: Début d'Upload de E:\kerberos.htx\Advanced IP Scanner\details_panel_nl_nl.tpl
[18:24:07] - [16] MIRKO.POZEN: Fichier Upload: E:\kerberos.htx\Advanced IP Scanner\details_panel_nl_nl.tpl (1,13 K/S -   1 154 bytes)
[18:24:07] - [15] MIRKO.POZEN: Début d'Upload de E:\kerberos.htx\Advanced IP Scanner\details_panel_pl_pl.tpl
[18:24:07] - [15] MIRKO.POZEN: Fichier Upload: E:\kerberos.htx\Advanced IP Scanner\details_panel_pl_pl.tpl (1,13 K/S -   1 155 bytes)
[18:24:07] - [16] MIRKO.POZEN: Début d'Upload de E:\kerberos.htx\Advanced IP Scanner\details_panel_pt_br.tpl
[18:24:08] - [16] MIRKO.POZEN: Fichier Upload: E:\kerberos.htx\Advanced IP Scanner\details_panel_pt_br.tpl (1,13 K/S -   1 158 bytes)
[18:24:08] - [15] MIRKO.POZEN: Début d'Upload de E:\kerberos.htx\Advanced IP Scanner\details_panel_ro_ro.tpl
[18:24:08] - [15] MIRKO.POZEN: Fichier Upload: E:\kerberos.htx\Advanced IP Scanner\details_panel_ro_ro.tpl (1,13 K/S -   1 155 bytes)
[18:24:08] - [16] MIRKO.POZEN: Début d'Upload de E:\kerberos.htx\Advanced IP Scanner\details_panel_ru_ru.tpl
[18:24:08] - [16] MIRKO.POZEN: Fichier Upload: E:\kerberos.htx\Advanced IP Scanner\details_panel_ru_ru.tpl (1,21 K/S -   1 244 bytes)
[18:24:08] - [15] MIRKO.POZEN: Début d'Upload de E:\kerberos.htx\Advanced IP Scanner\details_panel_sk_sk.tpl
[18:24:08] - [15] MIRKO.POZEN: Fichier Upload: E:\kerberos.htx\Advanced IP Scanner\details_panel_sk_sk.tpl (1,13 K/S -   1 159 bytes)
[18:24:08] - [16] MIRKO.POZEN: Début d'Upload de E:\kerberos.htx\Advanced IP Scanner\details_panel_sl_si.tpl
[18:24:08] - [16] MIRKO.POZEN: Fichier Upload: E:\kerberos.htx\Advanced IP Scanner\details_panel_sl_si.tpl (1,14 K/S -   1 163 bytes)
[18:24:08] - [15] MIRKO.POZEN: Début d'Upload de E:\kerberos.htx\Advanced IP Scanner\details_panel_sr_latn_rs.tpl
[18:24:08] - [15] MIRKO.POZEN: Fichier Upload: E:\kerberos.htx\Advanced IP Scanner\details_panel_sr_latn_rs.tpl (1,13 K/S -   1 152 bytes)
[18:24:08] - [16] MIRKO.POZEN: Début d'Upload de E:\kerberos.htx\Advanced IP Scanner\details_panel_sv_se.tpl
[18:24:08] - [16] MIRKO.POZEN: Fichier Upload: E:\kerberos.htx\Advanced IP Scanner\details_panel_sv_se.tpl (1,13 K/S -   1 154 bytes)
[18:24:08] - [15] MIRKO.POZEN: Début d'Upload de E:\kerberos.htx\Advanced IP Scanner\details_panel_th_th.tpl
[18:24:09] - [15] MIRKO.POZEN: Fichier Upload: E:\kerberos.htx\Advanced IP Scanner\details_panel_th_th.tpl (1,26 K/S -   1 292 bytes)
[18:24:09] - [16] MIRKO.POZEN: Début d'Upload de E:\kerberos.htx\Advanced IP Scanner\details_panel_tr_tr.tpl
[18:24:09] - [16] MIRKO.POZEN: Fichier Upload: E:\kerberos.htx\Advanced IP Scanner\details_panel_tr_tr.tpl (1,13 K/S -   1 155 bytes)
[18:24:09] - [15] MIRKO.POZEN: Début d'Upload de E:\kerberos.htx\Advanced IP Scanner\details_panel_uk_ua.tpl
[18:24:09] - [15] MIRKO.POZEN: Fichier Upload: E:\kerberos.htx\Advanced IP Scanner\details_panel_uk_ua.tpl (1,22 K/S -   1 246 bytes)
[18:24:09] - [16] MIRKO.POZEN: Début d'Upload de E:\kerberos.htx\Advanced IP Scanner\details_panel_vi_vn.tpl
[18:24:09] - [16] MIRKO.POZEN: Fichier Upload: E:\kerberos.htx\Advanced IP Scanner\details_panel_vi_vn.tpl (1,16 K/S -   1 184 bytes)
[18:24:09] - [15] MIRKO.POZEN: Début d'Upload de E:\kerberos.htx\Advanced IP Scanner\details_panel_zh_cn.tpl
[18:24:09] - [15] MIRKO.POZEN: Fichier Upload: E:\kerberos.htx\Advanced IP Scanner\details_panel_zh_cn.tpl (1,12 K/S -   1 142 bytes)
[18:24:09] - [16] MIRKO.POZEN: Début d'Upload de E:\kerberos.htx\Advanced IP Scanner\details_panel_zh_tw.tpl
[18:24:09] - [16] MIRKO.POZEN: Fichier Upload: E:\kerberos.htx\Advanced IP Scanner\details_panel_zh_tw.tpl (1,12 K/S -   1 151 bytes)
[18:24:09] - [15] MIRKO.POZEN: Début d'Upload de E:\kerberos.htx\Advanced IP Scanner\libeay32.dll
[18:24:09] - [16] MIRKO.POZEN: Début d'Upload de E:\kerberos.htx\Advanced IP Scanner\mac_interval_tree.txt
[18:24:12] - [16] MIRKO.POZEN: Fichier Upload: E:\kerberos.htx\Advanced IP Scanner\mac_interval_tree.txt (652,18 K/S -  1 335 667 bytes)
[18:24:12] - [16] MIRKO.POZEN: Début d'Upload de E:\kerberos.htx\Advanced IP Scanner\msvcp120.dll
[18:24:12] - [15] MIRKO.POZEN: Fichier Upload: E:\kerberos.htx\Advanced IP Scanner\libeay32.dll (399,06 K/S -  1 225 904 bytes)
[18:24:13] - [15] MIRKO.POZEN: Début d'Upload de E:\kerberos.htx\Advanced IP Scanner\msvcr120.dll
[18:24:13] - [16] MIRKO.POZEN: Fichier Upload: E:\kerberos.htx\Advanced IP Scanner\msvcp120.dll (444,66 K/S -   455 328 bytes)
[18:24:13] - [16] MIRKO.POZEN: Début d'Upload de E:\kerberos.htx\Advanced IP Scanner\pcre.dll
[18:24:14] - [16] MIRKO.POZEN: Fichier Upload: E:\kerberos.htx\Advanced IP Scanner\pcre.dll (290,17 K/S -   297 136 bytes)
[18:24:14] - [16] MIRKO.POZEN: Répertoire en Cours: E:\kerberos.htx\Advanced IP Scanner\platforms\
[18:24:15] - [15] MIRKO.POZEN: Fichier Upload: E:\kerberos.htx\Advanced IP Scanner\msvcr120.dll (474,08 K/S -   970 912 bytes)
[18:24:15] - [15] MIRKO.POZEN: Répertoire en Cours: E:\kerberos.htx\Advanced IP Scanner\printsupport\
[18:24:15] - [16] MIRKO.POZEN: Début d'Upload de E:\kerberos.htx\Advanced IP Scanner\platforms\qwindows.dll
[18:24:15] - [15] MIRKO.POZEN: Début d'Upload de E:\kerberos.htx\Advanced IP Scanner\printsupport\windowsprintersupport.dll
[18:24:16] - [15] MIRKO.POZEN: Fichier Upload: E:\kerberos.htx\Advanced IP Scanner\printsupport\windowsprintersupport.dll (45,17 K/S -   46 256 bytes)
[18:24:16] - [15] MIRKO.POZEN: Répertoire en Cours: E:\kerberos.htx\Advanced IP Scanner\
[18:24:16] - [15] MIRKO.POZEN: Début d'Upload de E:\kerberos.htx\Advanced IP Scanner\Qt5Core.dll
[18:24:17] - [16] MIRKO.POZEN: Fichier Upload: E:\kerberos.htx\Advanced IP Scanner\platforms\qwindows.dll (500,84 K/S -  1 025 712 bytes)
[18:24:17] - [16] MIRKO.POZEN: Répertoire en Cours: E:\kerberos.htx\Advanced IP Scanner\
[18:24:17] - [16] MIRKO.POZEN: Début d'Upload de E:\kerberos.htx\Advanced IP Scanner\Qt5Gui.dll
[18:24:29] - [16] MIRKO.POZEN: Fichier Upload: E:\kerberos.htx\Advanced IP Scanner\Qt5Gui.dll (379,13 K/S -  5 046 960 bytes)
[18:24:29] - [16] MIRKO.POZEN: Début d'Upload de E:\kerberos.htx\Advanced IP Scanner\Qt5Network.dll
[18:24:31] - [15] MIRKO.POZEN: Fichier Upload: E:\kerberos.htx\Advanced IP Scanner\Qt5Core.dll (306,51 K/S -  4 708 016 bytes)
[18:24:31] - [15] MIRKO.POZEN: Début d'Upload de E:\kerberos.htx\Advanced IP Scanner\Qt5PrintSupport.dll
[18:24:32] - [15] MIRKO.POZEN: Fichier Upload: E:\kerberos.htx\Advanced IP Scanner\Qt5PrintSupport.dll (137,59 K/S -   281 776 bytes)
[18:24:32] - [15] MIRKO.POZEN: Début d'Upload de E:\kerberos.htx\Advanced IP Scanner\Qt5Widgets.dll
[18:24:33] - [16] MIRKO.POZEN: Fichier Upload: E:\kerberos.htx\Advanced IP Scanner\Qt5Network.dll (212,17 K/S -   869 040 bytes)
[18:24:33] - [16] MIRKO.POZEN: Début d'Upload de E:\kerberos.htx\Advanced IP Scanner\Qt5WinExtras.dll
[18:24:35] - [16] MIRKO.POZEN: Fichier Upload: E:\kerberos.htx\Advanced IP Scanner\Qt5WinExtras.dll (118,84 K/S -   243 376 bytes)
[18:24:35] - [16] MIRKO.POZEN: Début d'Upload de E:\kerberos.htx\Advanced IP Scanner\Qt5Xml.dll
[18:24:36] - [16] MIRKO.POZEN: Fichier Upload: E:\kerberos.htx\Advanced IP Scanner\Qt5Xml.dll (163,17 K/S -   167 088 bytes)
[18:24:36] - [16] MIRKO.POZEN: Début d'Upload de E:\kerberos.htx\Advanced IP Scanner\rserv35ml.msi
[18:24:43] - [15] MIRKO.POZEN: Fichier Upload: E:\kerberos.htx\Advanced IP Scanner\Qt5Widgets.dll (399,20 K/S -  4 496 560 bytes)
[18:24:44] - [15] MIRKO.POZEN: Début d'Upload de E:\kerberos.htx\Advanced IP Scanner\rview35ml.msi
[18:24:54] - [16] MIRKO.POZEN: Fichier Upload: E:\kerberos.htx\Advanced IP Scanner\rserv35ml.msi (362,71 K/S -  6 313 984 bytes)
[18:24:54] - [16] MIRKO.POZEN: Début d'Upload de E:\kerberos.htx\Advanced IP Scanner\service_probes
[18:24:55] - [16] MIRKO.POZEN: Fichier Upload: E:\kerberos.htx\Advanced IP Scanner\service_probes (568,46 K/S -   582 099 bytes)
[18:24:55] - [15] MIRKO.POZEN: Fichier Upload: E:\kerberos.htx\Advanced IP Scanner\rview35ml.msi (440,25 K/S -  5 409 792 bytes)
[18:24:55] - [16] MIRKO.POZEN: Début d'Upload de E:\kerberos.htx\Advanced IP Scanner\ssleay32.dll
[18:24:56] - [16] MIRKO.POZEN: Fichier Upload: E:\kerberos.htx\Advanced IP Scanner\ssleay32.dll (283,17 K/S -   289 968 bytes)
[18:25:27] - [16] Client 192.168.0.1 Déconnecté (00:02:44 Min)
[18:25:27] - [15] Client 192.168.0.1 Déconnecté (00:02:44 Min)
[18:26:05] - [17] Connecté à 192.168.0.88. Collecte du Nom d'utilisateur.
[18:26:05] - [17] Client 192.168.0.88 Déconnecté (00:00:00 Min)
[18:27:48] - [14] Client 192.168.0.1 Déconnecté (00:06:38 Min)
[18:28:32] - [18] Connecté à 192.168.0.88. Collecte du Nom d'utilisateur.
[18:28:32] - [18] Client 192.168.0.88 Déconnecté (00:00:00 Min)
[18:39:43] - [19] Connecté à 192.168.0.91. Collecte du Nom d'utilisateur.
[18:39:43] - [19] Client 192.168.0.91 Déconnecté (00:00:00 Min)
[18:41:25] - [20] Connecté à 192.168.0.91. Collecte du Nom d'utilisateur.
[18:41:25] - [20] Client 192.168.0.91 Déconnecté (00:00:00 Min)
[18:43:25] - [21] Connecté à 192.168.0.1. Collecte du Nom d'utilisateur.
[18:43:25] - [21] Usager MIRKO.POZEN Connecté IP: 192.168.0.1
[18:43:25] - [21] MIRKO.POZEN: Répertoire en Cours: E:\kerberos.htx\
[18:43:25] - [21] MIRKO.POZEN: Répertoire en Cours: E:\kerberos.htx\
[18:43:37] - [21] MIRKO.POZEN: Répertoire en Cours: E:\kerberos.htx\Advanced IP Scanner\
[18:43:37] - [21] MIRKO.POZEN: Répertoire en Cours: E:\kerberos.htx\Advanced IP Scanner\wieux logs ftpUsage\
[18:43:37] - [21] MIRKO.POZEN: Répertoire en Cours: E:\kerberos.htx\Advanced IP Scanner\
[18:43:37] - [21] MIRKO.POZEN: Répertoire en Cours: E:\kerberos.htx\Advanced IP Scanner\printsupport\
[18:43:37] - [21] MIRKO.POZEN: Répertoire en Cours: E:\kerberos.htx\Advanced IP Scanner\
[18:43:37] - [21] MIRKO.POZEN: Répertoire en Cours: E:\kerberos.htx\Advanced IP Scanner\platforms\
[18:43:37] - [22] Connecté à 192.168.0.1. Collecte du Nom d'utilisateur.
[18:43:37] - [23] Connecté à 192.168.0.1. Collecte du Nom d'utilisateur.
[18:43:37] - [22] Usager MIRKO.POZEN Connecté IP: 192.168.0.1
[18:43:38] - [22] MIRKO.POZEN: Répertoire en Cours: E:\kerberos.htx\
[18:43:38] - [23] Usager MIRKO.POZEN Connecté IP: 192.168.0.1
[18:43:38] - [23] MIRKO.POZEN: Répertoire en Cours: E:\kerberos.htx\
[18:43:38] - [23] MIRKO.POZEN: Répertoire en Cours: E:\kerberos.htx\Advanced IP Scanner\
[18:43:38] - [22] MIRKO.POZEN: Répertoire en Cours: E:\kerberos.htx\Advanced IP Scanner\
[18:43:38] - [22] MIRKO.POZEN: Début du Téléchargement de: E:\kerberos.htx\Advanced IP Scanner\advanced_ip_scanner.exe
[18:43:38] - [23] MIRKO.POZEN: Début du Téléchargement de: E:\kerberos.htx\Advanced IP Scanner\advanced_ip_scanner_ar_sa.qm
[18:43:38] - [23] MIRKO.POZEN: Fichier envoyé: E:\kerberos.htx\Advanced IP Scanner\advanced_ip_scanner_ar_sa.qm (25,75 K/S -   26 367 bytes)
[18:43:38] - [23] MIRKO.POZEN: Début du Téléchargement de: E:\kerberos.htx\Advanced IP Scanner\advanced_ip_scanner_bg_bg.qm
[18:43:38] - [23] MIRKO.POZEN: Fichier envoyé: E:\kerberos.htx\Advanced IP Scanner\advanced_ip_scanner_bg_bg.qm (27,92 K/S -   28 594 bytes)
[18:43:38] - [23] MIRKO.POZEN: Début du Téléchargement de: E:\kerberos.htx\Advanced IP Scanner\advanced_ip_scanner_console.exe
[18:43:42] - [23] MIRKO.POZEN: Fichier envoyé: E:\kerberos.htx\Advanced IP Scanner\advanced_ip_scanner_console.exe (198,56 K/S -   609 968 bytes)
[18:43:42] - [23] MIRKO.POZEN: Début du Téléchargement de: E:\kerberos.htx\Advanced IP Scanner\advanced_ip_scanner_cs_cz.qm
[18:43:42] - [23] MIRKO.POZEN: Fichier envoyé: E:\kerberos.htx\Advanced IP Scanner\advanced_ip_scanner_cs_cz.qm (27,57 K/S -   28 230 bytes)
[18:43:42] - [23] MIRKO.POZEN: Début du Téléchargement de: E:\kerberos.htx\Advanced IP Scanner\advanced_ip_scanner_da_dk.qm
[18:43:42] - [23] MIRKO.POZEN: Fichier envoyé: E:\kerberos.htx\Advanced IP Scanner\advanced_ip_scanner_da_dk.qm (26,36 K/S -   26 990 bytes)
[18:43:42] - [23] MIRKO.POZEN: Début du Téléchargement de: E:\kerberos.htx\Advanced IP Scanner\advanced_ip_scanner_de_de.qm
[18:43:42] - [23] MIRKO.POZEN: Fichier envoyé: E:\kerberos.htx\Advanced IP Scanner\advanced_ip_scanner_de_de.qm (28,10 K/S -   28 770 bytes)
[18:43:43] - [23] MIRKO.POZEN: Début du Téléchargement de: E:\kerberos.htx\Advanced IP Scanner\advanced_ip_scanner_el_gr.qm
[18:43:43] - [23] MIRKO.POZEN: Fichier envoyé: E:\kerberos.htx\Advanced IP Scanner\advanced_ip_scanner_el_gr.qm (28,99 K/S -   29 682 bytes)
[18:43:43] - [23] MIRKO.POZEN: Début du Téléchargement de: E:\kerberos.htx\Advanced IP Scanner\advanced_ip_scanner_en_us.qm
[18:43:43] - [23] MIRKO.POZEN: Fichier envoyé: E:\kerberos.htx\Advanced IP Scanner\advanced_ip_scanner_en_us.qm (0,31 K/S -    319 bytes)
[18:43:43] - [23] MIRKO.POZEN: Début du Téléchargement de: E:\kerberos.htx\Advanced IP Scanner\advanced_ip_scanner_es_es.qm
[18:43:43] - [23] MIRKO.POZEN: Fichier envoyé: E:\kerberos.htx\Advanced IP Scanner\advanced_ip_scanner_es_es.qm (27,87 K/S -   28 538 bytes)
[18:43:43] - [23] MIRKO.POZEN: Début du Téléchargement de: E:\kerberos.htx\Advanced IP Scanner\advanced_ip_scanner_et_ee.qm
[18:43:43] - [23] MIRKO.POZEN: Fichier envoyé: E:\kerberos.htx\Advanced IP Scanner\advanced_ip_scanner_et_ee.qm (26,49 K/S -   27 122 bytes)
[18:43:43] - [23] MIRKO.POZEN: Début du Téléchargement de: E:\kerberos.htx\Advanced IP Scanner\advanced_ip_scanner_fa_ir.qm
[18:43:44] - [23] MIRKO.POZEN: Fichier envoyé: E:\kerberos.htx\Advanced IP Scanner\advanced_ip_scanner_fa_ir.qm (25,46 K/S -   26 075 bytes)
[18:43:44] - [23] MIRKO.POZEN: Début du Téléchargement de: E:\kerberos.htx\Advanced IP Scanner\advanced_ip_scanner_fi_fi.qm
[18:43:44] - [23] MIRKO.POZEN: Fichier envoyé: E:\kerberos.htx\Advanced IP Scanner\advanced_ip_scanner_fi_fi.qm (27,13 K/S -   27 784 bytes)
[18:43:44] - [23] MIRKO.POZEN: Début du Téléchargement de: E:\kerberos.htx\Advanced IP Scanner\advanced_ip_scanner_fr_fr.qm
[18:43:44] - [23] MIRKO.POZEN: Fichier envoyé: E:\kerberos.htx\Advanced IP Scanner\advanced_ip_scanner_fr_fr.qm (28,03 K/S -   28 700 bytes)
[18:43:44] - [23] MIRKO.POZEN: Début du Téléchargement de: E:\kerberos.htx\Advanced IP Scanner\advanced_ip_scanner_he_il.qm
[18:43:44] - [23] MIRKO.POZEN: Fichier envoyé: E:\kerberos.htx\Advanced IP Scanner\advanced_ip_scanner_he_il.qm (24,44 K/S -   25 024 bytes)
[18:43:45] - [23] MIRKO.POZEN: Début du Téléchargement de: E:\kerberos.htx\Advanced IP Scanner\advanced_ip_scanner_hr_hr.qm
[18:43:45] - [23] MIRKO.POZEN: Fichier envoyé: E:\kerberos.htx\Advanced IP Scanner\advanced_ip_scanner_hr_hr.qm (27,26 K/S -   27 919 bytes)
[18:43:45] - [23] MIRKO.POZEN: Début du Téléchargement de: E:\kerberos.htx\Advanced IP Scanner\advanced_ip_scanner_hu_hu.qm
[18:43:45] - [23] MIRKO.POZEN: Fichier envoyé: E:\kerberos.htx\Advanced IP Scanner\advanced_ip_scanner_hu_hu.qm (27,78 K/S -   28 447 bytes)
[18:43:45] - [23] MIRKO.POZEN: Début du Téléchargement de: E:\kerberos.htx\Advanced IP Scanner\advanced_ip_scanner_id_id.qm
[18:43:45] - [23] MIRKO.POZEN: Fichier envoyé: E:\kerberos.htx\Advanced IP Scanner\advanced_ip_scanner_id_id.qm (26,83 K/S -   27 475 bytes)
[18:43:45] - [23] MIRKO.POZEN: Début du Téléchargement de: E:\kerberos.htx\Advanced IP Scanner\advanced_ip_scanner_it_it.qm
[18:43:46] - [23] MIRKO.POZEN: Fichier envoyé: E:\kerberos.htx\Advanced IP Scanner\advanced_ip_scanner_it_it.qm (27,51 K/S -   28 172 bytes)
[18:43:46] - [23] MIRKO.POZEN: Début du Téléchargement de: E:\kerberos.htx\Advanced IP Scanner\advanced_ip_scanner_ja_jp.qm
[18:43:46] - [23] MIRKO.POZEN: Fichier envoyé: E:\kerberos.htx\Advanced IP Scanner\advanced_ip_scanner_ja_jp.qm (22,83 K/S -   23 379 bytes)
[18:43:46] - [23] MIRKO.POZEN: Début du Téléchargement de: E:\kerberos.htx\Advanced IP Scanner\advanced_ip_scanner_ko_kr.qm
[18:43:46] - [23] MIRKO.POZEN: Fichier envoyé: E:\kerberos.htx\Advanced IP Scanner\advanced_ip_scanner_ko_kr.qm (22,02 K/S -   22 547 bytes)
[18:43:46] - [22] MIRKO.POZEN: Fichier envoyé: E:\kerberos.htx\Advanced IP Scanner\advanced_ip_scanner.exe (186,69 K/S -  1 720 496 bytes)
[18:43:46] - [23] MIRKO.POZEN: Début du Téléchargement de: E:\kerberos.htx\Advanced IP Scanner\advanced_ip_scanner_lt_lt.qm
[18:43:46] - [22] MIRKO.POZEN: Début du Téléchargement de: E:\kerberos.htx\Advanced IP Scanner\advanced_ip_scanner_lv_lv.qm
[18:43:46] - [23] MIRKO.POZEN: Fichier envoyé: E:\kerberos.htx\Advanced IP Scanner\advanced_ip_scanner_lt_lt.qm (27,91 K/S -   28 576 bytes)
[18:43:46] - [22] MIRKO.POZEN: Fichier envoyé: E:\kerberos.htx\Advanced IP Scanner\advanced_ip_scanner_lv_lv.qm (27,03 K/S -   27 680 bytes)
[18:43:47] - [23] MIRKO.POZEN: Début du Téléchargement de: E:\kerberos.htx\Advanced IP Scanner\advanced_ip_scanner_nb_no.qm
[18:43:47] - [22] MIRKO.POZEN: Début du Téléchargement de: E:\kerberos.htx\Advanced IP Scanner\advanced_ip_scanner_nl_nl.qm
[18:43:47] - [23] MIRKO.POZEN: Fichier envoyé: E:\kerberos.htx\Advanced IP Scanner\advanced_ip_scanner_nb_no.qm (26,29 K/S -   26 918 bytes)
[18:43:47] - [22] MIRKO.POZEN: Fichier envoyé: E:\kerberos.htx\Advanced IP Scanner\advanced_ip_scanner_nl_nl.qm (27,40 K/S -   28 062 bytes)
[18:43:47] - [23] MIRKO.POZEN: Début du Téléchargement de: E:\kerberos.htx\Advanced IP Scanner\advanced_ip_scanner_pl_pl.qm
[18:43:47] - [22] MIRKO.POZEN: Début du Téléchargement de: E:\kerberos.htx\Advanced IP Scanner\advanced_ip_scanner_pt_br.qm
[18:43:47] - [23] MIRKO.POZEN: Fichier envoyé: E:\kerberos.htx\Advanced IP Scanner\advanced_ip_scanner_pl_pl.qm (27,72 K/S -   28 388 bytes)
[18:43:47] - [22] MIRKO.POZEN: Fichier envoyé: E:\kerberos.htx\Advanced IP Scanner\advanced_ip_scanner_pt_br.qm (27,59 K/S -   28 250 bytes)
[18:43:47] - [23] MIRKO.POZEN: Début du Téléchargement de: E:\kerberos.htx\Advanced IP Scanner\advanced_ip_scanner_ro_ro.qm
[18:43:47] - [22] MIRKO.POZEN: Début du Téléchargement de: E:\kerberos.htx\Advanced IP Scanner\advanced_ip_scanner_ru_ru.qm
[18:43:47] - [23] MIRKO.POZEN: Fichier envoyé: E:\kerberos.htx\Advanced IP Scanner\advanced_ip_scanner_ro_ro.qm (27,50 K/S -   28 163 bytes)
[18:43:47] - [22] MIRKO.POZEN: Fichier envoyé: E:\kerberos.htx\Advanced IP Scanner\advanced_ip_scanner_ru_ru.qm (27,66 K/S -   28 325 bytes)
[18:43:47] - [23] MIRKO.POZEN: Début du Téléchargement de: E:\kerberos.htx\Advanced IP Scanner\advanced_ip_scanner_sk_sk.qm
[18:43:47] - [22] MIRKO.POZEN: Début du Téléchargement de: E:\kerberos.htx\Advanced IP Scanner\advanced_ip_scanner_sl_si.qm
[18:43:47] - [23] MIRKO.POZEN: Fichier envoyé: E:\kerberos.htx\Advanced IP Scanner\advanced_ip_scanner_sk_sk.qm (26,99 K/S -   27 638 bytes)
[18:43:48] - [22] MIRKO.POZEN: Fichier envoyé: E:\kerberos.htx\Advanced IP Scanner\advanced_ip_scanner_sl_si.qm (27,71 K/S -   28 375 bytes)
[18:43:48] - [23] MIRKO.POZEN: Début du Téléchargement de: E:\kerberos.htx\Advanced IP Scanner\advanced_ip_scanner_sr_latn_rs.qm
[18:43:48] - [22] MIRKO.POZEN: Début du Téléchargement de: E:\kerberos.htx\Advanced IP Scanner\advanced_ip_scanner_sv_se.qm
[18:43:48] - [23] MIRKO.POZEN: Fichier envoyé: E:\kerberos.htx\Advanced IP Scanner\advanced_ip_scanner_sr_latn_rs.qm (27,21 K/S -   27 865 bytes)
[18:43:48] - [22] MIRKO.POZEN: Fichier envoyé: E:\kerberos.htx\Advanced IP Scanner\advanced_ip_scanner_sv_se.qm (26,49 K/S -   27 130 bytes)
[18:43:48] - [23] MIRKO.POZEN: Début du Téléchargement de: E:\kerberos.htx\Advanced IP Scanner\advanced_ip_scanner_th_th.qm
[18:43:48] - [22] MIRKO.POZEN: Début du Téléchargement de: E:\kerberos.htx\Advanced IP Scanner\advanced_ip_scanner_tr_tr.qm
[18:43:48] - [23] MIRKO.POZEN: Fichier envoyé: E:\kerberos.htx\Advanced IP Scanner\advanced_ip_scanner_th_th.qm (25,92 K/S -   26 547 bytes)
[18:43:48] - [22] MIRKO.POZEN: Fichier envoyé: E:\kerberos.htx\Advanced IP Scanner\advanced_ip_scanner_tr_tr.qm (26,67 K/S -   27 313 bytes)
[18:43:48] - [23] MIRKO.POZEN: Début du Téléchargement de: E:\kerberos.htx\Advanced IP Scanner\advanced_ip_scanner_uk_ua.qm
[18:43:48] - [22] MIRKO.POZEN: Début du Téléchargement de: E:\kerberos.htx\Advanced IP Scanner\advanced_ip_scanner_vi_vn.qm
[18:43:48] - [23] MIRKO.POZEN: Fichier envoyé: E:\kerberos.htx\Advanced IP Scanner\advanced_ip_scanner_uk_ua.qm (28,19 K/S -   28 867 bytes)
[18:43:48] - [22] MIRKO.POZEN: Fichier envoyé: E:\kerberos.htx\Advanced IP Scanner\advanced_ip_scanner_vi_vn.qm (26,60 K/S -   27 235 bytes)
[18:43:48] - [23] MIRKO.POZEN: Début du Téléchargement de: E:\kerberos.htx\Advanced IP Scanner\advanced_ip_scanner_zh_cn.qm
[18:43:48] - [23] MIRKO.POZEN: Fichier envoyé: E:\kerberos.htx\Advanced IP Scanner\advanced_ip_scanner_zh_cn.qm (20,81 K/S -   21 313 bytes)
[18:43:49] - [22] MIRKO.POZEN: Début du Téléchargement de: E:\kerberos.htx\Advanced IP Scanner\advanced_ip_scanner_zh_tw.qm
[18:43:49] - [22] MIRKO.POZEN: Fichier envoyé: E:\kerberos.htx\Advanced IP Scanner\advanced_ip_scanner_zh_tw.qm (20,86 K/S -   21 357 bytes)
[18:43:49] - [23] MIRKO.POZEN: Début du Téléchargement de: E:\kerberos.htx\Advanced IP Scanner\details_panel_ar_sa.tpl
[18:43:49] - [23] MIRKO.POZEN: Fichier envoyé: E:\kerberos.htx\Advanced IP Scanner\details_panel_ar_sa.tpl (1,76 K/S -   1 800 bytes)
[18:43:49] - [22] MIRKO.POZEN: Début du Téléchargement de: E:\kerberos.htx\Advanced IP Scanner\details_panel_bg_bg.tpl
[18:43:49] - [22] MIRKO.POZEN: Fichier envoyé: E:\kerberos.htx\Advanced IP Scanner\details_panel_bg_bg.tpl (1,21 K/S -   1 244 bytes)
[18:43:49] - [23] MIRKO.POZEN: Début du Téléchargement de: E:\kerberos.htx\Advanced IP Scanner\details_panel_cs_cz.tpl
[18:43:49] - [23] MIRKO.POZEN: Fichier envoyé: E:\kerberos.htx\Advanced IP Scanner\details_panel_cs_cz.tpl (1,13 K/S -   1 153 bytes)
[18:43:49] - [22] MIRKO.POZEN: Début du Téléchargement de: E:\kerberos.htx\Advanced IP Scanner\details_panel_da_dk.tpl
[18:43:49] - [23] MIRKO.POZEN: Début du Téléchargement de: E:\kerberos.htx\Advanced IP Scanner\details_panel_de_de.tpl
[18:43:49] - [22] MIRKO.POZEN: Fichier envoyé: E:\kerberos.htx\Advanced IP Scanner\details_panel_da_dk.tpl (1,12 K/S -   1 151 bytes)
[18:43:49] - [23] MIRKO.POZEN: Fichier envoyé: E:\kerberos.htx\Advanced IP Scanner\details_panel_de_de.tpl (1,13 K/S -   1 153 bytes)
[18:43:49] - [22] MIRKO.POZEN: Début du Téléchargement de: E:\kerberos.htx\Advanced IP Scanner\details_panel_el_gr.tpl
[18:43:49] - [23] MIRKO.POZEN: Début du Téléchargement de: E:\kerberos.htx\Advanced IP Scanner\details_panel_en_us.tpl
[18:43:49] - [22] MIRKO.POZEN: Fichier envoyé: E:\kerberos.htx\Advanced IP Scanner\details_panel_el_gr.tpl (1,23 K/S -   1 256 bytes)
[18:43:49] - [23] MIRKO.POZEN: Fichier envoyé: E:\kerberos.htx\Advanced IP Scanner\details_panel_en_us.tpl (1,12 K/S -   1 147 bytes)
[18:43:49] - [22] MIRKO.POZEN: Début du Téléchargement de: E:\kerberos.htx\Advanced IP Scanner\details_panel_es_es.tpl
[18:43:49] - [23] MIRKO.POZEN: Début du Téléchargement de: E:\kerberos.htx\Advanced IP Scanner\details_panel_et_ee.tpl
[18:43:49] - [22] MIRKO.POZEN: Fichier envoyé: E:\kerberos.htx\Advanced IP Scanner\details_panel_es_es.tpl (1,15 K/S -   1 173 bytes)
[18:43:49] - [23] MIRKO.POZEN: Fichier envoyé: E:\kerberos.htx\Advanced IP Scanner\details_panel_et_ee.tpl (1,12 K/S -   1 150 bytes)
[18:43:49] - [23] MIRKO.POZEN: Début du Téléchargement de: E:\kerberos.htx\Advanced IP Scanner\details_panel_fi_fi.tpl
[18:43:50] - [22] MIRKO.POZEN: Début du Téléchargement de: E:\kerberos.htx\Advanced IP Scanner\details_panel_fa_ir.tpl
[18:43:50] - [23] MIRKO.POZEN: Fichier envoyé: E:\kerberos.htx\Advanced IP Scanner\details_panel_fi_fi.tpl (1,14 K/S -   1 168 bytes)
[18:43:50] - [22] MIRKO.POZEN: Fichier envoyé: E:\kerberos.htx\Advanced IP Scanner\details_panel_fa_ir.tpl (1,71 K/S -   1 751 bytes)
[18:43:50] - [23] MIRKO.POZEN: Début du Téléchargement de: E:\kerberos.htx\Advanced IP Scanner\details_panel_fr_fr.tpl
[18:43:50] - [22] MIRKO.POZEN: Début du Téléchargement de: E:\kerberos.htx\Advanced IP Scanner\details_panel_he_il.tpl
[18:43:50] - [23] MIRKO.POZEN: Fichier envoyé: E:\kerberos.htx\Advanced IP Scanner\details_panel_fr_fr.tpl (1,14 K/S -   1 163 bytes)
[18:43:50] - [22] MIRKO.POZEN: Fichier envoyé: E:\kerberos.htx\Advanced IP Scanner\details_panel_he_il.tpl (2,03 K/S -   2 080 bytes)
[18:43:50] - [23] MIRKO.POZEN: Début du Téléchargement de: E:\kerberos.htx\Advanced IP Scanner\details_panel_hr_hr.tpl
[18:43:50] - [23] MIRKO.POZEN: Fichier envoyé: E:\kerberos.htx\Advanced IP Scanner\details_panel_hr_hr.tpl (1,13 K/S -   1 158 bytes)
[18:43:50] - [22] MIRKO.POZEN: Début du Téléchargement de: E:\kerberos.htx\Advanced IP Scanner\details_panel_hu_hu.tpl
[18:43:50] - [22] MIRKO.POZEN: Fichier envoyé: E:\kerberos.htx\Advanced IP Scanner\details_panel_hu_hu.tpl (1,15 K/S -   1 177 bytes)
[18:43:50] - [23] MIRKO.POZEN: Début du Téléchargement de: E:\kerberos.htx\Advanced IP Scanner\details_panel_id_id.tpl
[18:43:50] - [23] MIRKO.POZEN: Fichier envoyé: E:\kerberos.htx\Advanced IP Scanner\details_panel_id_id.tpl (1,12 K/S -   1 148 bytes)
[18:43:50] - [22] MIRKO.POZEN: Début du Téléchargement de: E:\kerberos.htx\Advanced IP Scanner\details_panel_it_it.tpl
[18:43:50] - [22] MIRKO.POZEN: Fichier envoyé: E:\kerberos.htx\Advanced IP Scanner\details_panel_it_it.tpl (1,12 K/S -   1 149 bytes)
[18:43:50] - [23] MIRKO.POZEN: Début du Téléchargement de: E:\kerberos.htx\Advanced IP Scanner\details_panel_ja_jp.tpl
[18:43:50] - [23] MIRKO.POZEN: Fichier envoyé: E:\kerberos.htx\Advanced IP Scanner\details_panel_ja_jp.tpl (1,16 K/S -   1 187 bytes)
[18:43:50] - [22] MIRKO.POZEN: Début du Téléchargement de: E:\kerberos.htx\Advanced IP Scanner\details_panel_ko_kr.tpl
[18:43:50] - [22] MIRKO.POZEN: Fichier envoyé: E:\kerberos.htx\Advanced IP Scanner\details_panel_ko_kr.tpl (1,13 K/S -   1 162 bytes)
[18:43:50] - [23] MIRKO.POZEN: Début du Téléchargement de: E:\kerberos.htx\Advanced IP Scanner\details_panel_lt_lt.tpl
[18:43:50] - [23] MIRKO.POZEN: Fichier envoyé: E:\kerberos.htx\Advanced IP Scanner\details_panel_lt_lt.tpl (1,14 K/S -   1 169 bytes)
[18:43:51] - [22] MIRKO.POZEN: Début du Téléchargement de: E:\kerberos.htx\Advanced IP Scanner\details_panel_lv_lv.tpl
[18:43:51] - [22] MIRKO.POZEN: Fichier envoyé: E:\kerberos.htx\Advanced IP Scanner\details_panel_lv_lv.tpl (1,15 K/S -   1 179 bytes)
[18:43:51] - [23] MIRKO.POZEN: Début du Téléchargement de: E:\kerberos.htx\Advanced IP Scanner\details_panel_nb_no.tpl
[18:43:51] - [23] MIRKO.POZEN: Fichier envoyé: E:\kerberos.htx\Advanced IP Scanner\details_panel_nb_no.tpl (1,12 K/S -   1 149 bytes)
[18:43:51] - [22] MIRKO.POZEN: Début du Téléchargement de: E:\kerberos.htx\Advanced IP Scanner\details_panel_nl_nl.tpl
[18:43:51] - [22] MIRKO.POZEN: Fichier envoyé: E:\kerberos.htx\Advanced IP Scanner\details_panel_nl_nl.tpl (1,13 K/S -   1 154 bytes)
[18:43:51] - [23] MIRKO.POZEN: Début du Téléchargement de: E:\kerberos.htx\Advanced IP Scanner\details_panel_pl_pl.tpl
[18:43:51] - [23] MIRKO.POZEN: Fichier envoyé: E:\kerberos.htx\Advanced IP Scanner\details_panel_pl_pl.tpl (1,13 K/S -   1 155 bytes)
[18:43:51] - [22] MIRKO.POZEN: Début du Téléchargement de: E:\kerberos.htx\Advanced IP Scanner\details_panel_pt_br.tpl
[18:43:51] - [22] MIRKO.POZEN: Fichier envoyé: E:\kerberos.htx\Advanced IP Scanner\details_panel_pt_br.tpl (1,13 K/S -   1 158 bytes)
[18:43:51] - [23] MIRKO.POZEN: Début du Téléchargement de: E:\kerberos.htx\Advanced IP Scanner\details_panel_ro_ro.tpl
[18:43:51] - [23] MIRKO.POZEN: Fichier envoyé: E:\kerberos.htx\Advanced IP Scanner\details_panel_ro_ro.tpl (1,13 K/S -   1 155 bytes)
[18:43:51] - [22] MIRKO.POZEN: Début du Téléchargement de: E:\kerberos.htx\Advanced IP Scanner\details_panel_ru_ru.tpl
[18:43:51] - [22] MIRKO.POZEN: Fichier envoyé: E:\kerberos.htx\Advanced IP Scanner\details_panel_ru_ru.tpl (1,21 K/S -   1 244 bytes)
[18:43:51] - [23] MIRKO.POZEN: Début du Téléchargement de: E:\kerberos.htx\Advanced IP Scanner\details_panel_sk_sk.tpl
[18:43:51] - [23] MIRKO.POZEN: Fichier envoyé: E:\kerberos.htx\Advanced IP Scanner\details_panel_sk_sk.tpl (1,13 K/S -   1 159 bytes)
[18:43:51] - [22] MIRKO.POZEN: Début du Téléchargement de: E:\kerberos.htx\Advanced IP Scanner\details_panel_sl_si.tpl
[18:43:51] - [22] MIRKO.POZEN: Fichier envoyé: E:\kerberos.htx\Advanced IP Scanner\details_panel_sl_si.tpl (1,14 K/S -   1 163 bytes)
[18:43:51] - [23] MIRKO.POZEN: Début du Téléchargement de: E:\kerberos.htx\Advanced IP Scanner\details_panel_sr_latn_rs.tpl
[18:43:51] - [23] MIRKO.POZEN: Fichier envoyé: E:\kerberos.htx\Advanced IP Scanner\details_panel_sr_latn_rs.tpl (1,13 K/S -   1 152 bytes)
[18:43:51] - [22] MIRKO.POZEN: Début du Téléchargement de: E:\kerberos.htx\Advanced IP Scanner\details_panel_sv_se.tpl
[18:43:51] - [22] MIRKO.POZEN: Fichier envoyé: E:\kerberos.htx\Advanced IP Scanner\details_panel_sv_se.tpl (1,13 K/S -   1 154 bytes)
[18:43:52] - [23] MIRKO.POZEN: Début du Téléchargement de: E:\kerberos.htx\Advanced IP Scanner\details_panel_th_th.tpl
[18:43:52] - [23] MIRKO.POZEN: Fichier envoyé: E:\kerberos.htx\Advanced IP Scanner\details_panel_th_th.tpl (1,26 K/S -   1 292 bytes)
[18:43:52] - [22] MIRKO.POZEN: Début du Téléchargement de: E:\kerberos.htx\Advanced IP Scanner\details_panel_tr_tr.tpl
[18:43:52] - [22] MIRKO.POZEN: Fichier envoyé: E:\kerberos.htx\Advanced IP Scanner\details_panel_tr_tr.tpl (1,13 K/S -   1 155 bytes)
[18:43:52] - [23] MIRKO.POZEN: Début du Téléchargement de: E:\kerberos.htx\Advanced IP Scanner\details_panel_uk_ua.tpl
[18:43:52] - [23] MIRKO.POZEN: Fichier envoyé: E:\kerberos.htx\Advanced IP Scanner\details_panel_uk_ua.tpl (1,22 K/S -   1 246 bytes)
[18:43:52] - [22] MIRKO.POZEN: Début du Téléchargement de: E:\kerberos.htx\Advanced IP Scanner\details_panel_vi_vn.tpl
[18:43:52] - [22] MIRKO.POZEN: Fichier envoyé: E:\kerberos.htx\Advanced IP Scanner\details_panel_vi_vn.tpl (1,16 K/S -   1 184 bytes)
[18:43:52] - [23] MIRKO.POZEN: Début du Téléchargement de: E:\kerberos.htx\Advanced IP Scanner\details_panel_zh_cn.tpl
[18:43:52] - [23] MIRKO.POZEN: Fichier envoyé: E:\kerberos.htx\Advanced IP Scanner\details_panel_zh_cn.tpl (1,12 K/S -   1 142 bytes)
[18:43:52] - [22] MIRKO.POZEN: Début du Téléchargement de: E:\kerberos.htx\Advanced IP Scanner\details_panel_zh_tw.tpl
[18:43:52] - [22] MIRKO.POZEN: Fichier envoyé: E:\kerberos.htx\Advanced IP Scanner\details_panel_zh_tw.tpl (1,12 K/S -   1 151 bytes)
[18:43:52] - [23] MIRKO.POZEN: Début du Téléchargement de: E:\kerberos.htx\Advanced IP Scanner\libeay32.dll
[18:43:52] - [22] MIRKO.POZEN: Début du Téléchargement de: E:\kerberos.htx\Advanced IP Scanner\mac_interval_tree.txt
[18:43:59] - [23] MIRKO.POZEN: Fichier envoyé: E:\kerberos.htx\Advanced IP Scanner\libeay32.dll (199,53 K/S -  1 225 904 bytes)
[18:43:59] - [23] MIRKO.POZEN: Début du Téléchargement de: E:\kerberos.htx\Advanced IP Scanner\msvcp120.dll
[18:43:59] - [22] MIRKO.POZEN: Fichier envoyé: E:\kerberos.htx\Advanced IP Scanner\mac_interval_tree.txt (186,34 K/S -  1 335 667 bytes)
[18:44:00] - [22] MIRKO.POZEN: Début du Téléchargement de: E:\kerberos.htx\Advanced IP Scanner\msvcr120.dll
[18:44:01] - [23] MIRKO.POZEN: Fichier envoyé: E:\kerberos.htx\Advanced IP Scanner\msvcp120.dll (222,33 K/S -   455 328 bytes)
[18:44:02] - [23] MIRKO.POZEN: Début du Téléchargement de: E:\kerberos.htx\Advanced IP Scanner\pcre.dll
[18:44:03] - [23] MIRKO.POZEN: Fichier envoyé: E:\kerberos.htx\Advanced IP Scanner\pcre.dll (290,17 K/S -   297 136 bytes)
[18:44:03] - [23] MIRKO.POZEN: Début du Téléchargement de: E:\kerberos.htx\Advanced IP Scanner\Qt5Core.dll
[18:44:04] - [22] MIRKO.POZEN: Fichier envoyé: E:\kerberos.htx\Advanced IP Scanner\msvcr120.dll (237,04 K/S -   970 912 bytes)
[18:44:04] - [22] MIRKO.POZEN: Début du Téléchargement de: E:\kerberos.htx\Advanced IP Scanner\Qt5Gui.dll
[18:44:28] - [23] MIRKO.POZEN: Fichier envoyé: E:\kerberos.htx\Advanced IP Scanner\Qt5Core.dll (176,83 K/S -  4 708 016 bytes)
[18:44:28] - [23] MIRKO.POZEN: Début du Téléchargement de: E:\kerberos.htx\Advanced IP Scanner\Qt5Network.dll
[18:44:31] - [22] MIRKO.POZEN: Fichier envoyé: E:\kerberos.htx\Advanced IP Scanner\Qt5Gui.dll (189,56 K/S -  5 046 960 bytes)
[18:44:31] - [22] MIRKO.POZEN: Début du Téléchargement de: E:\kerberos.htx\Advanced IP Scanner\Qt5PrintSupport.dll
[18:44:32] - [22] MIRKO.POZEN: Fichier envoyé: E:\kerberos.htx\Advanced IP Scanner\Qt5PrintSupport.dll (137,59 K/S -   281 776 bytes)
[18:44:32] - [22] MIRKO.POZEN: Début du Téléchargement de: E:\kerberos.htx\Advanced IP Scanner\Qt5Widgets.dll
[18:44:33] - [23] MIRKO.POZEN: Fichier envoyé: E:\kerberos.htx\Advanced IP Scanner\Qt5Network.dll (169,73 K/S -   869 040 bytes)
[18:44:34] - [23] MIRKO.POZEN: Début du Téléchargement de: E:\kerberos.htx\Advanced IP Scanner\Qt5WinExtras.dll
[18:44:35] - [23] MIRKO.POZEN: Fichier envoyé: E:\kerberos.htx\Advanced IP Scanner\Qt5WinExtras.dll (237,67 K/S -   243 376 bytes)
[18:44:35] - [23] MIRKO.POZEN: Début du Téléchargement de: E:\kerberos.htx\Advanced IP Scanner\Qt5Xml.dll
[18:44:36] - [23] MIRKO.POZEN: Fichier envoyé: E:\kerberos.htx\Advanced IP Scanner\Qt5Xml.dll (163,17 K/S -   167 088 bytes)
[18:44:36] - [23] MIRKO.POZEN: Début du Téléchargement de: E:\kerberos.htx\Advanced IP Scanner\rserv35ml.msi
[18:44:57] - [22] MIRKO.POZEN: Fichier envoyé: E:\kerberos.htx\Advanced IP Scanner\Qt5Widgets.dll (182,97 K/S -  4 496 560 bytes)
[18:44:57] - [22] MIRKO.POZEN: Début du Téléchargement de: E:\kerberos.htx\Advanced IP Scanner\rview35ml.msi
[18:45:06] - [23] MIRKO.POZEN: Fichier envoyé: E:\kerberos.htx\Advanced IP Scanner\rserv35ml.msi (212,62 K/S -  6 313 984 bytes)
[18:45:06] - [23] MIRKO.POZEN: Début du Téléchargement de: E:\kerberos.htx\Advanced IP Scanner\service_probes
[18:45:09] - [23] MIRKO.POZEN: Fichier envoyé: E:\kerberos.htx\Advanced IP Scanner\service_probes (142,11 K/S -   582 099 bytes)
[18:45:09] - [23] MIRKO.POZEN: Début du Téléchargement de: E:\kerberos.htx\Advanced IP Scanner\ssleay32.dll
[18:45:11] - [23] MIRKO.POZEN: Fichier envoyé: E:\kerberos.htx\Advanced IP Scanner\ssleay32.dll (283,17 K/S -   289 968 bytes)
[18:45:11] - [23] MIRKO.POZEN: Répertoire en Cours: E:\kerberos.htx\Advanced IP Scanner\printsupport\
[18:45:11] - [23] MIRKO.POZEN: Début du Téléchargement de: E:\kerberos.htx\Advanced IP Scanner\printsupport\windowsprintersupport.dll
[18:45:12] - [23] MIRKO.POZEN: Fichier envoyé: E:\kerberos.htx\Advanced IP Scanner\printsupport\windowsprintersupport.dll (45,17 K/S -   46 256 bytes)
[18:45:12] - [23] MIRKO.POZEN: Répertoire en Cours: E:\kerberos.htx\Advanced IP Scanner\platforms\
[18:45:12] - [23] MIRKO.POZEN: Début du Téléchargement de: E:\kerberos.htx\Advanced IP Scanner\platforms\qwindows.dll
[18:45:18] - [23] MIRKO.POZEN: Fichier envoyé: E:\kerberos.htx\Advanced IP Scanner\platforms\qwindows.dll (143,10 K/S -  1 025 712 bytes)
[18:45:20] - [22] MIRKO.POZEN: Fichier envoyé: E:\kerberos.htx\Advanced IP Scanner\rview35ml.msi (229,70 K/S -  5 409 792 bytes)
[18:45:49] - [23] Client 192.168.0.1 Déconnecté (00:02:11 Min)
[18:45:51] - [22] Client 192.168.0.1 Déconnecté (00:02:13 Min)
[18:47:18] - [21] Client 192.168.0.1 Déconnecté (00:03:53 Min)
[18:48:09] - [24] Connecté à 192.168.0.90. Collecte du Nom d'utilisateur.
[18:48:09] - [24] Client 192.168.0.90 Déconnecté (00:00:00 Min)
[18:56:39] - [25] Connecté à 192.168.0.91. Collecte du Nom d'utilisateur.
[18:56:39] - [25] Client 192.168.0.91 Déconnecté (00:00:00 Min)
[18:59:05] - [26] Connecté à 192.168.0.91. Collecte du Nom d'utilisateur.
[18:59:05] - [26] Client 192.168.0.91 Déconnecté (00:00:00 Min)
[19:08:29] - [27] Connecté à 192.168.0.91. Collecte du Nom d'utilisateur.
[19:08:29] - [27] Client 192.168.0.91 Déconnecté (00:00:00 Min)
[19:12:08] - [28] Connecté à 192.168.0.90. Collecte du Nom d'utilisateur.
[19:12:08] - [28] Client 192.168.0.90 Déconnecté (00:00:00 Min)
[19:35:49] - [29] Connecté à 192.168.0.1. Collecte du Nom d'utilisateur.
[19:35:49] - [29] Usager MIRKO.POZEN Connecté IP: 192.168.0.1
[19:35:49] - [29] MIRKO.POZEN: Répertoire en Cours: E:\kerberos.htx\
[19:35:49] - [29] MIRKO.POZEN: Répertoire en Cours: E:\kerberos.htx\
[19:35:58] - [29] MIRKO.POZEN: Répertoire en Cours: E:\kerberos.htx\bat\
[19:36:10] - [29] MIRKO.POZEN: Début du Téléchargement de: E:\kerberos.htx\bat\control userpasswords2.bat
[19:36:10] - [29] MIRKO.POZEN: Fichier envoyé: E:\kerberos.htx\bat\control userpasswords2.bat (0,03 K/S -    29 bytes)
[19:36:14] - [29] Client 192.168.0.1 Déconnecté (00:00:24 Min)
