[20:02:52] - Serveur Démarré
[20:02:52] - FTP Port: 21
[20:05:12] - [1] Connecté à 192.168.0.1. Collecte du Nom d'utilisateur.
[20:05:13] - [1] Usager MIRKO.POZEN Connecté IP: 192.168.0.1
[20:05:13] - [1] MIRKO.POZEN: Répertoire en Cours: D:\kerberos.htx\
[20:05:13] - [1] MIRKO.POZEN: Répertoire en Cours: D:\kerberos.htx\
[20:40:31] - [1] MIRKO.POZEN: Répertoire en Cours: D:\kerberos.htx\exe\
[20:40:34] - [1] MIRKO.POZEN: Répertoire en Cours: D:\kerberos.htx\exe\hddentinel\
[20:41:11] - [1] MIRKO.POZEN: Répertoire en Cours: D:\kerberos.htx\exe\hddentinel\crack\
[20:41:12] - [2] Connecté à 192.168.0.1. Collecte du Nom d'utilisateur.
[20:41:12] - [3] Connecté à 192.168.0.1. Collecte du Nom d'utilisateur.
[20:41:13] - [3] Usager MIRKO.POZEN Connecté IP: 192.168.0.1
[20:41:13] - [3] MIRKO.POZEN: Répertoire en Cours: D:\kerberos.htx\
[20:41:13] - [2] Usager MIRKO.POZEN Connecté IP: 192.168.0.1
[20:41:13] - [2] MIRKO.POZEN: Répertoire en Cours: D:\kerberos.htx\
[20:41:13] - [3] MIRKO.POZEN: Répertoire en Cours: D:\kerberos.htx\exe\hddentinel\crack\
[20:41:13] - [2] MIRKO.POZEN: Répertoire en Cours: D:\kerberos.htx\exe\hddentinel\
[20:41:13] - [3] MIRKO.POZEN: Début du Téléchargement de: D:\kerberos.htx\exe\hddentinel\crack\HDSentinel.exe
[20:41:16] - [2] MIRKO.POZEN: Début du Téléchargement de: D:\kerberos.htx\exe\hddentinel\hdsentinel_setup.exe
[20:41:24] - [3] MIRKO.POZEN: Fichier envoyé: D:\kerberos.htx\exe\hddentinel\crack\HDSentinel.exe (395,97 K/S -  4 460 176 bytes)
[20:41:39] - [2] MIRKO.POZEN: Fichier envoyé: D:\kerberos.htx\exe\hddentinel\hdsentinel_setup.exe (764,85 K/S -  18 013 720 bytes)
[20:41:55] - [3] Client 192.168.0.1 Déconnecté (00:00:42 Min)
[20:42:11] - [2] Client 192.168.0.1 Déconnecté (00:00:58 Min)
[20:45:04] - [4] Connecté à 192.168.0.1. Collecte du Nom d'utilisateur.
[20:45:04] - [4] Usager MIRKO.POZEN Connecté IP: 192.168.0.1
[20:45:04] - [4] MIRKO.POZEN: Répertoire en Cours: D:\kerberos.htx\
[20:45:04] - [4] MIRKO.POZEN: Répertoire en Cours: D:\kerberos.htx\exe\
[20:45:04] - [4] MIRKO.POZEN: Début du Téléchargement de: D:\kerberos.htx\exe\ClassicShellSetup_4_2_5.exe
[20:45:11] - [4] MIRKO.POZEN: Fichier envoyé: D:\kerberos.htx\exe\ClassicShellSetup_4_2_5.exe (1 134,12 K/S -  6 968 048 bytes)
[20:45:43] - [4] Client 192.168.0.1 Déconnecté (00:00:38 Min)
[20:46:15] - [1] MIRKO.POZEN: Répertoire en Cours: D:\kerberos.htx\
[20:46:15] - [1] MIRKO.POZEN: Répertoire en Cours: D:\kerberos.htx\DriverMax Pro 11.17.0.35\
[20:46:38] - [1] MIRKO.POZEN: Répertoire en Cours: D:\kerberos.htx\
[20:46:38] - [1] MIRKO.POZEN: Répertoire en Cours: D:\kerberos.htx\progz milo\
[20:46:47] - [1] MIRKO.POZEN: Répertoire en Cours: D:\kerberos.htx\DriverMax Pro 11.17.0.35\
[20:46:47] - [1] MIRKO.POZEN: Répertoire en Cours: D:\kerberos.htx\DriverMax Pro 11.17.0.35\Crack\
[20:46:48] - [1] MIRKO.POZEN: Répertoire en Cours: D:\kerberos.htx\DriverMax Pro 11.17.0.35\Crack\original\
[20:46:48] - [5] Connecté à 192.168.0.1. Collecte du Nom d'utilisateur.
[20:46:48] - [6] Connecté à 192.168.0.1. Collecte du Nom d'utilisateur.
[20:46:49] - [5] Usager MIRKO.POZEN Connecté IP: 192.168.0.1
[20:46:49] - [5] MIRKO.POZEN: Répertoire en Cours: D:\kerberos.htx\
[20:46:49] - [6] Usager MIRKO.POZEN Connecté IP: 192.168.0.1
[20:46:49] - [6] MIRKO.POZEN: Répertoire en Cours: D:\kerberos.htx\
[20:46:49] - [5] MIRKO.POZEN: Répertoire en Cours: D:\kerberos.htx\DriverMax Pro 11.17.0.35\
[20:46:49] - [6] MIRKO.POZEN: Répertoire en Cours: D:\kerberos.htx\DriverMax Pro 11.17.0.35\Crack\
[20:46:49] - [5] MIRKO.POZEN: Début du Téléchargement de: D:\kerberos.htx\DriverMax Pro 11.17.0.35\drivermax Setup.exe
[20:46:49] - [6] MIRKO.POZEN: Début du Téléchargement de: D:\kerberos.htx\DriverMax Pro 11.17.0.35\Crack\drivermax.exe
[20:47:02] - [5] MIRKO.POZEN: Fichier envoyé: D:\kerberos.htx\DriverMax Pro 11.17.0.35\drivermax Setup.exe (440,89 K/S -  5 869 096 bytes)
[20:47:02] - [5] MIRKO.POZEN: Répertoire en Cours: D:\kerberos.htx\DriverMax Pro 11.17.0.35\Crack\original\
[20:47:02] - [5] MIRKO.POZEN: Début du Téléchargement de: D:\kerberos.htx\DriverMax Pro 11.17.0.35\Crack\original\drivermax.exe
[20:47:08] - [6] MIRKO.POZEN: Fichier envoyé: D:\kerberos.htx\DriverMax Pro 11.17.0.35\Crack\drivermax.exe (419,80 K/S -  8 167 576 bytes)
[20:47:13] - [5] MIRKO.POZEN: Fichier envoyé: D:\kerberos.htx\DriverMax Pro 11.17.0.35\Crack\original\drivermax.exe (726,60 K/S -  8 184 472 bytes)
[20:47:36] - [7] Connecté à 162.142.125.51. Collecte du Nom d'utilisateur.
[20:47:40] - [6] Client 192.168.0.1 Déconnecté (00:00:51 Min)
[20:47:45] - [5] Client 192.168.0.1 Déconnecté (00:00:56 Min)
[20:47:51] - [7] Client 162.142.125.51 Déconnecté (00:00:15 Min)
[20:52:22] - [1] MIRKO.POZEN: Répertoire en Cours: D:\kerberos.htx\
[20:52:22] - [1] MIRKO.POZEN: Répertoire en Cours: D:\kerberos.htx\DRIVERS\
[20:53:15] - [1] MIRKO.POZEN: Répertoire en Cours: D:\kerberos.htx\
[20:54:44] - [8] Connecté à 192.168.0.1. Collecte du Nom d'utilisateur.
[20:54:45] - [8] Usager MIRKO.POZEN Connecté IP: 192.168.0.1
[20:54:45] - [8] MIRKO.POZEN: Répertoire en Cours: D:\kerberos.htx\
[20:54:45] - [8] MIRKO.POZEN: Répertoire en Cours: D:\kerberos.htx\exe\
[20:54:45] - [8] MIRKO.POZEN: Début du Téléchargement de: D:\kerberos.htx\exe\DriversCloud_Win.exe
[20:54:46] - [8] MIRKO.POZEN: Fichier envoyé: D:\kerberos.htx\exe\DriversCloud_Win.exe (237,30 K/S -   242 992 bytes)
[20:55:16] - [8] Client 192.168.0.1 Déconnecté (00:00:31 Min)
[21:11:11] - [9] Connecté à 192.168.0.1. Collecte du Nom d'utilisateur.
[21:11:11] - [9] Usager MIRKO.POZEN Connecté IP: 192.168.0.1
[21:11:11] - [9] MIRKO.POZEN: Répertoire en Cours: D:\kerberos.htx\
[21:11:12] - [9] MIRKO.POZEN: Répertoire en Cours: D:\kerberos.htx\exe\
[21:11:12] - [9] MIRKO.POZEN: Début du Téléchargement de: D:\kerberos.htx\exe\Firefox Setup Stub 50.1.0.exe
[21:11:14] - [9] MIRKO.POZEN: Fichier envoyé: D:\kerberos.htx\exe\Firefox Setup Stub 50.1.0.exe (119,04 K/S -   243 784 bytes)
[21:11:45] - [9] Client 192.168.0.1 Déconnecté (00:00:33 Min)
[21:16:12] - [10] Connecté à 192.168.0.1. Collecte du Nom d'utilisateur.
[21:16:12] - [10] Usager MIRKO.POZEN Connecté IP: 192.168.0.1
[21:16:12] - [10] MIRKO.POZEN: Répertoire en Cours: D:\kerberos.htx\
[21:16:12] - [10] MIRKO.POZEN: Répertoire en Cours: D:\kerberos.htx\
[21:16:27] - [10] MIRKO.POZEN: Répertoire en Cours: D:\kerberos.htx\
[21:16:27] - [10] MIRKO.POZEN: Nouveau Répertoire: D:\kerberos.htx\last crack wk7.8.10
[21:16:28] - [11] Connecté à 192.168.0.1. Collecte du Nom d'utilisateur.
[21:16:28] - [12] Connecté à 192.168.0.1. Collecte du Nom d'utilisateur.
[21:16:28] - [10] MIRKO.POZEN: Répertoire en Cours: D:\kerberos.htx\
[21:16:28] - [10] MIRKO.POZEN: Nouveau Répertoire: D:\kerberos.htx\last crack wk7.8.10
[21:16:28] - [11] Usager MIRKO.POZEN Connecté IP: 192.168.0.1
[21:16:28] - [11] MIRKO.POZEN: Répertoire en Cours: D:\kerberos.htx\
[21:16:28] - [12] Usager MIRKO.POZEN Connecté IP: 192.168.0.1
[21:16:28] - [12] MIRKO.POZEN: Répertoire en Cours: D:\kerberos.htx\
[21:16:29] - [10] MIRKO.POZEN: Répertoire en Cours: D:\kerberos.htx\last crack wk7.8.10\
[21:16:29] - [10] MIRKO.POZEN: Nouveau Répertoire: D:\kerberos.htx\last crack wk7.8.10\Windows_Loader
[21:16:29] - [10] MIRKO.POZEN: Répertoire en Cours: D:\kerberos.htx\last crack wk7.8.10\
[21:16:29] - [11] MIRKO.POZEN: Répertoire en Cours: D:\kerberos.htx\last crack wk7.8.10\Windows_Loader\
[21:16:29] - [12] MIRKO.POZEN: Répertoire en Cours: D:\kerberos.htx\last crack wk7.8.10\Windows_Loader\
[21:16:29] - [10] MIRKO.POZEN: Nouveau Répertoire: D:\kerberos.htx\last crack wk7.8.10\Windows_Loader
[21:16:29] - [10] MIRKO.POZEN: Répertoire en Cours: D:\kerberos.htx\
[21:16:29] - [10] MIRKO.POZEN: Nouveau Répertoire: D:\kerberos.htx\last down
[21:16:29] - [10] MIRKO.POZEN: Répertoire en Cours: D:\kerberos.htx\
[21:16:29] - [10] MIRKO.POZEN: Nouveau Répertoire: D:\kerberos.htx\last down
[21:16:30] - [10] MIRKO.POZEN: Répertoire en Cours: D:\kerberos.htx\last down\
[21:16:30] - [11] MIRKO.POZEN: Début d'Upload de D:\kerberos.htx\last crack wk7.8.10\Windows_Loader\checksums.md5
[21:16:30] - [12] MIRKO.POZEN: Début d'Upload de D:\kerberos.htx\last crack wk7.8.10\Windows_Loader\Keys.ini
[21:16:30] - [10] MIRKO.POZEN: Nouveau Répertoire: D:\kerberos.htx\last down\DriversCloudOld_8_0_4_0
[21:16:30] - [11] MIRKO.POZEN: Fichier Upload: D:\kerberos.htx\last crack wk7.8.10\Windows_Loader\checksums.md5 (0,14 K/S -    145 bytes)
[21:16:30] - [12] MIRKO.POZEN: Fichier Upload: D:\kerberos.htx\last crack wk7.8.10\Windows_Loader\Keys.ini (15,91 K/S -   16 295 bytes)
[21:16:30] - [10] MIRKO.POZEN: Répertoire en Cours: D:\kerberos.htx\last down\
[21:16:30] - [10] MIRKO.POZEN: Nouveau Répertoire: D:\kerberos.htx\last down\DriversCloudOld_8_0_4_0
[21:16:30] - [10] MIRKO.POZEN: Répertoire en Cours: D:\kerberos.htx\last down\DriversCloudOld_8_0_4_0\
[21:16:30] - [11] MIRKO.POZEN: Début d'Upload de D:\kerberos.htx\last crack wk7.8.10\Windows_Loader\Read me.txt
[21:16:31] - [12] MIRKO.POZEN: Début d'Upload de D:\kerberos.htx\last crack wk7.8.10\Windows_Loader\Windows Loader.exe
[21:16:31] - [10] MIRKO.POZEN: Nouveau Répertoire: D:\kerberos.htx\last down\DriversCloudOld_8_0_4_0\DriversCloud
[21:16:31] - [11] MIRKO.POZEN: Fichier Upload: D:\kerberos.htx\last crack wk7.8.10\Windows_Loader\Read me.txt (32,02 K/S -   32 792 bytes)
[21:16:31] - [10] MIRKO.POZEN: Répertoire en Cours: D:\kerberos.htx\last down\DriversCloudOld_8_0_4_0\
[21:16:31] - [11] MIRKO.POZEN: Répertoire en Cours: D:\kerberos.htx\last crack wk7.8.10\
[21:16:31] - [10] MIRKO.POZEN: Nouveau Répertoire: D:\kerberos.htx\last down\DriversCloudOld_8_0_4_0\DriversCloud
[21:16:31] - [10] MIRKO.POZEN: Répertoire en Cours: D:\kerberos.htx\last down\DriversCloudOld_8_0_4_0\DriversCloud\
[21:16:31] - [10] MIRKO.POZEN: Nouveau Répertoire: D:\kerberos.htx\last down\DriversCloudOld_8_0_4_0\DriversCloud\CPUID
[21:16:32] - [11] MIRKO.POZEN: Début d'Upload de D:\kerberos.htx\last crack wk7.8.10\Windows_Loader.zip
[21:16:32] - [10] MIRKO.POZEN: Répertoire en Cours: D:\kerberos.htx\last down\DriversCloudOld_8_0_4_0\DriversCloud\
[21:16:32] - [10] MIRKO.POZEN: Nouveau Répertoire: D:\kerberos.htx\last down\DriversCloudOld_8_0_4_0\DriversCloud\CPUID
[21:16:32] - [10] MIRKO.POZEN: Répertoire en Cours: D:\kerberos.htx\last down\DriversCloudOld_8_0_4_0\DriversCloud\
[21:16:32] - [10] MIRKO.POZEN: Nouveau Répertoire: D:\kerberos.htx\last down\DriversCloudOld_8_0_4_0\DriversCloud\drivers
[21:16:32] - [10] MIRKO.POZEN: Répertoire en Cours: D:\kerberos.htx\last down\DriversCloudOld_8_0_4_0\DriversCloud\
[21:16:32] - [10] MIRKO.POZEN: Nouveau Répertoire: D:\kerberos.htx\last down\DriversCloudOld_8_0_4_0\DriversCloud\drivers
[21:16:32] - [10] MIRKO.POZEN: Répertoire en Cours: D:\kerberos.htx\last down\DriversCloudOld_8_0_4_0\DriversCloud\
[21:16:33] - [10] MIRKO.POZEN: Nouveau Répertoire: D:\kerberos.htx\last down\DriversCloudOld_8_0_4_0\DriversCloud\langues
[21:16:33] - [10] MIRKO.POZEN: Répertoire en Cours: D:\kerberos.htx\last down\DriversCloudOld_8_0_4_0\DriversCloud\
[21:16:33] - [10] MIRKO.POZEN: Nouveau Répertoire: D:\kerberos.htx\last down\DriversCloudOld_8_0_4_0\DriversCloud\langues
[21:16:33] - [10] MIRKO.POZEN: Répertoire en Cours: D:\kerberos.htx\last down\DriversCloudOld_8_0_4_0\DriversCloud\
[21:16:33] - [10] MIRKO.POZEN: Nouveau Répertoire: D:\kerberos.htx\last down\DriversCloudOld_8_0_4_0\DriversCloud\logs
[21:16:34] - [10] MIRKO.POZEN: Répertoire en Cours: D:\kerberos.htx\last down\DriversCloudOld_8_0_4_0\DriversCloud\
[21:16:34] - [10] MIRKO.POZEN: Nouveau Répertoire: D:\kerberos.htx\last down\DriversCloudOld_8_0_4_0\DriversCloud\logs
[21:16:34] - [10] MIRKO.POZEN: Répertoire en Cours: D:\kerberos.htx\last down\DriversCloudOld_8_0_4_0\DriversCloud\
[21:16:34] - [10] MIRKO.POZEN: Nouveau Répertoire: D:\kerberos.htx\last down\DriversCloudOld_8_0_4_0\DriversCloud\temp
[21:16:34] - [10] MIRKO.POZEN: Répertoire en Cours: D:\kerberos.htx\last down\DriversCloudOld_8_0_4_0\DriversCloud\
[21:16:34] - [10] MIRKO.POZEN: Nouveau Répertoire: D:\kerberos.htx\last down\DriversCloudOld_8_0_4_0\DriversCloud\temp
[21:16:35] - [10] MIRKO.POZEN: Répertoire en Cours: D:\kerberos.htx\last down\
[21:16:35] - [10] MIRKO.POZEN: Nouveau Répertoire: D:\kerberos.htx\last down\keylooger
[21:16:35] - [10] MIRKO.POZEN: Répertoire en Cours: D:\kerberos.htx\last down\
[21:16:35] - [10] MIRKO.POZEN: Nouveau Répertoire: D:\kerberos.htx\last down\keylooger
[21:16:35] - [11] MIRKO.POZEN: Fichier Upload: D:\kerberos.htx\last crack wk7.8.10\Windows_Loader.zip (575,43 K/S -  1 767 718 bytes)
[21:16:35] - [11] MIRKO.POZEN: Répertoire en Cours: D:\kerberos.htx\last down\
[21:16:36] - [11] MIRKO.POZEN: Début d'Upload de D:\kerberos.htx\last down\4winkey.exe
[21:16:51] - [12] MIRKO.POZEN: Fichier Upload: D:\kerberos.htx\last crack wk7.8.10\Windows_Loader\Windows Loader.exe (196,34 K/S -  4 021 049 bytes)
[21:16:51] - [12] MIRKO.POZEN: Répertoire en Cours: D:\kerberos.htx\last down\
[21:16:52] - [12] MIRKO.POZEN: Début d'Upload de D:\kerberos.htx\last down\cdbxp_setup_4.5.8.7128_minimal.exe
[21:16:58] - [11] MIRKO.POZEN: Fichier Upload: D:\kerberos.htx\last down\4winkey.exe (68,24 K/S -  1 537 248 bytes)
[21:16:58] - [11] MIRKO.POZEN: Début d'Upload de D:\kerberos.htx\last down\cdbxp_setup_4.5.8.7128_x64_minimal.exe
[21:17:05] - [12] MIRKO.POZEN: Fichier Upload: D:\kerberos.htx\last down\cdbxp_setup_4.5.8.7128_minimal.exe (404,53 K/S -  5 385 040 bytes)
[21:17:05] - [12] MIRKO.POZEN: Début d'Upload de D:\kerberos.htx\last down\chaletos1604-i686.iso
[21:17:11] - [11] MIRKO.POZEN: Fichier Upload: D:\kerberos.htx\last down\cdbxp_setup_4.5.8.7128_x64_minimal.exe (412,55 K/S -  5 491 832 bytes)
[21:17:11] - [11] MIRKO.POZEN: Répertoire en Cours: D:\kerberos.htx\last down\DriversCloudOld_8_0_4_0\DriversCloud\CPUID\
[21:17:11] - [11] MIRKO.POZEN: Début d'Upload de D:\kerberos.htx\last down\DriversCloudOld_8_0_4_0\DriversCloud\CPUID\cpuidsdk.dll
[21:17:15] - [11] MIRKO.POZEN: Fichier Upload: D:\kerberos.htx\last down\DriversCloudOld_8_0_4_0\DriversCloud\CPUID\cpuidsdk.dll (341,38 K/S -  1 398 272 bytes)
[21:17:15] - [11] MIRKO.POZEN: Début d'Upload de D:\kerberos.htx\last down\DriversCloudOld_8_0_4_0\DriversCloud\CPUID\cpuidsdk64.dll
[21:17:20] - [11] MIRKO.POZEN: Fichier Upload: D:\kerberos.htx\last down\DriversCloudOld_8_0_4_0\DriversCloud\CPUID\cpuidsdk64.dll (325,90 K/S -  1 668 608 bytes)
[21:17:20] - [11] MIRKO.POZEN: Répertoire en Cours: D:\kerberos.htx\last down\DriversCloudOld_8_0_4_0\DriversCloud\drivers\
[21:17:20] - [11] MIRKO.POZEN: Début d'Upload de D:\kerberos.htx\last down\DriversCloudOld_8_0_4_0\DriversCloud\drivers\ma-config_amd64.cat
[21:17:20] - [11] MIRKO.POZEN: Fichier Upload: D:\kerberos.htx\last down\DriversCloudOld_8_0_4_0\DriversCloud\drivers\ma-config_amd64.cat (9,63 K/S -   9 865 bytes)
[21:17:21] - [11] MIRKO.POZEN: Début d'Upload de D:\kerberos.htx\last down\DriversCloudOld_8_0_4_0\DriversCloud\drivers\ma-config_amd64.sys
[21:17:21] - [11] MIRKO.POZEN: Fichier Upload: D:\kerberos.htx\last down\DriversCloudOld_8_0_4_0\DriversCloud\drivers\ma-config_amd64.sys (17,16 K/S -   17 568 bytes)
[21:17:21] - [11] MIRKO.POZEN: Début d'Upload de D:\kerberos.htx\last down\DriversCloudOld_8_0_4_0\DriversCloud\drivers\ma-config_ia64.cat
[21:17:21] - [11] MIRKO.POZEN: Fichier Upload: D:\kerberos.htx\last down\DriversCloudOld_8_0_4_0\DriversCloud\drivers\ma-config_ia64.cat (8,48 K/S -   8 684 bytes)
[21:17:22] - [11] MIRKO.POZEN: Début d'Upload de D:\kerberos.htx\last down\DriversCloudOld_8_0_4_0\DriversCloud\drivers\ma-config_ia64.sys
[21:17:22] - [11] MIRKO.POZEN: Fichier Upload: D:\kerberos.htx\last down\DriversCloudOld_8_0_4_0\DriversCloud\drivers\ma-config_ia64.sys (26,16 K/S -   26 784 bytes)
[21:17:22] - [11] MIRKO.POZEN: Début d'Upload de D:\kerberos.htx\last down\DriversCloudOld_8_0_4_0\DriversCloud\drivers\ma-config_x86.cat
[21:17:23] - [11] MIRKO.POZEN: Fichier Upload: D:\kerberos.htx\last down\DriversCloudOld_8_0_4_0\DriversCloud\drivers\ma-config_x86.cat (9,62 K/S -   9 848 bytes)
[21:17:23] - [11] MIRKO.POZEN: Début d'Upload de D:\kerberos.htx\last down\DriversCloudOld_8_0_4_0\DriversCloud\drivers\ma-config_x86.sys
[21:17:23] - [11] MIRKO.POZEN: Fichier Upload: D:\kerberos.htx\last down\DriversCloudOld_8_0_4_0\DriversCloud\drivers\ma-config_x86.sys (15,78 K/S -   16 160 bytes)
[21:17:23] - [11] MIRKO.POZEN: Répertoire en Cours: D:\kerberos.htx\last down\DriversCloudOld_8_0_4_0\DriversCloud\
[21:17:24] - [11] MIRKO.POZEN: Début d'Upload de D:\kerberos.htx\last down\DriversCloudOld_8_0_4_0\DriversCloud\GdiPlus.dll
[21:17:27] - [11] MIRKO.POZEN: Fichier Upload: D:\kerberos.htx\last down\DriversCloudOld_8_0_4_0\DriversCloud\GdiPlus.dll (427,00 K/S -  1 748 992 bytes)
[21:17:27] - [11] MIRKO.POZEN: Répertoire en Cours: D:\kerberos.htx\last down\DriversCloudOld_8_0_4_0\DriversCloud\langues\
[21:17:28] - [11] MIRKO.POZEN: Début d'Upload de D:\kerberos.htx\last down\DriversCloudOld_8_0_4_0\DriversCloud\langues\LangueMC.ar.resx
[21:17:28] - [11] MIRKO.POZEN: Fichier Upload: D:\kerberos.htx\last down\DriversCloudOld_8_0_4_0\DriversCloud\langues\LangueMC.ar.resx (28,75 K/S -   29 444 bytes)
[21:17:28] - [11] MIRKO.POZEN: Début d'Upload de D:\kerberos.htx\last down\DriversCloudOld_8_0_4_0\DriversCloud\langues\LangueMC.de.resx
[21:17:29] - [11] MIRKO.POZEN: Fichier Upload: D:\kerberos.htx\last down\DriversCloudOld_8_0_4_0\DriversCloud\langues\LangueMC.de.resx (26,88 K/S -   27 525 bytes)
[21:17:29] - [11] MIRKO.POZEN: Début d'Upload de D:\kerberos.htx\last down\DriversCloudOld_8_0_4_0\DriversCloud\langues\LangueMC.en.resx
[21:17:29] - [11] MIRKO.POZEN: Fichier Upload: D:\kerberos.htx\last down\DriversCloudOld_8_0_4_0\DriversCloud\langues\LangueMC.en.resx (26,44 K/S -   27 076 bytes)
[21:17:29] - [11] MIRKO.POZEN: Début d'Upload de D:\kerberos.htx\last down\DriversCloudOld_8_0_4_0\DriversCloud\langues\LangueMC.es.resx
[21:17:30] - [11] MIRKO.POZEN: Fichier Upload: D:\kerberos.htx\last down\DriversCloudOld_8_0_4_0\DriversCloud\langues\LangueMC.es.resx (26,97 K/S -   27 622 bytes)
[21:17:30] - [11] MIRKO.POZEN: Début d'Upload de D:\kerberos.htx\last down\DriversCloudOld_8_0_4_0\DriversCloud\langues\LangueMC.fr.resx
[21:17:30] - [11] MIRKO.POZEN: Fichier Upload: D:\kerberos.htx\last down\DriversCloudOld_8_0_4_0\DriversCloud\langues\LangueMC.fr.resx (26,85 K/S -   27 495 bytes)
[21:17:31] - [11] MIRKO.POZEN: Début d'Upload de D:\kerberos.htx\last down\DriversCloudOld_8_0_4_0\DriversCloud\langues\LangueMC.pt.resx
[21:17:31] - [11] MIRKO.POZEN: Fichier Upload: D:\kerberos.htx\last down\DriversCloudOld_8_0_4_0\DriversCloud\langues\LangueMC.pt.resx (26,78 K/S -   27 423 bytes)
[21:17:31] - [11] MIRKO.POZEN: Début d'Upload de D:\kerberos.htx\last down\DriversCloudOld_8_0_4_0\DriversCloud\langues\LangueMC.ru.resx
[21:17:31] - [11] MIRKO.POZEN: Fichier Upload: D:\kerberos.htx\last down\DriversCloudOld_8_0_4_0\DriversCloud\langues\LangueMC.ru.resx (28,66 K/S -   29 346 bytes)
[21:17:32] - [11] MIRKO.POZEN: Répertoire en Cours: D:\kerberos.htx\last down\DriversCloudOld_8_0_4_0\DriversCloud\
[21:17:32] - [11] MIRKO.POZEN: Début d'Upload de D:\kerberos.htx\last down\DriversCloudOld_8_0_4_0\DriversCloud\mcbase.db
[21:17:35] - [11] MIRKO.POZEN: Fichier Upload: D:\kerberos.htx\last down\DriversCloudOld_8_0_4_0\DriversCloud\mcbase.db (518,53 K/S -  1 592 932 bytes)
[21:17:35] - [11] MIRKO.POZEN: Début d'Upload de D:\kerberos.htx\last down\DriversCloudOld_8_0_4_0\DriversCloud\MCBCL.dll
[21:17:36] - [11] MIRKO.POZEN: Fichier Upload: D:\kerberos.htx\last down\DriversCloudOld_8_0_4_0\DriversCloud\MCBCL.dll (386,13 K/S -   395 400 bytes)
[21:17:36] - [11] MIRKO.POZEN: Début d'Upload de D:\kerberos.htx\last down\DriversCloudOld_8_0_4_0\DriversCloud\MCDetection.exe
[21:17:40] - [11] MIRKO.POZEN: Fichier Upload: D:\kerberos.htx\last down\DriversCloudOld_8_0_4_0\DriversCloud\MCDetection.exe (475,38 K/S -  1 460 360 bytes)
[21:17:40] - [11] MIRKO.POZEN: Début d'Upload de D:\kerberos.htx\last down\DriversCloudOld_8_0_4_0\DriversCloud\MCNoyau.dll
[21:17:44] - [11] MIRKO.POZEN: Fichier Upload: D:\kerberos.htx\last down\DriversCloudOld_8_0_4_0\DriversCloud\MCNoyau.dll (498,53 K/S -  2 041 992 bytes)
[21:17:44] - [11] MIRKO.POZEN: Début d'Upload de D:\kerberos.htx\last down\DriversCloudOld_8_0_4_0\DriversCloud\MCrypt.dll
[21:17:45] - [11] MIRKO.POZEN: Fichier Upload: D:\kerberos.htx\last down\DriversCloudOld_8_0_4_0\DriversCloud\MCrypt.dll (301,07 K/S -   616 584 bytes)
[21:17:45] - [11] MIRKO.POZEN: Début d'Upload de D:\kerberos.htx\last down\DriversCloudOld_8_0_4_0\DriversCloud\MCSettings.exe
[21:17:49] - [11] MIRKO.POZEN: Fichier Upload: D:\kerberos.htx\last down\DriversCloudOld_8_0_4_0\DriversCloud\MCSettings.exe (376,71 K/S -  1 157 256 bytes)
[21:17:49] - [11] MIRKO.POZEN: Début d'Upload de D:\kerberos.htx\last down\DriversCloudOld_8_0_4_0\DriversCloud\MCStubUser.exe
[21:17:51] - [11] MIRKO.POZEN: Fichier Upload: D:\kerberos.htx\last down\DriversCloudOld_8_0_4_0\DriversCloud\MCStubUser.exe (666,13 K/S -   682 120 bytes)
[21:17:51] - [11] MIRKO.POZEN: Début d'Upload de D:\kerberos.htx\last down\DriversCloudOld_8_0_4_0\DriversCloud\sqlite3old.dll
[21:17:52] - [11] MIRKO.POZEN: Fichier Upload: D:\kerberos.htx\last down\DriversCloudOld_8_0_4_0\DriversCloud\sqlite3old.dll (518,13 K/S -   530 560 bytes)
[21:17:52] - [11] MIRKO.POZEN: Répertoire en Cours: D:\kerberos.htx\last down\
[21:17:52] - [11] MIRKO.POZEN: Début d'Upload de D:\kerberos.htx\last down\DriversCloudOld_8_0_4_0.zip
[21:18:05] - [11] MIRKO.POZEN: Fichier Upload: D:\kerberos.htx\last down\DriversCloudOld_8_0_4_0.zip (577,61 K/S -  7 097 726 bytes)
[21:18:05] - [11] MIRKO.POZEN: Début d'Upload de D:\kerberos.htx\last down\DriversCloud_10_0_11_0.zip
[21:18:21] - [11] MIRKO.POZEN: Fichier Upload: D:\kerberos.htx\last down\DriversCloud_10_0_11_0.zip (618,98 K/S -  9 507 497 bytes)
[21:18:21] - [11] MIRKO.POZEN: Début d'Upload de D:\kerberos.htx\last down\DVR3_Web_plugin.exe
[21:18:28] - [11] MIRKO.POZEN: Fichier Upload: D:\kerberos.htx\last down\DVR3_Web_plugin.exe (250,31 K/S -  2 050 531 bytes)
[21:18:28] - [11] MIRKO.POZEN: Début d'Upload de D:\kerberos.htx\last down\e-sword_1220_setup.exe
[21:18:56] - [1] Client 192.168.0.1 Déconnecté (01:13:43 Min)
[21:20:06] - [11] MIRKO.POZEN: Fichier Upload: D:\kerberos.htx\last down\e-sword_1220_setup.exe (595,38 K/S -  59 747 154 bytes)
[21:20:07] - [11] MIRKO.POZEN: Début d'Upload de D:\kerberos.htx\last down\Filmora9 Fixer Tool.exe
[21:20:15] - [11] MIRKO.POZEN: Fichier Upload: D:\kerberos.htx\last down\Filmora9 Fixer Tool.exe (40,88 K/S -   334 848 bytes)
[21:20:15] - [13] Connecté à 192.168.0.1. Collecte du Nom d'utilisateur.
[21:20:15] - [10] Client 192.168.0.1 Déconnecté (00:04:02 Min)
[21:20:15] - [13] Usager MIRKO.POZEN Connecté IP: 192.168.0.1
[21:20:15] - [13] MIRKO.POZEN: Répertoire en Cours: D:\kerberos.htx\
[21:20:15] - [11] MIRKO.POZEN: Début d'Upload de D:\kerberos.htx\last down\isotousb_setup.exe
[21:20:17] - [11] MIRKO.POZEN: Fichier Upload: D:\kerberos.htx\last down\isotousb_setup.exe (562,49 K/S -  1 727 980 bytes)
[21:20:17] - [11] MIRKO.POZEN: Répertoire en Cours: D:\kerberos.htx\last down\keylooger\
[21:20:18] - [11] MIRKO.POZEN: Début d'Upload de D:\kerberos.htx\last down\keylooger\Archive Password - refog123
[21:20:18] - [11] MIRKO.POZEN: Fichier Upload: D:\kerberos.htx\last down\keylooger\Archive Password - refog123 (2 080,10 K/S -  19 401 320 bytes)
[21:20:18] - [11] MIRKO.POZEN: Début d'Upload de D:\kerberos.htx\last down\keylooger\rfginst-huq6wyom.zip
[21:20:41] - [11] MIRKO.POZEN: Fichier Upload: D:\kerberos.htx\last down\keylooger\rfginst-huq6wyom.zip (575,80 K/S -  13 561 358 bytes)
[21:20:41] - [11] MIRKO.POZEN: Début d'Upload de D:\kerberos.htx\last down\keylooger\rpm-9-2-0-3600a.exe
[21:21:09] - [11] MIRKO.POZEN: Fichier Upload: D:\kerberos.htx\last down\keylooger\rpm-9-2-0-3600a.exe (583,46 K/S -  16 728 896 bytes)
[21:21:09] - [11] MIRKO.POZEN: Répertoire en Cours: D:\kerberos.htx\last down\
[21:21:09] - [11] MIRKO.POZEN: Début d'Upload de D:\kerberos.htx\last down\kubuntu-18.04.5-desktop-i386.iso
[21:50:44] - [12] MIRKO.POZEN: Fichier Upload: D:\kerberos.htx\last down\chaletos1604-i686.iso (650,39 K/S - 1 345 323 008 bytes)
[21:50:45] - [12] MIRKO.POZEN: Début d'Upload de D:\kerberos.htx\last down\linknavi-ls400w-120.zip
[21:52:31] - [12] MIRKO.POZEN: Fichier Upload: D:\kerberos.htx\last down\linknavi-ls400w-120.zip (621,27 K/S -  68 071 232 bytes)
[21:52:32] - [12] MIRKO.POZEN: Début d'Upload de D:\kerberos.htx\last down\Madlen Bradord Boots.package
[21:52:32] - [12] MIRKO.POZEN: Fichier Upload: D:\kerberos.htx\last down\Madlen Bradord Boots.package (334,28 K/S -   342 299 bytes)
[21:52:32] - [12] MIRKO.POZEN: Début d'Upload de D:\kerberos.htx\last down\McCmdCenter_AllModules_7_4_0.zip
[21:52:34] - [12] MIRKO.POZEN: Fichier Upload: D:\kerberos.htx\last down\McCmdCenter_AllModules_7_4_0.zip (738,73 K/S -  1 512 919 bytes)
[21:52:34] - [12] MIRKO.POZEN: Début d'Upload de D:\kerberos.htx\last down\MobaXterm_Installer_v20.3.zip
[21:53:18] - [12] MIRKO.POZEN: Fichier Upload: D:\kerberos.htx\last down\MobaXterm_Installer_v20.3.zip (583,51 K/S -  26 290 441 bytes)
[21:53:18] - [12] MIRKO.POZEN: Début d'Upload de D:\kerberos.htx\last down\netscanner_setup_4.4.0.221.exe
[21:53:22] - [12] MIRKO.POZEN: Fichier Upload: D:\kerberos.htx\last down\netscanner_setup_4.4.0.221.exe (758,67 K/S -  3 107 504 bytes)
[21:53:22] - [12] MIRKO.POZEN: Début d'Upload de D:\kerberos.htx\last down\OOAPB.exe
[21:53:27] - [12] MIRKO.POZEN: Fichier Upload: D:\kerberos.htx\last down\OOAPB.exe (272,45 K/S -  1 115 936 bytes)
[21:53:27] - [12] MIRKO.POZEN: Début d'Upload de D:\kerberos.htx\last down\openfire_4_5_4_bundledJRE.exe
[21:55:50] - [12] MIRKO.POZEN: Fichier Upload: D:\kerberos.htx\last down\openfire_4_5_4_bundledJRE.exe (605,74 K/S -  88 699 904 bytes)
[21:55:50] - [12] MIRKO.POZEN: Début d'Upload de D:\kerberos.htx\last down\ophcrack-xp-livecd-3.6.0.iso
[22:07:20] - [12] MIRKO.POZEN: Fichier Upload: D:\kerberos.htx\last down\ophcrack-xp-livecd-3.6.0.iso (630,72 K/S -  445 644 800 bytes)
[22:07:20] - [12] MIRKO.POZEN: Début d'Upload de D:\kerberos.htx\last down\Premiere_6.0.zip
[22:09:12] - [12] MIRKO.POZEN: Fichier Upload: D:\kerberos.htx\last down\Premiere_6.0.zip (647,34 K/S -  74 241 808 bytes)
[22:09:12] - [12] MIRKO.POZEN: Début d'Upload de D:\kerberos.htx\last down\ReactOS-0.4.12.iso
[22:09:58] - [11] MIRKO.POZEN: Fichier Upload: D:\kerberos.htx\last down\kubuntu-18.04.5-desktop-i386.iso (673,53 K/S - 2 020 130 816 bytes)
[22:09:58] - [11] MIRKO.POZEN: Début d'Upload de D:\kerberos.htx\last down\ReactOS-0.4.13-iso.zip
[22:13:03] - [11] MIRKO.POZEN: Fichier Upload: D:\kerberos.htx\last down\ReactOS-0.4.13-iso.zip (669,61 K/S -  126 850 970 bytes)
[22:13:03] - [11] MIRKO.POZEN: Début d'Upload de D:\kerberos.htx\last down\ReactOS-0.4.13.iso
[22:13:13] - [12] MIRKO.POZEN: Fichier Upload: D:\kerberos.htx\last down\ReactOS-0.4.12.iso (594,85 K/S -  146 800 640 bytes)
[22:13:13] - [12] MIRKO.POZEN: Début d'Upload de D:\kerberos.htx\last down\reactos-bootcd_0-4-12_en_172034.zip
[22:16:16] - [12] MIRKO.POZEN: Fichier Upload: D:\kerberos.htx\last down\reactos-bootcd_0-4-12_en_172034.zip (652,36 K/S -  122 246 137 bytes)
[22:16:16] - [12] MIRKO.POZEN: Début d'Upload de D:\kerberos.htx\last down\recall.exe
[22:16:30] - [12] MIRKO.POZEN: Fichier Upload: D:\kerberos.htx\last down\recall.exe (630,03 K/S -  9 032 096 bytes)
[22:16:30] - [12] MIRKO.POZEN: Début d'Upload de D:\kerberos.htx\last down\robolinux64-cinnamon-v11.12.iso
[22:17:01] - [11] MIRKO.POZEN: Fichier Upload: D:\kerberos.htx\last down\ReactOS-0.4.13.iso (623,87 K/S -  152 043 520 bytes)
[22:17:01] - [11] MIRKO.POZEN: Début d'Upload de D:\kerberos.htx\last down\SL_Starlord_yfBody_Gucci_Jumpsuit-Liya.package
[22:17:02] - [11] MIRKO.POZEN: Fichier Upload: D:\kerberos.htx\last down\SL_Starlord_yfBody_Gucci_Jumpsuit-Liya.package (797,31 K/S -   816 443 bytes)
[22:17:02] - [11] MIRKO.POZEN: Début d'Upload de D:\kerberos.htx\last down\spark_2_9_2-with-jre(1).exe
[22:19:32] - [11] MIRKO.POZEN: Fichier Upload: D:\kerberos.htx\last down\spark_2_9_2-with-jre(1).exe (639,93 K/S -  98 292 736 bytes)
[22:19:32] - [11] MIRKO.POZEN: Début d'Upload de D:\kerberos.htx\last down\spark_2_9_2-with-jre.exe
[22:22:18] - [11] MIRKO.POZEN: Fichier Upload: D:\kerberos.htx\last down\spark_2_9_2-with-jre.exe (578,25 K/S -  98 292 736 bytes)
[22:22:18] - [11] MIRKO.POZEN: Début d'Upload de D:\kerberos.htx\last down\TeamViewer_Setup(1).exe
[22:23:04] - [11] MIRKO.POZEN: Fichier Upload: D:\kerberos.htx\last down\TeamViewer_Setup(1).exe (608,34 K/S -  28 032 224 bytes)
[22:23:04] - [11] MIRKO.POZEN: Début d'Upload de D:\kerberos.htx\last down\TeamViewer_Setup.exe
[22:23:42] - [11] MIRKO.POZEN: Fichier Upload: D:\kerberos.htx\last down\TeamViewer_Setup.exe (720,40 K/S -  28 032 224 bytes)
[22:23:42] - [11] MIRKO.POZEN: Début d'Upload de D:\kerberos.htx\last down\UQ24_SETUP.zip
[22:23:47] - [11] MIRKO.POZEN: Fichier Upload: D:\kerberos.htx\last down\UQ24_SETUP.zip (340,26 K/S -  2 090 531 bytes)
[22:23:48] - [11] MIRKO.POZEN: Début d'Upload de D:\kerberos.htx\last down\usb140201.zip
[22:24:10] - [11] MIRKO.POZEN: Fichier Upload: D:\kerberos.htx\last down\usb140201.zip (769,46 K/S -  17 334 297 bytes)
[22:24:10] - [11] MIRKO.POZEN: Début d'Upload de D:\kerberos.htx\last down\usetup_vsdc-video-editor-pro-6.4.7_5604139100031.zip
[22:24:23] - [11] MIRKO.POZEN: Fichier Upload: D:\kerberos.htx\last down\usetup_vsdc-video-editor-pro-6.4.7_5604139100031.zip (855,93 K/S -  11 394 187 bytes)
[22:24:23] - [11] MIRKO.POZEN: Début d'Upload de D:\kerberos.htx\last down\uspsetup-kmspico.v10.1.8_XL1So3IEabPUqmL5Q.zip
[22:24:41] - [11] MIRKO.POZEN: Fichier Upload: D:\kerberos.htx\last down\uspsetup-kmspico.v10.1.8_XL1So3IEabPUqmL5Q.zip (479,03 K/S -  8 829 463 bytes)
[22:24:41] - [11] MIRKO.POZEN: Début d'Upload de D:\kerberos.htx\last down\video_editor_x64.exe
[22:26:38] - [11] MIRKO.POZEN: Fichier Upload: D:\kerberos.htx\last down\video_editor_x64.exe (747,35 K/S -  88 773 144 bytes)
[22:26:38] - [11] MIRKO.POZEN: Début d'Upload de D:\kerberos.htx\last down\windows_password_unlocker_standard_trial.exe
[22:27:20] - [11] MIRKO.POZEN: Fichier Upload: D:\kerberos.htx\last down\windows_password_unlocker_standard_trial.exe (671,02 K/S -  28 859 248 bytes)
[22:27:20] - [11] MIRKO.POZEN: Début d'Upload de D:\kerberos.htx\last down\Zorin-OS-12-Core-32-20161121.iso
[22:44:12] - [14] Connecté à 192.168.0.1. Collecte du Nom d'utilisateur.
[22:44:12] - [14] Usager MIRKO.POZEN Connecté IP: 192.168.0.1
[22:44:12] - [14] MIRKO.POZEN: Répertoire en Cours: D:\kerberos.htx\
[22:44:13] - [14] MIRKO.POZEN: Répertoire en Cours: D:\kerberos.htx\
[22:46:41] - [14] MIRKO.POZEN: Répertoire en Cours: D:\kerberos.htx\exe\
[22:47:02] - [15] Connecté à 192.168.0.1. Collecte du Nom d'utilisateur.
[22:47:02] - [15] Usager MIRKO.POZEN Connecté IP: 192.168.0.1
[22:47:02] - [15] MIRKO.POZEN: Répertoire en Cours: D:\kerberos.htx\
[22:47:02] - [15] MIRKO.POZEN: Répertoire en Cours: D:\kerberos.htx\exe\
[22:47:03] - [15] MIRKO.POZEN: Début du Téléchargement de: D:\kerberos.htx\exe\CrucialFRScan.exe
[22:47:05] - [15] MIRKO.POZEN: Fichier envoyé: D:\kerberos.htx\exe\CrucialFRScan.exe (114,09 K/S -   233 656 bytes)
[22:47:36] - [15] Client 192.168.0.1 Déconnecté (00:00:33 Min)
[23:04:14] - [11] MIRKO.POZEN: Fichier Upload: D:\kerberos.htx\last down\Zorin-OS-12-Core-32-20161121.iso (674,18 K/S - 1 527 775 232 bytes)
[23:04:45] - [11] Client 192.168.0.1 Déconnecté (01:48:17 Min)
[23:09:52] - [14] Client 192.168.0.1 Déconnecté (00:25:40 Min)
[23:11:49] - [12] MIRKO.POZEN: Fichier Upload: D:\kerberos.htx\last down\robolinux64-cinnamon-v11.12.iso (-480,83 K/S - -1 633 681 408 bytes)
[23:12:20] - [12] Client 192.168.0.1 Déconnecté (01:55:52 Min)
