[12:42:22] - Serveur Démarré
[12:42:22] - FTP Port: 21
[12:42:38] - [1] Connecté à 92.141.179.181. Collecte du Nom d'utilisateur.
[12:42:39] - [1] Usager MIRKO.POZEN Connecté IP: 92.141.179.181
[12:42:39] - [1] MIRKO.POZEN: Répertoire en Cours: D:\kerberos.htx\
[12:42:39] - [1] MIRKO.POZEN: Répertoire en Cours: D:\kerberos.htx\
[12:42:45] - [1] MIRKO.POZEN: Répertoire en Cours: D:\kerberos.htx\film fantatsic\
[12:42:54] - [2] Connecté à 92.141.179.181. Collecte du Nom d'utilisateur.
[12:42:54] - [2] Usager MIRKO.POZEN Connecté IP: 92.141.179.181
[12:42:54] - [2] MIRKO.POZEN: Répertoire en Cours: D:\kerberos.htx\
[12:42:55] - [2] MIRKO.POZEN: Répertoire en Cours: D:\kerberos.htx\film fantatsic\
[12:42:55] - [2] MIRKO.POZEN: Début du Téléchargement de: D:\kerberos.htx\film fantatsic\Fantastic Beasts and Where to Find Them 2016 VF2-ENG-Hindi AC3 BluRay 1080p x264.GHT.mkv
[12:43:04] - [1] MIRKO.POZEN: Répertoire en Cours: D:\kerberos.htx\
[12:43:05] - [1] MIRKO.POZEN: Répertoire en Cours: D:\kerberos.htx\0\
[12:43:08] - [1] MIRKO.POZEN: Répertoire en Cours: D:\kerberos.htx\
[12:43:08] - [1] MIRKO.POZEN: Répertoire en Cours: D:\kerberos.htx\000\
[12:43:13] - [1] MIRKO.POZEN: Répertoire en Cours: D:\kerberos.htx\
[12:43:13] - [1] MIRKO.POZEN: Répertoire en Cours: D:\kerberos.htx\a trier\
[12:43:26] - [1] MIRKO.POZEN: Répertoire en Cours: D:\kerberos.htx\a trier\exe\
[12:43:53] - [2] MIRKO.POZEN: Fichier envoyé: D:\kerberos.htx\film fantatsic\Fantastic Beasts and Where to Find Them 2016 VF2-ENG-Hindi AC3 BluRay 1080p x264.GHT.mkv (103,30 K/S -  6 029 312 bytes)
[12:44:07] - [1] MIRKO.POZEN: Répertoire en Cours: D:\kerberos.htx\a trier\
[12:44:08] - [1] MIRKO.POZEN: Répertoire en Cours: D:\kerberos.htx\a trier\last gamez\
[12:44:24] - [2] Client 92.141.179.181 Déconnecté (00:01:29 Min)
[12:44:35] - [1] MIRKO.POZEN: Répertoire en Cours: D:\kerberos.htx\a trier\
[12:44:35] - [1] MIRKO.POZEN: Répertoire en Cours: D:\kerberos.htx\a trier\txt pass\
[12:45:11] - [1] MIRKO.POZEN: Répertoire en Cours: D:\kerberos.htx\a trier\
[12:45:11] - [1] MIRKO.POZEN: Répertoire en Cours: D:\kerberos.htx\a trier\site vol oeuvreloren\
[12:45:21] - [1] MIRKO.POZEN: Répertoire en Cours: D:\kerberos.htx\a trier\
[12:45:21] - [1] MIRKO.POZEN: Répertoire en Cours: D:\kerberos.htx\a trier\usb important\
[12:45:33] - [3] Connecté à 92.141.179.181. Collecte du Nom d'utilisateur.
[12:45:33] - [3] Usager MIRKO.POZEN Connecté IP: 92.141.179.181
[12:45:33] - [3] MIRKO.POZEN: Répertoire en Cours: D:\kerberos.htx\
[12:45:33] - [3] MIRKO.POZEN: Répertoire en Cours: D:\kerberos.htx\a trier\usb important\
[12:45:34] - [3] MIRKO.POZEN: Début du Téléchargement de: D:\kerberos.htx\a trier\usb important\adresse mails+passw.txt
[12:45:34] - [3] MIRKO.POZEN: Fichier envoyé: D:\kerberos.htx\a trier\usb important\adresse mails+passw.txt (1,46 K/S -   1 493 bytes)
[12:46:05] - [3] Client 92.141.179.181 Déconnecté (00:00:31 Min)
[13:07:36] - [1] MIRKO.POZEN: Répertoire en Cours: D:\kerberos.htx\a trier\
[13:07:36] - [1] MIRKO.POZEN: Nouveau Répertoire: D:\kerberos.htx\a trier\AusLogics Disk Defrag
[13:07:36] - [4] Connecté à 92.141.179.181. Collecte du Nom d'utilisateur.
[13:07:36] - [5] Connecté à 92.141.179.181. Collecte du Nom d'utilisateur.
[13:07:36] - [1] MIRKO.POZEN: Répertoire en Cours: D:\kerberos.htx\a trier\
[13:07:36] - [1] MIRKO.POZEN: Nouveau Répertoire: D:\kerberos.htx\a trier\AusLogics Disk Defrag
[13:07:36] - [4] Usager MIRKO.POZEN Connecté IP: 92.141.179.181
[13:07:36] - [4] MIRKO.POZEN: Répertoire en Cours: D:\kerberos.htx\
[13:07:36] - [5] Usager MIRKO.POZEN Connecté IP: 92.141.179.181
[13:07:36] - [5] MIRKO.POZEN: Répertoire en Cours: D:\kerberos.htx\
[13:07:36] - [1] MIRKO.POZEN: Répertoire en Cours: D:\kerberos.htx\a trier\AusLogics Disk Defrag\
[13:07:36] - [1] MIRKO.POZEN: Nouveau Répertoire: D:\kerberos.htx\a trier\AusLogics Disk Defrag\Data
[13:07:36] - [1] MIRKO.POZEN: Répertoire en Cours: D:\kerberos.htx\a trier\AusLogics Disk Defrag\
[13:07:36] - [4] MIRKO.POZEN: Répertoire en Cours: D:\kerberos.htx\a trier\AusLogics Disk Defrag\
[13:07:36] - [5] MIRKO.POZEN: Répertoire en Cours: D:\kerberos.htx\a trier\AusLogics Disk Defrag\
[13:07:36] - [1] MIRKO.POZEN: Nouveau Répertoire: D:\kerberos.htx\a trier\AusLogics Disk Defrag\Data
[13:07:36] - [1] MIRKO.POZEN: Répertoire en Cours: D:\kerberos.htx\a trier\AusLogics Disk Defrag\
[13:07:37] - [1] MIRKO.POZEN: Nouveau Répertoire: D:\kerberos.htx\a trier\AusLogics Disk Defrag\Lang
[13:07:37] - [1] MIRKO.POZEN: Répertoire en Cours: D:\kerberos.htx\a trier\AusLogics Disk Defrag\
[13:07:37] - [4] MIRKO.POZEN: Début d'Upload de D:\kerberos.htx\a trier\AusLogics Disk Defrag\axpackage10.bpl
[13:07:37] - [5] MIRKO.POZEN: Début d'Upload de D:\kerberos.htx\a trier\AusLogics Disk Defrag\axuninstall.exe
[13:07:37] - [1] MIRKO.POZEN: Nouveau Répertoire: D:\kerberos.htx\a trier\AusLogics Disk Defrag\Lang
[13:07:37] - [1] MIRKO.POZEN: Répertoire en Cours: D:\kerberos.htx\a trier\AusLogics Disk Defrag\
[13:07:37] - [1] MIRKO.POZEN: Nouveau Répertoire: D:\kerberos.htx\a trier\AusLogics Disk Defrag\reports
[13:07:37] - [1] MIRKO.POZEN: Répertoire en Cours: D:\kerberos.htx\a trier\AusLogics Disk Defrag\
[13:07:37] - [5] MIRKO.POZEN: Fichier Upload: D:\kerberos.htx\a trier\AusLogics Disk Defrag\axuninstall.exe (20,00 K/S -   20 480 bytes)
[13:07:37] - [1] MIRKO.POZEN: Nouveau Répertoire: D:\kerberos.htx\a trier\AusLogics Disk Defrag\reports
[13:07:37] - [5] MIRKO.POZEN: Début d'Upload de D:\kerberos.htx\a trier\AusLogics Disk Defrag\commonforms_lite.dll
[13:07:37] - [5] MIRKO.POZEN: Fichier Upload: D:\kerberos.htx\a trier\AusLogics Disk Defrag\commonforms_lite.dll (68,50 K/S -   70 144 bytes)
[13:07:37] - [5] MIRKO.POZEN: Répertoire en Cours: D:\kerberos.htx\a trier\AusLogics Disk Defrag\Data\
[13:07:38] - [4] MIRKO.POZEN: Fichier Upload: D:\kerberos.htx\a trier\AusLogics Disk Defrag\axpackage10.bpl (541,50 K/S -   554 496 bytes)
[13:07:38] - [4] MIRKO.POZEN: Répertoire en Cours: D:\kerberos.htx\a trier\AusLogics Disk Defrag\Data\
[13:07:38] - [5] MIRKO.POZEN: Début d'Upload de D:\kerberos.htx\a trier\AusLogics Disk Defrag\Data\about.png
[13:07:38] - [4] MIRKO.POZEN: Début d'Upload de D:\kerberos.htx\a trier\AusLogics Disk Defrag\Data\main.ini
[13:07:38] - [4] MIRKO.POZEN: Fichier Upload: D:\kerberos.htx\a trier\AusLogics Disk Defrag\Data\main.ini (0,90 K/S -    919 bytes)
[13:07:38] - [5] MIRKO.POZEN: Fichier Upload: D:\kerberos.htx\a trier\AusLogics Disk Defrag\Data\about.png (29,16 K/S -   29 860 bytes)
[13:07:38] - [4] MIRKO.POZEN: Répertoire en Cours: D:\kerberos.htx\a trier\AusLogics Disk Defrag\
[13:07:38] - [5] MIRKO.POZEN: Début d'Upload de D:\kerberos.htx\a trier\AusLogics Disk Defrag\Data\Thumbs.db
[13:07:39] - [5] MIRKO.POZEN: Fichier Upload: D:\kerberos.htx\a trier\AusLogics Disk Defrag\Data\Thumbs.db (4,00 K/S -   4 096 bytes)
[13:07:39] - [4] MIRKO.POZEN: Début d'Upload de D:\kerberos.htx\a trier\AusLogics Disk Defrag\diskdefrag.dll
[13:07:39] - [5] MIRKO.POZEN: Répertoire en Cours: D:\kerberos.htx\a trier\AusLogics Disk Defrag\
[13:07:39] - [4] MIRKO.POZEN: Fichier Upload: D:\kerberos.htx\a trier\AusLogics Disk Defrag\diskdefrag.dll (105,00 K/S -   107 520 bytes)
[13:07:39] - [5] MIRKO.POZEN: Début d'Upload de D:\kerberos.htx\a trier\AusLogics Disk Defrag\diskdefrag.exe
[13:07:39] - [4] MIRKO.POZEN: Début d'Upload de D:\kerberos.htx\a trier\AusLogics Disk Defrag\helper.dll
[13:07:40] - [4] MIRKO.POZEN: Fichier Upload: D:\kerberos.htx\a trier\AusLogics Disk Defrag\helper.dll (81,50 K/S -   83 456 bytes)
[13:07:40] - [5] MIRKO.POZEN: Fichier Upload: D:\kerberos.htx\a trier\AusLogics Disk Defrag\diskdefrag.exe (205,00 K/S -   209 920 bytes)
[13:07:40] - [4] MIRKO.POZEN: Répertoire en Cours: D:\kerberos.htx\a trier\AusLogics Disk Defrag\Lang\
[13:07:40] - [5] MIRKO.POZEN: Début d'Upload de D:\kerberos.htx\a trier\AusLogics Disk Defrag\localizer.dll
[13:07:40] - [5] MIRKO.POZEN: Fichier Upload: D:\kerberos.htx\a trier\AusLogics Disk Defrag\localizer.dll (45,50 K/S -   46 592 bytes)
[13:07:40] - [5] MIRKO.POZEN: Début d'Upload de D:\kerberos.htx\a trier\AusLogics Disk Defrag\madbasic_.bpl
[13:07:40] - [4] MIRKO.POZEN: Début d'Upload de D:\kerberos.htx\a trier\AusLogics Disk Defrag\Lang\fr.lng
[13:07:40] - [4] MIRKO.POZEN: Fichier Upload: D:\kerberos.htx\a trier\AusLogics Disk Defrag\Lang\fr.lng (9,84 K/S -   10 075 bytes)
[13:07:41] - [5] MIRKO.POZEN: Fichier Upload: D:\kerberos.htx\a trier\AusLogics Disk Defrag\madbasic_.bpl (142,50 K/S -   145 920 bytes)
[13:07:41] - [4] MIRKO.POZEN: Répertoire en Cours: D:\kerberos.htx\a trier\AusLogics Disk Defrag\
[13:07:41] - [5] MIRKO.POZEN: Début d'Upload de D:\kerberos.htx\a trier\AusLogics Disk Defrag\madexcept_.bpl
[13:07:41] - [4] MIRKO.POZEN: Début d'Upload de D:\kerberos.htx\a trier\AusLogics Disk Defrag\maddisasm_.bpl
[13:07:41] - [4] MIRKO.POZEN: Fichier Upload: D:\kerberos.htx\a trier\AusLogics Disk Defrag\maddisasm_.bpl (41,00 K/S -   41 984 bytes)
[13:07:41] - [4] MIRKO.POZEN: Répertoire en Cours: D:\kerberos.htx\a trier\AusLogics Disk Defrag\reports\
[13:07:41] - [5] MIRKO.POZEN: Fichier Upload: D:\kerberos.htx\a trier\AusLogics Disk Defrag\madexcept_.bpl (307,00 K/S -   314 368 bytes)
[13:07:41] - [5] MIRKO.POZEN: Répertoire en Cours: D:\kerberos.htx\a trier\AusLogics Disk Defrag\reports\
[13:07:42] - [4] MIRKO.POZEN: Début d'Upload de D:\kerberos.htx\a trier\AusLogics Disk Defrag\reports\C_Disk_Defrag_Report.html
[13:07:42] - [5] MIRKO.POZEN: Début d'Upload de D:\kerberos.htx\a trier\AusLogics Disk Defrag\reports\D_Disk_Defrag_Report.html
[13:07:42] - [4] MIRKO.POZEN: Fichier Upload: D:\kerberos.htx\a trier\AusLogics Disk Defrag\reports\C_Disk_Defrag_Report.html (126,62 K/S -   129 654 bytes)
[13:07:42] - [5] MIRKO.POZEN: Fichier Upload: D:\kerberos.htx\a trier\AusLogics Disk Defrag\reports\D_Disk_Defrag_Report.html (18,58 K/S -   19 023 bytes)
[13:07:42] - [4] MIRKO.POZEN: Début d'Upload de D:\kerberos.htx\a trier\AusLogics Disk Defrag\reports\E_Disk_Defrag_Report.html
[13:07:42] - [5] MIRKO.POZEN: Début d'Upload de D:\kerberos.htx\a trier\AusLogics Disk Defrag\reports\F_Disk_Defrag_Report.html
[13:07:43] - [4] MIRKO.POZEN: Fichier Upload: D:\kerberos.htx\a trier\AusLogics Disk Defrag\reports\E_Disk_Defrag_Report.html (57,47 K/S -   58 849 bytes)
[13:07:43] - [5] MIRKO.POZEN: Fichier Upload: D:\kerberos.htx\a trier\AusLogics Disk Defrag\reports\F_Disk_Defrag_Report.html (46,34 K/S -   47 449 bytes)
[13:07:43] - [4] MIRKO.POZEN: Début d'Upload de D:\kerberos.htx\a trier\AusLogics Disk Defrag\reports\H_Disk_Defrag_Report.html
[13:07:43] - [5] MIRKO.POZEN: Début d'Upload de D:\kerberos.htx\a trier\AusLogics Disk Defrag\reports\I_Disk_Defrag_Report.html
[13:07:43] - [4] MIRKO.POZEN: Fichier Upload: D:\kerberos.htx\a trier\AusLogics Disk Defrag\reports\H_Disk_Defrag_Report.html (15,41 K/S -   15 776 bytes)
[13:07:43] - [5] MIRKO.POZEN: Fichier Upload: D:\kerberos.htx\a trier\AusLogics Disk Defrag\reports\I_Disk_Defrag_Report.html (25,62 K/S -   26 237 bytes)
[13:07:43] - [4] MIRKO.POZEN: Début d'Upload de D:\kerberos.htx\a trier\AusLogics Disk Defrag\reports\J_Disk_Defrag_Report.html
[13:07:43] - [5] MIRKO.POZEN: Début d'Upload de D:\kerberos.htx\a trier\AusLogics Disk Defrag\reports\K_Disk_Defrag_Report.html
[13:07:43] - [4] MIRKO.POZEN: Fichier Upload: D:\kerberos.htx\a trier\AusLogics Disk Defrag\reports\J_Disk_Defrag_Report.html (14,85 K/S -   15 204 bytes)
[13:07:43] - [5] MIRKO.POZEN: Fichier Upload: D:\kerberos.htx\a trier\AusLogics Disk Defrag\reports\K_Disk_Defrag_Report.html (15,83 K/S -   16 212 bytes)
[13:07:43] - [4] MIRKO.POZEN: Répertoire en Cours: D:\kerberos.htx\a trier\AusLogics Disk Defrag\
[13:07:43] - [5] MIRKO.POZEN: Répertoire en Cours: D:\kerberos.htx\a trier\AusLogics Disk Defrag\
[13:07:44] - [4] MIRKO.POZEN: Début d'Upload de D:\kerberos.htx\a trier\AusLogics Disk Defrag\rtl70.bpl
[13:07:44] - [5] MIRKO.POZEN: Début d'Upload de D:\kerberos.htx\a trier\AusLogics Disk Defrag\unins000.dat
[13:07:44] - [5] MIRKO.POZEN: Fichier Upload: D:\kerberos.htx\a trier\AusLogics Disk Defrag\unins000.dat (5,48 K/S -   5 611 bytes)
[13:07:44] - [5] MIRKO.POZEN: Début d'Upload de D:\kerberos.htx\a trier\AusLogics Disk Defrag\unins000.exe
[13:07:45] - [4] MIRKO.POZEN: Fichier Upload: D:\kerberos.htx\a trier\AusLogics Disk Defrag\rtl70.bpl (760,00 K/S -   778 240 bytes)
[13:07:45] - [4] MIRKO.POZEN: Début d'Upload de D:\kerberos.htx\a trier\AusLogics Disk Defrag\vcl70.bpl
[13:07:45] - [5] MIRKO.POZEN: Fichier Upload: D:\kerberos.htx\a trier\AusLogics Disk Defrag\unins000.exe (345,73 K/S -   708 048 bytes)
[13:07:47] - [4] MIRKO.POZEN: Fichier Upload: D:\kerberos.htx\a trier\AusLogics Disk Defrag\vcl70.bpl (674,50 K/S -  1 381 376 bytes)
[13:07:53] - [5] Client 92.141.179.181 Déconnecté (00:00:17 Min)
[13:07:53] - [4] Client 92.141.179.181 Déconnecté (00:00:17 Min)
[13:07:53] - [1] Client 92.141.179.181 Déconnecté (00:25:14 Min)
[17:01:34] - Serveur Démarré
[17:01:34] - FTP Port: 21
[17:03:07] - [1] Connecté à 192.168.0.1. Collecte du Nom d'utilisateur.
[17:03:08] - [1] Usager MIRKO.POZEN Connecté IP: 192.168.0.1
[17:03:08] - [1] MIRKO.POZEN: Répertoire en Cours: D:\kerberos.htx\
[17:03:08] - [1] MIRKO.POZEN: Répertoire en Cours: D:\kerberos.htx\
[17:03:37] - [1] MIRKO.POZEN: Répertoire en Cours: D:\kerberos.htx\000\
[17:03:39] - [1] MIRKO.POZEN: Répertoire en Cours: D:\kerberos.htx\
[17:03:39] - [1] MIRKO.POZEN: Répertoire en Cours: D:\kerberos.htx\a trier\
[17:36:19] - [2] Connecté à 191.96.214.5. Collecte du Nom d'utilisateur.
[17:36:50] - [2] Client 191.96.214.5 Déconnecté (00:00:31 Min)
[18:08:50] - [3] Connecté à 191.96.214.9. Collecte du Nom d'utilisateur.
[18:08:59] - [3] Client 191.96.214.9 Déconnecté (00:00:09 Min)
[19:31:44] - [1] Client 192.168.0.1 Déconnecté (02:28:36 Min)
