[11:33:06] - Serveur Démarré
[11:33:06] - FTP Port: 21
[15:25:40] - Serveur Démarré
[15:25:40] - FTP Port: 21
[15:26:23] - [1] Connecté à 192.168.0.1. Collecte du Nom d'utilisateur.
[15:26:23] - [1] Usager MIRKO.POZEN Connecté IP: 192.168.0.1
[15:26:23] - [1] MIRKO.POZEN: Répertoire en Cours: E:\kerberos.htx\
[15:26:23] - [1] MIRKO.POZEN: Répertoire en Cours: E:\kerberos.htx\
[15:26:41] - [2] Connecté à 192.168.0.1. Collecte du Nom d'utilisateur.
[15:26:41] - [1] Client 192.168.0.1 Déconnecté (00:00:18 Min)
[15:26:41] - [2] Usager MIRKO.POZEN Connecté IP: 192.168.0.1
[15:26:42] - [2] MIRKO.POZEN: Répertoire en Cours: E:\kerberos.htx\
[15:26:42] - [2] MIRKO.POZEN: Répertoire en Cours: E:\kerberos.htx\
[15:26:54] - [2] MIRKO.POZEN: Répertoire en Cours: E:\kerberos.htx\exe\
[15:31:10] - [2] MIRKO.POZEN: Répertoire en Cours: E:\kerberos.htx\
[15:31:11] - [2] MIRKO.POZEN: Répertoire en Cours: E:\kerberos.htx\[PiratePC.Net] Wondershare Filmora 9.2.1.10 With _\
[15:31:35] - [2] MIRKO.POZEN: Répertoire en Cours: E:\kerberos.htx\
[15:31:35] - [2] MIRKO.POZEN: Répertoire en Cours: E:\kerberos.htx\hacked\
[15:31:45] - [2] MIRKO.POZEN: Répertoire en Cours: E:\kerberos.htx\
[15:31:45] - [2] MIRKO.POZEN: Répertoire en Cours: E:\kerberos.htx\http2\
[15:31:48] - [2] MIRKO.POZEN: Répertoire en Cours: E:\kerberos.htx\http2\crack wk7\
[15:31:53] - [2] MIRKO.POZEN: Répertoire en Cours: E:\kerberos.htx\http2\
[15:31:53] - [2] MIRKO.POZEN: Répertoire en Cours: E:\kerberos.htx\http2\last gamez\
[15:32:01] - [2] MIRKO.POZEN: Répertoire en Cours: E:\kerberos.htx\http2\last gamez\Virtual Villagers 1,2,3&4\
[15:32:03] - [2] MIRKO.POZEN: Répertoire en Cours: E:\kerberos.htx\http2\last gamez\Virtual Villagers 1,2,3&4\Virtual Villagers\
[15:32:07] - [2] MIRKO.POZEN: Répertoire en Cours: E:\kerberos.htx\http2\last gamez\Virtual Villagers 1,2,3&4\Virtual Villagers\VirtualVillagers 3 TheSecretCitySetup\
[15:32:08] - [2] MIRKO.POZEN: Répertoire en Cours: E:\kerberos.htx\http2\last gamez\Virtual Villagers 1,2,3&4\Virtual Villagers\VirtualVillagers 3 TheSecretCitySetup\Crack\
[15:33:12] - [3] Connecté à 192.168.0.1. Collecte du Nom d'utilisateur.
[15:33:12] - [3] Usager MIRKO.POZEN Connecté IP: 192.168.0.1
[15:33:13] - [3] MIRKO.POZEN: Répertoire en Cours: E:\kerberos.htx\
[15:33:13] - [3] MIRKO.POZEN: Répertoire en Cours: E:\kerberos.htx\http2\last gamez\Virtual Villagers 1,2,3&4\Virtual Villagers\
[15:33:13] - [3] MIRKO.POZEN: Début du Téléchargement de: E:\kerberos.htx\http2\last gamez\Virtual Villagers 1,2,3&4\Virtual Villagers\Virtual Villagers A New Home.rar
[15:33:47] - [3] MIRKO.POZEN: Fichier envoyé: E:\kerberos.htx\http2\last gamez\Virtual Villagers 1,2,3&4\Virtual Villagers\Virtual Villagers A New Home.rar (635,94 K/S -  22 140 959 bytes)
[15:34:18] - [3] Client 192.168.0.1 Déconnecté (00:01:05 Min)
