[20:42:47] - Serveur Démarré
[20:42:47] - FTP Port: 21
[22:54:45] - [1] Connecté à 192.168.0.1. Collecte du Nom d'utilisateur.
[22:54:45] - [1] Usager MIRKO.POZEN Connecté IP: 192.168.0.1
[22:54:45] - [1] MIRKO.POZEN: Répertoire en Cours: D:\kerberos.htx\
[22:54:46] - [1] MIRKO.POZEN: Répertoire en Cours: D:\kerberos.htx\
[22:55:15] - [1] MIRKO.POZEN: Répertoire en Cours: D:\kerberos.htx\Microsoft.Office.Professional.2007.FR.By Gervais\
[22:55:16] - [1] MIRKO.POZEN: Répertoire en Cours: D:\kerberos.htx\Microsoft.Office.Professional.2007.FR.By Gervais\WORD.FR-FR\
[22:55:16] - [1] MIRKO.POZEN: Répertoire en Cours: D:\kerberos.htx\Microsoft.Office.Professional.2007.FR.By Gervais\
[22:55:16] - [1] MIRKO.POZEN: Répertoire en Cours: D:\kerberos.htx\Microsoft.Office.Professional.2007.FR.By Gervais\UPDATES\
[22:55:16] - [1] MIRKO.POZEN: Répertoire en Cours: D:\kerberos.htx\Microsoft.Office.Professional.2007.FR.By Gervais\
[22:55:16] - [1] MIRKO.POZEN: Répertoire en Cours: D:\kerberos.htx\Microsoft.Office.Professional.2007.FR.By Gervais\ROSEBUD.FR-FR\
[22:55:17] - [1] MIRKO.POZEN: Répertoire en Cours: D:\kerberos.htx\Microsoft.Office.Professional.2007.FR.By Gervais\
[22:55:17] - [1] MIRKO.POZEN: Répertoire en Cours: D:\kerberos.htx\Microsoft.Office.Professional.2007.FR.By Gervais\PUBLISHER.FR-FR\
[22:55:17] - [1] MIRKO.POZEN: Répertoire en Cours: D:\kerberos.htx\Microsoft.Office.Professional.2007.FR.By Gervais\
[22:55:17] - [1] MIRKO.POZEN: Répertoire en Cours: D:\kerberos.htx\Microsoft.Office.Professional.2007.FR.By Gervais\PROPLUS.WW\
[22:55:17] - [1] MIRKO.POZEN: Répertoire en Cours: D:\kerberos.htx\Microsoft.Office.Professional.2007.FR.By Gervais\
[22:55:17] - [1] MIRKO.POZEN: Répertoire en Cours: D:\kerberos.htx\Microsoft.Office.Professional.2007.FR.By Gervais\PROOFING.FR-FR\
[22:55:17] - [1] MIRKO.POZEN: Répertoire en Cours: D:\kerberos.htx\Microsoft.Office.Professional.2007.FR.By Gervais\PROOFING.FR-FR\PROOF.NL\
[22:55:17] - [1] MIRKO.POZEN: Répertoire en Cours: D:\kerberos.htx\Microsoft.Office.Professional.2007.FR.By Gervais\PROOFING.FR-FR\
[22:55:17] - [1] MIRKO.POZEN: Répertoire en Cours: D:\kerberos.htx\Microsoft.Office.Professional.2007.FR.By Gervais\PROOFING.FR-FR\PROOF.FR\
[22:55:18] - [1] MIRKO.POZEN: Répertoire en Cours: D:\kerberos.htx\Microsoft.Office.Professional.2007.FR.By Gervais\PROOFING.FR-FR\
[22:55:18] - [1] MIRKO.POZEN: Répertoire en Cours: D:\kerberos.htx\Microsoft.Office.Professional.2007.FR.By Gervais\PROOFING.FR-FR\PROOF.ES\
[22:55:18] - [1] MIRKO.POZEN: Répertoire en Cours: D:\kerberos.htx\Microsoft.Office.Professional.2007.FR.By Gervais\PROOFING.FR-FR\
[22:55:18] - [1] MIRKO.POZEN: Répertoire en Cours: D:\kerberos.htx\Microsoft.Office.Professional.2007.FR.By Gervais\PROOFING.FR-FR\PROOF.EN\
[22:55:18] - [1] MIRKO.POZEN: Répertoire en Cours: D:\kerberos.htx\Microsoft.Office.Professional.2007.FR.By Gervais\PROOFING.FR-FR\
[22:55:18] - [1] MIRKO.POZEN: Répertoire en Cours: D:\kerberos.htx\Microsoft.Office.Professional.2007.FR.By Gervais\PROOFING.FR-FR\PROOF.DE\
[22:55:18] - [1] MIRKO.POZEN: Répertoire en Cours: D:\kerberos.htx\Microsoft.Office.Professional.2007.FR.By Gervais\PROOFING.FR-FR\
[22:55:18] - [1] MIRKO.POZEN: Répertoire en Cours: D:\kerberos.htx\Microsoft.Office.Professional.2007.FR.By Gervais\PROOFING.FR-FR\PROOF.AR\
[22:55:18] - [1] MIRKO.POZEN: Répertoire en Cours: D:\kerberos.htx\Microsoft.Office.Professional.2007.FR.By Gervais\
[22:55:18] - [1] MIRKO.POZEN: Répertoire en Cours: D:\kerberos.htx\Microsoft.Office.Professional.2007.FR.By Gervais\POWERPOINT.FR-FR\
[22:55:18] - [1] MIRKO.POZEN: Répertoire en Cours: D:\kerberos.htx\Microsoft.Office.Professional.2007.FR.By Gervais\
[22:55:18] - [1] MIRKO.POZEN: Répertoire en Cours: D:\kerberos.htx\Microsoft.Office.Professional.2007.FR.By Gervais\OUTLOOK.FR-FR\
[22:55:19] - [1] MIRKO.POZEN: Répertoire en Cours: D:\kerberos.htx\Microsoft.Office.Professional.2007.FR.By Gervais\
[22:55:19] - [1] MIRKO.POZEN: Répertoire en Cours: D:\kerberos.htx\Microsoft.Office.Professional.2007.FR.By Gervais\OFFICE64.FR-FR\
[22:55:19] - [1] MIRKO.POZEN: Répertoire en Cours: D:\kerberos.htx\Microsoft.Office.Professional.2007.FR.By Gervais\OFFICE64.FR-FR\INFOPATH.FR-FR\
[22:55:19] - [1] MIRKO.POZEN: Répertoire en Cours: D:\kerberos.htx\Microsoft.Office.Professional.2007.FR.By Gervais\
[22:55:19] - [1] MIRKO.POZEN: Répertoire en Cours: D:\kerberos.htx\Microsoft.Office.Professional.2007.FR.By Gervais\OFFICE.FR-FR\
[22:55:19] - [1] MIRKO.POZEN: Répertoire en Cours: D:\kerberos.htx\Microsoft.Office.Professional.2007.FR.By Gervais\OFFICE.FR-FR\1036\
[22:55:20] - [1] MIRKO.POZEN: Répertoire en Cours: D:\kerberos.htx\Microsoft.Office.Professional.2007.FR.By Gervais\
[22:55:20] - [1] MIRKO.POZEN: Répertoire en Cours: D:\kerberos.htx\Microsoft.Office.Professional.2007.FR.By Gervais\INFOPATH.FR-FR\
[22:55:20] - [1] MIRKO.POZEN: Répertoire en Cours: D:\kerberos.htx\Microsoft.Office.Professional.2007.FR.By Gervais\
[22:55:20] - [1] MIRKO.POZEN: Répertoire en Cours: D:\kerberos.htx\Microsoft.Office.Professional.2007.FR.By Gervais\EXCEL.FR-FR\
[22:55:20] - [1] MIRKO.POZEN: Répertoire en Cours: D:\kerberos.htx\Microsoft.Office.Professional.2007.FR.By Gervais\
[22:55:20] - [1] MIRKO.POZEN: Répertoire en Cours: D:\kerberos.htx\Microsoft.Office.Professional.2007.FR.By Gervais\CATALOG\
[22:55:20] - [1] MIRKO.POZEN: Répertoire en Cours: D:\kerberos.htx\Microsoft.Office.Professional.2007.FR.By Gervais\
[22:55:20] - [1] MIRKO.POZEN: Répertoire en Cours: D:\kerberos.htx\Microsoft.Office.Professional.2007.FR.By Gervais\ADMIN\
[22:55:21] - [1] MIRKO.POZEN: Répertoire en Cours: D:\kerberos.htx\Microsoft.Office.Professional.2007.FR.By Gervais\ADMIN\ZH-TW\
[22:55:21] - [1] MIRKO.POZEN: Répertoire en Cours: D:\kerberos.htx\Microsoft.Office.Professional.2007.FR.By Gervais\ADMIN\
[22:55:21] - [1] MIRKO.POZEN: Répertoire en Cours: D:\kerberos.htx\Microsoft.Office.Professional.2007.FR.By Gervais\ADMIN\ZH-CN\
[22:55:21] - [1] MIRKO.POZEN: Répertoire en Cours: D:\kerberos.htx\Microsoft.Office.Professional.2007.FR.By Gervais\ADMIN\
[22:55:21] - [1] MIRKO.POZEN: Répertoire en Cours: D:\kerberos.htx\Microsoft.Office.Professional.2007.FR.By Gervais\ADMIN\KO-KR\
[22:55:22] - [1] MIRKO.POZEN: Répertoire en Cours: D:\kerberos.htx\Microsoft.Office.Professional.2007.FR.By Gervais\ADMIN\
[22:55:22] - [1] MIRKO.POZEN: Répertoire en Cours: D:\kerberos.htx\Microsoft.Office.Professional.2007.FR.By Gervais\ADMIN\JA-JP\
[22:55:22] - [1] MIRKO.POZEN: Répertoire en Cours: D:\kerberos.htx\Microsoft.Office.Professional.2007.FR.By Gervais\ADMIN\
[22:55:22] - [1] MIRKO.POZEN: Répertoire en Cours: D:\kerberos.htx\Microsoft.Office.Professional.2007.FR.By Gervais\ADMIN\IT-IT\
[22:55:22] - [1] MIRKO.POZEN: Répertoire en Cours: D:\kerberos.htx\Microsoft.Office.Professional.2007.FR.By Gervais\ADMIN\
[22:55:22] - [1] MIRKO.POZEN: Répertoire en Cours: D:\kerberos.htx\Microsoft.Office.Professional.2007.FR.By Gervais\ADMIN\FR-FR\
[22:55:22] - [1] MIRKO.POZEN: Répertoire en Cours: D:\kerberos.htx\Microsoft.Office.Professional.2007.FR.By Gervais\ADMIN\
[22:55:22] - [1] MIRKO.POZEN: Répertoire en Cours: D:\kerberos.htx\Microsoft.Office.Professional.2007.FR.By Gervais\ADMIN\ES-ES\
[22:55:23] - [1] MIRKO.POZEN: Répertoire en Cours: D:\kerberos.htx\Microsoft.Office.Professional.2007.FR.By Gervais\ADMIN\
[22:55:23] - [1] MIRKO.POZEN: Répertoire en Cours: D:\kerberos.htx\Microsoft.Office.Professional.2007.FR.By Gervais\ADMIN\EN-US\
[22:55:23] - [1] MIRKO.POZEN: Répertoire en Cours: D:\kerberos.htx\Microsoft.Office.Professional.2007.FR.By Gervais\ADMIN\
[22:55:23] - [1] MIRKO.POZEN: Répertoire en Cours: D:\kerberos.htx\Microsoft.Office.Professional.2007.FR.By Gervais\ADMIN\DE-DE\
[22:55:23] - [1] MIRKO.POZEN: Répertoire en Cours: D:\kerberos.htx\Microsoft.Office.Professional.2007.FR.By Gervais\
[22:55:23] - [1] MIRKO.POZEN: Répertoire en Cours: D:\kerberos.htx\Microsoft.Office.Professional.2007.FR.By Gervais\ACCESS.FR-FR\
[22:55:24] - [2] Connecté à 192.168.0.1. Collecte du Nom d'utilisateur.
[22:55:24] - [3] Connecté à 192.168.0.1. Collecte du Nom d'utilisateur.
[22:55:24] - [2] Usager MIRKO.POZEN Connecté IP: 192.168.0.1
[22:55:24] - [2] MIRKO.POZEN: Répertoire en Cours: D:\kerberos.htx\
[22:55:24] - [3] Usager MIRKO.POZEN Connecté IP: 192.168.0.1
[22:55:24] - [3] MIRKO.POZEN: Répertoire en Cours: D:\kerberos.htx\
[22:55:24] - [2] MIRKO.POZEN: Répertoire en Cours: D:\kerberos.htx\Microsoft.Office.Professional.2007.FR.By Gervais\
[22:55:24] - [3] MIRKO.POZEN: Répertoire en Cours: D:\kerberos.htx\Microsoft.Office.Professional.2007.FR.By Gervais\
[22:55:24] - [3] MIRKO.POZEN: Début du Téléchargement de: D:\kerberos.htx\Microsoft.Office.Professional.2007.FR.By Gervais\key.txt
[22:55:24] - [3] MIRKO.POZEN: Fichier envoyé: D:\kerberos.htx\Microsoft.Office.Professional.2007.FR.By Gervais\key.txt (0,03 K/S -    29 bytes)
[22:55:24] - [3] MIRKO.POZEN: Début du Téléchargement de: D:\kerberos.htx\Microsoft.Office.Professional.2007.FR.By Gervais\Lisez moi_Read me.txt
[22:55:24] - [3] MIRKO.POZEN: Fichier envoyé: D:\kerberos.htx\Microsoft.Office.Professional.2007.FR.By Gervais\Lisez moi_Read me.txt (0,07 K/S -    71 bytes)
[22:55:24] - [2] MIRKO.POZEN: Début du Téléchargement de: D:\kerberos.htx\Microsoft.Office.Professional.2007.FR.By Gervais\AUTORUN.INF
[22:55:24] - [2] MIRKO.POZEN: Fichier envoyé: D:\kerberos.htx\Microsoft.Office.Professional.2007.FR.By Gervais\AUTORUN.INF (0,17 K/S -    175 bytes)
[22:55:24] - [2] MIRKO.POZEN: Début du Téléchargement de: D:\kerberos.htx\Microsoft.Office.Professional.2007.FR.By Gervais\SaveAsPDFandXPS.exe
[22:55:25] - [3] MIRKO.POZEN: Début du Téléchargement de: D:\kerberos.htx\Microsoft.Office.Professional.2007.FR.By Gervais\LISEZMOI.HTM
[22:55:25] - [3] MIRKO.POZEN: Fichier envoyé: D:\kerberos.htx\Microsoft.Office.Professional.2007.FR.By Gervais\LISEZMOI.HTM (2,54 K/S -   2 599 bytes)
[22:55:26] - [2] MIRKO.POZEN: Fichier envoyé: D:\kerberos.htx\Microsoft.Office.Professional.2007.FR.By Gervais\SaveAsPDFandXPS.exe (696,57 K/S -   713 288 bytes)
[22:55:26] - [2] MIRKO.POZEN: Répertoire en Cours: D:\kerberos.htx\Microsoft.Office.Professional.2007.FR.By Gervais\WORD.FR-FR\
[22:55:26] - [2] MIRKO.POZEN: Début du Téléchargement de: D:\kerberos.htx\Microsoft.Office.Professional.2007.FR.By Gervais\WORD.FR-FR\SETUP.XML
[22:55:26] - [2] MIRKO.POZEN: Fichier envoyé: D:\kerberos.htx\Microsoft.Office.Professional.2007.FR.By Gervais\WORD.FR-FR\SETUP.XML (2,62 K/S -   2 678 bytes)
[22:55:26] - [2] MIRKO.POZEN: Début du Téléchargement de: D:\kerberos.htx\Microsoft.Office.Professional.2007.FR.By Gervais\WORD.FR-FR\WORDLR.CAB
[22:55:27] - [3] MIRKO.POZEN: Début du Téléchargement de: D:\kerberos.htx\Microsoft.Office.Professional.2007.FR.By Gervais\SETUP.EXE
[22:55:29] - [3] MIRKO.POZEN: Fichier envoyé: D:\kerberos.htx\Microsoft.Office.Professional.2007.FR.By Gervais\SETUP.EXE (226,15 K/S -   463 152 bytes)
[22:55:29] - [3] MIRKO.POZEN: Répertoire en Cours: D:\kerberos.htx\Microsoft.Office.Professional.2007.FR.By Gervais\WORD.FR-FR\
[22:55:29] - [3] MIRKO.POZEN: Début du Téléchargement de: D:\kerberos.htx\Microsoft.Office.Professional.2007.FR.By Gervais\WORD.FR-FR\WORDMUI.MSI
[22:55:32] - [3] MIRKO.POZEN: Fichier envoyé: D:\kerberos.htx\Microsoft.Office.Professional.2007.FR.By Gervais\WORD.FR-FR\WORDMUI.MSI (810,00 K/S -  1 658 880 bytes)
[22:55:32] - [3] MIRKO.POZEN: Début du Téléchargement de: D:\kerberos.htx\Microsoft.Office.Professional.2007.FR.By Gervais\WORD.FR-FR\WORDMUI.XML
[22:55:32] - [3] MIRKO.POZEN: Fichier envoyé: D:\kerberos.htx\Microsoft.Office.Professional.2007.FR.By Gervais\WORD.FR-FR\WORDMUI.XML (1,76 K/S -   1 799 bytes)
[22:55:32] - [3] MIRKO.POZEN: Répertoire en Cours: D:\kerberos.htx\Microsoft.Office.Professional.2007.FR.By Gervais\UPDATES\
[22:55:33] - [3] MIRKO.POZEN: Début du Téléchargement de: D:\kerberos.htx\Microsoft.Office.Professional.2007.FR.By Gervais\UPDATES\LISEZMOI.TXT
[22:55:33] - [3] MIRKO.POZEN: Fichier envoyé: D:\kerberos.htx\Microsoft.Office.Professional.2007.FR.By Gervais\UPDATES\LISEZMOI.TXT (0,07 K/S -    75 bytes)
[22:55:33] - [3] MIRKO.POZEN: Répertoire en Cours: D:\kerberos.htx\Microsoft.Office.Professional.2007.FR.By Gervais\ROSEBUD.FR-FR\
[22:55:33] - [3] MIRKO.POZEN: Début du Téléchargement de: D:\kerberos.htx\Microsoft.Office.Professional.2007.FR.By Gervais\ROSEBUD.FR-FR\RBUDLR.CAB
[22:55:36] - [3] MIRKO.POZEN: Fichier envoyé: D:\kerberos.htx\Microsoft.Office.Professional.2007.FR.By Gervais\ROSEBUD.FR-FR\RBUDLR.CAB (772,83 K/S -  1 582 766 bytes)
[22:55:36] - [3] MIRKO.POZEN: Début du Téléchargement de: D:\kerberos.htx\Microsoft.Office.Professional.2007.FR.By Gervais\ROSEBUD.FR-FR\ROSEBUDMUI.MSI
[22:55:36] - [3] MIRKO.POZEN: Fichier envoyé: D:\kerberos.htx\Microsoft.Office.Professional.2007.FR.By Gervais\ROSEBUD.FR-FR\ROSEBUDMUI.MSI (48,00 K/S -   49 152 bytes)
[22:55:36] - [3] MIRKO.POZEN: Début du Téléchargement de: D:\kerberos.htx\Microsoft.Office.Professional.2007.FR.By Gervais\ROSEBUD.FR-FR\ROSEBUDMUI.XML
[22:55:36] - [3] MIRKO.POZEN: Fichier envoyé: D:\kerberos.htx\Microsoft.Office.Professional.2007.FR.By Gervais\ROSEBUD.FR-FR\ROSEBUDMUI.XML (0,79 K/S -    811 bytes)
[22:55:37] - [3] MIRKO.POZEN: Début du Téléchargement de: D:\kerberos.htx\Microsoft.Office.Professional.2007.FR.By Gervais\ROSEBUD.FR-FR\SETUP.XML
[22:55:37] - [3] MIRKO.POZEN: Fichier envoyé: D:\kerberos.htx\Microsoft.Office.Professional.2007.FR.By Gervais\ROSEBUD.FR-FR\SETUP.XML (1,22 K/S -   1 251 bytes)
[22:55:37] - [3] MIRKO.POZEN: Répertoire en Cours: D:\kerberos.htx\Microsoft.Office.Professional.2007.FR.By Gervais\PUBLISHER.FR-FR\
[22:55:37] - [3] MIRKO.POZEN: Début du Téléchargement de: D:\kerberos.htx\Microsoft.Office.Professional.2007.FR.By Gervais\PUBLISHER.FR-FR\PUBLISHERMUI.MSI
[22:55:40] - [3] MIRKO.POZEN: Fichier envoyé: D:\kerberos.htx\Microsoft.Office.Professional.2007.FR.By Gervais\PUBLISHER.FR-FR\PUBLISHERMUI.MSI (542,67 K/S -  1 667 072 bytes)
[22:55:40] - [3] MIRKO.POZEN: Début du Téléchargement de: D:\kerberos.htx\Microsoft.Office.Professional.2007.FR.By Gervais\PUBLISHER.FR-FR\PUBLISHERMUI.XML
[22:55:40] - [3] MIRKO.POZEN: Fichier envoyé: D:\kerberos.htx\Microsoft.Office.Professional.2007.FR.By Gervais\PUBLISHER.FR-FR\PUBLISHERMUI.XML (1,44 K/S -   1 470 bytes)
[22:55:40] - [3] MIRKO.POZEN: Début du Téléchargement de: D:\kerberos.htx\Microsoft.Office.Professional.2007.FR.By Gervais\PUBLISHER.FR-FR\PUBLR.CAB
[22:55:54] - [2] MIRKO.POZEN: Fichier envoyé: D:\kerberos.htx\Microsoft.Office.Professional.2007.FR.By Gervais\WORD.FR-FR\WORDLR.CAB (568,30 K/S -  16 876 234 bytes)
[22:55:55] - [2] MIRKO.POZEN: Répertoire en Cours: D:\kerberos.htx\Microsoft.Office.Professional.2007.FR.By Gervais\PUBLISHER.FR-FR\
[22:55:55] - [2] MIRKO.POZEN: Début du Téléchargement de: D:\kerberos.htx\Microsoft.Office.Professional.2007.FR.By Gervais\PUBLISHER.FR-FR\SETUP.XML
[22:55:55] - [2] MIRKO.POZEN: Fichier envoyé: D:\kerberos.htx\Microsoft.Office.Professional.2007.FR.By Gervais\PUBLISHER.FR-FR\SETUP.XML (1,78 K/S -   1 826 bytes)
[22:55:55] - [2] MIRKO.POZEN: Répertoire en Cours: D:\kerberos.htx\Microsoft.Office.Professional.2007.FR.By Gervais\PROPLUS.WW\
[22:55:55] - [2] MIRKO.POZEN: Début du Téléchargement de: D:\kerberos.htx\Microsoft.Office.Professional.2007.FR.By Gervais\PROPLUS.WW\CONFIG.XML
[22:55:55] - [2] MIRKO.POZEN: Fichier envoyé: D:\kerberos.htx\Microsoft.Office.Professional.2007.FR.By Gervais\PROPLUS.WW\CONFIG.XML (0,93 K/S -    956 bytes)
[22:55:56] - [2] MIRKO.POZEN: Début du Téléchargement de: D:\kerberos.htx\Microsoft.Office.Professional.2007.FR.By Gervais\PROPLUS.WW\ID_00011.DPC
[22:55:56] - [2] MIRKO.POZEN: Fichier envoyé: D:\kerberos.htx\Microsoft.Office.Professional.2007.FR.By Gervais\PROPLUS.WW\ID_00011.DPC (1,61 K/S -   1 646 bytes)
[22:55:56] - [2] MIRKO.POZEN: Début du Téléchargement de: D:\kerberos.htx\Microsoft.Office.Professional.2007.FR.By Gervais\PROPLUS.WW\OFFICE64WW.MSI
[22:55:59] - [2] MIRKO.POZEN: Fichier envoyé: D:\kerberos.htx\Microsoft.Office.Professional.2007.FR.By Gervais\PROPLUS.WW\OFFICE64WW.MSI (276,00 K/S -   847 872 bytes)
[22:56:00] - [2] MIRKO.POZEN: Début du Téléchargement de: D:\kerberos.htx\Microsoft.Office.Professional.2007.FR.By Gervais\PROPLUS.WW\OFFICE64WW.XML
[22:56:00] - [2] MIRKO.POZEN: Fichier envoyé: D:\kerberos.htx\Microsoft.Office.Professional.2007.FR.By Gervais\PROPLUS.WW\OFFICE64WW.XML (2,26 K/S -   2 310 bytes)
[22:56:00] - [2] MIRKO.POZEN: Début du Téléchargement de: D:\kerberos.htx\Microsoft.Office.Professional.2007.FR.By Gervais\PROPLUS.WW\OSE.EXE
[22:56:00] - [2] MIRKO.POZEN: Fichier envoyé: D:\kerberos.htx\Microsoft.Office.Professional.2007.FR.By Gervais\PROPLUS.WW\OSE.EXE (141,78 K/S -   145 184 bytes)
[22:56:01] - [2] MIRKO.POZEN: Début du Téléchargement de: D:\kerberos.htx\Microsoft.Office.Professional.2007.FR.By Gervais\PROPLUS.WW\OSETUP.DLL
[22:56:06] - [3] MIRKO.POZEN: Fichier envoyé: D:\kerberos.htx\Microsoft.Office.Professional.2007.FR.By Gervais\PUBLISHER.FR-FR\PUBLR.CAB (458,86 K/S -  12 686 495 bytes)
[22:56:07] - [3] MIRKO.POZEN: Répertoire en Cours: D:\kerberos.htx\Microsoft.Office.Professional.2007.FR.By Gervais\PROPLUS.WW\
[22:56:07] - [3] MIRKO.POZEN: Début du Téléchargement de: D:\kerberos.htx\Microsoft.Office.Professional.2007.FR.By Gervais\PROPLUS.WW\OWOW64WW.CAB
[22:56:13] - [2] MIRKO.POZEN: Fichier envoyé: D:\kerberos.htx\Microsoft.Office.Professional.2007.FR.By Gervais\PROPLUS.WW\OSETUP.DLL (531,98 K/S -  6 536 992 bytes)
[22:56:13] - [2] MIRKO.POZEN: Début du Téléchargement de: D:\kerberos.htx\Microsoft.Office.Professional.2007.FR.By Gervais\PROPLUS.WW\PROPLSWW.CAB
[22:56:17] - [3] MIRKO.POZEN: Fichier envoyé: D:\kerberos.htx\Microsoft.Office.Professional.2007.FR.By Gervais\PROPLUS.WW\OWOW64WW.CAB (405,38 K/S -  4 151 139 bytes)
[22:56:17] - [3] MIRKO.POZEN: Début du Téléchargement de: D:\kerberos.htx\Microsoft.Office.Professional.2007.FR.By Gervais\PROPLUS.WW\PROPLUSWW.MSI
[22:56:47] - [3] MIRKO.POZEN: Fichier envoyé: D:\kerberos.htx\Microsoft.Office.Professional.2007.FR.By Gervais\PROPLUS.WW\PROPLUSWW.MSI (515,35 K/S -  15 831 552 bytes)
[22:56:47] - [3] MIRKO.POZEN: Début du Téléchargement de: D:\kerberos.htx\Microsoft.Office.Professional.2007.FR.By Gervais\PROPLUS.WW\PROPLUSWW.XML
[22:56:47] - [3] MIRKO.POZEN: Fichier envoyé: D:\kerberos.htx\Microsoft.Office.Professional.2007.FR.By Gervais\PROPLUS.WW\PROPLUSWW.XML (15,44 K/S -   15 813 bytes)
[22:56:48] - [3] MIRKO.POZEN: Début du Téléchargement de: D:\kerberos.htx\Microsoft.Office.Professional.2007.FR.By Gervais\PROPLUS.WW\SETUP.XML
[22:56:48] - [3] MIRKO.POZEN: Fichier envoyé: D:\kerberos.htx\Microsoft.Office.Professional.2007.FR.By Gervais\PROPLUS.WW\SETUP.XML (25,96 K/S -   26 579 bytes)
[22:56:48] - [3] MIRKO.POZEN: Répertoire en Cours: D:\kerberos.htx\Microsoft.Office.Professional.2007.FR.By Gervais\PROOFING.FR-FR\
[22:56:48] - [3] MIRKO.POZEN: Début du Téléchargement de: D:\kerberos.htx\Microsoft.Office.Professional.2007.FR.By Gervais\PROOFING.FR-FR\PROOFING.MSI
[22:56:50] - [3] MIRKO.POZEN: Fichier envoyé: D:\kerberos.htx\Microsoft.Office.Professional.2007.FR.By Gervais\PROOFING.FR-FR\PROOFING.MSI (494,00 K/S -   505 856 bytes)
[22:56:50] - [3] MIRKO.POZEN: Début du Téléchargement de: D:\kerberos.htx\Microsoft.Office.Professional.2007.FR.By Gervais\PROOFING.FR-FR\PROOFING.XML
[22:56:50] - [3] MIRKO.POZEN: Fichier envoyé: D:\kerberos.htx\Microsoft.Office.Professional.2007.FR.By Gervais\PROOFING.FR-FR\PROOFING.XML (0,79 K/S -    807 bytes)
[22:56:50] - [3] MIRKO.POZEN: Début du Téléchargement de: D:\kerberos.htx\Microsoft.Office.Professional.2007.FR.By Gervais\PROOFING.FR-FR\SETUP.XML
[22:56:50] - [3] MIRKO.POZEN: Fichier envoyé: D:\kerberos.htx\Microsoft.Office.Professional.2007.FR.By Gervais\PROOFING.FR-FR\SETUP.XML (9,57 K/S -   9 804 bytes)
[22:56:50] - [3] MIRKO.POZEN: Répertoire en Cours: D:\kerberos.htx\Microsoft.Office.Professional.2007.FR.By Gervais\PROOFING.FR-FR\PROOF.NL\
[22:56:51] - [3] MIRKO.POZEN: Début du Téléchargement de: D:\kerberos.htx\Microsoft.Office.Professional.2007.FR.By Gervais\PROOFING.FR-FR\PROOF.NL\PROOF.CAB
[22:57:01] - [3] MIRKO.POZEN: Fichier envoyé: D:\kerberos.htx\Microsoft.Office.Professional.2007.FR.By Gervais\PROOFING.FR-FR\PROOF.NL\PROOF.CAB (473,10 K/S -  4 844 595 bytes)
[22:57:01] - [3] MIRKO.POZEN: Début du Téléchargement de: D:\kerberos.htx\Microsoft.Office.Professional.2007.FR.By Gervais\PROOFING.FR-FR\PROOF.NL\PROOF.MSI
[22:57:02] - [3] MIRKO.POZEN: Fichier envoyé: D:\kerberos.htx\Microsoft.Office.Professional.2007.FR.By Gervais\PROOFING.FR-FR\PROOF.NL\PROOF.MSI (494,50 K/S -   506 368 bytes)
[22:57:02] - [3] MIRKO.POZEN: Début du Téléchargement de: D:\kerberos.htx\Microsoft.Office.Professional.2007.FR.By Gervais\PROOFING.FR-FR\PROOF.NL\PROOF.XML
[22:57:02] - [3] MIRKO.POZEN: Fichier envoyé: D:\kerberos.htx\Microsoft.Office.Professional.2007.FR.By Gervais\PROOFING.FR-FR\PROOF.NL\PROOF.XML (1,20 K/S -   1 233 bytes)
[22:57:02] - [3] MIRKO.POZEN: Répertoire en Cours: D:\kerberos.htx\Microsoft.Office.Professional.2007.FR.By Gervais\PROOFING.FR-FR\PROOF.FR\
[22:57:02] - [3] MIRKO.POZEN: Début du Téléchargement de: D:\kerberos.htx\Microsoft.Office.Professional.2007.FR.By Gervais\PROOFING.FR-FR\PROOF.FR\PROOF.CAB
[22:57:32] - [3] MIRKO.POZEN: Fichier envoyé: D:\kerberos.htx\Microsoft.Office.Professional.2007.FR.By Gervais\PROOFING.FR-FR\PROOF.FR\PROOF.CAB (386,58 K/S -  11 479 987 bytes)
[22:57:32] - [3] MIRKO.POZEN: Début du Téléchargement de: D:\kerberos.htx\Microsoft.Office.Professional.2007.FR.By Gervais\PROOFING.FR-FR\PROOF.FR\PROOF.MSI
[22:57:34] - [3] MIRKO.POZEN: Fichier envoyé: D:\kerberos.htx\Microsoft.Office.Professional.2007.FR.By Gervais\PROOFING.FR-FR\PROOF.FR\PROOF.MSI (168,67 K/S -   518 144 bytes)
[22:57:35] - [3] MIRKO.POZEN: Début du Téléchargement de: D:\kerberos.htx\Microsoft.Office.Professional.2007.FR.By Gervais\PROOFING.FR-FR\PROOF.FR\PROOF.XML
[22:57:35] - [3] MIRKO.POZEN: Fichier envoyé: D:\kerberos.htx\Microsoft.Office.Professional.2007.FR.By Gervais\PROOFING.FR-FR\PROOF.FR\PROOF.XML (1,42 K/S -   1 459 bytes)
[22:57:35] - [3] MIRKO.POZEN: Répertoire en Cours: D:\kerberos.htx\Microsoft.Office.Professional.2007.FR.By Gervais\PROOFING.FR-FR\PROOF.ES\
[22:57:35] - [3] MIRKO.POZEN: Début du Téléchargement de: D:\kerberos.htx\Microsoft.Office.Professional.2007.FR.By Gervais\PROOFING.FR-FR\PROOF.ES\PROOF.CAB
[22:58:05] - [3] MIRKO.POZEN: Fichier envoyé: D:\kerberos.htx\Microsoft.Office.Professional.2007.FR.By Gervais\PROOFING.FR-FR\PROOF.ES\PROOF.CAB (535,70 K/S -  16 456 790 bytes)
[22:58:06] - [3] MIRKO.POZEN: Début du Téléchargement de: D:\kerberos.htx\Microsoft.Office.Professional.2007.FR.By Gervais\PROOFING.FR-FR\PROOF.ES\PROOF.MSI
[22:58:08] - [3] MIRKO.POZEN: Fichier envoyé: D:\kerberos.htx\Microsoft.Office.Professional.2007.FR.By Gervais\PROOFING.FR-FR\PROOF.ES\PROOF.MSI (251,00 K/S -   514 048 bytes)
[22:58:08] - [3] MIRKO.POZEN: Début du Téléchargement de: D:\kerberos.htx\Microsoft.Office.Professional.2007.FR.By Gervais\PROOFING.FR-FR\PROOF.ES\PROOF.XML
[22:58:08] - [3] MIRKO.POZEN: Fichier envoyé: D:\kerberos.htx\Microsoft.Office.Professional.2007.FR.By Gervais\PROOFING.FR-FR\PROOF.ES\PROOF.XML (1,43 K/S -   1 460 bytes)
[22:58:08] - [3] MIRKO.POZEN: Répertoire en Cours: D:\kerberos.htx\Microsoft.Office.Professional.2007.FR.By Gervais\PROOFING.FR-FR\PROOF.EN\
[22:58:08] - [3] MIRKO.POZEN: Début du Téléchargement de: D:\kerberos.htx\Microsoft.Office.Professional.2007.FR.By Gervais\PROOFING.FR-FR\PROOF.EN\PROOF.CAB
[22:58:59] - [3] MIRKO.POZEN: Fichier envoyé: D:\kerberos.htx\Microsoft.Office.Professional.2007.FR.By Gervais\PROOFING.FR-FR\PROOF.EN\PROOF.CAB (437,60 K/S -  22 404 970 bytes)
[22:58:59] - [3] MIRKO.POZEN: Début du Téléchargement de: D:\kerberos.htx\Microsoft.Office.Professional.2007.FR.By Gervais\PROOFING.FR-FR\PROOF.EN\PROOF.MSI
[22:59:00] - [3] MIRKO.POZEN: Fichier envoyé: D:\kerberos.htx\Microsoft.Office.Professional.2007.FR.By Gervais\PROOFING.FR-FR\PROOF.EN\PROOF.MSI (248,00 K/S -   507 904 bytes)
[22:59:01] - [3] MIRKO.POZEN: Début du Téléchargement de: D:\kerberos.htx\Microsoft.Office.Professional.2007.FR.By Gervais\PROOFING.FR-FR\PROOF.EN\PROOF.XML
[22:59:01] - [3] MIRKO.POZEN: Fichier envoyé: D:\kerberos.htx\Microsoft.Office.Professional.2007.FR.By Gervais\PROOFING.FR-FR\PROOF.EN\PROOF.XML (1,32 K/S -   1 350 bytes)
[22:59:01] - [3] MIRKO.POZEN: Répertoire en Cours: D:\kerberos.htx\Microsoft.Office.Professional.2007.FR.By Gervais\PROOFING.FR-FR\PROOF.DE\
[22:59:01] - [3] MIRKO.POZEN: Début du Téléchargement de: D:\kerberos.htx\Microsoft.Office.Professional.2007.FR.By Gervais\PROOFING.FR-FR\PROOF.DE\PROOF.CAB
[22:59:41] - [3] MIRKO.POZEN: Fichier envoyé: D:\kerberos.htx\Microsoft.Office.Professional.2007.FR.By Gervais\PROOFING.FR-FR\PROOF.DE\PROOF.CAB (508,39 K/S -  20 302 883 bytes)
[22:59:42] - [3] MIRKO.POZEN: Début du Téléchargement de: D:\kerberos.htx\Microsoft.Office.Professional.2007.FR.By Gervais\PROOFING.FR-FR\PROOF.DE\PROOF.MSI
[22:59:43] - [3] MIRKO.POZEN: Fichier envoyé: D:\kerberos.htx\Microsoft.Office.Professional.2007.FR.By Gervais\PROOFING.FR-FR\PROOF.DE\PROOF.MSI (503,00 K/S -   515 072 bytes)
[22:59:43] - [3] MIRKO.POZEN: Début du Téléchargement de: D:\kerberos.htx\Microsoft.Office.Professional.2007.FR.By Gervais\PROOFING.FR-FR\PROOF.DE\PROOF.XML
[22:59:43] - [3] MIRKO.POZEN: Fichier envoyé: D:\kerberos.htx\Microsoft.Office.Professional.2007.FR.By Gervais\PROOFING.FR-FR\PROOF.DE\PROOF.XML (1,43 K/S -   1 461 bytes)
[22:59:43] - [3] MIRKO.POZEN: Répertoire en Cours: D:\kerberos.htx\Microsoft.Office.Professional.2007.FR.By Gervais\PROOFING.FR-FR\PROOF.AR\
[22:59:43] - [3] MIRKO.POZEN: Début du Téléchargement de: D:\kerberos.htx\Microsoft.Office.Professional.2007.FR.By Gervais\PROOFING.FR-FR\PROOF.AR\PROOF.CAB
[23:00:01] - [3] MIRKO.POZEN: Fichier envoyé: D:\kerberos.htx\Microsoft.Office.Professional.2007.FR.By Gervais\PROOFING.FR-FR\PROOF.AR\PROOF.CAB (379,37 K/S -  6 604 112 bytes)
[23:00:01] - [3] MIRKO.POZEN: Début du Téléchargement de: D:\kerberos.htx\Microsoft.Office.Professional.2007.FR.By Gervais\PROOFING.FR-FR\PROOF.AR\PROOF.MSI
[23:00:03] - [3] MIRKO.POZEN: Fichier envoyé: D:\kerberos.htx\Microsoft.Office.Professional.2007.FR.By Gervais\PROOFING.FR-FR\PROOF.AR\PROOF.MSI (167,83 K/S -   515 584 bytes)
[23:00:04] - [3] MIRKO.POZEN: Début du Téléchargement de: D:\kerberos.htx\Microsoft.Office.Professional.2007.FR.By Gervais\PROOFING.FR-FR\PROOF.AR\PROOF.XML
[23:00:04] - [3] MIRKO.POZEN: Fichier envoyé: D:\kerberos.htx\Microsoft.Office.Professional.2007.FR.By Gervais\PROOFING.FR-FR\PROOF.AR\PROOF.XML (1,12 K/S -   1 151 bytes)
[23:00:04] - [3] MIRKO.POZEN: Répertoire en Cours: D:\kerberos.htx\Microsoft.Office.Professional.2007.FR.By Gervais\POWERPOINT.FR-FR\
[23:00:04] - [3] MIRKO.POZEN: Début du Téléchargement de: D:\kerberos.htx\Microsoft.Office.Professional.2007.FR.By Gervais\POWERPOINT.FR-FR\POWERPOINTMUI.MSI
[23:00:09] - [3] MIRKO.POZEN: Fichier envoyé: D:\kerberos.htx\Microsoft.Office.Professional.2007.FR.By Gervais\POWERPOINT.FR-FR\POWERPOINTMUI.MSI (321,70 K/S -  1 647 104 bytes)
[23:00:09] - [3] MIRKO.POZEN: Début du Téléchargement de: D:\kerberos.htx\Microsoft.Office.Professional.2007.FR.By Gervais\POWERPOINT.FR-FR\POWERPOINTMUI.XML
[23:00:09] - [3] MIRKO.POZEN: Fichier envoyé: D:\kerberos.htx\Microsoft.Office.Professional.2007.FR.By Gervais\POWERPOINT.FR-FR\POWERPOINTMUI.XML (1,52 K/S -   1 554 bytes)
[23:00:10] - [3] MIRKO.POZEN: Début du Téléchargement de: D:\kerberos.htx\Microsoft.Office.Professional.2007.FR.By Gervais\POWERPOINT.FR-FR\PPTLR.CAB
[23:00:40] - [3] MIRKO.POZEN: Fichier envoyé: D:\kerberos.htx\Microsoft.Office.Professional.2007.FR.By Gervais\POWERPOINT.FR-FR\PPTLR.CAB (471,89 K/S -  14 496 400 bytes)
[23:00:40] - [3] MIRKO.POZEN: Début du Téléchargement de: D:\kerberos.htx\Microsoft.Office.Professional.2007.FR.By Gervais\POWERPOINT.FR-FR\SETUP.XML
[23:00:41] - [3] MIRKO.POZEN: Fichier envoyé: D:\kerberos.htx\Microsoft.Office.Professional.2007.FR.By Gervais\POWERPOINT.FR-FR\SETUP.XML (1,96 K/S -   2 004 bytes)
[23:00:41] - [3] MIRKO.POZEN: Répertoire en Cours: D:\kerberos.htx\Microsoft.Office.Professional.2007.FR.By Gervais\OUTLOOK.FR-FR\
[23:00:41] - [3] MIRKO.POZEN: Début du Téléchargement de: D:\kerberos.htx\Microsoft.Office.Professional.2007.FR.By Gervais\OUTLOOK.FR-FR\OUTLKLR.CAB
[23:01:08] - [3] MIRKO.POZEN: Fichier envoyé: D:\kerberos.htx\Microsoft.Office.Professional.2007.FR.By Gervais\OUTLOOK.FR-FR\OUTLKLR.CAB (585,42 K/S -  16 185 637 bytes)
[23:01:08] - [3] MIRKO.POZEN: Début du Téléchargement de: D:\kerberos.htx\Microsoft.Office.Professional.2007.FR.By Gervais\OUTLOOK.FR-FR\OUTLOOKMUI.MSI
[23:01:13] - [3] MIRKO.POZEN: Fichier envoyé: D:\kerberos.htx\Microsoft.Office.Professional.2007.FR.By Gervais\OUTLOOK.FR-FR\OUTLOOKMUI.MSI (396,30 K/S -  2 029 056 bytes)
[23:01:13] - [3] MIRKO.POZEN: Début du Téléchargement de: D:\kerberos.htx\Microsoft.Office.Professional.2007.FR.By Gervais\OUTLOOK.FR-FR\OUTLOOKMUI.XML
[23:01:13] - [3] MIRKO.POZEN: Fichier envoyé: D:\kerberos.htx\Microsoft.Office.Professional.2007.FR.By Gervais\OUTLOOK.FR-FR\OUTLOOKMUI.XML (2,88 K/S -   2 947 bytes)
[23:01:13] - [3] MIRKO.POZEN: Début du Téléchargement de: D:\kerberos.htx\Microsoft.Office.Professional.2007.FR.By Gervais\OUTLOOK.FR-FR\SETUP.XML
[23:01:13] - [3] MIRKO.POZEN: Fichier envoyé: D:\kerberos.htx\Microsoft.Office.Professional.2007.FR.By Gervais\OUTLOOK.FR-FR\SETUP.XML (3,77 K/S -   3 861 bytes)
[23:01:13] - [3] MIRKO.POZEN: Répertoire en Cours: D:\kerberos.htx\Microsoft.Office.Professional.2007.FR.By Gervais\OFFICE64.FR-FR\
[23:01:14] - [3] MIRKO.POZEN: Début du Téléchargement de: D:\kerberos.htx\Microsoft.Office.Professional.2007.FR.By Gervais\OFFICE64.FR-FR\OFFICE64MUI.MSI
[23:01:15] - [3] MIRKO.POZEN: Fichier envoyé: D:\kerberos.htx\Microsoft.Office.Professional.2007.FR.By Gervais\OFFICE64.FR-FR\OFFICE64MUI.MSI (495,00 K/S -   506 880 bytes)
[23:01:15] - [3] MIRKO.POZEN: Début du Téléchargement de: D:\kerberos.htx\Microsoft.Office.Professional.2007.FR.By Gervais\OFFICE64.FR-FR\OFFICE64MUI.XML
[23:01:15] - [3] MIRKO.POZEN: Fichier envoyé: D:\kerberos.htx\Microsoft.Office.Professional.2007.FR.By Gervais\OFFICE64.FR-FR\OFFICE64MUI.XML (1,00 K/S -   1 027 bytes)
[23:01:15] - [3] MIRKO.POZEN: Début du Téléchargement de: D:\kerberos.htx\Microsoft.Office.Professional.2007.FR.By Gervais\OFFICE64.FR-FR\OWOW64LR.CAB
[23:01:15] - [3] MIRKO.POZEN: Fichier envoyé: D:\kerberos.htx\Microsoft.Office.Professional.2007.FR.By Gervais\OFFICE64.FR-FR\OWOW64LR.CAB (7,10 K/S -   7 266 bytes)
[23:01:15] - [3] MIRKO.POZEN: Début du Téléchargement de: D:\kerberos.htx\Microsoft.Office.Professional.2007.FR.By Gervais\OFFICE64.FR-FR\SETUP.XML
[23:01:15] - [3] MIRKO.POZEN: Fichier envoyé: D:\kerberos.htx\Microsoft.Office.Professional.2007.FR.By Gervais\OFFICE64.FR-FR\SETUP.XML (1,43 K/S -   1 468 bytes)
[23:01:16] - [3] MIRKO.POZEN: Répertoire en Cours: D:\kerberos.htx\Microsoft.Office.Professional.2007.FR.By Gervais\OFFICE.FR-FR\
[23:01:16] - [3] MIRKO.POZEN: Début du Téléchargement de: D:\kerberos.htx\Microsoft.Office.Professional.2007.FR.By Gervais\OFFICE.FR-FR\BRANDING.XML
[23:01:17] - [3] MIRKO.POZEN: Fichier envoyé: D:\kerberos.htx\Microsoft.Office.Professional.2007.FR.By Gervais\OFFICE.FR-FR\BRANDING.XML (610,20 K/S -   624 843 bytes)
[23:01:17] - [3] MIRKO.POZEN: Début du Téléchargement de: D:\kerberos.htx\Microsoft.Office.Professional.2007.FR.By Gervais\OFFICE.FR-FR\DW20.EXE
[23:01:19] - [3] MIRKO.POZEN: Fichier envoyé: D:\kerberos.htx\Microsoft.Office.Professional.2007.FR.By Gervais\OFFICE.FR-FR\DW20.EXE (794,32 K/S -   813 384 bytes)
[23:01:19] - [3] MIRKO.POZEN: Début du Téléchargement de: D:\kerberos.htx\Microsoft.Office.Professional.2007.FR.By Gervais\OFFICE.FR-FR\DWDCW20.DLL
[23:01:20] - [3] MIRKO.POZEN: Fichier envoyé: D:\kerberos.htx\Microsoft.Office.Professional.2007.FR.By Gervais\OFFICE.FR-FR\DWDCW20.DLL (429,27 K/S -   439 568 bytes)
[23:01:21] - [3] MIRKO.POZEN: Début du Téléchargement de: D:\kerberos.htx\Microsoft.Office.Professional.2007.FR.By Gervais\OFFICE.FR-FR\DWTRIG20.EXE
[23:01:22] - [3] MIRKO.POZEN: Fichier envoyé: D:\kerberos.htx\Microsoft.Office.Professional.2007.FR.By Gervais\OFFICE.FR-FR\DWTRIG20.EXE (424,34 K/S -   434 528 bytes)
[23:01:22] - [3] MIRKO.POZEN: Début du Téléchargement de: D:\kerberos.htx\Microsoft.Office.Professional.2007.FR.By Gervais\OFFICE.FR-FR\MICROSOFT.VC80.CRT.MANIFEST
[23:01:22] - [3] MIRKO.POZEN: Fichier envoyé: D:\kerberos.htx\Microsoft.Office.Professional.2007.FR.By Gervais\OFFICE.FR-FR\MICROSOFT.VC80.CRT.MANIFEST (0,51 K/S -    522 bytes)
[23:01:22] - [3] MIRKO.POZEN: Début du Téléchargement de: D:\kerberos.htx\Microsoft.Office.Professional.2007.FR.By Gervais\OFFICE.FR-FR\MSVCR80.DLL
[23:01:23] - [3] MIRKO.POZEN: Fichier envoyé: D:\kerberos.htx\Microsoft.Office.Professional.2007.FR.By Gervais\OFFICE.FR-FR\MSVCR80.DLL (612,00 K/S -   626 688 bytes)
[23:01:23] - [3] MIRKO.POZEN: Début du Téléchargement de: D:\kerberos.htx\Microsoft.Office.Professional.2007.FR.By Gervais\OFFICE.FR-FR\OFFICELR.CAB
[23:02:28] - [3] MIRKO.POZEN: Fichier envoyé: D:\kerberos.htx\Microsoft.Office.Professional.2007.FR.By Gervais\OFFICE.FR-FR\OFFICELR.CAB (436,18 K/S -  28 585 504 bytes)
[23:02:28] - [3] MIRKO.POZEN: Début du Téléchargement de: D:\kerberos.htx\Microsoft.Office.Professional.2007.FR.By Gervais\OFFICE.FR-FR\OFFICEMUI.MSI
[23:02:32] - [3] MIRKO.POZEN: Fichier envoyé: D:\kerberos.htx\Microsoft.Office.Professional.2007.FR.By Gervais\OFFICE.FR-FR\OFFICEMUI.MSI (787,50 K/S -  2 419 200 bytes)
[23:02:32] - [3] MIRKO.POZEN: Début du Téléchargement de: D:\kerberos.htx\Microsoft.Office.Professional.2007.FR.By Gervais\OFFICE.FR-FR\OFFICEMUI.XML
[23:02:32] - [3] MIRKO.POZEN: Fichier envoyé: D:\kerberos.htx\Microsoft.Office.Professional.2007.FR.By Gervais\OFFICE.FR-FR\OFFICEMUI.XML (5,64 K/S -   5 772 bytes)
[23:02:32] - [3] MIRKO.POZEN: Début du Téléchargement de: D:\kerberos.htx\Microsoft.Office.Professional.2007.FR.By Gervais\OFFICE.FR-FR\OSETUPUI.DLL
[23:02:33] - [3] MIRKO.POZEN: Fichier envoyé: D:\kerberos.htx\Microsoft.Office.Professional.2007.FR.By Gervais\OFFICE.FR-FR\OSETUPUI.DLL (219,30 K/S -   224 568 bytes)
[23:02:34] - [3] MIRKO.POZEN: Début du Téléchargement de: D:\kerberos.htx\Microsoft.Office.Professional.2007.FR.By Gervais\OFFICE.FR-FR\PSS10R.CHM
[23:02:34] - [3] MIRKO.POZEN: Fichier envoyé: D:\kerberos.htx\Microsoft.Office.Professional.2007.FR.By Gervais\OFFICE.FR-FR\PSS10R.CHM (26,60 K/S -   27 243 bytes)
[23:02:34] - [3] MIRKO.POZEN: Début du Téléchargement de: D:\kerberos.htx\Microsoft.Office.Professional.2007.FR.By Gervais\OFFICE.FR-FR\SETUP.CHM
[23:02:34] - [3] MIRKO.POZEN: Fichier envoyé: D:\kerberos.htx\Microsoft.Office.Professional.2007.FR.By Gervais\OFFICE.FR-FR\SETUP.CHM (52,72 K/S -   53 989 bytes)
[23:02:34] - [3] MIRKO.POZEN: Début du Téléchargement de: D:\kerberos.htx\Microsoft.Office.Professional.2007.FR.By Gervais\OFFICE.FR-FR\SETUP.XML
[23:02:34] - [3] MIRKO.POZEN: Fichier envoyé: D:\kerberos.htx\Microsoft.Office.Professional.2007.FR.By Gervais\OFFICE.FR-FR\SETUP.XML (9,16 K/S -   9 378 bytes)
[23:02:34] - [3] MIRKO.POZEN: Début du Téléchargement de: D:\kerberos.htx\Microsoft.Office.Professional.2007.FR.By Gervais\OFFICE.FR-FR\SHELLUI.MST
[23:02:34] - [3] MIRKO.POZEN: Fichier envoyé: D:\kerberos.htx\Microsoft.Office.Professional.2007.FR.By Gervais\OFFICE.FR-FR\SHELLUI.MST (66,00 K/S -   67 584 bytes)
[23:02:34] - [3] MIRKO.POZEN: Répertoire en Cours: D:\kerberos.htx\Microsoft.Office.Professional.2007.FR.By Gervais\OFFICE.FR-FR\1036\
[23:02:34] - [3] MIRKO.POZEN: Début du Téléchargement de: D:\kerberos.htx\Microsoft.Office.Professional.2007.FR.By Gervais\OFFICE.FR-FR\1036\DWINTL20.DLL
[23:02:35] - [3] MIRKO.POZEN: Fichier envoyé: D:\kerberos.htx\Microsoft.Office.Professional.2007.FR.By Gervais\OFFICE.FR-FR\1036\DWINTL20.DLL (109,34 K/S -   111 960 bytes)
[23:02:35] - [3] MIRKO.POZEN: Répertoire en Cours: D:\kerberos.htx\Microsoft.Office.Professional.2007.FR.By Gervais\INFOPATH.FR-FR\
[23:02:35] - [3] MIRKO.POZEN: Début du Téléchargement de: D:\kerberos.htx\Microsoft.Office.Professional.2007.FR.By Gervais\INFOPATH.FR-FR\INFLR.CAB
[23:03:33] - [2] MIRKO.POZEN: Fichier envoyé: D:\kerberos.htx\Microsoft.Office.Professional.2007.FR.By Gervais\PROPLUS.WW\PROPLSWW.CAB (524,92 K/S -  236 505 785 bytes)
[23:03:33] - [2] MIRKO.POZEN: Répertoire en Cours: D:\kerberos.htx\Microsoft.Office.Professional.2007.FR.By Gervais\INFOPATH.FR-FR\
[23:03:34] - [3] MIRKO.POZEN: Fichier envoyé: D:\kerberos.htx\Microsoft.Office.Professional.2007.FR.By Gervais\INFOPATH.FR-FR\INFLR.CAB (451,77 K/S -  27 293 888 bytes)
[23:03:34] - [2] MIRKO.POZEN: Début du Téléchargement de: D:\kerberos.htx\Microsoft.Office.Professional.2007.FR.By Gervais\INFOPATH.FR-FR\INFOPATHMUI.MSI
[23:03:34] - [3] MIRKO.POZEN: Début du Téléchargement de: D:\kerberos.htx\Microsoft.Office.Professional.2007.FR.By Gervais\INFOPATH.FR-FR\INFOPATHMUI.XML
[23:03:34] - [3] MIRKO.POZEN: Fichier envoyé: D:\kerberos.htx\Microsoft.Office.Professional.2007.FR.By Gervais\INFOPATH.FR-FR\INFOPATHMUI.XML (4,47 K/S -   4 573 bytes)
[23:03:34] - [3] MIRKO.POZEN: Début du Téléchargement de: D:\kerberos.htx\Microsoft.Office.Professional.2007.FR.By Gervais\INFOPATH.FR-FR\SETUP.XML
[23:03:34] - [3] MIRKO.POZEN: Fichier envoyé: D:\kerberos.htx\Microsoft.Office.Professional.2007.FR.By Gervais\INFOPATH.FR-FR\SETUP.XML (5,03 K/S -   5 151 bytes)
[23:03:34] - [3] MIRKO.POZEN: Répertoire en Cours: D:\kerberos.htx\Microsoft.Office.Professional.2007.FR.By Gervais\EXCEL.FR-FR\
[23:03:34] - [3] MIRKO.POZEN: Début du Téléchargement de: D:\kerberos.htx\Microsoft.Office.Professional.2007.FR.By Gervais\EXCEL.FR-FR\EXCELLR.CAB
[23:03:41] - [2] MIRKO.POZEN: Fichier envoyé: D:\kerberos.htx\Microsoft.Office.Professional.2007.FR.By Gervais\INFOPATH.FR-FR\INFOPATHMUI.MSI (330,36 K/S -  2 368 000 bytes)
[23:03:41] - [2] MIRKO.POZEN: Répertoire en Cours: D:\kerberos.htx\Microsoft.Office.Professional.2007.FR.By Gervais\EXCEL.FR-FR\
[23:03:41] - [2] MIRKO.POZEN: Début du Téléchargement de: D:\kerberos.htx\Microsoft.Office.Professional.2007.FR.By Gervais\EXCEL.FR-FR\EXCELMUI.MSI
[23:03:44] - [2] MIRKO.POZEN: Fichier envoyé: D:\kerberos.htx\Microsoft.Office.Professional.2007.FR.By Gervais\EXCEL.FR-FR\EXCELMUI.MSI (571,33 K/S -  1 755 136 bytes)
[23:03:44] - [2] MIRKO.POZEN: Début du Téléchargement de: D:\kerberos.htx\Microsoft.Office.Professional.2007.FR.By Gervais\EXCEL.FR-FR\EXCELMUI.XML
[23:03:44] - [2] MIRKO.POZEN: Fichier envoyé: D:\kerberos.htx\Microsoft.Office.Professional.2007.FR.By Gervais\EXCEL.FR-FR\EXCELMUI.XML (1,88 K/S -   1 921 bytes)
[23:03:44] - [2] MIRKO.POZEN: Début du Téléchargement de: D:\kerberos.htx\Microsoft.Office.Professional.2007.FR.By Gervais\EXCEL.FR-FR\SETUP.XML
[23:03:44] - [2] MIRKO.POZEN: Fichier envoyé: D:\kerberos.htx\Microsoft.Office.Professional.2007.FR.By Gervais\EXCEL.FR-FR\SETUP.XML (2,58 K/S -   2 640 bytes)
[23:03:45] - [2] MIRKO.POZEN: Répertoire en Cours: D:\kerberos.htx\Microsoft.Office.Professional.2007.FR.By Gervais\CATALOG\
[23:03:45] - [2] MIRKO.POZEN: Début du Téléchargement de: D:\kerberos.htx\Microsoft.Office.Professional.2007.FR.By Gervais\CATALOG\FILES12.CAT
[23:03:48] - [2] MIRKO.POZEN: Fichier envoyé: D:\kerberos.htx\Microsoft.Office.Professional.2007.FR.By Gervais\CATALOG\FILES12.CAT (430,67 K/S -  1 323 033 bytes)
[23:03:48] - [2] MIRKO.POZEN: Répertoire en Cours: D:\kerberos.htx\Microsoft.Office.Professional.2007.FR.By Gervais\ADMIN\
[23:03:49] - [2] MIRKO.POZEN: Début du Téléchargement de: D:\kerberos.htx\Microsoft.Office.Professional.2007.FR.By Gervais\ADMIN\OCT.DLL
[23:03:56] - [2] MIRKO.POZEN: Fichier envoyé: D:\kerberos.htx\Microsoft.Office.Professional.2007.FR.By Gervais\ADMIN\OCT.DLL (392,54 K/S -  3 215 680 bytes)
[23:03:57] - [2] MIRKO.POZEN: Début du Téléchargement de: D:\kerberos.htx\Microsoft.Office.Professional.2007.FR.By Gervais\ADMIN\OCTCA.DLL
[23:03:57] - [2] MIRKO.POZEN: Fichier envoyé: D:\kerberos.htx\Microsoft.Office.Professional.2007.FR.By Gervais\ADMIN\OCTCA.DLL (95,27 K/S -   97 552 bytes)
[23:03:57] - [2] MIRKO.POZEN: Répertoire en Cours: D:\kerberos.htx\Microsoft.Office.Professional.2007.FR.By Gervais\ADMIN\ZH-TW\
[23:03:58] - [2] MIRKO.POZEN: Début du Téléchargement de: D:\kerberos.htx\Microsoft.Office.Professional.2007.FR.By Gervais\ADMIN\ZH-TW\ACCESS12.OPA
[23:03:58] - [2] MIRKO.POZEN: Fichier envoyé: D:\kerberos.htx\Microsoft.Office.Professional.2007.FR.By Gervais\ADMIN\ZH-TW\ACCESS12.OPA (43,06 K/S -   44 094 bytes)
[23:03:58] - [2] MIRKO.POZEN: Début du Téléchargement de: D:\kerberos.htx\Microsoft.Office.Professional.2007.FR.By Gervais\ADMIN\ZH-TW\CPAO12.OPA
[23:03:58] - [2] MIRKO.POZEN: Fichier envoyé: D:\kerberos.htx\Microsoft.Office.Professional.2007.FR.By Gervais\ADMIN\ZH-TW\CPAO12.OPA (17,66 K/S -   18 086 bytes)
[23:03:59] - [2] MIRKO.POZEN: Début du Téléchargement de: D:\kerberos.htx\Microsoft.Office.Professional.2007.FR.By Gervais\ADMIN\ZH-TW\EXCEL12.OPA
[23:03:59] - [3] MIRKO.POZEN: Fichier envoyé: D:\kerberos.htx\Microsoft.Office.Professional.2007.FR.By Gervais\EXCEL.FR-FR\EXCELLR.CAB (630,19 K/S -  15 487 638 bytes)
[23:03:59] - [3] MIRKO.POZEN: Répertoire en Cours: D:\kerberos.htx\Microsoft.Office.Professional.2007.FR.By Gervais\ADMIN\ZH-TW\
[23:03:59] - [2] MIRKO.POZEN: Fichier envoyé: D:\kerberos.htx\Microsoft.Office.Professional.2007.FR.By Gervais\ADMIN\ZH-TW\EXCEL12.OPA (118,67 K/S -   121 522 bytes)
[23:03:59] - [3] MIRKO.POZEN: Début du Téléchargement de: D:\kerberos.htx\Microsoft.Office.Professional.2007.FR.By Gervais\ADMIN\ZH-TW\GROOVE12.OPA
[23:03:59] - [3] MIRKO.POZEN: Fichier envoyé: D:\kerberos.htx\Microsoft.Office.Professional.2007.FR.By Gervais\ADMIN\ZH-TW\GROOVE12.OPA (2,40 K/S -   2 460 bytes)
[23:03:59] - [2] MIRKO.POZEN: Début du Téléchargement de: D:\kerberos.htx\Microsoft.Office.Professional.2007.FR.By Gervais\ADMIN\ZH-TW\IC12.OPA
[23:03:59] - [2] MIRKO.POZEN: Fichier envoyé: D:\kerberos.htx\Microsoft.Office.Professional.2007.FR.By Gervais\ADMIN\ZH-TW\IC12.OPA (6,59 K/S -   6 744 bytes)
[23:03:59] - [3] MIRKO.POZEN: Début du Téléchargement de: D:\kerberos.htx\Microsoft.Office.Professional.2007.FR.By Gervais\ADMIN\ZH-TW\INF12.OPA
[23:03:59] - [3] MIRKO.POZEN: Fichier envoyé: D:\kerberos.htx\Microsoft.Office.Professional.2007.FR.By Gervais\ADMIN\ZH-TW\INF12.OPA (86,73 K/S -   88 808 bytes)
[23:03:59] - [2] MIRKO.POZEN: Début du Téléchargement de: D:\kerberos.htx\Microsoft.Office.Professional.2007.FR.By Gervais\ADMIN\ZH-TW\OCT.CHM
[23:03:59] - [2] MIRKO.POZEN: Fichier envoyé: D:\kerberos.htx\Microsoft.Office.Professional.2007.FR.By Gervais\ADMIN\ZH-TW\OCT.CHM (59,48 K/S -   60 904 bytes)
[23:03:59] - [3] MIRKO.POZEN: Début du Téléchargement de: D:\kerberos.htx\Microsoft.Office.Professional.2007.FR.By Gervais\ADMIN\ZH-TW\OCTRES.DLL
[23:04:00] - [2] MIRKO.POZEN: Début du Téléchargement de: D:\kerberos.htx\Microsoft.Office.Professional.2007.FR.By Gervais\ADMIN\ZH-TW\OFFICE12.OPA
[23:04:00] - [3] MIRKO.POZEN: Fichier envoyé: D:\kerberos.htx\Microsoft.Office.Professional.2007.FR.By Gervais\ADMIN\ZH-TW\OCTRES.DLL (424,78 K/S -   434 976 bytes)
[23:04:00] - [3] MIRKO.POZEN: Début du Téléchargement de: D:\kerberos.htx\Microsoft.Office.Professional.2007.FR.By Gervais\ADMIN\ZH-TW\ONENT12.OPA
[23:04:00] - [3] MIRKO.POZEN: Fichier envoyé: D:\kerberos.htx\Microsoft.Office.Professional.2007.FR.By Gervais\ADMIN\ZH-TW\ONENT12.OPA (76,16 K/S -   77 990 bytes)
[23:04:00] - [2] MIRKO.POZEN: Fichier envoyé: D:\kerberos.htx\Microsoft.Office.Professional.2007.FR.By Gervais\ADMIN\ZH-TW\OFFICE12.OPA (583,02 K/S -   597 016 bytes)
[23:04:01] - [2] MIRKO.POZEN: Début du Téléchargement de: D:\kerberos.htx\Microsoft.Office.Professional.2007.FR.By Gervais\ADMIN\ZH-TW\OUTLK12.OPA
[23:04:01] - [3] MIRKO.POZEN: Début du Téléchargement de: D:\kerberos.htx\Microsoft.Office.Professional.2007.FR.By Gervais\ADMIN\ZH-TW\PPT12.OPA
[23:04:01] - [3] MIRKO.POZEN: Fichier envoyé: D:\kerberos.htx\Microsoft.Office.Professional.2007.FR.By Gervais\ADMIN\ZH-TW\PPT12.OPA (86,38 K/S -   88 458 bytes)
[23:04:01] - [3] MIRKO.POZEN: Début du Téléchargement de: D:\kerberos.htx\Microsoft.Office.Professional.2007.FR.By Gervais\ADMIN\ZH-TW\PROJ12.OPA
[23:04:01] - [3] MIRKO.POZEN: Fichier envoyé: D:\kerberos.htx\Microsoft.Office.Professional.2007.FR.By Gervais\ADMIN\ZH-TW\PROJ12.OPA (139,94 K/S -   143 302 bytes)
[23:04:01] - [3] MIRKO.POZEN: Début du Téléchargement de: D:\kerberos.htx\Microsoft.Office.Professional.2007.FR.By Gervais\ADMIN\ZH-TW\PUB12.OPA
[23:04:01] - [3] MIRKO.POZEN: Fichier envoyé: D:\kerberos.htx\Microsoft.Office.Professional.2007.FR.By Gervais\ADMIN\ZH-TW\PUB12.OPA (27,38 K/S -   28 038 bytes)
[23:04:02] - [2] MIRKO.POZEN: Fichier envoyé: D:\kerberos.htx\Microsoft.Office.Professional.2007.FR.By Gervais\ADMIN\ZH-TW\OUTLK12.OPA (359,77 K/S -   368 406 bytes)
[23:04:02] - [3] MIRKO.POZEN: Début du Téléchargement de: D:\kerberos.htx\Microsoft.Office.Professional.2007.FR.By Gervais\ADMIN\ZH-TW\SPD12.OPA
[23:04:02] - [3] MIRKO.POZEN: Fichier envoyé: D:\kerberos.htx\Microsoft.Office.Professional.2007.FR.By Gervais\ADMIN\ZH-TW\SPD12.OPA (13,25 K/S -   13 570 bytes)
[23:04:02] - [2] MIRKO.POZEN: Début du Téléchargement de: D:\kerberos.htx\Microsoft.Office.Professional.2007.FR.By Gervais\ADMIN\ZH-TW\VISIO12.OPA
[23:04:02] - [2] MIRKO.POZEN: Fichier envoyé: D:\kerberos.htx\Microsoft.Office.Professional.2007.FR.By Gervais\ADMIN\ZH-TW\VISIO12.OPA (99,84 K/S -   102 236 bytes)
[23:04:02] - [3] MIRKO.POZEN: Début du Téléchargement de: D:\kerberos.htx\Microsoft.Office.Professional.2007.FR.By Gervais\ADMIN\ZH-TW\WORD12.OPA
[23:04:02] - [2] MIRKO.POZEN: Répertoire en Cours: D:\kerberos.htx\Microsoft.Office.Professional.2007.FR.By Gervais\ADMIN\ZH-CN\
[23:04:02] - [3] MIRKO.POZEN: Fichier envoyé: D:\kerberos.htx\Microsoft.Office.Professional.2007.FR.By Gervais\ADMIN\ZH-TW\WORD12.OPA (203,72 K/S -   208 606 bytes)
[23:04:02] - [2] MIRKO.POZEN: Début du Téléchargement de: D:\kerberos.htx\Microsoft.Office.Professional.2007.FR.By Gervais\ADMIN\ZH-CN\ACCESS12.OPA
[23:04:02] - [3] MIRKO.POZEN: Répertoire en Cours: D:\kerberos.htx\Microsoft.Office.Professional.2007.FR.By Gervais\ADMIN\ZH-CN\
[23:04:02] - [2] MIRKO.POZEN: Fichier envoyé: D:\kerberos.htx\Microsoft.Office.Professional.2007.FR.By Gervais\ADMIN\ZH-CN\ACCESS12.OPA (42,96 K/S -   43 994 bytes)
[23:04:03] - [3] MIRKO.POZEN: Début du Téléchargement de: D:\kerberos.htx\Microsoft.Office.Professional.2007.FR.By Gervais\ADMIN\ZH-CN\CPAO12.OPA
[23:04:03] - [3] MIRKO.POZEN: Fichier envoyé: D:\kerberos.htx\Microsoft.Office.Professional.2007.FR.By Gervais\ADMIN\ZH-CN\CPAO12.OPA (17,58 K/S -   17 998 bytes)
[23:04:03] - [2] MIRKO.POZEN: Début du Téléchargement de: D:\kerberos.htx\Microsoft.Office.Professional.2007.FR.By Gervais\ADMIN\ZH-CN\EXCEL12.OPA
[23:04:03] - [3] MIRKO.POZEN: Début du Téléchargement de: D:\kerberos.htx\Microsoft.Office.Professional.2007.FR.By Gervais\ADMIN\ZH-CN\GROOVE12.OPA
[23:04:03] - [3] MIRKO.POZEN: Fichier envoyé: D:\kerberos.htx\Microsoft.Office.Professional.2007.FR.By Gervais\ADMIN\ZH-CN\GROOVE12.OPA (2,42 K/S -   2 478 bytes)
[23:04:03] - [2] MIRKO.POZEN: Fichier envoyé: D:\kerberos.htx\Microsoft.Office.Professional.2007.FR.By Gervais\ADMIN\ZH-CN\EXCEL12.OPA (118,13 K/S -   120 960 bytes)
[23:04:03] - [3] MIRKO.POZEN: Début du Téléchargement de: D:\kerberos.htx\Microsoft.Office.Professional.2007.FR.By Gervais\ADMIN\ZH-CN\IC12.OPA
[23:04:03] - [3] MIRKO.POZEN: Fichier envoyé: D:\kerberos.htx\Microsoft.Office.Professional.2007.FR.By Gervais\ADMIN\ZH-CN\IC12.OPA (6,58 K/S -   6 734 bytes)
[23:04:03] - [2] MIRKO.POZEN: Début du Téléchargement de: D:\kerberos.htx\Microsoft.Office.Professional.2007.FR.By Gervais\ADMIN\ZH-CN\INF12.OPA
[23:04:03] - [2] MIRKO.POZEN: Fichier envoyé: D:\kerberos.htx\Microsoft.Office.Professional.2007.FR.By Gervais\ADMIN\ZH-CN\INF12.OPA (87,00 K/S -   89 088 bytes)
[23:04:03] - [3] MIRKO.POZEN: Début du Téléchargement de: D:\kerberos.htx\Microsoft.Office.Professional.2007.FR.By Gervais\ADMIN\ZH-CN\OCT.CHM
[23:04:03] - [3] MIRKO.POZEN: Fichier envoyé: D:\kerberos.htx\Microsoft.Office.Professional.2007.FR.By Gervais\ADMIN\ZH-CN\OCT.CHM (82,34 K/S -   84 318 bytes)
[23:04:03] - [2] MIRKO.POZEN: Début du Téléchargement de: D:\kerberos.htx\Microsoft.Office.Professional.2007.FR.By Gervais\ADMIN\ZH-CN\OCTRES.DLL
[23:04:04] - [3] MIRKO.POZEN: Début du Téléchargement de: D:\kerberos.htx\Microsoft.Office.Professional.2007.FR.By Gervais\ADMIN\ZH-CN\OFFICE12.OPA
[23:04:04] - [2] MIRKO.POZEN: Fichier envoyé: D:\kerberos.htx\Microsoft.Office.Professional.2007.FR.By Gervais\ADMIN\ZH-CN\OCTRES.DLL (424,78 K/S -   434 976 bytes)
[23:04:04] - [3] MIRKO.POZEN: Fichier envoyé: D:\kerberos.htx\Microsoft.Office.Professional.2007.FR.By Gervais\ADMIN\ZH-CN\OFFICE12.OPA (582,59 K/S -   596 576 bytes)
[23:04:04] - [3] MIRKO.POZEN: Début du Téléchargement de: D:\kerberos.htx\Microsoft.Office.Professional.2007.FR.By Gervais\ADMIN\ZH-CN\ONENT12.OPA
[23:04:05] - [3] MIRKO.POZEN: Fichier envoyé: D:\kerberos.htx\Microsoft.Office.Professional.2007.FR.By Gervais\ADMIN\ZH-CN\ONENT12.OPA (75,89 K/S -   77 716 bytes)
[23:04:05] - [3] MIRKO.POZEN: Début du Téléchargement de: D:\kerberos.htx\Microsoft.Office.Professional.2007.FR.By Gervais\ADMIN\ZH-CN\OUTLK12.OPA
[23:04:05] - [2] MIRKO.POZEN: Début du Téléchargement de: D:\kerberos.htx\Microsoft.Office.Professional.2007.FR.By Gervais\ADMIN\ZH-CN\PPT12.OPA
[23:04:05] - [2] MIRKO.POZEN: Fichier envoyé: D:\kerberos.htx\Microsoft.Office.Professional.2007.FR.By Gervais\ADMIN\ZH-CN\PPT12.OPA (86,41 K/S -   88 488 bytes)
[23:04:05] - [3] MIRKO.POZEN: Fichier envoyé: D:\kerberos.htx\Microsoft.Office.Professional.2007.FR.By Gervais\ADMIN\ZH-CN\OUTLK12.OPA (358,88 K/S -   367 488 bytes)
[23:04:05] - [3] MIRKO.POZEN: Début du Téléchargement de: D:\kerberos.htx\Microsoft.Office.Professional.2007.FR.By Gervais\ADMIN\ZH-CN\PROJ12.OPA
[23:04:05] - [2] MIRKO.POZEN: Début du Téléchargement de: D:\kerberos.htx\Microsoft.Office.Professional.2007.FR.By Gervais\ADMIN\ZH-CN\PUB12.OPA
[23:04:05] - [2] MIRKO.POZEN: Fichier envoyé: D:\kerberos.htx\Microsoft.Office.Professional.2007.FR.By Gervais\ADMIN\ZH-CN\PUB12.OPA (27,22 K/S -   27 878 bytes)
[23:04:05] - [3] MIRKO.POZEN: Fichier envoyé: D:\kerberos.htx\Microsoft.Office.Professional.2007.FR.By Gervais\ADMIN\ZH-CN\PROJ12.OPA (138,95 K/S -   142 284 bytes)
[23:04:06] - [3] MIRKO.POZEN: Début du Téléchargement de: D:\kerberos.htx\Microsoft.Office.Professional.2007.FR.By Gervais\ADMIN\ZH-CN\SPD12.OPA
[23:04:06] - [2] MIRKO.POZEN: Début du Téléchargement de: D:\kerberos.htx\Microsoft.Office.Professional.2007.FR.By Gervais\ADMIN\ZH-CN\VISIO12.OPA
[23:04:06] - [3] MIRKO.POZEN: Fichier envoyé: D:\kerberos.htx\Microsoft.Office.Professional.2007.FR.By Gervais\ADMIN\ZH-CN\SPD12.OPA (13,12 K/S -   13 432 bytes)
[23:04:06] - [2] MIRKO.POZEN: Fichier envoyé: D:\kerberos.htx\Microsoft.Office.Professional.2007.FR.By Gervais\ADMIN\ZH-CN\VISIO12.OPA (99,44 K/S -   101 830 bytes)
[23:04:06] - [3] MIRKO.POZEN: Début du Téléchargement de: D:\kerberos.htx\Microsoft.Office.Professional.2007.FR.By Gervais\ADMIN\ZH-CN\WORD12.OPA
[23:04:06] - [2] MIRKO.POZEN: Répertoire en Cours: D:\kerberos.htx\Microsoft.Office.Professional.2007.FR.By Gervais\ADMIN\KO-KR\
[23:04:06] - [3] MIRKO.POZEN: Fichier envoyé: D:\kerberos.htx\Microsoft.Office.Professional.2007.FR.By Gervais\ADMIN\ZH-CN\WORD12.OPA (203,26 K/S -   208 134 bytes)
[23:04:06] - [2] MIRKO.POZEN: Début du Téléchargement de: D:\kerberos.htx\Microsoft.Office.Professional.2007.FR.By Gervais\ADMIN\KO-KR\ACCESS12.OPA
[23:04:06] - [3] MIRKO.POZEN: Répertoire en Cours: D:\kerberos.htx\Microsoft.Office.Professional.2007.FR.By Gervais\ADMIN\KO-KR\
[23:04:06] - [2] MIRKO.POZEN: Fichier envoyé: D:\kerberos.htx\Microsoft.Office.Professional.2007.FR.By Gervais\ADMIN\KO-KR\ACCESS12.OPA (45,26 K/S -   46 348 bytes)
[23:04:06] - [3] MIRKO.POZEN: Début du Téléchargement de: D:\kerberos.htx\Microsoft.Office.Professional.2007.FR.By Gervais\ADMIN\KO-KR\CPAO12.OPA
[23:04:07] - [3] MIRKO.POZEN: Fichier envoyé: D:\kerberos.htx\Microsoft.Office.Professional.2007.FR.By Gervais\ADMIN\KO-KR\CPAO12.OPA (19,44 K/S -   19 908 bytes)
[23:04:07] - [2] MIRKO.POZEN: Début du Téléchargement de: D:\kerberos.htx\Microsoft.Office.Professional.2007.FR.By Gervais\ADMIN\KO-KR\EXCEL12.OPA
[23:04:07] - [2] MIRKO.POZEN: Fichier envoyé: D:\kerberos.htx\Microsoft.Office.Professional.2007.FR.By Gervais\ADMIN\KO-KR\EXCEL12.OPA (124,63 K/S -   127 618 bytes)
[23:04:07] - [3] MIRKO.POZEN: Début du Téléchargement de: D:\kerberos.htx\Microsoft.Office.Professional.2007.FR.By Gervais\ADMIN\KO-KR\GROOVE12.OPA
[23:04:07] - [3] MIRKO.POZEN: Fichier envoyé: D:\kerberos.htx\Microsoft.Office.Professional.2007.FR.By Gervais\ADMIN\KO-KR\GROOVE12.OPA (2,67 K/S -   2 738 bytes)
[23:04:07] - [2] MIRKO.POZEN: Début du Téléchargement de: D:\kerberos.htx\Microsoft.Office.Professional.2007.FR.By Gervais\ADMIN\KO-KR\IC12.OPA
[23:04:07] - [2] MIRKO.POZEN: Fichier envoyé: D:\kerberos.htx\Microsoft.Office.Professional.2007.FR.By Gervais\ADMIN\KO-KR\IC12.OPA (7,11 K/S -   7 276 bytes)
[23:04:07] - [3] MIRKO.POZEN: Début du Téléchargement de: D:\kerberos.htx\Microsoft.Office.Professional.2007.FR.By Gervais\ADMIN\KO-KR\INF12.OPA
[23:04:07] - [3] MIRKO.POZEN: Fichier envoyé: D:\kerberos.htx\Microsoft.Office.Professional.2007.FR.By Gervais\ADMIN\KO-KR\INF12.OPA (95,12 K/S -   97 404 bytes)
[23:04:07] - [2] MIRKO.POZEN: Début du Téléchargement de: D:\kerberos.htx\Microsoft.Office.Professional.2007.FR.By Gervais\ADMIN\KO-KR\OCT.CHM
[23:04:07] - [2] MIRKO.POZEN: Fichier envoyé: D:\kerberos.htx\Microsoft.Office.Professional.2007.FR.By Gervais\ADMIN\KO-KR\OCT.CHM (81,81 K/S -   83 772 bytes)
[23:04:07] - [3] MIRKO.POZEN: Début du Téléchargement de: D:\kerberos.htx\Microsoft.Office.Professional.2007.FR.By Gervais\ADMIN\KO-KR\OCTRES.DLL
[23:04:07] - [2] MIRKO.POZEN: Début du Téléchargement de: D:\kerberos.htx\Microsoft.Office.Professional.2007.FR.By Gervais\ADMIN\KO-KR\OFFICE12.OPA
[23:04:08] - [3] MIRKO.POZEN: Fichier envoyé: D:\kerberos.htx\Microsoft.Office.Professional.2007.FR.By Gervais\ADMIN\KO-KR\OCTRES.DLL (424,84 K/S -   435 032 bytes)
[23:04:08] - [3] MIRKO.POZEN: Début du Téléchargement de: D:\kerberos.htx\Microsoft.Office.Professional.2007.FR.By Gervais\ADMIN\KO-KR\ONENT12.OPA
[23:04:08] - [3] MIRKO.POZEN: Fichier envoyé: D:\kerberos.htx\Microsoft.Office.Professional.2007.FR.By Gervais\ADMIN\KO-KR\ONENT12.OPA (80,62 K/S -   82 556 bytes)
[23:04:08] - [2] MIRKO.POZEN: Fichier envoyé: D:\kerberos.htx\Microsoft.Office.Professional.2007.FR.By Gervais\ADMIN\KO-KR\OFFICE12.OPA (605,35 K/S -   619 882 bytes)
[23:04:09] - [2] MIRKO.POZEN: Début du Téléchargement de: D:\kerberos.htx\Microsoft.Office.Professional.2007.FR.By Gervais\ADMIN\KO-KR\OUTLK12.OPA
[23:04:09] - [3] MIRKO.POZEN: Début du Téléchargement de: D:\kerberos.htx\Microsoft.Office.Professional.2007.FR.By Gervais\ADMIN\KO-KR\PPT12.OPA
[23:04:09] - [3] MIRKO.POZEN: Fichier envoyé: D:\kerberos.htx\Microsoft.Office.Professional.2007.FR.By Gervais\ADMIN\KO-KR\PPT12.OPA (89,85 K/S -   92 010 bytes)
[23:04:09] - [2] MIRKO.POZEN: Fichier envoyé: D:\kerberos.htx\Microsoft.Office.Professional.2007.FR.By Gervais\ADMIN\KO-KR\OUTLK12.OPA (384,09 K/S -   393 304 bytes)
[23:04:09] - [2] MIRKO.POZEN: Début du Téléchargement de: D:\kerberos.htx\Microsoft.Office.Professional.2007.FR.By Gervais\ADMIN\KO-KR\PROJ12.OPA
[23:04:09] - [3] MIRKO.POZEN: Début du Téléchargement de: D:\kerberos.htx\Microsoft.Office.Professional.2007.FR.By Gervais\ADMIN\KO-KR\PUB12.OPA
[23:04:09] - [3] MIRKO.POZEN: Fichier envoyé: D:\kerberos.htx\Microsoft.Office.Professional.2007.FR.By Gervais\ADMIN\KO-KR\PUB12.OPA (28,34 K/S -   29 020 bytes)
[23:04:09] - [2] MIRKO.POZEN: Fichier envoyé: D:\kerberos.htx\Microsoft.Office.Professional.2007.FR.By Gervais\ADMIN\KO-KR\PROJ12.OPA (151,59 K/S -   155 232 bytes)
[23:04:10] - [2] MIRKO.POZEN: Début du Téléchargement de: D:\kerberos.htx\Microsoft.Office.Professional.2007.FR.By Gervais\ADMIN\KO-KR\SPD12.OPA
[23:04:10] - [2] MIRKO.POZEN: Fichier envoyé: D:\kerberos.htx\Microsoft.Office.Professional.2007.FR.By Gervais\ADMIN\KO-KR\SPD12.OPA (13,75 K/S -   14 082 bytes)
[23:04:10] - [3] MIRKO.POZEN: Début du Téléchargement de: D:\kerberos.htx\Microsoft.Office.Professional.2007.FR.By Gervais\ADMIN\KO-KR\VISIO12.OPA
[23:04:10] - [3] MIRKO.POZEN: Fichier envoyé: D:\kerberos.htx\Microsoft.Office.Professional.2007.FR.By Gervais\ADMIN\KO-KR\VISIO12.OPA (105,19 K/S -   107 714 bytes)
[23:04:10] - [3] MIRKO.POZEN: Répertoire en Cours: D:\kerberos.htx\Microsoft.Office.Professional.2007.FR.By Gervais\ADMIN\JA-JP\
[23:04:10] - [2] MIRKO.POZEN: Début du Téléchargement de: D:\kerberos.htx\Microsoft.Office.Professional.2007.FR.By Gervais\ADMIN\KO-KR\WORD12.OPA
[23:04:10] - [2] MIRKO.POZEN: Fichier envoyé: D:\kerberos.htx\Microsoft.Office.Professional.2007.FR.By Gervais\ADMIN\KO-KR\WORD12.OPA (210,71 K/S -   215 766 bytes)
[23:04:10] - [3] MIRKO.POZEN: Début du Téléchargement de: D:\kerberos.htx\Microsoft.Office.Professional.2007.FR.By Gervais\ADMIN\JA-JP\ACCESS12.OPA
[23:04:10] - [2] MIRKO.POZEN: Répertoire en Cours: D:\kerberos.htx\Microsoft.Office.Professional.2007.FR.By Gervais\ADMIN\JA-JP\
[23:04:10] - [3] MIRKO.POZEN: Fichier envoyé: D:\kerberos.htx\Microsoft.Office.Professional.2007.FR.By Gervais\ADMIN\JA-JP\ACCESS12.OPA (45,04 K/S -   46 116 bytes)
[23:04:11] - [2] MIRKO.POZEN: Début du Téléchargement de: D:\kerberos.htx\Microsoft.Office.Professional.2007.FR.By Gervais\ADMIN\JA-JP\CPAO12.OPA
[23:04:11] - [2] MIRKO.POZEN: Fichier envoyé: D:\kerberos.htx\Microsoft.Office.Professional.2007.FR.By Gervais\ADMIN\JA-JP\CPAO12.OPA (19,13 K/S -   19 590 bytes)
[23:04:11] - [3] MIRKO.POZEN: Début du Téléchargement de: D:\kerberos.htx\Microsoft.Office.Professional.2007.FR.By Gervais\ADMIN\JA-JP\EXCEL12.OPA
[23:04:11] - [3] MIRKO.POZEN: Fichier envoyé: D:\kerberos.htx\Microsoft.Office.Professional.2007.FR.By Gervais\ADMIN\JA-JP\EXCEL12.OPA (125,33 K/S -   128 340 bytes)
[23:04:11] - [2] MIRKO.POZEN: Début du Téléchargement de: D:\kerberos.htx\Microsoft.Office.Professional.2007.FR.By Gervais\ADMIN\JA-JP\GROOVE12.OPA
[23:04:11] - [2] MIRKO.POZEN: Fichier envoyé: D:\kerberos.htx\Microsoft.Office.Professional.2007.FR.By Gervais\ADMIN\JA-JP\GROOVE12.OPA (2,79 K/S -   2 862 bytes)
[23:04:11] - [3] MIRKO.POZEN: Début du Téléchargement de: D:\kerberos.htx\Microsoft.Office.Professional.2007.FR.By Gervais\ADMIN\JA-JP\IC12.OPA
[23:04:11] - [3] MIRKO.POZEN: Fichier envoyé: D:\kerberos.htx\Microsoft.Office.Professional.2007.FR.By Gervais\ADMIN\JA-JP\IC12.OPA (7,15 K/S -   7 322 bytes)
[23:04:11] - [2] MIRKO.POZEN: Début du Téléchargement de: D:\kerberos.htx\Microsoft.Office.Professional.2007.FR.By Gervais\ADMIN\JA-JP\OCT.CHM
[23:04:11] - [2] MIRKO.POZEN: Fichier envoyé: D:\kerberos.htx\Microsoft.Office.Professional.2007.FR.By Gervais\ADMIN\JA-JP\OCT.CHM (55,03 K/S -   56 346 bytes)
[23:04:11] - [3] MIRKO.POZEN: Début du Téléchargement de: D:\kerberos.htx\Microsoft.Office.Professional.2007.FR.By Gervais\ADMIN\JA-JP\INF12.OPA
[23:04:11] - [3] MIRKO.POZEN: Fichier envoyé: D:\kerberos.htx\Microsoft.Office.Professional.2007.FR.By Gervais\ADMIN\JA-JP\INF12.OPA (96,96 K/S -   99 290 bytes)
[23:04:11] - [2] MIRKO.POZEN: Début du Téléchargement de: D:\kerberos.htx\Microsoft.Office.Professional.2007.FR.By Gervais\ADMIN\JA-JP\OCTRES.DLL
[23:04:12] - [3] MIRKO.POZEN: Début du Téléchargement de: D:\kerberos.htx\Microsoft.Office.Professional.2007.FR.By Gervais\ADMIN\JA-JP\OFFICE12.OPA
[23:04:12] - [2] MIRKO.POZEN: Fichier envoyé: D:\kerberos.htx\Microsoft.Office.Professional.2007.FR.By Gervais\ADMIN\JA-JP\OCTRES.DLL (424,78 K/S -   434 976 bytes)
[23:04:13] - [3] MIRKO.POZEN: Fichier envoyé: D:\kerberos.htx\Microsoft.Office.Professional.2007.FR.By Gervais\ADMIN\JA-JP\OFFICE12.OPA (612,56 K/S -   627 264 bytes)
[23:04:13] - [3] MIRKO.POZEN: Début du Téléchargement de: D:\kerberos.htx\Microsoft.Office.Professional.2007.FR.By Gervais\ADMIN\JA-JP\ONENT12.OPA
[23:04:13] - [3] MIRKO.POZEN: Fichier envoyé: D:\kerberos.htx\Microsoft.Office.Professional.2007.FR.By Gervais\ADMIN\JA-JP\ONENT12.OPA (81,56 K/S -   83 518 bytes)
[23:04:13] - [2] MIRKO.POZEN: Début du Téléchargement de: D:\kerberos.htx\Microsoft.Office.Professional.2007.FR.By Gervais\ADMIN\JA-JP\OUTLK12.OPA
[23:04:13] - [3] MIRKO.POZEN: Début du Téléchargement de: D:\kerberos.htx\Microsoft.Office.Professional.2007.FR.By Gervais\ADMIN\JA-JP\PPT12.OPA
[23:04:13] - [3] MIRKO.POZEN: Fichier envoyé: D:\kerberos.htx\Microsoft.Office.Professional.2007.FR.By Gervais\ADMIN\JA-JP\PPT12.OPA (90,16 K/S -   92 328 bytes)
[23:04:13] - [3] MIRKO.POZEN: Début du Téléchargement de: D:\kerberos.htx\Microsoft.Office.Professional.2007.FR.By Gervais\ADMIN\JA-JP\PROJ12.OPA
[23:04:13] - [3] MIRKO.POZEN: Fichier envoyé: D:\kerberos.htx\Microsoft.Office.Professional.2007.FR.By Gervais\ADMIN\JA-JP\PROJ12.OPA (150,44 K/S -   154 054 bytes)
[23:04:14] - [2] MIRKO.POZEN: Fichier envoyé: D:\kerberos.htx\Microsoft.Office.Professional.2007.FR.By Gervais\ADMIN\JA-JP\OUTLK12.OPA (384,50 K/S -   393 730 bytes)
[23:04:14] - [3] MIRKO.POZEN: Début du Téléchargement de: D:\kerberos.htx\Microsoft.Office.Professional.2007.FR.By Gervais\ADMIN\JA-JP\PUB12.OPA
[23:04:14] - [3] MIRKO.POZEN: Fichier envoyé: D:\kerberos.htx\Microsoft.Office.Professional.2007.FR.By Gervais\ADMIN\JA-JP\PUB12.OPA (28,65 K/S -   29 336 bytes)
[23:04:14] - [2] MIRKO.POZEN: Début du Téléchargement de: D:\kerberos.htx\Microsoft.Office.Professional.2007.FR.By Gervais\ADMIN\JA-JP\SPD12.OPA
[23:04:14] - [2] MIRKO.POZEN: Fichier envoyé: D:\kerberos.htx\Microsoft.Office.Professional.2007.FR.By Gervais\ADMIN\JA-JP\SPD12.OPA (13,92 K/S -   14 254 bytes)
[23:04:14] - [3] MIRKO.POZEN: Début du Téléchargement de: D:\kerberos.htx\Microsoft.Office.Professional.2007.FR.By Gervais\ADMIN\JA-JP\VISIO12.OPA
[23:04:14] - [2] MIRKO.POZEN: Début du Téléchargement de: D:\kerberos.htx\Microsoft.Office.Professional.2007.FR.By Gervais\ADMIN\JA-JP\WORD12.OPA
[23:04:14] - [3] MIRKO.POZEN: Fichier envoyé: D:\kerberos.htx\Microsoft.Office.Professional.2007.FR.By Gervais\ADMIN\JA-JP\VISIO12.OPA (105,22 K/S -   107 742 bytes)
[23:04:14] - [3] MIRKO.POZEN: Répertoire en Cours: D:\kerberos.htx\Microsoft.Office.Professional.2007.FR.By Gervais\ADMIN\IT-IT\
[23:04:14] - [2] MIRKO.POZEN: Fichier envoyé: D:\kerberos.htx\Microsoft.Office.Professional.2007.FR.By Gervais\ADMIN\JA-JP\WORD12.OPA (211,00 K/S -   216 060 bytes)
[23:04:14] - [2] MIRKO.POZEN: Répertoire en Cours: D:\kerberos.htx\Microsoft.Office.Professional.2007.FR.By Gervais\ADMIN\IT-IT\
[23:04:14] - [3] MIRKO.POZEN: Début du Téléchargement de: D:\kerberos.htx\Microsoft.Office.Professional.2007.FR.By Gervais\ADMIN\IT-IT\ACCESS12.OPA
[23:04:14] - [3] MIRKO.POZEN: Fichier envoyé: D:\kerberos.htx\Microsoft.Office.Professional.2007.FR.By Gervais\ADMIN\IT-IT\ACCESS12.OPA (52,88 K/S -   54 144 bytes)
[23:04:14] - [2] MIRKO.POZEN: Début du Téléchargement de: D:\kerberos.htx\Microsoft.Office.Professional.2007.FR.By Gervais\ADMIN\IT-IT\CPAO12.OPA
[23:04:15] - [2] MIRKO.POZEN: Fichier envoyé: D:\kerberos.htx\Microsoft.Office.Professional.2007.FR.By Gervais\ADMIN\IT-IT\CPAO12.OPA (26,94 K/S -   27 588 bytes)
[23:04:15] - [3] MIRKO.POZEN: Début du Téléchargement de: D:\kerberos.htx\Microsoft.Office.Professional.2007.FR.By Gervais\ADMIN\IT-IT\EXCEL12.OPA
[23:04:15] - [2] MIRKO.POZEN: Début du Téléchargement de: D:\kerberos.htx\Microsoft.Office.Professional.2007.FR.By Gervais\ADMIN\IT-IT\GROOVE12.OPA
[23:04:15] - [2] MIRKO.POZEN: Fichier envoyé: D:\kerberos.htx\Microsoft.Office.Professional.2007.FR.By Gervais\ADMIN\IT-IT\GROOVE12.OPA (3,86 K/S -   3 956 bytes)
[23:04:15] - [3] MIRKO.POZEN: Fichier envoyé: D:\kerberos.htx\Microsoft.Office.Professional.2007.FR.By Gervais\ADMIN\IT-IT\EXCEL12.OPA (150,46 K/S -   154 076 bytes)
[23:04:15] - [2] MIRKO.POZEN: Début du Téléchargement de: D:\kerberos.htx\Microsoft.Office.Professional.2007.FR.By Gervais\ADMIN\IT-IT\IC12.OPA
[23:04:15] - [2] MIRKO.POZEN: Fichier envoyé: D:\kerberos.htx\Microsoft.Office.Professional.2007.FR.By Gervais\ADMIN\IT-IT\IC12.OPA (9,48 K/S -   9 712 bytes)
[23:04:15] - [3] MIRKO.POZEN: Début du Téléchargement de: D:\kerberos.htx\Microsoft.Office.Professional.2007.FR.By Gervais\ADMIN\IT-IT\INF12.OPA
[23:04:15] - [2] MIRKO.POZEN: Début du Téléchargement de: D:\kerberos.htx\Microsoft.Office.Professional.2007.FR.By Gervais\ADMIN\IT-IT\OCT.CHM
[23:04:15] - [2] MIRKO.POZEN: Fichier envoyé: D:\kerberos.htx\Microsoft.Office.Professional.2007.FR.By Gervais\ADMIN\IT-IT\OCT.CHM (54,34 K/S -   55 644 bytes)
[23:04:15] - [3] MIRKO.POZEN: Fichier envoyé: D:\kerberos.htx\Microsoft.Office.Professional.2007.FR.By Gervais\ADMIN\IT-IT\INF12.OPA (128,64 K/S -   131 730 bytes)
[23:04:15] - [3] MIRKO.POZEN: Début du Téléchargement de: D:\kerberos.htx\Microsoft.Office.Professional.2007.FR.By Gervais\ADMIN\IT-IT\OCTRES.DLL
[23:04:16] - [2] MIRKO.POZEN: Début du Téléchargement de: D:\kerberos.htx\Microsoft.Office.Professional.2007.FR.By Gervais\ADMIN\IT-IT\OFFICE12.OPA
[23:04:16] - [3] MIRKO.POZEN: Fichier envoyé: D:\kerberos.htx\Microsoft.Office.Professional.2007.FR.By Gervais\ADMIN\IT-IT\OCTRES.DLL (425,38 K/S -   435 584 bytes)
[23:04:17] - [2] MIRKO.POZEN: Fichier envoyé: D:\kerberos.htx\Microsoft.Office.Professional.2007.FR.By Gervais\ADMIN\IT-IT\OFFICE12.OPA (715,54 K/S -   732 710 bytes)
[23:04:17] - [3] MIRKO.POZEN: Début du Téléchargement de: D:\kerberos.htx\Microsoft.Office.Professional.2007.FR.By Gervais\ADMIN\IT-IT\ONENT12.OPA
[23:04:17] - [2] MIRKO.POZEN: Début du Téléchargement de: D:\kerberos.htx\Microsoft.Office.Professional.2007.FR.By Gervais\ADMIN\IT-IT\OUTLK12.OPA
[23:04:17] - [3] MIRKO.POZEN: Fichier envoyé: D:\kerberos.htx\Microsoft.Office.Professional.2007.FR.By Gervais\ADMIN\IT-IT\ONENT12.OPA (101,66 K/S -   104 096 bytes)
[23:04:17] - [3] MIRKO.POZEN: Début du Téléchargement de: D:\kerberos.htx\Microsoft.Office.Professional.2007.FR.By Gervais\ADMIN\IT-IT\PPT12.OPA
[23:04:17] - [2] MIRKO.POZEN: Fichier envoyé: D:\kerberos.htx\Microsoft.Office.Professional.2007.FR.By Gervais\ADMIN\IT-IT\OUTLK12.OPA (499,91 K/S -   511 912 bytes)
[23:04:17] - [3] MIRKO.POZEN: Fichier envoyé: D:\kerberos.htx\Microsoft.Office.Professional.2007.FR.By Gervais\ADMIN\IT-IT\PPT12.OPA (103,62 K/S -   106 102 bytes)
[23:04:18] - [2] MIRKO.POZEN: Début du Téléchargement de: D:\kerberos.htx\Microsoft.Office.Professional.2007.FR.By Gervais\ADMIN\IT-IT\PROJ12.OPA
[23:04:18] - [3] MIRKO.POZEN: Début du Téléchargement de: D:\kerberos.htx\Microsoft.Office.Professional.2007.FR.By Gervais\ADMIN\IT-IT\PUB12.OPA
[23:04:18] - [3] MIRKO.POZEN: Fichier envoyé: D:\kerberos.htx\Microsoft.Office.Professional.2007.FR.By Gervais\ADMIN\IT-IT\PUB12.OPA (32,96 K/S -   33 752 bytes)
[23:04:18] - [2] MIRKO.POZEN: Fichier envoyé: D:\kerberos.htx\Microsoft.Office.Professional.2007.FR.By Gervais\ADMIN\IT-IT\PROJ12.OPA (197,96 K/S -   202 708 bytes)
[23:04:18] - [2] MIRKO.POZEN: Début du Téléchargement de: D:\kerberos.htx\Microsoft.Office.Professional.2007.FR.By Gervais\ADMIN\IT-IT\SPD12.OPA
[23:04:18] - [2] MIRKO.POZEN: Fichier envoyé: D:\kerberos.htx\Microsoft.Office.Professional.2007.FR.By Gervais\ADMIN\IT-IT\SPD12.OPA (15,90 K/S -   16 278 bytes)
[23:04:18] - [2] MIRKO.POZEN: Début du Téléchargement de: D:\kerberos.htx\Microsoft.Office.Professional.2007.FR.By Gervais\ADMIN\IT-IT\VISIO12.OPA
[23:04:18] - [2] MIRKO.POZEN: Fichier envoyé: D:\kerberos.htx\Microsoft.Office.Professional.2007.FR.By Gervais\ADMIN\IT-IT\VISIO12.OPA (128,99 K/S -   132 088 bytes)
[23:04:18] - [2] MIRKO.POZEN: Début du Téléchargement de: D:\kerberos.htx\Microsoft.Office.Professional.2007.FR.By Gervais\ADMIN\IT-IT\WORD12.OPA
[23:04:18] - [3] MIRKO.POZEN: Répertoire en Cours: D:\kerberos.htx\Microsoft.Office.Professional.2007.FR.By Gervais\ADMIN\FR-FR\
[23:04:19] - [2] MIRKO.POZEN: Fichier envoyé: D:\kerberos.htx\Microsoft.Office.Professional.2007.FR.By Gervais\ADMIN\IT-IT\WORD12.OPA (241,66 K/S -   247 464 bytes)
[23:04:19] - [2] MIRKO.POZEN: Répertoire en Cours: D:\kerberos.htx\Microsoft.Office.Professional.2007.FR.By Gervais\ADMIN\FR-FR\
[23:04:19] - [3] MIRKO.POZEN: Début du Téléchargement de: D:\kerberos.htx\Microsoft.Office.Professional.2007.FR.By Gervais\ADMIN\FR-FR\ACCESS12.OPA
[23:04:19] - [3] MIRKO.POZEN: Fichier envoyé: D:\kerberos.htx\Microsoft.Office.Professional.2007.FR.By Gervais\ADMIN\FR-FR\ACCESS12.OPA (52,46 K/S -   53 716 bytes)
[23:04:19] - [2] MIRKO.POZEN: Début du Téléchargement de: D:\kerberos.htx\Microsoft.Office.Professional.2007.FR.By Gervais\ADMIN\FR-FR\CPAO12.OPA
[23:04:19] - [2] MIRKO.POZEN: Fichier envoyé: D:\kerberos.htx\Microsoft.Office.Professional.2007.FR.By Gervais\ADMIN\FR-FR\CPAO12.OPA (26,17 K/S -   26 800 bytes)
[23:04:19] - [3] MIRKO.POZEN: Début du Téléchargement de: D:\kerberos.htx\Microsoft.Office.Professional.2007.FR.By Gervais\ADMIN\FR-FR\EXCEL12.OPA
[23:04:19] - [2] MIRKO.POZEN: Début du Téléchargement de: D:\kerberos.htx\Microsoft.Office.Professional.2007.FR.By Gervais\ADMIN\FR-FR\GROOVE12.OPA
[23:04:19] - [2] MIRKO.POZEN: Fichier envoyé: D:\kerberos.htx\Microsoft.Office.Professional.2007.FR.By Gervais\ADMIN\FR-FR\GROOVE12.OPA (3,74 K/S -   3 832 bytes)
[23:04:19] - [3] MIRKO.POZEN: Fichier envoyé: D:\kerberos.htx\Microsoft.Office.Professional.2007.FR.By Gervais\ADMIN\FR-FR\EXCEL12.OPA (148,39 K/S -   151 952 bytes)
[23:04:19] - [2] MIRKO.POZEN: Début du Téléchargement de: D:\kerberos.htx\Microsoft.Office.Professional.2007.FR.By Gervais\ADMIN\FR-FR\IC12.OPA
[23:04:19] - [2] MIRKO.POZEN: Fichier envoyé: D:\kerberos.htx\Microsoft.Office.Professional.2007.FR.By Gervais\ADMIN\FR-FR\IC12.OPA (9,17 K/S -   9 390 bytes)
[23:04:19] - [3] MIRKO.POZEN: Début du Téléchargement de: D:\kerberos.htx\Microsoft.Office.Professional.2007.FR.By Gervais\ADMIN\FR-FR\INF12.OPA
[23:04:20] - [3] MIRKO.POZEN: Fichier envoyé: D:\kerberos.htx\Microsoft.Office.Professional.2007.FR.By Gervais\ADMIN\FR-FR\INF12.OPA (128,53 K/S -   131 614 bytes)
[23:04:20] - [2] MIRKO.POZEN: Début du Téléchargement de: D:\kerberos.htx\Microsoft.Office.Professional.2007.FR.By Gervais\ADMIN\FR-FR\OCT.CHM
[23:04:20] - [2] MIRKO.POZEN: Fichier envoyé: D:\kerberos.htx\Microsoft.Office.Professional.2007.FR.By Gervais\ADMIN\FR-FR\OCT.CHM (54,97 K/S -   56 288 bytes)
[23:04:20] - [3] MIRKO.POZEN: Début du Téléchargement de: D:\kerberos.htx\Microsoft.Office.Professional.2007.FR.By Gervais\ADMIN\FR-FR\OCTRES.DLL
[23:04:20] - [2] MIRKO.POZEN: Début du Téléchargement de: D:\kerberos.htx\Microsoft.Office.Professional.2007.FR.By Gervais\ADMIN\FR-FR\OFFICE12.OPA
[23:04:21] - [2] MIRKO.POZEN: Fichier envoyé: D:\kerberos.htx\Microsoft.Office.Professional.2007.FR.By Gervais\ADMIN\FR-FR\OFFICE12.OPA (348,70 K/S -   714 136 bytes)
[23:04:21] - [3] MIRKO.POZEN: Fichier envoyé: D:\kerberos.htx\Microsoft.Office.Professional.2007.FR.By Gervais\ADMIN\FR-FR\OCTRES.DLL (214,93 K/S -   440 176 bytes)
[23:04:21] - [2] MIRKO.POZEN: Début du Téléchargement de: D:\kerberos.htx\Microsoft.Office.Professional.2007.FR.By Gervais\ADMIN\FR-FR\ONENT12.OPA
[23:04:22] - [3] MIRKO.POZEN: Début du Téléchargement de: D:\kerberos.htx\Microsoft.Office.Professional.2007.FR.By Gervais\ADMIN\FR-FR\OUTLK12.OPA
[23:04:22] - [2] MIRKO.POZEN: Fichier envoyé: D:\kerberos.htx\Microsoft.Office.Professional.2007.FR.By Gervais\ADMIN\FR-FR\ONENT12.OPA (99,68 K/S -   102 070 bytes)
[23:04:22] - [2] MIRKO.POZEN: Début du Téléchargement de: D:\kerberos.htx\Microsoft.Office.Professional.2007.FR.By Gervais\ADMIN\FR-FR\PPT12.OPA
[23:04:22] - [2] MIRKO.POZEN: Fichier envoyé: D:\kerberos.htx\Microsoft.Office.Professional.2007.FR.By Gervais\ADMIN\FR-FR\PPT12.OPA (102,56 K/S -   105 022 bytes)
[23:04:22] - [3] MIRKO.POZEN: Fichier envoyé: D:\kerberos.htx\Microsoft.Office.Professional.2007.FR.By Gervais\ADMIN\FR-FR\OUTLK12.OPA (488,15 K/S -   499 862 bytes)
[23:04:23] - [2] MIRKO.POZEN: Début du Téléchargement de: D:\kerberos.htx\Microsoft.Office.Professional.2007.FR.By Gervais\ADMIN\FR-FR\PROJ12.OPA
[23:04:23] - [3] MIRKO.POZEN: Début du Téléchargement de: D:\kerberos.htx\Microsoft.Office.Professional.2007.FR.By Gervais\ADMIN\FR-FR\PUB12.OPA
[23:04:23] - [3] MIRKO.POZEN: Fichier envoyé: D:\kerberos.htx\Microsoft.Office.Professional.2007.FR.By Gervais\ADMIN\FR-FR\PUB12.OPA (32,45 K/S -   33 232 bytes)
[23:04:23] - [2] MIRKO.POZEN: Fichier envoyé: D:\kerberos.htx\Microsoft.Office.Professional.2007.FR.By Gervais\ADMIN\FR-FR\PROJ12.OPA (194,79 K/S -   199 460 bytes)
[23:04:23] - [2] MIRKO.POZEN: Début du Téléchargement de: D:\kerberos.htx\Microsoft.Office.Professional.2007.FR.By Gervais\ADMIN\FR-FR\SPD12.OPA
[23:04:23] - [2] MIRKO.POZEN: Fichier envoyé: D:\kerberos.htx\Microsoft.Office.Professional.2007.FR.By Gervais\ADMIN\FR-FR\SPD12.OPA (15,66 K/S -   16 034 bytes)
[23:04:23] - [3] MIRKO.POZEN: Début du Téléchargement de: D:\kerberos.htx\Microsoft.Office.Professional.2007.FR.By Gervais\ADMIN\FR-FR\VISIO12.OPA
[23:04:23] - [2] MIRKO.POZEN: Début du Téléchargement de: D:\kerberos.htx\Microsoft.Office.Professional.2007.FR.By Gervais\ADMIN\FR-FR\WORD12.OPA
[23:04:23] - [3] MIRKO.POZEN: Fichier envoyé: D:\kerberos.htx\Microsoft.Office.Professional.2007.FR.By Gervais\ADMIN\FR-FR\VISIO12.OPA (128,22 K/S -   131 296 bytes)
[23:04:23] - [3] MIRKO.POZEN: Répertoire en Cours: D:\kerberos.htx\Microsoft.Office.Professional.2007.FR.By Gervais\ADMIN\ES-ES\
[23:04:23] - [2] MIRKO.POZEN: Fichier envoyé: D:\kerberos.htx\Microsoft.Office.Professional.2007.FR.By Gervais\ADMIN\FR-FR\WORD12.OPA (238,69 K/S -   244 414 bytes)
[23:04:23] - [3] MIRKO.POZEN: Début du Téléchargement de: D:\kerberos.htx\Microsoft.Office.Professional.2007.FR.By Gervais\ADMIN\ES-ES\ACCESS12.OPA
[23:04:24] - [2] MIRKO.POZEN: Répertoire en Cours: D:\kerberos.htx\Microsoft.Office.Professional.2007.FR.By Gervais\ADMIN\ES-ES\
[23:04:24] - [3] MIRKO.POZEN: Fichier envoyé: D:\kerberos.htx\Microsoft.Office.Professional.2007.FR.By Gervais\ADMIN\ES-ES\ACCESS12.OPA (52,21 K/S -   53 464 bytes)
[23:04:24] - [2] MIRKO.POZEN: Début du Téléchargement de: D:\kerberos.htx\Microsoft.Office.Professional.2007.FR.By Gervais\ADMIN\ES-ES\CPAO12.OPA
[23:04:24] - [2] MIRKO.POZEN: Fichier envoyé: D:\kerberos.htx\Microsoft.Office.Professional.2007.FR.By Gervais\ADMIN\ES-ES\CPAO12.OPA (26,64 K/S -   27 276 bytes)
[23:04:24] - [3] MIRKO.POZEN: Début du Téléchargement de: D:\kerberos.htx\Microsoft.Office.Professional.2007.FR.By Gervais\ADMIN\ES-ES\EXCEL12.OPA
[23:04:24] - [2] MIRKO.POZEN: Début du Téléchargement de: D:\kerberos.htx\Microsoft.Office.Professional.2007.FR.By Gervais\ADMIN\ES-ES\GROOVE12.OPA
[23:04:24] - [2] MIRKO.POZEN: Fichier envoyé: D:\kerberos.htx\Microsoft.Office.Professional.2007.FR.By Gervais\ADMIN\ES-ES\GROOVE12.OPA (3,81 K/S -   3 900 bytes)
[23:04:24] - [3] MIRKO.POZEN: Fichier envoyé: D:\kerberos.htx\Microsoft.Office.Professional.2007.FR.By Gervais\ADMIN\ES-ES\EXCEL12.OPA (149,25 K/S -   152 834 bytes)
[23:04:24] - [3] MIRKO.POZEN: Début du Téléchargement de: D:\kerberos.htx\Microsoft.Office.Professional.2007.FR.By Gervais\ADMIN\ES-ES\IC12.OPA
[23:04:24] - [3] MIRKO.POZEN: Fichier envoyé: D:\kerberos.htx\Microsoft.Office.Professional.2007.FR.By Gervais\ADMIN\ES-ES\IC12.OPA (8,96 K/S -   9 172 bytes)
[23:04:24] - [2] MIRKO.POZEN: Début du Téléchargement de: D:\kerberos.htx\Microsoft.Office.Professional.2007.FR.By Gervais\ADMIN\ES-ES\INF12.OPA
[23:04:24] - [3] MIRKO.POZEN: Début du Téléchargement de: D:\kerberos.htx\Microsoft.Office.Professional.2007.FR.By Gervais\ADMIN\ES-ES\OCT.CHM
[23:04:24] - [2] MIRKO.POZEN: Fichier envoyé: D:\kerberos.htx\Microsoft.Office.Professional.2007.FR.By Gervais\ADMIN\ES-ES\INF12.OPA (129,76 K/S -   132 876 bytes)
[23:04:24] - [3] MIRKO.POZEN: Fichier envoyé: D:\kerberos.htx\Microsoft.Office.Professional.2007.FR.By Gervais\ADMIN\ES-ES\OCT.CHM (55,12 K/S -   56 444 bytes)
[23:04:24] - [2] MIRKO.POZEN: Début du Téléchargement de: D:\kerberos.htx\Microsoft.Office.Professional.2007.FR.By Gervais\ADMIN\ES-ES\OCTRES.DLL
[23:04:25] - [3] MIRKO.POZEN: Début du Téléchargement de: D:\kerberos.htx\Microsoft.Office.Professional.2007.FR.By Gervais\ADMIN\ES-ES\OFFICE12.OPA
[23:04:25] - [2] MIRKO.POZEN: Fichier envoyé: D:\kerberos.htx\Microsoft.Office.Professional.2007.FR.By Gervais\ADMIN\ES-ES\OCTRES.DLL (428,38 K/S -   438 656 bytes)
[23:04:25] - [2] MIRKO.POZEN: Début du Téléchargement de: D:\kerberos.htx\Microsoft.Office.Professional.2007.FR.By Gervais\ADMIN\ES-ES\ONENT12.OPA
[23:04:26] - [2] MIRKO.POZEN: Fichier envoyé: D:\kerberos.htx\Microsoft.Office.Professional.2007.FR.By Gervais\ADMIN\ES-ES\ONENT12.OPA (98,99 K/S -   101 370 bytes)
[23:04:26] - [3] MIRKO.POZEN: Fichier envoyé: D:\kerberos.htx\Microsoft.Office.Professional.2007.FR.By Gervais\ADMIN\ES-ES\OFFICE12.OPA (700,86 K/S -   717 684 bytes)
[23:04:26] - [2] MIRKO.POZEN: Début du Téléchargement de: D:\kerberos.htx\Microsoft.Office.Professional.2007.FR.By Gervais\ADMIN\ES-ES\OUTLK12.OPA
[23:04:26] - [2] MIRKO.POZEN: Fichier envoyé: D:\kerberos.htx\Microsoft.Office.Professional.2007.FR.By Gervais\ADMIN\ES-ES\OUTLK12.OPA (493,28 K/S -   505 120 bytes)
[23:04:26] - [2] MIRKO.POZEN: Début du Téléchargement de: D:\kerberos.htx\Microsoft.Office.Professional.2007.FR.By Gervais\ADMIN\ES-ES\PPT12.OPA
[23:04:26] - [2] MIRKO.POZEN: Fichier envoyé: D:\kerberos.htx\Microsoft.Office.Professional.2007.FR.By Gervais\ADMIN\ES-ES\PPT12.OPA (102,04 K/S -   104 494 bytes)
[23:04:27] - [2] MIRKO.POZEN: Début du Téléchargement de: D:\kerberos.htx\Microsoft.Office.Professional.2007.FR.By Gervais\ADMIN\ES-ES\PROJ12.OPA
[23:04:27] - [3] MIRKO.POZEN: Début du Téléchargement de: D:\kerberos.htx\Microsoft.Office.Professional.2007.FR.By Gervais\ADMIN\ES-ES\PUB12.OPA
[23:04:27] - [3] MIRKO.POZEN: Fichier envoyé: D:\kerberos.htx\Microsoft.Office.Professional.2007.FR.By Gervais\ADMIN\ES-ES\PUB12.OPA (32,44 K/S -   33 216 bytes)
[23:04:27] - [2] MIRKO.POZEN: Fichier envoyé: D:\kerberos.htx\Microsoft.Office.Professional.2007.FR.By Gervais\ADMIN\ES-ES\PROJ12.OPA (192,28 K/S -   196 894 bytes)
[23:04:27] - [2] MIRKO.POZEN: Début du Téléchargement de: D:\kerberos.htx\Microsoft.Office.Professional.2007.FR.By Gervais\ADMIN\ES-ES\SPD12.OPA
[23:04:27] - [2] MIRKO.POZEN: Fichier envoyé: D:\kerberos.htx\Microsoft.Office.Professional.2007.FR.By Gervais\ADMIN\ES-ES\SPD12.OPA (15,76 K/S -   16 134 bytes)
[23:04:27] - [3] MIRKO.POZEN: Début du Téléchargement de: D:\kerberos.htx\Microsoft.Office.Professional.2007.FR.By Gervais\ADMIN\ES-ES\VISIO12.OPA
[23:04:27] - [2] MIRKO.POZEN: Début du Téléchargement de: D:\kerberos.htx\Microsoft.Office.Professional.2007.FR.By Gervais\ADMIN\ES-ES\WORD12.OPA
[23:04:27] - [3] MIRKO.POZEN: Fichier envoyé: D:\kerberos.htx\Microsoft.Office.Professional.2007.FR.By Gervais\ADMIN\ES-ES\VISIO12.OPA (126,97 K/S -   130 014 bytes)
[23:04:27] - [3] MIRKO.POZEN: Répertoire en Cours: D:\kerberos.htx\Microsoft.Office.Professional.2007.FR.By Gervais\ADMIN\EN-US\
[23:04:27] - [2] MIRKO.POZEN: Fichier envoyé: D:\kerberos.htx\Microsoft.Office.Professional.2007.FR.By Gervais\ADMIN\ES-ES\WORD12.OPA (237,87 K/S -   243 578 bytes)
[23:04:27] - [3] MIRKO.POZEN: Début du Téléchargement de: D:\kerberos.htx\Microsoft.Office.Professional.2007.FR.By Gervais\ADMIN\EN-US\ACCESS12.OPA
[23:04:28] - [2] MIRKO.POZEN: Répertoire en Cours: D:\kerberos.htx\Microsoft.Office.Professional.2007.FR.By Gervais\ADMIN\EN-US\
[23:04:28] - [3] MIRKO.POZEN: Fichier envoyé: D:\kerberos.htx\Microsoft.Office.Professional.2007.FR.By Gervais\ADMIN\EN-US\ACCESS12.OPA (49,43 K/S -   50 614 bytes)
[23:04:28] - [2] MIRKO.POZEN: Début du Téléchargement de: D:\kerberos.htx\Microsoft.Office.Professional.2007.FR.By Gervais\ADMIN\EN-US\CPAO12.OPA
[23:04:28] - [2] MIRKO.POZEN: Fichier envoyé: D:\kerberos.htx\Microsoft.Office.Professional.2007.FR.By Gervais\ADMIN\EN-US\CPAO12.OPA (24,32 K/S -   24 904 bytes)
[23:04:28] - [3] MIRKO.POZEN: Début du Téléchargement de: D:\kerberos.htx\Microsoft.Office.Professional.2007.FR.By Gervais\ADMIN\EN-US\EXCEL12.OPA
[23:04:28] - [2] MIRKO.POZEN: Début du Téléchargement de: D:\kerberos.htx\Microsoft.Office.Professional.2007.FR.By Gervais\ADMIN\EN-US\GROOVE12.OPA
[23:04:28] - [2] MIRKO.POZEN: Fichier envoyé: D:\kerberos.htx\Microsoft.Office.Professional.2007.FR.By Gervais\ADMIN\EN-US\GROOVE12.OPA (3,54 K/S -   3 626 bytes)
[23:04:28] - [3] MIRKO.POZEN: Fichier envoyé: D:\kerberos.htx\Microsoft.Office.Professional.2007.FR.By Gervais\ADMIN\EN-US\EXCEL12.OPA (139,77 K/S -   143 128 bytes)
[23:04:28] - [3] MIRKO.POZEN: Début du Téléchargement de: D:\kerberos.htx\Microsoft.Office.Professional.2007.FR.By Gervais\ADMIN\EN-US\IC12.OPA
[23:04:28] - [3] MIRKO.POZEN: Fichier envoyé: D:\kerberos.htx\Microsoft.Office.Professional.2007.FR.By Gervais\ADMIN\EN-US\IC12.OPA (8,43 K/S -   8 628 bytes)
[23:04:28] - [2] MIRKO.POZEN: Début du Téléchargement de: D:\kerberos.htx\Microsoft.Office.Professional.2007.FR.By Gervais\ADMIN\EN-US\INF12.OPA
[23:04:28] - [3] MIRKO.POZEN: Début du Téléchargement de: D:\kerberos.htx\Microsoft.Office.Professional.2007.FR.By Gervais\ADMIN\EN-US\OCT.CHM
[23:04:28] - [2] MIRKO.POZEN: Fichier envoyé: D:\kerberos.htx\Microsoft.Office.Professional.2007.FR.By Gervais\ADMIN\EN-US\INF12.OPA (113,54 K/S -   116 266 bytes)
[23:04:28] - [3] MIRKO.POZEN: Fichier envoyé: D:\kerberos.htx\Microsoft.Office.Professional.2007.FR.By Gervais\ADMIN\EN-US\OCT.CHM (56,33 K/S -   57 678 bytes)
[23:04:28] - [2] MIRKO.POZEN: Début du Téléchargement de: D:\kerberos.htx\Microsoft.Office.Professional.2007.FR.By Gervais\ADMIN\EN-US\OCTRES.DLL
[23:04:29] - [3] MIRKO.POZEN: Début du Téléchargement de: D:\kerberos.htx\Microsoft.Office.Professional.2007.FR.By Gervais\ADMIN\EN-US\OFFICE12.OPA
[23:04:29] - [3] MIRKO.POZEN: Fichier envoyé: D:\kerberos.htx\Microsoft.Office.Professional.2007.FR.By Gervais\ADMIN\EN-US\OFFICE12.OPA (668,87 K/S -   684 924 bytes)
[23:04:29] - [3] MIRKO.POZEN: Début du Téléchargement de: D:\kerberos.htx\Microsoft.Office.Professional.2007.FR.By Gervais\ADMIN\EN-US\ONENT12.OPA
[23:04:30] - [2] MIRKO.POZEN: Fichier envoyé: D:\kerberos.htx\Microsoft.Office.Professional.2007.FR.By Gervais\ADMIN\EN-US\OCTRES.DLL (411,34 K/S -   421 208 bytes)
[23:04:30] - [3] MIRKO.POZEN: Fichier envoyé: D:\kerberos.htx\Microsoft.Office.Professional.2007.FR.By Gervais\ADMIN\EN-US\ONENT12.OPA (92,44 K/S -   94 656 bytes)
[23:04:30] - [2] MIRKO.POZEN: Début du Téléchargement de: D:\kerberos.htx\Microsoft.Office.Professional.2007.FR.By Gervais\ADMIN\EN-US\OUTLK12.OPA
[23:04:30] - [3] MIRKO.POZEN: Début du Téléchargement de: D:\kerberos.htx\Microsoft.Office.Professional.2007.FR.By Gervais\ADMIN\EN-US\PPT12.OPA
[23:04:30] - [3] MIRKO.POZEN: Fichier envoyé: D:\kerberos.htx\Microsoft.Office.Professional.2007.FR.By Gervais\ADMIN\EN-US\PPT12.OPA (97,19 K/S -   99 522 bytes)
[23:04:30] - [2] MIRKO.POZEN: Fichier envoyé: D:\kerberos.htx\Microsoft.Office.Professional.2007.FR.By Gervais\ADMIN\EN-US\OUTLK12.OPA (451,06 K/S -   461 884 bytes)
[23:04:30] - [3] MIRKO.POZEN: Début du Téléchargement de: D:\kerberos.htx\Microsoft.Office.Professional.2007.FR.By Gervais\ADMIN\EN-US\PROJ12.OPA
[23:04:31] - [2] MIRKO.POZEN: Début du Téléchargement de: D:\kerberos.htx\Microsoft.Office.Professional.2007.FR.By Gervais\ADMIN\EN-US\PUB12.OPA
[23:04:31] - [2] MIRKO.POZEN: Fichier envoyé: D:\kerberos.htx\Microsoft.Office.Professional.2007.FR.By Gervais\ADMIN\EN-US\PUB12.OPA (30,68 K/S -   31 418 bytes)
[23:04:31] - [3] MIRKO.POZEN: Fichier envoyé: D:\kerberos.htx\Microsoft.Office.Professional.2007.FR.By Gervais\ADMIN\EN-US\PROJ12.OPA (182,68 K/S -   187 068 bytes)
[23:04:31] - [2] MIRKO.POZEN: Début du Téléchargement de: D:\kerberos.htx\Microsoft.Office.Professional.2007.FR.By Gervais\ADMIN\EN-US\VISIO12.OPA
[23:04:31] - [3] MIRKO.POZEN: Début du Téléchargement de: D:\kerberos.htx\Microsoft.Office.Professional.2007.FR.By Gervais\ADMIN\EN-US\SPD12.OPA
[23:04:31] - [3] MIRKO.POZEN: Fichier envoyé: D:\kerberos.htx\Microsoft.Office.Professional.2007.FR.By Gervais\ADMIN\EN-US\SPD12.OPA (14,86 K/S -   15 212 bytes)
[23:04:31] - [2] MIRKO.POZEN: Fichier envoyé: D:\kerberos.htx\Microsoft.Office.Professional.2007.FR.By Gervais\ADMIN\EN-US\VISIO12.OPA (119,69 K/S -   122 566 bytes)
[23:04:31] - [3] MIRKO.POZEN: Début du Téléchargement de: D:\kerberos.htx\Microsoft.Office.Professional.2007.FR.By Gervais\ADMIN\EN-US\WORD12.OPA
[23:04:31] - [2] MIRKO.POZEN: Répertoire en Cours: D:\kerberos.htx\Microsoft.Office.Professional.2007.FR.By Gervais\ADMIN\DE-DE\
[23:04:31] - [3] MIRKO.POZEN: Fichier envoyé: D:\kerberos.htx\Microsoft.Office.Professional.2007.FR.By Gervais\ADMIN\EN-US\WORD12.OPA (228,74 K/S -   234 232 bytes)
[23:04:31] - [2] MIRKO.POZEN: Début du Téléchargement de: D:\kerberos.htx\Microsoft.Office.Professional.2007.FR.By Gervais\ADMIN\DE-DE\ACCESS12.OPA
[23:04:32] - [3] MIRKO.POZEN: Répertoire en Cours: D:\kerberos.htx\Microsoft.Office.Professional.2007.FR.By Gervais\ADMIN\DE-DE\
[23:04:32] - [2] MIRKO.POZEN: Fichier envoyé: D:\kerberos.htx\Microsoft.Office.Professional.2007.FR.By Gervais\ADMIN\DE-DE\ACCESS12.OPA (52,95 K/S -   54 216 bytes)
[23:04:32] - [3] MIRKO.POZEN: Début du Téléchargement de: D:\kerberos.htx\Microsoft.Office.Professional.2007.FR.By Gervais\ADMIN\DE-DE\CPAO12.OPA
[23:04:32] - [3] MIRKO.POZEN: Fichier envoyé: D:\kerberos.htx\Microsoft.Office.Professional.2007.FR.By Gervais\ADMIN\DE-DE\CPAO12.OPA (26,46 K/S -   27 090 bytes)
[23:04:32] - [2] MIRKO.POZEN: Début du Téléchargement de: D:\kerberos.htx\Microsoft.Office.Professional.2007.FR.By Gervais\ADMIN\DE-DE\EXCEL12.OPA
[23:04:32] - [3] MIRKO.POZEN: Début du Téléchargement de: D:\kerberos.htx\Microsoft.Office.Professional.2007.FR.By Gervais\ADMIN\DE-DE\GROOVE12.OPA
[23:04:32] - [3] MIRKO.POZEN: Fichier envoyé: D:\kerberos.htx\Microsoft.Office.Professional.2007.FR.By Gervais\ADMIN\DE-DE\GROOVE12.OPA (3,95 K/S -   4 042 bytes)
[23:04:32] - [2] MIRKO.POZEN: Fichier envoyé: D:\kerberos.htx\Microsoft.Office.Professional.2007.FR.By Gervais\ADMIN\DE-DE\EXCEL12.OPA (150,26 K/S -   153 864 bytes)
[23:04:32] - [2] MIRKO.POZEN: Début du Téléchargement de: D:\kerberos.htx\Microsoft.Office.Professional.2007.FR.By Gervais\ADMIN\DE-DE\IC12.OPA
[23:04:32] - [2] MIRKO.POZEN: Fichier envoyé: D:\kerberos.htx\Microsoft.Office.Professional.2007.FR.By Gervais\ADMIN\DE-DE\IC12.OPA (9,48 K/S -   9 708 bytes)
[23:04:32] - [3] MIRKO.POZEN: Début du Téléchargement de: D:\kerberos.htx\Microsoft.Office.Professional.2007.FR.By Gervais\ADMIN\DE-DE\INF12.OPA
[23:04:32] - [3] MIRKO.POZEN: Fichier envoyé: D:\kerberos.htx\Microsoft.Office.Professional.2007.FR.By Gervais\ADMIN\DE-DE\INF12.OPA (127,42 K/S -   130 478 bytes)
[23:04:32] - [2] MIRKO.POZEN: Début du Téléchargement de: D:\kerberos.htx\Microsoft.Office.Professional.2007.FR.By Gervais\ADMIN\DE-DE\OCT.CHM
[23:04:33] - [2] MIRKO.POZEN: Fichier envoyé: D:\kerberos.htx\Microsoft.Office.Professional.2007.FR.By Gervais\ADMIN\DE-DE\OCT.CHM (55,91 K/S -   57 249 bytes)
[23:04:33] - [3] MIRKO.POZEN: Début du Téléchargement de: D:\kerberos.htx\Microsoft.Office.Professional.2007.FR.By Gervais\ADMIN\DE-DE\OCTRES.DLL
[23:04:33] - [2] MIRKO.POZEN: Début du Téléchargement de: D:\kerberos.htx\Microsoft.Office.Professional.2007.FR.By Gervais\ADMIN\DE-DE\OFFICE12.OPA
[23:04:33] - [3] MIRKO.POZEN: Fichier envoyé: D:\kerberos.htx\Microsoft.Office.Professional.2007.FR.By Gervais\ADMIN\DE-DE\OCTRES.DLL (427,34 K/S -   437 600 bytes)
[23:04:34] - [3] MIRKO.POZEN: Début du Téléchargement de: D:\kerberos.htx\Microsoft.Office.Professional.2007.FR.By Gervais\ADMIN\DE-DE\ONENT12.OPA
[23:04:34] - [3] MIRKO.POZEN: Fichier envoyé: D:\kerberos.htx\Microsoft.Office.Professional.2007.FR.By Gervais\ADMIN\DE-DE\ONENT12.OPA (99,05 K/S -   101 428 bytes)
[23:04:34] - [2] MIRKO.POZEN: Fichier envoyé: D:\kerberos.htx\Microsoft.Office.Professional.2007.FR.By Gervais\ADMIN\DE-DE\OFFICE12.OPA (700,57 K/S -   717 386 bytes)
[23:04:34] - [3] MIRKO.POZEN: Début du Téléchargement de: D:\kerberos.htx\Microsoft.Office.Professional.2007.FR.By Gervais\ADMIN\DE-DE\OUTLK12.OPA
[23:04:34] - [2] MIRKO.POZEN: Début du Téléchargement de: D:\kerberos.htx\Microsoft.Office.Professional.2007.FR.By Gervais\ADMIN\DE-DE\PPT12.OPA
[23:04:35] - [2] MIRKO.POZEN: Fichier envoyé: D:\kerberos.htx\Microsoft.Office.Professional.2007.FR.By Gervais\ADMIN\DE-DE\PPT12.OPA (103,07 K/S -   105 546 bytes)
[23:04:35] - [3] MIRKO.POZEN: Fichier envoyé: D:\kerberos.htx\Microsoft.Office.Professional.2007.FR.By Gervais\ADMIN\DE-DE\OUTLK12.OPA (486,27 K/S -   497 936 bytes)
[23:04:35] - [2] MIRKO.POZEN: Début du Téléchargement de: D:\kerberos.htx\Microsoft.Office.Professional.2007.FR.By Gervais\ADMIN\DE-DE\PROJ12.OPA
[23:04:35] - [3] MIRKO.POZEN: Début du Téléchargement de: D:\kerberos.htx\Microsoft.Office.Professional.2007.FR.By Gervais\ADMIN\DE-DE\PUB12.OPA
[23:04:35] - [3] MIRKO.POZEN: Fichier envoyé: D:\kerberos.htx\Microsoft.Office.Professional.2007.FR.By Gervais\ADMIN\DE-DE\PUB12.OPA (32,20 K/S -   32 972 bytes)
[23:04:35] - [2] MIRKO.POZEN: Fichier envoyé: D:\kerberos.htx\Microsoft.Office.Professional.2007.FR.By Gervais\ADMIN\DE-DE\PROJ12.OPA (197,74 K/S -   202 490 bytes)
[23:04:35] - [2] MIRKO.POZEN: Début du Téléchargement de: D:\kerberos.htx\Microsoft.Office.Professional.2007.FR.By Gervais\ADMIN\DE-DE\SPD12.OPA
[23:04:36] - [3] MIRKO.POZEN: Début du Téléchargement de: D:\kerberos.htx\Microsoft.Office.Professional.2007.FR.By Gervais\ADMIN\DE-DE\VISIO12.OPA
[23:04:36] - [2] MIRKO.POZEN: Fichier envoyé: D:\kerberos.htx\Microsoft.Office.Professional.2007.FR.By Gervais\ADMIN\DE-DE\SPD12.OPA (15,75 K/S -   16 130 bytes)
[23:04:36] - [3] MIRKO.POZEN: Fichier envoyé: D:\kerberos.htx\Microsoft.Office.Professional.2007.FR.By Gervais\ADMIN\DE-DE\VISIO12.OPA (128,32 K/S -   131 400 bytes)
[23:04:36] - [3] MIRKO.POZEN: Répertoire en Cours: D:\kerberos.htx\Microsoft.Office.Professional.2007.FR.By Gervais\ACCESS.FR-FR\
[23:04:36] - [2] MIRKO.POZEN: Début du Téléchargement de: D:\kerberos.htx\Microsoft.Office.Professional.2007.FR.By Gervais\ADMIN\DE-DE\WORD12.OPA
[23:04:36] - [3] MIRKO.POZEN: Début du Téléchargement de: D:\kerberos.htx\Microsoft.Office.Professional.2007.FR.By Gervais\ACCESS.FR-FR\ACCESSMUI.MSI
[23:04:36] - [2] MIRKO.POZEN: Fichier envoyé: D:\kerberos.htx\Microsoft.Office.Professional.2007.FR.By Gervais\ADMIN\DE-DE\WORD12.OPA (239,20 K/S -   244 936 bytes)
[23:04:36] - [2] MIRKO.POZEN: Répertoire en Cours: D:\kerberos.htx\Microsoft.Office.Professional.2007.FR.By Gervais\ACCESS.FR-FR\
[23:04:37] - [2] MIRKO.POZEN: Début du Téléchargement de: D:\kerberos.htx\Microsoft.Office.Professional.2007.FR.By Gervais\ACCESS.FR-FR\ACCESSMUI.XML
[23:04:37] - [2] MIRKO.POZEN: Fichier envoyé: D:\kerberos.htx\Microsoft.Office.Professional.2007.FR.By Gervais\ACCESS.FR-FR\ACCESSMUI.XML (1,31 K/S -   1 345 bytes)
[23:04:37] - [2] MIRKO.POZEN: Début du Téléchargement de: D:\kerberos.htx\Microsoft.Office.Professional.2007.FR.By Gervais\ACCESS.FR-FR\ACCLR.CAB
[23:04:38] - [3] MIRKO.POZEN: Fichier envoyé: D:\kerberos.htx\Microsoft.Office.Professional.2007.FR.By Gervais\ACCESS.FR-FR\ACCESSMUI.MSI (810,25 K/S -  1 659 392 bytes)
[23:04:38] - [3] MIRKO.POZEN: Début du Téléchargement de: D:\kerberos.htx\Microsoft.Office.Professional.2007.FR.By Gervais\ACCESS.FR-FR\SETUP.XML
[23:04:38] - [3] MIRKO.POZEN: Fichier envoyé: D:\kerberos.htx\Microsoft.Office.Professional.2007.FR.By Gervais\ACCESS.FR-FR\SETUP.XML (1,74 K/S -   1 780 bytes)
[23:05:07] - [2] MIRKO.POZEN: Fichier envoyé: D:\kerberos.htx\Microsoft.Office.Professional.2007.FR.By Gervais\ACCESS.FR-FR\ACCLR.CAB (964,41 K/S -  28 639 093 bytes)
[23:05:10] - [3] Client 192.168.0.1 Déconnecté (00:09:45 Min)
[23:05:38] - [2] Client 192.168.0.1 Déconnecté (00:10:13 Min)
[23:07:02] - [1] Client 192.168.0.1 Déconnecté (00:12:16 Min)
[23:32:24] - Serveur Démarré
[23:32:24] - FTP Port: 21
[23:34:43] - [1] Connecté à 192.168.0.1. Collecte du Nom d'utilisateur.
[23:34:43] - [1] Usager MIRKO.POZEN Connecté IP: 192.168.0.1
[23:34:43] - [1] MIRKO.POZEN: Répertoire en Cours: D:\kerberos.htx\
[23:34:44] - [1] MIRKO.POZEN: Répertoire en Cours: D:\kerberos.htx\
[23:35:14] - [1] MIRKO.POZEN: Répertoire en Cours: D:\kerberos.htx\000\
[23:35:37] - [1] MIRKO.POZEN: Répertoire en Cours: D:\kerberos.htx\
[23:35:37] - [1] MIRKO.POZEN: Répertoire en Cours: D:\kerberos.htx\pc dell\
[23:35:50] - [1] MIRKO.POZEN: Répertoire en Cours: D:\kerberos.htx\pc dell\hddentinel\
[23:36:11] - [1] MIRKO.POZEN: Répertoire en Cours: D:\kerberos.htx\
[23:36:11] - [1] MIRKO.POZEN: Répertoire en Cours: D:\kerberos.htx\pc mila\
[23:36:29] - [1] MIRKO.POZEN: Répertoire en Cours: D:\kerberos.htx\
[23:36:29] - [1] MIRKO.POZEN: Répertoire en Cours: D:\kerberos.htx\rar\
[23:36:43] - [2] Connecté à 192.168.0.1. Collecte du Nom d'utilisateur.
[23:36:44] - [2] Usager MIRKO.POZEN Connecté IP: 192.168.0.1
[23:36:44] - [2] MIRKO.POZEN: Répertoire en Cours: D:\kerberos.htx\
[23:36:44] - [2] MIRKO.POZEN: Répertoire en Cours: D:\kerberos.htx\rar\
[23:36:44] - [2] MIRKO.POZEN: Début du Téléchargement de: D:\kerberos.htx\rar\office ok.rar
[23:38:12] - [2] MIRKO.POZEN: Echec de l'envoie du Fichier: D:\kerberos.htx\rar\office ok.rar (728,84 K/S -  65 677 312 bytes)
[23:38:31] - [2] Client 192.168.0.1 Déconnecté (00:01:47 Min)
[23:44:55] - [3] Connecté à 192.168.0.1. Collecte du Nom d'utilisateur.
[23:44:55] - [3] Usager MIRKO.POZEN Connecté IP: 192.168.0.1
[23:44:55] - [3] MIRKO.POZEN: Répertoire en Cours: D:\kerberos.htx\
[23:44:56] - [3] MIRKO.POZEN: Répertoire en Cours: D:\kerberos.htx\
[23:45:33] - [3] MIRKO.POZEN: Répertoire en Cours: D:\kerberos.htx\rar\
[23:45:41] - [4] Connecté à 192.168.0.1. Collecte du Nom d'utilisateur.
[23:45:41] - [4] Usager MIRKO.POZEN Connecté IP: 192.168.0.1
[23:45:41] - [4] MIRKO.POZEN: Répertoire en Cours: D:\kerberos.htx\
[23:45:41] - [4] MIRKO.POZEN: Répertoire en Cours: D:\kerberos.htx\rar\
[23:45:41] - [4] MIRKO.POZEN: Début du Téléchargement de: D:\kerberos.htx\rar\office ok.rar
