[16:33:10] - Serveur Démarré
[16:33:10] - FTP Port: 21
[16:35:33] - [1] Connecté à 192.168.1.31. Collecte du Nom d'utilisateur.
[16:35:34] - [1] Client 192.168.1.31 Déconnecté (00:00:00 Min)
[16:45:41] - [2] Connecté à 90.48.2.73. Collecte du Nom d'utilisateur.
[16:45:41] - [2] Client 90.48.2.73 Déconnecté (00:00:00 Min)
[17:04:40] - [3] Connecté à 90.48.2.73. Collecte du Nom d'utilisateur.
[17:04:40] - [3] Client 90.48.2.73 Déconnecté (00:00:00 Min)
[17:28:14] - [4] Connecté à 90.48.2.73. Collecte du Nom d'utilisateur.
[17:28:14] - [4] Client 90.48.2.73 Déconnecté (00:00:00 Min)
[17:30:03] - Serveur Démarré
[17:30:03] - FTP Port: 21
[17:44:01] - [1] Connecté à 90.48.2.73. Collecte du Nom d'utilisateur.
[17:44:01] - [1] Client 90.48.2.73 Déconnecté (00:00:00 Min)
[18:15:44] - [2] Connecté à 90.48.2.73. Collecte du Nom d'utilisateur.
[18:15:44] - [2] Client 90.48.2.73 Déconnecté (00:00:00 Min)
[18:27:04] - Serveur Démarré
[18:27:04] - FTP Port: 21
[18:30:03] - [1] Connecté à 90.48.2.73. Collecte du Nom d'utilisateur.
[18:30:03] - [1] Usager MIRKO.POZEN Connecté IP: 90.48.2.73
[18:30:03] - [1] MIRKO.POZEN: Répertoire en Cours: D:\kerberos.htx\
[18:30:17] - [1] Client 90.48.2.73 Déconnecté (00:00:13 Min)
[18:30:17] - [2] Connecté à 90.48.2.73. Collecte du Nom d'utilisateur.
[18:30:17] - [2] Usager MIRKO.POZEN Connecté IP: 90.48.2.73
[18:30:17] - [2] MIRKO.POZEN: Répertoire en Cours: D:\kerberos.htx\
[18:30:17] - [2] MIRKO.POZEN: Répertoire en Cours: D:\kerberos.htx\
[18:30:30] - [2] Client 90.48.2.73 Déconnecté (00:00:13 Min)
[19:09:27] - Serveur Démarré
[19:09:27] - FTP Port: 21
[19:29:53] - [1] Connecté à 90.48.2.73. Collecte du Nom d'utilisateur.
[19:29:53] - [1] Usager MIRKO.POZEN Connecté IP: 90.48.2.73
[19:29:53] - [1] MIRKO.POZEN: Répertoire en Cours: D:\kerberos.htx\
[19:29:53] - [1] MIRKO.POZEN: Répertoire en Cours: D:\kerberos.htx\
[19:31:05] - [1] Client 90.48.2.73 Déconnecté (00:01:11 Min)
[19:31:05] - [2] Connecté à 90.48.2.73. Collecte du Nom d'utilisateur.
[19:31:05] - [2] Authentification Incorrect: Utilisateur LOCIOSERVER IP: 90.48.2.73
[19:31:05] - [2] Client 90.48.2.73 Déconnecté (00:00:00 Min)
[19:31:27] - [3] Connecté à 90.48.2.73. Collecte du Nom d'utilisateur.
[19:31:27] - [3] Authentification Incorrect: Utilisateur LOCIOSERVER IP: 90.48.2.73
[19:31:27] - [3] Client 90.48.2.73 Déconnecté (00:00:00 Min)
[19:31:44] - [4] Connecté à 90.48.2.73. Collecte du Nom d'utilisateur.
[19:31:44] - [4] Authentification Incorrect: Utilisateur LOCIOSERVER IP: 90.48.2.73
[19:31:44] - [4] Client 90.48.2.73 Déconnecté (00:00:00 Min)
[19:32:06] - [5] Connecté à 90.48.2.73. Collecte du Nom d'utilisateur.
[19:32:06] - [5] Authentification Incorrect: Utilisateur LOCIOSERVER IP: 90.48.2.73
[19:32:06] - [5] Client 90.48.2.73 Déconnecté (00:00:00 Min)
[19:33:26] - [6] Connecté à 90.48.2.73. Collecte du Nom d'utilisateur.
[19:33:26] - [6] Authentification Incorrect: Utilisateur LOCIOSERVER IP: 90.48.2.73
[19:33:26] - [6] Client 90.48.2.73 Déconnecté (00:00:00 Min)
[19:33:44] - [7] Connecté à 90.48.2.73. Collecte du Nom d'utilisateur.
[19:33:44] - [7] Usager MIRKO.POZEN Connecté IP: 90.48.2.73
[19:33:44] - [7] MIRKO.POZEN: Répertoire en Cours: D:\kerberos.htx\
[19:33:44] - [7] MIRKO.POZEN: Répertoire en Cours: D:\kerberos.htx\
[19:33:53] - [7] Client 90.48.2.73 Déconnecté (00:00:09 Min)
[20:18:49] - [8] Connecté à 192.168.1.13. Collecte du Nom d'utilisateur.
[20:18:49] - [8] Client 192.168.1.13 Déconnecté (00:00:00 Min)
[20:46:21] - [9] Connecté à 192.168.1.13. Collecte du Nom d'utilisateur.
[20:46:21] - [9] Client 192.168.1.13 Déconnecté (00:00:00 Min)
[20:59:01] - [10] Connecté à 90.48.2.73. Collecte du Nom d'utilisateur.
[20:59:01] - [10] Authentification Incorrect: Utilisateur LOCIOSERVER IP: 90.48.2.73
[20:59:01] - [10] Client 90.48.2.73 Déconnecté (00:00:00 Min)
[20:59:05] - [11] Connecté à 90.48.2.73. Collecte du Nom d'utilisateur.
[20:59:05] - [11] Usager MIRKO.POZEN Connecté IP: 90.48.2.73
[20:59:05] - [11] MIRKO.POZEN: Répertoire en Cours: D:\kerberos.htx\
[20:59:06] - [11] MIRKO.POZEN: Répertoire en Cours: D:\kerberos.htx\
[20:59:16] - [11] Client 90.48.2.73 Déconnecté (00:00:10 Min)
[20:59:16] - [12] Connecté à 90.48.2.73. Collecte du Nom d'utilisateur.
[20:59:16] - [12] Authentification Incorrect: Utilisateur LOCIOSERVER IP: 90.48.2.73
[20:59:16] - [12] Client 90.48.2.73 Déconnecté (00:00:00 Min)
[20:59:40] - [13] Connecté à 90.48.2.73. Collecte du Nom d'utilisateur.
[20:59:40] - [13] Usager MIRKO.POZEN Connecté IP: 90.48.2.73
[20:59:40] - [13] MIRKO.POZEN: Répertoire en Cours: D:\kerberos.htx\
[21:01:40] - [13] Client 90.48.2.73 Déconnecté (00:02:00 Min)
[21:01:40] - [14] Connecté à 90.48.2.73. Collecte du Nom d'utilisateur.
[21:01:40] - [14] Usager MIRKO.POZEN Connecté IP: 90.48.2.73
[21:01:40] - [14] MIRKO.POZEN: Répertoire en Cours: D:\kerberos.htx\
[21:01:48] - [14] Client 90.48.2.73 Déconnecté (00:00:08 Min)
[21:01:48] - [15] Connecté à 90.48.2.73. Collecte du Nom d'utilisateur.
[21:01:48] - [15] Usager MIRKO.POZEN Connecté IP: 90.48.2.73
[21:01:48] - [15] MIRKO.POZEN: Répertoire en Cours: D:\kerberos.htx\
[21:01:48] - [15] MIRKO.POZEN: Répertoire en Cours: D:\kerberos.htx\
[21:02:35] - [15] Client 90.48.2.73 Déconnecté (00:00:47 Min)
[21:02:35] - [16] Connecté à 90.48.2.73. Collecte du Nom d'utilisateur.
[21:02:35] - [16] Usager MIRKO.POZEN Connecté IP: 90.48.2.73
[21:02:35] - [16] MIRKO.POZEN: Répertoire en Cours: D:\kerberos.htx\
[21:08:39] - [16] Client 90.48.2.73 Déconnecté (00:06:04 Min)
[21:08:40] - [17] Connecté à 90.48.2.73. Collecte du Nom d'utilisateur.
[21:08:40] - [17] Usager MIRKO.POZEN Connecté IP: 90.48.2.73
[21:08:40] - [17] MIRKO.POZEN: Répertoire en Cours: D:\kerberos.htx\
[21:08:40] - [17] MIRKO.POZEN: Répertoire en Cours: D:\kerberos.htx\
[21:09:10] - [17] Client 90.48.2.73 Déconnecté (00:00:30 Min)
[21:09:10] - [18] Connecté à 90.48.2.73. Collecte du Nom d'utilisateur.
[21:09:10] - [18] Usager MIRKO.POZEN Connecté IP: 90.48.2.73
[21:09:10] - [18] MIRKO.POZEN: Répertoire en Cours: D:\kerberos.htx\
[21:18:51] - [18] Client 90.48.2.73 Déconnecté (00:09:40 Min)
[21:18:51] - [19] Connecté à 90.48.2.73. Collecte du Nom d'utilisateur.
[21:18:51] - [19] Usager MIRKO.POZEN Connecté IP: 90.48.2.73
[21:18:51] - [19] MIRKO.POZEN: Répertoire en Cours: D:\kerberos.htx\
[21:18:51] - [19] MIRKO.POZEN: Répertoire en Cours: D:\kerberos.htx\
[22:24:14] - [20] Connecté à 167.94.146.60. Collecte du Nom d'utilisateur.
[22:24:29] - [20] Client 167.94.146.60 Déconnecté (00:00:15 Min)
[22:35:22] - [19] Client 90.48.2.73 Déconnecté (01:16:30 Min)
[22:35:22] - [21] Connecté à 192.168.1.13. Collecte du Nom d'utilisateur.
[22:35:22] - [21] Usager MIRKO.POZEN Connecté IP: 192.168.1.13
[22:35:22] - [21] MIRKO.POZEN: Répertoire en Cours: D:\kerberos.htx\
[22:40:58] - [21] MIRKO.POZEN: Répertoire en Cours: D:\kerberos.htx\
[22:40:58] - [21] MIRKO.POZEN: Nouveau Répertoire: D:\kerberos.htx\privatezilla
[22:40:58] - [22] Connecté à 192.168.1.13. Collecte du Nom d'utilisateur.
[22:40:58] - [23] Connecté à 192.168.1.13. Collecte du Nom d'utilisateur.
[22:40:58] - [22] Trop D'Usager Connecter Pour ce Login: MIRKO.POZEN IP: 192.168.1.13
[22:40:58] - [23] Client 192.168.1.13 Déconnecté (00:00:00 Min)
[22:40:58] - [22] Client 192.168.1.13 Déconnecté (00:00:00 Min)
[22:40:58] - [21] MIRKO.POZEN: Répertoire en Cours: D:\kerberos.htx\
[22:40:58] - [21] MIRKO.POZEN: Nouveau Répertoire: D:\kerberos.htx\privatezilla
[22:40:58] - [21] MIRKO.POZEN: Répertoire en Cours: D:\kerberos.htx\privatezilla\
[22:40:58] - [21] MIRKO.POZEN: Nouveau Répertoire: D:\kerberos.htx\privatezilla\ar
[22:40:58] - [21] MIRKO.POZEN: Répertoire en Cours: D:\kerberos.htx\privatezilla\
[22:40:58] - [21] MIRKO.POZEN: Nouveau Répertoire: D:\kerberos.htx\privatezilla\ar
[22:40:58] - [21] MIRKO.POZEN: Répertoire en Cours: D:\kerberos.htx\privatezilla\
[22:40:58] - [21] MIRKO.POZEN: Nouveau Répertoire: D:\kerberos.htx\privatezilla\de
[22:40:58] - [21] MIRKO.POZEN: Répertoire en Cours: D:\kerberos.htx\privatezilla\
[22:40:58] - [21] MIRKO.POZEN: Nouveau Répertoire: D:\kerberos.htx\privatezilla\de
[22:40:58] - [21] MIRKO.POZEN: Répertoire en Cours: D:\kerberos.htx\privatezilla\
[22:40:58] - [21] MIRKO.POZEN: Nouveau Répertoire: D:\kerberos.htx\privatezilla\es
[22:40:58] - [21] MIRKO.POZEN: Répertoire en Cours: D:\kerberos.htx\privatezilla\
[22:40:58] - [21] MIRKO.POZEN: Nouveau Répertoire: D:\kerberos.htx\privatezilla\es
[22:40:58] - [21] MIRKO.POZEN: Répertoire en Cours: D:\kerberos.htx\privatezilla\
[22:40:58] - [21] MIRKO.POZEN: Nouveau Répertoire: D:\kerberos.htx\privatezilla\fr
[22:40:58] - [21] MIRKO.POZEN: Répertoire en Cours: D:\kerberos.htx\privatezilla\
[22:40:58] - [21] MIRKO.POZEN: Nouveau Répertoire: D:\kerberos.htx\privatezilla\fr
[22:40:58] - [21] MIRKO.POZEN: Répertoire en Cours: D:\kerberos.htx\privatezilla\
[22:40:58] - [21] MIRKO.POZEN: Nouveau Répertoire: D:\kerberos.htx\privatezilla\it
[22:40:58] - [21] MIRKO.POZEN: Répertoire en Cours: D:\kerberos.htx\privatezilla\
[22:40:58] - [21] MIRKO.POZEN: Nouveau Répertoire: D:\kerberos.htx\privatezilla\it
[22:40:58] - [21] MIRKO.POZEN: Répertoire en Cours: D:\kerberos.htx\privatezilla\
[22:40:58] - [21] MIRKO.POZEN: Nouveau Répertoire: D:\kerberos.htx\privatezilla\ru
[22:40:58] - [21] MIRKO.POZEN: Répertoire en Cours: D:\kerberos.htx\privatezilla\
[22:40:58] - [21] MIRKO.POZEN: Nouveau Répertoire: D:\kerberos.htx\privatezilla\ru
[22:40:58] - [21] MIRKO.POZEN: Répertoire en Cours: D:\kerberos.htx\privatezilla\
[22:40:58] - [21] MIRKO.POZEN: Nouveau Répertoire: D:\kerberos.htx\privatezilla\tr
[22:40:58] - [21] MIRKO.POZEN: Répertoire en Cours: D:\kerberos.htx\privatezilla\
[22:40:58] - [21] MIRKO.POZEN: Nouveau Répertoire: D:\kerberos.htx\privatezilla\tr
[22:40:58] - [21] MIRKO.POZEN: Répertoire en Cours: D:\kerberos.htx\privatezilla\
[22:40:58] - [21] MIRKO.POZEN: Nouveau Répertoire: D:\kerberos.htx\privatezilla\zh
[22:40:58] - [21] MIRKO.POZEN: Répertoire en Cours: D:\kerberos.htx\privatezilla\
[22:40:58] - [21] MIRKO.POZEN: Nouveau Répertoire: D:\kerberos.htx\privatezilla\zh
[22:40:59] - [21] MIRKO.POZEN: Répertoire en Cours: D:\kerberos.htx\privatezilla\ar\
[22:41:09] - [21] MIRKO.POZEN: Début d'Upload de D:\kerberos.htx\privatezilla\ar\Privatezilla.resources.dll
[22:41:09] - [21] MIRKO.POZEN: Fichier Upload: D:\kerberos.htx\privatezilla\ar\Privatezilla.resources.dll (33,50 K/S -   34 304 bytes)
[22:41:09] - [21] MIRKO.POZEN: Répertoire en Cours: D:\kerberos.htx\privatezilla\de\
[22:41:10] - [21] MIRKO.POZEN: Début d'Upload de D:\kerberos.htx\privatezilla\de\Privatezilla.resources.dll
[22:41:10] - [21] MIRKO.POZEN: Fichier Upload: D:\kerberos.htx\privatezilla\de\Privatezilla.resources.dll (28,50 K/S -   29 184 bytes)
[22:41:19] - [24] Connecté à 192.168.1.13. Collecte du Nom d'utilisateur.
[22:41:19] - [25] Connecté à 192.168.1.13. Collecte du Nom d'utilisateur.
[22:41:19] - [25] Client 192.168.1.13 Déconnecté (00:00:00 Min)
[22:41:19] - [24] Usager MIRKO.POZEN Connecté IP: 192.168.1.13
[22:41:19] - [24] MIRKO.POZEN: Répertoire en Cours: D:\kerberos.htx\
[22:41:19] - [21] MIRKO.POZEN: Répertoire en Cours: D:\kerberos.htx\privatezilla\fr\
[22:41:19] - [24] MIRKO.POZEN: Répertoire en Cours: D:\kerberos.htx\privatezilla\es\
[22:41:20] - [21] MIRKO.POZEN: Début d'Upload de D:\kerberos.htx\privatezilla\fr\Privatezilla.resources.dll
[22:41:20] - [21] MIRKO.POZEN: Fichier Upload: D:\kerberos.htx\privatezilla\fr\Privatezilla.resources.dll (28,50 K/S -   29 184 bytes)
[22:41:21] - [24] MIRKO.POZEN: Début d'Upload de D:\kerberos.htx\privatezilla\es\Privatezilla.resources.dll
[22:41:21] - [24] MIRKO.POZEN: Fichier Upload: D:\kerberos.htx\privatezilla\es\Privatezilla.resources.dll (29,00 K/S -   29 696 bytes)
[22:41:22] - [24] MIRKO.POZEN: Répertoire en Cours: D:\kerberos.htx\privatezilla\it\
[22:41:22] - [24] MIRKO.POZEN: Début d'Upload de D:\kerberos.htx\privatezilla\it\Privatezilla.resources.dll
[22:41:22] - [24] MIRKO.POZEN: Fichier Upload: D:\kerberos.htx\privatezilla\it\Privatezilla.resources.dll (27,50 K/S -   28 160 bytes)
[22:41:22] - [24] MIRKO.POZEN: Répertoire en Cours: D:\kerberos.htx\privatezilla\
[22:41:22] - [24] MIRKO.POZEN: Début d'Upload de D:\kerberos.htx\privatezilla\Privatezilla.exe
[22:41:22] - [24] MIRKO.POZEN: Fichier Upload: D:\kerberos.htx\privatezilla\Privatezilla.exe (360,50 K/S -   369 152 bytes)
[22:41:22] - [24] MIRKO.POZEN: Répertoire en Cours: D:\kerberos.htx\privatezilla\ru\
[22:41:23] - [24] MIRKO.POZEN: Début d'Upload de D:\kerberos.htx\privatezilla\ru\Privatezilla.resources.dll
[22:41:23] - [24] MIRKO.POZEN: Fichier Upload: D:\kerberos.htx\privatezilla\ru\Privatezilla.resources.dll (36,50 K/S -   37 376 bytes)
[22:41:23] - [24] MIRKO.POZEN: Répertoire en Cours: D:\kerberos.htx\privatezilla\tr\
[22:41:24] - [24] MIRKO.POZEN: Début d'Upload de D:\kerberos.htx\privatezilla\tr\Privatezilla.resources.dll
[22:41:24] - [24] MIRKO.POZEN: Fichier Upload: D:\kerberos.htx\privatezilla\tr\Privatezilla.resources.dll (27,50 K/S -   28 160 bytes)
[22:41:24] - [24] MIRKO.POZEN: Répertoire en Cours: D:\kerberos.htx\privatezilla\zh\
[22:41:25] - [24] MIRKO.POZEN: Début d'Upload de D:\kerberos.htx\privatezilla\zh\Privatezilla.resources.dll
[22:41:25] - [24] MIRKO.POZEN: Fichier Upload: D:\kerberos.htx\privatezilla\zh\Privatezilla.resources.dll (23,50 K/S -   24 064 bytes)
[22:41:56] - [24] Client 192.168.1.13 Déconnecté (00:00:37 Min)
[22:48:22] - [26] Connecté à 192.168.1.13. Collecte du Nom d'utilisateur.
[22:48:22] - [27] Connecté à 192.168.1.13. Collecte du Nom d'utilisateur.
[22:48:22] - [27] Client 192.168.1.13 Déconnecté (00:00:00 Min)
[22:48:22] - [26] Usager MIRKO.POZEN Connecté IP: 192.168.1.13
[22:48:22] - [26] MIRKO.POZEN: Répertoire en Cours: D:\kerberos.htx\
[22:48:22] - [26] MIRKO.POZEN: Répertoire en Cours: D:\kerberos.htx\privatezilla\fr\
[22:48:22] - [26] MIRKO.POZEN: Nouveau Répertoire: D:\kerberos.htx\privatezilla\fr\FileZilla
[22:48:22] - [26] MIRKO.POZEN: Répertoire en Cours: D:\kerberos.htx\privatezilla\fr\FileZilla\
[22:48:23] - [26] MIRKO.POZEN: Début d'Upload de D:\kerberos.htx\privatezilla\fr\FileZilla\dbghelp.dll
[22:48:23] - [26] MIRKO.POZEN: Fichier Upload: D:\kerberos.htx\privatezilla\fr\FileZilla\dbghelp.dll (316,00 K/S -   323 584 bytes)
[22:48:23] - [26] MIRKO.POZEN: Début d'Upload de D:\kerberos.htx\privatezilla\fr\FileZilla\DMHelp.chm
[22:48:24] - [26] MIRKO.POZEN: Fichier Upload: D:\kerberos.htx\privatezilla\fr\FileZilla\DMHelp.chm (212,81 K/S -   217 914 bytes)
[22:48:24] - [26] MIRKO.POZEN: Début d'Upload de D:\kerberos.htx\privatezilla\fr\FileZilla\DMSplash.spl
[22:48:24] - [26] MIRKO.POZEN: Fichier Upload: D:\kerberos.htx\privatezilla\fr\FileZilla\DMSplash.spl (299,63 K/S -   306 818 bytes)
[22:48:24] - [26] MIRKO.POZEN: Début d'Upload de D:\kerberos.htx\privatezilla\fr\FileZilla\FileZilla.chm
[22:48:25] - [26] MIRKO.POZEN: Fichier Upload: D:\kerberos.htx\privatezilla\fr\FileZilla\FileZilla.chm (275,56 K/S -   282 176 bytes)
[22:48:25] - [26] MIRKO.POZEN: Début d'Upload de D:\kerberos.htx\privatezilla\fr\FileZilla\FileZilla.exe
[22:48:25] - [26] MIRKO.POZEN: Fichier Upload: D:\kerberos.htx\privatezilla\fr\FileZilla\FileZilla.exe (1 592,00 K/S -  1 630 208 bytes)
[22:48:25] - [26] MIRKO.POZEN: Début d'Upload de D:\kerberos.htx\privatezilla\fr\FileZilla\FileZilla.pdb
[22:48:26] - [26] MIRKO.POZEN: Fichier Upload: D:\kerberos.htx\privatezilla\fr\FileZilla\FileZilla.pdb (3 369,50 K/S -  6 900 736 bytes)
[22:48:26] - [26] MIRKO.POZEN: Début d'Upload de D:\kerberos.htx\privatezilla\fr\FileZilla\FileZilla.xml
[22:48:26] - [26] MIRKO.POZEN: Fichier Upload: D:\kerberos.htx\privatezilla\fr\FileZilla\FileZilla.xml (9,80 K/S -   10 037 bytes)
[22:48:26] - [26] MIRKO.POZEN: Début d'Upload de D:\kerberos.htx\privatezilla\fr\FileZilla\FileZillaFrench.chm
[22:48:27] - [26] MIRKO.POZEN: Fichier Upload: D:\kerberos.htx\privatezilla\fr\FileZilla\FileZillaFrench.chm (282,64 K/S -   289 419 bytes)
[22:48:27] - [26] MIRKO.POZEN: Début d'Upload de D:\kerberos.htx\privatezilla\fr\FileZilla\FTPHelp.chm
[22:48:27] - [26] MIRKO.POZEN: Fichier Upload: D:\kerberos.htx\privatezilla\fr\FileZilla\FTPHelp.chm (171,76 K/S -   175 885 bytes)
[22:48:27] - [26] MIRKO.POZEN: Début d'Upload de D:\kerberos.htx\privatezilla\fr\FileZilla\FTPSplash.spl
[22:48:28] - [26] MIRKO.POZEN: Fichier Upload: D:\kerberos.htx\privatezilla\fr\FileZilla\FTPSplash.spl (257,36 K/S -   263 540 bytes)
[22:48:28] - [26] MIRKO.POZEN: Début d'Upload de D:\kerberos.htx\privatezilla\fr\FileZilla\FzGSS.dll
[22:48:28] - [26] MIRKO.POZEN: Fichier Upload: D:\kerberos.htx\privatezilla\fr\FileZilla\FzGSS.dll (61,50 K/S -   62 976 bytes)
[22:48:28] - [26] MIRKO.POZEN: Début d'Upload de D:\kerberos.htx\privatezilla\fr\FileZilla\FzResBr.dll
[22:48:28] - [26] MIRKO.POZEN: Fichier Upload: D:\kerberos.htx\privatezilla\fr\FileZilla\FzResBr.dll (112,00 K/S -   114 688 bytes)
[22:48:28] - [26] MIRKO.POZEN: Début d'Upload de D:\kerberos.htx\privatezilla\fr\FileZilla\FzResBu.dll
[22:48:29] - [26] MIRKO.POZEN: Fichier Upload: D:\kerberos.htx\privatezilla\fr\FileZilla\FzResBu.dll (108,00 K/S -   110 592 bytes)
[22:48:29] - [26] MIRKO.POZEN: Début d'Upload de D:\kerberos.htx\privatezilla\fr\FileZilla\FzResCa.dll
[22:48:29] - [26] MIRKO.POZEN: Fichier Upload: D:\kerberos.htx\privatezilla\fr\FileZilla\FzResCa.dll (100,00 K/S -   102 400 bytes)
[22:48:29] - [26] MIRKO.POZEN: Début d'Upload de D:\kerberos.htx\privatezilla\fr\FileZilla\FzResCh.dll
[22:48:29] - [26] MIRKO.POZEN: Fichier Upload: D:\kerberos.htx\privatezilla\fr\FileZilla\FzResCh.dll (80,00 K/S -   81 920 bytes)
[22:48:29] - [26] MIRKO.POZEN: Début d'Upload de D:\kerberos.htx\privatezilla\fr\FileZilla\FzResChs.dll
[22:48:30] - [26] MIRKO.POZEN: Fichier Upload: D:\kerberos.htx\privatezilla\fr\FileZilla\FzResChs.dll (76,00 K/S -   77 824 bytes)
[22:48:30] - [26] MIRKO.POZEN: Début d'Upload de D:\kerberos.htx\privatezilla\fr\FileZilla\FzResCze.dll
[22:48:30] - [26] MIRKO.POZEN: Fichier Upload: D:\kerberos.htx\privatezilla\fr\FileZilla\FzResCze.dll (84,00 K/S -   86 016 bytes)
[22:48:30] - [26] MIRKO.POZEN: Début d'Upload de D:\kerberos.htx\privatezilla\fr\FileZilla\FzResDe.dll
[22:48:31] - [26] MIRKO.POZEN: Fichier Upload: D:\kerberos.htx\privatezilla\fr\FileZilla\FzResDe.dll (116,00 K/S -   118 784 bytes)
[22:48:31] - [26] MIRKO.POZEN: Début d'Upload de D:\kerberos.htx\privatezilla\fr\FileZilla\FzResEs.dll
[22:48:31] - [26] MIRKO.POZEN: Fichier Upload: D:\kerberos.htx\privatezilla\fr\FileZilla\FzResEs.dll (108,00 K/S -   110 592 bytes)
[22:48:31] - [26] MIRKO.POZEN: Début d'Upload de D:\kerberos.htx\privatezilla\fr\FileZilla\FzResFr.dll
[22:48:31] - [26] MIRKO.POZEN: Fichier Upload: D:\kerberos.htx\privatezilla\fr\FileZilla\FzResFr.dll (116,00 K/S -   118 784 bytes)
[22:48:31] - [26] MIRKO.POZEN: Début d'Upload de D:\kerberos.htx\privatezilla\fr\FileZilla\FzResHu.dll
[22:48:31] - [26] MIRKO.POZEN: Fichier Upload: D:\kerberos.htx\privatezilla\fr\FileZilla\FzResHu.dll (96,00 K/S -   98 304 bytes)
[22:48:31] - [26] MIRKO.POZEN: Début d'Upload de D:\kerberos.htx\privatezilla\fr\FileZilla\FzResIt.dll
[22:48:31] - [26] MIRKO.POZEN: Fichier Upload: D:\kerberos.htx\privatezilla\fr\FileZilla\FzResIt.dll (112,00 K/S -   114 688 bytes)
[22:48:32] - [26] MIRKO.POZEN: Début d'Upload de D:\kerberos.htx\privatezilla\fr\FileZilla\FzResJp.dll
[22:48:32] - [26] MIRKO.POZEN: Fichier Upload: D:\kerberos.htx\privatezilla\fr\FileZilla\FzResJp.dll (72,00 K/S -   73 728 bytes)
[22:48:32] - [26] MIRKO.POZEN: Début d'Upload de D:\kerberos.htx\privatezilla\fr\FileZilla\FzResKr.dll
[22:48:32] - [26] MIRKO.POZEN: Fichier Upload: D:\kerberos.htx\privatezilla\fr\FileZilla\FzResKr.dll (84,00 K/S -   86 016 bytes)
[22:48:32] - [26] MIRKO.POZEN: Début d'Upload de D:\kerberos.htx\privatezilla\fr\FileZilla\FzResNor.dll
[22:48:32] - [26] MIRKO.POZEN: Fichier Upload: D:\kerberos.htx\privatezilla\fr\FileZilla\FzResNor.dll (88,00 K/S -   90 112 bytes)
[22:48:32] - [26] MIRKO.POZEN: Début d'Upload de D:\kerberos.htx\privatezilla\fr\FileZilla\FzResPo.dll
[22:48:32] - [26] MIRKO.POZEN: Fichier Upload: D:\kerberos.htx\privatezilla\fr\FileZilla\FzResPo.dll (108,00 K/S -   110 592 bytes)
[22:48:32] - [26] MIRKO.POZEN: Début d'Upload de D:\kerberos.htx\privatezilla\fr\FileZilla\FzResRu.dll
[22:48:32] - [26] MIRKO.POZEN: Fichier Upload: D:\kerberos.htx\privatezilla\fr\FileZilla\FzResRu.dll (104,00 K/S -   106 496 bytes)
[22:48:32] - [26] MIRKO.POZEN: Début d'Upload de D:\kerberos.htx\privatezilla\fr\FileZilla\FzResSk.dll
[22:48:32] - [26] MIRKO.POZEN: Fichier Upload: D:\kerberos.htx\privatezilla\fr\FileZilla\FzResSk.dll (88,00 K/S -   90 112 bytes)
[22:48:33] - [26] MIRKO.POZEN: Début d'Upload de D:\kerberos.htx\privatezilla\fr\FileZilla\FzSFtp.exe
[22:48:33] - [26] MIRKO.POZEN: Fichier Upload: D:\kerberos.htx\privatezilla\fr\FileZilla\FzSFtp.exe (264,00 K/S -   270 336 bytes)
[22:48:33] - [26] MIRKO.POZEN: Début d'Upload de D:\kerberos.htx\privatezilla\fr\FileZilla\GPL.html
[22:48:33] - [26] MIRKO.POZEN: Fichier Upload: D:\kerberos.htx\privatezilla\fr\FileZilla\GPL.html (16,16 K/S -   16 543 bytes)
[22:48:33] - [26] MIRKO.POZEN: Répertoire en Cours: D:\kerberos.htx\privatezilla\fr\FileZilla\
[22:48:33] - [26] MIRKO.POZEN: Nouveau Répertoire: D:\kerberos.htx\privatezilla\fr\FileZilla\irc
[22:48:33] - [26] MIRKO.POZEN: Répertoire en Cours: D:\kerberos.htx\privatezilla\fr\FileZilla\irc\
[22:48:33] - [26] MIRKO.POZEN: Nouveau Répertoire: D:\kerberos.htx\privatezilla\fr\FileZilla\irc\lightIRC
[22:48:33] - [26] MIRKO.POZEN: Répertoire en Cours: D:\kerberos.htx\privatezilla\fr\FileZilla\irc\lightIRC\
[22:48:34] - [26] MIRKO.POZEN: Début d'Upload de D:\kerberos.htx\privatezilla\fr\FileZilla\irc\lightIRC\config.js
[22:48:34] - [26] MIRKO.POZEN: Fichier Upload: D:\kerberos.htx\privatezilla\fr\FileZilla\irc\lightIRC\config.js (3,86 K/S -   3 953 bytes)
[22:48:34] - [26] MIRKO.POZEN: Répertoire en Cours: D:\kerberos.htx\privatezilla\fr\FileZilla\irc\lightIRC\
[22:48:34] - [26] MIRKO.POZEN: Nouveau Répertoire: D:\kerberos.htx\privatezilla\fr\FileZilla\irc\lightIRC\css
[22:48:34] - [26] MIRKO.POZEN: Répertoire en Cours: D:\kerberos.htx\privatezilla\fr\FileZilla\irc\lightIRC\css\
[22:48:34] - [26] MIRKO.POZEN: Début d'Upload de D:\kerberos.htx\privatezilla\fr\FileZilla\irc\lightIRC\css\background.css
[22:48:34] - [26] MIRKO.POZEN: Fichier Upload: D:\kerberos.htx\privatezilla\fr\FileZilla\irc\lightIRC\css\background.css (0,61 K/S -    624 bytes)
[22:48:34] - [26] MIRKO.POZEN: Début d'Upload de D:\kerberos.htx\privatezilla\fr\FileZilla\irc\lightIRC\css\black.css
[22:48:34] - [26] MIRKO.POZEN: Fichier Upload: D:\kerberos.htx\privatezilla\fr\FileZilla\irc\lightIRC\css\black.css (3,26 K/S -   3 343 bytes)
[22:48:34] - [26] MIRKO.POZEN: Début d'Upload de D:\kerberos.htx\privatezilla\fr\FileZilla\irc\lightIRC\css\blue.css
[22:48:34] - [26] MIRKO.POZEN: Fichier Upload: D:\kerberos.htx\privatezilla\fr\FileZilla\irc\lightIRC\css\blue.css (3,35 K/S -   3 426 bytes)
[22:48:34] - [26] MIRKO.POZEN: Début d'Upload de D:\kerberos.htx\privatezilla\fr\FileZilla\irc\lightIRC\css\darkorange.css
[22:48:34] - [26] MIRKO.POZEN: Fichier Upload: D:\kerberos.htx\privatezilla\fr\FileZilla\irc\lightIRC\css\darkorange.css (3,61 K/S -   3 693 bytes)
[22:48:34] - [26] MIRKO.POZEN: Début d'Upload de D:\kerberos.htx\privatezilla\fr\FileZilla\irc\lightIRC\css\green.css
[22:48:34] - [26] MIRKO.POZEN: Fichier Upload: D:\kerberos.htx\privatezilla\fr\FileZilla\irc\lightIRC\css\green.css (3,35 K/S -   3 426 bytes)
[22:48:34] - [26] MIRKO.POZEN: Début d'Upload de D:\kerberos.htx\privatezilla\fr\FileZilla\irc\lightIRC\css\lightblue.css
[22:48:34] - [26] MIRKO.POZEN: Fichier Upload: D:\kerberos.htx\privatezilla\fr\FileZilla\irc\lightIRC\css\lightblue.css (3,35 K/S -   3 426 bytes)
[22:48:34] - [26] MIRKO.POZEN: Début d'Upload de D:\kerberos.htx\privatezilla\fr\FileZilla\irc\lightIRC\css\turquoise.css
[22:48:34] - [26] MIRKO.POZEN: Fichier Upload: D:\kerberos.htx\privatezilla\fr\FileZilla\irc\lightIRC\css\turquoise.css (3,49 K/S -   3 572 bytes)
[22:48:34] - [26] MIRKO.POZEN: Début d'Upload de D:\kerberos.htx\privatezilla\fr\FileZilla\irc\lightIRC\css\yellow.css
[22:48:34] - [26] MIRKO.POZEN: Fichier Upload: D:\kerberos.htx\privatezilla\fr\FileZilla\irc\lightIRC\css\yellow.css (3,35 K/S -   3 426 bytes)
[22:48:34] - [26] MIRKO.POZEN: Répertoire en Cours: D:\kerberos.htx\privatezilla\fr\FileZilla\irc\lightIRC\
[22:48:34] - [26] MIRKO.POZEN: Nouveau Répertoire: D:\kerberos.htx\privatezilla\fr\FileZilla\irc\lightIRC\emoticons
[22:48:34] - [26] MIRKO.POZEN: Répertoire en Cours: D:\kerberos.htx\privatezilla\fr\FileZilla\irc\lightIRC\emoticons\
[22:48:34] - [26] MIRKO.POZEN: Début d'Upload de D:\kerberos.htx\privatezilla\fr\FileZilla\irc\lightIRC\emoticons\biggrin.gif
[22:48:34] - [26] MIRKO.POZEN: Fichier Upload: D:\kerberos.htx\privatezilla\fr\FileZilla\irc\lightIRC\emoticons\biggrin.gif (0,64 K/S -    651 bytes)
[22:48:35] - [26] MIRKO.POZEN: Début d'Upload de D:\kerberos.htx\privatezilla\fr\FileZilla\irc\lightIRC\emoticons\blink.gif
[22:48:35] - [26] MIRKO.POZEN: Fichier Upload: D:\kerberos.htx\privatezilla\fr\FileZilla\irc\lightIRC\emoticons\blink.gif (0,64 K/S -    655 bytes)
[22:48:35] - [26] MIRKO.POZEN: Début d'Upload de D:\kerberos.htx\privatezilla\fr\FileZilla\irc\lightIRC\emoticons\blushing.gif
[22:48:35] - [26] MIRKO.POZEN: Fichier Upload: D:\kerberos.htx\privatezilla\fr\FileZilla\irc\lightIRC\emoticons\blushing.gif (1,07 K/S -   1 094 bytes)
[22:48:35] - [26] MIRKO.POZEN: Début d'Upload de D:\kerberos.htx\privatezilla\fr\FileZilla\irc\lightIRC\emoticons\cool.gif
[22:48:35] - [26] MIRKO.POZEN: Fichier Upload: D:\kerberos.htx\privatezilla\fr\FileZilla\irc\lightIRC\emoticons\cool.gif (0,64 K/S -    651 bytes)
[22:48:35] - [26] MIRKO.POZEN: Début d'Upload de D:\kerberos.htx\privatezilla\fr\FileZilla\irc\lightIRC\emoticons\crying.gif
[22:48:35] - [26] MIRKO.POZEN: Fichier Upload: D:\kerberos.htx\privatezilla\fr\FileZilla\irc\lightIRC\emoticons\crying.gif (1,03 K/S -   1 053 bytes)
[22:48:35] - [26] MIRKO.POZEN: Début d'Upload de D:\kerberos.htx\privatezilla\fr\FileZilla\irc\lightIRC\emoticons\mad.gif
[22:48:35] - [26] MIRKO.POZEN: Fichier Upload: D:\kerberos.htx\privatezilla\fr\FileZilla\irc\lightIRC\emoticons\mad.gif (0,64 K/S -    654 bytes)
[22:48:35] - [26] MIRKO.POZEN: Début d'Upload de D:\kerberos.htx\privatezilla\fr\FileZilla\irc\lightIRC\emoticons\mellow.gif
[22:48:35] - [26] MIRKO.POZEN: Fichier Upload: D:\kerberos.htx\privatezilla\fr\FileZilla\irc\lightIRC\emoticons\mellow.gif (0,64 K/S -    653 bytes)
[22:48:35] - [26] MIRKO.POZEN: Début d'Upload de D:\kerberos.htx\privatezilla\fr\FileZilla\irc\lightIRC\emoticons\ohmy.gif
[22:48:35] - [26] MIRKO.POZEN: Fichier Upload: D:\kerberos.htx\privatezilla\fr\FileZilla\irc\lightIRC\emoticons\ohmy.gif (0,64 K/S -    653 bytes)
[22:48:35] - [26] MIRKO.POZEN: Début d'Upload de D:\kerberos.htx\privatezilla\fr\FileZilla\irc\lightIRC\emoticons\sad.gif
[22:48:35] - [26] MIRKO.POZEN: Fichier Upload: D:\kerberos.htx\privatezilla\fr\FileZilla\irc\lightIRC\emoticons\sad.gif (0,64 K/S -    653 bytes)
[22:48:35] - [26] MIRKO.POZEN: Début d'Upload de D:\kerberos.htx\privatezilla\fr\FileZilla\irc\lightIRC\emoticons\smile.gif
[22:48:35] - [26] MIRKO.POZEN: Fichier Upload: D:\kerberos.htx\privatezilla\fr\FileZilla\irc\lightIRC\emoticons\smile.gif (0,64 K/S -    654 bytes)
[22:48:35] - [26] MIRKO.POZEN: Début d'Upload de D:\kerberos.htx\privatezilla\fr\FileZilla\irc\lightIRC\emoticons\tongue.gif
[22:48:35] - [26] MIRKO.POZEN: Fichier Upload: D:\kerberos.htx\privatezilla\fr\FileZilla\irc\lightIRC\emoticons\tongue.gif (0,64 K/S -    653 bytes)
[22:48:35] - [26] MIRKO.POZEN: Début d'Upload de D:\kerberos.htx\privatezilla\fr\FileZilla\irc\lightIRC\emoticons\unsure.gif
[22:48:35] - [26] MIRKO.POZEN: Fichier Upload: D:\kerberos.htx\privatezilla\fr\FileZilla\irc\lightIRC\emoticons\unsure.gif (1,04 K/S -   1 067 bytes)
[22:48:35] - [26] MIRKO.POZEN: Début d'Upload de D:\kerberos.htx\privatezilla\fr\FileZilla\irc\lightIRC\emoticons\wink.gif
[22:48:35] - [26] MIRKO.POZEN: Fichier Upload: D:\kerberos.htx\privatezilla\fr\FileZilla\irc\lightIRC\emoticons\wink.gif (0,64 K/S -    655 bytes)
[22:48:35] - [26] MIRKO.POZEN: Répertoire en Cours: D:\kerberos.htx\privatezilla\fr\FileZilla\irc\lightIRC\
[22:48:36] - [26] MIRKO.POZEN: Début d'Upload de D:\kerberos.htx\privatezilla\fr\FileZilla\irc\lightIRC\expressInstall.swf
[22:48:36] - [26] MIRKO.POZEN: Fichier Upload: D:\kerberos.htx\privatezilla\fr\FileZilla\irc\lightIRC\expressInstall.swf (0,71 K/S -    727 bytes)
[22:48:36] - [26] MIRKO.POZEN: Répertoire en Cours: D:\kerberos.htx\privatezilla\fr\FileZilla\irc\lightIRC\
[22:48:36] - [26] MIRKO.POZEN: Nouveau Répertoire: D:\kerberos.htx\privatezilla\fr\FileZilla\irc\lightIRC\icons
[22:48:36] - [26] MIRKO.POZEN: Répertoire en Cours: D:\kerberos.htx\privatezilla\fr\FileZilla\irc\lightIRC\icons\
[22:48:36] - [26] MIRKO.POZEN: Début d'Upload de D:\kerberos.htx\privatezilla\fr\FileZilla\irc\lightIRC\icons\admin.png
[22:48:36] - [26] MIRKO.POZEN: Fichier Upload: D:\kerberos.htx\privatezilla\fr\FileZilla\irc\lightIRC\icons\admin.png (1,08 K/S -   1 108 bytes)
[22:48:36] - [26] MIRKO.POZEN: Début d'Upload de D:\kerberos.htx\privatezilla\fr\FileZilla\irc\lightIRC\icons\default.png
[22:48:36] - [26] MIRKO.POZEN: Fichier Upload: D:\kerberos.htx\privatezilla\fr\FileZilla\irc\lightIRC\icons\default.png (0,86 K/S -    878 bytes)
[22:48:36] - [26] MIRKO.POZEN: Début d'Upload de D:\kerberos.htx\privatezilla\fr\FileZilla\irc\lightIRC\icons\halfop.png
[22:48:36] - [26] MIRKO.POZEN: Fichier Upload: D:\kerberos.htx\privatezilla\fr\FileZilla\irc\lightIRC\icons\halfop.png (1,08 K/S -   1 108 bytes)
[22:48:36] - [26] MIRKO.POZEN: Début d'Upload de D:\kerberos.htx\privatezilla\fr\FileZilla\irc\lightIRC\icons\operator.png
[22:48:36] - [26] MIRKO.POZEN: Fichier Upload: D:\kerberos.htx\privatezilla\fr\FileZilla\irc\lightIRC\icons\operator.png (1,08 K/S -   1 108 bytes)
[22:48:36] - [26] MIRKO.POZEN: Début d'Upload de D:\kerberos.htx\privatezilla\fr\FileZilla\irc\lightIRC\icons\owner.png
[22:48:36] - [26] MIRKO.POZEN: Fichier Upload: D:\kerberos.htx\privatezilla\fr\FileZilla\irc\lightIRC\icons\owner.png (1,08 K/S -   1 108 bytes)
[22:48:36] - [26] MIRKO.POZEN: Début d'Upload de D:\kerberos.htx\privatezilla\fr\FileZilla\irc\lightIRC\icons\voice.png
[22:48:36] - [26] MIRKO.POZEN: Fichier Upload: D:\kerberos.htx\privatezilla\fr\FileZilla\irc\lightIRC\icons\voice.png (1,08 K/S -   1 108 bytes)
[22:48:36] - [26] MIRKO.POZEN: Répertoire en Cours: D:\kerberos.htx\privatezilla\fr\FileZilla\irc\lightIRC\
[22:48:36] - [26] MIRKO.POZEN: Début d'Upload de D:\kerberos.htx\privatezilla\fr\FileZilla\irc\lightIRC\index.html
[22:48:36] - [26] MIRKO.POZEN: Fichier Upload: D:\kerberos.htx\privatezilla\fr\FileZilla\irc\lightIRC\index.html (1,14 K/S -   1 170 bytes)
[22:48:36] - [26] MIRKO.POZEN: Répertoire en Cours: D:\kerberos.htx\privatezilla\fr\FileZilla\irc\lightIRC\
[22:48:36] - [26] MIRKO.POZEN: Nouveau Répertoire: D:\kerberos.htx\privatezilla\fr\FileZilla\irc\lightIRC\language
[22:48:36] - [26] MIRKO.POZEN: Répertoire en Cours: D:\kerberos.htx\privatezilla\fr\FileZilla\irc\lightIRC\language\
[22:48:36] - [26] MIRKO.POZEN: Début d'Upload de D:\kerberos.htx\privatezilla\fr\FileZilla\irc\lightIRC\language\ar_SY.swf
[22:48:36] - [26] MIRKO.POZEN: Fichier Upload: D:\kerberos.htx\privatezilla\fr\FileZilla\irc\lightIRC\language\ar_SY.swf (24,91 K/S -   25 506 bytes)
[22:48:37] - [26] MIRKO.POZEN: Début d'Upload de D:\kerberos.htx\privatezilla\fr\FileZilla\irc\lightIRC\language\bd_BD.swf
[22:48:37] - [26] MIRKO.POZEN: Fichier Upload: D:\kerberos.htx\privatezilla\fr\FileZilla\irc\lightIRC\language\bd_BD.swf (24,85 K/S -   25 449 bytes)
[22:48:37] - [26] MIRKO.POZEN: Début d'Upload de D:\kerberos.htx\privatezilla\fr\FileZilla\irc\lightIRC\language\bg_BG.swf
[22:48:37] - [26] MIRKO.POZEN: Fichier Upload: D:\kerberos.htx\privatezilla\fr\FileZilla\irc\lightIRC\language\bg_BG.swf (25,14 K/S -   25 744 bytes)
[22:48:37] - [26] MIRKO.POZEN: Début d'Upload de D:\kerberos.htx\privatezilla\fr\FileZilla\irc\lightIRC\language\cs_CZ.swf
[22:48:37] - [26] MIRKO.POZEN: Fichier Upload: D:\kerberos.htx\privatezilla\fr\FileZilla\irc\lightIRC\language\cs_CZ.swf (25,01 K/S -   25 609 bytes)
[22:48:37] - [26] MIRKO.POZEN: Début d'Upload de D:\kerberos.htx\privatezilla\fr\FileZilla\irc\lightIRC\language\da_DK.swf
[22:48:37] - [26] MIRKO.POZEN: Fichier Upload: D:\kerberos.htx\privatezilla\fr\FileZilla\irc\lightIRC\language\da_DK.swf (24,82 K/S -   25 417 bytes)
[22:48:37] - [26] MIRKO.POZEN: Début d'Upload de D:\kerberos.htx\privatezilla\fr\FileZilla\irc\lightIRC\language\de_DE.swf
[22:48:37] - [26] MIRKO.POZEN: Fichier Upload: D:\kerberos.htx\privatezilla\fr\FileZilla\irc\lightIRC\language\de_DE.swf (25,08 K/S -   25 685 bytes)
[22:48:37] - [26] MIRKO.POZEN: Début d'Upload de D:\kerberos.htx\privatezilla\fr\FileZilla\irc\lightIRC\language\el_GR.swf
[22:48:37] - [26] MIRKO.POZEN: Fichier Upload: D:\kerberos.htx\privatezilla\fr\FileZilla\irc\lightIRC\language\el_GR.swf (25,42 K/S -   26 034 bytes)
[22:48:37] - [26] MIRKO.POZEN: Début d'Upload de D:\kerberos.htx\privatezilla\fr\FileZilla\irc\lightIRC\language\es_ES.swf
[22:48:37] - [26] MIRKO.POZEN: Fichier Upload: D:\kerberos.htx\privatezilla\fr\FileZilla\irc\lightIRC\language\es_ES.swf (24,93 K/S -   25 533 bytes)
[22:48:37] - [26] MIRKO.POZEN: Début d'Upload de D:\kerberos.htx\privatezilla\fr\FileZilla\irc\lightIRC\language\et_EE.swf
[22:48:37] - [26] MIRKO.POZEN: Fichier Upload: D:\kerberos.htx\privatezilla\fr\FileZilla\irc\lightIRC\language\et_EE.swf (24,86 K/S -   25 453 bytes)
[22:48:37] - [26] MIRKO.POZEN: Début d'Upload de D:\kerberos.htx\privatezilla\fr\FileZilla\irc\lightIRC\language\fi_FI.swf
[22:48:37] - [26] MIRKO.POZEN: Fichier Upload: D:\kerberos.htx\privatezilla\fr\FileZilla\irc\lightIRC\language\fi_FI.swf (24,93 K/S -   25 529 bytes)
[22:48:37] - [26] MIRKO.POZEN: Début d'Upload de D:\kerberos.htx\privatezilla\fr\FileZilla\irc\lightIRC\language\fr_FR.swf
[22:48:37] - [26] MIRKO.POZEN: Fichier Upload: D:\kerberos.htx\privatezilla\fr\FileZilla\irc\lightIRC\language\fr_FR.swf (24,93 K/S -   25 531 bytes)
[22:48:38] - [26] MIRKO.POZEN: Début d'Upload de D:\kerberos.htx\privatezilla\fr\FileZilla\irc\lightIRC\language\hr_HR.swf
[22:48:38] - [26] MIRKO.POZEN: Fichier Upload: D:\kerberos.htx\privatezilla\fr\FileZilla\irc\lightIRC\language\hr_HR.swf (24,95 K/S -   25 547 bytes)
[22:48:38] - [26] MIRKO.POZEN: Début d'Upload de D:\kerberos.htx\privatezilla\fr\FileZilla\irc\lightIRC\language\hu_HU.swf
[22:48:38] - [26] MIRKO.POZEN: Fichier Upload: D:\kerberos.htx\privatezilla\fr\FileZilla\irc\lightIRC\language\hu_HU.swf (24,80 K/S -   25 399 bytes)
[22:48:38] - [26] MIRKO.POZEN: Début d'Upload de D:\kerberos.htx\privatezilla\fr\FileZilla\irc\lightIRC\language\id_ID.swf
[22:48:38] - [26] MIRKO.POZEN: Fichier Upload: D:\kerberos.htx\privatezilla\fr\FileZilla\irc\lightIRC\language\id_ID.swf (24,90 K/S -   25 500 bytes)
[22:48:38] - [26] MIRKO.POZEN: Début d'Upload de D:\kerberos.htx\privatezilla\fr\FileZilla\irc\lightIRC\language\it_IT.swf
[22:48:38] - [26] MIRKO.POZEN: Fichier Upload: D:\kerberos.htx\privatezilla\fr\FileZilla\irc\lightIRC\language\it_IT.swf (24,76 K/S -   25 356 bytes)
[22:48:38] - [26] MIRKO.POZEN: Début d'Upload de D:\kerberos.htx\privatezilla\fr\FileZilla\irc\lightIRC\language\ja_JP.swf
[22:48:38] - [26] MIRKO.POZEN: Fichier Upload: D:\kerberos.htx\privatezilla\fr\FileZilla\irc\lightIRC\language\ja_JP.swf (25,11 K/S -   25 708 bytes)
[22:48:38] - [26] MIRKO.POZEN: Début d'Upload de D:\kerberos.htx\privatezilla\fr\FileZilla\irc\lightIRC\language\lv_LV.swf
[22:48:38] - [26] MIRKO.POZEN: Fichier Upload: D:\kerberos.htx\privatezilla\fr\FileZilla\irc\lightIRC\language\lv_LV.swf (25,14 K/S -   25 741 bytes)
[22:48:38] - [26] MIRKO.POZEN: Début d'Upload de D:\kerberos.htx\privatezilla\fr\FileZilla\irc\lightIRC\language\nl_NL.swf
[22:48:38] - [26] MIRKO.POZEN: Fichier Upload: D:\kerberos.htx\privatezilla\fr\FileZilla\irc\lightIRC\language\nl_NL.swf (24,88 K/S -   25 482 bytes)
[22:48:38] - [26] MIRKO.POZEN: Début d'Upload de D:\kerberos.htx\privatezilla\fr\FileZilla\irc\lightIRC\language\no_NO.swf
[22:48:38] - [26] MIRKO.POZEN: Fichier Upload: D:\kerberos.htx\privatezilla\fr\FileZilla\irc\lightIRC\language\no_NO.swf (24,95 K/S -   25 553 bytes)
[22:48:38] - [26] MIRKO.POZEN: Début d'Upload de D:\kerberos.htx\privatezilla\fr\FileZilla\irc\lightIRC\language\pl_PL.swf
[22:48:38] - [26] MIRKO.POZEN: Fichier Upload: D:\kerberos.htx\privatezilla\fr\FileZilla\irc\lightIRC\language\pl_PL.swf (24,99 K/S -   25 589 bytes)
[22:48:38] - [26] MIRKO.POZEN: Début d'Upload de D:\kerberos.htx\privatezilla\fr\FileZilla\irc\lightIRC\language\pt_BR.swf
[22:48:38] - [26] MIRKO.POZEN: Fichier Upload: D:\kerberos.htx\privatezilla\fr\FileZilla\irc\lightIRC\language\pt_BR.swf (24,85 K/S -   25 445 bytes)
[22:48:38] - [26] MIRKO.POZEN: Début d'Upload de D:\kerberos.htx\privatezilla\fr\FileZilla\irc\lightIRC\language\pt_PT.swf
[22:48:38] - [26] MIRKO.POZEN: Fichier Upload: D:\kerberos.htx\privatezilla\fr\FileZilla\irc\lightIRC\language\pt_PT.swf (24,92 K/S -   25 517 bytes)
[22:48:38] - [26] MIRKO.POZEN: Début d'Upload de D:\kerberos.htx\privatezilla\fr\FileZilla\irc\lightIRC\language\ro_RO.swf
[22:48:38] - [26] MIRKO.POZEN: Fichier Upload: D:\kerberos.htx\privatezilla\fr\FileZilla\irc\lightIRC\language\ro_RO.swf (25,22 K/S -   25 826 bytes)
[22:48:39] - [26] MIRKO.POZEN: Début d'Upload de D:\kerberos.htx\privatezilla\fr\FileZilla\irc\lightIRC\language\ru_RU.swf
[22:48:39] - [26] MIRKO.POZEN: Fichier Upload: D:\kerberos.htx\privatezilla\fr\FileZilla\irc\lightIRC\language\ru_RU.swf (25,22 K/S -   25 827 bytes)
[22:48:39] - [26] MIRKO.POZEN: Début d'Upload de D:\kerberos.htx\privatezilla\fr\FileZilla\irc\lightIRC\language\sk_SK.swf
[22:48:39] - [26] MIRKO.POZEN: Fichier Upload: D:\kerberos.htx\privatezilla\fr\FileZilla\irc\lightIRC\language\sk_SK.swf (24,98 K/S -   25 579 bytes)
[22:48:39] - [26] MIRKO.POZEN: Début d'Upload de D:\kerberos.htx\privatezilla\fr\FileZilla\irc\lightIRC\language\sl_SI.swf
[22:48:39] - [26] MIRKO.POZEN: Fichier Upload: D:\kerberos.htx\privatezilla\fr\FileZilla\irc\lightIRC\language\sl_SI.swf (24,95 K/S -   25 546 bytes)
[22:48:39] - [26] MIRKO.POZEN: Début d'Upload de D:\kerberos.htx\privatezilla\fr\FileZilla\irc\lightIRC\language\sq_AL.swf
[22:48:39] - [26] MIRKO.POZEN: Fichier Upload: D:\kerberos.htx\privatezilla\fr\FileZilla\irc\lightIRC\language\sq_AL.swf (24,92 K/S -   25 519 bytes)
[22:48:39] - [26] MIRKO.POZEN: Début d'Upload de D:\kerberos.htx\privatezilla\fr\FileZilla\irc\lightIRC\language\sr_RS_cyrillic.swf
[22:48:39] - [26] MIRKO.POZEN: Fichier Upload: D:\kerberos.htx\privatezilla\fr\FileZilla\irc\lightIRC\language\sr_RS_cyrillic.swf (25,47 K/S -   26 082 bytes)
[22:48:39] - [26] MIRKO.POZEN: Début d'Upload de D:\kerberos.htx\privatezilla\fr\FileZilla\irc\lightIRC\language\sr_RS_latin.swf
[22:48:39] - [26] MIRKO.POZEN: Fichier Upload: D:\kerberos.htx\privatezilla\fr\FileZilla\irc\lightIRC\language\sr_RS_latin.swf (25,16 K/S -   25 764 bytes)
[22:48:39] - [26] MIRKO.POZEN: Début d'Upload de D:\kerberos.htx\privatezilla\fr\FileZilla\irc\lightIRC\language\sv_SE.swf
[22:48:39] - [26] MIRKO.POZEN: Fichier Upload: D:\kerberos.htx\privatezilla\fr\FileZilla\irc\lightIRC\language\sv_SE.swf (24,78 K/S -   25 379 bytes)
[22:48:39] - [26] MIRKO.POZEN: Début d'Upload de D:\kerberos.htx\privatezilla\fr\FileZilla\irc\lightIRC\language\th_TH.swf
[22:48:39] - [26] MIRKO.POZEN: Fichier Upload: D:\kerberos.htx\privatezilla\fr\FileZilla\irc\lightIRC\language\th_TH.swf (25,03 K/S -   25 629 bytes)
[22:48:39] - [26] MIRKO.POZEN: Début d'Upload de D:\kerberos.htx\privatezilla\fr\FileZilla\irc\lightIRC\language\tr_TR.swf
[22:48:39] - [26] MIRKO.POZEN: Fichier Upload: D:\kerberos.htx\privatezilla\fr\FileZilla\irc\lightIRC\language\tr_TR.swf (25,32 K/S -   25 929 bytes)
[22:48:39] - [26] MIRKO.POZEN: Début d'Upload de D:\kerberos.htx\privatezilla\fr\FileZilla\irc\lightIRC\language\uk_UA.swf
[22:48:39] - [26] MIRKO.POZEN: Fichier Upload: D:\kerberos.htx\privatezilla\fr\FileZilla\irc\lightIRC\language\uk_UA.swf (25,20 K/S -   25 801 bytes)
[22:48:39] - [26] MIRKO.POZEN: Répertoire en Cours: D:\kerberos.htx\privatezilla\fr\FileZilla\irc\lightIRC\
[22:48:39] - [26] MIRKO.POZEN: Nouveau Répertoire: D:\kerberos.htx\privatezilla\fr\FileZilla\irc\lightIRC\lib
[22:48:39] - [26] MIRKO.POZEN: Répertoire en Cours: D:\kerberos.htx\privatezilla\fr\FileZilla\irc\lightIRC\lib\
[22:48:40] - [26] MIRKO.POZEN: Début d'Upload de D:\kerberos.htx\privatezilla\fr\FileZilla\irc\lightIRC\lib\framework_4.5.1.21328.swz
[22:48:40] - [26] MIRKO.POZEN: Fichier Upload: D:\kerberos.htx\privatezilla\fr\FileZilla\irc\lightIRC\lib\framework_4.5.1.21328.swz (317,68 K/S -   325 307 bytes)
[22:48:40] - [26] MIRKO.POZEN: Début d'Upload de D:\kerberos.htx\privatezilla\fr\FileZilla\irc\lightIRC\lib\mx_4.5.1.21328.swz
[22:48:40] - [26] MIRKO.POZEN: Fichier Upload: D:\kerberos.htx\privatezilla\fr\FileZilla\irc\lightIRC\lib\mx_4.5.1.21328.swz (314,49 K/S -   322 038 bytes)
[22:48:40] - [26] MIRKO.POZEN: Début d'Upload de D:\kerberos.htx\privatezilla\fr\FileZilla\irc\lightIRC\lib\rpc_4.5.1.21328.swz
[22:48:41] - [26] MIRKO.POZEN: Fichier Upload: D:\kerberos.htx\privatezilla\fr\FileZilla\irc\lightIRC\lib\rpc_4.5.1.21328.swz (129,61 K/S -   132 717 bytes)
[22:48:41] - [26] MIRKO.POZEN: Début d'Upload de D:\kerberos.htx\privatezilla\fr\FileZilla\irc\lightIRC\lib\sparkskins_4.5.1.21328.swz
[22:48:41] - [26] MIRKO.POZEN: Fichier Upload: D:\kerberos.htx\privatezilla\fr\FileZilla\irc\lightIRC\lib\sparkskins_4.5.1.21328.swz (53,14 K/S -   54 418 bytes)
[22:48:41] - [26] MIRKO.POZEN: Début d'Upload de D:\kerberos.htx\privatezilla\fr\FileZilla\irc\lightIRC\lib\spark_4.5.1.21328.swz
[22:48:41] - [26] MIRKO.POZEN: Fichier Upload: D:\kerberos.htx\privatezilla\fr\FileZilla\irc\lightIRC\lib\spark_4.5.1.21328.swz (455,84 K/S -   466 785 bytes)
[22:48:41] - [26] MIRKO.POZEN: Début d'Upload de D:\kerberos.htx\privatezilla\fr\FileZilla\irc\lightIRC\lib\textLayout_1.1.0.604.swz
[22:48:42] - [26] MIRKO.POZEN: Fichier Upload: D:\kerberos.htx\privatezilla\fr\FileZilla\irc\lightIRC\lib\textLayout_1.1.0.604.swz (153,32 K/S -   156 998 bytes)
[22:48:42] - [26] MIRKO.POZEN: Répertoire en Cours: D:\kerberos.htx\privatezilla\fr\FileZilla\irc\lightIRC\
[22:48:42] - [26] MIRKO.POZEN: Début d'Upload de D:\kerberos.htx\privatezilla\fr\FileZilla\irc\lightIRC\lightIRC.swf
[22:48:42] - [26] MIRKO.POZEN: Fichier Upload: D:\kerberos.htx\privatezilla\fr\FileZilla\irc\lightIRC\lightIRC.swf (612,35 K/S -   627 047 bytes)
[22:48:42] - [26] MIRKO.POZEN: Début d'Upload de D:\kerberos.htx\privatezilla\fr\FileZilla\irc\lightIRC\readme.txt
[22:48:42] - [26] MIRKO.POZEN: Fichier Upload: D:\kerberos.htx\privatezilla\fr\FileZilla\irc\lightIRC\readme.txt (10,46 K/S -   10 709 bytes)
[22:48:42] - [26] MIRKO.POZEN: Répertoire en Cours: D:\kerberos.htx\privatezilla\fr\FileZilla\irc\
[22:48:42] - [26] MIRKO.POZEN: Début d'Upload de D:\kerberos.htx\privatezilla\fr\FileZilla\irc\lightIRC_1.3.4_build_158.zip
[22:48:43] - [26] MIRKO.POZEN: Fichier Upload: D:\kerberos.htx\privatezilla\fr\FileZilla\irc\lightIRC_1.3.4_build_158.zip (2 894,80 K/S -  2 964 235 bytes)
[22:48:43] - [26] MIRKO.POZEN: Répertoire en Cours: D:\kerberos.htx\privatezilla\fr\FileZilla\
[22:48:43] - [26] MIRKO.POZEN: Début d'Upload de D:\kerberos.htx\privatezilla\fr\FileZilla\legal.htm
[22:48:43] - [26] MIRKO.POZEN: Fichier Upload: D:\kerberos.htx\privatezilla\fr\FileZilla\legal.htm (1,17 K/S -   1 196 bytes)
[22:48:43] - [26] MIRKO.POZEN: Début d'Upload de D:\kerberos.htx\privatezilla\fr\FileZilla\libeay32.dll
[22:48:43] - [26] MIRKO.POZEN: Fichier Upload: D:\kerberos.htx\privatezilla\fr\FileZilla\libeay32.dll (884,00 K/S -   905 216 bytes)
[22:48:43] - [26] MIRKO.POZEN: Début d'Upload de D:\kerberos.htx\privatezilla\fr\FileZilla\Nouveau document texte.txt
[22:48:43] - [26] MIRKO.POZEN: Fichier Upload: D:\kerberos.htx\privatezilla\fr\FileZilla\Nouveau document texte.txt (0,00 K/S -  20 250 624 bytes)
[22:48:43] - [26] MIRKO.POZEN: Début d'Upload de D:\kerberos.htx\privatezilla\fr\FileZilla\puttylicense.html
[22:48:43] - [26] MIRKO.POZEN: Fichier Upload: D:\kerberos.htx\privatezilla\fr\FileZilla\puttylicense.html (1,21 K/S -   1 239 bytes)
[22:48:44] - [26] MIRKO.POZEN: Début d'Upload de D:\kerberos.htx\privatezilla\fr\FileZilla\readme.htm
[22:48:44] - [26] MIRKO.POZEN: Fichier Upload: D:\kerberos.htx\privatezilla\fr\FileZilla\readme.htm (54,63 K/S -   55 944 bytes)
[22:48:44] - [26] MIRKO.POZEN: Début d'Upload de D:\kerberos.htx\privatezilla\fr\FileZilla\RFTP.skn
[22:48:44] - [26] MIRKO.POZEN: Fichier Upload: D:\kerberos.htx\privatezilla\fr\FileZilla\RFTP.skn (2 074,40 K/S -  2 124 139 bytes)
[22:48:44] - [26] MIRKO.POZEN: Début d'Upload de D:\kerberos.htx\privatezilla\fr\FileZilla\RFTP.swf
[22:48:45] - [26] MIRKO.POZEN: Fichier Upload: D:\kerberos.htx\privatezilla\fr\FileZilla\RFTP.swf (144,09 K/S -   147 548 bytes)
[22:48:45] - [26] MIRKO.POZEN: Répertoire en Cours: D:\kerberos.htx\privatezilla\fr\FileZilla\
[22:48:45] - [26] MIRKO.POZEN: Nouveau Répertoire: D:\kerberos.htx\privatezilla\fr\FileZilla\SProfiles
[22:48:45] - [26] MIRKO.POZEN: Répertoire en Cours: D:\kerberos.htx\privatezilla\fr\FileZilla\SProfiles\
[22:48:45] - [26] MIRKO.POZEN: Début d'Upload de D:\kerberos.htx\privatezilla\fr\FileZilla\SProfiles\Adobe.Profile
[22:48:45] - [26] MIRKO.POZEN: Fichier Upload: D:\kerberos.htx\privatezilla\fr\FileZilla\SProfiles\Adobe.Profile (0,07 K/S -    76 bytes)
[22:48:45] - [26] MIRKO.POZEN: Début d'Upload de D:\kerberos.htx\privatezilla\fr\FileZilla\SProfiles\Gateway 2000.Profile
[22:48:45] - [26] MIRKO.POZEN: Fichier Upload: D:\kerberos.htx\privatezilla\fr\FileZilla\SProfiles\Gateway 2000.Profile (0,09 K/S -    89 bytes)
[22:48:45] - [26] MIRKO.POZEN: Début d'Upload de D:\kerberos.htx\privatezilla\fr\FileZilla\SProfiles\Intel.Profile
[22:48:45] - [26] MIRKO.POZEN: Fichier Upload: D:\kerberos.htx\privatezilla\fr\FileZilla\SProfiles\Intel.Profile (0,07 K/S -    76 bytes)
[22:48:45] - [26] MIRKO.POZEN: Début d'Upload de D:\kerberos.htx\privatezilla\fr\FileZilla\SProfiles\IRS Tax Forms.Profile
[22:48:45] - [26] MIRKO.POZEN: Fichier Upload: D:\kerberos.htx\privatezilla\fr\FileZilla\SProfiles\IRS Tax Forms.Profile (0,08 K/S -    82 bytes)
[22:48:45] - [26] MIRKO.POZEN: Début d'Upload de D:\kerberos.htx\privatezilla\fr\FileZilla\SProfiles\McAfee.Profile
[22:48:45] - [26] MIRKO.POZEN: Fichier Upload: D:\kerberos.htx\privatezilla\fr\FileZilla\SProfiles\McAfee.Profile (0,08 K/S -    78 bytes)
[22:48:45] - [26] MIRKO.POZEN: Début d'Upload de D:\kerberos.htx\privatezilla\fr\FileZilla\SProfiles\Netscape.Profile
[22:48:45] - [26] MIRKO.POZEN: Fichier Upload: D:\kerberos.htx\privatezilla\fr\FileZilla\SProfiles\Netscape.Profile (0,08 K/S -    82 bytes)
[22:48:45] - [26] MIRKO.POZEN: Début d'Upload de D:\kerberos.htx\privatezilla\fr\FileZilla\SProfiles\Novell.Profile
[22:48:45] - [26] MIRKO.POZEN: Fichier Upload: D:\kerberos.htx\privatezilla\fr\FileZilla\SProfiles\Novell.Profile (0,08 K/S -    78 bytes)
[22:48:45] - [26] MIRKO.POZEN: Début d'Upload de D:\kerberos.htx\privatezilla\fr\FileZilla\SProfiles\Sierra.Profile
[22:48:45] - [26] MIRKO.POZEN: Fichier Upload: D:\kerberos.htx\privatezilla\fr\FileZilla\SProfiles\Sierra.Profile (0,08 K/S -    78 bytes)
[22:48:45] - [26] MIRKO.POZEN: Début d'Upload de D:\kerberos.htx\privatezilla\fr\FileZilla\SProfiles\Symantec.Profile
[22:48:45] - [26] MIRKO.POZEN: Fichier Upload: D:\kerberos.htx\privatezilla\fr\FileZilla\SProfiles\Symantec.Profile (0,08 K/S -    82 bytes)
[22:48:46] - [26] MIRKO.POZEN: Début d'Upload de D:\kerberos.htx\privatezilla\fr\FileZilla\SProfiles\Walnut Creek CDROM.Profile
[22:48:46] - [26] MIRKO.POZEN: Fichier Upload: D:\kerberos.htx\privatezilla\fr\FileZilla\SProfiles\Walnut Creek CDROM.Profile (0,09 K/S -    89 bytes)
[22:48:46] - [26] MIRKO.POZEN: Début d'Upload de D:\kerberos.htx\privatezilla\fr\FileZilla\SProfiles\Winzip.Profile
[22:48:46] - [26] MIRKO.POZEN: Fichier Upload: D:\kerberos.htx\privatezilla\fr\FileZilla\SProfiles\Winzip.Profile (0,08 K/S -    78 bytes)
[22:48:46] - [26] MIRKO.POZEN: Début d'Upload de D:\kerberos.htx\privatezilla\fr\FileZilla\SProfiles\ZD Net.Profile
[22:48:46] - [26] MIRKO.POZEN: Fichier Upload: D:\kerberos.htx\privatezilla\fr\FileZilla\SProfiles\ZD Net.Profile (0,08 K/S -    77 bytes)
[22:48:46] - [26] MIRKO.POZEN: Répertoire en Cours: D:\kerberos.htx\privatezilla\fr\FileZilla\
[22:48:46] - [26] MIRKO.POZEN: Début d'Upload de D:\kerberos.htx\privatezilla\fr\FileZilla\ssleay32.dll
[22:48:46] - [26] MIRKO.POZEN: Fichier Upload: D:\kerberos.htx\privatezilla\fr\FileZilla\ssleay32.dll (188,00 K/S -   192 512 bytes)
[22:48:46] - [26] MIRKO.POZEN: Début d'Upload de D:\kerberos.htx\privatezilla\fr\FileZilla\Thumbs.db
[22:48:46] - [26] MIRKO.POZEN: Fichier Upload: D:\kerberos.htx\privatezilla\fr\FileZilla\Thumbs.db (26,00 K/S -   26 624 bytes)
[22:48:46] - [26] MIRKO.POZEN: Début d'Upload de D:\kerberos.htx\privatezilla\fr\FileZilla\unins000.dat
[22:48:46] - [26] MIRKO.POZEN: Fichier Upload: D:\kerberos.htx\privatezilla\fr\FileZilla\unins000.dat (14,06 K/S -   14 396 bytes)
[22:48:47] - [26] MIRKO.POZEN: Début d'Upload de D:\kerberos.htx\privatezilla\fr\FileZilla\uninstall.exe
[22:48:47] - [26] MIRKO.POZEN: Fichier Upload: D:\kerberos.htx\privatezilla\fr\FileZilla\uninstall.exe (61,72 K/S -   63 204 bytes)
[22:48:47] - [26] MIRKO.POZEN: Début d'Upload de D:\kerberos.htx\privatezilla\fr\FileZilla\zilladm.swf
[22:48:48] - [26] MIRKO.POZEN: Fichier Upload: D:\kerberos.htx\privatezilla\fr\FileZilla\zilladm.swf (133,74 K/S -   136 946 bytes)
[22:49:19] - [26] Client 192.168.1.13 Déconnecté (00:00:56 Min)
[22:53:34] - [21] MIRKO.POZEN: Répertoire en Cours: D:\kerberos.htx\privatezilla\
[22:53:37] - [21] MIRKO.POZEN: Répertoire en Cours: D:\kerberos.htx\
[22:53:39] - [21] Client 192.168.1.13 Déconnecté (00:18:17 Min)
