[17:59:44] - Serveur Démarré
[17:59:44] - FTP Port: 21
[18:11:24] - [1] Connecté à 192.168.0.1. Collecte du Nom d'utilisateur.
[18:11:24] - [1] Usager MIRKO.POZEN Connecté IP: 192.168.0.1
[18:11:24] - [1] MIRKO.POZEN: Répertoire en Cours: D:\kerberos.htx\
[18:11:24] - [1] MIRKO.POZEN: Répertoire en Cours: D:\kerberos.htx\
[18:11:45] - [1] MIRKO.POZEN: Répertoire en Cours: D:\kerberos.htx\Microsoft.Office.Professional.2007.FR.By Gervais\
[18:12:11] - [1] MIRKO.POZEN: Répertoire en Cours: D:\kerberos.htx\Microsoft.Office.Professional.2007.FR.By Gervais\WORD.FR-FR\
[18:12:11] - [1] MIRKO.POZEN: Répertoire en Cours: D:\kerberos.htx\Microsoft.Office.Professional.2007.FR.By Gervais\
[18:12:11] - [1] MIRKO.POZEN: Répertoire en Cours: D:\kerberos.htx\Microsoft.Office.Professional.2007.FR.By Gervais\UPDATES\
[18:12:12] - [1] MIRKO.POZEN: Répertoire en Cours: D:\kerberos.htx\Microsoft.Office.Professional.2007.FR.By Gervais\
[18:12:12] - [1] MIRKO.POZEN: Répertoire en Cours: D:\kerberos.htx\Microsoft.Office.Professional.2007.FR.By Gervais\ROSEBUD.FR-FR\
[18:12:12] - [1] MIRKO.POZEN: Répertoire en Cours: D:\kerberos.htx\Microsoft.Office.Professional.2007.FR.By Gervais\
[18:12:12] - [1] MIRKO.POZEN: Répertoire en Cours: D:\kerberos.htx\Microsoft.Office.Professional.2007.FR.By Gervais\PUBLISHER.FR-FR\
[18:12:12] - [1] MIRKO.POZEN: Répertoire en Cours: D:\kerberos.htx\Microsoft.Office.Professional.2007.FR.By Gervais\
[18:12:12] - [1] MIRKO.POZEN: Répertoire en Cours: D:\kerberos.htx\Microsoft.Office.Professional.2007.FR.By Gervais\PROPLUS.WW\
[18:12:12] - [1] MIRKO.POZEN: Répertoire en Cours: D:\kerberos.htx\Microsoft.Office.Professional.2007.FR.By Gervais\
[18:12:12] - [1] MIRKO.POZEN: Répertoire en Cours: D:\kerberos.htx\Microsoft.Office.Professional.2007.FR.By Gervais\PROOFING.FR-FR\
[18:12:12] - [1] MIRKO.POZEN: Répertoire en Cours: D:\kerberos.htx\Microsoft.Office.Professional.2007.FR.By Gervais\PROOFING.FR-FR\PROOF.NL\
[18:12:12] - [1] MIRKO.POZEN: Répertoire en Cours: D:\kerberos.htx\Microsoft.Office.Professional.2007.FR.By Gervais\PROOFING.FR-FR\
[18:12:12] - [1] MIRKO.POZEN: Répertoire en Cours: D:\kerberos.htx\Microsoft.Office.Professional.2007.FR.By Gervais\PROOFING.FR-FR\PROOF.FR\
[18:12:13] - [1] MIRKO.POZEN: Répertoire en Cours: D:\kerberos.htx\Microsoft.Office.Professional.2007.FR.By Gervais\PROOFING.FR-FR\
[18:12:13] - [1] MIRKO.POZEN: Répertoire en Cours: D:\kerberos.htx\Microsoft.Office.Professional.2007.FR.By Gervais\PROOFING.FR-FR\PROOF.ES\
[18:12:13] - [1] MIRKO.POZEN: Répertoire en Cours: D:\kerberos.htx\Microsoft.Office.Professional.2007.FR.By Gervais\PROOFING.FR-FR\
[18:12:13] - [1] MIRKO.POZEN: Répertoire en Cours: D:\kerberos.htx\Microsoft.Office.Professional.2007.FR.By Gervais\PROOFING.FR-FR\PROOF.EN\
[18:12:13] - [1] MIRKO.POZEN: Répertoire en Cours: D:\kerberos.htx\Microsoft.Office.Professional.2007.FR.By Gervais\PROOFING.FR-FR\
[18:12:13] - [1] MIRKO.POZEN: Répertoire en Cours: D:\kerberos.htx\Microsoft.Office.Professional.2007.FR.By Gervais\PROOFING.FR-FR\PROOF.DE\
[18:12:13] - [1] MIRKO.POZEN: Répertoire en Cours: D:\kerberos.htx\Microsoft.Office.Professional.2007.FR.By Gervais\PROOFING.FR-FR\
[18:12:13] - [1] MIRKO.POZEN: Répertoire en Cours: D:\kerberos.htx\Microsoft.Office.Professional.2007.FR.By Gervais\PROOFING.FR-FR\PROOF.AR\
[18:12:13] - [1] MIRKO.POZEN: Répertoire en Cours: D:\kerberos.htx\Microsoft.Office.Professional.2007.FR.By Gervais\
[18:12:13] - [1] MIRKO.POZEN: Répertoire en Cours: D:\kerberos.htx\Microsoft.Office.Professional.2007.FR.By Gervais\POWERPOINT.FR-FR\
[18:12:13] - [1] MIRKO.POZEN: Répertoire en Cours: D:\kerberos.htx\Microsoft.Office.Professional.2007.FR.By Gervais\
[18:12:13] - [1] MIRKO.POZEN: Répertoire en Cours: D:\kerberos.htx\Microsoft.Office.Professional.2007.FR.By Gervais\OUTLOOK.FR-FR\
[18:12:13] - [1] MIRKO.POZEN: Répertoire en Cours: D:\kerberos.htx\Microsoft.Office.Professional.2007.FR.By Gervais\
[18:12:13] - [1] MIRKO.POZEN: Répertoire en Cours: D:\kerberos.htx\Microsoft.Office.Professional.2007.FR.By Gervais\OFFICE64.FR-FR\
[18:12:14] - [1] MIRKO.POZEN: Répertoire en Cours: D:\kerberos.htx\Microsoft.Office.Professional.2007.FR.By Gervais\OFFICE64.FR-FR\INFOPATH.FR-FR\
[18:12:14] - [1] MIRKO.POZEN: Répertoire en Cours: D:\kerberos.htx\Microsoft.Office.Professional.2007.FR.By Gervais\
[18:12:14] - [1] MIRKO.POZEN: Répertoire en Cours: D:\kerberos.htx\Microsoft.Office.Professional.2007.FR.By Gervais\OFFICE.FR-FR\
[18:12:14] - [1] MIRKO.POZEN: Répertoire en Cours: D:\kerberos.htx\Microsoft.Office.Professional.2007.FR.By Gervais\OFFICE.FR-FR\1036\
[18:12:14] - [1] MIRKO.POZEN: Répertoire en Cours: D:\kerberos.htx\Microsoft.Office.Professional.2007.FR.By Gervais\
[18:12:14] - [1] MIRKO.POZEN: Répertoire en Cours: D:\kerberos.htx\Microsoft.Office.Professional.2007.FR.By Gervais\INFOPATH.FR-FR\
[18:12:14] - [1] MIRKO.POZEN: Répertoire en Cours: D:\kerberos.htx\Microsoft.Office.Professional.2007.FR.By Gervais\
[18:12:14] - [1] MIRKO.POZEN: Répertoire en Cours: D:\kerberos.htx\Microsoft.Office.Professional.2007.FR.By Gervais\EXCEL.FR-FR\
[18:12:14] - [1] MIRKO.POZEN: Répertoire en Cours: D:\kerberos.htx\Microsoft.Office.Professional.2007.FR.By Gervais\
[18:12:14] - [1] MIRKO.POZEN: Répertoire en Cours: D:\kerberos.htx\Microsoft.Office.Professional.2007.FR.By Gervais\CATALOG\
[18:12:14] - [1] MIRKO.POZEN: Répertoire en Cours: D:\kerberos.htx\Microsoft.Office.Professional.2007.FR.By Gervais\
[18:12:14] - [1] MIRKO.POZEN: Répertoire en Cours: D:\kerberos.htx\Microsoft.Office.Professional.2007.FR.By Gervais\ADMIN\
[18:12:15] - [1] MIRKO.POZEN: Répertoire en Cours: D:\kerberos.htx\Microsoft.Office.Professional.2007.FR.By Gervais\ADMIN\ZH-TW\
[18:12:15] - [1] MIRKO.POZEN: Répertoire en Cours: D:\kerberos.htx\Microsoft.Office.Professional.2007.FR.By Gervais\ADMIN\
[18:12:15] - [1] MIRKO.POZEN: Répertoire en Cours: D:\kerberos.htx\Microsoft.Office.Professional.2007.FR.By Gervais\ADMIN\ZH-CN\
[18:12:15] - [1] MIRKO.POZEN: Répertoire en Cours: D:\kerberos.htx\Microsoft.Office.Professional.2007.FR.By Gervais\ADMIN\
[18:12:15] - [1] MIRKO.POZEN: Répertoire en Cours: D:\kerberos.htx\Microsoft.Office.Professional.2007.FR.By Gervais\ADMIN\KO-KR\
[18:12:15] - [1] MIRKO.POZEN: Répertoire en Cours: D:\kerberos.htx\Microsoft.Office.Professional.2007.FR.By Gervais\ADMIN\
[18:12:15] - [1] MIRKO.POZEN: Répertoire en Cours: D:\kerberos.htx\Microsoft.Office.Professional.2007.FR.By Gervais\ADMIN\JA-JP\
[18:12:15] - [1] MIRKO.POZEN: Répertoire en Cours: D:\kerberos.htx\Microsoft.Office.Professional.2007.FR.By Gervais\ADMIN\
[18:12:16] - [1] MIRKO.POZEN: Répertoire en Cours: D:\kerberos.htx\Microsoft.Office.Professional.2007.FR.By Gervais\ADMIN\IT-IT\
[18:12:16] - [1] MIRKO.POZEN: Répertoire en Cours: D:\kerberos.htx\Microsoft.Office.Professional.2007.FR.By Gervais\ADMIN\
[18:12:16] - [1] MIRKO.POZEN: Répertoire en Cours: D:\kerberos.htx\Microsoft.Office.Professional.2007.FR.By Gervais\ADMIN\FR-FR\
[18:12:16] - [1] MIRKO.POZEN: Répertoire en Cours: D:\kerberos.htx\Microsoft.Office.Professional.2007.FR.By Gervais\ADMIN\
[18:12:16] - [1] MIRKO.POZEN: Répertoire en Cours: D:\kerberos.htx\Microsoft.Office.Professional.2007.FR.By Gervais\ADMIN\ES-ES\
[18:12:16] - [1] MIRKO.POZEN: Répertoire en Cours: D:\kerberos.htx\Microsoft.Office.Professional.2007.FR.By Gervais\ADMIN\
[18:12:16] - [1] MIRKO.POZEN: Répertoire en Cours: D:\kerberos.htx\Microsoft.Office.Professional.2007.FR.By Gervais\ADMIN\EN-US\
[18:12:16] - [1] MIRKO.POZEN: Répertoire en Cours: D:\kerberos.htx\Microsoft.Office.Professional.2007.FR.By Gervais\ADMIN\
[18:12:16] - [1] MIRKO.POZEN: Répertoire en Cours: D:\kerberos.htx\Microsoft.Office.Professional.2007.FR.By Gervais\ADMIN\DE-DE\
[18:12:16] - [1] MIRKO.POZEN: Répertoire en Cours: D:\kerberos.htx\Microsoft.Office.Professional.2007.FR.By Gervais\
[18:12:16] - [1] MIRKO.POZEN: Répertoire en Cours: D:\kerberos.htx\Microsoft.Office.Professional.2007.FR.By Gervais\ACCESS.FR-FR\
[18:12:17] - [2] Connecté à 192.168.0.1. Collecte du Nom d'utilisateur.
[18:12:17] - [3] Connecté à 192.168.0.1. Collecte du Nom d'utilisateur.
[18:12:17] - [2] Usager MIRKO.POZEN Connecté IP: 192.168.0.1
[18:12:17] - [2] MIRKO.POZEN: Répertoire en Cours: D:\kerberos.htx\
[18:12:17] - [3] Usager MIRKO.POZEN Connecté IP: 192.168.0.1
[18:12:17] - [3] MIRKO.POZEN: Répertoire en Cours: D:\kerberos.htx\
[18:12:17] - [2] MIRKO.POZEN: Répertoire en Cours: D:\kerberos.htx\Microsoft.Office.Professional.2007.FR.By Gervais\
[18:12:17] - [3] MIRKO.POZEN: Répertoire en Cours: D:\kerberos.htx\Microsoft.Office.Professional.2007.FR.By Gervais\
[18:12:17] - [2] MIRKO.POZEN: Début du Téléchargement de: D:\kerberos.htx\Microsoft.Office.Professional.2007.FR.By Gervais\AUTORUN.INF
[18:12:17] - [3] MIRKO.POZEN: Début du Téléchargement de: D:\kerberos.htx\Microsoft.Office.Professional.2007.FR.By Gervais\key.txt
[18:12:17] - [2] MIRKO.POZEN: Fichier envoyé: D:\kerberos.htx\Microsoft.Office.Professional.2007.FR.By Gervais\AUTORUN.INF (0,17 K/S -    175 bytes)
[18:12:17] - [3] MIRKO.POZEN: Fichier envoyé: D:\kerberos.htx\Microsoft.Office.Professional.2007.FR.By Gervais\key.txt (0,03 K/S -    29 bytes)
[18:12:17] - [2] MIRKO.POZEN: Début du Téléchargement de: D:\kerberos.htx\Microsoft.Office.Professional.2007.FR.By Gervais\Lisez moi_Read me.txt
[18:12:17] - [3] MIRKO.POZEN: Début du Téléchargement de: D:\kerberos.htx\Microsoft.Office.Professional.2007.FR.By Gervais\LISEZMOI.HTM
[18:12:17] - [2] MIRKO.POZEN: Fichier envoyé: D:\kerberos.htx\Microsoft.Office.Professional.2007.FR.By Gervais\Lisez moi_Read me.txt (0,07 K/S -    71 bytes)
[18:12:18] - [3] MIRKO.POZEN: Fichier envoyé: D:\kerberos.htx\Microsoft.Office.Professional.2007.FR.By Gervais\LISEZMOI.HTM (2,54 K/S -   2 599 bytes)
[18:12:18] - [2] MIRKO.POZEN: Début du Téléchargement de: D:\kerberos.htx\Microsoft.Office.Professional.2007.FR.By Gervais\SaveAsPDFandXPS.exe
[18:12:18] - [3] MIRKO.POZEN: Début du Téléchargement de: D:\kerberos.htx\Microsoft.Office.Professional.2007.FR.By Gervais\SETUP.EXE
[18:12:20] - [2] MIRKO.POZEN: Fichier envoyé: D:\kerberos.htx\Microsoft.Office.Professional.2007.FR.By Gervais\SaveAsPDFandXPS.exe (232,19 K/S -   713 288 bytes)
[18:12:21] - [2] MIRKO.POZEN: Répertoire en Cours: D:\kerberos.htx\Microsoft.Office.Professional.2007.FR.By Gervais\WORD.FR-FR\
[18:12:21] - [3] MIRKO.POZEN: Fichier envoyé: D:\kerberos.htx\Microsoft.Office.Professional.2007.FR.By Gervais\SETUP.EXE (150,77 K/S -   463 152 bytes)
[18:12:21] - [3] MIRKO.POZEN: Répertoire en Cours: D:\kerberos.htx\Microsoft.Office.Professional.2007.FR.By Gervais\WORD.FR-FR\
[18:12:21] - [2] MIRKO.POZEN: Début du Téléchargement de: D:\kerberos.htx\Microsoft.Office.Professional.2007.FR.By Gervais\WORD.FR-FR\SETUP.XML
[18:12:21] - [2] MIRKO.POZEN: Fichier envoyé: D:\kerberos.htx\Microsoft.Office.Professional.2007.FR.By Gervais\WORD.FR-FR\SETUP.XML (2,62 K/S -   2 678 bytes)
[18:12:21] - [3] MIRKO.POZEN: Début du Téléchargement de: D:\kerberos.htx\Microsoft.Office.Professional.2007.FR.By Gervais\WORD.FR-FR\WORDLR.CAB
[18:12:21] - [2] MIRKO.POZEN: Début du Téléchargement de: D:\kerberos.htx\Microsoft.Office.Professional.2007.FR.By Gervais\WORD.FR-FR\WORDMUI.MSI
[18:12:23] - [2] MIRKO.POZEN: Fichier envoyé: D:\kerberos.htx\Microsoft.Office.Professional.2007.FR.By Gervais\WORD.FR-FR\WORDMUI.MSI (810,00 K/S -  1 658 880 bytes)
[18:12:23] - [2] MIRKO.POZEN: Début du Téléchargement de: D:\kerberos.htx\Microsoft.Office.Professional.2007.FR.By Gervais\WORD.FR-FR\WORDMUI.XML
[18:12:23] - [2] MIRKO.POZEN: Fichier envoyé: D:\kerberos.htx\Microsoft.Office.Professional.2007.FR.By Gervais\WORD.FR-FR\WORDMUI.XML (1,76 K/S -   1 799 bytes)
[18:12:23] - [2] MIRKO.POZEN: Répertoire en Cours: D:\kerberos.htx\Microsoft.Office.Professional.2007.FR.By Gervais\UPDATES\
[18:12:24] - [2] MIRKO.POZEN: Début du Téléchargement de: D:\kerberos.htx\Microsoft.Office.Professional.2007.FR.By Gervais\UPDATES\LISEZMOI.TXT
[18:12:24] - [2] MIRKO.POZEN: Fichier envoyé: D:\kerberos.htx\Microsoft.Office.Professional.2007.FR.By Gervais\UPDATES\LISEZMOI.TXT (0,07 K/S -    75 bytes)
[18:12:24] - [2] MIRKO.POZEN: Répertoire en Cours: D:\kerberos.htx\Microsoft.Office.Professional.2007.FR.By Gervais\ROSEBUD.FR-FR\
[18:12:24] - [2] MIRKO.POZEN: Début du Téléchargement de: D:\kerberos.htx\Microsoft.Office.Professional.2007.FR.By Gervais\ROSEBUD.FR-FR\RBUDLR.CAB
[18:12:27] - [2] MIRKO.POZEN: Fichier envoyé: D:\kerberos.htx\Microsoft.Office.Professional.2007.FR.By Gervais\ROSEBUD.FR-FR\RBUDLR.CAB (515,22 K/S -  1 582 766 bytes)
[18:12:27] - [2] MIRKO.POZEN: Début du Téléchargement de: D:\kerberos.htx\Microsoft.Office.Professional.2007.FR.By Gervais\ROSEBUD.FR-FR\ROSEBUDMUI.MSI
[18:12:28] - [2] MIRKO.POZEN: Fichier envoyé: D:\kerberos.htx\Microsoft.Office.Professional.2007.FR.By Gervais\ROSEBUD.FR-FR\ROSEBUDMUI.MSI (48,00 K/S -   49 152 bytes)
[18:12:28] - [2] MIRKO.POZEN: Début du Téléchargement de: D:\kerberos.htx\Microsoft.Office.Professional.2007.FR.By Gervais\ROSEBUD.FR-FR\ROSEBUDMUI.XML
[18:12:28] - [2] MIRKO.POZEN: Fichier envoyé: D:\kerberos.htx\Microsoft.Office.Professional.2007.FR.By Gervais\ROSEBUD.FR-FR\ROSEBUDMUI.XML (0,79 K/S -    811 bytes)
[18:12:28] - [2] MIRKO.POZEN: Début du Téléchargement de: D:\kerberos.htx\Microsoft.Office.Professional.2007.FR.By Gervais\ROSEBUD.FR-FR\SETUP.XML
[18:12:28] - [2] MIRKO.POZEN: Fichier envoyé: D:\kerberos.htx\Microsoft.Office.Professional.2007.FR.By Gervais\ROSEBUD.FR-FR\SETUP.XML (1,22 K/S -   1 251 bytes)
[18:12:28] - [2] MIRKO.POZEN: Répertoire en Cours: D:\kerberos.htx\Microsoft.Office.Professional.2007.FR.By Gervais\PUBLISHER.FR-FR\
[18:12:28] - [2] MIRKO.POZEN: Début du Téléchargement de: D:\kerberos.htx\Microsoft.Office.Professional.2007.FR.By Gervais\PUBLISHER.FR-FR\PUBLISHERMUI.MSI
[18:12:31] - [2] MIRKO.POZEN: Fichier envoyé: D:\kerberos.htx\Microsoft.Office.Professional.2007.FR.By Gervais\PUBLISHER.FR-FR\PUBLISHERMUI.MSI (814,00 K/S -  1 667 072 bytes)
[18:12:31] - [2] MIRKO.POZEN: Début du Téléchargement de: D:\kerberos.htx\Microsoft.Office.Professional.2007.FR.By Gervais\PUBLISHER.FR-FR\PUBLISHERMUI.XML
[18:12:31] - [2] MIRKO.POZEN: Fichier envoyé: D:\kerberos.htx\Microsoft.Office.Professional.2007.FR.By Gervais\PUBLISHER.FR-FR\PUBLISHERMUI.XML (1,44 K/S -   1 470 bytes)
[18:12:31] - [2] MIRKO.POZEN: Début du Téléchargement de: D:\kerberos.htx\Microsoft.Office.Professional.2007.FR.By Gervais\PUBLISHER.FR-FR\PUBLR.CAB
[18:12:56] - [3] MIRKO.POZEN: Fichier envoyé: D:\kerberos.htx\Microsoft.Office.Professional.2007.FR.By Gervais\WORD.FR-FR\WORDLR.CAB (470,88 K/S -  16 876 234 bytes)
[18:12:56] - [3] MIRKO.POZEN: Répertoire en Cours: D:\kerberos.htx\Microsoft.Office.Professional.2007.FR.By Gervais\PUBLISHER.FR-FR\
[18:12:57] - [3] MIRKO.POZEN: Début du Téléchargement de: D:\kerberos.htx\Microsoft.Office.Professional.2007.FR.By Gervais\PUBLISHER.FR-FR\SETUP.XML
[18:12:57] - [3] MIRKO.POZEN: Fichier envoyé: D:\kerberos.htx\Microsoft.Office.Professional.2007.FR.By Gervais\PUBLISHER.FR-FR\SETUP.XML (1,78 K/S -   1 826 bytes)
[18:12:57] - [3] MIRKO.POZEN: Répertoire en Cours: D:\kerberos.htx\Microsoft.Office.Professional.2007.FR.By Gervais\PROPLUS.WW\
[18:12:57] - [3] MIRKO.POZEN: Début du Téléchargement de: D:\kerberos.htx\Microsoft.Office.Professional.2007.FR.By Gervais\PROPLUS.WW\CONFIG.XML
[18:12:57] - [3] MIRKO.POZEN: Fichier envoyé: D:\kerberos.htx\Microsoft.Office.Professional.2007.FR.By Gervais\PROPLUS.WW\CONFIG.XML (0,93 K/S -    956 bytes)
[18:12:57] - [3] MIRKO.POZEN: Début du Téléchargement de: D:\kerberos.htx\Microsoft.Office.Professional.2007.FR.By Gervais\PROPLUS.WW\ID_00011.DPC
[18:12:57] - [3] MIRKO.POZEN: Fichier envoyé: D:\kerberos.htx\Microsoft.Office.Professional.2007.FR.By Gervais\PROPLUS.WW\ID_00011.DPC (1,61 K/S -   1 646 bytes)
[18:12:57] - [2] MIRKO.POZEN: Fichier envoyé: D:\kerberos.htx\Microsoft.Office.Professional.2007.FR.By Gervais\PUBLISHER.FR-FR\PUBLR.CAB (495,57 K/S -  12 686 495 bytes)
[18:12:57] - [3] MIRKO.POZEN: Début du Téléchargement de: D:\kerberos.htx\Microsoft.Office.Professional.2007.FR.By Gervais\PROPLUS.WW\OFFICE64WW.MSI
[18:12:57] - [2] MIRKO.POZEN: Répertoire en Cours: D:\kerberos.htx\Microsoft.Office.Professional.2007.FR.By Gervais\PROPLUS.WW\
[18:12:57] - [2] MIRKO.POZEN: Début du Téléchargement de: D:\kerberos.htx\Microsoft.Office.Professional.2007.FR.By Gervais\PROPLUS.WW\OFFICE64WW.XML
[18:12:57] - [2] MIRKO.POZEN: Fichier envoyé: D:\kerberos.htx\Microsoft.Office.Professional.2007.FR.By Gervais\PROPLUS.WW\OFFICE64WW.XML (2,26 K/S -   2 310 bytes)
[18:12:58] - [2] MIRKO.POZEN: Début du Téléchargement de: D:\kerberos.htx\Microsoft.Office.Professional.2007.FR.By Gervais\PROPLUS.WW\OSE.EXE
[18:12:58] - [2] MIRKO.POZEN: Fichier envoyé: D:\kerberos.htx\Microsoft.Office.Professional.2007.FR.By Gervais\PROPLUS.WW\OSE.EXE (141,78 K/S -   145 184 bytes)
[18:12:58] - [3] MIRKO.POZEN: Fichier envoyé: D:\kerberos.htx\Microsoft.Office.Professional.2007.FR.By Gervais\PROPLUS.WW\OFFICE64WW.MSI (414,00 K/S -   847 872 bytes)
[18:12:58] - [3] MIRKO.POZEN: Début du Téléchargement de: D:\kerberos.htx\Microsoft.Office.Professional.2007.FR.By Gervais\PROPLUS.WW\OSETUP.DLL
[18:13:00] - [2] MIRKO.POZEN: Début du Téléchargement de: D:\kerberos.htx\Microsoft.Office.Professional.2007.FR.By Gervais\PROPLUS.WW\OWOW64WW.CAB
[18:13:10] - [3] MIRKO.POZEN: Fichier envoyé: D:\kerberos.htx\Microsoft.Office.Professional.2007.FR.By Gervais\PROPLUS.WW\OSETUP.DLL (580,34 K/S -  6 536 992 bytes)
[18:13:10] - [3] MIRKO.POZEN: Début du Téléchargement de: D:\kerberos.htx\Microsoft.Office.Professional.2007.FR.By Gervais\PROPLUS.WW\PROPLSWW.CAB
[18:13:10] - [2] MIRKO.POZEN: Fichier envoyé: D:\kerberos.htx\Microsoft.Office.Professional.2007.FR.By Gervais\PROPLUS.WW\OWOW64WW.CAB (405,38 K/S -  4 151 139 bytes)
[18:13:11] - [2] MIRKO.POZEN: Début du Téléchargement de: D:\kerberos.htx\Microsoft.Office.Professional.2007.FR.By Gervais\PROPLUS.WW\PROPLUSWW.MSI
[18:13:36] - [2] MIRKO.POZEN: Fichier envoyé: D:\kerberos.htx\Microsoft.Office.Professional.2007.FR.By Gervais\PROPLUS.WW\PROPLUSWW.MSI (594,63 K/S -  15 831 552 bytes)
[18:13:37] - [2] MIRKO.POZEN: Début du Téléchargement de: D:\kerberos.htx\Microsoft.Office.Professional.2007.FR.By Gervais\PROPLUS.WW\PROPLUSWW.XML
[18:13:37] - [2] MIRKO.POZEN: Fichier envoyé: D:\kerberos.htx\Microsoft.Office.Professional.2007.FR.By Gervais\PROPLUS.WW\PROPLUSWW.XML (15,44 K/S -   15 813 bytes)
[18:13:37] - [2] MIRKO.POZEN: Début du Téléchargement de: D:\kerberos.htx\Microsoft.Office.Professional.2007.FR.By Gervais\PROPLUS.WW\SETUP.XML
[18:13:37] - [2] MIRKO.POZEN: Fichier envoyé: D:\kerberos.htx\Microsoft.Office.Professional.2007.FR.By Gervais\PROPLUS.WW\SETUP.XML (25,96 K/S -   26 579 bytes)
[18:13:37] - [2] MIRKO.POZEN: Répertoire en Cours: D:\kerberos.htx\Microsoft.Office.Professional.2007.FR.By Gervais\PROOFING.FR-FR\
[18:13:37] - [2] MIRKO.POZEN: Début du Téléchargement de: D:\kerberos.htx\Microsoft.Office.Professional.2007.FR.By Gervais\PROOFING.FR-FR\PROOFING.MSI
[18:13:39] - [2] MIRKO.POZEN: Fichier envoyé: D:\kerberos.htx\Microsoft.Office.Professional.2007.FR.By Gervais\PROOFING.FR-FR\PROOFING.MSI (494,00 K/S -   505 856 bytes)
[18:13:39] - [2] MIRKO.POZEN: Début du Téléchargement de: D:\kerberos.htx\Microsoft.Office.Professional.2007.FR.By Gervais\PROOFING.FR-FR\PROOFING.XML
[18:13:39] - [2] MIRKO.POZEN: Fichier envoyé: D:\kerberos.htx\Microsoft.Office.Professional.2007.FR.By Gervais\PROOFING.FR-FR\PROOFING.XML (0,79 K/S -    807 bytes)
[18:13:39] - [2] MIRKO.POZEN: Début du Téléchargement de: D:\kerberos.htx\Microsoft.Office.Professional.2007.FR.By Gervais\PROOFING.FR-FR\SETUP.XML
[18:13:39] - [2] MIRKO.POZEN: Fichier envoyé: D:\kerberos.htx\Microsoft.Office.Professional.2007.FR.By Gervais\PROOFING.FR-FR\SETUP.XML (9,57 K/S -   9 804 bytes)
[18:13:39] - [2] MIRKO.POZEN: Répertoire en Cours: D:\kerberos.htx\Microsoft.Office.Professional.2007.FR.By Gervais\PROOFING.FR-FR\PROOF.NL\
[18:13:40] - [2] MIRKO.POZEN: Début du Téléchargement de: D:\kerberos.htx\Microsoft.Office.Professional.2007.FR.By Gervais\PROOFING.FR-FR\PROOF.NL\PROOF.CAB
[18:13:51] - [2] MIRKO.POZEN: Fichier envoyé: D:\kerberos.htx\Microsoft.Office.Professional.2007.FR.By Gervais\PROOFING.FR-FR\PROOF.NL\PROOF.CAB (394,25 K/S -  4 844 595 bytes)
[18:13:52] - [2] MIRKO.POZEN: Début du Téléchargement de: D:\kerberos.htx\Microsoft.Office.Professional.2007.FR.By Gervais\PROOFING.FR-FR\PROOF.NL\PROOF.MSI
[18:13:52] - [2] MIRKO.POZEN: Fichier envoyé: D:\kerberos.htx\Microsoft.Office.Professional.2007.FR.By Gervais\PROOFING.FR-FR\PROOF.NL\PROOF.MSI (494,50 K/S -   506 368 bytes)
[18:13:53] - [2] MIRKO.POZEN: Début du Téléchargement de: D:\kerberos.htx\Microsoft.Office.Professional.2007.FR.By Gervais\PROOFING.FR-FR\PROOF.NL\PROOF.XML
[18:13:53] - [2] MIRKO.POZEN: Fichier envoyé: D:\kerberos.htx\Microsoft.Office.Professional.2007.FR.By Gervais\PROOFING.FR-FR\PROOF.NL\PROOF.XML (1,20 K/S -   1 233 bytes)
[18:13:53] - [2] MIRKO.POZEN: Répertoire en Cours: D:\kerberos.htx\Microsoft.Office.Professional.2007.FR.By Gervais\PROOFING.FR-FR\PROOF.FR\
[18:13:53] - [2] MIRKO.POZEN: Début du Téléchargement de: D:\kerberos.htx\Microsoft.Office.Professional.2007.FR.By Gervais\PROOFING.FR-FR\PROOF.FR\PROOF.CAB
[18:14:13] - [2] MIRKO.POZEN: Fichier envoyé: D:\kerberos.htx\Microsoft.Office.Professional.2007.FR.By Gervais\PROOFING.FR-FR\PROOF.FR\PROOF.CAB (560,55 K/S -  11 479 987 bytes)
[18:14:13] - [2] MIRKO.POZEN: Début du Téléchargement de: D:\kerberos.htx\Microsoft.Office.Professional.2007.FR.By Gervais\PROOFING.FR-FR\PROOF.FR\PROOF.MSI
[18:14:15] - [2] MIRKO.POZEN: Fichier envoyé: D:\kerberos.htx\Microsoft.Office.Professional.2007.FR.By Gervais\PROOFING.FR-FR\PROOF.FR\PROOF.MSI (506,00 K/S -   518 144 bytes)
[18:14:15] - [2] MIRKO.POZEN: Début du Téléchargement de: D:\kerberos.htx\Microsoft.Office.Professional.2007.FR.By Gervais\PROOFING.FR-FR\PROOF.FR\PROOF.XML
[18:14:15] - [2] MIRKO.POZEN: Fichier envoyé: D:\kerberos.htx\Microsoft.Office.Professional.2007.FR.By Gervais\PROOFING.FR-FR\PROOF.FR\PROOF.XML (1,42 K/S -   1 459 bytes)
[18:14:15] - [2] MIRKO.POZEN: Répertoire en Cours: D:\kerberos.htx\Microsoft.Office.Professional.2007.FR.By Gervais\PROOFING.FR-FR\PROOF.ES\
[18:14:15] - [2] MIRKO.POZEN: Début du Téléchargement de: D:\kerberos.htx\Microsoft.Office.Professional.2007.FR.By Gervais\PROOFING.FR-FR\PROOF.ES\PROOF.CAB
[18:14:46] - [2] MIRKO.POZEN: Fichier envoyé: D:\kerberos.htx\Microsoft.Office.Professional.2007.FR.By Gervais\PROOFING.FR-FR\PROOF.ES\PROOF.CAB (502,22 K/S -  16 456 790 bytes)
[18:14:47] - [2] MIRKO.POZEN: Début du Téléchargement de: D:\kerberos.htx\Microsoft.Office.Professional.2007.FR.By Gervais\PROOFING.FR-FR\PROOF.ES\PROOF.MSI
[18:14:48] - [2] MIRKO.POZEN: Fichier envoyé: D:\kerberos.htx\Microsoft.Office.Professional.2007.FR.By Gervais\PROOFING.FR-FR\PROOF.ES\PROOF.MSI (502,00 K/S -   514 048 bytes)
[18:14:48] - [2] MIRKO.POZEN: Début du Téléchargement de: D:\kerberos.htx\Microsoft.Office.Professional.2007.FR.By Gervais\PROOFING.FR-FR\PROOF.ES\PROOF.XML
[18:14:48] - [2] MIRKO.POZEN: Fichier envoyé: D:\kerberos.htx\Microsoft.Office.Professional.2007.FR.By Gervais\PROOFING.FR-FR\PROOF.ES\PROOF.XML (1,43 K/S -   1 460 bytes)
[18:14:48] - [2] MIRKO.POZEN: Répertoire en Cours: D:\kerberos.htx\Microsoft.Office.Professional.2007.FR.By Gervais\PROOFING.FR-FR\PROOF.EN\
[18:14:49] - [2] MIRKO.POZEN: Début du Téléchargement de: D:\kerberos.htx\Microsoft.Office.Professional.2007.FR.By Gervais\PROOFING.FR-FR\PROOF.EN\PROOF.CAB
[18:15:26] - [2] MIRKO.POZEN: Fichier envoyé: D:\kerberos.htx\Microsoft.Office.Professional.2007.FR.By Gervais\PROOFING.FR-FR\PROOF.EN\PROOF.CAB (591,35 K/S -  22 404 970 bytes)
[18:15:26] - [2] MIRKO.POZEN: Début du Téléchargement de: D:\kerberos.htx\Microsoft.Office.Professional.2007.FR.By Gervais\PROOFING.FR-FR\PROOF.EN\PROOF.MSI
[18:15:26] - [2] MIRKO.POZEN: Fichier envoyé: D:\kerberos.htx\Microsoft.Office.Professional.2007.FR.By Gervais\PROOFING.FR-FR\PROOF.EN\PROOF.MSI (496,00 K/S -   507 904 bytes)
[18:15:27] - [2] MIRKO.POZEN: Début du Téléchargement de: D:\kerberos.htx\Microsoft.Office.Professional.2007.FR.By Gervais\PROOFING.FR-FR\PROOF.EN\PROOF.XML
[18:15:27] - [2] MIRKO.POZEN: Fichier envoyé: D:\kerberos.htx\Microsoft.Office.Professional.2007.FR.By Gervais\PROOFING.FR-FR\PROOF.EN\PROOF.XML (1,32 K/S -   1 350 bytes)
[18:15:27] - [2] MIRKO.POZEN: Répertoire en Cours: D:\kerberos.htx\Microsoft.Office.Professional.2007.FR.By Gervais\PROOFING.FR-FR\PROOF.DE\
[18:15:27] - [2] MIRKO.POZEN: Début du Téléchargement de: D:\kerberos.htx\Microsoft.Office.Professional.2007.FR.By Gervais\PROOFING.FR-FR\PROOF.DE\PROOF.CAB
[18:15:58] - [2] MIRKO.POZEN: Fichier envoyé: D:\kerberos.htx\Microsoft.Office.Professional.2007.FR.By Gervais\PROOFING.FR-FR\PROOF.DE\PROOF.CAB (639,58 K/S -  20 302 883 bytes)
[18:15:58] - [2] MIRKO.POZEN: Début du Téléchargement de: D:\kerberos.htx\Microsoft.Office.Professional.2007.FR.By Gervais\PROOFING.FR-FR\PROOF.DE\PROOF.MSI
[18:15:59] - [2] MIRKO.POZEN: Fichier envoyé: D:\kerberos.htx\Microsoft.Office.Professional.2007.FR.By Gervais\PROOFING.FR-FR\PROOF.DE\PROOF.MSI (251,50 K/S -   515 072 bytes)
[18:16:00] - [2] MIRKO.POZEN: Début du Téléchargement de: D:\kerberos.htx\Microsoft.Office.Professional.2007.FR.By Gervais\PROOFING.FR-FR\PROOF.DE\PROOF.XML
[18:16:00] - [2] MIRKO.POZEN: Fichier envoyé: D:\kerberos.htx\Microsoft.Office.Professional.2007.FR.By Gervais\PROOFING.FR-FR\PROOF.DE\PROOF.XML (1,43 K/S -   1 461 bytes)
[18:16:00] - [2] MIRKO.POZEN: Répertoire en Cours: D:\kerberos.htx\Microsoft.Office.Professional.2007.FR.By Gervais\PROOFING.FR-FR\PROOF.AR\
[18:16:00] - [2] MIRKO.POZEN: Début du Téléchargement de: D:\kerberos.htx\Microsoft.Office.Professional.2007.FR.By Gervais\PROOFING.FR-FR\PROOF.AR\PROOF.CAB
[18:16:17] - [2] MIRKO.POZEN: Fichier envoyé: D:\kerberos.htx\Microsoft.Office.Professional.2007.FR.By Gervais\PROOFING.FR-FR\PROOF.AR\PROOF.CAB (379,37 K/S -  6 604 112 bytes)
[18:16:17] - [2] MIRKO.POZEN: Début du Téléchargement de: D:\kerberos.htx\Microsoft.Office.Professional.2007.FR.By Gervais\PROOFING.FR-FR\PROOF.AR\PROOF.MSI
[18:16:18] - [2] MIRKO.POZEN: Fichier envoyé: D:\kerberos.htx\Microsoft.Office.Professional.2007.FR.By Gervais\PROOFING.FR-FR\PROOF.AR\PROOF.MSI (251,75 K/S -   515 584 bytes)
[18:16:19] - [2] MIRKO.POZEN: Début du Téléchargement de: D:\kerberos.htx\Microsoft.Office.Professional.2007.FR.By Gervais\PROOFING.FR-FR\PROOF.AR\PROOF.XML
[18:16:19] - [2] MIRKO.POZEN: Fichier envoyé: D:\kerberos.htx\Microsoft.Office.Professional.2007.FR.By Gervais\PROOFING.FR-FR\PROOF.AR\PROOF.XML (1,12 K/S -   1 151 bytes)
[18:16:19] - [2] MIRKO.POZEN: Répertoire en Cours: D:\kerberos.htx\Microsoft.Office.Professional.2007.FR.By Gervais\POWERPOINT.FR-FR\
[18:16:19] - [2] MIRKO.POZEN: Début du Téléchargement de: D:\kerberos.htx\Microsoft.Office.Professional.2007.FR.By Gervais\POWERPOINT.FR-FR\POWERPOINTMUI.MSI
[18:16:22] - [2] MIRKO.POZEN: Fichier envoyé: D:\kerberos.htx\Microsoft.Office.Professional.2007.FR.By Gervais\POWERPOINT.FR-FR\POWERPOINTMUI.MSI (536,17 K/S -  1 647 104 bytes)
[18:16:22] - [2] MIRKO.POZEN: Début du Téléchargement de: D:\kerberos.htx\Microsoft.Office.Professional.2007.FR.By Gervais\POWERPOINT.FR-FR\POWERPOINTMUI.XML
[18:16:22] - [2] MIRKO.POZEN: Fichier envoyé: D:\kerberos.htx\Microsoft.Office.Professional.2007.FR.By Gervais\POWERPOINT.FR-FR\POWERPOINTMUI.XML (1,52 K/S -   1 554 bytes)
[18:16:22] - [2] MIRKO.POZEN: Début du Téléchargement de: D:\kerberos.htx\Microsoft.Office.Professional.2007.FR.By Gervais\POWERPOINT.FR-FR\PPTLR.CAB
[18:16:46] - [2] MIRKO.POZEN: Fichier envoyé: D:\kerberos.htx\Microsoft.Office.Professional.2007.FR.By Gervais\POWERPOINT.FR-FR\PPTLR.CAB (589,86 K/S -  14 496 400 bytes)
[18:16:46] - [2] MIRKO.POZEN: Début du Téléchargement de: D:\kerberos.htx\Microsoft.Office.Professional.2007.FR.By Gervais\POWERPOINT.FR-FR\SETUP.XML
[18:16:46] - [2] MIRKO.POZEN: Fichier envoyé: D:\kerberos.htx\Microsoft.Office.Professional.2007.FR.By Gervais\POWERPOINT.FR-FR\SETUP.XML (1,96 K/S -   2 004 bytes)
[18:16:46] - [2] MIRKO.POZEN: Répertoire en Cours: D:\kerberos.htx\Microsoft.Office.Professional.2007.FR.By Gervais\OUTLOOK.FR-FR\
[18:16:47] - [2] MIRKO.POZEN: Début du Téléchargement de: D:\kerberos.htx\Microsoft.Office.Professional.2007.FR.By Gervais\OUTLOOK.FR-FR\OUTLKLR.CAB
[18:17:14] - [2] MIRKO.POZEN: Fichier envoyé: D:\kerberos.htx\Microsoft.Office.Professional.2007.FR.By Gervais\OUTLOOK.FR-FR\OUTLKLR.CAB (564,51 K/S -  16 185 637 bytes)
[18:17:15] - [2] MIRKO.POZEN: Début du Téléchargement de: D:\kerberos.htx\Microsoft.Office.Professional.2007.FR.By Gervais\OUTLOOK.FR-FR\OUTLOOKMUI.MSI
[18:17:20] - [2] MIRKO.POZEN: Fichier envoyé: D:\kerberos.htx\Microsoft.Office.Professional.2007.FR.By Gervais\OUTLOOK.FR-FR\OUTLOOKMUI.MSI (396,30 K/S -  2 029 056 bytes)
[18:17:20] - [2] MIRKO.POZEN: Début du Téléchargement de: D:\kerberos.htx\Microsoft.Office.Professional.2007.FR.By Gervais\OUTLOOK.FR-FR\OUTLOOKMUI.XML
[18:17:20] - [2] MIRKO.POZEN: Fichier envoyé: D:\kerberos.htx\Microsoft.Office.Professional.2007.FR.By Gervais\OUTLOOK.FR-FR\OUTLOOKMUI.XML (2,88 K/S -   2 947 bytes)
[18:17:20] - [2] MIRKO.POZEN: Début du Téléchargement de: D:\kerberos.htx\Microsoft.Office.Professional.2007.FR.By Gervais\OUTLOOK.FR-FR\SETUP.XML
[18:17:20] - [2] MIRKO.POZEN: Fichier envoyé: D:\kerberos.htx\Microsoft.Office.Professional.2007.FR.By Gervais\OUTLOOK.FR-FR\SETUP.XML (3,77 K/S -   3 861 bytes)
[18:17:20] - [2] MIRKO.POZEN: Répertoire en Cours: D:\kerberos.htx\Microsoft.Office.Professional.2007.FR.By Gervais\OFFICE64.FR-FR\
[18:17:21] - [2] MIRKO.POZEN: Début du Téléchargement de: D:\kerberos.htx\Microsoft.Office.Professional.2007.FR.By Gervais\OFFICE64.FR-FR\OFFICE64MUI.MSI
[18:17:23] - [2] MIRKO.POZEN: Fichier envoyé: D:\kerberos.htx\Microsoft.Office.Professional.2007.FR.By Gervais\OFFICE64.FR-FR\OFFICE64MUI.MSI (247,50 K/S -   506 880 bytes)
[18:17:23] - [2] MIRKO.POZEN: Début du Téléchargement de: D:\kerberos.htx\Microsoft.Office.Professional.2007.FR.By Gervais\OFFICE64.FR-FR\OFFICE64MUI.XML
[18:17:23] - [2] MIRKO.POZEN: Fichier envoyé: D:\kerberos.htx\Microsoft.Office.Professional.2007.FR.By Gervais\OFFICE64.FR-FR\OFFICE64MUI.XML (1,00 K/S -   1 027 bytes)
[18:17:24] - [2] MIRKO.POZEN: Début du Téléchargement de: D:\kerberos.htx\Microsoft.Office.Professional.2007.FR.By Gervais\OFFICE64.FR-FR\OWOW64LR.CAB
[18:17:24] - [2] MIRKO.POZEN: Fichier envoyé: D:\kerberos.htx\Microsoft.Office.Professional.2007.FR.By Gervais\OFFICE64.FR-FR\OWOW64LR.CAB (7,10 K/S -   7 266 bytes)
[18:17:24] - [2] MIRKO.POZEN: Début du Téléchargement de: D:\kerberos.htx\Microsoft.Office.Professional.2007.FR.By Gervais\OFFICE64.FR-FR\SETUP.XML
[18:17:24] - [2] MIRKO.POZEN: Fichier envoyé: D:\kerberos.htx\Microsoft.Office.Professional.2007.FR.By Gervais\OFFICE64.FR-FR\SETUP.XML (1,43 K/S -   1 468 bytes)
[18:17:24] - [2] MIRKO.POZEN: Répertoire en Cours: D:\kerberos.htx\Microsoft.Office.Professional.2007.FR.By Gervais\OFFICE.FR-FR\
[18:17:24] - [2] MIRKO.POZEN: Début du Téléchargement de: D:\kerberos.htx\Microsoft.Office.Professional.2007.FR.By Gervais\OFFICE.FR-FR\BRANDING.XML
[18:17:27] - [2] MIRKO.POZEN: Fichier envoyé: D:\kerberos.htx\Microsoft.Office.Professional.2007.FR.By Gervais\OFFICE.FR-FR\BRANDING.XML (305,10 K/S -   624 843 bytes)
[18:17:27] - [2] MIRKO.POZEN: Début du Téléchargement de: D:\kerberos.htx\Microsoft.Office.Professional.2007.FR.By Gervais\OFFICE.FR-FR\DW20.EXE
[18:17:29] - [2] MIRKO.POZEN: Fichier envoyé: D:\kerberos.htx\Microsoft.Office.Professional.2007.FR.By Gervais\OFFICE.FR-FR\DW20.EXE (794,32 K/S -   813 384 bytes)
[18:17:29] - [2] MIRKO.POZEN: Début du Téléchargement de: D:\kerberos.htx\Microsoft.Office.Professional.2007.FR.By Gervais\OFFICE.FR-FR\DWDCW20.DLL
[18:17:31] - [2] MIRKO.POZEN: Fichier envoyé: D:\kerberos.htx\Microsoft.Office.Professional.2007.FR.By Gervais\OFFICE.FR-FR\DWDCW20.DLL (429,27 K/S -   439 568 bytes)
[18:17:31] - [2] MIRKO.POZEN: Début du Téléchargement de: D:\kerberos.htx\Microsoft.Office.Professional.2007.FR.By Gervais\OFFICE.FR-FR\DWTRIG20.EXE
[18:17:32] - [2] MIRKO.POZEN: Fichier envoyé: D:\kerberos.htx\Microsoft.Office.Professional.2007.FR.By Gervais\OFFICE.FR-FR\DWTRIG20.EXE (212,17 K/S -   434 528 bytes)
[18:17:33] - [2] MIRKO.POZEN: Début du Téléchargement de: D:\kerberos.htx\Microsoft.Office.Professional.2007.FR.By Gervais\OFFICE.FR-FR\MICROSOFT.VC80.CRT.MANIFEST
[18:17:33] - [2] MIRKO.POZEN: Fichier envoyé: D:\kerberos.htx\Microsoft.Office.Professional.2007.FR.By Gervais\OFFICE.FR-FR\MICROSOFT.VC80.CRT.MANIFEST (0,51 K/S -    522 bytes)
[18:17:33] - [2] MIRKO.POZEN: Début du Téléchargement de: D:\kerberos.htx\Microsoft.Office.Professional.2007.FR.By Gervais\OFFICE.FR-FR\MSVCR80.DLL
[18:17:34] - [2] MIRKO.POZEN: Fichier envoyé: D:\kerberos.htx\Microsoft.Office.Professional.2007.FR.By Gervais\OFFICE.FR-FR\MSVCR80.DLL (612,00 K/S -   626 688 bytes)
[18:17:34] - [2] MIRKO.POZEN: Début du Téléchargement de: D:\kerberos.htx\Microsoft.Office.Professional.2007.FR.By Gervais\OFFICE.FR-FR\OFFICELR.CAB
[18:18:25] - [2] MIRKO.POZEN: Fichier envoyé: D:\kerberos.htx\Microsoft.Office.Professional.2007.FR.By Gervais\OFFICE.FR-FR\OFFICELR.CAB (547,36 K/S -  28 585 504 bytes)
[18:18:25] - [2] MIRKO.POZEN: Début du Téléchargement de: D:\kerberos.htx\Microsoft.Office.Professional.2007.FR.By Gervais\OFFICE.FR-FR\OFFICEMUI.MSI
[18:18:32] - [2] MIRKO.POZEN: Fichier envoyé: D:\kerberos.htx\Microsoft.Office.Professional.2007.FR.By Gervais\OFFICE.FR-FR\OFFICEMUI.MSI (393,75 K/S -  2 419 200 bytes)
[18:18:32] - [2] MIRKO.POZEN: Début du Téléchargement de: D:\kerberos.htx\Microsoft.Office.Professional.2007.FR.By Gervais\OFFICE.FR-FR\OFFICEMUI.XML
[18:18:32] - [2] MIRKO.POZEN: Fichier envoyé: D:\kerberos.htx\Microsoft.Office.Professional.2007.FR.By Gervais\OFFICE.FR-FR\OFFICEMUI.XML (5,64 K/S -   5 772 bytes)
[18:18:32] - [2] MIRKO.POZEN: Début du Téléchargement de: D:\kerberos.htx\Microsoft.Office.Professional.2007.FR.By Gervais\OFFICE.FR-FR\OSETUPUI.DLL
[18:18:33] - [2] MIRKO.POZEN: Fichier envoyé: D:\kerberos.htx\Microsoft.Office.Professional.2007.FR.By Gervais\OFFICE.FR-FR\OSETUPUI.DLL (219,30 K/S -   224 568 bytes)
[18:18:33] - [2] MIRKO.POZEN: Début du Téléchargement de: D:\kerberos.htx\Microsoft.Office.Professional.2007.FR.By Gervais\OFFICE.FR-FR\PSS10R.CHM
[18:18:33] - [2] MIRKO.POZEN: Fichier envoyé: D:\kerberos.htx\Microsoft.Office.Professional.2007.FR.By Gervais\OFFICE.FR-FR\PSS10R.CHM (26,60 K/S -   27 243 bytes)
[18:18:33] - [2] MIRKO.POZEN: Début du Téléchargement de: D:\kerberos.htx\Microsoft.Office.Professional.2007.FR.By Gervais\OFFICE.FR-FR\SETUP.CHM
[18:18:33] - [2] MIRKO.POZEN: Fichier envoyé: D:\kerberos.htx\Microsoft.Office.Professional.2007.FR.By Gervais\OFFICE.FR-FR\SETUP.CHM (52,72 K/S -   53 989 bytes)
[18:18:34] - [2] MIRKO.POZEN: Début du Téléchargement de: D:\kerberos.htx\Microsoft.Office.Professional.2007.FR.By Gervais\OFFICE.FR-FR\SETUP.XML
[18:18:34] - [2] MIRKO.POZEN: Fichier envoyé: D:\kerberos.htx\Microsoft.Office.Professional.2007.FR.By Gervais\OFFICE.FR-FR\SETUP.XML (9,16 K/S -   9 378 bytes)
[18:18:34] - [2] MIRKO.POZEN: Début du Téléchargement de: D:\kerberos.htx\Microsoft.Office.Professional.2007.FR.By Gervais\OFFICE.FR-FR\SHELLUI.MST
[18:18:34] - [2] MIRKO.POZEN: Fichier envoyé: D:\kerberos.htx\Microsoft.Office.Professional.2007.FR.By Gervais\OFFICE.FR-FR\SHELLUI.MST (66,00 K/S -   67 584 bytes)
[18:18:35] - [2] MIRKO.POZEN: Répertoire en Cours: D:\kerberos.htx\Microsoft.Office.Professional.2007.FR.By Gervais\OFFICE.FR-FR\1036\
[18:18:35] - [2] MIRKO.POZEN: Début du Téléchargement de: D:\kerberos.htx\Microsoft.Office.Professional.2007.FR.By Gervais\OFFICE.FR-FR\1036\DWINTL20.DLL
[18:18:35] - [2] MIRKO.POZEN: Fichier envoyé: D:\kerberos.htx\Microsoft.Office.Professional.2007.FR.By Gervais\OFFICE.FR-FR\1036\DWINTL20.DLL (109,34 K/S -   111 960 bytes)
[18:18:35] - [2] MIRKO.POZEN: Répertoire en Cours: D:\kerberos.htx\Microsoft.Office.Professional.2007.FR.By Gervais\INFOPATH.FR-FR\
[18:18:35] - [2] MIRKO.POZEN: Début du Téléchargement de: D:\kerberos.htx\Microsoft.Office.Professional.2007.FR.By Gervais\INFOPATH.FR-FR\INFLR.CAB
[18:19:29] - [2] MIRKO.POZEN: Fichier envoyé: D:\kerberos.htx\Microsoft.Office.Professional.2007.FR.By Gervais\INFOPATH.FR-FR\INFLR.CAB (493,60 K/S -  27 293 888 bytes)
[18:19:30] - [2] MIRKO.POZEN: Début du Téléchargement de: D:\kerberos.htx\Microsoft.Office.Professional.2007.FR.By Gervais\INFOPATH.FR-FR\INFOPATHMUI.MSI
[18:19:34] - [2] MIRKO.POZEN: Fichier envoyé: D:\kerberos.htx\Microsoft.Office.Professional.2007.FR.By Gervais\INFOPATH.FR-FR\INFOPATHMUI.MSI (578,13 K/S -  2 368 000 bytes)
[18:19:34] - [2] MIRKO.POZEN: Début du Téléchargement de: D:\kerberos.htx\Microsoft.Office.Professional.2007.FR.By Gervais\INFOPATH.FR-FR\INFOPATHMUI.XML
[18:19:34] - [2] MIRKO.POZEN: Fichier envoyé: D:\kerberos.htx\Microsoft.Office.Professional.2007.FR.By Gervais\INFOPATH.FR-FR\INFOPATHMUI.XML (4,47 K/S -   4 573 bytes)
[18:19:35] - [2] MIRKO.POZEN: Début du Téléchargement de: D:\kerberos.htx\Microsoft.Office.Professional.2007.FR.By Gervais\INFOPATH.FR-FR\SETUP.XML
[18:19:35] - [2] MIRKO.POZEN: Fichier envoyé: D:\kerberos.htx\Microsoft.Office.Professional.2007.FR.By Gervais\INFOPATH.FR-FR\SETUP.XML (5,03 K/S -   5 151 bytes)
[18:19:35] - [2] MIRKO.POZEN: Répertoire en Cours: D:\kerberos.htx\Microsoft.Office.Professional.2007.FR.By Gervais\EXCEL.FR-FR\
[18:19:35] - [2] MIRKO.POZEN: Début du Téléchargement de: D:\kerberos.htx\Microsoft.Office.Professional.2007.FR.By Gervais\EXCEL.FR-FR\EXCELLR.CAB
[18:20:04] - [2] MIRKO.POZEN: Fichier envoyé: D:\kerberos.htx\Microsoft.Office.Professional.2007.FR.By Gervais\EXCEL.FR-FR\EXCELLR.CAB (521,54 K/S -  15 487 638 bytes)
[18:20:05] - [2] MIRKO.POZEN: Début du Téléchargement de: D:\kerberos.htx\Microsoft.Office.Professional.2007.FR.By Gervais\EXCEL.FR-FR\EXCELMUI.MSI
[18:20:09] - [2] MIRKO.POZEN: Fichier envoyé: D:\kerberos.htx\Microsoft.Office.Professional.2007.FR.By Gervais\EXCEL.FR-FR\EXCELMUI.MSI (428,50 K/S -  1 755 136 bytes)
[18:20:09] - [2] MIRKO.POZEN: Début du Téléchargement de: D:\kerberos.htx\Microsoft.Office.Professional.2007.FR.By Gervais\EXCEL.FR-FR\EXCELMUI.XML
[18:20:09] - [2] MIRKO.POZEN: Fichier envoyé: D:\kerberos.htx\Microsoft.Office.Professional.2007.FR.By Gervais\EXCEL.FR-FR\EXCELMUI.XML (1,88 K/S -   1 921 bytes)
[18:20:09] - [2] MIRKO.POZEN: Début du Téléchargement de: D:\kerberos.htx\Microsoft.Office.Professional.2007.FR.By Gervais\EXCEL.FR-FR\SETUP.XML
[18:20:09] - [2] MIRKO.POZEN: Fichier envoyé: D:\kerberos.htx\Microsoft.Office.Professional.2007.FR.By Gervais\EXCEL.FR-FR\SETUP.XML (2,58 K/S -   2 640 bytes)
[18:20:09] - [2] MIRKO.POZEN: Répertoire en Cours: D:\kerberos.htx\Microsoft.Office.Professional.2007.FR.By Gervais\CATALOG\
[18:20:10] - [2] MIRKO.POZEN: Début du Téléchargement de: D:\kerberos.htx\Microsoft.Office.Professional.2007.FR.By Gervais\CATALOG\FILES12.CAT
[18:20:13] - [2] MIRKO.POZEN: Fichier envoyé: D:\kerberos.htx\Microsoft.Office.Professional.2007.FR.By Gervais\CATALOG\FILES12.CAT (430,67 K/S -  1 323 033 bytes)
[18:20:13] - [2] MIRKO.POZEN: Répertoire en Cours: D:\kerberos.htx\Microsoft.Office.Professional.2007.FR.By Gervais\ADMIN\
[18:20:13] - [2] MIRKO.POZEN: Début du Téléchargement de: D:\kerberos.htx\Microsoft.Office.Professional.2007.FR.By Gervais\ADMIN\OCT.DLL
[18:20:19] - [2] MIRKO.POZEN: Fichier envoyé: D:\kerberos.htx\Microsoft.Office.Professional.2007.FR.By Gervais\ADMIN\OCT.DLL (523,39 K/S -  3 215 680 bytes)
[18:20:20] - [2] MIRKO.POZEN: Début du Téléchargement de: D:\kerberos.htx\Microsoft.Office.Professional.2007.FR.By Gervais\ADMIN\OCTCA.DLL
[18:20:20] - [2] MIRKO.POZEN: Fichier envoyé: D:\kerberos.htx\Microsoft.Office.Professional.2007.FR.By Gervais\ADMIN\OCTCA.DLL (95,27 K/S -   97 552 bytes)
[18:20:20] - [2] MIRKO.POZEN: Répertoire en Cours: D:\kerberos.htx\Microsoft.Office.Professional.2007.FR.By Gervais\ADMIN\ZH-TW\
[18:20:20] - [2] MIRKO.POZEN: Début du Téléchargement de: D:\kerberos.htx\Microsoft.Office.Professional.2007.FR.By Gervais\ADMIN\ZH-TW\ACCESS12.OPA
[18:20:21] - [2] MIRKO.POZEN: Fichier envoyé: D:\kerberos.htx\Microsoft.Office.Professional.2007.FR.By Gervais\ADMIN\ZH-TW\ACCESS12.OPA (43,06 K/S -   44 094 bytes)
[18:20:21] - [2] MIRKO.POZEN: Début du Téléchargement de: D:\kerberos.htx\Microsoft.Office.Professional.2007.FR.By Gervais\ADMIN\ZH-TW\CPAO12.OPA
[18:20:21] - [2] MIRKO.POZEN: Fichier envoyé: D:\kerberos.htx\Microsoft.Office.Professional.2007.FR.By Gervais\ADMIN\ZH-TW\CPAO12.OPA (17,66 K/S -   18 086 bytes)
[18:20:21] - [2] MIRKO.POZEN: Début du Téléchargement de: D:\kerberos.htx\Microsoft.Office.Professional.2007.FR.By Gervais\ADMIN\ZH-TW\EXCEL12.OPA
[18:20:22] - [2] MIRKO.POZEN: Fichier envoyé: D:\kerberos.htx\Microsoft.Office.Professional.2007.FR.By Gervais\ADMIN\ZH-TW\EXCEL12.OPA (118,67 K/S -   121 522 bytes)
[18:20:22] - [2] MIRKO.POZEN: Début du Téléchargement de: D:\kerberos.htx\Microsoft.Office.Professional.2007.FR.By Gervais\ADMIN\ZH-TW\GROOVE12.OPA
[18:20:22] - [2] MIRKO.POZEN: Fichier envoyé: D:\kerberos.htx\Microsoft.Office.Professional.2007.FR.By Gervais\ADMIN\ZH-TW\GROOVE12.OPA (2,40 K/S -   2 460 bytes)
[18:20:22] - [2] MIRKO.POZEN: Début du Téléchargement de: D:\kerberos.htx\Microsoft.Office.Professional.2007.FR.By Gervais\ADMIN\ZH-TW\IC12.OPA
[18:20:23] - [2] MIRKO.POZEN: Fichier envoyé: D:\kerberos.htx\Microsoft.Office.Professional.2007.FR.By Gervais\ADMIN\ZH-TW\IC12.OPA (6,59 K/S -   6 744 bytes)
[18:20:23] - [2] MIRKO.POZEN: Début du Téléchargement de: D:\kerberos.htx\Microsoft.Office.Professional.2007.FR.By Gervais\ADMIN\ZH-TW\INF12.OPA
[18:20:23] - [2] MIRKO.POZEN: Fichier envoyé: D:\kerberos.htx\Microsoft.Office.Professional.2007.FR.By Gervais\ADMIN\ZH-TW\INF12.OPA (86,73 K/S -   88 808 bytes)
[18:20:23] - [2] MIRKO.POZEN: Début du Téléchargement de: D:\kerberos.htx\Microsoft.Office.Professional.2007.FR.By Gervais\ADMIN\ZH-TW\OCT.CHM
[18:20:24] - [2] MIRKO.POZEN: Fichier envoyé: D:\kerberos.htx\Microsoft.Office.Professional.2007.FR.By Gervais\ADMIN\ZH-TW\OCT.CHM (59,48 K/S -   60 904 bytes)
[18:20:24] - [2] MIRKO.POZEN: Début du Téléchargement de: D:\kerberos.htx\Microsoft.Office.Professional.2007.FR.By Gervais\ADMIN\ZH-TW\OCTRES.DLL
[18:20:25] - [2] MIRKO.POZEN: Fichier envoyé: D:\kerberos.htx\Microsoft.Office.Professional.2007.FR.By Gervais\ADMIN\ZH-TW\OCTRES.DLL (424,78 K/S -   434 976 bytes)
[18:20:25] - [2] MIRKO.POZEN: Début du Téléchargement de: D:\kerberos.htx\Microsoft.Office.Professional.2007.FR.By Gervais\ADMIN\ZH-TW\OFFICE12.OPA
[18:20:27] - [2] MIRKO.POZEN: Fichier envoyé: D:\kerberos.htx\Microsoft.Office.Professional.2007.FR.By Gervais\ADMIN\ZH-TW\OFFICE12.OPA (583,02 K/S -   597 016 bytes)
[18:20:27] - [2] MIRKO.POZEN: Début du Téléchargement de: D:\kerberos.htx\Microsoft.Office.Professional.2007.FR.By Gervais\ADMIN\ZH-TW\ONENT12.OPA
[18:20:27] - [2] MIRKO.POZEN: Fichier envoyé: D:\kerberos.htx\Microsoft.Office.Professional.2007.FR.By Gervais\ADMIN\ZH-TW\ONENT12.OPA (76,16 K/S -   77 990 bytes)
[18:20:27] - [2] MIRKO.POZEN: Début du Téléchargement de: D:\kerberos.htx\Microsoft.Office.Professional.2007.FR.By Gervais\ADMIN\ZH-TW\OUTLK12.OPA
[18:20:28] - [2] MIRKO.POZEN: Fichier envoyé: D:\kerberos.htx\Microsoft.Office.Professional.2007.FR.By Gervais\ADMIN\ZH-TW\OUTLK12.OPA (359,77 K/S -   368 406 bytes)
[18:20:29] - [2] MIRKO.POZEN: Début du Téléchargement de: D:\kerberos.htx\Microsoft.Office.Professional.2007.FR.By Gervais\ADMIN\ZH-TW\PPT12.OPA
[18:20:29] - [2] MIRKO.POZEN: Fichier envoyé: D:\kerberos.htx\Microsoft.Office.Professional.2007.FR.By Gervais\ADMIN\ZH-TW\PPT12.OPA (86,38 K/S -   88 458 bytes)
[18:20:29] - [2] MIRKO.POZEN: Début du Téléchargement de: D:\kerberos.htx\Microsoft.Office.Professional.2007.FR.By Gervais\ADMIN\ZH-TW\PROJ12.OPA
[18:20:29] - [2] MIRKO.POZEN: Fichier envoyé: D:\kerberos.htx\Microsoft.Office.Professional.2007.FR.By Gervais\ADMIN\ZH-TW\PROJ12.OPA (139,94 K/S -   143 302 bytes)
[18:20:29] - [2] MIRKO.POZEN: Début du Téléchargement de: D:\kerberos.htx\Microsoft.Office.Professional.2007.FR.By Gervais\ADMIN\ZH-TW\PUB12.OPA
[18:20:30] - [2] MIRKO.POZEN: Fichier envoyé: D:\kerberos.htx\Microsoft.Office.Professional.2007.FR.By Gervais\ADMIN\ZH-TW\PUB12.OPA (27,38 K/S -   28 038 bytes)
[18:20:30] - [2] MIRKO.POZEN: Début du Téléchargement de: D:\kerberos.htx\Microsoft.Office.Professional.2007.FR.By Gervais\ADMIN\ZH-TW\SPD12.OPA
[18:20:30] - [2] MIRKO.POZEN: Fichier envoyé: D:\kerberos.htx\Microsoft.Office.Professional.2007.FR.By Gervais\ADMIN\ZH-TW\SPD12.OPA (13,25 K/S -   13 570 bytes)
[18:20:30] - [2] MIRKO.POZEN: Début du Téléchargement de: D:\kerberos.htx\Microsoft.Office.Professional.2007.FR.By Gervais\ADMIN\ZH-TW\VISIO12.OPA
[18:20:30] - [2] MIRKO.POZEN: Fichier envoyé: D:\kerberos.htx\Microsoft.Office.Professional.2007.FR.By Gervais\ADMIN\ZH-TW\VISIO12.OPA (99,84 K/S -   102 236 bytes)
[18:20:31] - [2] MIRKO.POZEN: Début du Téléchargement de: D:\kerberos.htx\Microsoft.Office.Professional.2007.FR.By Gervais\ADMIN\ZH-TW\WORD12.OPA
[18:20:32] - [2] MIRKO.POZEN: Fichier envoyé: D:\kerberos.htx\Microsoft.Office.Professional.2007.FR.By Gervais\ADMIN\ZH-TW\WORD12.OPA (203,72 K/S -   208 606 bytes)
[18:20:32] - [2] MIRKO.POZEN: Répertoire en Cours: D:\kerberos.htx\Microsoft.Office.Professional.2007.FR.By Gervais\ADMIN\ZH-CN\
[18:20:32] - [2] MIRKO.POZEN: Début du Téléchargement de: D:\kerberos.htx\Microsoft.Office.Professional.2007.FR.By Gervais\ADMIN\ZH-CN\ACCESS12.OPA
[18:20:32] - [2] MIRKO.POZEN: Fichier envoyé: D:\kerberos.htx\Microsoft.Office.Professional.2007.FR.By Gervais\ADMIN\ZH-CN\ACCESS12.OPA (42,96 K/S -   43 994 bytes)
[18:20:32] - [2] MIRKO.POZEN: Début du Téléchargement de: D:\kerberos.htx\Microsoft.Office.Professional.2007.FR.By Gervais\ADMIN\ZH-CN\CPAO12.OPA
[18:20:32] - [2] MIRKO.POZEN: Fichier envoyé: D:\kerberos.htx\Microsoft.Office.Professional.2007.FR.By Gervais\ADMIN\ZH-CN\CPAO12.OPA (17,58 K/S -   17 998 bytes)
[18:20:32] - [2] MIRKO.POZEN: Début du Téléchargement de: D:\kerberos.htx\Microsoft.Office.Professional.2007.FR.By Gervais\ADMIN\ZH-CN\EXCEL12.OPA
[18:20:32] - [2] MIRKO.POZEN: Fichier envoyé: D:\kerberos.htx\Microsoft.Office.Professional.2007.FR.By Gervais\ADMIN\ZH-CN\EXCEL12.OPA (118,13 K/S -   120 960 bytes)
[18:20:33] - [2] MIRKO.POZEN: Début du Téléchargement de: D:\kerberos.htx\Microsoft.Office.Professional.2007.FR.By Gervais\ADMIN\ZH-CN\GROOVE12.OPA
[18:20:33] - [2] MIRKO.POZEN: Fichier envoyé: D:\kerberos.htx\Microsoft.Office.Professional.2007.FR.By Gervais\ADMIN\ZH-CN\GROOVE12.OPA (2,42 K/S -   2 478 bytes)
[18:20:33] - [2] MIRKO.POZEN: Début du Téléchargement de: D:\kerberos.htx\Microsoft.Office.Professional.2007.FR.By Gervais\ADMIN\ZH-CN\IC12.OPA
[18:20:33] - [2] MIRKO.POZEN: Fichier envoyé: D:\kerberos.htx\Microsoft.Office.Professional.2007.FR.By Gervais\ADMIN\ZH-CN\IC12.OPA (6,58 K/S -   6 734 bytes)
[18:20:33] - [2] MIRKO.POZEN: Début du Téléchargement de: D:\kerberos.htx\Microsoft.Office.Professional.2007.FR.By Gervais\ADMIN\ZH-CN\INF12.OPA
[18:20:33] - [2] MIRKO.POZEN: Fichier envoyé: D:\kerberos.htx\Microsoft.Office.Professional.2007.FR.By Gervais\ADMIN\ZH-CN\INF12.OPA (87,00 K/S -   89 088 bytes)
[18:20:34] - [2] MIRKO.POZEN: Début du Téléchargement de: D:\kerberos.htx\Microsoft.Office.Professional.2007.FR.By Gervais\ADMIN\ZH-CN\OCT.CHM
[18:20:34] - [2] MIRKO.POZEN: Fichier envoyé: D:\kerberos.htx\Microsoft.Office.Professional.2007.FR.By Gervais\ADMIN\ZH-CN\OCT.CHM (82,34 K/S -   84 318 bytes)
[18:20:35] - [2] MIRKO.POZEN: Début du Téléchargement de: D:\kerberos.htx\Microsoft.Office.Professional.2007.FR.By Gervais\ADMIN\ZH-CN\OCTRES.DLL
[18:20:36] - [2] MIRKO.POZEN: Fichier envoyé: D:\kerberos.htx\Microsoft.Office.Professional.2007.FR.By Gervais\ADMIN\ZH-CN\OCTRES.DLL (424,78 K/S -   434 976 bytes)
[18:20:36] - [2] MIRKO.POZEN: Début du Téléchargement de: D:\kerberos.htx\Microsoft.Office.Professional.2007.FR.By Gervais\ADMIN\ZH-CN\OFFICE12.OPA
[18:20:37] - [2] MIRKO.POZEN: Fichier envoyé: D:\kerberos.htx\Microsoft.Office.Professional.2007.FR.By Gervais\ADMIN\ZH-CN\OFFICE12.OPA (291,30 K/S -   596 576 bytes)
[18:20:38] - [2] MIRKO.POZEN: Début du Téléchargement de: D:\kerberos.htx\Microsoft.Office.Professional.2007.FR.By Gervais\ADMIN\ZH-CN\ONENT12.OPA
[18:20:38] - [2] MIRKO.POZEN: Fichier envoyé: D:\kerberos.htx\Microsoft.Office.Professional.2007.FR.By Gervais\ADMIN\ZH-CN\ONENT12.OPA (75,89 K/S -   77 716 bytes)
[18:20:38] - [2] MIRKO.POZEN: Début du Téléchargement de: D:\kerberos.htx\Microsoft.Office.Professional.2007.FR.By Gervais\ADMIN\ZH-CN\OUTLK12.OPA
[18:20:39] - [2] MIRKO.POZEN: Fichier envoyé: D:\kerberos.htx\Microsoft.Office.Professional.2007.FR.By Gervais\ADMIN\ZH-CN\OUTLK12.OPA (358,88 K/S -   367 488 bytes)
[18:20:39] - [2] MIRKO.POZEN: Début du Téléchargement de: D:\kerberos.htx\Microsoft.Office.Professional.2007.FR.By Gervais\ADMIN\ZH-CN\PPT12.OPA
[18:20:39] - [2] MIRKO.POZEN: Fichier envoyé: D:\kerberos.htx\Microsoft.Office.Professional.2007.FR.By Gervais\ADMIN\ZH-CN\PPT12.OPA (86,41 K/S -   88 488 bytes)
[18:20:39] - [2] MIRKO.POZEN: Début du Téléchargement de: D:\kerberos.htx\Microsoft.Office.Professional.2007.FR.By Gervais\ADMIN\ZH-CN\PROJ12.OPA
[18:20:40] - [2] MIRKO.POZEN: Fichier envoyé: D:\kerberos.htx\Microsoft.Office.Professional.2007.FR.By Gervais\ADMIN\ZH-CN\PROJ12.OPA (138,95 K/S -   142 284 bytes)
[18:20:41] - [2] MIRKO.POZEN: Début du Téléchargement de: D:\kerberos.htx\Microsoft.Office.Professional.2007.FR.By Gervais\ADMIN\ZH-CN\PUB12.OPA
[18:20:41] - [2] MIRKO.POZEN: Fichier envoyé: D:\kerberos.htx\Microsoft.Office.Professional.2007.FR.By Gervais\ADMIN\ZH-CN\PUB12.OPA (27,22 K/S -   27 878 bytes)
[18:20:41] - [2] MIRKO.POZEN: Début du Téléchargement de: D:\kerberos.htx\Microsoft.Office.Professional.2007.FR.By Gervais\ADMIN\ZH-CN\SPD12.OPA
[18:20:41] - [2] MIRKO.POZEN: Fichier envoyé: D:\kerberos.htx\Microsoft.Office.Professional.2007.FR.By Gervais\ADMIN\ZH-CN\SPD12.OPA (13,12 K/S -   13 432 bytes)
[18:20:41] - [2] MIRKO.POZEN: Début du Téléchargement de: D:\kerberos.htx\Microsoft.Office.Professional.2007.FR.By Gervais\ADMIN\ZH-CN\VISIO12.OPA
[18:20:42] - [2] MIRKO.POZEN: Fichier envoyé: D:\kerberos.htx\Microsoft.Office.Professional.2007.FR.By Gervais\ADMIN\ZH-CN\VISIO12.OPA (99,44 K/S -   101 830 bytes)
[18:20:42] - [2] MIRKO.POZEN: Début du Téléchargement de: D:\kerberos.htx\Microsoft.Office.Professional.2007.FR.By Gervais\ADMIN\ZH-CN\WORD12.OPA
[18:20:43] - [2] MIRKO.POZEN: Fichier envoyé: D:\kerberos.htx\Microsoft.Office.Professional.2007.FR.By Gervais\ADMIN\ZH-CN\WORD12.OPA (203,26 K/S -   208 134 bytes)
[18:20:43] - [2] MIRKO.POZEN: Répertoire en Cours: D:\kerberos.htx\Microsoft.Office.Professional.2007.FR.By Gervais\ADMIN\KO-KR\
[18:20:43] - [2] MIRKO.POZEN: Début du Téléchargement de: D:\kerberos.htx\Microsoft.Office.Professional.2007.FR.By Gervais\ADMIN\KO-KR\ACCESS12.OPA
[18:20:43] - [2] MIRKO.POZEN: Fichier envoyé: D:\kerberos.htx\Microsoft.Office.Professional.2007.FR.By Gervais\ADMIN\KO-KR\ACCESS12.OPA (45,26 K/S -   46 348 bytes)
[18:20:44] - [2] MIRKO.POZEN: Début du Téléchargement de: D:\kerberos.htx\Microsoft.Office.Professional.2007.FR.By Gervais\ADMIN\KO-KR\CPAO12.OPA
[18:20:44] - [2] MIRKO.POZEN: Fichier envoyé: D:\kerberos.htx\Microsoft.Office.Professional.2007.FR.By Gervais\ADMIN\KO-KR\CPAO12.OPA (19,44 K/S -   19 908 bytes)
[18:20:44] - [2] MIRKO.POZEN: Début du Téléchargement de: D:\kerberos.htx\Microsoft.Office.Professional.2007.FR.By Gervais\ADMIN\KO-KR\EXCEL12.OPA
[18:20:44] - [2] MIRKO.POZEN: Fichier envoyé: D:\kerberos.htx\Microsoft.Office.Professional.2007.FR.By Gervais\ADMIN\KO-KR\EXCEL12.OPA (124,63 K/S -   127 618 bytes)
[18:20:45] - [2] MIRKO.POZEN: Début du Téléchargement de: D:\kerberos.htx\Microsoft.Office.Professional.2007.FR.By Gervais\ADMIN\KO-KR\GROOVE12.OPA
[18:20:45] - [2] MIRKO.POZEN: Fichier envoyé: D:\kerberos.htx\Microsoft.Office.Professional.2007.FR.By Gervais\ADMIN\KO-KR\GROOVE12.OPA (2,67 K/S -   2 738 bytes)
[18:20:45] - [2] MIRKO.POZEN: Début du Téléchargement de: D:\kerberos.htx\Microsoft.Office.Professional.2007.FR.By Gervais\ADMIN\KO-KR\IC12.OPA
[18:20:45] - [2] MIRKO.POZEN: Fichier envoyé: D:\kerberos.htx\Microsoft.Office.Professional.2007.FR.By Gervais\ADMIN\KO-KR\IC12.OPA (7,11 K/S -   7 276 bytes)
[18:20:45] - [2] MIRKO.POZEN: Début du Téléchargement de: D:\kerberos.htx\Microsoft.Office.Professional.2007.FR.By Gervais\ADMIN\KO-KR\INF12.OPA
[18:20:46] - [2] MIRKO.POZEN: Fichier envoyé: D:\kerberos.htx\Microsoft.Office.Professional.2007.FR.By Gervais\ADMIN\KO-KR\INF12.OPA (95,12 K/S -   97 404 bytes)
[18:20:46] - [2] MIRKO.POZEN: Début du Téléchargement de: D:\kerberos.htx\Microsoft.Office.Professional.2007.FR.By Gervais\ADMIN\KO-KR\OCT.CHM
[18:20:46] - [2] MIRKO.POZEN: Fichier envoyé: D:\kerberos.htx\Microsoft.Office.Professional.2007.FR.By Gervais\ADMIN\KO-KR\OCT.CHM (81,81 K/S -   83 772 bytes)
[18:20:47] - [2] MIRKO.POZEN: Début du Téléchargement de: D:\kerberos.htx\Microsoft.Office.Professional.2007.FR.By Gervais\ADMIN\KO-KR\OCTRES.DLL
[18:20:48] - [2] MIRKO.POZEN: Fichier envoyé: D:\kerberos.htx\Microsoft.Office.Professional.2007.FR.By Gervais\ADMIN\KO-KR\OCTRES.DLL (424,84 K/S -   435 032 bytes)
[18:20:48] - [2] MIRKO.POZEN: Début du Téléchargement de: D:\kerberos.htx\Microsoft.Office.Professional.2007.FR.By Gervais\ADMIN\KO-KR\OFFICE12.OPA
[18:20:49] - [2] MIRKO.POZEN: Fichier envoyé: D:\kerberos.htx\Microsoft.Office.Professional.2007.FR.By Gervais\ADMIN\KO-KR\OFFICE12.OPA (605,35 K/S -   619 882 bytes)
[18:20:50] - [2] MIRKO.POZEN: Début du Téléchargement de: D:\kerberos.htx\Microsoft.Office.Professional.2007.FR.By Gervais\ADMIN\KO-KR\ONENT12.OPA
[18:20:50] - [2] MIRKO.POZEN: Fichier envoyé: D:\kerberos.htx\Microsoft.Office.Professional.2007.FR.By Gervais\ADMIN\KO-KR\ONENT12.OPA (80,62 K/S -   82 556 bytes)
[18:20:50] - [2] MIRKO.POZEN: Début du Téléchargement de: D:\kerberos.htx\Microsoft.Office.Professional.2007.FR.By Gervais\ADMIN\KO-KR\OUTLK12.OPA
[18:20:51] - [2] MIRKO.POZEN: Fichier envoyé: D:\kerberos.htx\Microsoft.Office.Professional.2007.FR.By Gervais\ADMIN\KO-KR\OUTLK12.OPA (384,09 K/S -   393 304 bytes)
[18:20:51] - [2] MIRKO.POZEN: Début du Téléchargement de: D:\kerberos.htx\Microsoft.Office.Professional.2007.FR.By Gervais\ADMIN\KO-KR\PPT12.OPA
[18:20:52] - [2] MIRKO.POZEN: Fichier envoyé: D:\kerberos.htx\Microsoft.Office.Professional.2007.FR.By Gervais\ADMIN\KO-KR\PPT12.OPA (89,85 K/S -   92 010 bytes)
[18:20:52] - [2] MIRKO.POZEN: Début du Téléchargement de: D:\kerberos.htx\Microsoft.Office.Professional.2007.FR.By Gervais\ADMIN\KO-KR\PROJ12.OPA
[18:20:52] - [2] MIRKO.POZEN: Fichier envoyé: D:\kerberos.htx\Microsoft.Office.Professional.2007.FR.By Gervais\ADMIN\KO-KR\PROJ12.OPA (151,59 K/S -   155 232 bytes)
[18:20:53] - [2] MIRKO.POZEN: Début du Téléchargement de: D:\kerberos.htx\Microsoft.Office.Professional.2007.FR.By Gervais\ADMIN\KO-KR\PUB12.OPA
[18:20:53] - [2] MIRKO.POZEN: Fichier envoyé: D:\kerberos.htx\Microsoft.Office.Professional.2007.FR.By Gervais\ADMIN\KO-KR\PUB12.OPA (28,34 K/S -   29 020 bytes)
[18:20:54] - [2] MIRKO.POZEN: Début du Téléchargement de: D:\kerberos.htx\Microsoft.Office.Professional.2007.FR.By Gervais\ADMIN\KO-KR\SPD12.OPA
[18:20:54] - [2] MIRKO.POZEN: Fichier envoyé: D:\kerberos.htx\Microsoft.Office.Professional.2007.FR.By Gervais\ADMIN\KO-KR\SPD12.OPA (13,75 K/S -   14 082 bytes)
[18:20:54] - [2] MIRKO.POZEN: Début du Téléchargement de: D:\kerberos.htx\Microsoft.Office.Professional.2007.FR.By Gervais\ADMIN\KO-KR\VISIO12.OPA
[18:20:55] - [2] MIRKO.POZEN: Fichier envoyé: D:\kerberos.htx\Microsoft.Office.Professional.2007.FR.By Gervais\ADMIN\KO-KR\VISIO12.OPA (105,19 K/S -   107 714 bytes)
[18:20:55] - [2] MIRKO.POZEN: Début du Téléchargement de: D:\kerberos.htx\Microsoft.Office.Professional.2007.FR.By Gervais\ADMIN\KO-KR\WORD12.OPA
[18:20:55] - [2] MIRKO.POZEN: Fichier envoyé: D:\kerberos.htx\Microsoft.Office.Professional.2007.FR.By Gervais\ADMIN\KO-KR\WORD12.OPA (210,71 K/S -   215 766 bytes)
[18:20:56] - [2] MIRKO.POZEN: Répertoire en Cours: D:\kerberos.htx\Microsoft.Office.Professional.2007.FR.By Gervais\ADMIN\JA-JP\
[18:20:56] - [2] MIRKO.POZEN: Début du Téléchargement de: D:\kerberos.htx\Microsoft.Office.Professional.2007.FR.By Gervais\ADMIN\JA-JP\ACCESS12.OPA
[18:20:56] - [2] MIRKO.POZEN: Fichier envoyé: D:\kerberos.htx\Microsoft.Office.Professional.2007.FR.By Gervais\ADMIN\JA-JP\ACCESS12.OPA (45,04 K/S -   46 116 bytes)
[18:20:57] - [2] MIRKO.POZEN: Début du Téléchargement de: D:\kerberos.htx\Microsoft.Office.Professional.2007.FR.By Gervais\ADMIN\JA-JP\CPAO12.OPA
[18:20:57] - [2] MIRKO.POZEN: Fichier envoyé: D:\kerberos.htx\Microsoft.Office.Professional.2007.FR.By Gervais\ADMIN\JA-JP\CPAO12.OPA (19,13 K/S -   19 590 bytes)
[18:20:57] - [2] MIRKO.POZEN: Début du Téléchargement de: D:\kerberos.htx\Microsoft.Office.Professional.2007.FR.By Gervais\ADMIN\JA-JP\EXCEL12.OPA
[18:20:57] - [2] MIRKO.POZEN: Fichier envoyé: D:\kerberos.htx\Microsoft.Office.Professional.2007.FR.By Gervais\ADMIN\JA-JP\EXCEL12.OPA (125,33 K/S -   128 340 bytes)
[18:20:58] - [2] MIRKO.POZEN: Début du Téléchargement de: D:\kerberos.htx\Microsoft.Office.Professional.2007.FR.By Gervais\ADMIN\JA-JP\GROOVE12.OPA
[18:20:58] - [2] MIRKO.POZEN: Fichier envoyé: D:\kerberos.htx\Microsoft.Office.Professional.2007.FR.By Gervais\ADMIN\JA-JP\GROOVE12.OPA (2,79 K/S -   2 862 bytes)
[18:20:58] - [2] MIRKO.POZEN: Début du Téléchargement de: D:\kerberos.htx\Microsoft.Office.Professional.2007.FR.By Gervais\ADMIN\JA-JP\IC12.OPA
[18:20:58] - [2] MIRKO.POZEN: Fichier envoyé: D:\kerberos.htx\Microsoft.Office.Professional.2007.FR.By Gervais\ADMIN\JA-JP\IC12.OPA (7,15 K/S -   7 322 bytes)
[18:20:58] - [2] MIRKO.POZEN: Début du Téléchargement de: D:\kerberos.htx\Microsoft.Office.Professional.2007.FR.By Gervais\ADMIN\JA-JP\INF12.OPA
[18:20:59] - [2] MIRKO.POZEN: Fichier envoyé: D:\kerberos.htx\Microsoft.Office.Professional.2007.FR.By Gervais\ADMIN\JA-JP\INF12.OPA (96,96 K/S -   99 290 bytes)
[18:20:59] - [2] MIRKO.POZEN: Début du Téléchargement de: D:\kerberos.htx\Microsoft.Office.Professional.2007.FR.By Gervais\ADMIN\JA-JP\OCT.CHM
[18:20:59] - [2] MIRKO.POZEN: Fichier envoyé: D:\kerberos.htx\Microsoft.Office.Professional.2007.FR.By Gervais\ADMIN\JA-JP\OCT.CHM (55,03 K/S -   56 346 bytes)
[18:21:00] - [2] MIRKO.POZEN: Début du Téléchargement de: D:\kerberos.htx\Microsoft.Office.Professional.2007.FR.By Gervais\ADMIN\JA-JP\OCTRES.DLL
[18:21:00] - [2] MIRKO.POZEN: Fichier envoyé: D:\kerberos.htx\Microsoft.Office.Professional.2007.FR.By Gervais\ADMIN\JA-JP\OCTRES.DLL (424,78 K/S -   434 976 bytes)
[18:21:00] - [2] MIRKO.POZEN: Début du Téléchargement de: D:\kerberos.htx\Microsoft.Office.Professional.2007.FR.By Gervais\ADMIN\JA-JP\OFFICE12.OPA
[18:21:01] - [3] MIRKO.POZEN: Fichier envoyé: D:\kerberos.htx\Microsoft.Office.Professional.2007.FR.By Gervais\PROPLUS.WW\PROPLSWW.CAB (490,37 K/S -  236 505 785 bytes)
[18:21:01] - [3] MIRKO.POZEN: Répertoire en Cours: D:\kerberos.htx\Microsoft.Office.Professional.2007.FR.By Gervais\ADMIN\JA-JP\
[18:21:01] - [3] MIRKO.POZEN: Début du Téléchargement de: D:\kerberos.htx\Microsoft.Office.Professional.2007.FR.By Gervais\ADMIN\JA-JP\ONENT12.OPA
[18:21:02] - [2] MIRKO.POZEN: Fichier envoyé: D:\kerberos.htx\Microsoft.Office.Professional.2007.FR.By Gervais\ADMIN\JA-JP\OFFICE12.OPA (612,56 K/S -   627 264 bytes)
[18:21:02] - [3] MIRKO.POZEN: Fichier envoyé: D:\kerberos.htx\Microsoft.Office.Professional.2007.FR.By Gervais\ADMIN\JA-JP\ONENT12.OPA (81,56 K/S -   83 518 bytes)
[18:21:02] - [2] MIRKO.POZEN: Début du Téléchargement de: D:\kerberos.htx\Microsoft.Office.Professional.2007.FR.By Gervais\ADMIN\JA-JP\OUTLK12.OPA
[18:21:02] - [3] MIRKO.POZEN: Début du Téléchargement de: D:\kerberos.htx\Microsoft.Office.Professional.2007.FR.By Gervais\ADMIN\JA-JP\PPT12.OPA
[18:21:02] - [3] MIRKO.POZEN: Fichier envoyé: D:\kerberos.htx\Microsoft.Office.Professional.2007.FR.By Gervais\ADMIN\JA-JP\PPT12.OPA (90,16 K/S -   92 328 bytes)
[18:21:02] - [2] MIRKO.POZEN: Fichier envoyé: D:\kerberos.htx\Microsoft.Office.Professional.2007.FR.By Gervais\ADMIN\JA-JP\OUTLK12.OPA (384,50 K/S -   393 730 bytes)
[18:21:02] - [3] MIRKO.POZEN: Début du Téléchargement de: D:\kerberos.htx\Microsoft.Office.Professional.2007.FR.By Gervais\ADMIN\JA-JP\PROJ12.OPA
[18:21:02] - [3] MIRKO.POZEN: Fichier envoyé: D:\kerberos.htx\Microsoft.Office.Professional.2007.FR.By Gervais\ADMIN\JA-JP\PROJ12.OPA (150,44 K/S -   154 054 bytes)
[18:21:02] - [3] MIRKO.POZEN: Début du Téléchargement de: D:\kerberos.htx\Microsoft.Office.Professional.2007.FR.By Gervais\ADMIN\JA-JP\PUB12.OPA
[18:21:03] - [3] MIRKO.POZEN: Fichier envoyé: D:\kerberos.htx\Microsoft.Office.Professional.2007.FR.By Gervais\ADMIN\JA-JP\PUB12.OPA (28,65 K/S -   29 336 bytes)
[18:21:03] - [2] MIRKO.POZEN: Début du Téléchargement de: D:\kerberos.htx\Microsoft.Office.Professional.2007.FR.By Gervais\ADMIN\JA-JP\SPD12.OPA
[18:21:03] - [2] MIRKO.POZEN: Fichier envoyé: D:\kerberos.htx\Microsoft.Office.Professional.2007.FR.By Gervais\ADMIN\JA-JP\SPD12.OPA (13,92 K/S -   14 254 bytes)
[18:21:03] - [3] MIRKO.POZEN: Début du Téléchargement de: D:\kerberos.htx\Microsoft.Office.Professional.2007.FR.By Gervais\ADMIN\JA-JP\VISIO12.OPA
[18:21:03] - [2] MIRKO.POZEN: Début du Téléchargement de: D:\kerberos.htx\Microsoft.Office.Professional.2007.FR.By Gervais\ADMIN\JA-JP\WORD12.OPA
[18:21:03] - [3] MIRKO.POZEN: Fichier envoyé: D:\kerberos.htx\Microsoft.Office.Professional.2007.FR.By Gervais\ADMIN\JA-JP\VISIO12.OPA (105,22 K/S -   107 742 bytes)
[18:21:03] - [3] MIRKO.POZEN: Répertoire en Cours: D:\kerberos.htx\Microsoft.Office.Professional.2007.FR.By Gervais\ADMIN\IT-IT\
[18:21:03] - [2] MIRKO.POZEN: Fichier envoyé: D:\kerberos.htx\Microsoft.Office.Professional.2007.FR.By Gervais\ADMIN\JA-JP\WORD12.OPA (211,00 K/S -   216 060 bytes)
[18:21:03] - [3] MIRKO.POZEN: Début du Téléchargement de: D:\kerberos.htx\Microsoft.Office.Professional.2007.FR.By Gervais\ADMIN\IT-IT\ACCESS12.OPA
[18:21:03] - [2] MIRKO.POZEN: Répertoire en Cours: D:\kerberos.htx\Microsoft.Office.Professional.2007.FR.By Gervais\ADMIN\IT-IT\
[18:21:03] - [3] MIRKO.POZEN: Fichier envoyé: D:\kerberos.htx\Microsoft.Office.Professional.2007.FR.By Gervais\ADMIN\IT-IT\ACCESS12.OPA (52,88 K/S -   54 144 bytes)
[18:21:03] - [2] MIRKO.POZEN: Début du Téléchargement de: D:\kerberos.htx\Microsoft.Office.Professional.2007.FR.By Gervais\ADMIN\IT-IT\CPAO12.OPA
[18:21:03] - [2] MIRKO.POZEN: Fichier envoyé: D:\kerberos.htx\Microsoft.Office.Professional.2007.FR.By Gervais\ADMIN\IT-IT\CPAO12.OPA (26,94 K/S -   27 588 bytes)
[18:21:03] - [3] MIRKO.POZEN: Début du Téléchargement de: D:\kerberos.htx\Microsoft.Office.Professional.2007.FR.By Gervais\ADMIN\IT-IT\EXCEL12.OPA
[18:21:04] - [2] MIRKO.POZEN: Début du Téléchargement de: D:\kerberos.htx\Microsoft.Office.Professional.2007.FR.By Gervais\ADMIN\IT-IT\GROOVE12.OPA
[18:21:04] - [2] MIRKO.POZEN: Fichier envoyé: D:\kerberos.htx\Microsoft.Office.Professional.2007.FR.By Gervais\ADMIN\IT-IT\GROOVE12.OPA (3,86 K/S -   3 956 bytes)
[18:21:04] - [3] MIRKO.POZEN: Fichier envoyé: D:\kerberos.htx\Microsoft.Office.Professional.2007.FR.By Gervais\ADMIN\IT-IT\EXCEL12.OPA (150,46 K/S -   154 076 bytes)
[18:21:04] - [2] MIRKO.POZEN: Début du Téléchargement de: D:\kerberos.htx\Microsoft.Office.Professional.2007.FR.By Gervais\ADMIN\IT-IT\IC12.OPA
[18:21:04] - [2] MIRKO.POZEN: Fichier envoyé: D:\kerberos.htx\Microsoft.Office.Professional.2007.FR.By Gervais\ADMIN\IT-IT\IC12.OPA (9,48 K/S -   9 712 bytes)
[18:21:04] - [3] MIRKO.POZEN: Début du Téléchargement de: D:\kerberos.htx\Microsoft.Office.Professional.2007.FR.By Gervais\ADMIN\IT-IT\INF12.OPA
[18:21:04] - [3] MIRKO.POZEN: Fichier envoyé: D:\kerberos.htx\Microsoft.Office.Professional.2007.FR.By Gervais\ADMIN\IT-IT\INF12.OPA (128,64 K/S -   131 730 bytes)
[18:21:04] - [2] MIRKO.POZEN: Début du Téléchargement de: D:\kerberos.htx\Microsoft.Office.Professional.2007.FR.By Gervais\ADMIN\IT-IT\OCT.CHM
[18:21:04] - [2] MIRKO.POZEN: Fichier envoyé: D:\kerberos.htx\Microsoft.Office.Professional.2007.FR.By Gervais\ADMIN\IT-IT\OCT.CHM (54,34 K/S -   55 644 bytes)
[18:21:04] - [3] MIRKO.POZEN: Début du Téléchargement de: D:\kerberos.htx\Microsoft.Office.Professional.2007.FR.By Gervais\ADMIN\IT-IT\OCTRES.DLL
[18:21:05] - [2] MIRKO.POZEN: Début du Téléchargement de: D:\kerberos.htx\Microsoft.Office.Professional.2007.FR.By Gervais\ADMIN\IT-IT\OFFICE12.OPA
[18:21:05] - [3] MIRKO.POZEN: Fichier envoyé: D:\kerberos.htx\Microsoft.Office.Professional.2007.FR.By Gervais\ADMIN\IT-IT\OCTRES.DLL (425,38 K/S -   435 584 bytes)
[18:21:05] - [3] MIRKO.POZEN: Début du Téléchargement de: D:\kerberos.htx\Microsoft.Office.Professional.2007.FR.By Gervais\ADMIN\IT-IT\ONENT12.OPA
[18:21:05] - [3] MIRKO.POZEN: Fichier envoyé: D:\kerberos.htx\Microsoft.Office.Professional.2007.FR.By Gervais\ADMIN\IT-IT\ONENT12.OPA (101,66 K/S -   104 096 bytes)
[18:21:06] - [2] MIRKO.POZEN: Fichier envoyé: D:\kerberos.htx\Microsoft.Office.Professional.2007.FR.By Gervais\ADMIN\IT-IT\OFFICE12.OPA (715,54 K/S -   732 710 bytes)
[18:21:06] - [3] MIRKO.POZEN: Début du Téléchargement de: D:\kerberos.htx\Microsoft.Office.Professional.2007.FR.By Gervais\ADMIN\IT-IT\OUTLK12.OPA
[18:21:06] - [2] MIRKO.POZEN: Début du Téléchargement de: D:\kerberos.htx\Microsoft.Office.Professional.2007.FR.By Gervais\ADMIN\IT-IT\PPT12.OPA
[18:21:06] - [2] MIRKO.POZEN: Fichier envoyé: D:\kerberos.htx\Microsoft.Office.Professional.2007.FR.By Gervais\ADMIN\IT-IT\PPT12.OPA (103,62 K/S -   106 102 bytes)
[18:21:06] - [3] MIRKO.POZEN: Fichier envoyé: D:\kerberos.htx\Microsoft.Office.Professional.2007.FR.By Gervais\ADMIN\IT-IT\OUTLK12.OPA (499,91 K/S -   511 912 bytes)
[18:21:07] - [2] MIRKO.POZEN: Début du Téléchargement de: D:\kerberos.htx\Microsoft.Office.Professional.2007.FR.By Gervais\ADMIN\IT-IT\PROJ12.OPA
[18:21:07] - [3] MIRKO.POZEN: Début du Téléchargement de: D:\kerberos.htx\Microsoft.Office.Professional.2007.FR.By Gervais\ADMIN\IT-IT\PUB12.OPA
[18:21:07] - [3] MIRKO.POZEN: Fichier envoyé: D:\kerberos.htx\Microsoft.Office.Professional.2007.FR.By Gervais\ADMIN\IT-IT\PUB12.OPA (32,96 K/S -   33 752 bytes)
[18:21:07] - [2] MIRKO.POZEN: Fichier envoyé: D:\kerberos.htx\Microsoft.Office.Professional.2007.FR.By Gervais\ADMIN\IT-IT\PROJ12.OPA (197,96 K/S -   202 708 bytes)
[18:21:07] - [2] MIRKO.POZEN: Début du Téléchargement de: D:\kerberos.htx\Microsoft.Office.Professional.2007.FR.By Gervais\ADMIN\IT-IT\SPD12.OPA
[18:21:07] - [2] MIRKO.POZEN: Fichier envoyé: D:\kerberos.htx\Microsoft.Office.Professional.2007.FR.By Gervais\ADMIN\IT-IT\SPD12.OPA (15,90 K/S -   16 278 bytes)
[18:21:07] - [3] MIRKO.POZEN: Début du Téléchargement de: D:\kerberos.htx\Microsoft.Office.Professional.2007.FR.By Gervais\ADMIN\IT-IT\VISIO12.OPA
[18:21:07] - [2] MIRKO.POZEN: Début du Téléchargement de: D:\kerberos.htx\Microsoft.Office.Professional.2007.FR.By Gervais\ADMIN\IT-IT\WORD12.OPA
[18:21:07] - [3] MIRKO.POZEN: Fichier envoyé: D:\kerberos.htx\Microsoft.Office.Professional.2007.FR.By Gervais\ADMIN\IT-IT\VISIO12.OPA (128,99 K/S -   132 088 bytes)
[18:21:07] - [3] MIRKO.POZEN: Répertoire en Cours: D:\kerberos.htx\Microsoft.Office.Professional.2007.FR.By Gervais\ADMIN\FR-FR\
[18:21:07] - [2] MIRKO.POZEN: Fichier envoyé: D:\kerberos.htx\Microsoft.Office.Professional.2007.FR.By Gervais\ADMIN\IT-IT\WORD12.OPA (241,66 K/S -   247 464 bytes)
[18:21:07] - [2] MIRKO.POZEN: Répertoire en Cours: D:\kerberos.htx\Microsoft.Office.Professional.2007.FR.By Gervais\ADMIN\FR-FR\
[18:21:08] - [3] MIRKO.POZEN: Début du Téléchargement de: D:\kerberos.htx\Microsoft.Office.Professional.2007.FR.By Gervais\ADMIN\FR-FR\ACCESS12.OPA
[18:21:08] - [3] MIRKO.POZEN: Fichier envoyé: D:\kerberos.htx\Microsoft.Office.Professional.2007.FR.By Gervais\ADMIN\FR-FR\ACCESS12.OPA (52,46 K/S -   53 716 bytes)
[18:21:08] - [2] MIRKO.POZEN: Début du Téléchargement de: D:\kerberos.htx\Microsoft.Office.Professional.2007.FR.By Gervais\ADMIN\FR-FR\CPAO12.OPA
[18:21:08] - [2] MIRKO.POZEN: Fichier envoyé: D:\kerberos.htx\Microsoft.Office.Professional.2007.FR.By Gervais\ADMIN\FR-FR\CPAO12.OPA (26,17 K/S -   26 800 bytes)
[18:21:08] - [3] MIRKO.POZEN: Début du Téléchargement de: D:\kerberos.htx\Microsoft.Office.Professional.2007.FR.By Gervais\ADMIN\FR-FR\EXCEL12.OPA
[18:21:08] - [2] MIRKO.POZEN: Début du Téléchargement de: D:\kerberos.htx\Microsoft.Office.Professional.2007.FR.By Gervais\ADMIN\FR-FR\GROOVE12.OPA
[18:21:08] - [2] MIRKO.POZEN: Fichier envoyé: D:\kerberos.htx\Microsoft.Office.Professional.2007.FR.By Gervais\ADMIN\FR-FR\GROOVE12.OPA (3,74 K/S -   3 832 bytes)
[18:21:08] - [3] MIRKO.POZEN: Fichier envoyé: D:\kerberos.htx\Microsoft.Office.Professional.2007.FR.By Gervais\ADMIN\FR-FR\EXCEL12.OPA (148,39 K/S -   151 952 bytes)
[18:21:08] - [2] MIRKO.POZEN: Début du Téléchargement de: D:\kerberos.htx\Microsoft.Office.Professional.2007.FR.By Gervais\ADMIN\FR-FR\IC12.OPA
[18:21:08] - [2] MIRKO.POZEN: Fichier envoyé: D:\kerberos.htx\Microsoft.Office.Professional.2007.FR.By Gervais\ADMIN\FR-FR\IC12.OPA (9,17 K/S -   9 390 bytes)
[18:21:08] - [3] MIRKO.POZEN: Début du Téléchargement de: D:\kerberos.htx\Microsoft.Office.Professional.2007.FR.By Gervais\ADMIN\FR-FR\INF12.OPA
[18:21:08] - [2] MIRKO.POZEN: Début du Téléchargement de: D:\kerberos.htx\Microsoft.Office.Professional.2007.FR.By Gervais\ADMIN\FR-FR\OCT.CHM
[18:21:08] - [2] MIRKO.POZEN: Fichier envoyé: D:\kerberos.htx\Microsoft.Office.Professional.2007.FR.By Gervais\ADMIN\FR-FR\OCT.CHM (54,97 K/S -   56 288 bytes)
[18:21:08] - [3] MIRKO.POZEN: Fichier envoyé: D:\kerberos.htx\Microsoft.Office.Professional.2007.FR.By Gervais\ADMIN\FR-FR\INF12.OPA (128,53 K/S -   131 614 bytes)
[18:21:09] - [3] MIRKO.POZEN: Début du Téléchargement de: D:\kerberos.htx\Microsoft.Office.Professional.2007.FR.By Gervais\ADMIN\FR-FR\OCTRES.DLL
[18:21:09] - [2] MIRKO.POZEN: Début du Téléchargement de: D:\kerberos.htx\Microsoft.Office.Professional.2007.FR.By Gervais\ADMIN\FR-FR\OFFICE12.OPA
[18:21:09] - [3] MIRKO.POZEN: Fichier envoyé: D:\kerberos.htx\Microsoft.Office.Professional.2007.FR.By Gervais\ADMIN\FR-FR\OCTRES.DLL (429,86 K/S -   440 176 bytes)
[18:21:10] - [3] MIRKO.POZEN: Début du Téléchargement de: D:\kerberos.htx\Microsoft.Office.Professional.2007.FR.By Gervais\ADMIN\FR-FR\ONENT12.OPA
[18:21:10] - [3] MIRKO.POZEN: Fichier envoyé: D:\kerberos.htx\Microsoft.Office.Professional.2007.FR.By Gervais\ADMIN\FR-FR\ONENT12.OPA (99,68 K/S -   102 070 bytes)
[18:21:10] - [2] MIRKO.POZEN: Fichier envoyé: D:\kerberos.htx\Microsoft.Office.Professional.2007.FR.By Gervais\ADMIN\FR-FR\OFFICE12.OPA (697,40 K/S -   714 136 bytes)
[18:21:10] - [2] MIRKO.POZEN: Début du Téléchargement de: D:\kerberos.htx\Microsoft.Office.Professional.2007.FR.By Gervais\ADMIN\FR-FR\OUTLK12.OPA
[18:21:10] - [3] MIRKO.POZEN: Début du Téléchargement de: D:\kerberos.htx\Microsoft.Office.Professional.2007.FR.By Gervais\ADMIN\FR-FR\PPT12.OPA
[18:21:10] - [3] MIRKO.POZEN: Fichier envoyé: D:\kerberos.htx\Microsoft.Office.Professional.2007.FR.By Gervais\ADMIN\FR-FR\PPT12.OPA (102,56 K/S -   105 022 bytes)
[18:21:11] - [2] MIRKO.POZEN: Fichier envoyé: D:\kerberos.htx\Microsoft.Office.Professional.2007.FR.By Gervais\ADMIN\FR-FR\OUTLK12.OPA (488,15 K/S -   499 862 bytes)
[18:21:11] - [3] MIRKO.POZEN: Début du Téléchargement de: D:\kerberos.htx\Microsoft.Office.Professional.2007.FR.By Gervais\ADMIN\FR-FR\PROJ12.OPA
[18:21:11] - [2] MIRKO.POZEN: Début du Téléchargement de: D:\kerberos.htx\Microsoft.Office.Professional.2007.FR.By Gervais\ADMIN\FR-FR\PUB12.OPA
[18:21:11] - [2] MIRKO.POZEN: Fichier envoyé: D:\kerberos.htx\Microsoft.Office.Professional.2007.FR.By Gervais\ADMIN\FR-FR\PUB12.OPA (32,45 K/S -   33 232 bytes)
[18:21:11] - [3] MIRKO.POZEN: Fichier envoyé: D:\kerberos.htx\Microsoft.Office.Professional.2007.FR.By Gervais\ADMIN\FR-FR\PROJ12.OPA (194,79 K/S -   199 460 bytes)
[18:21:11] - [2] MIRKO.POZEN: Début du Téléchargement de: D:\kerberos.htx\Microsoft.Office.Professional.2007.FR.By Gervais\ADMIN\FR-FR\SPD12.OPA
[18:21:11] - [2] MIRKO.POZEN: Fichier envoyé: D:\kerberos.htx\Microsoft.Office.Professional.2007.FR.By Gervais\ADMIN\FR-FR\SPD12.OPA (15,66 K/S -   16 034 bytes)
[18:21:11] - [3] MIRKO.POZEN: Début du Téléchargement de: D:\kerberos.htx\Microsoft.Office.Professional.2007.FR.By Gervais\ADMIN\FR-FR\VISIO12.OPA
[18:21:11] - [2] MIRKO.POZEN: Début du Téléchargement de: D:\kerberos.htx\Microsoft.Office.Professional.2007.FR.By Gervais\ADMIN\FR-FR\WORD12.OPA
[18:21:11] - [3] MIRKO.POZEN: Fichier envoyé: D:\kerberos.htx\Microsoft.Office.Professional.2007.FR.By Gervais\ADMIN\FR-FR\VISIO12.OPA (128,22 K/S -   131 296 bytes)
[18:21:11] - [3] MIRKO.POZEN: Répertoire en Cours: D:\kerberos.htx\Microsoft.Office.Professional.2007.FR.By Gervais\ADMIN\ES-ES\
[18:21:12] - [2] MIRKO.POZEN: Fichier envoyé: D:\kerberos.htx\Microsoft.Office.Professional.2007.FR.By Gervais\ADMIN\FR-FR\WORD12.OPA (238,69 K/S -   244 414 bytes)
[18:21:12] - [2] MIRKO.POZEN: Répertoire en Cours: D:\kerberos.htx\Microsoft.Office.Professional.2007.FR.By Gervais\ADMIN\ES-ES\
[18:21:12] - [3] MIRKO.POZEN: Début du Téléchargement de: D:\kerberos.htx\Microsoft.Office.Professional.2007.FR.By Gervais\ADMIN\ES-ES\ACCESS12.OPA
[18:21:12] - [3] MIRKO.POZEN: Fichier envoyé: D:\kerberos.htx\Microsoft.Office.Professional.2007.FR.By Gervais\ADMIN\ES-ES\ACCESS12.OPA (52,21 K/S -   53 464 bytes)
[18:21:12] - [2] MIRKO.POZEN: Début du Téléchargement de: D:\kerberos.htx\Microsoft.Office.Professional.2007.FR.By Gervais\ADMIN\ES-ES\CPAO12.OPA
[18:21:12] - [2] MIRKO.POZEN: Fichier envoyé: D:\kerberos.htx\Microsoft.Office.Professional.2007.FR.By Gervais\ADMIN\ES-ES\CPAO12.OPA (26,64 K/S -   27 276 bytes)
[18:21:12] - [3] MIRKO.POZEN: Début du Téléchargement de: D:\kerberos.htx\Microsoft.Office.Professional.2007.FR.By Gervais\ADMIN\ES-ES\EXCEL12.OPA
[18:21:12] - [2] MIRKO.POZEN: Début du Téléchargement de: D:\kerberos.htx\Microsoft.Office.Professional.2007.FR.By Gervais\ADMIN\ES-ES\GROOVE12.OPA
[18:21:12] - [2] MIRKO.POZEN: Fichier envoyé: D:\kerberos.htx\Microsoft.Office.Professional.2007.FR.By Gervais\ADMIN\ES-ES\GROOVE12.OPA (3,81 K/S -   3 900 bytes)
[18:21:12] - [3] MIRKO.POZEN: Fichier envoyé: D:\kerberos.htx\Microsoft.Office.Professional.2007.FR.By Gervais\ADMIN\ES-ES\EXCEL12.OPA (149,25 K/S -   152 834 bytes)
[18:21:12] - [2] MIRKO.POZEN: Début du Téléchargement de: D:\kerberos.htx\Microsoft.Office.Professional.2007.FR.By Gervais\ADMIN\ES-ES\IC12.OPA
[18:21:12] - [2] MIRKO.POZEN: Fichier envoyé: D:\kerberos.htx\Microsoft.Office.Professional.2007.FR.By Gervais\ADMIN\ES-ES\IC12.OPA (8,96 K/S -   9 172 bytes)
[18:21:12] - [3] MIRKO.POZEN: Début du Téléchargement de: D:\kerberos.htx\Microsoft.Office.Professional.2007.FR.By Gervais\ADMIN\ES-ES\INF12.OPA
[18:21:12] - [2] MIRKO.POZEN: Début du Téléchargement de: D:\kerberos.htx\Microsoft.Office.Professional.2007.FR.By Gervais\ADMIN\ES-ES\OCT.CHM
[18:21:12] - [2] MIRKO.POZEN: Fichier envoyé: D:\kerberos.htx\Microsoft.Office.Professional.2007.FR.By Gervais\ADMIN\ES-ES\OCT.CHM (55,12 K/S -   56 444 bytes)
[18:21:13] - [3] MIRKO.POZEN: Fichier envoyé: D:\kerberos.htx\Microsoft.Office.Professional.2007.FR.By Gervais\ADMIN\ES-ES\INF12.OPA (129,76 K/S -   132 876 bytes)
[18:21:13] - [3] MIRKO.POZEN: Début du Téléchargement de: D:\kerberos.htx\Microsoft.Office.Professional.2007.FR.By Gervais\ADMIN\ES-ES\OCTRES.DLL
[18:21:13] - [2] MIRKO.POZEN: Début du Téléchargement de: D:\kerberos.htx\Microsoft.Office.Professional.2007.FR.By Gervais\ADMIN\ES-ES\OFFICE12.OPA
[18:21:13] - [3] MIRKO.POZEN: Fichier envoyé: D:\kerberos.htx\Microsoft.Office.Professional.2007.FR.By Gervais\ADMIN\ES-ES\OCTRES.DLL (428,38 K/S -   438 656 bytes)
[18:21:14] - [3] MIRKO.POZEN: Début du Téléchargement de: D:\kerberos.htx\Microsoft.Office.Professional.2007.FR.By Gervais\ADMIN\ES-ES\ONENT12.OPA
[18:21:14] - [2] MIRKO.POZEN: Fichier envoyé: D:\kerberos.htx\Microsoft.Office.Professional.2007.FR.By Gervais\ADMIN\ES-ES\OFFICE12.OPA (700,86 K/S -   717 684 bytes)
[18:21:14] - [3] MIRKO.POZEN: Fichier envoyé: D:\kerberos.htx\Microsoft.Office.Professional.2007.FR.By Gervais\ADMIN\ES-ES\ONENT12.OPA (98,99 K/S -   101 370 bytes)
[18:21:14] - [2] MIRKO.POZEN: Début du Téléchargement de: D:\kerberos.htx\Microsoft.Office.Professional.2007.FR.By Gervais\ADMIN\ES-ES\OUTLK12.OPA
[18:21:14] - [3] MIRKO.POZEN: Début du Téléchargement de: D:\kerberos.htx\Microsoft.Office.Professional.2007.FR.By Gervais\ADMIN\ES-ES\PPT12.OPA
[18:21:14] - [3] MIRKO.POZEN: Fichier envoyé: D:\kerberos.htx\Microsoft.Office.Professional.2007.FR.By Gervais\ADMIN\ES-ES\PPT12.OPA (102,04 K/S -   104 494 bytes)
[18:21:15] - [2] MIRKO.POZEN: Fichier envoyé: D:\kerberos.htx\Microsoft.Office.Professional.2007.FR.By Gervais\ADMIN\ES-ES\OUTLK12.OPA (493,28 K/S -   505 120 bytes)
[18:21:15] - [2] MIRKO.POZEN: Début du Téléchargement de: D:\kerberos.htx\Microsoft.Office.Professional.2007.FR.By Gervais\ADMIN\ES-ES\PROJ12.OPA
[18:21:15] - [2] MIRKO.POZEN: Fichier envoyé: D:\kerberos.htx\Microsoft.Office.Professional.2007.FR.By Gervais\ADMIN\ES-ES\PROJ12.OPA (192,28 K/S -   196 894 bytes)
[18:21:15] - [2] MIRKO.POZEN: Début du Téléchargement de: D:\kerberos.htx\Microsoft.Office.Professional.2007.FR.By Gervais\ADMIN\ES-ES\PUB12.OPA
[18:21:15] - [2] MIRKO.POZEN: Fichier envoyé: D:\kerberos.htx\Microsoft.Office.Professional.2007.FR.By Gervais\ADMIN\ES-ES\PUB12.OPA (32,44 K/S -   33 216 bytes)
[18:21:15] - [3] MIRKO.POZEN: Début du Téléchargement de: D:\kerberos.htx\Microsoft.Office.Professional.2007.FR.By Gervais\ADMIN\ES-ES\SPD12.OPA
[18:21:15] - [3] MIRKO.POZEN: Fichier envoyé: D:\kerberos.htx\Microsoft.Office.Professional.2007.FR.By Gervais\ADMIN\ES-ES\SPD12.OPA (15,76 K/S -   16 134 bytes)
[18:21:15] - [2] MIRKO.POZEN: Début du Téléchargement de: D:\kerberos.htx\Microsoft.Office.Professional.2007.FR.By Gervais\ADMIN\ES-ES\VISIO12.OPA
[18:21:15] - [3] MIRKO.POZEN: Début du Téléchargement de: D:\kerberos.htx\Microsoft.Office.Professional.2007.FR.By Gervais\ADMIN\ES-ES\WORD12.OPA
[18:21:15] - [2] MIRKO.POZEN: Fichier envoyé: D:\kerberos.htx\Microsoft.Office.Professional.2007.FR.By Gervais\ADMIN\ES-ES\VISIO12.OPA (126,97 K/S -   130 014 bytes)
[18:21:16] - [2] MIRKO.POZEN: Répertoire en Cours: D:\kerberos.htx\Microsoft.Office.Professional.2007.FR.By Gervais\ADMIN\EN-US\
[18:21:16] - [3] MIRKO.POZEN: Fichier envoyé: D:\kerberos.htx\Microsoft.Office.Professional.2007.FR.By Gervais\ADMIN\ES-ES\WORD12.OPA (237,87 K/S -   243 578 bytes)
[18:21:16] - [2] MIRKO.POZEN: Début du Téléchargement de: D:\kerberos.htx\Microsoft.Office.Professional.2007.FR.By Gervais\ADMIN\EN-US\ACCESS12.OPA
[18:21:16] - [3] MIRKO.POZEN: Répertoire en Cours: D:\kerberos.htx\Microsoft.Office.Professional.2007.FR.By Gervais\ADMIN\EN-US\
[18:21:16] - [2] MIRKO.POZEN: Fichier envoyé: D:\kerberos.htx\Microsoft.Office.Professional.2007.FR.By Gervais\ADMIN\EN-US\ACCESS12.OPA (49,43 K/S -   50 614 bytes)
[18:21:16] - [3] MIRKO.POZEN: Début du Téléchargement de: D:\kerberos.htx\Microsoft.Office.Professional.2007.FR.By Gervais\ADMIN\EN-US\CPAO12.OPA
[18:21:16] - [3] MIRKO.POZEN: Fichier envoyé: D:\kerberos.htx\Microsoft.Office.Professional.2007.FR.By Gervais\ADMIN\EN-US\CPAO12.OPA (24,32 K/S -   24 904 bytes)
[18:21:16] - [2] MIRKO.POZEN: Début du Téléchargement de: D:\kerberos.htx\Microsoft.Office.Professional.2007.FR.By Gervais\ADMIN\EN-US\EXCEL12.OPA
[18:21:16] - [3] MIRKO.POZEN: Début du Téléchargement de: D:\kerberos.htx\Microsoft.Office.Professional.2007.FR.By Gervais\ADMIN\EN-US\GROOVE12.OPA
[18:21:16] - [3] MIRKO.POZEN: Fichier envoyé: D:\kerberos.htx\Microsoft.Office.Professional.2007.FR.By Gervais\ADMIN\EN-US\GROOVE12.OPA (3,54 K/S -   3 626 bytes)
[18:21:16] - [2] MIRKO.POZEN: Fichier envoyé: D:\kerberos.htx\Microsoft.Office.Professional.2007.FR.By Gervais\ADMIN\EN-US\EXCEL12.OPA (139,77 K/S -   143 128 bytes)
[18:21:16] - [3] MIRKO.POZEN: Début du Téléchargement de: D:\kerberos.htx\Microsoft.Office.Professional.2007.FR.By Gervais\ADMIN\EN-US\IC12.OPA
[18:21:16] - [3] MIRKO.POZEN: Fichier envoyé: D:\kerberos.htx\Microsoft.Office.Professional.2007.FR.By Gervais\ADMIN\EN-US\IC12.OPA (8,43 K/S -   8 628 bytes)
[18:21:16] - [2] MIRKO.POZEN: Début du Téléchargement de: D:\kerberos.htx\Microsoft.Office.Professional.2007.FR.By Gervais\ADMIN\EN-US\INF12.OPA
[18:21:17] - [3] MIRKO.POZEN: Début du Téléchargement de: D:\kerberos.htx\Microsoft.Office.Professional.2007.FR.By Gervais\ADMIN\EN-US\OCT.CHM
[18:21:17] - [2] MIRKO.POZEN: Fichier envoyé: D:\kerberos.htx\Microsoft.Office.Professional.2007.FR.By Gervais\ADMIN\EN-US\INF12.OPA (113,54 K/S -   116 266 bytes)
[18:21:17] - [3] MIRKO.POZEN: Fichier envoyé: D:\kerberos.htx\Microsoft.Office.Professional.2007.FR.By Gervais\ADMIN\EN-US\OCT.CHM (56,33 K/S -   57 678 bytes)
[18:21:17] - [2] MIRKO.POZEN: Début du Téléchargement de: D:\kerberos.htx\Microsoft.Office.Professional.2007.FR.By Gervais\ADMIN\EN-US\OCTRES.DLL
[18:21:17] - [3] MIRKO.POZEN: Début du Téléchargement de: D:\kerberos.htx\Microsoft.Office.Professional.2007.FR.By Gervais\ADMIN\EN-US\OFFICE12.OPA
[18:21:17] - [2] MIRKO.POZEN: Fichier envoyé: D:\kerberos.htx\Microsoft.Office.Professional.2007.FR.By Gervais\ADMIN\EN-US\OCTRES.DLL (411,34 K/S -   421 208 bytes)
[18:21:17] - [2] MIRKO.POZEN: Début du Téléchargement de: D:\kerberos.htx\Microsoft.Office.Professional.2007.FR.By Gervais\ADMIN\EN-US\ONENT12.OPA
[18:21:18] - [2] MIRKO.POZEN: Fichier envoyé: D:\kerberos.htx\Microsoft.Office.Professional.2007.FR.By Gervais\ADMIN\EN-US\ONENT12.OPA (92,44 K/S -   94 656 bytes)
[18:21:18] - [2] MIRKO.POZEN: Début du Téléchargement de: D:\kerberos.htx\Microsoft.Office.Professional.2007.FR.By Gervais\ADMIN\EN-US\OUTLK12.OPA
[18:21:18] - [2] MIRKO.POZEN: Fichier envoyé: D:\kerberos.htx\Microsoft.Office.Professional.2007.FR.By Gervais\ADMIN\EN-US\OUTLK12.OPA (451,06 K/S -   461 884 bytes)
[18:21:18] - [2] MIRKO.POZEN: Début du Téléchargement de: D:\kerberos.htx\Microsoft.Office.Professional.2007.FR.By Gervais\ADMIN\EN-US\PPT12.OPA
[18:21:19] - [2] MIRKO.POZEN: Fichier envoyé: D:\kerberos.htx\Microsoft.Office.Professional.2007.FR.By Gervais\ADMIN\EN-US\PPT12.OPA (97,19 K/S -   99 522 bytes)
[18:21:19] - [3] MIRKO.POZEN: Fichier envoyé: D:\kerberos.htx\Microsoft.Office.Professional.2007.FR.By Gervais\ADMIN\EN-US\OFFICE12.OPA (334,44 K/S -   684 924 bytes)
[18:21:19] - [2] MIRKO.POZEN: Début du Téléchargement de: D:\kerberos.htx\Microsoft.Office.Professional.2007.FR.By Gervais\ADMIN\EN-US\PROJ12.OPA
[18:21:19] - [3] MIRKO.POZEN: Début du Téléchargement de: D:\kerberos.htx\Microsoft.Office.Professional.2007.FR.By Gervais\ADMIN\EN-US\PUB12.OPA
[18:21:19] - [3] MIRKO.POZEN: Fichier envoyé: D:\kerberos.htx\Microsoft.Office.Professional.2007.FR.By Gervais\ADMIN\EN-US\PUB12.OPA (30,68 K/S -   31 418 bytes)
[18:21:19] - [2] MIRKO.POZEN: Fichier envoyé: D:\kerberos.htx\Microsoft.Office.Professional.2007.FR.By Gervais\ADMIN\EN-US\PROJ12.OPA (182,68 K/S -   187 068 bytes)
[18:21:19] - [2] MIRKO.POZEN: Début du Téléchargement de: D:\kerberos.htx\Microsoft.Office.Professional.2007.FR.By Gervais\ADMIN\EN-US\SPD12.OPA
[18:21:19] - [2] MIRKO.POZEN: Fichier envoyé: D:\kerberos.htx\Microsoft.Office.Professional.2007.FR.By Gervais\ADMIN\EN-US\SPD12.OPA (14,86 K/S -   15 212 bytes)
[18:21:19] - [3] MIRKO.POZEN: Début du Téléchargement de: D:\kerberos.htx\Microsoft.Office.Professional.2007.FR.By Gervais\ADMIN\EN-US\VISIO12.OPA
[18:21:19] - [2] MIRKO.POZEN: Début du Téléchargement de: D:\kerberos.htx\Microsoft.Office.Professional.2007.FR.By Gervais\ADMIN\EN-US\WORD12.OPA
[18:21:19] - [3] MIRKO.POZEN: Fichier envoyé: D:\kerberos.htx\Microsoft.Office.Professional.2007.FR.By Gervais\ADMIN\EN-US\VISIO12.OPA (119,69 K/S -   122 566 bytes)
[18:21:19] - [3] MIRKO.POZEN: Répertoire en Cours: D:\kerberos.htx\Microsoft.Office.Professional.2007.FR.By Gervais\ADMIN\DE-DE\
[18:21:20] - [2] MIRKO.POZEN: Fichier envoyé: D:\kerberos.htx\Microsoft.Office.Professional.2007.FR.By Gervais\ADMIN\EN-US\WORD12.OPA (228,74 K/S -   234 232 bytes)
[18:21:20] - [3] MIRKO.POZEN: Début du Téléchargement de: D:\kerberos.htx\Microsoft.Office.Professional.2007.FR.By Gervais\ADMIN\DE-DE\ACCESS12.OPA
[18:21:20] - [2] MIRKO.POZEN: Répertoire en Cours: D:\kerberos.htx\Microsoft.Office.Professional.2007.FR.By Gervais\ADMIN\DE-DE\
[18:21:20] - [3] MIRKO.POZEN: Fichier envoyé: D:\kerberos.htx\Microsoft.Office.Professional.2007.FR.By Gervais\ADMIN\DE-DE\ACCESS12.OPA (52,95 K/S -   54 216 bytes)
[18:21:20] - [2] MIRKO.POZEN: Début du Téléchargement de: D:\kerberos.htx\Microsoft.Office.Professional.2007.FR.By Gervais\ADMIN\DE-DE\CPAO12.OPA
[18:21:20] - [2] MIRKO.POZEN: Fichier envoyé: D:\kerberos.htx\Microsoft.Office.Professional.2007.FR.By Gervais\ADMIN\DE-DE\CPAO12.OPA (26,46 K/S -   27 090 bytes)
[18:21:20] - [3] MIRKO.POZEN: Début du Téléchargement de: D:\kerberos.htx\Microsoft.Office.Professional.2007.FR.By Gervais\ADMIN\DE-DE\EXCEL12.OPA
[18:21:20] - [2] MIRKO.POZEN: Début du Téléchargement de: D:\kerberos.htx\Microsoft.Office.Professional.2007.FR.By Gervais\ADMIN\DE-DE\GROOVE12.OPA
[18:21:20] - [2] MIRKO.POZEN: Fichier envoyé: D:\kerberos.htx\Microsoft.Office.Professional.2007.FR.By Gervais\ADMIN\DE-DE\GROOVE12.OPA (3,95 K/S -   4 042 bytes)
[18:21:20] - [3] MIRKO.POZEN: Fichier envoyé: D:\kerberos.htx\Microsoft.Office.Professional.2007.FR.By Gervais\ADMIN\DE-DE\EXCEL12.OPA (150,26 K/S -   153 864 bytes)
[18:21:20] - [2] MIRKO.POZEN: Début du Téléchargement de: D:\kerberos.htx\Microsoft.Office.Professional.2007.FR.By Gervais\ADMIN\DE-DE\IC12.OPA
[18:21:20] - [2] MIRKO.POZEN: Fichier envoyé: D:\kerberos.htx\Microsoft.Office.Professional.2007.FR.By Gervais\ADMIN\DE-DE\IC12.OPA (9,48 K/S -   9 708 bytes)
[18:21:20] - [3] MIRKO.POZEN: Début du Téléchargement de: D:\kerberos.htx\Microsoft.Office.Professional.2007.FR.By Gervais\ADMIN\DE-DE\INF12.OPA
[18:21:20] - [3] MIRKO.POZEN: Fichier envoyé: D:\kerberos.htx\Microsoft.Office.Professional.2007.FR.By Gervais\ADMIN\DE-DE\INF12.OPA (127,42 K/S -   130 478 bytes)
[18:21:21] - [2] MIRKO.POZEN: Début du Téléchargement de: D:\kerberos.htx\Microsoft.Office.Professional.2007.FR.By Gervais\ADMIN\DE-DE\OCT.CHM
[18:21:21] - [2] MIRKO.POZEN: Fichier envoyé: D:\kerberos.htx\Microsoft.Office.Professional.2007.FR.By Gervais\ADMIN\DE-DE\OCT.CHM (55,91 K/S -   57 249 bytes)
[18:21:21] - [3] MIRKO.POZEN: Début du Téléchargement de: D:\kerberos.htx\Microsoft.Office.Professional.2007.FR.By Gervais\ADMIN\DE-DE\OCTRES.DLL
[18:21:21] - [2] MIRKO.POZEN: Début du Téléchargement de: D:\kerberos.htx\Microsoft.Office.Professional.2007.FR.By Gervais\ADMIN\DE-DE\OFFICE12.OPA
[18:21:21] - [3] MIRKO.POZEN: Fichier envoyé: D:\kerberos.htx\Microsoft.Office.Professional.2007.FR.By Gervais\ADMIN\DE-DE\OCTRES.DLL (427,34 K/S -   437 600 bytes)
[18:21:21] - [3] MIRKO.POZEN: Début du Téléchargement de: D:\kerberos.htx\Microsoft.Office.Professional.2007.FR.By Gervais\ADMIN\DE-DE\ONENT12.OPA
[18:21:22] - [3] MIRKO.POZEN: Fichier envoyé: D:\kerberos.htx\Microsoft.Office.Professional.2007.FR.By Gervais\ADMIN\DE-DE\ONENT12.OPA (99,05 K/S -   101 428 bytes)
[18:21:22] - [2] MIRKO.POZEN: Fichier envoyé: D:\kerberos.htx\Microsoft.Office.Professional.2007.FR.By Gervais\ADMIN\DE-DE\OFFICE12.OPA (700,57 K/S -   717 386 bytes)
[18:21:22] - [3] MIRKO.POZEN: Début du Téléchargement de: D:\kerberos.htx\Microsoft.Office.Professional.2007.FR.By Gervais\ADMIN\DE-DE\OUTLK12.OPA
[18:21:22] - [2] MIRKO.POZEN: Début du Téléchargement de: D:\kerberos.htx\Microsoft.Office.Professional.2007.FR.By Gervais\ADMIN\DE-DE\PPT12.OPA
[18:21:22] - [2] MIRKO.POZEN: Fichier envoyé: D:\kerberos.htx\Microsoft.Office.Professional.2007.FR.By Gervais\ADMIN\DE-DE\PPT12.OPA (103,07 K/S -   105 546 bytes)
[18:21:23] - [3] MIRKO.POZEN: Fichier envoyé: D:\kerberos.htx\Microsoft.Office.Professional.2007.FR.By Gervais\ADMIN\DE-DE\OUTLK12.OPA (486,27 K/S -   497 936 bytes)
[18:21:23] - [3] MIRKO.POZEN: Début du Téléchargement de: D:\kerberos.htx\Microsoft.Office.Professional.2007.FR.By Gervais\ADMIN\DE-DE\PROJ12.OPA
[18:21:23] - [3] MIRKO.POZEN: Fichier envoyé: D:\kerberos.htx\Microsoft.Office.Professional.2007.FR.By Gervais\ADMIN\DE-DE\PROJ12.OPA (197,74 K/S -   202 490 bytes)
[18:21:23] - [2] MIRKO.POZEN: Début du Téléchargement de: D:\kerberos.htx\Microsoft.Office.Professional.2007.FR.By Gervais\ADMIN\DE-DE\PUB12.OPA
[18:21:23] - [3] MIRKO.POZEN: Début du Téléchargement de: D:\kerberos.htx\Microsoft.Office.Professional.2007.FR.By Gervais\ADMIN\DE-DE\SPD12.OPA
[18:21:23] - [3] MIRKO.POZEN: Fichier envoyé: D:\kerberos.htx\Microsoft.Office.Professional.2007.FR.By Gervais\ADMIN\DE-DE\SPD12.OPA (15,75 K/S -   16 130 bytes)
[18:21:23] - [2] MIRKO.POZEN: Fichier envoyé: D:\kerberos.htx\Microsoft.Office.Professional.2007.FR.By Gervais\ADMIN\DE-DE\PUB12.OPA (32,20 K/S -   32 972 bytes)
[18:21:23] - [3] MIRKO.POZEN: Début du Téléchargement de: D:\kerberos.htx\Microsoft.Office.Professional.2007.FR.By Gervais\ADMIN\DE-DE\VISIO12.OPA
[18:21:23] - [2] MIRKO.POZEN: Début du Téléchargement de: D:\kerberos.htx\Microsoft.Office.Professional.2007.FR.By Gervais\ADMIN\DE-DE\WORD12.OPA
[18:21:23] - [3] MIRKO.POZEN: Fichier envoyé: D:\kerberos.htx\Microsoft.Office.Professional.2007.FR.By Gervais\ADMIN\DE-DE\VISIO12.OPA (128,32 K/S -   131 400 bytes)
[18:21:24] - [3] MIRKO.POZEN: Répertoire en Cours: D:\kerberos.htx\Microsoft.Office.Professional.2007.FR.By Gervais\ACCESS.FR-FR\
[18:21:24] - [2] MIRKO.POZEN: Fichier envoyé: D:\kerberos.htx\Microsoft.Office.Professional.2007.FR.By Gervais\ADMIN\DE-DE\WORD12.OPA (239,20 K/S -   244 936 bytes)
[18:21:24] - [2] MIRKO.POZEN: Répertoire en Cours: D:\kerberos.htx\Microsoft.Office.Professional.2007.FR.By Gervais\ACCESS.FR-FR\
[18:21:24] - [3] MIRKO.POZEN: Début du Téléchargement de: D:\kerberos.htx\Microsoft.Office.Professional.2007.FR.By Gervais\ACCESS.FR-FR\ACCESSMUI.MSI
[18:21:24] - [2] MIRKO.POZEN: Début du Téléchargement de: D:\kerberos.htx\Microsoft.Office.Professional.2007.FR.By Gervais\ACCESS.FR-FR\ACCESSMUI.XML
[18:21:24] - [2] MIRKO.POZEN: Fichier envoyé: D:\kerberos.htx\Microsoft.Office.Professional.2007.FR.By Gervais\ACCESS.FR-FR\ACCESSMUI.XML (1,31 K/S -   1 345 bytes)
[18:21:24] - [2] MIRKO.POZEN: Début du Téléchargement de: D:\kerberos.htx\Microsoft.Office.Professional.2007.FR.By Gervais\ACCESS.FR-FR\ACCLR.CAB
[18:21:26] - [3] MIRKO.POZEN: Fichier envoyé: D:\kerberos.htx\Microsoft.Office.Professional.2007.FR.By Gervais\ACCESS.FR-FR\ACCESSMUI.MSI (810,25 K/S -  1 659 392 bytes)
[18:21:26] - [3] MIRKO.POZEN: Début du Téléchargement de: D:\kerberos.htx\Microsoft.Office.Professional.2007.FR.By Gervais\ACCESS.FR-FR\SETUP.XML
[18:21:26] - [3] MIRKO.POZEN: Fichier envoyé: D:\kerberos.htx\Microsoft.Office.Professional.2007.FR.By Gervais\ACCESS.FR-FR\SETUP.XML (1,74 K/S -   1 780 bytes)
[18:21:53] - [2] MIRKO.POZEN: Fichier envoyé: D:\kerberos.htx\Microsoft.Office.Professional.2007.FR.By Gervais\ACCESS.FR-FR\ACCLR.CAB (964,41 K/S -  28 639 093 bytes)
[18:21:57] - [3] Client 192.168.0.1 Déconnecté (00:09:40 Min)
[18:22:24] - [2] Client 192.168.0.1 Déconnecté (00:10:07 Min)
[18:25:49] - [1] Client 192.168.0.1 Déconnecté (00:14:25 Min)
[18:30:25] - [4] Connecté à 192.35.168.250. Collecte du Nom d'utilisateur.
[18:30:40] - [4] Client 192.35.168.250 Déconnecté (00:00:15 Min)
[18:47:13] - [5] Connecté à 192.168.0.1. Collecte du Nom d'utilisateur.
[18:47:13] - [5] Usager MIRKO.POZEN Connecté IP: 192.168.0.1
[18:47:14] - [5] MIRKO.POZEN: Répertoire en Cours: D:\kerberos.htx\
[18:47:14] - [5] MIRKO.POZEN: Répertoire en Cours: D:\kerberos.htx\
[18:47:29] - [5] MIRKO.POZEN: Répertoire en Cours: D:\kerberos.htx\rar\
[18:47:36] - [6] Connecté à 192.168.0.1. Collecte du Nom d'utilisateur.
[18:47:37] - [6] Usager MIRKO.POZEN Connecté IP: 192.168.0.1
[18:47:37] - [6] MIRKO.POZEN: Répertoire en Cours: D:\kerberos.htx\
[18:47:37] - [6] MIRKO.POZEN: Répertoire en Cours: D:\kerberos.htx\rar\
[18:47:37] - [6] MIRKO.POZEN: Début du Téléchargement de: D:\kerberos.htx\rar\paint shop pro 8 relase.rar
[18:51:33] - [6] MIRKO.POZEN: Fichier envoyé: D:\kerberos.htx\rar\paint shop pro 8 relase.rar (1 031,35 K/S -  249 239 850 bytes)
[18:52:00] - [6] Client 192.168.0.1 Déconnecté (00:04:23 Min)
[18:55:16] - [5] MIRKO.POZEN: Répertoire en Cours: D:\kerberos.htx\
[18:55:16] - [5] MIRKO.POZEN: Répertoire en Cours: D:\kerberos.htx\exe\
[18:55:59] - [7] Connecté à 192.168.0.1. Collecte du Nom d'utilisateur.
[18:55:59] - [7] Usager MIRKO.POZEN Connecté IP: 192.168.0.1
[18:55:59] - [7] MIRKO.POZEN: Répertoire en Cours: D:\kerberos.htx\
[18:55:59] - [7] MIRKO.POZEN: Répertoire en Cours: D:\kerberos.htx\exe\
[18:55:59] - [7] MIRKO.POZEN: Début du Téléchargement de: D:\kerberos.htx\exe\winrar.exe
[18:56:04] - [7] MIRKO.POZEN: Fichier envoyé: D:\kerberos.htx\exe\winrar.exe (511,99 K/S -  2 621 400 bytes)
[18:56:34] - [7] Client 192.168.0.1 Déconnecté (00:00:35 Min)
[19:18:01] - [5] Client 192.168.0.1 Déconnecté (00:30:47 Min)
[19:27:13] - [8] Connecté à 192.168.0.1. Collecte du Nom d'utilisateur.
[19:27:13] - [8] Usager MIRKO.POZEN Connecté IP: 192.168.0.1
[19:27:13] - [8] MIRKO.POZEN: Répertoire en Cours: D:\kerberos.htx\
[19:27:14] - [8] MIRKO.POZEN: Répertoire en Cours: D:\kerberos.htx\
[19:27:29] - [8] Client 192.168.0.1 Déconnecté (00:00:16 Min)
