[15:54:15] - Serveur Démarré
[15:54:15] - FTP Port: 21
[15:57:21] - [1] Connecté à 192.168.0.1. Collecte du Nom d'utilisateur.
[15:57:21] - [1] Usager MIRKO.POZEN Connecté IP: 192.168.0.1
[15:57:21] - [1] MIRKO.POZEN: Répertoire en Cours: D:\kerberos.htx\
[15:57:22] - [1] MIRKO.POZEN: Répertoire en Cours: D:\kerberos.htx\
[15:58:08] - [1] MIRKO.POZEN: Répertoire en Cours: D:\kerberos.htx\exe\
[15:58:38] - [2] Connecté à 192.168.0.1. Collecte du Nom d'utilisateur.
[15:58:39] - [2] Usager MIRKO.POZEN Connecté IP: 192.168.0.1
[15:58:39] - [2] MIRKO.POZEN: Répertoire en Cours: D:\kerberos.htx\
[15:58:39] - [2] MIRKO.POZEN: Répertoire en Cours: D:\kerberos.htx\exe\
[15:58:39] - [2] MIRKO.POZEN: Début du Téléchargement de: D:\kerberos.htx\exe\slimdrivers_2-3-0-1_fr_412744.exe
[15:58:40] - [2] MIRKO.POZEN: Fichier envoyé: D:\kerberos.htx\exe\slimdrivers_2-3-0-1_fr_412744.exe (479,36 K/S -   981 728 bytes)
[15:59:11] - [2] Client 192.168.0.1 Déconnecté (00:00:32 Min)
[16:01:39] - [3] Connecté à 192.168.0.1. Collecte du Nom d'utilisateur.
[16:01:39] - [3] Usager MIRKO.POZEN Connecté IP: 192.168.0.1
[16:01:39] - [3] MIRKO.POZEN: Répertoire en Cours: D:\kerberos.htx\
[16:01:39] - [3] MIRKO.POZEN: Répertoire en Cours: D:\kerberos.htx\exe\
[16:01:39] - [3] MIRKO.POZEN: Début du Téléchargement de: D:\kerberos.htx\exe\vlc-media-player-3-0-4.exe
[16:01:46] - [4] Connecté à 192.168.0.1. Collecte du Nom d'utilisateur.
[16:01:46] - [4] Usager MIRKO.POZEN Connecté IP: 192.168.0.1
[16:01:46] - [4] MIRKO.POZEN: Répertoire en Cours: D:\kerberos.htx\
[16:01:46] - [4] MIRKO.POZEN: Répertoire en Cours: D:\kerberos.htx\exe\
[16:01:47] - [4] MIRKO.POZEN: Début du Téléchargement de: D:\kerberos.htx\exe\winrar.exe
[16:02:14] - [4] MIRKO.POZEN: Fichier envoyé: D:\kerberos.htx\exe\winrar.exe (94,81 K/S -  2 621 400 bytes)
[16:02:14] - [4] MIRKO.POZEN: Début du Téléchargement de: D:\kerberos.htx\exe\youtube_downloader_hd_setup.exe
[16:02:58] - [4] MIRKO.POZEN: Fichier envoyé: D:\kerberos.htx\exe\youtube_downloader_hd_setup.exe (213,35 K/S -  9 612 488 bytes)
[16:02:58] - [4] MIRKO.POZEN: Début du Téléchargement de: D:\kerberos.htx\exe\pplfr165_x64comp.exe
[16:03:00] - [4] MIRKO.POZEN: Fichier envoyé: D:\kerberos.htx\exe\pplfr165_x64comp.exe (116,42 K/S -   238 430 bytes)
[16:03:20] - [1] MIRKO.POZEN: Répertoire en Cours: D:\kerberos.htx\exe\hddentinel\
[16:03:28] - [4] MIRKO.POZEN: Répertoire en Cours: D:\kerberos.htx\exe\hddentinel\
[16:03:28] - [1] MIRKO.POZEN: Répertoire en Cours: D:\kerberos.htx\exe\hddentinel\crack\
[16:03:28] - [4] MIRKO.POZEN: Début du Téléchargement de: D:\kerberos.htx\exe\hddentinel\hdsentinel_setup.exe
[16:03:43] - [3] MIRKO.POZEN: Fichier envoyé: D:\kerberos.htx\exe\vlc-media-player-3-0-4.exe (326,73 K/S -  41 486 400 bytes)
[16:03:43] - [3] MIRKO.POZEN: Répertoire en Cours: D:\kerberos.htx\exe\hddentinel\crack\
[16:03:43] - [3] MIRKO.POZEN: Début du Téléchargement de: D:\kerberos.htx\exe\hddentinel\crack\HDSentinel.exe
[16:03:55] - [3] MIRKO.POZEN: Fichier envoyé: D:\kerberos.htx\exe\hddentinel\crack\HDSentinel.exe (362,97 K/S -  4 460 176 bytes)
[16:04:09] - [4] MIRKO.POZEN: Fichier envoyé: D:\kerberos.htx\exe\hddentinel\hdsentinel_setup.exe (429,06 K/S -  18 013 720 bytes)
[16:04:25] - [3] Client 192.168.0.1 Déconnecté (00:02:46 Min)
[16:04:41] - [4] Client 192.168.0.1 Déconnecté (00:02:54 Min)
[16:04:57] - [1] MIRKO.POZEN: Répertoire en Cours: D:\kerberos.htx\
[16:04:57] - [1] MIRKO.POZEN: Répertoire en Cours: D:\kerberos.htx\rar\
[16:05:06] - [5] Connecté à 192.168.0.1. Collecte du Nom d'utilisateur.
[16:05:06] - [5] Usager MIRKO.POZEN Connecté IP: 192.168.0.1
[16:05:06] - [5] MIRKO.POZEN: Répertoire en Cours: D:\kerberos.htx\
[16:05:06] - [5] MIRKO.POZEN: Répertoire en Cours: D:\kerberos.htx\rar\
[16:05:06] - [5] MIRKO.POZEN: Début du Téléchargement de: D:\kerberos.htx\rar\office ok.rar
[16:05:08] - [6] Connecté à 192.168.0.1. Collecte du Nom d'utilisateur.
[16:05:09] - [6] Usager MIRKO.POZEN Connecté IP: 192.168.0.1
[16:05:09] - [6] MIRKO.POZEN: Répertoire en Cours: D:\kerberos.htx\
[16:05:09] - [6] MIRKO.POZEN: Répertoire en Cours: D:\kerberos.htx\rar\
[16:05:09] - [6] MIRKO.POZEN: Début du Téléchargement de: D:\kerberos.htx\rar\paint shop pro 8 relase.rar
[16:05:29] - [1] MIRKO.POZEN: Répertoire en Cours: D:\kerberos.htx\
[16:05:29] - [1] MIRKO.POZEN: Répertoire en Cours: D:\kerberos.htx\alex\
[16:05:32] - [1] MIRKO.POZEN: Répertoire en Cours: D:\kerberos.htx\alex\alex\
[16:18:46] - [6] MIRKO.POZEN: Fichier envoyé: D:\kerberos.htx\rar\paint shop pro 8 relase.rar (297,92 K/S -  249 239 850 bytes)
[16:18:46] - [6] MIRKO.POZEN: Répertoire en Cours: D:\kerberos.htx\alex\
[16:18:46] - [6] MIRKO.POZEN: Début du Téléchargement de: D:\kerberos.htx\alex\alex.rar
[16:18:52] - [6] MIRKO.POZEN: Fichier envoyé: D:\kerberos.htx\alex\alex.rar (340,18 K/S -  2 090 051 bytes)
[16:18:52] - [6] MIRKO.POZEN: Début du Téléchargement de: D:\kerberos.htx\alex\setup.log
[16:18:52] - [6] MIRKO.POZEN: Fichier envoyé: D:\kerberos.htx\alex\setup.log (2,08 K/S -   2 126 bytes)
[16:18:52] - [6] MIRKO.POZEN: Début du Téléchargement de: D:\kerberos.htx\alex\TeamViewer.exe
[16:19:14] - [6] MIRKO.POZEN: Fichier envoyé: D:\kerberos.htx\alex\TeamViewer.exe (79,19 K/S -  1 865 104 bytes)
[16:19:14] - [6] MIRKO.POZEN: Début du Téléchargement de: D:\kerberos.htx\alex\TeamViewer_Resource_en.dll
[16:19:17] - [6] MIRKO.POZEN: Fichier envoyé: D:\kerberos.htx\alex\TeamViewer_Resource_en.dll (406,64 K/S -   832 808 bytes)
[16:19:17] - [6] MIRKO.POZEN: Début du Téléchargement de: D:\kerberos.htx\alex\uninstall.exe
[16:19:17] - [6] MIRKO.POZEN: Fichier envoyé: D:\kerberos.htx\alex\uninstall.exe (63,00 K/S -   64 512 bytes)
[16:19:17] - [6] MIRKO.POZEN: Répertoire en Cours: D:\kerberos.htx\alex\alex\
[16:19:18] - [6] MIRKO.POZEN: Début du Téléchargement de: D:\kerberos.htx\alex\alex\setup.log
[16:19:18] - [6] MIRKO.POZEN: Fichier envoyé: D:\kerberos.htx\alex\alex\setup.log (2,08 K/S -   2 126 bytes)
[16:19:18] - [6] MIRKO.POZEN: Début du Téléchargement de: D:\kerberos.htx\alex\alex\TeamViewer_Resource_en.dll
[16:19:20] - [6] MIRKO.POZEN: Fichier envoyé: D:\kerberos.htx\alex\alex\TeamViewer_Resource_en.dll (406,64 K/S -   832 808 bytes)
[16:19:20] - [6] MIRKO.POZEN: Début du Téléchargement de: D:\kerberos.htx\alex\alex\uninstall.exe
[16:19:21] - [6] MIRKO.POZEN: Fichier envoyé: D:\kerberos.htx\alex\alex\uninstall.exe (63,00 K/S -   64 512 bytes)
[16:19:52] - [6] Client 192.168.0.1 Déconnecté (00:14:43 Min)
[16:21:03] - [5] MIRKO.POZEN: Echec de l'envoie du Fichier: D:\kerberos.htx\rar\office ok.rar (384,60 K/S -  376 895 488 bytes)
[16:21:03] - [5] Client 192.168.0.1 Déconnecté (00:15:57 Min)
[16:21:19] - [7] Connecté à 192.168.0.1. Collecte du Nom d'utilisateur.
[16:21:19] - [8] Connecté à 192.168.0.1. Collecte du Nom d'utilisateur.
[16:21:19] - [7] Usager MIRKO.POZEN Connecté IP: 192.168.0.1
[16:21:19] - [7] MIRKO.POZEN: Répertoire en Cours: D:\kerberos.htx\
[16:21:19] - [8] Usager MIRKO.POZEN Connecté IP: 192.168.0.1
[16:21:19] - [8] MIRKO.POZEN: Répertoire en Cours: D:\kerberos.htx\
[16:21:19] - [7] MIRKO.POZEN: Répertoire en Cours: D:\kerberos.htx\rar\
[16:21:19] - [7] MIRKO.POZEN: Résumé du Téléchargement de: D:\kerberos.htx\rar\office ok.rar A:  376 888 168 bytes
[16:32:12] - [7] MIRKO.POZEN: Fichier envoyé: D:\kerberos.htx\rar\office ok.rar (1 266,06 K/S -  845 285 480 bytes)
[16:32:43] - [7] Client 192.168.0.1 Déconnecté (00:11:24 Min)
[16:35:50] - [8] Client 192.168.0.1 Déconnecté (00:14:31 Min)
[16:57:43] - [9] Connecté à 192.168.0.1. Collecte du Nom d'utilisateur.
[16:57:44] - [9] Usager MIRKO.POZEN Connecté IP: 192.168.0.1
[16:57:44] - [9] MIRKO.POZEN: Répertoire en Cours: D:\kerberos.htx\
[16:57:44] - [9] MIRKO.POZEN: Répertoire en Cours: D:\kerberos.htx\
[16:57:57] - [9] MIRKO.POZEN: Répertoire en Cours: D:\kerberos.htx\rar\
[16:58:15] - [9] MIRKO.POZEN: Répertoire en Cours: D:\kerberos.htx\
[16:58:15] - [9] MIRKO.POZEN: Répertoire en Cours: D:\kerberos.htx\exe\
[16:58:28] - [10] Connecté à 192.168.0.1. Collecte du Nom d'utilisateur.
[16:58:28] - [10] Usager MIRKO.POZEN Connecté IP: 192.168.0.1
[16:58:28] - [10] MIRKO.POZEN: Répertoire en Cours: D:\kerberos.htx\
[16:58:28] - [10] MIRKO.POZEN: Répertoire en Cours: D:\kerberos.htx\exe\
[16:58:28] - [10] MIRKO.POZEN: Début du Téléchargement de: D:\kerberos.htx\exe\ClassicShellSetup_4_2_5.exe
[16:58:38] - [10] MIRKO.POZEN: Fichier envoyé: D:\kerberos.htx\exe\ClassicShellSetup_4_2_5.exe (618,61 K/S -  6 968 048 bytes)
[16:59:09] - [10] Client 192.168.0.1 Déconnecté (00:00:41 Min)
[16:59:38] - [9] MIRKO.POZEN: Répertoire en Cours: D:\kerberos.htx\exe\aida32\
[16:59:38] - [11] Connecté à 192.168.0.1. Collecte du Nom d'utilisateur.
[16:59:38] - [12] Connecté à 192.168.0.1. Collecte du Nom d'utilisateur.
[16:59:39] - [11] Usager MIRKO.POZEN Connecté IP: 192.168.0.1
[16:59:39] - [11] MIRKO.POZEN: Répertoire en Cours: D:\kerberos.htx\
[16:59:39] - [12] Usager MIRKO.POZEN Connecté IP: 192.168.0.1
[16:59:39] - [12] MIRKO.POZEN: Répertoire en Cours: D:\kerberos.htx\
[16:59:39] - [12] MIRKO.POZEN: Répertoire en Cours: D:\kerberos.htx\exe\aida32\
[16:59:39] - [11] MIRKO.POZEN: Répertoire en Cours: D:\kerberos.htx\exe\aida32\
[16:59:39] - [12] MIRKO.POZEN: Début du Téléchargement de: D:\kerberos.htx\exe\aida32\aida32.dat
[16:59:39] - [11] MIRKO.POZEN: Début du Téléchargement de: D:\kerberos.htx\exe\aida32\aida32.bin
[16:59:53] - [12] MIRKO.POZEN: Fichier envoyé: D:\kerberos.htx\exe\aida32\aida32.dat (28,61 K/S -   439 388 bytes)
[16:59:53] - [12] MIRKO.POZEN: Début du Téléchargement de: D:\kerberos.htx\exe\aida32\aida32.exe
[16:59:54] - [12] MIRKO.POZEN: Fichier envoyé: D:\kerberos.htx\exe\aida32\aida32.exe (14,50 K/S -   14 848 bytes)
[16:59:54] - [12] MIRKO.POZEN: Début du Téléchargement de: D:\kerberos.htx\exe\aida32\aida32.mem
[16:59:54] - [12] MIRKO.POZEN: Fichier envoyé: D:\kerberos.htx\exe\aida32\aida32.mem (2,44 K/S -   2 501 bytes)
[16:59:54] - [12] MIRKO.POZEN: Début du Téléchargement de: D:\kerberos.htx\exe\aida32\aida32.sa6
[16:59:54] - [12] MIRKO.POZEN: Fichier envoyé: D:\kerberos.htx\exe\aida32\aida32.sa6 (6,00 K/S -   6 144 bytes)
[16:59:54] - [12] MIRKO.POZEN: Début du Téléchargement de: D:\kerberos.htx\exe\aida32\aida32.si6
[16:59:54] - [12] MIRKO.POZEN: Fichier envoyé: D:\kerberos.htx\exe\aida32\aida32.si6 (9,00 K/S -   9 216 bytes)
[16:59:55] - [12] MIRKO.POZEN: Début du Téléchargement de: D:\kerberos.htx\exe\aida32\aida32.sys
[16:59:55] - [12] MIRKO.POZEN: Fichier envoyé: D:\kerberos.htx\exe\aida32\aida32.sys (3,50 K/S -   3 584 bytes)
[16:59:55] - [12] MIRKO.POZEN: Début du Téléchargement de: D:\kerberos.htx\exe\aida32\aida32.vxd
[16:59:55] - [12] MIRKO.POZEN: Fichier envoyé: D:\kerberos.htx\exe\aida32\aida32.vxd (7,06 K/S -   7 228 bytes)
[16:59:55] - [11] MIRKO.POZEN: Fichier envoyé: D:\kerberos.htx\exe\aida32\aida32.bin (65,94 K/S -  1 080 320 bytes)
[16:59:55] - [11] MIRKO.POZEN: Début du Téléchargement de: D:\kerberos.htx\exe\aida32\aida32.web
[16:59:55] - [11] MIRKO.POZEN: Fichier envoyé: D:\kerberos.htx\exe\aida32\aida32.web (5,84 K/S -   5 976 bytes)
[16:59:55] - [12] MIRKO.POZEN: Début du Téléchargement de: D:\kerberos.htx\exe\aida32\aidaplugin_diskbench.dll
[16:59:56] - [11] MIRKO.POZEN: Début du Téléchargement de: D:\kerberos.htx\exe\aida32\aidaplugin_monitordiag.dll
[16:59:56] - [12] MIRKO.POZEN: Fichier envoyé: D:\kerberos.htx\exe\aida32\aidaplugin_diskbench.dll (100,25 K/S -   205 312 bytes)
[16:59:56] - [11] MIRKO.POZEN: Fichier envoyé: D:\kerberos.htx\exe\aida32\aidaplugin_monitordiag.dll (182,00 K/S -   186 368 bytes)
[16:59:56] - [12] MIRKO.POZEN: Début du Téléchargement de: D:\kerberos.htx\exe\aida32\aidaplugin_netbench.dll
[16:59:57] - [11] MIRKO.POZEN: Début du Téléchargement de: D:\kerberos.htx\exe\aida32\aida_directx.dll
[16:59:57] - [11] MIRKO.POZEN: Fichier envoyé: D:\kerberos.htx\exe\aida32\aida_directx.dll (45,50 K/S -   46 592 bytes)
[16:59:57] - [11] MIRKO.POZEN: Début du Téléchargement de: D:\kerberos.htx\exe\aida32\aida_icons.dll
[16:59:58] - [11] MIRKO.POZEN: Fichier envoyé: D:\kerberos.htx\exe\aida32\aida_icons.dll (95,00 K/S -   97 280 bytes)
[16:59:58] - [11] MIRKO.POZEN: Début du Téléchargement de: D:\kerberos.htx\exe\aida32\aida_xpicons.dll
[16:59:58] - [12] MIRKO.POZEN: Fichier envoyé: D:\kerberos.htx\exe\aida32\aidaplugin_netbench.dll (253,00 K/S -   259 072 bytes)
[16:59:58] - [12] MIRKO.POZEN: Début du Téléchargement de: D:\kerberos.htx\exe\aida32\al.lng
[16:59:58] - [12] MIRKO.POZEN: Fichier envoyé: D:\kerberos.htx\exe\aida32\al.lng (75,28 K/S -   77 088 bytes)
[16:59:58] - [12] MIRKO.POZEN: Début du Téléchargement de: D:\kerberos.htx\exe\aida32\bg.lng
[16:59:58] - [11] MIRKO.POZEN: Fichier envoyé: D:\kerberos.htx\exe\aida32\aida_xpicons.dll (139,00 K/S -   142 336 bytes)
[16:59:58] - [11] MIRKO.POZEN: Début du Téléchargement de: D:\kerberos.htx\exe\aida32\ca.lng
[16:59:58] - [12] MIRKO.POZEN: Fichier envoyé: D:\kerberos.htx\exe\aida32\bg.lng (74,07 K/S -   75 848 bytes)
[16:59:59] - [12] MIRKO.POZEN: Début du Téléchargement de: D:\kerberos.htx\exe\aida32\cn.lng
[16:59:59] - [11] MIRKO.POZEN: Fichier envoyé: D:\kerberos.htx\exe\aida32\ca.lng (78,61 K/S -   80 501 bytes)
[16:59:59] - [11] MIRKO.POZEN: Début du Téléchargement de: D:\kerberos.htx\exe\aida32\cz.lng
[16:59:59] - [12] MIRKO.POZEN: Fichier envoyé: D:\kerberos.htx\exe\aida32\cn.lng (63,95 K/S -   65 483 bytes)
[16:59:59] - [12] MIRKO.POZEN: Début du Téléchargement de: D:\kerberos.htx\exe\aida32\DB - Access.mdb
[16:59:59] - [11] MIRKO.POZEN: Fichier envoyé: D:\kerberos.htx\exe\aida32\cz.lng (71,27 K/S -   72 978 bytes)
[16:59:59] - [11] MIRKO.POZEN: Début du Téléchargement de: D:\kerberos.htx\exe\aida32\DB - Access97.mdb
[16:59:59] - [11] MIRKO.POZEN: Fichier envoyé: D:\kerberos.htx\exe\aida32\DB - Access97.mdb (90,00 K/S -   92 160 bytes)
[16:59:59] - [12] MIRKO.POZEN: Fichier envoyé: D:\kerberos.htx\exe\aida32\DB - Access.mdb (164,00 K/S -   167 936 bytes)
[16:59:59] - [12] MIRKO.POZEN: Début du Téléchargement de: D:\kerberos.htx\exe\aida32\DB - Oracle.sql
[16:59:59] - [12] MIRKO.POZEN: Fichier envoyé: D:\kerberos.htx\exe\aida32\DB - Oracle.sql (0,98 K/S -   1 001 bytes)
[16:59:59] - [11] MIRKO.POZEN: Début du Téléchargement de: D:\kerberos.htx\exe\aida32\DB - MySQL.sql
[16:59:59] - [11] MIRKO.POZEN: Fichier envoyé: D:\kerberos.htx\exe\aida32\DB - MySQL.sql (0,83 K/S -    853 bytes)
[16:59:59] - [12] MIRKO.POZEN: Début du Téléchargement de: D:\kerberos.htx\exe\aida32\DB - SQL Server.sql
[17:00:00] - [12] MIRKO.POZEN: Fichier envoyé: D:\kerberos.htx\exe\aida32\DB - SQL Server.sql (1,25 K/S -   1 275 bytes)
[17:00:00] - [11] MIRKO.POZEN: Début du Téléchargement de: D:\kerberos.htx\exe\aida32\de.lng
[17:00:00] - [11] MIRKO.POZEN: Fichier envoyé: D:\kerberos.htx\exe\aida32\de.lng (73,16 K/S -   74 914 bytes)
[17:00:00] - [12] MIRKO.POZEN: Début du Téléchargement de: D:\kerberos.htx\exe\aida32\dk.lng
[17:00:00] - [11] MIRKO.POZEN: Début du Téléchargement de: D:\kerberos.htx\exe\aida32\es.lng
[17:00:00] - [12] MIRKO.POZEN: Fichier envoyé: D:\kerberos.htx\exe\aida32\dk.lng (70,05 K/S -   71 732 bytes)
[17:00:00] - [11] MIRKO.POZEN: Fichier envoyé: D:\kerberos.htx\exe\aida32\es.lng (78,84 K/S -   80 733 bytes)
[17:00:00] - [12] MIRKO.POZEN: Début du Téléchargement de: D:\kerberos.htx\exe\aida32\fi.lng
[17:00:00] - [12] MIRKO.POZEN: Fichier envoyé: D:\kerberos.htx\exe\aida32\fi.lng (67,71 K/S -   69 338 bytes)
[17:00:01] - [11] MIRKO.POZEN: Début du Téléchargement de: D:\kerberos.htx\exe\aida32\fr.lng
[17:00:01] - [12] MIRKO.POZEN: Début du Téléchargement de: D:\kerberos.htx\exe\aida32\gl.lng
[17:00:01] - [11] MIRKO.POZEN: Fichier envoyé: D:\kerberos.htx\exe\aida32\fr.lng (77,81 K/S -   79 678 bytes)
[17:00:01] - [12] MIRKO.POZEN: Fichier envoyé: D:\kerberos.htx\exe\aida32\gl.lng (77,11 K/S -   78 956 bytes)
[17:00:01] - [11] MIRKO.POZEN: Début du Téléchargement de: D:\kerberos.htx\exe\aida32\gr.lng
[17:00:01] - [12] MIRKO.POZEN: Début du Téléchargement de: D:\kerberos.htx\exe\aida32\hr.lng
[17:00:01] - [11] MIRKO.POZEN: Fichier envoyé: D:\kerberos.htx\exe\aida32\gr.lng (75,86 K/S -   77 678 bytes)
[17:00:02] - [12] MIRKO.POZEN: Fichier envoyé: D:\kerberos.htx\exe\aida32\hr.lng (73,75 K/S -   75 515 bytes)
[17:00:02] - [11] MIRKO.POZEN: Début du Téléchargement de: D:\kerberos.htx\exe\aida32\hu.lng
[17:00:02] - [12] MIRKO.POZEN: Début du Téléchargement de: D:\kerberos.htx\exe\aida32\it.lng
[17:00:02] - [11] MIRKO.POZEN: Fichier envoyé: D:\kerberos.htx\exe\aida32\hu.lng (72,12 K/S -   73 853 bytes)
[17:00:02] - [11] MIRKO.POZEN: Début du Téléchargement de: D:\kerberos.htx\exe\aida32\jp.lng
[17:00:02] - [12] MIRKO.POZEN: Fichier envoyé: D:\kerberos.htx\exe\aida32\it.lng (76,48 K/S -   78 315 bytes)
[17:00:02] - [12] MIRKO.POZEN: Début du Téléchargement de: D:\kerberos.htx\exe\aida32\kr.lng
[17:00:02] - [11] MIRKO.POZEN: Fichier envoyé: D:\kerberos.htx\exe\aida32\jp.lng (69,83 K/S -   71 501 bytes)
[17:00:02] - [11] MIRKO.POZEN: Début du Téléchargement de: D:\kerberos.htx\exe\aida32\lt.lng
[17:00:02] - [12] MIRKO.POZEN: Fichier envoyé: D:\kerberos.htx\exe\aida32\kr.lng (62,83 K/S -   64 343 bytes)
[17:00:02] - [12] MIRKO.POZEN: Début du Téléchargement de: D:\kerberos.htx\exe\aida32\lv.lng
[17:00:03] - [11] MIRKO.POZEN: Fichier envoyé: D:\kerberos.htx\exe\aida32\lt.lng (75,44 K/S -   77 253 bytes)
[17:00:03] - [11] MIRKO.POZEN: Début du Téléchargement de: D:\kerberos.htx\exe\aida32\mk.lng
[17:00:03] - [12] MIRKO.POZEN: Fichier envoyé: D:\kerberos.htx\exe\aida32\lv.lng (72,05 K/S -   73 779 bytes)
[17:00:03] - [12] MIRKO.POZEN: Début du Téléchargement de: D:\kerberos.htx\exe\aida32\nl.lng
[17:00:03] - [11] MIRKO.POZEN: Fichier envoyé: D:\kerberos.htx\exe\aida32\mk.lng (77,10 K/S -   78 946 bytes)
[17:00:03] - [12] MIRKO.POZEN: Fichier envoyé: D:\kerberos.htx\exe\aida32\nl.lng (72,19 K/S -   73 926 bytes)
[17:00:03] - [11] MIRKO.POZEN: Début du Téléchargement de: D:\kerberos.htx\exe\aida32\no.lng
[17:00:03] - [12] MIRKO.POZEN: Début du Téléchargement de: D:\kerberos.htx\exe\aida32\pl.lng
[17:00:03] - [11] MIRKO.POZEN: Fichier envoyé: D:\kerberos.htx\exe\aida32\no.lng (70,05 K/S -   71 733 bytes)
[17:00:03] - [12] MIRKO.POZEN: Fichier envoyé: D:\kerberos.htx\exe\aida32\pl.lng (77,32 K/S -   79 179 bytes)
[17:00:03] - [11] MIRKO.POZEN: Début du Téléchargement de: D:\kerberos.htx\exe\aida32\pt.lng
[17:00:03] - [12] MIRKO.POZEN: Début du Téléchargement de: D:\kerberos.htx\exe\aida32\ro.lng
[17:00:04] - [11] MIRKO.POZEN: Fichier envoyé: D:\kerberos.htx\exe\aida32\pt.lng (76,79 K/S -   78 637 bytes)
[17:00:04] - [12] MIRKO.POZEN: Fichier envoyé: D:\kerberos.htx\exe\aida32\ro.lng (74,46 K/S -   76 242 bytes)
[17:00:04] - [12] MIRKO.POZEN: Début du Téléchargement de: D:\kerberos.htx\exe\aida32\se.lng
[17:00:04] - [11] MIRKO.POZEN: Début du Téléchargement de: D:\kerberos.htx\exe\aida32\ru.lng
[17:00:04] - [12] MIRKO.POZEN: Fichier envoyé: D:\kerberos.htx\exe\aida32\se.lng (71,47 K/S -   73 185 bytes)
[17:00:04] - [12] MIRKO.POZEN: Début du Téléchargement de: D:\kerberos.htx\exe\aida32\si.lng
[17:00:04] - [11] MIRKO.POZEN: Fichier envoyé: D:\kerberos.htx\exe\aida32\ru.lng (72,42 K/S -   74 159 bytes)
[17:00:04] - [11] MIRKO.POZEN: Début du Téléchargement de: D:\kerberos.htx\exe\aida32\sk.lng
[17:00:04] - [12] MIRKO.POZEN: Fichier envoyé: D:\kerberos.htx\exe\aida32\si.lng (71,12 K/S -   72 827 bytes)
[17:00:04] - [11] MIRKO.POZEN: Fichier envoyé: D:\kerberos.htx\exe\aida32\sk.lng (71,81 K/S -   73 534 bytes)
[17:00:04] - [12] MIRKO.POZEN: Début du Téléchargement de: D:\kerberos.htx\exe\aida32\sr.lng
[17:00:05] - [11] MIRKO.POZEN: Début du Téléchargement de: D:\kerberos.htx\exe\aida32\tr.lng
[17:00:05] - [12] MIRKO.POZEN: Fichier envoyé: D:\kerberos.htx\exe\aida32\sr.lng (72,18 K/S -   73 908 bytes)
[17:00:05] - [12] MIRKO.POZEN: Début du Téléchargement de: D:\kerberos.htx\exe\aida32\tw.lng
[17:00:05] - [11] MIRKO.POZEN: Fichier envoyé: D:\kerberos.htx\exe\aida32\tr.lng (70,43 K/S -   72 116 bytes)
[17:00:05] - [11] MIRKO.POZEN: Début du Téléchargement de: D:\kerberos.htx\exe\aida32\ua.lng
[17:00:05] - [12] MIRKO.POZEN: Fichier envoyé: D:\kerberos.htx\exe\aida32\tw.lng (58,35 K/S -   59 753 bytes)
[17:00:05] - [11] MIRKO.POZEN: Fichier envoyé: D:\kerberos.htx\exe\aida32\ua.lng (71,79 K/S -   73 513 bytes)
[17:00:36] - [11] Client 192.168.0.1 Déconnecté (00:00:57 Min)
[17:00:36] - [12] Client 192.168.0.1 Déconnecté (00:00:57 Min)
[18:13:04] - [9] Client 192.168.0.1 Déconnecté (01:15:20 Min)
[19:40:53] - [0] Connexion Time-Out Pour:  MIRKO.POZEN
[19:40:53] - [1] Client 192.168.0.1 Déconnecté (03:43:31 Min)
[21:39:48] - [13] Connecté à 192.168.0.1. Collecte du Nom d'utilisateur.
[21:39:48] - [13] Usager MIRKO.POZEN Connecté IP: 192.168.0.1
[21:39:48] - [13] MIRKO.POZEN: Répertoire en Cours: D:\kerberos.htx\
[21:39:49] - [13] MIRKO.POZEN: Répertoire en Cours: D:\kerberos.htx\
[21:39:53] - [13] MIRKO.POZEN: Répertoire en Cours: D:\kerberos.htx\000\
[21:40:01] - [13] MIRKO.POZEN: Répertoire en Cours: D:\kerberos.htx\
[21:40:01] - [13] MIRKO.POZEN: Répertoire en Cours: D:\kerberos.htx\a trier\
[21:40:08] - [13] MIRKO.POZEN: Répertoire en Cours: D:\kerberos.htx\a trier\AusLogics Disk Defrag\
[21:40:21] - [13] MIRKO.POZEN: Répertoire en Cours: D:\kerberos.htx\a trier\
[21:40:21] - [13] MIRKO.POZEN: Répertoire en Cours: D:\kerberos.htx\a trier\wwwroot\
[21:40:29] - [13] MIRKO.POZEN: Répertoire en Cours: D:\kerberos.htx\a trier\
[21:40:29] - [13] MIRKO.POZEN: Répertoire en Cours: D:\kerberos.htx\a trier\1\
[21:40:40] - [13] MIRKO.POZEN: Répertoire en Cours: D:\kerberos.htx\a trier\
[21:40:40] - [13] MIRKO.POZEN: Répertoire en Cours: D:\kerberos.htx\a trier\progz mig\
[21:40:48] - [13] MIRKO.POZEN: Répertoire en Cours: D:\kerberos.htx\a trier\progz mig\harddisk\
[21:40:54] - [13] MIRKO.POZEN: Répertoire en Cours: D:\kerberos.htx\a trier\progz mig\
[21:40:54] - [13] MIRKO.POZEN: Répertoire en Cours: D:\kerberos.htx\a trier\progz mig\films\
[21:41:04] - [13] MIRKO.POZEN: Répertoire en Cours: D:\kerberos.htx\a trier\progz mig\
[21:41:04] - [13] MIRKO.POZEN: Répertoire en Cours: D:\kerberos.htx\a trier\progz mig\AusLogics Disk Defrag\
[21:41:05] - [13] MIRKO.POZEN: Répertoire en Cours: D:\kerberos.htx\a trier\progz mig\AusLogics Disk Defrag\reports\
[21:41:05] - [13] MIRKO.POZEN: Répertoire en Cours: D:\kerberos.htx\a trier\progz mig\AusLogics Disk Defrag\
[21:41:05] - [13] MIRKO.POZEN: Répertoire en Cours: D:\kerberos.htx\a trier\progz mig\AusLogics Disk Defrag\Lang\
[21:41:06] - [13] MIRKO.POZEN: Répertoire en Cours: D:\kerberos.htx\a trier\progz mig\AusLogics Disk Defrag\
[21:41:06] - [13] MIRKO.POZEN: Répertoire en Cours: D:\kerberos.htx\a trier\progz mig\AusLogics Disk Defrag\Data\
[21:41:07] - [14] Connecté à 192.168.0.1. Collecte du Nom d'utilisateur.
[21:41:07] - [14] Usager MIRKO.POZEN Connecté IP: 192.168.0.1
[21:41:07] - [14] MIRKO.POZEN: Répertoire en Cours: D:\kerberos.htx\
[21:41:07] - [15] Connecté à 192.168.0.1. Collecte du Nom d'utilisateur.
[21:41:07] - [14] MIRKO.POZEN: Répertoire en Cours: D:\kerberos.htx\a trier\progz mig\AusLogics Disk Defrag\
[21:41:07] - [15] Usager MIRKO.POZEN Connecté IP: 192.168.0.1
[21:41:07] - [15] MIRKO.POZEN: Répertoire en Cours: D:\kerberos.htx\
[21:41:08] - [14] MIRKO.POZEN: Début du Téléchargement de: D:\kerberos.htx\a trier\progz mig\AusLogics Disk Defrag\axuninstall.exe
[21:41:08] - [15] MIRKO.POZEN: Répertoire en Cours: D:\kerberos.htx\a trier\progz mig\AusLogics Disk Defrag\
[21:41:08] - [14] MIRKO.POZEN: Fichier envoyé: D:\kerberos.htx\a trier\progz mig\AusLogics Disk Defrag\axuninstall.exe (20,00 K/S -   20 480 bytes)
[21:41:08] - [15] MIRKO.POZEN: Début du Téléchargement de: D:\kerberos.htx\a trier\progz mig\AusLogics Disk Defrag\axpackage10.bpl
[21:41:08] - [14] MIRKO.POZEN: Début du Téléchargement de: D:\kerberos.htx\a trier\progz mig\AusLogics Disk Defrag\commonforms_lite.dll
[21:41:08] - [14] MIRKO.POZEN: Fichier envoyé: D:\kerberos.htx\a trier\progz mig\AusLogics Disk Defrag\commonforms_lite.dll (68,50 K/S -   70 144 bytes)
[21:41:08] - [14] MIRKO.POZEN: Début du Téléchargement de: D:\kerberos.htx\a trier\progz mig\AusLogics Disk Defrag\diskdefrag.dll
[21:41:08] - [14] MIRKO.POZEN: Fichier envoyé: D:\kerberos.htx\a trier\progz mig\AusLogics Disk Defrag\diskdefrag.dll (105,00 K/S -   107 520 bytes)
[21:41:09] - [14] MIRKO.POZEN: Début du Téléchargement de: D:\kerberos.htx\a trier\progz mig\AusLogics Disk Defrag\diskdefrag.exe
[21:41:09] - [14] MIRKO.POZEN: Fichier envoyé: D:\kerberos.htx\a trier\progz mig\AusLogics Disk Defrag\diskdefrag.exe (205,00 K/S -   209 920 bytes)
[21:41:09] - [14] MIRKO.POZEN: Début du Téléchargement de: D:\kerberos.htx\a trier\progz mig\AusLogics Disk Defrag\helper.dll
[21:41:09] - [15] MIRKO.POZEN: Fichier envoyé: D:\kerberos.htx\a trier\progz mig\AusLogics Disk Defrag\axpackage10.bpl (270,75 K/S -   554 496 bytes)
[21:41:09] - [14] MIRKO.POZEN: Fichier envoyé: D:\kerberos.htx\a trier\progz mig\AusLogics Disk Defrag\helper.dll (81,50 K/S -   83 456 bytes)
[21:41:09] - [15] MIRKO.POZEN: Début du Téléchargement de: D:\kerberos.htx\a trier\progz mig\AusLogics Disk Defrag\localizer.dll
[21:41:10] - [14] MIRKO.POZEN: Début du Téléchargement de: D:\kerberos.htx\a trier\progz mig\AusLogics Disk Defrag\madbasic_.bpl
[21:41:10] - [15] MIRKO.POZEN: Fichier envoyé: D:\kerberos.htx\a trier\progz mig\AusLogics Disk Defrag\localizer.dll (45,50 K/S -   46 592 bytes)
[21:41:10] - [15] MIRKO.POZEN: Début du Téléchargement de: D:\kerberos.htx\a trier\progz mig\AusLogics Disk Defrag\maddisasm_.bpl
[21:41:10] - [15] MIRKO.POZEN: Fichier envoyé: D:\kerberos.htx\a trier\progz mig\AusLogics Disk Defrag\maddisasm_.bpl (41,00 K/S -   41 984 bytes)
[21:41:10] - [15] MIRKO.POZEN: Début du Téléchargement de: D:\kerberos.htx\a trier\progz mig\AusLogics Disk Defrag\madexcept_.bpl
[21:41:10] - [14] MIRKO.POZEN: Fichier envoyé: D:\kerberos.htx\a trier\progz mig\AusLogics Disk Defrag\madbasic_.bpl (142,50 K/S -   145 920 bytes)
[21:41:10] - [14] MIRKO.POZEN: Début du Téléchargement de: D:\kerberos.htx\a trier\progz mig\AusLogics Disk Defrag\rtl70.bpl
[21:41:11] - [15] MIRKO.POZEN: Fichier envoyé: D:\kerberos.htx\a trier\progz mig\AusLogics Disk Defrag\madexcept_.bpl (307,00 K/S -   314 368 bytes)
[21:41:11] - [15] MIRKO.POZEN: Début du Téléchargement de: D:\kerberos.htx\a trier\progz mig\AusLogics Disk Defrag\unins000.dat
[21:41:11] - [15] MIRKO.POZEN: Fichier envoyé: D:\kerberos.htx\a trier\progz mig\AusLogics Disk Defrag\unins000.dat (5,48 K/S -   5 611 bytes)
[21:41:11] - [15] MIRKO.POZEN: Début du Téléchargement de: D:\kerberos.htx\a trier\progz mig\AusLogics Disk Defrag\unins000.exe
[21:41:13] - [15] MIRKO.POZEN: Fichier envoyé: D:\kerberos.htx\a trier\progz mig\AusLogics Disk Defrag\unins000.exe (691,45 K/S -   708 048 bytes)
[21:41:13] - [15] MIRKO.POZEN: Début du Téléchargement de: D:\kerberos.htx\a trier\progz mig\AusLogics Disk Defrag\vcl70.bpl
[21:41:13] - [14] MIRKO.POZEN: Fichier envoyé: D:\kerberos.htx\a trier\progz mig\AusLogics Disk Defrag\rtl70.bpl (190,00 K/S -   778 240 bytes)
[21:41:13] - [14] MIRKO.POZEN: Répertoire en Cours: D:\kerberos.htx\a trier\progz mig\AusLogics Disk Defrag\reports\
[21:41:14] - [14] MIRKO.POZEN: Début du Téléchargement de: D:\kerberos.htx\a trier\progz mig\AusLogics Disk Defrag\reports\C_Disk_Defrag_Report.html
[21:41:15] - [14] MIRKO.POZEN: Fichier envoyé: D:\kerberos.htx\a trier\progz mig\AusLogics Disk Defrag\reports\C_Disk_Defrag_Report.html (336,67 K/S -   689 503 bytes)
[21:41:15] - [14] MIRKO.POZEN: Début du Téléchargement de: D:\kerberos.htx\a trier\progz mig\AusLogics Disk Defrag\reports\D_Disk_Defrag_Report.html
[21:41:15] - [14] MIRKO.POZEN: Fichier envoyé: D:\kerberos.htx\a trier\progz mig\AusLogics Disk Defrag\reports\D_Disk_Defrag_Report.html (18,58 K/S -   19 023 bytes)
[21:41:16] - [14] MIRKO.POZEN: Début du Téléchargement de: D:\kerberos.htx\a trier\progz mig\AusLogics Disk Defrag\reports\E_Disk_Defrag_Report.html
[21:41:16] - [14] MIRKO.POZEN: Fichier envoyé: D:\kerberos.htx\a trier\progz mig\AusLogics Disk Defrag\reports\E_Disk_Defrag_Report.html (57,47 K/S -   58 849 bytes)
[21:41:16] - [14] MIRKO.POZEN: Début du Téléchargement de: D:\kerberos.htx\a trier\progz mig\AusLogics Disk Defrag\reports\H_Disk_Defrag_Report.html
[21:41:16] - [14] MIRKO.POZEN: Fichier envoyé: D:\kerberos.htx\a trier\progz mig\AusLogics Disk Defrag\reports\H_Disk_Defrag_Report.html (15,41 K/S -   15 776 bytes)
[21:41:16] - [14] MIRKO.POZEN: Début du Téléchargement de: D:\kerberos.htx\a trier\progz mig\AusLogics Disk Defrag\reports\I_Disk_Defrag_Report.html
[21:41:16] - [14] MIRKO.POZEN: Fichier envoyé: D:\kerberos.htx\a trier\progz mig\AusLogics Disk Defrag\reports\I_Disk_Defrag_Report.html (25,62 K/S -   26 237 bytes)
[21:41:16] - [14] MIRKO.POZEN: Début du Téléchargement de: D:\kerberos.htx\a trier\progz mig\AusLogics Disk Defrag\reports\J_Disk_Defrag_Report.html
[21:41:16] - [14] MIRKO.POZEN: Fichier envoyé: D:\kerberos.htx\a trier\progz mig\AusLogics Disk Defrag\reports\J_Disk_Defrag_Report.html (14,85 K/S -   15 204 bytes)
[21:41:17] - [14] MIRKO.POZEN: Début du Téléchargement de: D:\kerberos.htx\a trier\progz mig\AusLogics Disk Defrag\reports\K_Disk_Defrag_Report.html
[21:41:17] - [14] MIRKO.POZEN: Fichier envoyé: D:\kerberos.htx\a trier\progz mig\AusLogics Disk Defrag\reports\K_Disk_Defrag_Report.html (15,83 K/S -   16 212 bytes)
[21:41:17] - [15] MIRKO.POZEN: Fichier envoyé: D:\kerberos.htx\a trier\progz mig\AusLogics Disk Defrag\vcl70.bpl (337,25 K/S -  1 381 376 bytes)
[21:41:17] - [15] MIRKO.POZEN: Répertoire en Cours: D:\kerberos.htx\a trier\progz mig\AusLogics Disk Defrag\Lang\
[21:41:17] - [14] MIRKO.POZEN: Répertoire en Cours: D:\kerberos.htx\a trier\progz mig\AusLogics Disk Defrag\Data\
[21:41:17] - [14] MIRKO.POZEN: Début du Téléchargement de: D:\kerberos.htx\a trier\progz mig\AusLogics Disk Defrag\Data\about.png
[21:41:17] - [15] MIRKO.POZEN: Début du Téléchargement de: D:\kerberos.htx\a trier\progz mig\AusLogics Disk Defrag\Lang\fr.lng
[21:41:17] - [15] MIRKO.POZEN: Fichier envoyé: D:\kerberos.htx\a trier\progz mig\AusLogics Disk Defrag\Lang\fr.lng (9,84 K/S -   10 075 bytes)
[21:41:17] - [14] MIRKO.POZEN: Fichier envoyé: D:\kerberos.htx\a trier\progz mig\AusLogics Disk Defrag\Data\about.png (29,16 K/S -   29 860 bytes)
[21:41:17] - [14] MIRKO.POZEN: Début du Téléchargement de: D:\kerberos.htx\a trier\progz mig\AusLogics Disk Defrag\Data\main.ini
[21:41:17] - [14] MIRKO.POZEN: Fichier envoyé: D:\kerberos.htx\a trier\progz mig\AusLogics Disk Defrag\Data\main.ini (0,90 K/S -    919 bytes)
[21:41:17] - [15] MIRKO.POZEN: Répertoire en Cours: D:\kerberos.htx\a trier\progz mig\AusLogics Disk Defrag\Data\
[21:41:17] - [15] MIRKO.POZEN: Début du Téléchargement de: D:\kerberos.htx\a trier\progz mig\AusLogics Disk Defrag\Data\Thumbs.db
[21:41:17] - [15] MIRKO.POZEN: Fichier envoyé: D:\kerberos.htx\a trier\progz mig\AusLogics Disk Defrag\Data\Thumbs.db (4,00 K/S -   4 096 bytes)
[21:41:49] - [14] Client 192.168.0.1 Déconnecté (00:00:41 Min)
[21:41:49] - [15] Client 192.168.0.1 Déconnecté (00:00:41 Min)
[21:46:46] - [13] MIRKO.POZEN: Répertoire en Cours: D:\kerberos.htx\a trier\
[21:46:46] - [13] MIRKO.POZEN: Répertoire en Cours: D:\kerberos.htx\a trier\office 2017\
[21:47:11] - [13] Client 192.168.0.1 Déconnecté (00:07:22 Min)
[21:47:40] - [16] Connecté à 192.168.0.1. Collecte du Nom d'utilisateur.
[21:47:40] - [16] Usager MIRKO.POZEN Connecté IP: 192.168.0.1
[21:47:40] - [16] MIRKO.POZEN: Répertoire en Cours: D:\kerberos.htx\
[21:47:40] - [16] MIRKO.POZEN: Répertoire en Cours: D:\kerberos.htx\
[21:48:03] - [16] MIRKO.POZEN: Répertoire en Cours: D:\kerberos.htx\
[21:48:21] - [16] Client 192.168.0.1 Déconnecté (00:00:40 Min)
