[02:30:20] - [4] Connecté à 192.241.212.249. Collecte du Nom d'utilisateur.
[02:30:20] - [4] Client 192.241.212.249 Déconnecté (00:00:00 Min)
[02:47:23] - [5] Connecté à 192.168.0.1. Collecte du Nom d'utilisateur.
[02:47:23] - [5] Usager MIRKO.POZEN Connecté IP: 192.168.0.1
[02:47:23] - [5] MIRKO.POZEN: Répertoire en Cours: D:\kerberos.htx\
[02:47:23] - [5] MIRKO.POZEN: Répertoire en Cours: D:\kerberos.htx\
[02:47:34] - [6] Connecté à 192.168.0.1. Collecte du Nom d'utilisateur.
[02:47:34] - [6] Usager MIRKO.POZEN Connecté IP: 192.168.0.1
[02:47:34] - [6] MIRKO.POZEN: Répertoire en Cours: D:\kerberos.htx\
[02:47:34] - [6] MIRKO.POZEN: Répertoire en Cours: D:\kerberos.htx\
[02:48:11] - [6] Client 192.168.0.1 Déconnecté (00:00:37 Min)
[02:48:44] - [7] Connecté à 192.168.0.1. Collecte du Nom d'utilisateur.
[02:48:44] - [7] Usager MIRKO.POZEN Connecté IP: 192.168.0.1
[02:48:44] - [7] MIRKO.POZEN: Répertoire en Cours: D:\kerberos.htx\
[02:48:44] - [7] MIRKO.POZEN: Répertoire en Cours: D:\kerberos.htx\
[02:49:26] - [7] Client 192.168.0.1 Déconnecté (00:00:42 Min)
[02:49:36] - [8] Connecté à 192.168.0.1. Collecte du Nom d'utilisateur.
[02:49:37] - [8] Usager MIRKO.POZEN Connecté IP: 192.168.0.1
[02:49:37] - [8] MIRKO.POZEN: Répertoire en Cours: D:\kerberos.htx\
[02:49:37] - [8] MIRKO.POZEN: Répertoire en Cours: D:\kerberos.htx\
[02:49:45] - [5] MIRKO.POZEN: Répertoire en Cours: D:\kerberos.htx\bat\
[02:49:45] - [5] MIRKO.POZEN: Répertoire en Cours: D:\kerberos.htx\bat\fichiers bat\
[02:49:45] - [5] MIRKO.POZEN: Répertoire en Cours: D:\kerberos.htx\bat\fichiers bat\Extension du Panneau de configuration bat\
[02:49:46] - [8] MIRKO.POZEN: Répertoire en Cours: D:\kerberos.htx\bat\
[02:49:46] - [9] Connecté à 192.168.0.1. Collecte du Nom d'utilisateur.
[02:49:46] - [9] Usager MIRKO.POZEN Connecté IP: 192.168.0.1
[02:49:46] - [9] MIRKO.POZEN: Répertoire en Cours: D:\kerberos.htx\
[02:49:46] - [8] MIRKO.POZEN: Début du Téléchargement de: D:\kerberos.htx\bat\control userpasswords2.bat
[02:49:46] - [9] MIRKO.POZEN: Répertoire en Cours: D:\kerberos.htx\bat\
[02:49:46] - [8] MIRKO.POZEN: Fichier envoyé: D:\kerberos.htx\bat\control userpasswords2.bat (0,03 K/S -    29 bytes)
[02:49:46] - [9] MIRKO.POZEN: Début du Téléchargement de: D:\kerberos.htx\bat\netstat -an .bat
[02:49:46] - [9] MIRKO.POZEN: Fichier envoyé: D:\kerberos.htx\bat\netstat -an .bat (0,02 K/S -    20 bytes)
[02:49:46] - [8] MIRKO.POZEN: Début du Téléchargement de: D:\kerberos.htx\bat\netstat -ano .bat
[02:49:46] - [8] MIRKO.POZEN: Fichier envoyé: D:\kerberos.htx\bat\netstat -ano .bat (0,02 K/S -    21 bytes)
[02:49:46] - [9] MIRKO.POZEN: Début du Téléchargement de: D:\kerberos.htx\bat\shutdown -a.bat
[02:49:46] - [9] MIRKO.POZEN: Fichier envoyé: D:\kerberos.htx\bat\shutdown -a.bat (0,02 K/S -    18 bytes)
[02:49:46] - [8] MIRKO.POZEN: Début du Téléchargement de: D:\kerberos.htx\bat\stand bye pc.bat
[02:49:46] - [8] MIRKO.POZEN: Fichier envoyé: D:\kerberos.htx\bat\stand bye pc.bat (0,04 K/S -    42 bytes)
[02:49:47] - [9] MIRKO.POZEN: Répertoire en Cours: D:\kerberos.htx\bat\fichiers bat\
[02:49:47] - [9] MIRKO.POZEN: Début du Téléchargement de: D:\kerberos.htx\bat\fichiers bat\asistance a distance.bat
[02:49:47] - [9] MIRKO.POZEN: Fichier envoyé: D:\kerberos.htx\bat\fichiers bat\asistance a distance.bat (0,04 K/S -    43 bytes)
[02:49:47] - [8] MIRKO.POZEN: Répertoire en Cours: D:\kerberos.htx\bat\fichiers bat\
[02:49:47] - [8] MIRKO.POZEN: Début du Téléchargement de: D:\kerberos.htx\bat\fichiers bat\assistance transfert de fichiers bluetooth.bat
[02:49:47] - [8] MIRKO.POZEN: Fichier envoyé: D:\kerberos.htx\bat\fichiers bat\assistance transfert de fichiers bluetooth.bat (0,02 K/S -    18 bytes)
[02:49:47] - [9] MIRKO.POZEN: Début du Téléchargement de: D:\kerberos.htx\bat\fichiers bat\cleanmgr=netoyage hdd.bat
[02:49:47] - [9] MIRKO.POZEN: Fichier envoyé: D:\kerberos.htx\bat\fichiers bat\cleanmgr=netoyage hdd.bat (0,02 K/S -    19 bytes)
[02:49:47] - [8] MIRKO.POZEN: Début du Téléchargement de: D:\kerberos.htx\bat\fichiers bat\cmd=console dos.bat
[02:49:47] - [8] MIRKO.POZEN: Fichier envoyé: D:\kerberos.htx\bat\fichiers bat\cmd=console dos.bat (0,02 K/S -    16 bytes)
[02:49:47] - [9] MIRKO.POZEN: Début du Téléchargement de: D:\kerberos.htx\bat\fichiers bat\compmgmt.msc=gestion de du pc.bat
[02:49:47] - [9] MIRKO.POZEN: Fichier envoyé: D:\kerberos.htx\bat\fichiers bat\compmgmt.msc=gestion de du pc.bat (0,02 K/S -    19 bytes)
[02:49:47] - [8] MIRKO.POZEN: Début du Téléchargement de: D:\kerberos.htx\bat\fichiers bat\control=Panneau de configuration.bat
[02:49:47] - [8] MIRKO.POZEN: Fichier envoyé: D:\kerberos.htx\bat\fichiers bat\control=Panneau de configuration.bat (0,02 K/S -    18 bytes)
[02:49:47] - [9] MIRKO.POZEN: Début du Téléchargement de: D:\kerberos.htx\bat\fichiers bat\dcomcnfg.exe=service de composants.bat
[02:49:47] - [9] MIRKO.POZEN: Fichier envoyé: D:\kerberos.htx\bat\fichiers bat\dcomcnfg.exe=service de composants.bat (0,02 K/S -    19 bytes)
[02:49:47] - [8] MIRKO.POZEN: Début du Téléchargement de: D:\kerberos.htx\bat\fichiers bat\devmgmt.msc=gestioner de peripheriques.bat
[02:49:48] - [8] MIRKO.POZEN: Fichier envoyé: D:\kerberos.htx\bat\fichiers bat\devmgmt.msc=gestioner de peripheriques.bat (0,02 K/S -    18 bytes)
[02:49:48] - [9] MIRKO.POZEN: Début du Téléchargement de: D:\kerberos.htx\bat\fichiers bat\direct =c.bat
[02:49:48] - [9] MIRKO.POZEN: Fichier envoyé: D:\kerberos.htx\bat\fichiers bat\direct =c.bat (0,04 K/S -    36 bytes)
[02:49:48] - [8] MIRKO.POZEN: Début du Téléchargement de: D:\kerberos.htx\bat\fichiers bat\diskmgmt.msc=gestion hdd perment de faire des partitions et formatage .bat
[02:49:48] - [8] MIRKO.POZEN: Fichier envoyé: D:\kerberos.htx\bat\fichiers bat\diskmgmt.msc=gestion hdd perment de faire des partitions et formatage .bat (0,02 K/S -    19 bytes)
[02:49:48] - [9] MIRKO.POZEN: Début du Téléchargement de: D:\kerberos.htx\bat\fichiers bat\diskmgmt.msc=strategie de groupe.bat
[02:49:48] - [9] MIRKO.POZEN: Fichier envoyé: D:\kerberos.htx\bat\fichiers bat\diskmgmt.msc=strategie de groupe.bat (0,02 K/S -    17 bytes)
[02:49:48] - [8] MIRKO.POZEN: Début du Téléchargement de: D:\kerberos.htx\bat\fichiers bat\eventvwr.exe=observateur d'evenements.bat
[02:49:48] - [8] MIRKO.POZEN: Fichier envoyé: D:\kerberos.htx\bat\fichiers bat\eventvwr.exe=observateur d'evenements.bat (0,02 K/S -    19 bytes)
[02:49:48] - [9] MIRKO.POZEN: Début du Téléchargement de: D:\kerberos.htx\bat\fichiers bat\firewall.bat
[02:49:48] - [8] MIRKO.POZEN: Début du Téléchargement de: D:\kerberos.htx\bat\fichiers bat\ieshwiz.exe=assistance personnalisation du dossier.bat
[02:49:48] - [8] MIRKO.POZEN: Fichier envoyé: D:\kerberos.htx\bat\fichiers bat\ieshwiz.exe=assistance personnalisation du dossier.bat (0,02 K/S -    18 bytes)
[02:49:48] - [9] MIRKO.POZEN: Fichier envoyé: D:\kerberos.htx\bat\fichiers bat\firewall.bat (76,10 K/S -   77 922 bytes)
[02:49:48] - [9] MIRKO.POZEN: Début du Téléchargement de: D:\kerberos.htx\bat\fichiers bat\iexpress.exe=perment de faire des pacht.bat
[02:49:48] - [9] MIRKO.POZEN: Fichier envoyé: D:\kerberos.htx\bat\fichiers bat\iexpress.exe=perment de faire des pacht.bat (0,02 K/S -    19 bytes)
[02:49:49] - [8] MIRKO.POZEN: Début du Téléchargement de: D:\kerberos.htx\bat\fichiers bat\logoff.exe=perment de fermer la secion admin.bat
[02:49:49] - [8] MIRKO.POZEN: Fichier envoyé: D:\kerberos.htx\bat\fichiers bat\logoff.exe=perment de fermer la secion admin.bat (0,02 K/S -    17 bytes)
[02:49:49] - [9] MIRKO.POZEN: Début du Téléchargement de: D:\kerberos.htx\bat\fichiers bat\mstsc.exe=connexion bureau a distance.bat
[02:49:49] - [9] MIRKO.POZEN: Fichier envoyé: D:\kerberos.htx\bat\fichiers bat\mstsc.exe=connexion bureau a distance.bat (0,02 K/S -    16 bytes)
[02:49:49] - [8] MIRKO.POZEN: Début du Téléchargement de: D:\kerberos.htx\bat\fichiers bat\NETSTAT 1.bat
[02:49:49] - [8] MIRKO.POZEN: Fichier envoyé: D:\kerberos.htx\bat\fichiers bat\NETSTAT 1.bat (0,01 K/S -    9 bytes)
[02:49:49] - [9] MIRKO.POZEN: Début du Téléchargement de: D:\kerberos.htx\bat\fichiers bat\perfmon.exe=performance pc.bat
[02:49:49] - [9] MIRKO.POZEN: Fichier envoyé: D:\kerberos.htx\bat\fichiers bat\perfmon.exe=performance pc.bat (0,02 K/S -    18 bytes)
[02:49:49] - [8] MIRKO.POZEN: Début du Téléchargement de: D:\kerberos.htx\bat\fichiers bat\regedt32.exe=regedit ou basse de registre.bat
[02:49:49] - [8] MIRKO.POZEN: Fichier envoyé: D:\kerberos.htx\bat\fichiers bat\regedt32.exe=regedit ou basse de registre.bat (0,02 K/S -    19 bytes)
[02:49:49] - [9] MIRKO.POZEN: Début du Téléchargement de: D:\kerberos.htx\bat\fichiers bat\restore system.bat
[02:49:49] - [9] MIRKO.POZEN: Fichier envoyé: D:\kerberos.htx\bat\fichiers bat\restore system.bat (0,05 K/S -    49 bytes)
[02:49:49] - [8] MIRKO.POZEN: Début du Téléchargement de: D:\kerberos.htx\bat\fichiers bat\shutdown -a.bat
[02:49:49] - [8] MIRKO.POZEN: Fichier envoyé: D:\kerberos.htx\bat\fichiers bat\shutdown -a.bat (0,02 K/S -    18 bytes)
[02:49:50] - [9] MIRKO.POZEN: Début du Téléchargement de: D:\kerberos.htx\bat\fichiers bat\stand bye pc.bat
[02:49:50] - [9] MIRKO.POZEN: Fichier envoyé: D:\kerberos.htx\bat\fichiers bat\stand bye pc.bat (0,04 K/S -    42 bytes)
[02:49:50] - [8] MIRKO.POZEN: Début du Téléchargement de: D:\kerberos.htx\bat\fichiers bat\taskmgr.bat
[02:49:50] - [8] MIRKO.POZEN: Fichier envoyé: D:\kerberos.htx\bat\fichiers bat\taskmgr.bat (0,02 K/S -    20 bytes)
[02:49:50] - [9] MIRKO.POZEN: Début du Téléchargement de: D:\kerberos.htx\bat\fichiers bat\wupdmgr.exe=windowsupdate.bat
[02:49:50] - [9] MIRKO.POZEN: Fichier envoyé: D:\kerberos.htx\bat\fichiers bat\wupdmgr.exe=windowsupdate.bat (0,02 K/S -    18 bytes)
[02:49:50] - [8] MIRKO.POZEN: Répertoire en Cours: D:\kerberos.htx\bat\fichiers bat\Extension du Panneau de configuration bat\
[02:49:50] - [8] MIRKO.POZEN: Début du Téléchargement de: D:\kerberos.htx\bat\fichiers bat\Extension du Panneau de configuration bat\ajout ou supprimmer des programmes.bat
[02:49:50] - [8] MIRKO.POZEN: Fichier envoyé: D:\kerberos.htx\bat\fichiers bat\Extension du Panneau de configuration bat\ajout ou supprimmer des programmes.bat (0,03 K/S -    30 bytes)
[02:49:50] - [9] MIRKO.POZEN: Répertoire en Cours: D:\kerberos.htx\bat\fichiers bat\Extension du Panneau de configuration bat\
[02:49:50] - [9] MIRKO.POZEN: Début du Téléchargement de: D:\kerberos.htx\bat\fichiers bat\Extension du Panneau de configuration bat\centre de sécurité windows.bat
[02:49:50] - [9] MIRKO.POZEN: Fichier envoyé: D:\kerberos.htx\bat\fichiers bat\Extension du Panneau de configuration bat\centre de sécurité windows.bat (0,04 K/S -    36 bytes)
[02:49:50] - [8] MIRKO.POZEN: Début du Téléchargement de: D:\kerberos.htx\bat\fichiers bat\Extension du Panneau de configuration bat\firewall pare feu.cmd
[02:49:50] - [8] MIRKO.POZEN: Fichier envoyé: D:\kerberos.htx\bat\fichiers bat\Extension du Panneau de configuration bat\firewall pare feu.cmd (0,04 K/S -    39 bytes)
[02:49:50] - [9] MIRKO.POZEN: Début du Téléchargement de: D:\kerberos.htx\bat\fichiers bat\Extension du Panneau de configuration bat\mise a jour automatique.bat
[02:49:50] - [9] MIRKO.POZEN: Fichier envoyé: D:\kerberos.htx\bat\fichiers bat\Extension du Panneau de configuration bat\mise a jour automatique.bat (0,04 K/S -    38 bytes)
[02:49:51] - [8] MIRKO.POZEN: Début du Téléchargement de: D:\kerberos.htx\bat\fichiers bat\Extension du Panneau de configuration bat\pare feu.bat
[02:49:51] - [8] MIRKO.POZEN: Fichier envoyé: D:\kerberos.htx\bat\fichiers bat\Extension du Panneau de configuration bat\pare feu.bat (0,03 K/S -    32 bytes)
[02:49:51] - [9] MIRKO.POZEN: Début du Téléchargement de: D:\kerberos.htx\bat\fichiers bat\Extension du Panneau de configuration bat\proprietes de date et heure.bat
[02:49:51] - [9] MIRKO.POZEN: Fichier envoyé: D:\kerberos.htx\bat\fichiers bat\Extension du Panneau de configuration bat\proprietes de date et heure.bat (0,04 K/S -    39 bytes)
[02:49:51] - [8] MIRKO.POZEN: Début du Téléchargement de: D:\kerberos.htx\bat\fichiers bat\Extension du Panneau de configuration bat\proprietes systeme.bat
[02:49:51] - [8] MIRKO.POZEN: Fichier envoyé: D:\kerberos.htx\bat\fichiers bat\Extension du Panneau de configuration bat\proprietes systeme.bat (0,04 K/S -    38 bytes)
[02:49:51] - [5] MIRKO.POZEN: Répertoire en Cours: D:\kerberos.htx\
[02:50:09] - [9] MIRKO.POZEN: Répertoire en Cours: D:\kerberos.htx\
[02:50:09] - [8] MIRKO.POZEN: Répertoire en Cours: D:\kerberos.htx\
[02:50:27] - [5] MIRKO.POZEN: Répertoire en Cours: D:\kerberos.htx\000\
[02:50:30] - [9] MIRKO.POZEN: Répertoire en Cours: D:\kerberos.htx\000\
[02:50:39] - [8] Client 192.168.0.1 Déconnecté (00:01:02 Min)
[02:50:50] - [9] Client 192.168.0.1 Déconnecté (00:01:04 Min)
[02:50:50] - [5] Client 192.168.0.1 Déconnecté (00:03:27 Min)
[02:52:33] - [10] Connecté à 192.168.0.1. Collecte du Nom d'utilisateur.
[02:52:33] - [10] Usager MIRKO.POZEN Connecté IP: 192.168.0.1
[02:52:33] - [10] MIRKO.POZEN: Répertoire en Cours: D:\kerberos.htx\
[02:52:33] - [10] MIRKO.POZEN: Répertoire en Cours: D:\kerberos.htx\
[02:52:37] - [11] Connecté à 192.168.0.1. Collecte du Nom d'utilisateur.
[02:52:37] - [11] Usager MIRKO.POZEN Connecté IP: 192.168.0.1
[02:52:37] - [11] MIRKO.POZEN: Répertoire en Cours: D:\kerberos.htx\
[02:52:37] - [11] MIRKO.POZEN: Répertoire en Cours: D:\kerberos.htx\
[02:52:37] - [11] MIRKO.POZEN: Début d'Upload de D:\kerberos.htx\favicon.ico
[02:52:37] - [11] MIRKO.POZEN: Fichier Upload: D:\kerberos.htx\favicon.ico (1,37 K/S -   1 406 bytes)
[02:53:08] - [11] Client 192.168.0.1 Déconnecté (00:00:31 Min)
[02:53:30] - [10] Client 192.168.0.1 Déconnecté (00:00:56 Min)
