[13:00:29] - Serveur Démarré
[13:00:29] - FTP Port: 21
[13:00:42] - [1] Connecté à 192.168.0.1. Collecte du Nom d'utilisateur.
[13:00:42] - [1] Usager MIRKO.POZEN Connecté IP: 192.168.0.1
[13:00:42] - [1] MIRKO.POZEN: Répertoire en Cours: D:\kerberos.htx\
[13:00:42] - [1] MIRKO.POZEN: Répertoire en Cours: D:\kerberos.htx\
[13:00:54] - [2] Connecté à 192.168.0.1. Collecte du Nom d'utilisateur.
[13:00:54] - [3] Connecté à 192.168.0.1. Collecte du Nom d'utilisateur.
[13:00:54] - [2] Usager MIRKO.POZEN Connecté IP: 192.168.0.1
[13:00:54] - [2] MIRKO.POZEN: Répertoire en Cours: D:\kerberos.htx\
[13:00:54] - [3] Usager MIRKO.POZEN Connecté IP: 192.168.0.1
[13:00:55] - [3] MIRKO.POZEN: Répertoire en Cours: D:\kerberos.htx\
[13:00:55] - [2] MIRKO.POZEN: Répertoire en Cours: D:\kerberos.htx\films\
[13:00:55] - [3] MIRKO.POZEN: Répertoire en Cours: D:\kerberos.htx\films\
[13:01:10] - [2] MIRKO.POZEN: Début du Téléchargement de: D:\kerberos.htx\films\Total Recall 1990 FR DTS HDRIP 1080P x264-SubZero.mkv
[13:01:10] - [3] MIRKO.POZEN: Début du Téléchargement de: D:\kerberos.htx\films\MESRINE.(Instinct.de.Mort).R5.TRUEFRENCH.LD.XviD.KiNG.of.RLZ.Upload.(Steph53).Mininova.org..avi
[13:31:16] - [3] MIRKO.POZEN: Fichier envoyé: D:\kerberos.htx\films\MESRINE.(Instinct.de.Mort).R5.TRUEFRENCH.LD.XviD.KiNG.of.RLZ.Upload.(Steph53).Mininova.org..avi (389,73 K/S -  720 740 352 bytes)
[13:31:16] - [3] MIRKO.POZEN: Début du Téléchargement de: D:\kerberos.htx\films\Lord.Of.War.FRENCH.DVDRip.XviD-hehehe.avi
[13:59:53] - [3] MIRKO.POZEN: Fichier envoyé: D:\kerberos.htx\films\Lord.Of.War.FRENCH.DVDRip.XviD-hehehe.avi (417,35 K/S -  733 790 208 bytes)
[13:59:53] - [3] MIRKO.POZEN: Début du Téléchargement de: D:\kerberos.htx\films\The Transporteur 2 2005 FRENCH AC3 HDRIP 720P x264-SubZero.mkv
[15:17:58] - [3] MIRKO.POZEN: Fichier envoyé: D:\kerberos.htx\films\The Transporteur 2 2005 FRENCH AC3 HDRIP 720P x264-SubZero.mkv (418,75 K/S - 2 008 922 722 bytes)
[15:17:58] - [3] MIRKO.POZEN: Début du Téléchargement de: D:\kerberos.htx\films\The Transporteur 1 2002 FRENCH AC3 HDRIP 720P x264-SubZero.mkv
[16:41:06] - [3] MIRKO.POZEN: Fichier envoyé: D:\kerberos.htx\films\The Transporteur 1 2002 FRENCH AC3 HDRIP 720P x264-SubZero.mkv (-419,97 K/S - -2 145 062 748 bytes)
[16:41:06] - [3] MIRKO.POZEN: Début du Téléchargement de: D:\kerberos.htx\films\Sin City.avi
[16:46:03] - [2] MIRKO.POZEN: Fichier envoyé: D:\kerberos.htx\films\Total Recall 1990 FR DTS HDRIP 1080P x264-SubZero.mkv (97,36 K/S - 1 345 256 749 bytes)
[16:46:03] - [2] MIRKO.POZEN: Début du Téléchargement de: D:\kerberos.htx\films\Seraphim.Falls.FRENCH.LiMiTED.DVDRip.XviD-ZANBiC.CD2.avi
[17:09:20] - [3] MIRKO.POZEN: Fichier envoyé: D:\kerberos.htx\films\Sin City.avi (418,55 K/S -  726 033 860 bytes)
[17:09:20] - [3] MIRKO.POZEN: Début du Téléchargement de: D:\kerberos.htx\films\Seraphim.Falls.FRENCH.LiMiTED.DVDRip.XviD-ZANBiC.CD1.avi
[17:14:45] - [2] MIRKO.POZEN: Fichier envoyé: D:\kerberos.htx\films\Seraphim.Falls.FRENCH.LiMiTED.DVDRip.XviD-ZANBiC.CD2.avi (415,27 K/S -  732 256 256 bytes)
[17:15:17] - [2] Client 192.168.0.1 Déconnecté (04:14:22 Min)
[17:28:55] - [3] MIRKO.POZEN: Fichier envoyé: D:\kerberos.htx\films\Seraphim.Falls.FRENCH.LiMiTED.DVDRip.XviD-ZANBiC.CD1.avi (610,12 K/S -  733 472 768 bytes)
[17:29:26] - [3] Client 192.168.0.1 Déconnecté (04:28:31 Min)
[18:36:37] - [1] Client 192.168.0.1 Déconnecté (05:35:55 Min)
