[16:16:52] - Serveur Démarré
[16:16:52] - FTP Port: 21
[16:26:15] - [1] Connecté à 192.168.0.1. Collecte du Nom d'utilisateur.
[16:26:15] - [1] Usager MIRKO.POZEN Connecté IP: 192.168.0.1
[16:26:15] - [1] MIRKO.POZEN: Répertoire en Cours: E:\kerberos.htx\
[16:26:16] - [1] MIRKO.POZEN: Répertoire en Cours: E:\kerberos.htx\
[16:28:36] - [1] MIRKO.POZEN: Répertoire en Cours: E:\kerberos.htx\
[16:28:36] - [1] MIRKO.POZEN: Nouveau Répertoire: E:\kerberos.htx\DriversCloud32
[16:28:36] - [2] Connecté à 192.168.0.1. Collecte du Nom d'utilisateur.
[16:28:36] - [3] Connecté à 192.168.0.1. Collecte du Nom d'utilisateur.
[16:28:36] - [1] MIRKO.POZEN: Répertoire en Cours: E:\kerberos.htx\
[16:28:37] - [1] MIRKO.POZEN: Nouveau Répertoire: E:\kerberos.htx\DriversCloud32
[16:28:37] - [2] Usager MIRKO.POZEN Connecté IP: 192.168.0.1
[16:28:37] - [2] MIRKO.POZEN: Répertoire en Cours: E:\kerberos.htx\
[16:28:37] - [3] Usager MIRKO.POZEN Connecté IP: 192.168.0.1
[16:28:37] - [3] MIRKO.POZEN: Répertoire en Cours: E:\kerberos.htx\
[16:28:37] - [1] MIRKO.POZEN: Répertoire en Cours: E:\kerberos.htx\DriversCloud32\
[16:28:37] - [1] MIRKO.POZEN: Nouveau Répertoire: E:\kerberos.htx\DriversCloud32\CPUID
[16:28:38] - [1] MIRKO.POZEN: Répertoire en Cours: E:\kerberos.htx\DriversCloud32\
[16:28:38] - [2] MIRKO.POZEN: Répertoire en Cours: E:\kerberos.htx\DriversCloud32\CPUID\
[16:28:38] - [3] MIRKO.POZEN: Répertoire en Cours: E:\kerberos.htx\DriversCloud32\CPUID\
[16:28:38] - [1] MIRKO.POZEN: Nouveau Répertoire: E:\kerberos.htx\DriversCloud32\CPUID
[16:28:39] - [1] MIRKO.POZEN: Répertoire en Cours: E:\kerberos.htx\DriversCloud32\
[16:28:39] - [1] MIRKO.POZEN: Nouveau Répertoire: E:\kerberos.htx\DriversCloud32\Drivers
[16:28:39] - [1] MIRKO.POZEN: Répertoire en Cours: E:\kerberos.htx\DriversCloud32\
[16:28:39] - [1] MIRKO.POZEN: Nouveau Répertoire: E:\kerberos.htx\DriversCloud32\Drivers
[16:28:40] - [1] MIRKO.POZEN: Répertoire en Cours: E:\kerberos.htx\DriversCloud32\
[16:28:40] - [2] MIRKO.POZEN: Début d'Upload de E:\kerberos.htx\DriversCloud32\CPUID\cpuidsdk64.dll
[16:28:40] - [1] MIRKO.POZEN: Nouveau Répertoire: E:\kerberos.htx\DriversCloud32\fonts
[16:28:40] - [3] MIRKO.POZEN: Début d'Upload de E:\kerberos.htx\DriversCloud32\CPUID\cpuidsdk.dll
[16:28:40] - [1] MIRKO.POZEN: Répertoire en Cours: E:\kerberos.htx\DriversCloud32\
[16:28:40] - [1] MIRKO.POZEN: Nouveau Répertoire: E:\kerberos.htx\DriversCloud32\fonts
[16:28:40] - [1] MIRKO.POZEN: Répertoire en Cours: E:\kerberos.htx\DriversCloud32\
[16:28:40] - [1] MIRKO.POZEN: Nouveau Répertoire: E:\kerberos.htx\DriversCloud32\Langues
[16:28:41] - [1] MIRKO.POZEN: Répertoire en Cours: E:\kerberos.htx\DriversCloud32\
[16:28:41] - [1] MIRKO.POZEN: Nouveau Répertoire: E:\kerberos.htx\DriversCloud32\Langues
[16:28:41] - [1] MIRKO.POZEN: Répertoire en Cours: E:\kerberos.htx\DriversCloud32\
[16:28:41] - [1] MIRKO.POZEN: Nouveau Répertoire: E:\kerberos.htx\DriversCloud32\Logs
[16:28:41] - [1] MIRKO.POZEN: Répertoire en Cours: E:\kerberos.htx\DriversCloud32\
[16:28:41] - [1] MIRKO.POZEN: Nouveau Répertoire: E:\kerberos.htx\DriversCloud32\Logs
[16:28:43] - [3] MIRKO.POZEN: Fichier Upload: E:\kerberos.htx\DriversCloud32\CPUID\cpuidsdk.dll (499,09 K/S -  1 533 216 bytes)
[16:28:43] - [3] MIRKO.POZEN: Répertoire en Cours: E:\kerberos.htx\DriversCloud32\
[16:28:44] - [2] MIRKO.POZEN: Fichier Upload: E:\kerberos.htx\DriversCloud32\CPUID\cpuidsdk64.dll (444,95 K/S -  1 822 496 bytes)
[16:28:44] - [3] MIRKO.POZEN: Début d'Upload de E:\kerberos.htx\DriversCloud32\DCCrypt.dll
[16:28:44] - [2] MIRKO.POZEN: Répertoire en Cours: E:\kerberos.htx\DriversCloud32\
[16:28:44] - [2] MIRKO.POZEN: Début d'Upload de E:\kerberos.htx\DriversCloud32\DCEngine.dll
[16:28:45] - [3] MIRKO.POZEN: Fichier Upload: E:\kerberos.htx\DriversCloud32\DCCrypt.dll (759,91 K/S -   778 152 bytes)
[16:28:45] - [3] MIRKO.POZEN: Répertoire en Cours: E:\kerberos.htx\DriversCloud32\Drivers\
[16:28:45] - [3] MIRKO.POZEN: Début d'Upload de E:\kerberos.htx\DriversCloud32\Drivers\driverscloud_amd64.cat
[16:28:45] - [3] MIRKO.POZEN: Fichier Upload: E:\kerberos.htx\DriversCloud32\Drivers\driverscloud_amd64.cat (10,11 K/S -   10 357 bytes)
[16:28:45] - [3] MIRKO.POZEN: Début d'Upload de E:\kerberos.htx\DriversCloud32\Drivers\DriversCloud_amd64.sys
[16:28:45] - [3] MIRKO.POZEN: Fichier Upload: E:\kerberos.htx\DriversCloud32\Drivers\DriversCloud_amd64.sys (24,19 K/S -   24 768 bytes)
[16:28:46] - [3] MIRKO.POZEN: Début d'Upload de E:\kerberos.htx\DriversCloud32\Drivers\driverscloud_x86.cat
[16:28:46] - [3] MIRKO.POZEN: Fichier Upload: E:\kerberos.htx\DriversCloud32\Drivers\driverscloud_x86.cat (10,09 K/S -   10 332 bytes)
[16:28:46] - [3] MIRKO.POZEN: Début d'Upload de E:\kerberos.htx\DriversCloud32\Drivers\DriversCloud_x86.sys
[16:28:46] - [3] MIRKO.POZEN: Fichier Upload: E:\kerberos.htx\DriversCloud32\Drivers\DriversCloud_x86.sys (24,19 K/S -   24 768 bytes)
[16:28:46] - [3] MIRKO.POZEN: Répertoire en Cours: E:\kerberos.htx\DriversCloud32\
[16:28:46] - [3] MIRKO.POZEN: Début d'Upload de E:\kerberos.htx\DriversCloud32\DriversCloud.exe
[16:28:51] - [2] MIRKO.POZEN: Fichier Upload: E:\kerberos.htx\DriversCloud32\DCEngine.dll (687,93 K/S -  5 635 496 bytes)
[16:28:51] - [2] MIRKO.POZEN: Début d'Upload de E:\kerberos.htx\DriversCloud32\driverscloud.xrc
[16:28:51] - [2] MIRKO.POZEN: Fichier Upload: E:\kerberos.htx\DriversCloud32\driverscloud.xrc (12,69 K/S -   12 993 bytes)
[16:28:52] - [2] MIRKO.POZEN: Répertoire en Cours: E:\kerberos.htx\DriversCloud32\fonts\
[16:28:52] - [2] MIRKO.POZEN: Début d'Upload de E:\kerberos.htx\DriversCloud32\fonts\Montserrat-Bold.ttf
[16:28:53] - [2] MIRKO.POZEN: Fichier Upload: E:\kerberos.htx\DriversCloud32\fonts\Montserrat-Bold.ttf (238,74 K/S -   244 468 bytes)
[16:28:53] - [2] MIRKO.POZEN: Début d'Upload de E:\kerberos.htx\DriversCloud32\fonts\Montserrat-Light.ttf
[16:28:54] - [2] MIRKO.POZEN: Fichier Upload: E:\kerberos.htx\DriversCloud32\fonts\Montserrat-Light.ttf (236,39 K/S -   242 068 bytes)
[16:28:54] - [2] MIRKO.POZEN: Début d'Upload de E:\kerberos.htx\DriversCloud32\fonts\Montserrat-Regular.ttf
[16:28:54] - [2] MIRKO.POZEN: Fichier Upload: E:\kerberos.htx\DriversCloud32\fonts\Montserrat-Regular.ttf (239,95 K/S -   245 708 bytes)
[16:28:54] - [2] MIRKO.POZEN: Répertoire en Cours: E:\kerberos.htx\DriversCloud32\Langues\
[16:28:55] - [2] MIRKO.POZEN: Début d'Upload de E:\kerberos.htx\DriversCloud32\Langues\LangueMC.ar.resx
[16:28:55] - [2] MIRKO.POZEN: Fichier Upload: E:\kerberos.htx\DriversCloud32\Langues\LangueMC.ar.resx (34,13 K/S -   34 949 bytes)
[16:28:55] - [2] MIRKO.POZEN: Début d'Upload de E:\kerberos.htx\DriversCloud32\Langues\LangueMC.de.resx
[16:28:56] - [2] MIRKO.POZEN: Fichier Upload: E:\kerberos.htx\DriversCloud32\Langues\LangueMC.de.resx (31,97 K/S -   32 737 bytes)
[16:28:56] - [2] MIRKO.POZEN: Début d'Upload de E:\kerberos.htx\DriversCloud32\Langues\LangueMC.en.resx
[16:28:56] - [2] MIRKO.POZEN: Fichier Upload: E:\kerberos.htx\DriversCloud32\Langues\LangueMC.en.resx (31,37 K/S -   32 123 bytes)
[16:28:56] - [2] MIRKO.POZEN: Début d'Upload de E:\kerberos.htx\DriversCloud32\Langues\LangueMC.es.resx
[16:28:56] - [2] MIRKO.POZEN: Fichier Upload: E:\kerberos.htx\DriversCloud32\Langues\LangueMC.es.resx (32,11 K/S -   32 879 bytes)
[16:28:56] - [2] MIRKO.POZEN: Début d'Upload de E:\kerberos.htx\DriversCloud32\Langues\LangueMC.fr.resx
[16:28:57] - [2] MIRKO.POZEN: Fichier Upload: E:\kerberos.htx\DriversCloud32\Langues\LangueMC.fr.resx (32,02 K/S -   32 786 bytes)
[16:28:57] - [2] MIRKO.POZEN: Début d'Upload de E:\kerberos.htx\DriversCloud32\Langues\LangueMC.pt.resx
[16:28:57] - [2] MIRKO.POZEN: Fichier Upload: E:\kerberos.htx\DriversCloud32\Langues\LangueMC.pt.resx (31,80 K/S -   32 561 bytes)
[16:29:04] - [3] MIRKO.POZEN: Fichier Upload: E:\kerberos.htx\DriversCloud32\DriversCloud.exe (451,38 K/S -  7 857 576 bytes)
[16:29:04] - [2] MIRKO.POZEN: Début d'Upload de E:\kerberos.htx\DriversCloud32\Langues\LangueMC.ru.resx
[16:29:04] - [3] MIRKO.POZEN: Début d'Upload de E:\kerberos.htx\DriversCloud32\mcbase.db
[16:29:04] - [2] MIRKO.POZEN: Fichier Upload: E:\kerberos.htx\DriversCloud32\Langues\LangueMC.ru.resx (34,30 K/S -   35 120 bytes)
[16:29:04] - [2] MIRKO.POZEN: Répertoire en Cours: E:\kerberos.htx\DriversCloud32\
[16:29:04] - [2] MIRKO.POZEN: Début d'Upload de E:\kerberos.htx\DriversCloud32\sqlite3.dll
[16:29:06] - [2] MIRKO.POZEN: Fichier Upload: E:\kerberos.htx\DriversCloud32\sqlite3.dll (511,68 K/S -  1 047 920 bytes)
[16:29:07] - [3] MIRKO.POZEN: Fichier Upload: E:\kerberos.htx\DriversCloud32\mcbase.db (629,43 K/S -  1 933 600 bytes)
[16:29:38] - [2] Client 192.168.0.1 Déconnecté (00:01:01 Min)
[16:29:39] - [3] Client 192.168.0.1 Déconnecté (00:01:02 Min)
[16:32:06] - [1] Client 192.168.0.1 Déconnecté (00:05:50 Min)
[17:57:18] - [4] Connecté à 192.168.0.1. Collecte du Nom d'utilisateur.
[17:57:18] - [4] Usager MIRKO.POZEN Connecté IP: 192.168.0.1
[17:57:18] - [4] MIRKO.POZEN: Répertoire en Cours: E:\kerberos.htx\
[17:57:18] - [4] MIRKO.POZEN: Répertoire en Cours: E:\kerberos.htx\
[17:57:35] - [4] MIRKO.POZEN: Répertoire en Cours: E:\kerberos.htx\000\
[17:57:37] - [4] MIRKO.POZEN: Répertoire en Cours: E:\kerberos.htx\000\crackwk7\
[17:58:03] - [4] MIRKO.POZEN: Répertoire en Cours: E:\kerberos.htx\
[17:58:03] - [4] MIRKO.POZEN: Répertoire en Cours: E:\kerberos.htx\last crack wk7.8.10\
[17:58:17] - [4] MIRKO.POZEN: Répertoire en Cours: E:\kerberos.htx\
[17:58:17] - [4] MIRKO.POZEN: Répertoire en Cours: E:\kerberos.htx\rar\
[17:59:15] - [4] MIRKO.POZEN: Répertoire en Cours: E:\kerberos.htx\rar\hack progz\
[17:59:34] - [4] MIRKO.POZEN: Répertoire en Cours: E:\kerberos.htx\
[17:59:34] - [4] MIRKO.POZEN: Répertoire en Cours: E:\kerberos.htx\ftp\
[17:59:35] - [4] MIRKO.POZEN: Répertoire en Cours: E:\kerberos.htx\ftp\progz\
[17:59:46] - [4] MIRKO.POZEN: Répertoire en Cours: E:\kerberos.htx\
[17:59:46] - [4] MIRKO.POZEN: Répertoire en Cours: E:\kerberos.htx\last down\
[18:12:29] - [4] MIRKO.POZEN: Répertoire en Cours: E:\kerberos.htx\last crack wk7.8.10\
[18:12:29] - [4] MIRKO.POZEN: Répertoire en Cours: E:\kerberos.htx\last crack wk7.8.10\Windows_Loader\
[18:12:49] - [5] Connecté à 192.168.0.1. Collecte du Nom d'utilisateur.
[18:12:49] - [5] Usager MIRKO.POZEN Connecté IP: 192.168.0.1
[18:12:49] - [5] MIRKO.POZEN: Répertoire en Cours: E:\kerberos.htx\
[18:12:49] - [5] MIRKO.POZEN: Répertoire en Cours: E:\kerberos.htx\last crack wk7.8.10\Windows_Loader\
[18:12:49] - [5] MIRKO.POZEN: Début du Téléchargement de: E:\kerberos.htx\last crack wk7.8.10\Windows_Loader\Read me.txt
[18:12:49] - [5] MIRKO.POZEN: Fichier envoyé: E:\kerberos.htx\last crack wk7.8.10\Windows_Loader\Read me.txt (32,02 K/S -   32 792 bytes)
[18:13:21] - [5] Client 192.168.0.1 Déconnecté (00:00:31 Min)
[18:14:10] - [6] Connecté à 192.168.0.1. Collecte du Nom d'utilisateur.
[18:14:10] - [7] Connecté à 192.168.0.1. Collecte du Nom d'utilisateur.
[18:14:11] - [6] Usager MIRKO.POZEN Connecté IP: 192.168.0.1
[18:14:11] - [6] MIRKO.POZEN: Répertoire en Cours: E:\kerberos.htx\
[18:14:11] - [7] Usager MIRKO.POZEN Connecté IP: 192.168.0.1
[18:14:11] - [7] MIRKO.POZEN: Répertoire en Cours: E:\kerberos.htx\
[18:14:11] - [6] MIRKO.POZEN: Répertoire en Cours: E:\kerberos.htx\last crack wk7.8.10\Windows_Loader\
[18:14:11] - [7] MIRKO.POZEN: Répertoire en Cours: E:\kerberos.htx\last crack wk7.8.10\Windows_Loader\
[18:14:11] - [6] MIRKO.POZEN: Début du Téléchargement de: E:\kerberos.htx\last crack wk7.8.10\Windows_Loader\checksums.md5
[18:14:11] - [6] MIRKO.POZEN: Fichier envoyé: E:\kerberos.htx\last crack wk7.8.10\Windows_Loader\checksums.md5 (0,14 K/S -    145 bytes)
[18:14:11] - [7] MIRKO.POZEN: Début du Téléchargement de: E:\kerberos.htx\last crack wk7.8.10\Windows_Loader\Keys.ini
[18:14:11] - [7] MIRKO.POZEN: Fichier envoyé: E:\kerberos.htx\last crack wk7.8.10\Windows_Loader\Keys.ini (15,91 K/S -   16 295 bytes)
[18:14:11] - [6] MIRKO.POZEN: Début du Téléchargement de: E:\kerberos.htx\last crack wk7.8.10\Windows_Loader\Read me.txt
[18:14:11] - [6] MIRKO.POZEN: Fichier envoyé: E:\kerberos.htx\last crack wk7.8.10\Windows_Loader\Read me.txt (32,02 K/S -   32 792 bytes)
[18:14:11] - [7] MIRKO.POZEN: Début du Téléchargement de: E:\kerberos.htx\last crack wk7.8.10\Windows_Loader\Windows Loader.exe
[18:14:13] - [7] MIRKO.POZEN: Echec de l'envoie du Fichier: E:\kerberos.htx\last crack wk7.8.10\Windows_Loader\Windows Loader.exe (0,00 K/S -     bytes)
[18:14:13] - [7] MIRKO.POZEN: Début du Téléchargement de: E:\kerberos.htx\last crack wk7.8.10\Windows_Loader\Windows Loader.exe
[18:14:13] - [7] MIRKO.POZEN: Echec de l'envoie du Fichier: E:\kerberos.htx\last crack wk7.8.10\Windows_Loader\Windows Loader.exe (3 926,80 K/S -  4 021 049 bytes)
[18:14:13] - [7] MIRKO.POZEN: Début du Téléchargement de: E:\kerberos.htx\last crack wk7.8.10\Windows_Loader\Windows Loader.exe
[18:14:14] - [7] MIRKO.POZEN: Echec de l'envoie du Fichier: E:\kerberos.htx\last crack wk7.8.10\Windows_Loader\Windows Loader.exe (3 926,80 K/S -  4 021 049 bytes)
[18:14:14] - [7] MIRKO.POZEN: Début du Téléchargement de: E:\kerberos.htx\last crack wk7.8.10\Windows_Loader\Windows Loader.exe
[18:14:14] - [7] MIRKO.POZEN: Echec de l'envoie du Fichier: E:\kerberos.htx\last crack wk7.8.10\Windows_Loader\Windows Loader.exe (3 926,80 K/S -  4 021 049 bytes)
[18:14:14] - [7] MIRKO.POZEN: Début du Téléchargement de: E:\kerberos.htx\last crack wk7.8.10\Windows_Loader\Windows Loader.exe
[18:14:14] - [7] MIRKO.POZEN: Echec de l'envoie du Fichier: E:\kerberos.htx\last crack wk7.8.10\Windows_Loader\Windows Loader.exe (3 926,80 K/S -  4 021 049 bytes)
[18:14:14] - [7] MIRKO.POZEN: Début du Téléchargement de: E:\kerberos.htx\last crack wk7.8.10\Windows_Loader\Windows Loader.exe
[18:14:14] - [7] MIRKO.POZEN: Echec de l'envoie du Fichier: E:\kerberos.htx\last crack wk7.8.10\Windows_Loader\Windows Loader.exe (3 926,80 K/S -  4 021 049 bytes)
[18:14:14] - [7] MIRKO.POZEN: Début du Téléchargement de: E:\kerberos.htx\last crack wk7.8.10\Windows_Loader\Windows Loader.exe
[18:14:15] - [7] MIRKO.POZEN: Echec de l'envoie du Fichier: E:\kerberos.htx\last crack wk7.8.10\Windows_Loader\Windows Loader.exe (3 926,80 K/S -  4 021 049 bytes)
[18:14:15] - [7] MIRKO.POZEN: Début du Téléchargement de: E:\kerberos.htx\last crack wk7.8.10\Windows_Loader\Windows Loader.exe
[18:14:15] - [7] MIRKO.POZEN: Echec de l'envoie du Fichier: E:\kerberos.htx\last crack wk7.8.10\Windows_Loader\Windows Loader.exe (3 926,80 K/S -  4 021 049 bytes)
[18:14:15] - [7] MIRKO.POZEN: Début du Téléchargement de: E:\kerberos.htx\last crack wk7.8.10\Windows_Loader\Windows Loader.exe
[18:14:15] - [7] MIRKO.POZEN: Echec de l'envoie du Fichier: E:\kerberos.htx\last crack wk7.8.10\Windows_Loader\Windows Loader.exe (3 926,80 K/S -  4 021 049 bytes)
[18:14:15] - [7] MIRKO.POZEN: Début du Téléchargement de: E:\kerberos.htx\last crack wk7.8.10\Windows_Loader\Windows Loader.exe
[18:14:15] - [7] MIRKO.POZEN: Echec de l'envoie du Fichier: E:\kerberos.htx\last crack wk7.8.10\Windows_Loader\Windows Loader.exe (3 926,80 K/S -  4 021 049 bytes)
[18:14:16] - [7] MIRKO.POZEN: Début du Téléchargement de: E:\kerberos.htx\last crack wk7.8.10\Windows_Loader\Windows Loader.exe
[18:14:16] - [7] MIRKO.POZEN: Echec de l'envoie du Fichier: E:\kerberos.htx\last crack wk7.8.10\Windows_Loader\Windows Loader.exe (3 926,80 K/S -  4 021 049 bytes)
[18:14:16] - [7] MIRKO.POZEN: Début du Téléchargement de: E:\kerberos.htx\last crack wk7.8.10\Windows_Loader\Windows Loader.exe
[18:14:16] - [7] MIRKO.POZEN: Echec de l'envoie du Fichier: E:\kerberos.htx\last crack wk7.8.10\Windows_Loader\Windows Loader.exe (3 926,80 K/S -  4 021 049 bytes)
[18:14:16] - [7] MIRKO.POZEN: Début du Téléchargement de: E:\kerberos.htx\last crack wk7.8.10\Windows_Loader\Windows Loader.exe
[18:14:16] - [7] MIRKO.POZEN: Echec de l'envoie du Fichier: E:\kerberos.htx\last crack wk7.8.10\Windows_Loader\Windows Loader.exe (3 926,80 K/S -  4 021 049 bytes)
[18:14:16] - [7] MIRKO.POZEN: Début du Téléchargement de: E:\kerberos.htx\last crack wk7.8.10\Windows_Loader\Windows Loader.exe
[18:14:16] - [7] MIRKO.POZEN: Echec de l'envoie du Fichier: E:\kerberos.htx\last crack wk7.8.10\Windows_Loader\Windows Loader.exe (3 926,80 K/S -  4 021 049 bytes)
[18:14:17] - [7] MIRKO.POZEN: Début du Téléchargement de: E:\kerberos.htx\last crack wk7.8.10\Windows_Loader\Windows Loader.exe
[18:14:17] - [7] MIRKO.POZEN: Echec de l'envoie du Fichier: E:\kerberos.htx\last crack wk7.8.10\Windows_Loader\Windows Loader.exe (3 926,80 K/S -  4 021 049 bytes)
[18:14:17] - [7] MIRKO.POZEN: Début du Téléchargement de: E:\kerberos.htx\last crack wk7.8.10\Windows_Loader\Windows Loader.exe
[18:14:17] - [7] MIRKO.POZEN: Echec de l'envoie du Fichier: E:\kerberos.htx\last crack wk7.8.10\Windows_Loader\Windows Loader.exe (3 926,80 K/S -  4 021 049 bytes)
[18:14:17] - [7] MIRKO.POZEN: Début du Téléchargement de: E:\kerberos.htx\last crack wk7.8.10\Windows_Loader\Windows Loader.exe
[18:14:17] - [7] MIRKO.POZEN: Echec de l'envoie du Fichier: E:\kerberos.htx\last crack wk7.8.10\Windows_Loader\Windows Loader.exe (3 926,80 K/S -  4 021 049 bytes)
[18:14:18] - [7] MIRKO.POZEN: Début du Téléchargement de: E:\kerberos.htx\last crack wk7.8.10\Windows_Loader\Windows Loader.exe
[18:14:19] - [7] MIRKO.POZEN: Echec de l'envoie du Fichier: E:\kerberos.htx\last crack wk7.8.10\Windows_Loader\Windows Loader.exe (0,00 K/S -     bytes)
[18:14:19] - [7] MIRKO.POZEN: Début du Téléchargement de: E:\kerberos.htx\last crack wk7.8.10\Windows_Loader\Windows Loader.exe
[18:14:20] - [7] MIRKO.POZEN: Echec de l'envoie du Fichier: E:\kerberos.htx\last crack wk7.8.10\Windows_Loader\Windows Loader.exe (3 926,80 K/S -  4 021 049 bytes)
[18:14:20] - [7] MIRKO.POZEN: Début du Téléchargement de: E:\kerberos.htx\last crack wk7.8.10\Windows_Loader\Windows Loader.exe
[18:14:21] - [7] MIRKO.POZEN: Echec de l'envoie du Fichier: E:\kerberos.htx\last crack wk7.8.10\Windows_Loader\Windows Loader.exe (3 926,80 K/S -  4 021 049 bytes)
[18:14:25] - [7] MIRKO.POZEN: Répertoire en Cours: E:\kerberos.htx\last crack wk7.8.10\
[18:14:26] - [7] MIRKO.POZEN: Début du Téléchargement de: E:\kerberos.htx\last crack wk7.8.10\Windows_Loader.zip
[18:14:30] - [7] MIRKO.POZEN: Fichier envoyé: E:\kerberos.htx\last crack wk7.8.10\Windows_Loader.zip (431,57 K/S -  1 767 718 bytes)
[18:14:43] - [6] Client 192.168.0.1 Déconnecté (00:00:32 Min)
[18:14:46] - [7] Client 192.168.0.1 Déconnecté (00:00:35 Min)
[18:14:46] - [4] Client 192.168.0.1 Déconnecté (00:17:28 Min)
[18:38:15] - [8] Connecté à 104.140.188.6. Collecte du Nom d'utilisateur.
[18:38:47] - [8] Client 104.140.188.6 Déconnecté (00:00:32 Min)
[18:43:53] - [9] Connecté à 104.206.128.46. Collecte du Nom d'utilisateur.
[18:44:03] - [9] Client 104.206.128.46 Déconnecté (00:00:09 Min)
[19:17:09] - [10] Connecté à 192.241.209.244. Collecte du Nom d'utilisateur.
[19:17:09] - [10] Client 192.241.209.244 Déconnecté (00:00:00 Min)
[19:19:04] - [11] Connecté à 192.241.209.244. Collecte du Nom d'utilisateur.
[19:19:04] - [11] Client 192.241.209.244 Déconnecté (00:00:00 Min)
[20:17:13] - [12] Connecté à 192.241.213.196. Collecte du Nom d'utilisateur.
[20:17:13] - [12] Client 192.241.213.196 Déconnecté (00:00:00 Min)
[20:18:19] - [13] Connecté à 192.241.213.196. Collecte du Nom d'utilisateur.
[20:18:29] - [13] Client 192.241.213.196 Déconnecté (00:00:09 Min)
