[00:10:55] - Serveur Démarré
[00:10:55] - FTP Port: 21
[00:17:36] - [1] Connecté à 192.168.0.51. Collecte du Nom d'utilisateur.
[00:17:36] - [1] Client 192.168.0.51 Déconnecté (00:00:00 Min)
[00:18:08] - [2] Connecté à 192.168.0.1. Collecte du Nom d'utilisateur.
[00:18:08] - [2] Usager MIRKO.POZEN Connecté IP: 192.168.0.1
[00:18:08] - [2] MIRKO.POZEN: Répertoire en Cours: D:\kerberos.htx\
[00:18:08] - [2] MIRKO.POZEN: Répertoire en Cours: D:\kerberos.htx\
[00:18:12] - [2] Client 192.168.0.1 Déconnecté (00:00:03 Min)
[02:38:50] - [3] Connecté à 192.168.0.1. Collecte du Nom d'utilisateur.
[02:38:50] - [3] Client 192.168.0.1 Déconnecté (00:00:00 Min)
[08:14:49] - [4] Connecté à 74.82.47.2. Collecte du Nom d'utilisateur.
[08:14:50] - [4] Client 74.82.47.2 Déconnecté (00:00:00 Min)
[14:08:14] - [5] Connecté à 2.132.82.231. Collecte du Nom d'utilisateur.
[14:08:14] - [5] Authentification Incorrect: Utilisateur FTP IP: 2.132.82.231
[14:08:15] - [5] Client 2.132.82.231 Déconnecté (00:00:00 Min)
[15:02:59] - [6] Connecté à 192.168.0.1. Collecte du Nom d'utilisateur.
[15:02:59] - [6] Usager MIRKO.POZEN Connecté IP: 192.168.0.1
[15:02:59] - [6] MIRKO.POZEN: Répertoire en Cours: D:\kerberos.htx\
[15:02:59] - [6] MIRKO.POZEN: Répertoire en Cours: D:\kerberos.htx\
[15:03:01] - [6] Client 192.168.0.1 Déconnecté (00:00:02 Min)
[18:11:04] - [7] Connecté à 196.52.43.104. Collecte du Nom d'utilisateur.
[18:11:35] - [7] Client 196.52.43.104 Déconnecté (00:00:31 Min)
[18:13:25] - [8] Connecté à 196.52.43.98. Collecte du Nom d'utilisateur.
[18:13:35] - [8] Client 196.52.43.98 Déconnecté (00:00:09 Min)
[22:48:02] - [9] Connecté à 51.38.12.23. Collecte du Nom d'utilisateur.
[22:48:02] - [9] Client 51.38.12.23 Déconnecté (00:00:00 Min)
[23:28:32] - [10] Connecté à 192.168.0.1. Collecte du Nom d'utilisateur.
[23:28:32] - [10] Usager MIRKO.POZEN Connecté IP: 192.168.0.1
[23:28:33] - [10] MIRKO.POZEN: Répertoire en Cours: D:\kerberos.htx\
[23:28:33] - [10] MIRKO.POZEN: Répertoire en Cours: D:\kerberos.htx\
[23:28:47] - [10] MIRKO.POZEN: Répertoire en Cours: D:\kerberos.htx\mila\
[23:29:01] - [10] MIRKO.POZEN: Répertoire en Cours: D:\kerberos.htx\
[23:29:01] - [10] MIRKO.POZEN: Répertoire en Cours: D:\kerberos.htx\pc mila\
[23:29:06] - [10] MIRKO.POZEN: Répertoire en Cours: D:\kerberos.htx\pc mila\tola's\
[23:29:17] - [10] MIRKO.POZEN: Répertoire en Cours: D:\kerberos.htx\pc mila\tola's\Sample Icons\
[23:29:17] - [11] Connecté à 192.168.0.1. Collecte du Nom d'utilisateur.
[23:29:17] - [12] Connecté à 192.168.0.1. Collecte du Nom d'utilisateur.
[23:29:17] - [11] Usager MIRKO.POZEN Connecté IP: 192.168.0.1
[23:29:17] - [11] MIRKO.POZEN: Répertoire en Cours: D:\kerberos.htx\
[23:29:17] - [12] Usager MIRKO.POZEN Connecté IP: 192.168.0.1
[23:29:17] - [12] MIRKO.POZEN: Répertoire en Cours: D:\kerberos.htx\
[23:29:17] - [12] MIRKO.POZEN: Répertoire en Cours: D:\kerberos.htx\pc mila\tola's\
[23:29:17] - [11] MIRKO.POZEN: Répertoire en Cours: D:\kerberos.htx\pc mila\tola's\
[23:29:17] - [12] MIRKO.POZEN: Début du Téléchargement de: D:\kerberos.htx\pc mila\tola's\dialog.rc
[23:29:17] - [12] MIRKO.POZEN: Fichier envoyé: D:\kerberos.htx\pc mila\tola's\dialog.rc (2,46 K/S -   2 514 bytes)
[23:29:17] - [11] MIRKO.POZEN: Début du Téléchargement de: D:\kerberos.htx\pc mila\tola's\amok.nfo
[23:29:17] - [11] MIRKO.POZEN: Fichier envoyé: D:\kerberos.htx\pc mila\tola's\amok.nfo (6,69 K/S -   6 853 bytes)
[23:29:18] - [12] MIRKO.POZEN: Début du Téléchargement de: D:\kerberos.htx\pc mila\tola's\file_id.diz
[23:29:18] - [12] MIRKO.POZEN: Fichier envoyé: D:\kerberos.htx\pc mila\tola's\file_id.diz (0,48 K/S -    496 bytes)
[23:29:18] - [11] MIRKO.POZEN: Début du Téléchargement de: D:\kerberos.htx\pc mila\tola's\README.TXT
[23:29:18] - [11] MIRKO.POZEN: Fichier envoyé: D:\kerberos.htx\pc mila\tola's\README.TXT (16,22 K/S -   16 611 bytes)
[23:29:18] - [12] MIRKO.POZEN: Début du Téléchargement de: D:\kerberos.htx\pc mila\tola's\rel_info.r
[23:29:18] - [12] MIRKO.POZEN: Fichier envoyé: D:\kerberos.htx\pc mila\tola's\rel_info.r (0,08 K/S -    78 bytes)
[23:29:18] - [11] MIRKO.POZEN: Début du Téléchargement de: D:\kerberos.htx\pc mila\tola's\Sample Disclaimer [German].txt
[23:29:18] - [11] MIRKO.POZEN: Fichier envoyé: D:\kerberos.htx\pc mila\tola's\Sample Disclaimer [German].txt (4,70 K/S -   4 811 bytes)
[23:29:18] - [12] MIRKO.POZEN: Début du Téléchargement de: D:\kerberos.htx\pc mila\tola's\Tola's_Patching_Engine_v2[1].01.zip
[23:29:18] - [11] MIRKO.POZEN: Début du Téléchargement de: D:\kerberos.htx\pc mila\tola's\TPE 2.0.exe
[23:29:18] - [12] MIRKO.POZEN: Fichier envoyé: D:\kerberos.htx\pc mila\tola's\Tola's_Patching_Engine_v2[1].01.zip (81,67 K/S -   83 633 bytes)
[23:29:19] - [12] MIRKO.POZEN: Répertoire en Cours: D:\kerberos.htx\pc mila\tola's\Sample Icons\
[23:29:19] - [12] MIRKO.POZEN: Début du Téléchargement de: D:\kerberos.htx\pc mila\tola's\Sample Icons\0.ico
[23:29:19] - [12] MIRKO.POZEN: Fichier envoyé: D:\kerberos.htx\pc mila\tola's\Sample Icons\0.ico (0,75 K/S -    766 bytes)
[23:29:19] - [11] MIRKO.POZEN: Fichier envoyé: D:\kerberos.htx\pc mila\tola's\TPE 2.0.exe (72,50 K/S -   74 240 bytes)
[23:29:19] - [12] MIRKO.POZEN: Début du Téléchargement de: D:\kerberos.htx\pc mila\tola's\Sample Icons\AmoK transparent.ico
[23:29:19] - [12] MIRKO.POZEN: Fichier envoyé: D:\kerberos.htx\pc mila\tola's\Sample Icons\AmoK transparent.ico (0,75 K/S -    766 bytes)
[23:29:19] - [12] MIRKO.POZEN: Début du Téléchargement de: D:\kerberos.htx\pc mila\tola's\Sample Icons\AmoK.ico
[23:29:19] - [12] MIRKO.POZEN: Fichier envoyé: D:\kerberos.htx\pc mila\tola's\Sample Icons\AmoK.ico (0,75 K/S -    766 bytes)
[23:29:19] - [12] MIRKO.POZEN: Début du Téléchargement de: D:\kerberos.htx\pc mila\tola's\Sample Icons\disk5.ico
[23:29:20] - [12] MIRKO.POZEN: Fichier envoyé: D:\kerberos.htx\pc mila\tola's\Sample Icons\disk5.ico (2,19 K/S -   2 238 bytes)
[23:29:20] - [11] MIRKO.POZEN: Répertoire en Cours: D:\kerberos.htx\pc mila\tola's\Sample Icons\
[23:29:20] - [11] MIRKO.POZEN: Début du Téléchargement de: D:\kerberos.htx\pc mila\tola's\Sample Icons\disk6.ico
[23:29:20] - [11] MIRKO.POZEN: Fichier envoyé: D:\kerberos.htx\pc mila\tola's\Sample Icons\disk6.ico (2,19 K/S -   2 238 bytes)
[23:29:20] - [12] MIRKO.POZEN: Début du Téléchargement de: D:\kerberos.htx\pc mila\tola's\Sample Icons\disk7.ico
[23:29:20] - [12] MIRKO.POZEN: Fichier envoyé: D:\kerberos.htx\pc mila\tola's\Sample Icons\disk7.ico (2,19 K/S -   2 238 bytes)
[23:29:20] - [11] MIRKO.POZEN: Début du Téléchargement de: D:\kerberos.htx\pc mila\tola's\Sample Icons\Skull.ico
[23:29:20] - [11] MIRKO.POZEN: Fichier envoyé: D:\kerberos.htx\pc mila\tola's\Sample Icons\Skull.ico (0,75 K/S -    766 bytes)
[23:29:20] - [12] MIRKO.POZEN: Début du Téléchargement de: D:\kerberos.htx\pc mila\tola's\Sample Icons\Thumbs.db
[23:29:20] - [12] MIRKO.POZEN: Fichier envoyé: D:\kerberos.htx\pc mila\tola's\Sample Icons\Thumbs.db (12,50 K/S -   12 800 bytes)
[23:29:20] - [11] MIRKO.POZEN: Début du Téléchargement de: D:\kerberos.htx\pc mila\tola's\Sample Icons\Unit1.dcu
[23:29:20] - [11] MIRKO.POZEN: Fichier envoyé: D:\kerberos.htx\pc mila\tola's\Sample Icons\Unit1.dcu (3,39 K/S -   3 473 bytes)
[23:29:20] - [12] MIRKO.POZEN: Début du Téléchargement de: D:\kerberos.htx\pc mila\tola's\Sample Icons\Unit1.dfm
[23:29:21] - [12] MIRKO.POZEN: Fichier envoyé: D:\kerberos.htx\pc mila\tola's\Sample Icons\Unit1.dfm (0,46 K/S -    468 bytes)
[23:29:21] - [11] MIRKO.POZEN: Début du Téléchargement de: D:\kerberos.htx\pc mila\tola's\Sample Icons\Unit1.pas
[23:29:21] - [11] MIRKO.POZEN: Fichier envoyé: D:\kerberos.htx\pc mila\tola's\Sample Icons\Unit1.pas (0,35 K/S -    355 bytes)
[23:29:21] - [12] MIRKO.POZEN: Début du Téléchargement de: D:\kerberos.htx\pc mila\tola's\Sample Icons\Unit1.~dfm
[23:29:21] - [12] MIRKO.POZEN: Fichier envoyé: D:\kerberos.htx\pc mila\tola's\Sample Icons\Unit1.~dfm (0,46 K/S -    468 bytes)
[23:29:21] - [11] MIRKO.POZEN: Début du Téléchargement de: D:\kerberos.htx\pc mila\tola's\Sample Icons\Unit1.~pas
[23:29:21] - [11] MIRKO.POZEN: Fichier envoyé: D:\kerberos.htx\pc mila\tola's\Sample Icons\Unit1.~pas (0,35 K/S -    355 bytes)
[23:29:21] - [12] MIRKO.POZEN: Début du Téléchargement de: D:\kerberos.htx\pc mila\tola's\Sample Icons\Unit2.dcu
[23:29:21] - [12] MIRKO.POZEN: Fichier envoyé: D:\kerberos.htx\pc mila\tola's\Sample Icons\Unit2.dcu (3,35 K/S -   3 429 bytes)
[23:29:21] - [11] MIRKO.POZEN: Début du Téléchargement de: D:\kerberos.htx\pc mila\tola's\Sample Icons\Unit2.dfm
[23:29:21] - [11] MIRKO.POZEN: Fichier envoyé: D:\kerberos.htx\pc mila\tola's\Sample Icons\Unit2.dfm (0,54 K/S -    551 bytes)
[23:29:21] - [12] MIRKO.POZEN: Début du Téléchargement de: D:\kerberos.htx\pc mila\tola's\Sample Icons\Unit2.pas
[23:29:21] - [12] MIRKO.POZEN: Fichier envoyé: D:\kerberos.htx\pc mila\tola's\Sample Icons\Unit2.pas (0,42 K/S -    425 bytes)
[23:29:26] - [10] MIRKO.POZEN: Répertoire en Cours: D:\kerberos.htx\pc mila\
[23:29:26] - [10] MIRKO.POZEN: Répertoire en Cours: D:\kerberos.htx\pc mila\progz\
[23:29:40] - [10] MIRKO.POZEN: Répertoire en Cours: D:\kerberos.htx\pc mila\progz\pour.xp\
[23:29:47] - [12] Client 192.168.0.1 Déconnecté (00:00:30 Min)
[23:29:47] - [11] Client 192.168.0.1 Déconnecté (00:00:30 Min)
[23:29:47] - [10] Client 192.168.0.1 Déconnecté (00:01:14 Min)
[23:59:13] - [13] Connecté à 92.141.179.181. Collecte du Nom d'utilisateur.
[23:59:14] - [13] Usager MIRKO.POZEN Connecté IP: 92.141.179.181
[23:59:14] - [13] MIRKO.POZEN: Répertoire en Cours: D:\kerberos.htx\
[23:59:14] - [13] MIRKO.POZEN: Répertoire en Cours: D:\kerberos.htx\
[23:59:26] - [13] MIRKO.POZEN: Répertoire en Cours: D:\kerberos.htx\pc mila\
[23:59:42] - [14] Connecté à 92.141.179.181. Collecte du Nom d'utilisateur.
[23:59:42] - [14] Usager MIRKO.POZEN Connecté IP: 92.141.179.181
[23:59:42] - [14] MIRKO.POZEN: Répertoire en Cours: D:\kerberos.htx\
[23:59:42] - [14] MIRKO.POZEN: Répertoire en Cours: D:\kerberos.htx\pc mila\
[23:59:42] - [14] MIRKO.POZEN: Début du Téléchargement de: D:\kerberos.htx\pc mila\Setup2GO v1.9.11 by FFF.zip
[23:59:51] - [14] MIRKO.POZEN: Fichier envoyé: D:\kerberos.htx\pc mila\Setup2GO v1.9.11 by FFF.zip (104,61 K/S -   964 086 bytes)
[23:59:59] - [14] Client 92.141.179.181 Déconnecté (00:00:16 Min)
[23:59:59] - [13] Client 92.141.179.181 Déconnecté (00:00:45 Min)
