[03:43:16] - [15] Connecté à 80.82.70.118. Collecte du Nom d'utilisateur.
[03:43:47] - [15] Client 80.82.70.118 Déconnecté (00:00:30 Min)
[06:30:16] - [16] Connecté à 89.248.168.112. Collecte du Nom d'utilisateur.
[06:30:26] - [16] Client 89.248.168.112 Déconnecté (00:00:09 Min)
[12:45:08] - [17] Connecté à 192.168.0.1. Collecte du Nom d'utilisateur.
[12:45:08] - [17] Usager MIRKO.POZEN Connecté IP: 192.168.0.1
[12:45:08] - [17] MIRKO.POZEN: Répertoire en Cours: D:\kerberos.htx\
[12:45:08] - [17] MIRKO.POZEN: Répertoire en Cours: D:\kerberos.htx\
[12:45:12] - [17] MIRKO.POZEN: Répertoire en Cours: D:\kerberos.htx\Bruter_1.1\
[12:45:18] - [17] MIRKO.POZEN: Répertoire en Cours: D:\kerberos.htx\Bruter_1.1\Bruter_1.1\
[12:45:28] - [17] MIRKO.POZEN: Répertoire en Cours: D:\kerberos.htx\Bruter_1.1\Bruter_1.1\doc\
[12:45:28] - [17] MIRKO.POZEN: Répertoire en Cours: D:\kerberos.htx\Bruter_1.1\Bruter_1.1\
[12:45:28] - [17] MIRKO.POZEN: Répertoire en Cours: D:\kerberos.htx\Bruter_1.1\Bruter_1.1\cfg\
[12:45:28] - [17] MIRKO.POZEN: Répertoire en Cours: D:\kerberos.htx\Bruter_1.1\Bruter_1.1\cfg\_last_state\
[12:45:28] - [17] MIRKO.POZEN: Répertoire en Cours: D:\kerberos.htx\Bruter_1.1\Bruter_1.1\cfg\
[12:45:28] - [17] MIRKO.POZEN: Répertoire en Cours: D:\kerberos.htx\Bruter_1.1\Bruter_1.1\cfg\default\
[12:45:28] - [18] Connecté à 192.168.0.1. Collecte du Nom d'utilisateur.
[12:45:28] - [19] Connecté à 192.168.0.1. Collecte du Nom d'utilisateur.
[12:45:28] - [18] Usager MIRKO.POZEN Connecté IP: 192.168.0.1
[12:45:28] - [18] MIRKO.POZEN: Répertoire en Cours: D:\kerberos.htx\
[12:45:28] - [19] Usager MIRKO.POZEN Connecté IP: 192.168.0.1
[12:45:28] - [19] MIRKO.POZEN: Répertoire en Cours: D:\kerberos.htx\
[12:45:28] - [18] MIRKO.POZEN: Répertoire en Cours: D:\kerberos.htx\Bruter_1.1\Bruter_1.1\
[12:45:28] - [19] MIRKO.POZEN: Répertoire en Cours: D:\kerberos.htx\Bruter_1.1\Bruter_1.1\
[12:45:28] - [19] MIRKO.POZEN: Début du Téléchargement de: D:\kerberos.htx\Bruter_1.1\Bruter_1.1\Changelog.txt
[12:45:29] - [18] MIRKO.POZEN: Début du Téléchargement de: D:\kerberos.htx\Bruter_1.1\Bruter_1.1\Bruter.exe
[12:45:29] - [19] MIRKO.POZEN: Fichier envoyé: D:\kerberos.htx\Bruter_1.1\Bruter_1.1\Changelog.txt (4,96 K/S -   5 074 bytes)
[12:45:29] - [19] MIRKO.POZEN: Début du Téléchargement de: D:\kerberos.htx\Bruter_1.1\Bruter_1.1\dicouser.txt
[12:45:29] - [19] MIRKO.POZEN: Fichier envoyé: D:\kerberos.htx\Bruter_1.1\Bruter_1.1\dicouser.txt (0,10 K/S -    99 bytes)
[12:45:29] - [18] MIRKO.POZEN: Fichier envoyé: D:\kerberos.htx\Bruter_1.1\Bruter_1.1\Bruter.exe (226,50 K/S -   231 936 bytes)
[12:45:29] - [19] MIRKO.POZEN: Début du Téléchargement de: D:\kerberos.htx\Bruter_1.1\Bruter_1.1\example_dict.txt
[12:45:29] - [19] MIRKO.POZEN: Fichier envoyé: D:\kerberos.htx\Bruter_1.1\Bruter_1.1\example_dict.txt (0,13 K/S -    134 bytes)
[12:45:29] - [18] MIRKO.POZEN: Début du Téléchargement de: D:\kerberos.htx\Bruter_1.1\Bruter_1.1\libeay32.dll
[12:45:30] - [19] MIRKO.POZEN: Début du Téléchargement de: D:\kerberos.htx\Bruter_1.1\Bruter_1.1\libssh2.dll
[12:45:30] - [19] MIRKO.POZEN: Fichier envoyé: D:\kerberos.htx\Bruter_1.1\Bruter_1.1\libssh2.dll (105,50 K/S -   108 032 bytes)
[12:45:30] - [19] MIRKO.POZEN: Début du Téléchargement de: D:\kerberos.htx\Bruter_1.1\Bruter_1.1\LICENSE.txt
[12:45:31] - [19] MIRKO.POZEN: Fichier envoyé: D:\kerberos.htx\Bruter_1.1\Bruter_1.1\LICENSE.txt (1,50 K/S -   1 531 bytes)
[12:45:31] - [19] MIRKO.POZEN: Début du Téléchargement de: D:\kerberos.htx\Bruter_1.1\Bruter_1.1\LICENSE_openssl.txt
[12:45:31] - [19] MIRKO.POZEN: Fichier envoyé: D:\kerberos.htx\Bruter_1.1\Bruter_1.1\LICENSE_openssl.txt (6,26 K/S -   6 406 bytes)
[12:45:31] - [19] MIRKO.POZEN: Début du Téléchargement de: D:\kerberos.htx\Bruter_1.1\Bruter_1.1\README.txt
[12:45:31] - [19] MIRKO.POZEN: Fichier envoyé: D:\kerberos.htx\Bruter_1.1\Bruter_1.1\README.txt (0,02 K/S -    20 bytes)
[12:45:31] - [18] MIRKO.POZEN: Fichier envoyé: D:\kerberos.htx\Bruter_1.1\Bruter_1.1\libeay32.dll (537,00 K/S -  1 099 776 bytes)
[12:45:31] - [19] MIRKO.POZEN: Début du Téléchargement de: D:\kerberos.htx\Bruter_1.1\Bruter_1.1\realadmin.txt
[12:45:31] - [19] MIRKO.POZEN: Fichier envoyé: D:\kerberos.htx\Bruter_1.1\Bruter_1.1\realadmin.txt (0,01 K/S -    13 bytes)
[12:45:31] - [18] MIRKO.POZEN: Début du Téléchargement de: D:\kerberos.htx\Bruter_1.1\Bruter_1.1\realpassword.txt
[12:45:32] - [19] MIRKO.POZEN: Début du Téléchargement de: D:\kerberos.htx\Bruter_1.1\Bruter_1.1\ssleay32.dll
[12:45:32] - [18] MIRKO.POZEN: Fichier envoyé: D:\kerberos.htx\Bruter_1.1\Bruter_1.1\realpassword.txt (0,02 K/S -    25 bytes)
[12:45:32] - [18] MIRKO.POZEN: Répertoire en Cours: D:\kerberos.htx\Bruter_1.1\Bruter_1.1\doc\
[12:45:32] - [19] MIRKO.POZEN: Fichier envoyé: D:\kerberos.htx\Bruter_1.1\Bruter_1.1\ssleay32.dll (231,50 K/S -   237 056 bytes)
[12:45:32] - [18] MIRKO.POZEN: Début du Téléchargement de: D:\kerberos.htx\Bruter_1.1\Bruter_1.1\doc\ftp.html
[12:45:32] - [19] MIRKO.POZEN: Répertoire en Cours: D:\kerberos.htx\Bruter_1.1\Bruter_1.1\doc\
[12:45:32] - [18] MIRKO.POZEN: Fichier envoyé: D:\kerberos.htx\Bruter_1.1\Bruter_1.1\doc\ftp.html (0,18 K/S -    185 bytes)
[12:45:32] - [18] MIRKO.POZEN: Début du Téléchargement de: D:\kerberos.htx\Bruter_1.1\Bruter_1.1\doc\imap.html
[12:45:32] - [19] MIRKO.POZEN: Début du Téléchargement de: D:\kerberos.htx\Bruter_1.1\Bruter_1.1\doc\http.html
[12:45:32] - [18] MIRKO.POZEN: Fichier envoyé: D:\kerberos.htx\Bruter_1.1\Bruter_1.1\doc\imap.html (1,42 K/S -   1 458 bytes)
[12:45:33] - [19] MIRKO.POZEN: Fichier envoyé: D:\kerberos.htx\Bruter_1.1\Bruter_1.1\doc\http.html (0,64 K/S -    652 bytes)
[12:45:33] - [19] MIRKO.POZEN: Début du Téléchargement de: D:\kerberos.htx\Bruter_1.1\Bruter_1.1\doc\mssql.html
[12:45:33] - [18] MIRKO.POZEN: Début du Téléchargement de: D:\kerberos.htx\Bruter_1.1\Bruter_1.1\doc\index.html
[12:45:33] - [19] MIRKO.POZEN: Fichier envoyé: D:\kerberos.htx\Bruter_1.1\Bruter_1.1\doc\mssql.html (0,30 K/S -    307 bytes)
[12:45:33] - [18] MIRKO.POZEN: Fichier envoyé: D:\kerberos.htx\Bruter_1.1\Bruter_1.1\doc\index.html (9,97 K/S -   10 214 bytes)
[12:45:33] - [19] MIRKO.POZEN: Début du Téléchargement de: D:\kerberos.htx\Bruter_1.1\Bruter_1.1\doc\mysql.html
[12:45:33] - [19] MIRKO.POZEN: Fichier envoyé: D:\kerberos.htx\Bruter_1.1\Bruter_1.1\doc\mysql.html (0,30 K/S -    307 bytes)
[12:45:33] - [18] MIRKO.POZEN: Début du Téléchargement de: D:\kerberos.htx\Bruter_1.1\Bruter_1.1\doc\pgsql.html
[12:45:33] - [18] MIRKO.POZEN: Fichier envoyé: D:\kerberos.htx\Bruter_1.1\Bruter_1.1\doc\pgsql.html (0,36 K/S -    366 bytes)
[12:45:33] - [19] MIRKO.POZEN: Début du Téléchargement de: D:\kerberos.htx\Bruter_1.1\Bruter_1.1\doc\pop3.html
[12:45:33] - [19] MIRKO.POZEN: Fichier envoyé: D:\kerberos.htx\Bruter_1.1\Bruter_1.1\doc\pop3.html (1,44 K/S -   1 470 bytes)
[12:45:33] - [18] MIRKO.POZEN: Début du Téléchargement de: D:\kerberos.htx\Bruter_1.1\Bruter_1.1\doc\sip.html
[12:45:33] - [18] MIRKO.POZEN: Fichier envoyé: D:\kerberos.htx\Bruter_1.1\Bruter_1.1\doc\sip.html (0,59 K/S -    601 bytes)
[12:45:33] - [19] MIRKO.POZEN: Début du Téléchargement de: D:\kerberos.htx\Bruter_1.1\Bruter_1.1\doc\smb.html
[12:45:33] - [19] MIRKO.POZEN: Fichier envoyé: D:\kerberos.htx\Bruter_1.1\Bruter_1.1\doc\smb.html (3,56 K/S -   3 641 bytes)
[12:45:33] - [18] MIRKO.POZEN: Début du Téléchargement de: D:\kerberos.htx\Bruter_1.1\Bruter_1.1\doc\smtp.html
[12:45:34] - [18] MIRKO.POZEN: Fichier envoyé: D:\kerberos.htx\Bruter_1.1\Bruter_1.1\doc\smtp.html (1,43 K/S -   1 463 bytes)
[12:45:34] - [19] MIRKO.POZEN: Début du Téléchargement de: D:\kerberos.htx\Bruter_1.1\Bruter_1.1\doc\snmp.html
[12:45:34] - [19] MIRKO.POZEN: Fichier envoyé: D:\kerberos.htx\Bruter_1.1\Bruter_1.1\doc\snmp.html (1,38 K/S -   1 412 bytes)
[12:45:34] - [18] MIRKO.POZEN: Début du Téléchargement de: D:\kerberos.htx\Bruter_1.1\Bruter_1.1\doc\ssh.html
[12:45:34] - [18] MIRKO.POZEN: Fichier envoyé: D:\kerberos.htx\Bruter_1.1\Bruter_1.1\doc\ssh.html (0,71 K/S -    723 bytes)
[12:45:34] - [19] MIRKO.POZEN: Début du Téléchargement de: D:\kerberos.htx\Bruter_1.1\Bruter_1.1\doc\telnet.html
[12:45:34] - [19] MIRKO.POZEN: Fichier envoyé: D:\kerberos.htx\Bruter_1.1\Bruter_1.1\doc\telnet.html (0,26 K/S -    264 bytes)
[12:45:34] - [18] MIRKO.POZEN: Début du Téléchargement de: D:\kerberos.htx\Bruter_1.1\Bruter_1.1\doc\vnc.html
[12:45:34] - [18] MIRKO.POZEN: Fichier envoyé: D:\kerberos.htx\Bruter_1.1\Bruter_1.1\doc\vnc.html (0,45 K/S -    460 bytes)
[12:45:34] - [18] MIRKO.POZEN: Répertoire en Cours: D:\kerberos.htx\Bruter_1.1\Bruter_1.1\cfg\_last_state\
[12:45:34] - [19] MIRKO.POZEN: Début du Téléchargement de: D:\kerberos.htx\Bruter_1.1\Bruter_1.1\doc\web_form.html
[12:45:34] - [19] MIRKO.POZEN: Fichier envoyé: D:\kerberos.htx\Bruter_1.1\Bruter_1.1\doc\web_form.html (4,40 K/S -   4 505 bytes)
[12:45:34] - [19] MIRKO.POZEN: Répertoire en Cours: D:\kerberos.htx\Bruter_1.1\Bruter_1.1\cfg\_last_state\
[12:45:34] - [18] MIRKO.POZEN: Début du Téléchargement de: D:\kerberos.htx\Bruter_1.1\Bruter_1.1\cfg\_last_state\http.cfg
[12:45:34] - [18] MIRKO.POZEN: Fichier envoyé: D:\kerberos.htx\Bruter_1.1\Bruter_1.1\cfg\_last_state\http.cfg (0,02 K/S -    24 bytes)
[12:45:35] - [19] MIRKO.POZEN: Début du Téléchargement de: D:\kerberos.htx\Bruter_1.1\Bruter_1.1\cfg\_last_state\imap.cfg
[12:45:35] - [19] MIRKO.POZEN: Fichier envoyé: D:\kerberos.htx\Bruter_1.1\Bruter_1.1\cfg\_last_state\imap.cfg (0,05 K/S -    50 bytes)
[12:45:35] - [18] MIRKO.POZEN: Début du Téléchargement de: D:\kerberos.htx\Bruter_1.1\Bruter_1.1\cfg\_last_state\main.cfg
[12:45:35] - [18] MIRKO.POZEN: Fichier envoyé: D:\kerberos.htx\Bruter_1.1\Bruter_1.1\cfg\_last_state\main.cfg (0,84 K/S -    864 bytes)
[12:45:35] - [19] MIRKO.POZEN: Début du Téléchargement de: D:\kerberos.htx\Bruter_1.1\Bruter_1.1\cfg\_last_state\pop3.cfg
[12:45:35] - [19] MIRKO.POZEN: Fichier envoyé: D:\kerberos.htx\Bruter_1.1\Bruter_1.1\cfg\_last_state\pop3.cfg (0,05 K/S -    50 bytes)
[12:45:35] - [18] MIRKO.POZEN: Début du Téléchargement de: D:\kerberos.htx\Bruter_1.1\Bruter_1.1\cfg\_last_state\sip-tcp.cfg
[12:45:35] - [18] MIRKO.POZEN: Fichier envoyé: D:\kerberos.htx\Bruter_1.1\Bruter_1.1\cfg\_last_state\sip-tcp.cfg (0,02 K/S -    21 bytes)
[12:45:35] - [19] MIRKO.POZEN: Début du Téléchargement de: D:\kerberos.htx\Bruter_1.1\Bruter_1.1\cfg\_last_state\sip.cfg
[12:45:35] - [19] MIRKO.POZEN: Fichier envoyé: D:\kerberos.htx\Bruter_1.1\Bruter_1.1\cfg\_last_state\sip.cfg (0,02 K/S -    21 bytes)
[12:45:35] - [18] MIRKO.POZEN: Début du Téléchargement de: D:\kerberos.htx\Bruter_1.1\Bruter_1.1\cfg\_last_state\smb.cfg
[12:45:35] - [18] MIRKO.POZEN: Fichier envoyé: D:\kerberos.htx\Bruter_1.1\Bruter_1.1\cfg\_last_state\smb.cfg (0,04 K/S -    38 bytes)
[12:45:35] - [19] MIRKO.POZEN: Début du Téléchargement de: D:\kerberos.htx\Bruter_1.1\Bruter_1.1\cfg\_last_state\smtp.cfg
[12:45:35] - [19] MIRKO.POZEN: Fichier envoyé: D:\kerberos.htx\Bruter_1.1\Bruter_1.1\cfg\_last_state\smtp.cfg (0,05 K/S -    50 bytes)
[12:45:35] - [18] MIRKO.POZEN: Début du Téléchargement de: D:\kerberos.htx\Bruter_1.1\Bruter_1.1\cfg\_last_state\state.save
[12:45:35] - [18] MIRKO.POZEN: Fichier envoyé: D:\kerberos.htx\Bruter_1.1\Bruter_1.1\cfg\_last_state\state.save (0,14 K/S -    143 bytes)
[12:45:35] - [18] MIRKO.POZEN: Répertoire en Cours: D:\kerberos.htx\Bruter_1.1\Bruter_1.1\cfg\default\
[12:45:36] - [19] MIRKO.POZEN: Début du Téléchargement de: D:\kerberos.htx\Bruter_1.1\Bruter_1.1\cfg\_last_state\web-form.cfg
[12:45:36] - [19] MIRKO.POZEN: Fichier envoyé: D:\kerberos.htx\Bruter_1.1\Bruter_1.1\cfg\_last_state\web-form.cfg (0,14 K/S -    141 bytes)
[12:45:36] - [19] MIRKO.POZEN: Répertoire en Cours: D:\kerberos.htx\Bruter_1.1\Bruter_1.1\cfg\default\
[12:45:36] - [18] MIRKO.POZEN: Début du Téléchargement de: D:\kerberos.htx\Bruter_1.1\Bruter_1.1\cfg\default\http.cfg
[12:45:36] - [18] MIRKO.POZEN: Fichier envoyé: D:\kerberos.htx\Bruter_1.1\Bruter_1.1\cfg\default\http.cfg (0,02 K/S -    24 bytes)
[12:45:36] - [19] MIRKO.POZEN: Début du Téléchargement de: D:\kerberos.htx\Bruter_1.1\Bruter_1.1\cfg\default\imap.cfg
[12:45:36] - [19] MIRKO.POZEN: Fichier envoyé: D:\kerberos.htx\Bruter_1.1\Bruter_1.1\cfg\default\imap.cfg (0,05 K/S -    50 bytes)
[12:45:36] - [18] MIRKO.POZEN: Début du Téléchargement de: D:\kerberos.htx\Bruter_1.1\Bruter_1.1\cfg\default\main.cfg
[12:45:36] - [19] MIRKO.POZEN: Début du Téléchargement de: D:\kerberos.htx\Bruter_1.1\Bruter_1.1\cfg\default\pop3.cfg
[12:45:36] - [18] MIRKO.POZEN: Fichier envoyé: D:\kerberos.htx\Bruter_1.1\Bruter_1.1\cfg\default\main.cfg (0,76 K/S -    775 bytes)
[12:45:36] - [19] MIRKO.POZEN: Fichier envoyé: D:\kerberos.htx\Bruter_1.1\Bruter_1.1\cfg\default\pop3.cfg (0,05 K/S -    50 bytes)
[12:45:36] - [18] MIRKO.POZEN: Début du Téléchargement de: D:\kerberos.htx\Bruter_1.1\Bruter_1.1\cfg\default\sip-tcp.cfg
[12:45:36] - [19] MIRKO.POZEN: Début du Téléchargement de: D:\kerberos.htx\Bruter_1.1\Bruter_1.1\cfg\default\sip.cfg
[12:45:36] - [18] MIRKO.POZEN: Fichier envoyé: D:\kerberos.htx\Bruter_1.1\Bruter_1.1\cfg\default\sip-tcp.cfg (0,02 K/S -    21 bytes)
[12:45:36] - [19] MIRKO.POZEN: Fichier envoyé: D:\kerberos.htx\Bruter_1.1\Bruter_1.1\cfg\default\sip.cfg (0,02 K/S -    21 bytes)
[12:45:36] - [19] MIRKO.POZEN: Début du Téléchargement de: D:\kerberos.htx\Bruter_1.1\Bruter_1.1\cfg\default\smtp.cfg
[12:45:36] - [18] MIRKO.POZEN: Début du Téléchargement de: D:\kerberos.htx\Bruter_1.1\Bruter_1.1\cfg\default\smb.cfg
[12:45:37] - [19] MIRKO.POZEN: Fichier envoyé: D:\kerberos.htx\Bruter_1.1\Bruter_1.1\cfg\default\smtp.cfg (0,05 K/S -    50 bytes)
[12:45:37] - [18] MIRKO.POZEN: Fichier envoyé: D:\kerberos.htx\Bruter_1.1\Bruter_1.1\cfg\default\smb.cfg (0,04 K/S -    38 bytes)
[12:45:37] - [19] MIRKO.POZEN: Début du Téléchargement de: D:\kerberos.htx\Bruter_1.1\Bruter_1.1\cfg\default\web-form.cfg
[12:45:37] - [19] MIRKO.POZEN: Fichier envoyé: D:\kerberos.htx\Bruter_1.1\Bruter_1.1\cfg\default\web-form.cfg (0,14 K/S -    141 bytes)
[12:45:44] - [17] MIRKO.POZEN: Répertoire en Cours: D:\kerberos.htx\
[12:45:44] - [17] MIRKO.POZEN: Répertoire en Cours: D:\kerberos.htx\000\
[12:45:51] - [17] MIRKO.POZEN: Répertoire en Cours: D:\kerberos.htx\
[12:45:51] - [17] MIRKO.POZEN: Répertoire en Cours: D:\kerberos.htx\a trier\
[12:45:55] - [17] MIRKO.POZEN: Répertoire en Cours: D:\kerberos.htx\a trier\douwloads\
[12:46:08] - [18] Client 192.168.0.1 Déconnecté (00:00:39 Min)
[12:46:08] - [19] Client 192.168.0.1 Déconnecté (00:00:39 Min)
[12:46:10] - [17] MIRKO.POZEN: Répertoire en Cours: D:\kerberos.htx\a trier\
[12:46:10] - [17] MIRKO.POZEN: Répertoire en Cours: D:\kerberos.htx\a trier\progz mig\
[12:46:25] - [17] MIRKO.POZEN: Répertoire en Cours: D:\kerberos.htx\a trier\progz mig\brutus\
[13:03:14] - [17] MIRKO.POZEN: Répertoire en Cours: D:\kerberos.htx\a trier\
[13:03:14] - [17] MIRKO.POZEN: Répertoire en Cours: D:\kerberos.htx\a trier\cleusb 16go\
[13:03:17] - [17] MIRKO.POZEN: Répertoire en Cours: D:\kerberos.htx\a trier\cleusb 16go\usb14go\
[13:03:19] - [17] MIRKO.POZEN: Répertoire en Cours: D:\kerberos.htx\a trier\cleusb 16go\usb14go\mig\
[13:03:37] - [17] MIRKO.POZEN: Répertoire en Cours: D:\kerberos.htx\a trier\
[13:03:37] - [17] MIRKO.POZEN: Répertoire en Cours: D:\kerberos.htx\a trier\exe\
[13:04:06] - [17] MIRKO.POZEN: Répertoire en Cours: D:\kerberos.htx\a trier\
[13:04:06] - [17] MIRKO.POZEN: Répertoire en Cours: D:\kerberos.htx\a trier\hack fb\
[13:04:27] - [17] MIRKO.POZEN: Répertoire en Cours: D:\kerberos.htx\a trier\progz mig\
[13:04:27] - [17] MIRKO.POZEN: Répertoire en Cours: D:\kerberos.htx\a trier\progz mig\john179\
[13:04:38] - [17] MIRKO.POZEN: Répertoire en Cours: D:\kerberos.htx\a trier\
[13:04:38] - [17] MIRKO.POZEN: Répertoire en Cours: D:\kerberos.htx\a trier\rar\
[13:05:25] - [17] MIRKO.POZEN: Répertoire en Cours: D:\kerberos.htx\
[13:05:26] - [17] MIRKO.POZEN: Répertoire en Cours: D:\kerberos.htx\ftp\
[13:05:27] - [17] MIRKO.POZEN: Répertoire en Cours: D:\kerberos.htx\ftp\progz\
[13:05:49] - [17] MIRKO.POZEN: Répertoire en Cours: D:\kerberos.htx\
[13:05:49] - [17] MIRKO.POZEN: Répertoire en Cours: D:\kerberos.htx\progz\
[13:06:11] - [17] MIRKO.POZEN: Répertoire en Cours: D:\kerberos.htx\progz\tools\
[13:06:22] - [17] MIRKO.POZEN: Répertoire en Cours: D:\kerberos.htx\progz\
[13:06:22] - [17] MIRKO.POZEN: Répertoire en Cours: D:\kerberos.htx\progz\scanner vul\
[13:06:53] - [17] MIRKO.POZEN: Répertoire en Cours: D:\kerberos.htx\
[13:06:53] - [17] MIRKO.POZEN: Répertoire en Cours: D:\kerberos.htx\http2\
[13:06:56] - [17] MIRKO.POZEN: Répertoire en Cours: D:\kerberos.htx\http2\down\
[13:07:01] - [17] MIRKO.POZEN: Répertoire en Cours: D:\kerberos.htx\http2\
[13:07:01] - [17] MIRKO.POZEN: Répertoire en Cours: D:\kerberos.htx\http2\ftpprogz\
[13:07:12] - [17] MIRKO.POZEN: Répertoire en Cours: D:\kerberos.htx\http2\
[13:07:12] - [17] MIRKO.POZEN: Répertoire en Cours: D:\kerberos.htx\http2\pub\
[13:07:17] - [17] MIRKO.POZEN: Répertoire en Cours: D:\kerberos.htx\http2\pub\last.progz\
[13:07:38] - [17] MIRKO.POZEN: Répertoire en Cours: D:\kerberos.htx\http2\
[13:07:38] - [17] MIRKO.POZEN: Répertoire en Cours: D:\kerberos.htx\http2\undo\
[13:07:48] - [17] Client 192.168.0.1 Déconnecté (00:22:40 Min)
[14:58:07] - [20] Connecté à 162.243.136.134. Collecte du Nom d'utilisateur.
[14:58:07] - [20] Client 162.243.136.134 Déconnecté (00:00:00 Min)
[15:27:20] - [21] Connecté à 162.243.137.45. Collecte du Nom d'utilisateur.
[15:27:30] - [21] Client 162.243.137.45 Déconnecté (00:00:09 Min)
[19:30:27] - [22] Connecté à 192.35.168.214. Collecte du Nom d'utilisateur.
[19:30:38] - [22] Client 192.35.168.214 Déconnecté (00:00:10 Min)
[19:31:34] - [23] Connecté à 192.35.169.48. Collecte du Nom d'utilisateur.
[19:31:34] - [23] Client 192.35.169.48 Déconnecté (00:00:00 Min)
[21:02:16] - [24] Connecté à 184.105.247.194. Collecte du Nom d'utilisateur.
[21:02:22] - [24] Client 184.105.247.194 Déconnecté (00:00:02 Min)
