[12:46:41] - Serveur Démarré
[12:46:41] - FTP Port: 21
[13:14:14] - [1] Connecté à 90.48.5.32. Collecte du Nom d'utilisateur.
[13:14:14] - [1] Usager MIRKO.POZEN Connecté IP: 90.48.5.32
[13:14:14] - [1] MIRKO.POZEN: Répertoire en Cours: D:\kerberos.htx\
[13:14:14] - [1] MIRKO.POZEN: Répertoire en Cours: D:\kerberos.htx\
[13:14:49] - [1] Client 90.48.5.32 Déconnecté (00:00:34 Min)
[13:16:12] - [2] Connecté à 192.168.0.1. Collecte du Nom d'utilisateur.
[13:16:13] - [2] Usager MIRKO.POZEN Connecté IP: 192.168.0.1
[13:16:13] - [2] MIRKO.POZEN: Répertoire en Cours: D:\kerberos.htx\
[13:16:13] - [2] MIRKO.POZEN: Répertoire en Cours: D:\kerberos.htx\
[13:16:17] - [2] Client 192.168.0.1 Déconnecté (00:00:04 Min)
[13:18:22] - [3] Connecté à 90.48.5.32. Collecte du Nom d'utilisateur.
[13:18:23] - [3] Usager MIRKO.POZEN Connecté IP: 90.48.5.32
[13:18:23] - [3] MIRKO.POZEN: Répertoire en Cours: D:\kerberos.htx\
[13:18:23] - [3] MIRKO.POZEN: Répertoire en Cours: D:\kerberos.htx\
[13:18:55] - [3] MIRKO.POZEN: Répertoire en Cours: D:\kerberos.htx\
[13:19:09] - [3] MIRKO.POZEN: Répertoire en Cours: D:\kerberos.htx\lore1\
[13:19:11] - [3] MIRKO.POZEN: Répertoire en Cours: D:\kerberos.htx\lore1\morceau ok\
[13:19:18] - [3] MIRKO.POZEN: Répertoire en Cours: D:\kerberos.htx\lore1\
[13:19:18] - [3] MIRKO.POZEN: Répertoire en Cours: D:\kerberos.htx\lore1\lmms\
[13:19:23] - [3] MIRKO.POZEN: Répertoire en Cours: D:\kerberos.htx\lore1\lmms\projects\
[13:19:30] - [3] MIRKO.POZEN: Répertoire en Cours: D:\kerberos.htx\lore1\lmms\projects\morceau ok\
[13:19:58] - [3] MIRKO.POZEN: Répertoire en Cours: D:\kerberos.htx\
[13:19:58] - [3] MIRKO.POZEN: Répertoire en Cours: D:\kerberos.htx\phloren\
[13:20:00] - [3] MIRKO.POZEN: Répertoire en Cours: D:\kerberos.htx\phloren\Downloads\
[13:20:04] - [3] MIRKO.POZEN: Répertoire en Cours: D:\kerberos.htx\phloren\Downloads\Nouveau dossier\
[13:20:14] - [3] MIRKO.POZEN: Répertoire en Cours: D:\kerberos.htx\
[13:20:14] - [3] MIRKO.POZEN: Répertoire en Cours: D:\kerberos.htx\pc dell\
[13:20:28] - [3] MIRKO.POZEN: Répertoire en Cours: D:\kerberos.htx\
[13:20:28] - [3] MIRKO.POZEN: Répertoire en Cours: D:\kerberos.htx\pc loren acer\
[13:20:51] - [3] MIRKO.POZEN: Répertoire en Cours: D:\kerberos.htx\
[13:20:51] - [3] MIRKO.POZEN: Répertoire en Cours: D:\kerberos.htx\to loren\
[13:20:55] - [3] MIRKO.POZEN: Répertoire en Cours: D:\kerberos.htx\to loren\musique loren\
[13:32:41] - [3] MIRKO.POZEN: Répertoire en Cours: D:\kerberos.htx\
[13:32:41] - [3] MIRKO.POZEN: Répertoire en Cours: D:\kerberos.htx\expo.loren\
[13:34:44] - [4] Connecté à 90.48.5.32. Collecte du Nom d'utilisateur.
[13:34:44] - [5] Connecté à 90.48.5.32. Collecte du Nom d'utilisateur.
[13:34:44] - [4] Usager MIRKO.POZEN Connecté IP: 90.48.5.32
[13:34:44] - [4] MIRKO.POZEN: Répertoire en Cours: D:\kerberos.htx\
[13:34:44] - [5] Usager MIRKO.POZEN Connecté IP: 90.48.5.32
[13:34:44] - [5] MIRKO.POZEN: Répertoire en Cours: D:\kerberos.htx\
[13:34:44] - [4] MIRKO.POZEN: Répertoire en Cours: D:\kerberos.htx\to loren\musique loren\
[13:34:44] - [5] MIRKO.POZEN: Répertoire en Cours: D:\kerberos.htx\to loren\musique loren\
[13:34:44] - [4] MIRKO.POZEN: Début du Téléchargement de: D:\kerberos.htx\to loren\musique loren\morceau 1.mmpz
[13:34:44] - [5] MIRKO.POZEN: Début du Téléchargement de: D:\kerberos.htx\to loren\musique loren\morceau 1.mmpz.bak
[13:34:45] - [4] MIRKO.POZEN: Fichier envoyé: D:\kerberos.htx\to loren\musique loren\morceau 1.mmpz (8,19 K/S -   8 382 bytes)
[13:34:45] - [5] MIRKO.POZEN: Fichier envoyé: D:\kerberos.htx\to loren\musique loren\morceau 1.mmpz.bak (8,18 K/S -   8 380 bytes)
[13:34:45] - [4] MIRKO.POZEN: Début du Téléchargement de: D:\kerberos.htx\to loren\musique loren\morceau 1.wav
[13:34:45] - [5] MIRKO.POZEN: Début du Téléchargement de: D:\kerberos.htx\to loren\musique loren\morceau 10.mmpz
[13:34:45] - [5] MIRKO.POZEN: Fichier envoyé: D:\kerberos.htx\to loren\musique loren\morceau 10.mmpz (3,34 K/S -   3 417 bytes)
[13:34:47] - [5] MIRKO.POZEN: Début du Téléchargement de: D:\kerberos.htx\to loren\musique loren\morceau 10.mmpz.bak
[13:34:47] - [5] MIRKO.POZEN: Fichier envoyé: D:\kerberos.htx\to loren\musique loren\morceau 10.mmpz.bak (3,11 K/S -   3 188 bytes)
[13:34:50] - [5] MIRKO.POZEN: Début du Téléchargement de: D:\kerberos.htx\to loren\musique loren\morceau 11.mmpz
[13:34:51] - [5] MIRKO.POZEN: Fichier envoyé: D:\kerberos.htx\to loren\musique loren\morceau 11.mmpz (4,69 K/S -   4 802 bytes)
[13:34:54] - [5] MIRKO.POZEN: Début du Téléchargement de: D:\kerberos.htx\to loren\musique loren\morceau 11.wav
[13:42:43] - [5] MIRKO.POZEN: Fichier envoyé: D:\kerberos.htx\to loren\musique loren\morceau 11.wav (53,23 K/S -  25 565 278 bytes)
[13:42:46] - [5] MIRKO.POZEN: Début du Téléchargement de: D:\kerberos.htx\to loren\musique loren\morceau 12.mmpz
[13:42:46] - [5] MIRKO.POZEN: Fichier envoyé: D:\kerberos.htx\to loren\musique loren\morceau 12.mmpz (3,54 K/S -   3 626 bytes)
[13:42:49] - [5] MIRKO.POZEN: Début du Téléchargement de: D:\kerberos.htx\to loren\musique loren\morceau 12.mmpz.bak
[13:42:49] - [5] MIRKO.POZEN: Fichier envoyé: D:\kerberos.htx\to loren\musique loren\morceau 12.mmpz.bak (3,60 K/S -   3 684 bytes)
[13:42:52] - [5] MIRKO.POZEN: Début du Téléchargement de: D:\kerberos.htx\to loren\musique loren\morceau 2.mmpz
[13:42:52] - [5] MIRKO.POZEN: Fichier envoyé: D:\kerberos.htx\to loren\musique loren\morceau 2.mmpz (3,94 K/S -   4 034 bytes)
[13:42:55] - [5] MIRKO.POZEN: Début du Téléchargement de: D:\kerberos.htx\to loren\musique loren\morceau 2.mmpz.bak
[13:42:56] - [5] MIRKO.POZEN: Fichier envoyé: D:\kerberos.htx\to loren\musique loren\morceau 2.mmpz.bak (3,72 K/S -   3 811 bytes)
[13:42:59] - [5] MIRKO.POZEN: Début du Téléchargement de: D:\kerberos.htx\to loren\musique loren\morceau 2.wav
[13:55:43] - [4] MIRKO.POZEN: Fichier envoyé: D:\kerberos.htx\to loren\musique loren\morceau 1.wav (54,42 K/S -  70 106 206 bytes)
[13:55:46] - [4] MIRKO.POZEN: Début du Téléchargement de: D:\kerberos.htx\to loren\musique loren\morceau 3.mmpz
[13:55:47] - [4] MIRKO.POZEN: Fichier envoyé: D:\kerberos.htx\to loren\musique loren\morceau 3.mmpz (4,11 K/S -   4 206 bytes)
[13:55:49] - [4] MIRKO.POZEN: Début du Téléchargement de: D:\kerberos.htx\to loren\musique loren\morceau 3.mmpz.bak
[13:55:49] - [4] MIRKO.POZEN: Fichier envoyé: D:\kerberos.htx\to loren\musique loren\morceau 3.mmpz.bak (3,94 K/S -   4 038 bytes)
[13:55:52] - [4] MIRKO.POZEN: Début du Téléchargement de: D:\kerberos.htx\to loren\musique loren\morceau 3.wav
[13:59:42] - [5] MIRKO.POZEN: Fichier envoyé: D:\kerberos.htx\to loren\musique loren\morceau 2.wav (53,84 K/S -  55 296 094 bytes)
[13:59:45] - [5] MIRKO.POZEN: Début du Téléchargement de: D:\kerberos.htx\to loren\musique loren\morceau 4.mmpz
[13:59:45] - [5] MIRKO.POZEN: Fichier envoyé: D:\kerberos.htx\to loren\musique loren\morceau 4.mmpz (3,95 K/S -   4 042 bytes)
[13:59:48] - [5] MIRKO.POZEN: Début du Téléchargement de: D:\kerberos.htx\to loren\musique loren\morceau 4.mmpz.bak
[13:59:48] - [5] MIRKO.POZEN: Fichier envoyé: D:\kerberos.htx\to loren\musique loren\morceau 4.mmpz.bak (3,94 K/S -   4 034 bytes)
[13:59:51] - [5] MIRKO.POZEN: Début du Téléchargement de: D:\kerberos.htx\to loren\musique loren\morceau 4.wav
[14:05:02] - [4] MIRKO.POZEN: Fichier envoyé: D:\kerberos.htx\to loren\musique loren\morceau 3.wav (54,14 K/S -  30 439 006 bytes)
[14:05:05] - [4] MIRKO.POZEN: Début du Téléchargement de: D:\kerberos.htx\to loren\musique loren\morceau 5.mmpz
[14:05:05] - [4] MIRKO.POZEN: Fichier envoyé: D:\kerberos.htx\to loren\musique loren\morceau 5.mmpz (3,37 K/S -   3 455 bytes)
[14:05:08] - [4] MIRKO.POZEN: Début du Téléchargement de: D:\kerberos.htx\to loren\musique loren\morceau 5.mmpz.bak
[14:05:08] - [4] MIRKO.POZEN: Fichier envoyé: D:\kerberos.htx\to loren\musique loren\morceau 5.mmpz.bak (2,82 K/S -   2 885 bytes)
[14:05:10] - [4] MIRKO.POZEN: Début du Téléchargement de: D:\kerberos.htx\to loren\musique loren\morceau 5.wav
[14:08:56] - [5] MIRKO.POZEN: Fichier envoyé: D:\kerberos.htx\to loren\musique loren\morceau 4.wav (54,10 K/S -  30 190 174 bytes)
[14:08:59] - [5] MIRKO.POZEN: Début du Téléchargement de: D:\kerberos.htx\to loren\musique loren\morceau 6.mmpz
[14:08:59] - [5] MIRKO.POZEN: Fichier envoyé: D:\kerberos.htx\to loren\musique loren\morceau 6.mmpz (10,46 K/S -   10 706 bytes)
[14:09:03] - [5] MIRKO.POZEN: Début du Téléchargement de: D:\kerberos.htx\to loren\musique loren\morceau 6.mmpz.bak
[14:09:03] - [5] MIRKO.POZEN: Fichier envoyé: D:\kerberos.htx\to loren\musique loren\morceau 6.mmpz.bak (4,85 K/S -   4 966 bytes)
[14:09:06] - [5] MIRKO.POZEN: Début du Téléchargement de: D:\kerberos.htx\to loren\musique loren\morceau 6.wav
[14:13:04] - [4] MIRKO.POZEN: Fichier envoyé: D:\kerberos.htx\to loren\musique loren\morceau 5.wav (54,40 K/S -  26 347 102 bytes)
[14:13:07] - [4] MIRKO.POZEN: Début du Téléchargement de: D:\kerberos.htx\to loren\musique loren\morceau 7.mmpz
[14:13:07] - [4] MIRKO.POZEN: Fichier envoyé: D:\kerberos.htx\to loren\musique loren\morceau 7.mmpz (3,24 K/S -   3 313 bytes)
[14:13:10] - [4] MIRKO.POZEN: Début du Téléchargement de: D:\kerberos.htx\to loren\musique loren\morceau 7.mmpz.bak
[14:13:10] - [4] MIRKO.POZEN: Fichier envoyé: D:\kerberos.htx\to loren\musique loren\morceau 7.mmpz.bak (3,26 K/S -   3 334 bytes)
[14:13:13] - [4] MIRKO.POZEN: Début du Téléchargement de: D:\kerberos.htx\to loren\musique loren\morceau 7.wav
[14:14:09] - [5] MIRKO.POZEN: Fichier envoyé: D:\kerberos.htx\to loren\musique loren\morceau 6.wav (54,89 K/S -  17 029 726 bytes)
[14:14:12] - [5] MIRKO.POZEN: Début du Téléchargement de: D:\kerberos.htx\to loren\musique loren\morceau 8.mmpz
[14:14:12] - [5] MIRKO.POZEN: Fichier envoyé: D:\kerberos.htx\to loren\musique loren\morceau 8.mmpz (4,06 K/S -   4 160 bytes)
[14:14:15] - [5] MIRKO.POZEN: Début du Téléchargement de: D:\kerberos.htx\to loren\musique loren\morceau 8.mmpz.bak
[14:14:15] - [5] MIRKO.POZEN: Fichier envoyé: D:\kerberos.htx\to loren\musique loren\morceau 8.mmpz.bak (3,02 K/S -   3 091 bytes)
[14:14:18] - [5] MIRKO.POZEN: Début du Téléchargement de: D:\kerberos.htx\to loren\musique loren\morceau 9.mmpz
[14:14:18] - [5] MIRKO.POZEN: Fichier envoyé: D:\kerberos.htx\to loren\musique loren\morceau 9.mmpz (4,29 K/S -   4 395 bytes)
[14:14:21] - [5] MIRKO.POZEN: Début du Téléchargement de: D:\kerberos.htx\to loren\musique loren\video 1 .wmv
[14:15:18] - [5] MIRKO.POZEN: Fichier envoyé: D:\kerberos.htx\to loren\musique loren\video 1 .wmv (52,18 K/S -  3 045 853 bytes)
[14:15:50] - [5] Client 90.48.5.32 Déconnecté (00:41:06 Min)
[14:17:43] - [4] MIRKO.POZEN: Fichier envoyé: D:\kerberos.htx\to loren\musique loren\morceau 7.wav (83,43 K/S -  22 981 726 bytes)
[14:18:14] - [4] Client 90.48.5.32 Déconnecté (00:43:30 Min)
[14:35:50] - [3] MIRKO.POZEN: Répertoire en Cours: D:\kerberos.htx\to loren\
[14:35:50] - [3] MIRKO.POZEN: Répertoire en Cours: D:\kerberos.htx\
[14:36:03] - [3] MIRKO.POZEN: Répertoire en Cours: D:\kerberos.htx\
[14:36:03] - [3] MIRKO.POZEN: Nouveau Répertoire: D:\kerberos.htx\CLEF USB MINGO(5)
[14:36:03] - [3] MIRKO.POZEN: Répertoire en Cours: D:\kerberos.htx\
[14:36:03] - [3] MIRKO.POZEN: Nouveau Répertoire: D:\kerberos.htx\CLEF USB MINGO(5)
[14:36:03] - [3] MIRKO.POZEN: Répertoire en Cours: D:\kerberos.htx\CLEF USB MINGO(5)\
[14:36:03] - [3] MIRKO.POZEN: Nouveau Répertoire: D:\kerberos.htx\CLEF USB MINGO(5)\down torrent
[14:36:03] - [6] Connecté à 90.48.5.32. Collecte du Nom d'utilisateur.
[14:36:03] - [7] Connecté à 90.48.5.32. Collecte du Nom d'utilisateur.
[14:36:03] - [3] MIRKO.POZEN: Répertoire en Cours: D:\kerberos.htx\CLEF USB MINGO(5)\
[14:36:03] - [3] MIRKO.POZEN: Nouveau Répertoire: D:\kerberos.htx\CLEF USB MINGO(5)\down torrent
[14:36:03] - [7] Usager MIRKO.POZEN Connecté IP: 90.48.5.32
[14:36:03] - [7] MIRKO.POZEN: Répertoire en Cours: D:\kerberos.htx\
[14:36:04] - [6] Usager MIRKO.POZEN Connecté IP: 90.48.5.32
[14:36:04] - [6] MIRKO.POZEN: Répertoire en Cours: D:\kerberos.htx\
[14:36:04] - [3] MIRKO.POZEN: Répertoire en Cours: D:\kerberos.htx\CLEF USB MINGO(5)\down torrent\
[14:36:04] - [3] MIRKO.POZEN: Nouveau Répertoire: D:\kerberos.htx\CLEF USB MINGO(5)\down torrent\CIV4COMPLETE
[14:36:04] - [3] MIRKO.POZEN: Répertoire en Cours: D:\kerberos.htx\CLEF USB MINGO(5)\down torrent\
[14:36:04] - [7] MIRKO.POZEN: Répertoire en Cours: D:\kerberos.htx\CLEF USB MINGO(5)\
[14:36:04] - [6] MIRKO.POZEN: Répertoire en Cours: D:\kerberos.htx\CLEF USB MINGO(5)\
[14:36:04] - [3] MIRKO.POZEN: Nouveau Répertoire: D:\kerberos.htx\CLEF USB MINGO(5)\down torrent\CIV4COMPLETE
[14:36:04] - [3] MIRKO.POZEN: Répertoire en Cours: D:\kerberos.htx\CLEF USB MINGO(5)\down torrent\
[14:36:04] - [3] MIRKO.POZEN: Nouveau Répertoire: D:\kerberos.htx\CLEF USB MINGO(5)\down torrent\Rise Of The Planet Of The Apes 2011 FRENCH BDRiP XViD-LEGiON
[14:36:04] - [7] MIRKO.POZEN: Début d'Upload de D:\kerberos.htx\CLEF USB MINGO(5)\defasing.txt
[14:36:04] - [3] MIRKO.POZEN: Répertoire en Cours: D:\kerberos.htx\CLEF USB MINGO(5)\down torrent\
[14:36:04] - [6] MIRKO.POZEN: Début d'Upload de D:\kerberos.htx\CLEF USB MINGO(5)\adrsse segondaire orange.txt
[14:36:04] - [7] MIRKO.POZEN: Fichier Upload: D:\kerberos.htx\CLEF USB MINGO(5)\defasing.txt (0,38 K/S -    385 bytes)
[14:36:04] - [3] MIRKO.POZEN: Nouveau Répertoire: D:\kerberos.htx\CLEF USB MINGO(5)\down torrent\Rise Of The Planet Of The Apes 2011 FRENCH BDRiP XViD-LEGiON
[14:36:04] - [6] MIRKO.POZEN: Fichier Upload: D:\kerberos.htx\CLEF USB MINGO(5)\adrsse segondaire orange.txt (0,05 K/S -    55 bytes)
[14:36:04] - [3] MIRKO.POZEN: Répertoire en Cours: D:\kerberos.htx\CLEF USB MINGO(5)\down torrent\
[14:36:04] - [7] MIRKO.POZEN: Répertoire en Cours: D:\kerberos.htx\CLEF USB MINGO(5)\down torrent\CIV4COMPLETE\
[14:36:04] - [3] MIRKO.POZEN: Nouveau Répertoire: D:\kerberos.htx\CLEF USB MINGO(5)\down torrent\windows 7
[14:36:04] - [6] MIRKO.POZEN: Répertoire en Cours: D:\kerberos.htx\CLEF USB MINGO(5)\down torrent\CIV4COMPLETE\
[14:36:04] - [3] MIRKO.POZEN: Répertoire en Cours: D:\kerberos.htx\CLEF USB MINGO(5)\down torrent\
[14:36:04] - [3] MIRKO.POZEN: Nouveau Répertoire: D:\kerberos.htx\CLEF USB MINGO(5)\down torrent\windows 7
[14:36:04] - [3] MIRKO.POZEN: Répertoire en Cours: D:\kerberos.htx\CLEF USB MINGO(5)\down torrent\windows 7\
[14:36:04] - [3] MIRKO.POZEN: Nouveau Répertoire: D:\kerberos.htx\CLEF USB MINGO(5)\down torrent\windows 7\Windows 7 Professional x64 FR Copie originale
[14:36:04] - [3] MIRKO.POZEN: Répertoire en Cours: D:\kerberos.htx\CLEF USB MINGO(5)\down torrent\windows 7\
[14:36:05] - [3] MIRKO.POZEN: Nouveau Répertoire: D:\kerberos.htx\CLEF USB MINGO(5)\down torrent\windows 7\Windows 7 Professional x64 FR Copie originale
[14:36:05] - [3] MIRKO.POZEN: Répertoire en Cours: D:\kerberos.htx\CLEF USB MINGO(5)\down torrent\
[14:36:05] - [3] MIRKO.POZEN: Nouveau Répertoire: D:\kerberos.htx\CLEF USB MINGO(5)\down torrent\Windows 7 Edition Intégrale FR (boite) + crack d'activation
[14:36:05] - [3] MIRKO.POZEN: Répertoire en Cours: D:\kerberos.htx\CLEF USB MINGO(5)\down torrent\
[14:36:05] - [3] MIRKO.POZEN: Nouveau Répertoire: D:\kerberos.htx\CLEF USB MINGO(5)\down torrent\Windows 7 Edition Intégrale FR (boite) + crack d'activation
[14:36:05] - [7] MIRKO.POZEN: Début d'Upload de D:\kerberos.htx\CLEF USB MINGO(5)\down torrent\CIV4COMPLETE\CIV4COMPLETE.iso
[14:36:05] - [3] MIRKO.POZEN: Répertoire en Cours: D:\kerberos.htx\CLEF USB MINGO(5)\down torrent\
[14:36:05] - [3] MIRKO.POZEN: Nouveau Répertoire: D:\kerberos.htx\CLEF USB MINGO(5)\down torrent\[www.Cpasbien.com] Garuda.2004.FRENCH.DVDRip.XviD-SHARiNG
[14:36:05] - [6] MIRKO.POZEN: Début d'Upload de D:\kerberos.htx\CLEF USB MINGO(5)\down torrent\CIV4COMPLETE\SetupVirtualCloneDrive5432.exe
[14:36:05] - [3] MIRKO.POZEN: Répertoire en Cours: D:\kerberos.htx\CLEF USB MINGO(5)\down torrent\
[14:36:05] - [3] MIRKO.POZEN: Nouveau Répertoire: D:\kerberos.htx\CLEF USB MINGO(5)\down torrent\[www.Cpasbien.com] Garuda.2004.FRENCH.DVDRip.XviD-SHARiNG
[14:36:05] - [3] MIRKO.POZEN: Répertoire en Cours: D:\kerberos.htx\CLEF USB MINGO(5)\down torrent\
[14:36:05] - [3] MIRKO.POZEN: Nouveau Répertoire: D:\kerberos.htx\CLEF USB MINGO(5)\down torrent\[www.Cpasbien.com] The.Perfect.Crime.2011.TRUEFRENCH.DVDRip.XviD-UTT
[14:36:05] - [3] MIRKO.POZEN: Répertoire en Cours: D:\kerberos.htx\CLEF USB MINGO(5)\down torrent\
[14:36:05] - [3] MIRKO.POZEN: Nouveau Répertoire: D:\kerberos.htx\CLEF USB MINGO(5)\down torrent\[www.Cpasbien.com] The.Perfect.Crime.2011.TRUEFRENCH.DVDRip.XviD-UTT
[14:36:05] - [3] MIRKO.POZEN: Répertoire en Cours: D:\kerberos.htx\CLEF USB MINGO(5)\down torrent\
[14:36:05] - [3] MIRKO.POZEN: Nouveau Répertoire: D:\kerberos.htx\CLEF USB MINGO(5)\down torrent\[www.Cpasbien.pe] Dawn.of.the.Planet.of.the.Apes.2014.FRENCH.DVDRip.XviD-GLUPS
[14:36:06] - [3] MIRKO.POZEN: Répertoire en Cours: D:\kerberos.htx\CLEF USB MINGO(5)\down torrent\
[14:36:06] - [3] MIRKO.POZEN: Nouveau Répertoire: D:\kerberos.htx\CLEF USB MINGO(5)\down torrent\[www.Cpasbien.pe] Dawn.of.the.Planet.of.the.Apes.2014.FRENCH.DVDRip.XviD-GLUPS
[14:36:06] - [3] MIRKO.POZEN: Répertoire en Cours: D:\kerberos.htx\CLEF USB MINGO(5)\down torrent\
[14:36:06] - [3] MIRKO.POZEN: Nouveau Répertoire: D:\kerberos.htx\CLEF USB MINGO(5)\down torrent\[www.Cpasbien.pe] Le.Dernier.Diamant.2014.FRENCH.DVDRip.XviD-UTT
[14:36:06] - [3] MIRKO.POZEN: Répertoire en Cours: D:\kerberos.htx\CLEF USB MINGO(5)\down torrent\
[14:36:06] - [3] MIRKO.POZEN: Nouveau Répertoire: D:\kerberos.htx\CLEF USB MINGO(5)\down torrent\[www.Cpasbien.pe] Le.Dernier.Diamant.2014.FRENCH.DVDRip.XviD-UTT
[14:36:06] - [3] MIRKO.POZEN: Répertoire en Cours: D:\kerberos.htx\CLEF USB MINGO(5)\
[14:36:06] - [3] MIRKO.POZEN: Nouveau Répertoire: D:\kerberos.htx\CLEF USB MINGO(5)\Nouveau dossier
[14:36:06] - [3] MIRKO.POZEN: Répertoire en Cours: D:\kerberos.htx\CLEF USB MINGO(5)\
[14:36:06] - [3] MIRKO.POZEN: Nouveau Répertoire: D:\kerberos.htx\CLEF USB MINGO(5)\Nouveau dossier
[14:36:06] - [3] MIRKO.POZEN: Répertoire en Cours: D:\kerberos.htx\CLEF USB MINGO(5)\
[14:36:06] - [3] MIRKO.POZEN: Nouveau Répertoire: D:\kerberos.htx\CLEF USB MINGO(5)\password fb
[14:36:06] - [3] MIRKO.POZEN: Répertoire en Cours: D:\kerberos.htx\CLEF USB MINGO(5)\
[14:36:06] - [3] MIRKO.POZEN: Nouveau Répertoire: D:\kerberos.htx\CLEF USB MINGO(5)\password fb
[14:36:06] - [3] MIRKO.POZEN: Répertoire en Cours: D:\kerberos.htx\CLEF USB MINGO(5)\
[14:36:06] - [3] MIRKO.POZEN: Nouveau Répertoire: D:\kerberos.htx\CLEF USB MINGO(5)\save netgear
[14:36:07] - [3] MIRKO.POZEN: Répertoire en Cours: D:\kerberos.htx\CLEF USB MINGO(5)\
[14:36:07] - [3] MIRKO.POZEN: Nouveau Répertoire: D:\kerberos.htx\CLEF USB MINGO(5)\save netgear
[14:36:07] - [3] MIRKO.POZEN: Répertoire en Cours: D:\kerberos.htx\CLEF USB MINGO(5)\
[14:36:07] - [3] MIRKO.POZEN: Nouveau Répertoire: D:\kerberos.htx\CLEF USB MINGO(5)\sintetik vox
[14:36:07] - [3] MIRKO.POZEN: Répertoire en Cours: D:\kerberos.htx\CLEF USB MINGO(5)\
[14:36:07] - [6] MIRKO.POZEN: Fichier Upload: D:\kerberos.htx\CLEF USB MINGO(5)\down torrent\CIV4COMPLETE\SetupVirtualCloneDrive5432.exe (752,00 K/S -  1 540 096 bytes)
[14:36:07] - [3] MIRKO.POZEN: Nouveau Répertoire: D:\kerberos.htx\CLEF USB MINGO(5)\sintetik vox
[14:36:07] - [6] MIRKO.POZEN: Répertoire en Cours: D:\kerberos.htx\CLEF USB MINGO(5)\down torrent\
[14:36:07] - [3] MIRKO.POZEN: Répertoire en Cours: D:\kerberos.htx\CLEF USB MINGO(5)\sintetik vox\
[14:36:07] - [3] MIRKO.POZEN: Nouveau Répertoire: D:\kerberos.htx\CLEF USB MINGO(5)\sintetik vox\DSpeech
[14:36:07] - [3] MIRKO.POZEN: Répertoire en Cours: D:\kerberos.htx\CLEF USB MINGO(5)\sintetik vox\
[14:36:07] - [3] MIRKO.POZEN: Nouveau Répertoire: D:\kerberos.htx\CLEF USB MINGO(5)\sintetik vox\DSpeech
[14:36:07] - [6] MIRKO.POZEN: Début d'Upload de D:\kerberos.htx\CLEF USB MINGO(5)\down torrent\LES CHRONIQUES DE RIDDICK  FR  PAL(director's  cut)AC3.avi
[14:36:07] - [3] MIRKO.POZEN: Répertoire en Cours: D:\kerberos.htx\CLEF USB MINGO(5)\sintetik vox\
[14:36:07] - [3] MIRKO.POZEN: Nouveau Répertoire: D:\kerberos.htx\CLEF USB MINGO(5)\sintetik vox\Nouveau dossier
[14:36:07] - [3] MIRKO.POZEN: Répertoire en Cours: D:\kerberos.htx\CLEF USB MINGO(5)\sintetik vox\
[14:36:08] - [3] MIRKO.POZEN: Nouveau Répertoire: D:\kerberos.htx\CLEF USB MINGO(5)\sintetik vox\Nouveau dossier
[15:07:28] - [8] Connecté à 192.168.0.1. Collecte du Nom d'utilisateur.
[15:07:28] - [8] Usager MIRKO.POZEN Connecté IP: 192.168.0.1
[15:07:28] - [8] MIRKO.POZEN: Répertoire en Cours: D:\kerberos.htx\
[15:07:28] - [8] MIRKO.POZEN: Répertoire en Cours: D:\kerberos.htx\
[15:07:52] - [9] Connecté à 192.168.0.1. Collecte du Nom d'utilisateur.
[15:07:52] - [9] Usager MIRKO.POZEN Connecté IP: 192.168.0.1
[15:07:52] - [9] MIRKO.POZEN: Répertoire en Cours: D:\kerberos.htx\
[15:07:52] - [9] MIRKO.POZEN: Répertoire en Cours: D:\kerberos.htx\
[15:07:52] - [9] MIRKO.POZEN: Début d'Upload de D:\kerberos.htx\Wondershare Filmora 9.5.1.72020.exe
[15:09:25] - [10] Connecté à 192.168.0.1. Collecte du Nom d'utilisateur.
[15:09:26] - [10] Usager MIRKO.POZEN Connecté IP: 192.168.0.1
[15:09:26] - [10] MIRKO.POZEN: Répertoire en Cours: D:\kerberos.htx\
[15:09:26] - [10] MIRKO.POZEN: Répertoire en Cours: D:\kerberos.htx\
[15:09:26] - [10] MIRKO.POZEN: Début d'Upload de D:\kerberos.htx\Filmora9 Fixer Tool.exe
[15:09:35] - [10] MIRKO.POZEN: Fichier Upload: D:\kerberos.htx\Filmora9 Fixer Tool.exe (36,33 K/S -   334 848 bytes)
[15:09:35] - [11] Connecté à 90.48.5.32. Collecte du Nom d'utilisateur.
[15:09:35] - [3] Client 90.48.5.32 Déconnecté (01:51:12 Min)
[15:09:35] - [11] Usager MIRKO.POZEN Connecté IP: 90.48.5.32
[15:09:35] - [11] MIRKO.POZEN: Répertoire en Cours: D:\kerberos.htx\
[15:09:35] - [11] MIRKO.POZEN: Répertoire en Cours: D:\kerberos.htx\
[15:10:06] - [10] Client 192.168.0.1 Déconnecté (00:00:41 Min)
[15:11:04] - [12] Connecté à 192.168.0.1. Collecte du Nom d'utilisateur.
[15:11:05] - [12] Usager MIRKO.POZEN Connecté IP: 192.168.0.1
[15:11:05] - [12] MIRKO.POZEN: Répertoire en Cours: D:\kerberos.htx\
[15:11:05] - [12] MIRKO.POZEN: Répertoire en Cours: D:\kerberos.htx\
[15:11:06] - [12] MIRKO.POZEN: Début d'Upload de D:\kerberos.htx\Wondershare Filmora 9.5.1.72020.rar
[15:11:12] - [9] MIRKO.POZEN: Fichier Upload: D:\kerberos.htx\Wondershare Filmora 9.5.1.72020.exe (1 151,90 K/S -  234 733 568 bytes)
[15:11:43] - [9] Client 192.168.0.1 Déconnecté (00:03:50 Min)
[15:15:33] - [12] MIRKO.POZEN: Fichier Upload: D:\kerberos.htx\Wondershare Filmora 9.5.1.72020.rar (1 193,40 K/S -  326 286 990 bytes)
[15:15:39] - [12] Client 192.168.0.1 Déconnecté (00:04:33 Min)
[15:15:39] - [8] Client 192.168.0.1 Déconnecté (00:08:10 Min)
[15:19:11] - [7] MIRKO.POZEN: Fichier Upload: D:\kerberos.htx\CLEF USB MINGO(5)\down torrent\CIV4COMPLETE\CIV4COMPLETE.iso (747,86 K/S - 1 980 383 232 bytes)
[15:19:11] - [7] Client 90.48.5.32 Déconnecté (00:43:07 Min)
[15:19:11] - [6] MIRKO.POZEN: Fichier Upload: D:\kerberos.htx\CLEF USB MINGO(5)\down torrent\LES CHRONIQUES DE RIDDICK  FR  PAL(director's  cut)AC3.avi (746,83 K/S - 1 975 353 344 bytes)
[15:19:11] - [6] Client 90.48.5.32 Déconnecté (00:43:07 Min)
[15:19:11] - [11] Client 90.48.5.32 Déconnecté (00:09:36 Min)
[15:20:22] - [13] Connecté à 90.48.5.32. Collecte du Nom d'utilisateur.
[15:20:22] - [13] Usager MIRKO.POZEN Connecté IP: 90.48.5.32
[15:20:22] - [13] MIRKO.POZEN: Répertoire en Cours: D:\kerberos.htx\
[15:20:22] - [13] MIRKO.POZEN: Répertoire en Cours: D:\kerberos.htx\
[15:20:33] - [14] Connecté à 90.48.5.32. Collecte du Nom d'utilisateur.
[15:20:33] - [14] Usager MIRKO.POZEN Connecté IP: 90.48.5.32
[15:20:33] - [14] MIRKO.POZEN: Répertoire en Cours: D:\kerberos.htx\
[15:20:33] - [14] MIRKO.POZEN: Répertoire en Cours: D:\kerberos.htx\
[15:20:34] - [14] MIRKO.POZEN: Début du Téléchargement de: D:\kerberos.htx\Wondershare Filmora 9.5.1.72020.rar
[16:10:29] - [14] MIRKO.POZEN: Fichier envoyé: D:\kerberos.htx\Wondershare Filmora 9.5.1.72020.rar (106,36 K/S -  326 286 990 bytes)
[16:10:37] - [14] Client 90.48.5.32 Déconnecté (00:50:04 Min)
[16:10:37] - [13] Client 90.48.5.32 Déconnecté (00:50:15 Min)
[18:58:40] - Serveur Démarré
[18:58:40] - FTP Port: 21
[19:29:42] - [1] Connecté à 192.168.0.1. Collecte du Nom d'utilisateur.
[19:29:42] - [1] Usager MIRKO.POZEN Connecté IP: 192.168.0.1
[19:29:42] - [1] MIRKO.POZEN: Répertoire en Cours: D:\kerberos.htx\
[19:29:43] - [1] MIRKO.POZEN: Répertoire en Cours: D:\kerberos.htx\
[19:30:07] - [1] MIRKO.POZEN: Répertoire en Cours: D:\kerberos.htx\mig thoor\
[19:30:11] - [1] MIRKO.POZEN: Début du Téléchargement de: D:\kerberos.htx\mig thoor\canal blog mig thoor.txt
[19:30:11] - [1] MIRKO.POZEN: Fichier envoyé: D:\kerberos.htx\mig thoor\canal blog mig thoor.txt (0,12 K/S -    121 bytes)
[19:59:16] - [1] MIRKO.POZEN: Répertoire en Cours: D:\kerberos.htx\
[19:59:16] - [1] MIRKO.POZEN: Répertoire en Cours: D:\kerberos.htx\keylooger\
[19:59:17] - [2] Connecté à 192.168.0.1. Collecte du Nom d'utilisateur.
[19:59:17] - [2] Usager MIRKO.POZEN Connecté IP: 192.168.0.1
[19:59:17] - [2] MIRKO.POZEN: Répertoire en Cours: D:\kerberos.htx\
[19:59:17] - [2] MIRKO.POZEN: Répertoire en Cours: D:\kerberos.htx\keylooger\
[19:59:17] - [2] MIRKO.POZEN: Début du Téléchargement de: D:\kerberos.htx\keylooger\rfginst-huq6wyom.zip
[19:59:33] - [2] MIRKO.POZEN: Fichier envoyé: D:\kerberos.htx\keylooger\rfginst-huq6wyom.zip (827,72 K/S -  13 561 358 bytes)
[20:00:04] - [2] Client 192.168.0.1 Déconnecté (00:00:47 Min)
[20:56:59] - [1] Client 192.168.0.1 Déconnecté (01:27:16 Min)
