[18:59:28] - Serveur Démarré
[18:59:28] - FTP Port: 21
[18:59:57] - [1] Connecté à 192.168.0.1. Collecte du Nom d'utilisateur.
[18:59:57] - [1] Usager MIRKO.POZEN Connecté IP: 192.168.0.1
[18:59:57] - [1] MIRKO.POZEN: Répertoire en Cours: D:\kerberos.htx\
[18:59:57] - [1] MIRKO.POZEN: Répertoire en Cours: D:\kerberos.htx\
[19:00:07] - [1] Client 192.168.0.1 Déconnecté (00:00:10 Min)
[19:01:35] - [2] Connecté à 90.48.0.189. Collecte du Nom d'utilisateur.
[19:01:35] - [2] Usager MIRKO.POZEN Connecté IP: 90.48.0.189
[19:01:35] - [2] MIRKO.POZEN: Répertoire en Cours: D:\kerberos.htx\
[19:01:35] - [2] MIRKO.POZEN: Répertoire en Cours: D:\kerberos.htx\
[19:01:49] - [2] MIRKO.POZEN: Répertoire en Cours: D:\kerberos.htx\
[19:01:49] - [2] MIRKO.POZEN: Nouveau Répertoire: D:\kerberos.htx\arbol venancio
[19:01:56] - [2] MIRKO.POZEN: Répertoire en Cours: D:\kerberos.htx\arbol venancio\
[19:02:09] - [2] MIRKO.POZEN: Répertoire en Cours: D:\kerberos.htx\arbol venancio\
[19:02:09] - [2] MIRKO.POZEN: Nouveau Répertoire: D:\kerberos.htx\arbol venancio\100NIKON
[19:02:09] - [2] MIRKO.POZEN: Répertoire en Cours: D:\kerberos.htx\arbol venancio\
[19:02:09] - [3] Connecté à 90.48.0.189. Collecte du Nom d'utilisateur.
[19:02:09] - [4] Connecté à 90.48.0.189. Collecte du Nom d'utilisateur.
[19:02:09] - [4] Client 90.48.0.189 Déconnecté (00:00:00 Min)
[19:02:09] - [2] MIRKO.POZEN: Nouveau Répertoire: D:\kerberos.htx\arbol venancio\100NIKON
[19:02:09] - [2] MIRKO.POZEN: Répertoire en Cours: D:\kerberos.htx\arbol venancio\100NIKON\
[19:02:09] - [3] Usager MIRKO.POZEN Connecté IP: 90.48.0.189
[19:02:09] - [3] MIRKO.POZEN: Répertoire en Cours: D:\kerberos.htx\
[19:02:09] - [3] MIRKO.POZEN: Répertoire en Cours: D:\kerberos.htx\arbol venancio\100NIKON\
[19:02:10] - [2] MIRKO.POZEN: Début d'Upload de D:\kerberos.htx\arbol venancio\100NIKON\DSCN5821.AVI
[19:02:10] - [3] MIRKO.POZEN: Début d'Upload de D:\kerberos.htx\arbol venancio\100NIKON\DSCN5820.AVI
[19:03:26] - [2] MIRKO.POZEN: Fichier Upload: D:\kerberos.htx\arbol venancio\100NIKON\DSCN5821.AVI (727,15 K/S -  56 589 512 bytes)
[19:03:26] - [5] Connecté à 90.48.0.189. Collecte du Nom d'utilisateur.
[19:03:26] - [5] Client 90.48.0.189 Déconnecté (00:00:00 Min)
[19:03:20] - [6] Connecté à 90.48.0.189. Collecte du Nom d'utilisateur.
[19:03:20] - [6] Client 90.48.0.189 Déconnecté (00:00:00 Min)
[19:04:14] - [3] MIRKO.POZEN: Fichier Upload: D:\kerberos.htx\arbol venancio\100NIKON\DSCN5820.AVI (794,21 K/S -  122 803 432 bytes)
[19:04:14] - [3] MIRKO.POZEN: Début d'Upload de D:\kerberos.htx\arbol venancio\100NIKON\DSCN5822.AVI
[19:10:08] - [3] MIRKO.POZEN: Fichier Upload: D:\kerberos.htx\arbol venancio\100NIKON\DSCN5822.AVI (942,67 K/S -  341 712 872 bytes)
[19:10:08] - [3] MIRKO.POZEN: Début d'Upload de D:\kerberos.htx\arbol venancio\100NIKON\DSCN5823.JPG
[19:10:08] - [7] Connecté à 192.168.0.1. Collecte du Nom d'utilisateur.
[19:10:08] - [7] Client 192.168.0.1 Déconnecté (00:00:00 Min)
[19:10:15] - [3] MIRKO.POZEN: Fichier Upload: D:\kerberos.htx\arbol venancio\100NIKON\DSCN5823.JPG (925,23 K/S -  7 579 499 bytes)
[19:10:15] - [3] MIRKO.POZEN: Début d'Upload de D:\kerberos.htx\arbol venancio\100NIKON\DSCN5824.JPG
[19:10:24] - [3] MIRKO.POZEN: Fichier Upload: D:\kerberos.htx\arbol venancio\100NIKON\DSCN5824.JPG (853,40 K/S -  7 864 964 bytes)
[19:10:24] - [3] MIRKO.POZEN: Début d'Upload de D:\kerberos.htx\arbol venancio\100NIKON\DSCN5825.AVI
[19:10:27] - [8] Connecté à 192.168.0.1. Collecte du Nom d'utilisateur.
[19:10:27] - [8] Client 192.168.0.1 Déconnecté (00:00:00 Min)
[19:10:47] - [9] Connecté à 192.168.0.1. Collecte du Nom d'utilisateur.
[19:10:47] - [9] Client 192.168.0.1 Déconnecté (00:00:00 Min)
[19:12:07] - [3] MIRKO.POZEN: Fichier Upload: D:\kerberos.htx\arbol venancio\100NIKON\DSCN5825.AVI (938,10 K/S -  98 943 056 bytes)
[19:12:08] - [3] MIRKO.POZEN: Début d'Upload de D:\kerberos.htx\arbol venancio\100NIKON\DSCN5826.AVI
[19:13:43] - [3] MIRKO.POZEN: Fichier Upload: D:\kerberos.htx\arbol venancio\100NIKON\DSCN5826.AVI (913,54 K/S -  88 869 208 bytes)
[19:13:43] - [3] MIRKO.POZEN: Début d'Upload de D:\kerberos.htx\arbol venancio\100NIKON\DSCN5827.AVI
[19:16:57] - [3] MIRKO.POZEN: Fichier Upload: D:\kerberos.htx\arbol venancio\100NIKON\DSCN5827.AVI (923,79 K/S -  183 516 688 bytes)
[19:16:57] - [3] MIRKO.POZEN: Début d'Upload de D:\kerberos.htx\arbol venancio\100NIKON\DSCN5828.AVI
[19:17:38] - [3] MIRKO.POZEN: Fichier Upload: D:\kerberos.htx\arbol venancio\100NIKON\DSCN5828.AVI (934,94 K/S -  39 252 608 bytes)
[19:17:38] - [3] MIRKO.POZEN: Début d'Upload de D:\kerberos.htx\arbol venancio\100NIKON\DSCN5829.JPG
[19:17:47] - [3] MIRKO.POZEN: Fichier Upload: D:\kerberos.htx\arbol venancio\100NIKON\DSCN5829.JPG (865,70 K/S -  7 091 827 bytes)
[19:17:47] - [3] MIRKO.POZEN: Début d'Upload de D:\kerberos.htx\arbol venancio\100NIKON\DSCN5830.JPG
[19:17:54] - [3] MIRKO.POZEN: Fichier Upload: D:\kerberos.htx\arbol venancio\100NIKON\DSCN5830.JPG (869,32 K/S -  7 121 500 bytes)
[19:17:54] - [3] MIRKO.POZEN: Début d'Upload de D:\kerberos.htx\arbol venancio\100NIKON\DSCN5831.JPG
[19:18:02] - [3] MIRKO.POZEN: Fichier Upload: D:\kerberos.htx\arbol venancio\100NIKON\DSCN5831.JPG (1 027,60 K/S -  7 365 486 bytes)
[19:18:02] - [3] MIRKO.POZEN: Début d'Upload de D:\kerberos.htx\arbol venancio\100NIKON\DSCN5832.AVI
[19:20:01] - [3] MIRKO.POZEN: Fichier Upload: D:\kerberos.htx\arbol venancio\100NIKON\DSCN5832.AVI (942,99 K/S -  114 908 792 bytes)
[19:20:01] - [3] MIRKO.POZEN: Début d'Upload de D:\kerberos.htx\arbol venancio\100NIKON\DSCN5833.AVI
[19:21:48] - [3] MIRKO.POZEN: Fichier Upload: D:\kerberos.htx\arbol venancio\100NIKON\DSCN5833.AVI (963,63 K/S -  104 595 800 bytes)
[19:21:48] - [3] MIRKO.POZEN: Début d'Upload de D:\kerberos.htx\arbol venancio\100NIKON\DSCN5796.AVI
[19:23:34] - [10] Connecté à 192.168.0.1. Collecte du Nom d'utilisateur.
[19:23:34] - [10] Client 192.168.0.1 Déconnecté (00:00:00 Min)
[19:23:42] - [3] MIRKO.POZEN: Fichier Upload: D:\kerberos.htx\arbol venancio\100NIKON\DSCN5796.AVI (931,97 K/S -  108 794 656 bytes)
[19:23:42] - [3] MIRKO.POZEN: Début d'Upload de D:\kerberos.htx\arbol venancio\100NIKON\DSCN5834.AVI
[19:23:51] - [3] MIRKO.POZEN: Fichier Upload: D:\kerberos.htx\arbol venancio\100NIKON\DSCN5834.AVI (927,38 K/S -  9 496 400 bytes)
[19:23:51] - [3] MIRKO.POZEN: Début d'Upload de D:\kerberos.htx\arbol venancio\100NIKON\DSCN5835.AVI
[19:23:53] - [11] Connecté à 192.168.0.1. Collecte du Nom d'utilisateur.
[19:23:53] - [11] Client 192.168.0.1 Déconnecté (00:00:00 Min)
[19:24:14] - [12] Connecté à 192.168.0.1. Collecte du Nom d'utilisateur.
[19:24:14] - [12] Client 192.168.0.1 Déconnecté (00:00:00 Min)
[19:24:36] - [13] Connecté à 192.168.0.1. Collecte du Nom d'utilisateur.
[19:24:36] - [13] Client 192.168.0.1 Déconnecté (00:00:00 Min)
[19:24:56] - [14] Connecté à 192.168.0.1. Collecte du Nom d'utilisateur.
[19:24:56] - [14] Client 192.168.0.1 Déconnecté (00:00:00 Min)
[19:25:17] - [15] Connecté à 192.168.0.1. Collecte du Nom d'utilisateur.
[19:25:17] - [15] Client 192.168.0.1 Déconnecté (00:00:00 Min)
[19:25:28] - [3] MIRKO.POZEN: Fichier Upload: D:\kerberos.htx\arbol venancio\100NIKON\DSCN5835.AVI (915,70 K/S -  90 016 648 bytes)
[19:25:28] - [3] MIRKO.POZEN: Début d'Upload de D:\kerberos.htx\arbol venancio\100NIKON\DSCN5799.JPG
[19:25:35] - [3] MIRKO.POZEN: Fichier Upload: D:\kerberos.htx\arbol venancio\100NIKON\DSCN5799.JPG (936,32 K/S -  6 711 509 bytes)
[19:25:35] - [3] MIRKO.POZEN: Début d'Upload de D:\kerberos.htx\arbol venancio\100NIKON\DSCN5800.JPG
[19:25:39] - [16] Connecté à 192.168.0.1. Collecte du Nom d'utilisateur.
[19:25:39] - [16] Client 192.168.0.1 Déconnecté (00:00:00 Min)
[19:25:44] - [3] MIRKO.POZEN: Fichier Upload: D:\kerberos.htx\arbol venancio\100NIKON\DSCN5800.JPG (844,45 K/S -  7 782 451 bytes)
[19:25:44] - [3] MIRKO.POZEN: Début d'Upload de D:\kerberos.htx\arbol venancio\100NIKON\DSCN5801.JPG
[19:25:51] - [3] MIRKO.POZEN: Fichier Upload: D:\kerberos.htx\arbol venancio\100NIKON\DSCN5801.JPG (951,37 K/S -  6 819 430 bytes)
[19:25:51] - [3] MIRKO.POZEN: Début d'Upload de D:\kerberos.htx\arbol venancio\100NIKON\DSCN5802.JPG
[19:26:00] - [3] MIRKO.POZEN: Fichier Upload: D:\kerberos.htx\arbol venancio\100NIKON\DSCN5802.JPG (769,25 K/S -  7 089 367 bytes)
[19:26:00] - [3] MIRKO.POZEN: Début d'Upload de D:\kerberos.htx\arbol venancio\100NIKON\DSCN5803.JPG
[19:26:00] - [17] Connecté à 192.168.0.1. Collecte du Nom d'utilisateur.
[19:26:00] - [17] Client 192.168.0.1 Déconnecté (00:00:00 Min)
[19:26:06] - [3] MIRKO.POZEN: Fichier Upload: D:\kerberos.htx\arbol venancio\100NIKON\DSCN5803.JPG (939,06 K/S -  6 731 205 bytes)
[19:26:06] - [3] MIRKO.POZEN: Début d'Upload de D:\kerberos.htx\arbol venancio\100NIKON\DSCN5804.JPG
[19:26:14] - [3] MIRKO.POZEN: Fichier Upload: D:\kerberos.htx\arbol venancio\100NIKON\DSCN5804.JPG (914,58 K/S -  7 492 261 bytes)
[19:26:14] - [3] MIRKO.POZEN: Début d'Upload de D:\kerberos.htx\arbol venancio\100NIKON\DSCN5805.JPG
[19:26:20] - [18] Connecté à 192.168.0.1. Collecte du Nom d'utilisateur.
[19:26:20] - [18] Client 192.168.0.1 Déconnecté (00:00:00 Min)
[19:26:21] - [3] MIRKO.POZEN: Fichier Upload: D:\kerberos.htx\arbol venancio\100NIKON\DSCN5805.JPG (991,16 K/S -  7 104 620 bytes)
[19:26:22] - [3] MIRKO.POZEN: Début d'Upload de D:\kerberos.htx\arbol venancio\100NIKON\DSCN5806.JPG
[19:26:29] - [3] MIRKO.POZEN: Fichier Upload: D:\kerberos.htx\arbol venancio\100NIKON\DSCN5806.JPG (813,59 K/S -  6 664 967 bytes)
[19:26:29] - [3] MIRKO.POZEN: Début d'Upload de D:\kerberos.htx\arbol venancio\100NIKON\DSCN5807.JPG
[19:26:38] - [3] MIRKO.POZEN: Fichier Upload: D:\kerberos.htx\arbol venancio\100NIKON\DSCN5807.JPG (851,38 K/S -  6 974 543 bytes)
[19:26:38] - [3] MIRKO.POZEN: Début d'Upload de D:\kerberos.htx\arbol venancio\100NIKON\DSCN5808.AVI
[19:26:41] - [19] Connecté à 192.168.0.1. Collecte du Nom d'utilisateur.
[19:26:41] - [19] Client 192.168.0.1 Déconnecté (00:00:00 Min)
[19:27:03] - [20] Connecté à 192.168.0.1. Collecte du Nom d'utilisateur.
[19:27:03] - [20] Client 192.168.0.1 Déconnecté (00:00:00 Min)
[19:27:23] - [21] Connecté à 192.168.0.1. Collecte du Nom d'utilisateur.
[19:27:23] - [21] Client 192.168.0.1 Déconnecté (00:00:00 Min)
[19:27:44] - [22] Connecté à 192.168.0.1. Collecte du Nom d'utilisateur.
[19:27:45] - [22] Client 192.168.0.1 Déconnecté (00:00:00 Min)
[19:28:06] - [23] Connecté à 192.168.0.1. Collecte du Nom d'utilisateur.
[19:28:06] - [23] Client 192.168.0.1 Déconnecté (00:00:00 Min)
[19:28:27] - [24] Connecté à 192.168.0.1. Collecte du Nom d'utilisateur.
[19:28:27] - [24] Client 192.168.0.1 Déconnecté (00:00:00 Min)
[19:28:47] - [25] Connecté à 192.168.0.1. Collecte du Nom d'utilisateur.
[19:28:47] - [25] Client 192.168.0.1 Déconnecté (00:00:00 Min)
[19:29:08] - [26] Connecté à 192.168.0.1. Collecte du Nom d'utilisateur.
[19:29:08] - [26] Client 192.168.0.1 Déconnecté (00:00:00 Min)
[19:29:30] - [27] Connecté à 192.168.0.1. Collecte du Nom d'utilisateur.
[19:29:30] - [27] Client 192.168.0.1 Déconnecté (00:00:00 Min)
[19:29:50] - [28] Connecté à 192.168.0.1. Collecte du Nom d'utilisateur.
[19:29:50] - [28] Client 192.168.0.1 Déconnecté (00:00:00 Min)
[19:30:11] - [29] Connecté à 192.168.0.1. Collecte du Nom d'utilisateur.
[19:30:11] - [29] Client 192.168.0.1 Déconnecté (00:00:00 Min)
[19:30:33] - [30] Connecté à 192.168.0.1. Collecte du Nom d'utilisateur.
[19:30:33] - [30] Client 192.168.0.1 Déconnecté (00:00:00 Min)
[19:32:23] - [31] Connecté à 192.241.217.15. Collecte du Nom d'utilisateur.
[19:32:23] - [31] Client 192.241.217.15 Déconnecté (00:00:00 Min)
[19:32:56] - [3] MIRKO.POZEN: Fichier Upload: D:\kerberos.htx\arbol venancio\100NIKON\DSCN5808.AVI (949,90 K/S -  368 654 080 bytes)
[19:32:57] - [3] MIRKO.POZEN: Début d'Upload de D:\kerberos.htx\arbol venancio\100NIKON\DSCN5836.AVI
[19:39:52] - [3] MIRKO.POZEN: Fichier Upload: D:\kerberos.htx\arbol venancio\100NIKON\DSCN5836.AVI (961,58 K/S -  408 633 224 bytes)
[19:39:52] - [3] MIRKO.POZEN: Début d'Upload de D:\kerberos.htx\arbol venancio\100NIKON\DSCN5837.AVI
[19:41:12] - [3] MIRKO.POZEN: Fichier Upload: D:\kerberos.htx\arbol venancio\100NIKON\DSCN5837.AVI (958,47 K/S -  78 517 936 bytes)
[19:41:13] - [3] MIRKO.POZEN: Début d'Upload de D:\kerberos.htx\arbol venancio\100NIKON\DSCN5838.AVI
[19:42:30] - [3] MIRKO.POZEN: Fichier Upload: D:\kerberos.htx\arbol venancio\100NIKON\DSCN5838.AVI (953,39 K/S -  75 172 880 bytes)
[19:42:30] - [3] MIRKO.POZEN: Début d'Upload de D:\kerberos.htx\arbol venancio\100NIKON\DSCN5839.JPG
[19:42:37] - [3] MIRKO.POZEN: Fichier Upload: D:\kerberos.htx\arbol venancio\100NIKON\DSCN5839.JPG (1 080,80 K/S -  6 640 388 bytes)
[19:42:38] - [3] MIRKO.POZEN: Début d'Upload de D:\kerberos.htx\arbol venancio\100NIKON\DSCN5840.JPG
[19:42:45] - [3] MIRKO.POZEN: Fichier Upload: D:\kerberos.htx\arbol venancio\100NIKON\DSCN5840.JPG (926,64 K/S -  6 642 129 bytes)
[19:42:46] - [3] MIRKO.POZEN: Début d'Upload de D:\kerberos.htx\arbol venancio\100NIKON\DSCN5841.JPG
[19:42:53] - [3] MIRKO.POZEN: Fichier Upload: D:\kerberos.htx\arbol venancio\100NIKON\DSCN5841.JPG (798,76 K/S -  6 543 409 bytes)
[19:42:54] - [3] MIRKO.POZEN: Début d'Upload de D:\kerberos.htx\arbol venancio\100NIKON\DSCN5842.JPG
[19:43:01] - [3] MIRKO.POZEN: Fichier Upload: D:\kerberos.htx\arbol venancio\100NIKON\DSCN5842.JPG (1 009,60 K/S -  7 236 640 bytes)
[19:43:01] - [3] MIRKO.POZEN: Début d'Upload de D:\kerberos.htx\arbol venancio\100NIKON\DSCN5843.JPG
[19:43:09] - [3] MIRKO.POZEN: Fichier Upload: D:\kerberos.htx\arbol venancio\100NIKON\DSCN5843.JPG (1 002,80 K/S -  7 188 214 bytes)
[19:43:09] - [3] MIRKO.POZEN: Début d'Upload de D:\kerberos.htx\arbol venancio\100NIKON\DSCN5817.AVI
[19:45:41] - [3] MIRKO.POZEN: Fichier Upload: D:\kerberos.htx\arbol venancio\100NIKON\DSCN5817.AVI (943,82 K/S -  146 903 888 bytes)
[19:45:42] - [3] MIRKO.POZEN: Début d'Upload de D:\kerberos.htx\arbol venancio\100NIKON\DSCN5818.AVI
[19:46:10] - [3] MIRKO.POZEN: Fichier Upload: D:\kerberos.htx\arbol venancio\100NIKON\DSCN5818.AVI (1 019,60 K/S -  29 232 800 bytes)
[19:46:10] - [3] MIRKO.POZEN: Début d'Upload de D:\kerberos.htx\arbol venancio\100NIKON\DSCN5819.AVI
[19:48:35] - [3] MIRKO.POZEN: Fichier Upload: D:\kerberos.htx\arbol venancio\100NIKON\DSCN5819.AVI (977,97 K/S -  146 209 992 bytes)
[19:48:36] - [3] MIRKO.POZEN: Début d'Upload de D:\kerberos.htx\arbol venancio\100NIKON\DSCN5844.JPG
[19:48:43] - [3] MIRKO.POZEN: Fichier Upload: D:\kerberos.htx\arbol venancio\100NIKON\DSCN5844.JPG (1 020,60 K/S -  7 315 530 bytes)
[19:48:44] - [3] MIRKO.POZEN: Début d'Upload de D:\kerberos.htx\arbol venancio\100NIKON\DSCN5845.JPG
[19:48:51] - [3] MIRKO.POZEN: Fichier Upload: D:\kerberos.htx\arbol venancio\100NIKON\DSCN5845.JPG (964,62 K/S -  6 914 374 bytes)
[19:48:51] - [3] MIRKO.POZEN: Début d'Upload de D:\kerberos.htx\arbol venancio\100NIKON\DSCN5846.JPG
[19:48:58] - [3] MIRKO.POZEN: Fichier Upload: D:\kerberos.htx\arbol venancio\100NIKON\DSCN5846.JPG (1 009,50 K/S -  7 235 831 bytes)
[19:48:59] - [3] MIRKO.POZEN: Début d'Upload de D:\kerberos.htx\arbol venancio\100NIKON\DSCN5847.JPG
[19:49:07] - [3] MIRKO.POZEN: Fichier Upload: D:\kerberos.htx\arbol venancio\100NIKON\DSCN5847.JPG (918,57 K/S -  7 524 944 bytes)
[19:49:08] - [3] MIRKO.POZEN: Début d'Upload de D:\kerberos.htx\arbol venancio\100NIKON\DSCN5848.JPG
[19:49:15] - [3] MIRKO.POZEN: Fichier Upload: D:\kerberos.htx\arbol venancio\100NIKON\DSCN5848.JPG (1 031,30 K/S -  7 392 137 bytes)
[19:49:15] - [3] MIRKO.POZEN: Début d'Upload de D:\kerberos.htx\arbol venancio\100NIKON\DSCN5849.JPG
[19:49:23] - [3] MIRKO.POZEN: Fichier Upload: D:\kerberos.htx\arbol venancio\100NIKON\DSCN5849.JPG (1 019,70 K/S -  7 309 456 bytes)
[19:49:23] - [3] MIRKO.POZEN: Début d'Upload de D:\kerberos.htx\arbol venancio\100NIKON\DSCN5850.AVI
[19:51:26] - [3] MIRKO.POZEN: Fichier Upload: D:\kerberos.htx\arbol venancio\100NIKON\DSCN5850.AVI (910,73 K/S -  115 640 264 bytes)
[19:51:57] - [3] Client 90.48.0.189 Déconnecté (00:50:14 Min)
[19:52:41] - [2] Client 90.48.0.189 Déconnecté (00:51:33 Min)
[19:53:39] - [32] Connecté à 192.168.0.1. Collecte du Nom d'utilisateur.
[19:53:39] - [32] Usager MIRKO.POZEN Connecté IP: 192.168.0.1
[19:53:39] - [32] MIRKO.POZEN: Répertoire en Cours: D:\kerberos.htx\
[19:53:39] - [32] MIRKO.POZEN: Répertoire en Cours: D:\kerberos.htx\
[19:54:14] - [32] MIRKO.POZEN: Répertoire en Cours: D:\kerberos.htx\arbol venancio\
[19:54:14] - [32] MIRKO.POZEN: Répertoire en Cours: D:\kerberos.htx\arbol venancio\100NIKON\
[19:54:15] - [33] Connecté à 192.168.0.1. Collecte du Nom d'utilisateur.
[19:54:15] - [34] Connecté à 192.168.0.1. Collecte du Nom d'utilisateur.
[19:54:15] - [34] Client 192.168.0.1 Déconnecté (00:00:00 Min)
[19:54:15] - [33] Usager MIRKO.POZEN Connecté IP: 192.168.0.1
[19:54:15] - [33] MIRKO.POZEN: Répertoire en Cours: D:\kerberos.htx\
[19:54:15] - [33] MIRKO.POZEN: Répertoire en Cours: D:\kerberos.htx\arbol venancio\100NIKON\
[19:54:15] - [32] MIRKO.POZEN: Début du Téléchargement de: D:\kerberos.htx\arbol venancio\100NIKON\DSCN5799.JPG
[19:54:15] - [33] MIRKO.POZEN: Début du Téléchargement de: D:\kerberos.htx\arbol venancio\100NIKON\DSCN5796.AVI
[19:54:30] - [32] MIRKO.POZEN: Fichier envoyé: D:\kerberos.htx\arbol venancio\100NIKON\DSCN5799.JPG (409,64 K/S -  6 711 509 bytes)
[19:54:36] - [35] Connecté à 192.168.0.1. Collecte du Nom d'utilisateur.
[19:54:36] - [35] Client 192.168.0.1 Déconnecté (00:00:00 Min)
[19:54:57] - [36] Connecté à 192.168.0.1. Collecte du Nom d'utilisateur.
[19:54:57] - [36] Client 192.168.0.1 Déconnecté (00:00:00 Min)
[19:55:18] - [33] MIRKO.POZEN: Fichier envoyé: D:\kerberos.htx\arbol venancio\100NIKON\DSCN5796.AVI (1 660,07 K/S -  108 794 656 bytes)
[19:55:19] - [33] MIRKO.POZEN: Début du Téléchargement de: D:\kerberos.htx\arbol venancio\100NIKON\DSCN5800.JPG
[19:55:30] - [33] MIRKO.POZEN: Fichier envoyé: D:\kerberos.htx\arbol venancio\100NIKON\DSCN5800.JPG (690,91 K/S -  7 782 451 bytes)
[19:55:30] - [33] MIRKO.POZEN: Début du Téléchargement de: D:\kerberos.htx\arbol venancio\100NIKON\DSCN5801.JPG
[19:55:40] - [33] MIRKO.POZEN: Fichier envoyé: D:\kerberos.htx\arbol venancio\100NIKON\DSCN5801.JPG (665,96 K/S -  6 819 430 bytes)
[19:55:40] - [33] MIRKO.POZEN: Début du Téléchargement de: D:\kerberos.htx\arbol venancio\100NIKON\DSCN5802.JPG
[19:55:49] - [33] MIRKO.POZEN: Fichier envoyé: D:\kerberos.htx\arbol venancio\100NIKON\DSCN5802.JPG (692,32 K/S -  7 089 367 bytes)
[19:55:49] - [33] MIRKO.POZEN: Début du Téléchargement de: D:\kerberos.htx\arbol venancio\100NIKON\DSCN5803.JPG
[19:55:59] - [33] MIRKO.POZEN: Fichier envoyé: D:\kerberos.htx\arbol venancio\100NIKON\DSCN5803.JPG (730,38 K/S -  6 731 205 bytes)
[19:55:59] - [33] MIRKO.POZEN: Début du Téléchargement de: D:\kerberos.htx\arbol venancio\100NIKON\DSCN5804.JPG
[19:56:09] - [33] MIRKO.POZEN: Fichier envoyé: D:\kerberos.htx\arbol venancio\100NIKON\DSCN5804.JPG (731,67 K/S -  7 492 261 bytes)
[19:56:09] - [33] MIRKO.POZEN: Début du Téléchargement de: D:\kerberos.htx\arbol venancio\100NIKON\DSCN5805.JPG
[19:56:20] - [33] MIRKO.POZEN: Fichier envoyé: D:\kerberos.htx\arbol venancio\100NIKON\DSCN5805.JPG (693,81 K/S -  7 104 620 bytes)
[19:56:20] - [33] MIRKO.POZEN: Début du Téléchargement de: D:\kerberos.htx\arbol venancio\100NIKON\DSCN5806.JPG
[19:56:29] - [33] MIRKO.POZEN: Fichier envoyé: D:\kerberos.htx\arbol venancio\100NIKON\DSCN5806.JPG (723,20 K/S -  6 664 967 bytes)
[19:56:29] - [33] MIRKO.POZEN: Début du Téléchargement de: D:\kerberos.htx\arbol venancio\100NIKON\DSCN5807.JPG
[19:56:39] - [33] MIRKO.POZEN: Fichier envoyé: D:\kerberos.htx\arbol venancio\100NIKON\DSCN5807.JPG (681,11 K/S -  6 974 543 bytes)
[19:56:39] - [33] MIRKO.POZEN: Début du Téléchargement de: D:\kerberos.htx\arbol venancio\100NIKON\DSCN5823.JPG
[19:56:49] - [33] MIRKO.POZEN: Fichier envoyé: D:\kerberos.htx\arbol venancio\100NIKON\DSCN5823.JPG (672,90 K/S -  7 579 499 bytes)
[19:56:50] - [33] MIRKO.POZEN: Début du Téléchargement de: D:\kerberos.htx\arbol venancio\100NIKON\DSCN5824.JPG
[19:57:00] - [33] MIRKO.POZEN: Fichier envoyé: D:\kerberos.htx\arbol venancio\100NIKON\DSCN5824.JPG (698,24 K/S -  7 864 964 bytes)
[19:57:00] - [33] MIRKO.POZEN: Début du Téléchargement de: D:\kerberos.htx\arbol venancio\100NIKON\DSCN5829.JPG
[19:57:10] - [33] MIRKO.POZEN: Fichier envoyé: D:\kerberos.htx\arbol venancio\100NIKON\DSCN5829.JPG (692,56 K/S -  7 091 827 bytes)
[19:57:10] - [33] MIRKO.POZEN: Début du Téléchargement de: D:\kerberos.htx\arbol venancio\100NIKON\DSCN5830.JPG
[19:57:20] - [33] MIRKO.POZEN: Fichier envoyé: D:\kerberos.htx\arbol venancio\100NIKON\DSCN5830.JPG (695,46 K/S -  7 121 500 bytes)
[19:57:20] - [33] MIRKO.POZEN: Début du Téléchargement de: D:\kerberos.htx\arbol venancio\100NIKON\DSCN5831.JPG
[19:57:30] - [33] MIRKO.POZEN: Fichier envoyé: D:\kerberos.htx\arbol venancio\100NIKON\DSCN5831.JPG (719,29 K/S -  7 365 486 bytes)
[19:57:30] - [33] MIRKO.POZEN: Début du Téléchargement de: D:\kerberos.htx\arbol venancio\100NIKON\DSCN5839.JPG
[19:57:40] - [33] MIRKO.POZEN: Fichier envoyé: D:\kerberos.htx\arbol venancio\100NIKON\DSCN5839.JPG (720,53 K/S -  6 640 388 bytes)
[19:57:40] - [33] MIRKO.POZEN: Début du Téléchargement de: D:\kerberos.htx\arbol venancio\100NIKON\DSCN5840.JPG
[19:57:49] - [33] MIRKO.POZEN: Fichier envoyé: D:\kerberos.htx\arbol venancio\100NIKON\DSCN5840.JPG (648,65 K/S -  6 642 129 bytes)
[19:57:49] - [33] MIRKO.POZEN: Début du Téléchargement de: D:\kerberos.htx\arbol venancio\100NIKON\DSCN5841.JPG
[19:57:59] - [33] MIRKO.POZEN: Fichier envoyé: D:\kerberos.htx\arbol venancio\100NIKON\DSCN5841.JPG (710,01 K/S -  6 543 409 bytes)
[19:57:59] - [33] MIRKO.POZEN: Début du Téléchargement de: D:\kerberos.htx\arbol venancio\100NIKON\DSCN5842.JPG
[19:58:09] - [33] MIRKO.POZEN: Fichier envoyé: D:\kerberos.htx\arbol venancio\100NIKON\DSCN5842.JPG (706,70 K/S -  7 236 640 bytes)
[19:58:09] - [33] MIRKO.POZEN: Début du Téléchargement de: D:\kerberos.htx\arbol venancio\100NIKON\DSCN5843.JPG
[19:58:19] - [33] MIRKO.POZEN: Fichier envoyé: D:\kerberos.htx\arbol venancio\100NIKON\DSCN5843.JPG (701,97 K/S -  7 188 214 bytes)
[19:58:19] - [33] MIRKO.POZEN: Début du Téléchargement de: D:\kerberos.htx\arbol venancio\100NIKON\DSCN5844.JPG
[19:58:29] - [33] MIRKO.POZEN: Fichier envoyé: D:\kerberos.htx\arbol venancio\100NIKON\DSCN5844.JPG (793,79 K/S -  7 315 530 bytes)
[19:58:29] - [33] MIRKO.POZEN: Début du Téléchargement de: D:\kerberos.htx\arbol venancio\100NIKON\DSCN5845.JPG
[19:58:39] - [33] MIRKO.POZEN: Fichier envoyé: D:\kerberos.htx\arbol venancio\100NIKON\DSCN5845.JPG (675,23 K/S -  6 914 374 bytes)
[19:58:39] - [33] MIRKO.POZEN: Début du Téléchargement de: D:\kerberos.htx\arbol venancio\100NIKON\DSCN5846.JPG
[19:58:49] - [33] MIRKO.POZEN: Fichier envoyé: D:\kerberos.htx\arbol venancio\100NIKON\DSCN5846.JPG (642,39 K/S -  7 235 831 bytes)
[19:58:49] - [33] MIRKO.POZEN: Début du Téléchargement de: D:\kerberos.htx\arbol venancio\100NIKON\DSCN5847.JPG
[19:59:00] - [33] MIRKO.POZEN: Fichier envoyé: D:\kerberos.htx\arbol venancio\100NIKON\DSCN5847.JPG (734,86 K/S -  7 524 944 bytes)
[19:59:00] - [33] MIRKO.POZEN: Début du Téléchargement de: D:\kerberos.htx\arbol venancio\100NIKON\DSCN5848.JPG
[19:59:10] - [33] MIRKO.POZEN: Fichier envoyé: D:\kerberos.htx\arbol venancio\100NIKON\DSCN5848.JPG (656,26 K/S -  7 392 137 bytes)
[19:59:10] - [33] MIRKO.POZEN: Début du Téléchargement de: D:\kerberos.htx\arbol venancio\100NIKON\DSCN5849.JPG
[19:59:21] - [33] MIRKO.POZEN: Fichier envoyé: D:\kerberos.htx\arbol venancio\100NIKON\DSCN5849.JPG (713,81 K/S -  7 309 456 bytes)
[19:59:52] - [33] Client 192.168.0.1 Déconnecté (00:05:37 Min)
[20:07:13] - [32] Client 192.168.0.1 Déconnecté (00:13:34 Min)
