[13:43:12] - Serveur Démarré
[13:43:12] - FTP Port: 21
[14:28:09] - Serveur Démarré
[14:28:09] - FTP Port: 21
[17:04:27] - [1] Connecté à 192.168.0.1. Collecte du Nom d'utilisateur.
[17:04:27] - [1] Usager MIRKO.POZEN Connecté IP: 192.168.0.1
[17:04:27] - [1] MIRKO.POZEN: Répertoire en Cours: E:\kerberos.htx\
[17:04:27] - [1] MIRKO.POZEN: Répertoire en Cours: E:\kerberos.htx\
[17:04:38] - [1] MIRKO.POZEN: Répertoire en Cours: E:\kerberos.htx\
[17:04:38] - [1] MIRKO.POZEN: Nouveau Répertoire: E:\kerberos.htx\hacked
[17:05:17] - [1] MIRKO.POZEN: Répertoire en Cours: E:\kerberos.htx\hacked\
[17:05:20] - [2] Connecté à 192.168.0.1. Collecte du Nom d'utilisateur.
[17:05:20] - [3] Connecté à 192.168.0.1. Collecte du Nom d'utilisateur.
[17:05:20] - [2] Usager MIRKO.POZEN Connecté IP: 192.168.0.1
[17:05:20] - [2] MIRKO.POZEN: Répertoire en Cours: E:\kerberos.htx\
[17:05:20] - [3] Usager MIRKO.POZEN Connecté IP: 192.168.0.1
[17:05:20] - [3] MIRKO.POZEN: Répertoire en Cours: E:\kerberos.htx\
[17:05:20] - [2] MIRKO.POZEN: Répertoire en Cours: E:\kerberos.htx\hacked\
[17:05:20] - [3] MIRKO.POZEN: Répertoire en Cours: E:\kerberos.htx\hacked\
[17:05:20] - [2] MIRKO.POZEN: Début d'Upload de E:\kerberos.htx\hacked\Recording.avi
[17:05:20] - [3] MIRKO.POZEN: Début d'Upload de E:\kerberos.htx\hacked\Recording.flv59temp44.avi
[17:09:08] - [3] MIRKO.POZEN: Fichier Upload: E:\kerberos.htx\hacked\Recording.flv59temp44.avi (841,39 K/S -  195 579 904 bytes)
[17:09:08] - [3] MIRKO.POZEN: Début d'Upload de E:\kerberos.htx\hacked\Recording_thumb.jpg
[17:09:08] - [3] MIRKO.POZEN: Fichier Upload: E:\kerberos.htx\hacked\Recording_thumb.jpg (2,14 K/S -   2 191 bytes)
[17:09:39] - [3] Client 192.168.0.1 Déconnecté (00:04:19 Min)
[17:27:47] - [4] Connecté à 192.168.0.1. Collecte du Nom d'utilisateur.
[17:27:47] - [4] Usager MIRKO.POZEN Connecté IP: 192.168.0.1
[17:27:47] - [4] MIRKO.POZEN: Répertoire en Cours: E:\kerberos.htx\
[17:27:48] - [4] MIRKO.POZEN: Répertoire en Cours: E:\kerberos.htx\
[17:27:59] - [4] MIRKO.POZEN: Répertoire en Cours: E:\kerberos.htx\hacked\
[17:28:08] - [5] Connecté à 192.168.0.1. Collecte du Nom d'utilisateur.
[17:28:08] - [5] Usager MIRKO.POZEN Connecté IP: 192.168.0.1
[17:28:08] - [5] MIRKO.POZEN: Répertoire en Cours: E:\kerberos.htx\
[17:28:08] - [5] MIRKO.POZEN: Répertoire en Cours: E:\kerberos.htx\hacked\
[17:28:08] - [5] MIRKO.POZEN: Début du Téléchargement de: E:\kerberos.htx\hacked\Recording.avi
[17:28:08] - [5] MIRKO.POZEN: Echec de l'envoie du Fichier: E:\kerberos.htx\hacked\Recording.avi (960,00 K/S -   983 040 bytes)
[17:28:08] - [5] MIRKO.POZEN: Début du Téléchargement de: E:\kerberos.htx\hacked\Recording.avi
[17:28:08] - [5] MIRKO.POZEN: Echec de l'envoie du Fichier: E:\kerberos.htx\hacked\Recording.avi (960,00 K/S -   983 040 bytes)
[17:28:09] - [5] MIRKO.POZEN: Début du Téléchargement de: E:\kerberos.htx\hacked\Recording.avi
[17:28:09] - [5] MIRKO.POZEN: Echec de l'envoie du Fichier: E:\kerberos.htx\hacked\Recording.avi (960,00 K/S -   983 040 bytes)
[17:28:09] - [5] MIRKO.POZEN: Début du Téléchargement de: E:\kerberos.htx\hacked\Recording.avi
[17:28:09] - [5] MIRKO.POZEN: Echec de l'envoie du Fichier: E:\kerberos.htx\hacked\Recording.avi (960,00 K/S -   983 040 bytes)
[17:28:09] - [5] MIRKO.POZEN: Début du Téléchargement de: E:\kerberos.htx\hacked\Recording.avi
[17:28:09] - [5] MIRKO.POZEN: Echec de l'envoie du Fichier: E:\kerberos.htx\hacked\Recording.avi (960,00 K/S -   983 040 bytes)
[17:28:09] - [5] MIRKO.POZEN: Début du Téléchargement de: E:\kerberos.htx\hacked\Recording.avi
[17:28:09] - [5] MIRKO.POZEN: Echec de l'envoie du Fichier: E:\kerberos.htx\hacked\Recording.avi (960,00 K/S -   983 040 bytes)
[17:28:09] - [5] MIRKO.POZEN: Début du Téléchargement de: E:\kerberos.htx\hacked\Recording.avi
[17:28:09] - [5] MIRKO.POZEN: Echec de l'envoie du Fichier: E:\kerberos.htx\hacked\Recording.avi (960,00 K/S -   983 040 bytes)
[17:28:09] - [5] MIRKO.POZEN: Début du Téléchargement de: E:\kerberos.htx\hacked\Recording.avi
[17:28:09] - [5] MIRKO.POZEN: Echec de l'envoie du Fichier: E:\kerberos.htx\hacked\Recording.avi (960,00 K/S -   983 040 bytes)
[17:28:09] - [5] MIRKO.POZEN: Début du Téléchargement de: E:\kerberos.htx\hacked\Recording.avi
[17:28:09] - [5] MIRKO.POZEN: Echec de l'envoie du Fichier: E:\kerberos.htx\hacked\Recording.avi (960,00 K/S -   983 040 bytes)
[17:28:09] - [5] MIRKO.POZEN: Début du Téléchargement de: E:\kerberos.htx\hacked\Recording.avi
[17:28:09] - [5] MIRKO.POZEN: Echec de l'envoie du Fichier: E:\kerberos.htx\hacked\Recording.avi (960,00 K/S -   983 040 bytes)
[17:28:09] - [5] MIRKO.POZEN: Début du Téléchargement de: E:\kerberos.htx\hacked\Recording.avi
[17:28:09] - [5] MIRKO.POZEN: Echec de l'envoie du Fichier: E:\kerberos.htx\hacked\Recording.avi (960,00 K/S -   983 040 bytes)
[17:28:10] - [5] MIRKO.POZEN: Début du Téléchargement de: E:\kerberos.htx\hacked\Recording.avi
[17:28:10] - [5] MIRKO.POZEN: Echec de l'envoie du Fichier: E:\kerberos.htx\hacked\Recording.avi (960,00 K/S -   983 040 bytes)
[17:28:10] - [5] MIRKO.POZEN: Début du Téléchargement de: E:\kerberos.htx\hacked\Recording.avi
[17:28:10] - [5] MIRKO.POZEN: Echec de l'envoie du Fichier: E:\kerberos.htx\hacked\Recording.avi (960,00 K/S -   983 040 bytes)
[17:28:10] - [5] MIRKO.POZEN: Début du Téléchargement de: E:\kerberos.htx\hacked\Recording.avi
[17:28:10] - [5] MIRKO.POZEN: Echec de l'envoie du Fichier: E:\kerberos.htx\hacked\Recording.avi (960,00 K/S -   983 040 bytes)
[17:28:10] - [5] MIRKO.POZEN: Début du Téléchargement de: E:\kerberos.htx\hacked\Recording.avi
[17:28:10] - [5] MIRKO.POZEN: Echec de l'envoie du Fichier: E:\kerberos.htx\hacked\Recording.avi (960,00 K/S -   983 040 bytes)
[17:28:10] - [5] MIRKO.POZEN: Début du Téléchargement de: E:\kerberos.htx\hacked\Recording.avi
[17:28:10] - [5] MIRKO.POZEN: Echec de l'envoie du Fichier: E:\kerberos.htx\hacked\Recording.avi (960,00 K/S -   983 040 bytes)
[17:28:10] - [5] MIRKO.POZEN: Début du Téléchargement de: E:\kerberos.htx\hacked\Recording.avi
[17:28:10] - [5] MIRKO.POZEN: Echec de l'envoie du Fichier: E:\kerberos.htx\hacked\Recording.avi (960,00 K/S -   983 040 bytes)
[17:28:10] - [5] MIRKO.POZEN: Début du Téléchargement de: E:\kerberos.htx\hacked\Recording.avi
[17:28:10] - [5] MIRKO.POZEN: Echec de l'envoie du Fichier: E:\kerberos.htx\hacked\Recording.avi (960,00 K/S -   983 040 bytes)
[17:28:10] - [5] MIRKO.POZEN: Début du Téléchargement de: E:\kerberos.htx\hacked\Recording.avi
[17:28:10] - [5] MIRKO.POZEN: Echec de l'envoie du Fichier: E:\kerberos.htx\hacked\Recording.avi (960,00 K/S -   983 040 bytes)
[17:28:11] - [5] MIRKO.POZEN: Début du Téléchargement de: E:\kerberos.htx\hacked\Recording.avi
[17:28:11] - [5] MIRKO.POZEN: Echec de l'envoie du Fichier: E:\kerberos.htx\hacked\Recording.avi (960,00 K/S -   983 040 bytes)
[17:28:21] - [5] MIRKO.POZEN: Début du Téléchargement de: E:\kerberos.htx\hacked\Recording.flv59temp44.avi
[17:39:24] - [5] MIRKO.POZEN: Fichier envoyé: E:\kerberos.htx\hacked\Recording.flv59temp44.avi (288,08 K/S -  195 579 904 bytes)
[17:39:55] - [5] Client 192.168.0.1 Déconnecté (00:11:47 Min)
[17:40:49] - [2] MIRKO.POZEN: Fichier Upload: E:\kerberos.htx\hacked\Recording.avi (-586,85 K/S - -1 278 787 584 bytes)
[17:41:07] - [6] Connecté à 192.168.0.1. Collecte du Nom d'utilisateur.
[17:41:07] - [6] Usager MIRKO.POZEN Connecté IP: 192.168.0.1
[17:41:07] - [6] MIRKO.POZEN: Répertoire en Cours: E:\kerberos.htx\
[17:41:07] - [6] MIRKO.POZEN: Répertoire en Cours: E:\kerberos.htx\hacked\
[17:41:15] - [6] Client 192.168.0.1 Déconnecté (00:00:08 Min)
[17:41:16] - [4] Client 192.168.0.1 Déconnecté (00:13:28 Min)
[17:41:20] - [2] Client 192.168.0.1 Déconnecté (00:35:59 Min)
[17:45:40] - [7] Connecté à 192.168.0.1. Collecte du Nom d'utilisateur.
[17:45:40] - [7] Usager MIRKO.POZEN Connecté IP: 192.168.0.1
[17:45:40] - [7] MIRKO.POZEN: Répertoire en Cours: E:\kerberos.htx\
[17:45:40] - [7] MIRKO.POZEN: Répertoire en Cours: E:\kerberos.htx\hacked\
[17:45:40] - [7] MIRKO.POZEN: Début d'Upload de E:\kerberos.htx\hacked\Recording.avi
[17:55:52] - [7] MIRKO.POZEN: Fichier Upload: E:\kerberos.htx\hacked\Recording.avi (991,74 K/S -  620 494 848 bytes)
[17:55:54] - [7] Client 192.168.0.1 Déconnecté (00:10:14 Min)
[17:55:54] - [1] Client 192.168.0.1 Déconnecté (00:51:27 Min)
