[18:52:05] - Serveur Démarré
[18:52:05] - FTP Port: 21
[19:01:49] - [1] Connecté à 192.168.0.1. Collecte du Nom d'utilisateur.
[19:01:49] - [1] Usager MIRKO.POZEN Connecté IP: 192.168.0.1
[19:01:49] - [1] MIRKO.POZEN: Répertoire en Cours: D:\kerberos.htx\
[19:01:49] - [1] MIRKO.POZEN: Répertoire en Cours: D:\kerberos.htx\
[19:02:31] - [1] MIRKO.POZEN: Répertoire en Cours: D:\kerberos.htx\last films\
[19:02:51] - [1] MIRKO.POZEN: Répertoire en Cours: D:\kerberos.htx\
[19:02:51] - [1] MIRKO.POZEN: Répertoire en Cours: D:\kerberos.htx\videos.fb\
[19:02:51] - [2] Connecté à 192.168.0.1. Collecte du Nom d'utilisateur.
[19:02:51] - [3] Connecté à 192.168.0.1. Collecte du Nom d'utilisateur.
[19:02:51] - [2] Usager MIRKO.POZEN Connecté IP: 192.168.0.1
[19:02:51] - [2] MIRKO.POZEN: Répertoire en Cours: D:\kerberos.htx\
[19:02:51] - [3] Usager MIRKO.POZEN Connecté IP: 192.168.0.1
[19:02:51] - [3] MIRKO.POZEN: Répertoire en Cours: D:\kerberos.htx\
[19:02:51] - [2] MIRKO.POZEN: Répertoire en Cours: D:\kerberos.htx\videos.fb\
[19:02:52] - [3] MIRKO.POZEN: Répertoire en Cours: D:\kerberos.htx\videos.fb\
[19:02:52] - [2] MIRKO.POZEN: Début du Téléchargement de: D:\kerberos.htx\videos.fb\10000000_276667463036262_1258258901845934080_n.mp4
[19:02:52] - [3] MIRKO.POZEN: Début du Téléchargement de: D:\kerberos.htx\videos.fb\10000000_317120572468254_470637903500804096_n.mp4
[19:03:24] - [2] MIRKO.POZEN: Fichier envoyé: D:\kerberos.htx\videos.fb\10000000_276667463036262_1258258901845934080_n.mp4 (369,76 K/S -  12 116 269 bytes)
[19:03:24] - [2] MIRKO.POZEN: Début du Téléchargement de: D:\kerberos.htx\videos.fb\10000000_337924873703272_7742992750903033856_n.mp4
[19:04:03] - [3] MIRKO.POZEN: Fichier envoyé: D:\kerberos.htx\videos.fb\10000000_317120572468254_470637903500804096_n.mp4 (381,89 K/S -  27 764 973 bytes)
[19:04:03] - [3] MIRKO.POZEN: Début du Téléchargement de: D:\kerberos.htx\videos.fb\10000000_346270296105069_8481648086887387639_n.mp4
[19:04:14] - [2] MIRKO.POZEN: Fichier envoyé: D:\kerberos.htx\videos.fb\10000000_337924873703272_7742992750903033856_n.mp4 (401,59 K/S -  20 561 280 bytes)
[19:04:14] - [2] MIRKO.POZEN: Début du Téléchargement de: D:\kerberos.htx\videos.fb\10000000_365372534197938_6758656701303357440_n.mp4
[19:04:35] - [2] MIRKO.POZEN: Fichier envoyé: D:\kerberos.htx\videos.fb\10000000_365372534197938_6758656701303357440_n.mp4 (536,82 K/S -  11 543 779 bytes)
[19:04:35] - [2] MIRKO.POZEN: Début du Téléchargement de: D:\kerberos.htx\videos.fb\10000000_368318083730403_8071942294648913920_n.mp4
[19:04:43] - [3] MIRKO.POZEN: Fichier envoyé: D:\kerberos.htx\videos.fb\10000000_346270296105069_8481648086887387639_n.mp4 (376,24 K/S -  15 025 595 bytes)
[19:04:44] - [3] MIRKO.POZEN: Début du Téléchargement de: D:\kerberos.htx\videos.fb\10000000_561646757615534_5751606575424864256_n.mp4
[19:04:53] - [2] MIRKO.POZEN: Fichier envoyé: D:\kerberos.htx\videos.fb\10000000_368318083730403_8071942294648913920_n.mp4 (491,02 K/S -  9 050 535 bytes)
[19:04:53] - [2] MIRKO.POZEN: Début du Téléchargement de: D:\kerberos.htx\videos.fb\12 c'est demain mai....mp4
[19:05:07] - [2] MIRKO.POZEN: Fichier envoyé: D:\kerberos.htx\videos.fb\12 c'est demain mai....mp4 (391,10 K/S -  5 606 821 bytes)
[19:05:07] - [2] MIRKO.POZEN: Début du Téléchargement de: D:\kerberos.htx\videos.fb\46297681_264391460939014_5982911111438008320_n.mp4
[19:05:10] - [2] MIRKO.POZEN: Fichier envoyé: D:\kerberos.htx\videos.fb\46297681_264391460939014_5982911111438008320_n.mp4 (219,12 K/S -   673 135 bytes)
[19:05:10] - [2] MIRKO.POZEN: Début du Téléchargement de: D:\kerberos.htx\videos.fb\46322438_2150193071908583_5895947184859250688_n.mp4
[19:05:13] - [2] MIRKO.POZEN: Fichier envoyé: D:\kerberos.htx\videos.fb\46322438_2150193071908583_5895947184859250688_n.mp4 (455,10 K/S -  1 398 070 bytes)
[19:05:13] - [2] MIRKO.POZEN: Début du Téléchargement de: D:\kerberos.htx\videos.fb\46459931_338879006899315_7621394285358743552_n.mp4
[19:05:14] - [2] MIRKO.POZEN: Fichier envoyé: D:\kerberos.htx\videos.fb\46459931_338879006899315_7621394285358743552_n.mp4 (516,35 K/S -   528 744 bytes)
[19:05:14] - [2] MIRKO.POZEN: Début du Téléchargement de: D:\kerberos.htx\videos.fb\46817689_543064869542454_5818819759885516800_n.mp4
[19:05:17] - [3] MIRKO.POZEN: Fichier envoyé: D:\kerberos.htx\videos.fb\10000000_561646757615534_5751606575424864256_n.mp4 (403,07 K/S -  13 620 547 bytes)
[19:05:17] - [3] MIRKO.POZEN: Début du Téléchargement de: D:\kerberos.htx\videos.fb\46905036_393546864517798_490995283979665408_n.mp4
[19:05:19] - [3] MIRKO.POZEN: Fichier envoyé: D:\kerberos.htx\videos.fb\46905036_393546864517798_490995283979665408_n.mp4 (1 210,77 K/S -  1 239 832 bytes)
[19:05:19] - [3] MIRKO.POZEN: Début du Téléchargement de: D:\kerberos.htx\videos.fb\46911040_376528796487862_2728381058570518528_n.mp4
[19:05:23] - [3] MIRKO.POZEN: Fichier envoyé: D:\kerberos.htx\videos.fb\46911040_376528796487862_2728381058570518528_n.mp4 (704,90 K/S -  2 165 446 bytes)
[19:05:23] - [3] MIRKO.POZEN: Début du Téléchargement de: D:\kerberos.htx\videos.fb\47193773_475254289666359_5437081649277829120_n (1).mp4
[19:05:24] - [2] MIRKO.POZEN: Fichier envoyé: D:\kerberos.htx\videos.fb\46817689_543064869542454_5818819759885516800_n.mp4 (346,95 K/S -  3 908 092 bytes)
[19:05:25] - [2] MIRKO.POZEN: Début du Téléchargement de: D:\kerberos.htx\videos.fb\47193773_475254289666359_5437081649277829120_n.mp4
[19:05:25] - [3] MIRKO.POZEN: Fichier envoyé: D:\kerberos.htx\videos.fb\47193773_475254289666359_5437081649277829120_n (1).mp4 (605,96 K/S -  1 241 014 bytes)
[19:05:26] - [3] MIRKO.POZEN: Début du Téléchargement de: D:\kerberos.htx\videos.fb\47196792_506968566466241_1831389087399936000_n.mp4
[19:05:27] - [2] MIRKO.POZEN: Fichier envoyé: D:\kerberos.htx\videos.fb\47193773_475254289666359_5437081649277829120_n.mp4 (605,96 K/S -  1 241 014 bytes)
[19:05:27] - [2] MIRKO.POZEN: Début du Téléchargement de: D:\kerberos.htx\videos.fb\47209028_364625737622664_5454940651575574528_n (1).mp4
[19:05:32] - [2] MIRKO.POZEN: Fichier envoyé: D:\kerberos.htx\videos.fb\47209028_364625737622664_5454940651575574528_n (1).mp4 (517,76 K/S -  2 650 940 bytes)
[19:05:32] - [2] MIRKO.POZEN: Début du Téléchargement de: D:\kerberos.htx\videos.fb\47209028_364625737622664_5454940651575574528_n.mp4
[19:05:38] - [3] MIRKO.POZEN: Fichier envoyé: D:\kerberos.htx\videos.fb\47196792_506968566466241_1831389087399936000_n.mp4 (333,38 K/S -  4 096 539 bytes)
[19:05:38] - [3] MIRKO.POZEN: Début du Téléchargement de: D:\kerberos.htx\videos.fb\47232094_346116526173432_8797837715233046528_n.mp4
[19:05:39] - [3] MIRKO.POZEN: Fichier envoyé: D:\kerberos.htx\videos.fb\47232094_346116526173432_8797837715233046528_n.mp4 (530,45 K/S -   543 180 bytes)
[19:05:39] - [2] MIRKO.POZEN: Fichier envoyé: D:\kerberos.htx\videos.fb\47209028_364625737622664_5454940651575574528_n.mp4 (431,47 K/S -  2 650 940 bytes)
[19:05:39] - [3] MIRKO.POZEN: Début du Téléchargement de: D:\kerberos.htx\videos.fb\47265710_291196711521690_3286590394594230272_n.mp4
[19:05:39] - [2] MIRKO.POZEN: Début du Téléchargement de: D:\kerberos.htx\videos.fb\47284185_1147837765393235_6642581280233881600_n (1).mp4
[19:05:42] - [3] MIRKO.POZEN: Fichier envoyé: D:\kerberos.htx\videos.fb\47265710_291196711521690_3286590394594230272_n.mp4 (481,09 K/S -  1 477 913 bytes)
[19:05:42] - [3] MIRKO.POZEN: Début du Téléchargement de: D:\kerberos.htx\videos.fb\47284185_1147837765393235_6642581280233881600_n.mp4
[19:05:44] - [3] MIRKO.POZEN: Fichier envoyé: D:\kerberos.htx\videos.fb\47284185_1147837765393235_6642581280233881600_n.mp4 (637,90 K/S -  1 306 423 bytes)
[19:05:44] - [3] MIRKO.POZEN: Début du Téléchargement de: D:\kerberos.htx\videos.fb\47304695_336933060220683_883593687546724352_n (1).mp4
[19:05:45] - [2] MIRKO.POZEN: Fichier envoyé: D:\kerberos.htx\videos.fb\47284185_1147837765393235_6642581280233881600_n (1).mp4 (212,63 K/S -  1 306 423 bytes)
[19:05:45] - [2] MIRKO.POZEN: Début du Téléchargement de: D:\kerberos.htx\videos.fb\47304695_336933060220683_883593687546724352_n.mp4
[19:05:45] - [3] MIRKO.POZEN: Fichier envoyé: D:\kerberos.htx\videos.fb\47304695_336933060220683_883593687546724352_n (1).mp4 (419,29 K/S -   429 357 bytes)
[19:05:45] - [3] MIRKO.POZEN: Début du Téléchargement de: D:\kerberos.htx\videos.fb\47468263_2757939094430435_1920709353296363520_n.mp4
[19:05:46] - [2] MIRKO.POZEN: Fichier envoyé: D:\kerberos.htx\videos.fb\47304695_336933060220683_883593687546724352_n.mp4 (419,29 K/S -   429 357 bytes)
[19:05:46] - [2] MIRKO.POZEN: Début du Téléchargement de: D:\kerberos.htx\videos.fb\47468496_586434165123074_3219875958915858432_n.mp4
[19:05:46] - [3] MIRKO.POZEN: Fichier envoyé: D:\kerberos.htx\videos.fb\47468263_2757939094430435_1920709353296363520_n.mp4 (391,77 K/S -   401 169 bytes)
[19:05:46] - [3] MIRKO.POZEN: Début du Téléchargement de: D:\kerberos.htx\videos.fb\47472565_311471576367041_4229740972000411648_n.mp4
[19:05:48] - [3] MIRKO.POZEN: Fichier envoyé: D:\kerberos.htx\videos.fb\47472565_311471576367041_4229740972000411648_n.mp4 (745,43 K/S -   763 317 bytes)
[19:05:48] - [3] MIRKO.POZEN: Début du Téléchargement de: D:\kerberos.htx\videos.fb\47476421_300927830528098_20172297453174784_n (1).mp4
[19:05:50] - [3] MIRKO.POZEN: Fichier envoyé: D:\kerberos.htx\videos.fb\47476421_300927830528098_20172297453174784_n (1).mp4 (984,52 K/S -  1 008 146 bytes)
[19:05:51] - [3] MIRKO.POZEN: Début du Téléchargement de: D:\kerberos.htx\videos.fb\47476421_300927830528098_20172297453174784_n.mp4
[19:05:51] - [2] MIRKO.POZEN: Fichier envoyé: D:\kerberos.htx\videos.fb\47468496_586434165123074_3219875958915858432_n.mp4 (361,35 K/S -  2 220 161 bytes)
[19:05:52] - [2] MIRKO.POZEN: Début du Téléchargement de: D:\kerberos.htx\videos.fb\47526919_498363200571101_2742919454148001792_n.mp4
[19:05:52] - [3] MIRKO.POZEN: Fichier envoyé: D:\kerberos.htx\videos.fb\47476421_300927830528098_20172297453174784_n.mp4 (492,26 K/S -  1 008 146 bytes)
[19:05:53] - [3] MIRKO.POZEN: Début du Téléchargement de: D:\kerberos.htx\videos.fb\47528059_344721619677509_7253177930094739456_n.mp4
[19:05:57] - [3] MIRKO.POZEN: Fichier envoyé: D:\kerberos.htx\videos.fb\47528059_344721619677509_7253177930094739456_n.mp4 (542,03 K/S -  2 220 144 bytes)
[19:05:57] - [3] MIRKO.POZEN: Début du Téléchargement de: D:\kerberos.htx\videos.fb\47601009_297399257564851_563914027550375936_n.mp4
[19:06:01] - [3] MIRKO.POZEN: Fichier envoyé: D:\kerberos.htx\videos.fb\47601009_297399257564851_563914027550375936_n.mp4 (304,96 K/S -   936 851 bytes)
[19:06:01] - [3] MIRKO.POZEN: Début du Téléchargement de: D:\kerberos.htx\videos.fb\47715944_548270985636234_2610187737587777536_n.mp4
[19:06:02] - [3] MIRKO.POZEN: Fichier envoyé: D:\kerberos.htx\videos.fb\47715944_548270985636234_2610187737587777536_n.mp4 (793,61 K/S -   812 658 bytes)
[19:06:02] - [3] MIRKO.POZEN: Début du Téléchargement de: D:\kerberos.htx\videos.fb\47965682_319018902275058_2146740214930866176_n.mp4
[19:06:05] - [3] MIRKO.POZEN: Fichier envoyé: D:\kerberos.htx\videos.fb\47965682_319018902275058_2146740214930866176_n.mp4 (754,95 K/S -  1 546 129 bytes)
[19:06:05] - [2] MIRKO.POZEN: Fichier envoyé: D:\kerberos.htx\videos.fb\47526919_498363200571101_2742919454148001792_n.mp4 (381,72 K/S -  5 081 401 bytes)
[19:06:05] - [3] MIRKO.POZEN: Début du Téléchargement de: D:\kerberos.htx\videos.fb\48091205_532815737233875_7827492083513425920_n.mp4
[19:06:05] - [2] MIRKO.POZEN: Début du Téléchargement de: D:\kerberos.htx\videos.fb\48207628_697382313989525_1038436196394467328_n.mp4
[19:06:06] - [3] MIRKO.POZEN: Fichier envoyé: D:\kerberos.htx\videos.fb\48091205_532815737233875_7827492083513425920_n.mp4 (369,38 K/S -   378 247 bytes)
[19:06:06] - [2] MIRKO.POZEN: Fichier envoyé: D:\kerberos.htx\videos.fb\48207628_697382313989525_1038436196394467328_n.mp4 (254,57 K/S -   260 677 bytes)
[19:06:06] - [3] MIRKO.POZEN: Début du Téléchargement de: D:\kerberos.htx\videos.fb\48276651_215283092681750_7108307613753802752_n.mp4
[19:06:06] - [2] MIRKO.POZEN: Début du Téléchargement de: D:\kerberos.htx\videos.fb\48634487_275317043339220_4527011425381515264_n.mp4
[19:06:08] - [2] MIRKO.POZEN: Fichier envoyé: D:\kerberos.htx\videos.fb\48634487_275317043339220_4527011425381515264_n.mp4 (435,20 K/S -   891 281 bytes)
[19:06:08] - [2] MIRKO.POZEN: Début du Téléchargement de: D:\kerberos.htx\videos.fb\48702066_308965436493717_46591556118904832_n.mp4
[19:06:11] - [2] MIRKO.POZEN: Fichier envoyé: D:\kerberos.htx\videos.fb\48702066_308965436493717_46591556118904832_n.mp4 (334,21 K/S -  1 368 922 bytes)
[19:06:12] - [2] MIRKO.POZEN: Début du Téléchargement de: D:\kerberos.htx\videos.fb\48703669_592352704558651_1039436172155158528_n.mp4
[19:06:17] - [2] MIRKO.POZEN: Fichier envoyé: D:\kerberos.htx\videos.fb\48703669_592352704558651_1039436172155158528_n.mp4 (247,17 K/S -  1 265 533 bytes)
[19:06:18] - [2] MIRKO.POZEN: Début du Téléchargement de: D:\kerberos.htx\videos.fb\48745520_438082846724419_8205113824450183168_n.mp4
[19:06:21] - [3] MIRKO.POZEN: Fichier envoyé: D:\kerberos.htx\videos.fb\48276651_215283092681750_7108307613753802752_n.mp4 (536,76 K/S -  8 244 688 bytes)
[19:06:21] - [3] MIRKO.POZEN: Début du Téléchargement de: D:\kerberos.htx\videos.fb\48755563_276431849739948_8047510884286726144_n.mp4
[19:06:22] - [2] MIRKO.POZEN: Fichier envoyé: D:\kerberos.htx\videos.fb\48745520_438082846724419_8205113824450183168_n.mp4 (323,73 K/S -  1 325 982 bytes)
[19:06:22] - [2] MIRKO.POZEN: Début du Téléchargement de: D:\kerberos.htx\videos.fb\48755590_545524862582700_2510405524063780864_n.mp4
[19:06:27] - [3] MIRKO.POZEN: Fichier envoyé: D:\kerberos.htx\videos.fb\48755563_276431849739948_8047510884286726144_n.mp4 (345,46 K/S -  2 122 493 bytes)
[19:06:27] - [3] MIRKO.POZEN: Début du Téléchargement de: D:\kerberos.htx\videos.fb\48782844_370522960366833_1999907085650755584_n.mp4
[19:06:31] - [3] MIRKO.POZEN: Fichier envoyé: D:\kerberos.htx\videos.fb\48782844_370522960366833_1999907085650755584_n.mp4 (359,88 K/S -  1 474 068 bytes)
[19:06:32] - [3] MIRKO.POZEN: Début du Téléchargement de: D:\kerberos.htx\videos.fb\48794405_2092437827444133_6473171363304570880_n.mp4
[19:06:35] - [3] MIRKO.POZEN: Fichier envoyé: D:\kerberos.htx\videos.fb\48794405_2092437827444133_6473171363304570880_n.mp4 (461,38 K/S -  1 417 344 bytes)
[19:06:35] - [3] MIRKO.POZEN: Début du Téléchargement de: D:\kerberos.htx\videos.fb\48799940_219284902322130_341131003005239296_n.mp4
[19:06:38] - [3] MIRKO.POZEN: Fichier envoyé: D:\kerberos.htx\videos.fb\48799940_219284902322130_341131003005239296_n.mp4 (382,92 K/S -   784 210 bytes)
[19:06:38] - [3] MIRKO.POZEN: Début du Téléchargement de: D:\kerberos.htx\videos.fb\Bastien Beltz was live in La France en colère - Carte des rassemblements..mp4
[19:06:38] - [2] MIRKO.POZEN: Fichier envoyé: D:\kerberos.htx\videos.fb\48755590_545524862582700_2510405524063780864_n.mp4 (471,35 K/S -  7 722 607 bytes)
[19:06:39] - [2] MIRKO.POZEN: Début du Téléchargement de: D:\kerberos.htx\videos.fb\Censure des medias sur le terrins.mp4
[19:06:49] - [2] MIRKO.POZEN: Fichier envoyé: D:\kerberos.htx\videos.fb\Censure des medias sur le terrins.mp4 (483,04 K/S -  4 946 351 bytes)
[19:06:50] - [2] MIRKO.POZEN: Début du Téléchargement de: D:\kerberos.htx\videos.fb\Gilet jaune au sol grenade à bout portant une honte !! Et la faut rester paci... (1).mp4
[19:07:01] - [2] MIRKO.POZEN: Fichier envoyé: D:\kerberos.htx\videos.fb\Gilet jaune au sol grenade à bout portant une honte !! Et la faut rester paci... (1).mp4 (380,50 K/S -  4 675 541 bytes)
[19:07:02] - [2] MIRKO.POZEN: Début du Téléchargement de: D:\kerberos.htx\videos.fb\Gilet jaune au sol grenade à bout portant une honte !! Et la faut rester paci....mp4
[19:07:15] - [2] MIRKO.POZEN: Fichier envoyé: D:\kerberos.htx\videos.fb\Gilet jaune au sol grenade à bout portant une honte !! Et la faut rester paci....mp4 (351,23 K/S -  4 675 541 bytes)
[19:07:15] - [2] MIRKO.POZEN: Début du Téléchargement de: D:\kerberos.htx\videos.fb\Le ministre des affaires étrangères, Jean-Yves Le Drian, et 150 ambassadeurs ....mp4
[19:08:30] - [2] MIRKO.POZEN: Fichier envoyé: D:\kerberos.htx\videos.fb\Le ministre des affaires étrangères, Jean-Yves Le Drian, et 150 ambassadeurs ....mp4 (362,92 K/S -  27 872 496 bytes)
[19:08:30] - [2] MIRKO.POZEN: Début du Téléchargement de: D:\kerberos.htx\videos.fb\MACRON KANPORA EKIMENA   _Macron kanpora_ lelopean, ekimena egin dugu Miarrit....mp4
[19:08:39] - [2] MIRKO.POZEN: Fichier envoyé: D:\kerberos.htx\videos.fb\MACRON KANPORA EKIMENA   _Macron kanpora_ lelopean, ekimena egin dugu Miarrit....mp4 (258,59 K/S -  2 383 180 bytes)
[19:08:39] - [2] MIRKO.POZEN: Début du Téléchargement de: D:\kerberos.htx\videos.fb\Notre chère police!........mp4
[19:09:21] - [2] MIRKO.POZEN: Fichier envoyé: D:\kerberos.htx\videos.fb\Notre chère police!........mp4 (384,22 K/S -  16 524 656 bytes)
[19:09:21] - [2] MIRKO.POZEN: Début du Téléchargement de: D:\kerberos.htx\videos.fb\Quand t’oublie ton brassard....mp4
[19:09:22] - [2] MIRKO.POZEN: Fichier envoyé: D:\kerberos.htx\videos.fb\Quand t’oublie ton brassard....mp4 (191,23 K/S -   195 818 bytes)
[19:09:45] - [3] MIRKO.POZEN: Fichier envoyé: D:\kerberos.htx\videos.fb\Bastien Beltz was live in La France en colère - Carte des rassemblements..mp4 (437,49 K/S -  83 774 170 bytes)
[19:09:53] - [2] Client 192.168.0.1 Déconnecté (00:07:01 Min)
[19:10:16] - [3] Client 192.168.0.1 Déconnecté (00:07:24 Min)
[19:13:19] - [1] Client 192.168.0.1 Déconnecté (00:11:30 Min)
