[22:55:52] - Serveur Démarré
[22:55:52] - FTP Port: 21
[23:08:32] - Serveur Démarré
[23:08:32] - FTP Port: 21
[23:27:12] - [1] Connecté à 192.168.0.1. Collecte du Nom d'utilisateur.
[23:27:12] - [1] Usager MIRKO.POZEN Connecté IP: 192.168.0.1
[23:27:12] - [1] MIRKO.POZEN: Répertoire en Cours: D:\kerberos.htx\
[23:27:12] - [1] MIRKO.POZEN: Répertoire en Cours: D:\kerberos.htx\
[23:27:24] - [1] Client 192.168.0.1 Déconnecté (00:00:11 Min)
[23:40:14] - [2] Connecté à 192.168.0.1. Collecte du Nom d'utilisateur.
[23:40:14] - [2] Usager MIRKO.POZEN Connecté IP: 192.168.0.1
[23:40:14] - [2] MIRKO.POZEN: Répertoire en Cours: D:\kerberos.htx\
[23:40:15] - [2] MIRKO.POZEN: Répertoire en Cours: D:\kerberos.htx\
[23:40:42] - [2] MIRKO.POZEN: Répertoire en Cours: D:\kerberos.htx\fotos lune et agathe\
[23:40:44] - [2] MIRKO.POZEN: Répertoire en Cours: D:\kerberos.htx\fotos lune et agathe\100NIKON\
[23:42:38] - [2] MIRKO.POZEN: Répertoire en Cours: D:\kerberos.htx\
[23:42:38] - [2] MIRKO.POZEN: Répertoire en Cours: D:\kerberos.htx\drivers scannaer epsongt\
[23:42:56] - [2] MIRKO.POZEN: Répertoire en Cours: D:\kerberos.htx\
[23:42:56] - [2] MIRKO.POZEN: Répertoire en Cours: D:\kerberos.htx\Microsoft.Office.Professional.2007.FR.By Gervais\
[23:43:05] - [2] MIRKO.POZEN: Répertoire en Cours: D:\kerberos.htx\
[23:43:05] - [2] MIRKO.POZEN: Répertoire en Cours: D:\kerberos.htx\000\
[23:43:20] - [2] MIRKO.POZEN: Répertoire en Cours: D:\kerberos.htx\
[23:43:20] - [2] MIRKO.POZEN: Répertoire en Cours: D:\kerberos.htx\TXT\
[23:43:34] - [2] MIRKO.POZEN: Répertoire en Cours: D:\kerberos.htx\
[23:43:34] - [2] MIRKO.POZEN: Répertoire en Cours: D:\kerberos.htx\Hard Disk Sentinel\
[23:43:45] - [2] MIRKO.POZEN: Répertoire en Cours: D:\kerberos.htx\
[23:43:45] - [2] MIRKO.POZEN: Fichier Effacé : D:\kerberos.htx\Hard Disk Sentinel\afaapi.dll
[23:43:45] - [2] MIRKO.POZEN: Fichier Effacé : D:\kerberos.htx\Hard Disk Sentinel\ar.lng
[23:43:45] - [2] MIRKO.POZEN: Fichier Effacé : D:\kerberos.htx\Hard Disk Sentinel\arpro.lng
[23:43:45] - [2] MIRKO.POZEN: Fichier Effacé : D:\kerberos.htx\Hard Disk Sentinel\bc_vbdll.dll
[23:43:45] - [2] MIRKO.POZEN: Fichier Effacé : D:\kerberos.htx\Hard Disk Sentinel\be.lng
[23:43:45] - [2] MIRKO.POZEN: Fichier Effacé : D:\kerberos.htx\Hard Disk Sentinel\bepro.lng
[23:43:46] - [2] MIRKO.POZEN: Fichier Effacé : D:\kerberos.htx\Hard Disk Sentinel\bg.lng
[23:43:46] - [2] MIRKO.POZEN: Fichier Effacé : D:\kerberos.htx\Hard Disk Sentinel\bgpro.lng
[23:43:46] - [2] MIRKO.POZEN: Fichier Effacé : D:\kerberos.htx\Hard Disk Sentinel\cn.lng
[23:43:46] - [2] MIRKO.POZEN: Fichier Effacé : D:\kerberos.htx\Hard Disk Sentinel\cnpro.lng
[23:43:46] - [2] MIRKO.POZEN: Fichier Effacé : D:\kerberos.htx\Hard Disk Sentinel\cz.lng
[23:43:46] - [2] MIRKO.POZEN: Fichier Effacé : D:\kerberos.htx\Hard Disk Sentinel\czpro.lng
[23:43:46] - [2] MIRKO.POZEN: Fichier Effacé : D:\kerberos.htx\Hard Disk Sentinel\da.lng
[23:43:46] - [2] MIRKO.POZEN: Fichier Effacé : D:\kerberos.htx\Hard Disk Sentinel\dapro.lng
[23:43:46] - [2] MIRKO.POZEN: Fichier Effacé : D:\kerberos.htx\Hard Disk Sentinel\de.lng
[23:43:47] - [2] MIRKO.POZEN: Fichier Effacé : D:\kerberos.htx\Hard Disk Sentinel\depro.lng
[23:43:47] - [2] MIRKO.POZEN: Fichier Effacé : D:\kerberos.htx\Hard Disk Sentinel\deta.dll
[23:43:47] - [2] MIRKO.POZEN: Fichier Effacé : D:\kerberos.htx\Hard Disk Sentinel\detect.dat
[23:43:47] - [2] MIRKO.POZEN: Fichier Effacé : D:\kerberos.htx\Hard Disk Sentinel\detect.dll
[23:43:47] - [2] MIRKO.POZEN: Fichier Effacé : D:\kerberos.htx\Hard Disk Sentinel\detjm.dll
[23:43:47] - [2] MIRKO.POZEN: Fichier Effacé : D:\kerberos.htx\Hard Disk Sentinel\detp.dll
[23:43:47] - [2] MIRKO.POZEN: Fichier Effacé : D:\kerberos.htx\Hard Disk Sentinel\detpex.dlz
[23:43:47] - [2] MIRKO.POZEN: Fichier Effacé : D:\kerberos.htx\Hard Disk Sentinel\detrc.dll
[23:43:47] - [2] MIRKO.POZEN: Fichier Effacé : D:\kerberos.htx\Hard Disk Sentinel\detw.dll
[23:43:48] - [2] MIRKO.POZEN: Fichier Effacé : D:\kerberos.htx\Hard Disk Sentinel\detw64.dll
[23:43:48] - [2] MIRKO.POZEN: Fichier Effacé : D:\kerberos.htx\Hard Disk Sentinel\DISKDATA_2.0_____Flash_Disk___5.00.hdd
[23:43:48] - [2] MIRKO.POZEN: Fichier Effacé : D:\kerberos.htx\Hard Disk Sentinel\DISKDATA_2.0_____Flash_Disk___5.00_scsi.hdi
[23:43:48] - [2] MIRKO.POZEN: Fichier Effacé : D:\kerberos.htx\Hard Disk Sentinel\DISKDATA_Generic-_Compact_Flash_GENERIC_CF_READER01_1.01.hdd
[23:43:48] - [2] MIRKO.POZEN: Fichier Effacé : D:\kerberos.htx\Hard Disk Sentinel\DISKDATA_Generic-_Compact_Flash_GENERIC_CF_READER01_1.01_scsi.hdi
[23:43:48] - [2] MIRKO.POZEN: Fichier Effacé : D:\kerberos.htx\Hard Disk Sentinel\DISKDATA_Hitachi_HDS721050CLA362_JP5570HF2Z8MNP_JP2OA3EA.dat
[23:43:48] - [2] MIRKO.POZEN: Fichier Effacé : D:\kerberos.htx\Hard Disk Sentinel\DISKDATA_Hitachi_HDS721050CLA362_JP5570HF2Z8MNP_JP2OA3EA.hdd
[23:43:49] - [2] MIRKO.POZEN: Fichier Effacé : D:\kerberos.htx\Hard Disk Sentinel\DISKDATA_Hitachi_HDS721050CLA362_JP5570HF2Z8MNP_JP2OA3EA.hdi
[23:43:49] - [2] MIRKO.POZEN: Fichier Effacé : D:\kerberos.htx\Hard Disk Sentinel\DISKDATA_Multiple_Flash_Reader_GENERIC_SD_READER01_1.05.hdd
[23:43:49] - [2] MIRKO.POZEN: Fichier Effacé : D:\kerberos.htx\Hard Disk Sentinel\DISKDATA_Multiple_Flash_Reader_GENERIC_SD_READER01_1.05_scsi.hdi
[23:43:49] - [2] MIRKO.POZEN: Fichier Effacé : D:\kerberos.htx\Hard Disk Sentinel\DISKDATA_USB_DISK_2.0_PMAP1234_PMAP.hdd
[23:43:49] - [2] MIRKO.POZEN: Fichier Effacé : D:\kerberos.htx\Hard Disk Sentinel\DISKDATA_USB_DISK_2.0_PMAP1234_PMAP_scsi.hdi
[23:43:49] - [2] MIRKO.POZEN: Fichier Effacé : D:\kerberos.htx\Hard Disk Sentinel\DriveAddRemoveLog.txt
[23:43:49] - [2] MIRKO.POZEN: Fichier Effacé : D:\kerberos.htx\Hard Disk Sentinel\du.lng
[23:43:50] - [2] MIRKO.POZEN: Fichier Effacé : D:\kerberos.htx\Hard Disk Sentinel\dupro.lng
[23:43:50] - [2] MIRKO.POZEN: Fichier Effacé : D:\kerberos.htx\Hard Disk Sentinel\en.chm
[23:43:50] - [2] MIRKO.POZEN: Fichier Effacé : D:\kerberos.htx\Hard Disk Sentinel\en.lng
[23:43:50] - [2] MIRKO.POZEN: Fichier Effacé : D:\kerberos.htx\Hard Disk Sentinel\enpro.lng
[23:43:50] - [2] MIRKO.POZEN: Fichier Effacé : D:\kerberos.htx\Hard Disk Sentinel\fi.chm
[23:43:50] - [2] MIRKO.POZEN: Fichier Effacé : D:\kerberos.htx\Hard Disk Sentinel\fi.lng
[23:43:50] - [2] MIRKO.POZEN: Fichier Effacé : D:\kerberos.htx\Hard Disk Sentinel\fipro.lng
[23:43:51] - [2] MIRKO.POZEN: Fichier Effacé : D:\kerberos.htx\Hard Disk Sentinel\fnp_act_installer.dll
[23:43:51] - [2] MIRKO.POZEN: Fichier Effacé : D:\kerberos.htx\Hard Disk Sentinel\fr.lng
[23:43:51] - [2] MIRKO.POZEN: Fichier Effacé : D:\kerberos.htx\Hard Disk Sentinel\frpro.lng
[23:43:51] - [2] MIRKO.POZEN: Fichier Effacé : D:\kerberos.htx\Hard Disk Sentinel\gr.lng
[23:43:51] - [2] MIRKO.POZEN: Fichier Effacé : D:\kerberos.htx\Hard Disk Sentinel\grpro.lng
[23:43:51] - [2] MIRKO.POZEN: Fichier Effacé : D:\kerberos.htx\Hard Disk Sentinel\harddisksentinelupdate.exe
[23:43:51] - [2] MIRKO.POZEN: Fichier Effacé : D:\kerberos.htx\Hard Disk Sentinel\hdd.jpg
[23:43:51] - [2] MIRKO.POZEN: Fichier Effacé : D:\kerberos.htx\Hard Disk Sentinel\HDnotify.wav
[23:43:52] - [2] MIRKO.POZEN: Fichier Effacé : D:\kerberos.htx\Hard Disk Sentinel\HDSAction.exe
[23:43:52] - [2] MIRKO.POZEN: Fichier Effacé : D:\kerberos.htx\Hard Disk Sentinel\HDSCtrl.exe
[23:43:52] - [2] MIRKO.POZEN: Fichier Effacé : D:\kerberos.htx\Hard Disk Sentinel\HDSentinel.exe
[23:43:52] - [2] MIRKO.POZEN: Fichier Effacé : D:\kerberos.htx\Hard Disk Sentinel\HDSentinel.exe.BAK
[23:43:52] - [2] MIRKO.POZEN: Fichier Effacé : D:\kerberos.htx\Hard Disk Sentinel\HDSentinel.hdk
[23:43:52] - [2] MIRKO.POZEN: Fichier Effacé : D:\kerberos.htx\Hard Disk Sentinel\HDSentinel.hds
[23:43:53] - [2] MIRKO.POZEN: Fichier Effacé : D:\kerberos.htx\Hard Disk Sentinel\HDSentinel.ini
[23:43:53] - [2] MIRKO.POZEN: Fichier Effacé : D:\kerberos.htx\Hard Disk Sentinel\HDSentinel.sta
[23:43:53] - [2] MIRKO.POZEN: Fichier Effacé : D:\kerberos.htx\Hard Disk Sentinel\HDSentinel.sys
[23:43:53] - [2] MIRKO.POZEN: Fichier Effacé : D:\kerberos.htx\Hard Disk Sentinel\hdsentinel.vsh
[23:43:53] - [2] MIRKO.POZEN: Fichier Effacé : D:\kerberos.htx\Hard Disk Sentinel\hdsentinel.vsx
[23:43:53] - [2] MIRKO.POZEN: Fichier Effacé : D:\kerberos.htx\Hard Disk Sentinel\HDSentinelTray.exe
[23:43:53] - [2] MIRKO.POZEN: Fichier Effacé : D:\kerberos.htx\Hard Disk Sentinel\HDsirena.mp3
[23:43:53] - [2] MIRKO.POZEN: Fichier Effacé : D:\kerberos.htx\Hard Disk Sentinel\hdsversion.txt
[23:43:54] - [2] MIRKO.POZEN: Fichier Effacé : D:\kerberos.htx\Hard Disk Sentinel\hds_eula_en.txt
[23:43:54] - [2] MIRKO.POZEN: Fichier Effacé : D:\kerberos.htx\Hard Disk Sentinel\hds_eula_hu.txt
[23:43:54] - [2] MIRKO.POZEN: Fichier Effacé : D:\kerberos.htx\Hard Disk Sentinel\hu.chm
[23:43:54] - [2] MIRKO.POZEN: Fichier Effacé : D:\kerberos.htx\Hard Disk Sentinel\hu.lng
[23:43:54] - [2] MIRKO.POZEN: Fichier Effacé : D:\kerberos.htx\Hard Disk Sentinel\hupro.lng
[23:43:54] - [2] MIRKO.POZEN: Fichier Effacé : D:\kerberos.htx\Hard Disk Sentinel\id.lng
[23:43:54] - [2] MIRKO.POZEN: Fichier Effacé : D:\kerberos.htx\Hard Disk Sentinel\idpro.lng
[23:43:55] - [2] MIRKO.POZEN: Fichier Effacé : D:\kerberos.htx\Hard Disk Sentinel\it.chm
[23:43:55] - [2] MIRKO.POZEN: Fichier Effacé : D:\kerberos.htx\Hard Disk Sentinel\it.lng
[23:43:55] - [2] MIRKO.POZEN: Fichier Effacé : D:\kerberos.htx\Hard Disk Sentinel\itpro.lng
[23:43:55] - [2] MIRKO.POZEN: Fichier Effacé : D:\kerberos.htx\Hard Disk Sentinel\jp.lng
[23:43:55] - [2] MIRKO.POZEN: Fichier Effacé : D:\kerberos.htx\Hard Disk Sentinel\jppro.lng
[23:43:55] - [2] MIRKO.POZEN: Fichier Effacé : D:\kerberos.htx\Hard Disk Sentinel\libeay32.dll
[23:43:55] - [2] MIRKO.POZEN: Fichier Effacé : D:\kerberos.htx\Hard Disk Sentinel\libxml2.dll
[23:43:55] - [2] MIRKO.POZEN: Fichier Effacé : D:\kerberos.htx\Hard Disk Sentinel\log.txt
[23:43:56] - [2] MIRKO.POZEN: Fichier Effacé : D:\kerberos.htx\Hard Disk Sentinel\mk.lng
[23:43:56] - [2] MIRKO.POZEN: Fichier Effacé : D:\kerberos.htx\Hard Disk Sentinel\mkpro.lng
[23:43:56] - [2] MIRKO.POZEN: Fichier Effacé : D:\kerberos.htx\Hard Disk Sentinel\pl.chm
[23:43:56] - [2] MIRKO.POZEN: Fichier Effacé : D:\kerberos.htx\Hard Disk Sentinel\pl.lng
[23:43:56] - [2] MIRKO.POZEN: Fichier Effacé : D:\kerberos.htx\Hard Disk Sentinel\plpro.lng
[23:43:56] - [2] MIRKO.POZEN: Fichier Effacé : D:\kerberos.htx\Hard Disk Sentinel\prdecode.dll
[23:43:56] - [2] MIRKO.POZEN: Fichier Effacé : D:\kerberos.htx\Hard Disk Sentinel\prerrlog.dll
[23:43:57] - [2] MIRKO.POZEN: Fichier Effacé : D:\kerberos.htx\Hard Disk Sentinel\pri2plgnnapa.dll
[23:43:57] - [2] MIRKO.POZEN: Fichier Effacé : D:\kerberos.htx\Hard Disk Sentinel\ptbr.lng
[23:43:57] - [2] MIRKO.POZEN: Fichier Effacé : D:\kerberos.htx\Hard Disk Sentinel\ptbrpro.lng
[23:43:57] - [2] MIRKO.POZEN: Fichier Effacé : D:\kerberos.htx\Hard Disk Sentinel\removehds7.vbs
[23:43:57] - [2] MIRKO.POZEN: Fichier Effacé : D:\kerberos.htx\Hard Disk Sentinel\ro.lng
[23:43:57] - [2] MIRKO.POZEN: Fichier Effacé : D:\kerberos.htx\Hard Disk Sentinel\ropro.lng
[23:43:57] - [2] MIRKO.POZEN: Fichier Effacé : D:\kerberos.htx\Hard Disk Sentinel\ru.chm
[23:43:57] - [2] MIRKO.POZEN: Fichier Effacé : D:\kerberos.htx\Hard Disk Sentinel\ru.lng
[23:43:58] - [2] MIRKO.POZEN: Fichier Effacé : D:\kerberos.htx\Hard Disk Sentinel\rupro.lng
[23:43:58] - [2] MIRKO.POZEN: Fichier Effacé : D:\kerberos.htx\Hard Disk Sentinel\sk.lng
[23:43:58] - [2] MIRKO.POZEN: Fichier Effacé : D:\kerberos.htx\Hard Disk Sentinel\skpro.lng
[23:43:58] - [2] MIRKO.POZEN: Fichier Effacé : D:\kerberos.htx\Hard Disk Sentinel\sp.lng
[23:43:58] - [2] MIRKO.POZEN: Fichier Effacé : D:\kerberos.htx\Hard Disk Sentinel\ssleay32.dll
[23:43:58] - [2] MIRKO.POZEN: Fichier Effacé : D:\kerberos.htx\Hard Disk Sentinel\Status.icd
[23:43:59] - [2] MIRKO.POZEN: Fichier Effacé : D:\kerberos.htx\Hard Disk Sentinel\Statusb.icd
[23:43:59] - [2] MIRKO.POZEN: Fichier Effacé : D:\kerberos.htx\Hard Disk Sentinel\Statusg.icd
[23:43:59] - [2] MIRKO.POZEN: Fichier Effacé : D:\kerberos.htx\Hard Disk Sentinel\Statusn.icd
[23:43:59] - [2] MIRKO.POZEN: Fichier Effacé : D:\kerberos.htx\Hard Disk Sentinel\Statusw.icd
[23:43:59] - [2] MIRKO.POZEN: Fichier Effacé : D:\kerberos.htx\Hard Disk Sentinel\Storagetest.dll
[23:43:59] - [2] MIRKO.POZEN: Fichier Effacé : D:\kerberos.htx\Hard Disk Sentinel\storarc.dll
[23:43:59] - [2] MIRKO.POZEN: Fichier Effacé : D:\kerberos.htx\Hard Disk Sentinel\storectrl.dll
[23:43:59] - [2] MIRKO.POZEN: Fichier Effacé : D:\kerberos.htx\Hard Disk Sentinel\storelib.dll
[23:44:00] - [2] MIRKO.POZEN: Fichier Effacé : D:\kerberos.htx\Hard Disk Sentinel\storelib2.dlz
[23:44:00] - [2] MIRKO.POZEN: Fichier Effacé : D:\kerberos.htx\Hard Disk Sentinel\storelibir-2.dll
[23:44:00] - [2] MIRKO.POZEN: Fichier Effacé : D:\kerberos.htx\Hard Disk Sentinel\storelibir.dll
[23:44:00] - [2] MIRKO.POZEN: Fichier Effacé : D:\kerberos.htx\Hard Disk Sentinel\sw.lng
[23:44:00] - [2] MIRKO.POZEN: Fichier Effacé : D:\kerberos.htx\Hard Disk Sentinel\swpro.lng
[23:44:00] - [2] MIRKO.POZEN: Fichier Effacé : D:\kerberos.htx\Hard Disk Sentinel\tr.lng
[23:44:00] - [2] MIRKO.POZEN: Fichier Effacé : D:\kerberos.htx\Hard Disk Sentinel\trpro.lng
[23:44:01] - [2] MIRKO.POZEN: Fichier Effacé : D:\kerberos.htx\Hard Disk Sentinel\tw.lng
[23:44:01] - [2] MIRKO.POZEN: Fichier Effacé : D:\kerberos.htx\Hard Disk Sentinel\twpro.lng
[23:44:01] - [2] MIRKO.POZEN: Fichier Effacé : D:\kerberos.htx\Hard Disk Sentinel\uk.lng
[23:44:01] - [2] MIRKO.POZEN: Fichier Effacé : D:\kerberos.htx\Hard Disk Sentinel\ukpro.lng
[23:44:01] - [2] MIRKO.POZEN: Fichier Effacé : D:\kerberos.htx\Hard Disk Sentinel\unins000.dat
[23:44:01] - [2] MIRKO.POZEN: Fichier Effacé : D:\kerberos.htx\Hard Disk Sentinel\unins000.exe
[23:44:01] - [2] MIRKO.POZEN: Fichier Effacé : D:\kerberos.htx\Hard Disk Sentinel\Vista_Status.icd
[23:44:01] - [2] MIRKO.POZEN: Fichier Effacé : D:\kerberos.htx\Hard Disk Sentinel\Vista_Statusb.icd
[23:44:02] - [2] MIRKO.POZEN: Fichier Effacé : D:\kerberos.htx\Hard Disk Sentinel\Vista_Statusg.icd
[23:44:02] - [2] MIRKO.POZEN: Fichier Effacé : D:\kerberos.htx\Hard Disk Sentinel\Vista_Statusn.icd
[23:44:02] - [2] MIRKO.POZEN: Fichier Effacé : D:\kerberos.htx\Hard Disk Sentinel\Vista_Statusw.icd
[23:44:02] - [2] MIRKO.POZEN: Fichier Effacé : D:\kerberos.htx\Hard Disk Sentinel\winsched.txt
[23:44:02] - [2] MIRKO.POZEN: Répertoire Effacé: D:\kerberos.htx\Hard Disk Sentinel\
[23:47:03] - [2] MIRKO.POZEN: Répertoire en Cours: D:\kerberos.htx\
[23:47:16] - [2] MIRKO.POZEN: Répertoire en Cours: D:\kerberos.htx\
[23:47:16] - [2] MIRKO.POZEN: Répertoire Effacé: D:\kerberos.htx\Hard Disk Sentinel\
[23:47:24] - [2] MIRKO.POZEN: Répertoire en Cours: D:\kerberos.htx\
[23:47:26] - [2] MIRKO.POZEN: Répertoire en Cours: D:\kerberos.htx\enzo\
[23:47:39] - [2] MIRKO.POZEN: Répertoire en Cours: D:\kerberos.htx\
[23:47:39] - [2] MIRKO.POZEN: Fichier Effacé : D:\kerberos.htx\enzo\down sparck.txt
[23:47:39] - [2] MIRKO.POZEN: Fichier Effacé : D:\kerberos.htx\enzo\link server ip.txt
[23:47:39] - [2] MIRKO.POZEN: Fichier Effacé : D:\kerberos.htx\enzo\password ftp.txt
[23:47:39] - [2] MIRKO.POZEN: Fichier Effacé : D:\kerberos.htx\enzo\password openfire.txt
[23:47:39] - [2] MIRKO.POZEN: Fichier Effacé : D:\kerberos.htx\enzo\password sesion windows.txt
[23:47:39] - [2] MIRKO.POZEN: Répertoire Effacé: D:\kerberos.htx\enzo\
[23:48:01] - [2] MIRKO.POZEN: Répertoire en Cours: D:\kerberos.htx\
[23:48:01] - [2] MIRKO.POZEN: Répertoire Effacé: D:\kerberos.htx\enzo\
[23:48:03] - [2] MIRKO.POZEN: Répertoire en Cours: D:\kerberos.htx\
[23:48:08] - [2] MIRKO.POZEN: Répertoire en Cours: D:\kerberos.htx\
[23:48:08] - [2] MIRKO.POZEN: Répertoire Effacé: D:\kerberos.htx\enzo\
[23:48:16] - [2] Client 192.168.0.1 Déconnecté (00:08:01 Min)
