[15:47:02] - Serveur Démarré
[15:47:02] - FTP Port: 21
[16:00:43] - [1] Connecté à 192.168.0.1. Collecte du Nom d'utilisateur.
[16:00:43] - [1] Usager MIRKO.POZEN Connecté IP: 192.168.0.1
[16:00:43] - [1] MIRKO.POZEN: Répertoire en Cours: E:\kerberos.htx\
[16:00:43] - [1] MIRKO.POZEN: Répertoire en Cours: E:\kerberos.htx\
[16:00:47] - [1] Client 192.168.0.1 Déconnecté (00:00:04 Min)
[16:48:23] - [2] Connecté à 184.105.139.68. Collecte du Nom d'utilisateur.
[16:48:26] - [2] Client 184.105.139.68 Déconnecté (00:00:02 Min)
[17:25:13] - [3] Connecté à 192.168.0.1. Collecte du Nom d'utilisateur.
[17:25:13] - [3] Usager MIRKO.POZEN Connecté IP: 192.168.0.1
[17:25:13] - [3] MIRKO.POZEN: Répertoire en Cours: E:\kerberos.htx\
[17:25:13] - [3] MIRKO.POZEN: Répertoire en Cours: E:\kerberos.htx\
[17:25:32] - [3] MIRKO.POZEN: Répertoire en Cours: E:\kerberos.htx\
[17:25:32] - [3] MIRKO.POZEN: Nouveau Répertoire: E:\kerberos.htx\100NIKON
[17:25:33] - [4] Connecté à 192.168.0.1. Collecte du Nom d'utilisateur.
[17:25:33] - [3] MIRKO.POZEN: Répertoire en Cours: E:\kerberos.htx\
[17:25:33] - [5] Connecté à 192.168.0.1. Collecte du Nom d'utilisateur.
[17:25:33] - [3] MIRKO.POZEN: Nouveau Répertoire: E:\kerberos.htx\100NIKON
[17:25:33] - [4] Usager MIRKO.POZEN Connecté IP: 192.168.0.1
[17:25:33] - [4] MIRKO.POZEN: Répertoire en Cours: E:\kerberos.htx\
[17:25:33] - [5] Usager MIRKO.POZEN Connecté IP: 192.168.0.1
[17:25:33] - [5] MIRKO.POZEN: Répertoire en Cours: E:\kerberos.htx\
[17:25:33] - [4] MIRKO.POZEN: Répertoire en Cours: E:\kerberos.htx\100NIKON\
[17:25:33] - [5] MIRKO.POZEN: Répertoire en Cours: E:\kerberos.htx\100NIKON\
[17:25:33] - [4] MIRKO.POZEN: Début d'Upload de E:\kerberos.htx\100NIKON\DSCN5268.JPG
[17:25:33] - [5] MIRKO.POZEN: Début d'Upload de E:\kerberos.htx\100NIKON\DSCN5271.JPG
[17:25:37] - [4] MIRKO.POZEN: Fichier Upload: E:\kerberos.htx\100NIKON\DSCN5268.JPG (869,27 K/S -  3 560 531 bytes)
[17:25:37] - [5] MIRKO.POZEN: Fichier Upload: E:\kerberos.htx\100NIKON\DSCN5271.JPG (843,67 K/S -  3 455 663 bytes)
[17:25:37] - [4] MIRKO.POZEN: Début d'Upload de E:\kerberos.htx\100NIKON\DSCN5118.JPG
[17:25:37] - [5] MIRKO.POZEN: Début d'Upload de E:\kerberos.htx\100NIKON\DSCN5119.JPG
[17:25:41] - [4] MIRKO.POZEN: Fichier Upload: E:\kerberos.htx\100NIKON\DSCN5118.JPG (876,67 K/S -  3 590 836 bytes)
[17:25:41] - [4] MIRKO.POZEN: Début d'Upload de E:\kerberos.htx\100NIKON\DSCN5120.JPG
[17:25:41] - [5] MIRKO.POZEN: Fichier Upload: E:\kerberos.htx\100NIKON\DSCN5119.JPG (956,44 K/S -  3 917 586 bytes)
[17:25:42] - [5] MIRKO.POZEN: Début d'Upload de E:\kerberos.htx\100NIKON\DSCN5121.JPG
[17:25:46] - [4] MIRKO.POZEN: Fichier Upload: E:\kerberos.htx\100NIKON\DSCN5120.JPG (886,98 K/S -  3 633 078 bytes)
[17:25:46] - [5] MIRKO.POZEN: Fichier Upload: E:\kerberos.htx\100NIKON\DSCN5121.JPG (866,14 K/S -  3 547 700 bytes)
[17:25:46] - [4] MIRKO.POZEN: Début d'Upload de E:\kerberos.htx\100NIKON\DSCN5122.JPG
[17:25:46] - [5] MIRKO.POZEN: Début d'Upload de E:\kerberos.htx\100NIKON\DSCN5123.JPG
[17:25:50] - [4] MIRKO.POZEN: Fichier Upload: E:\kerberos.htx\100NIKON\DSCN5122.JPG (860,60 K/S -  3 524 999 bytes)
[17:25:50] - [4] MIRKO.POZEN: Début d'Upload de E:\kerberos.htx\100NIKON\DSCN5124.JPG
[17:25:50] - [5] MIRKO.POZEN: Fichier Upload: E:\kerberos.htx\100NIKON\DSCN5123.JPG (913,64 K/S -  3 742 287 bytes)
[17:25:50] - [5] MIRKO.POZEN: Début d'Upload de E:\kerberos.htx\100NIKON\DSCN5125.JPG
[17:25:54] - [4] MIRKO.POZEN: Fichier Upload: E:\kerberos.htx\100NIKON\DSCN5124.JPG (905,25 K/S -  3 707 895 bytes)
[17:25:54] - [4] MIRKO.POZEN: Début d'Upload de E:\kerberos.htx\100NIKON\DSCN5126.JPG
[17:25:54] - [5] MIRKO.POZEN: Fichier Upload: E:\kerberos.htx\100NIKON\DSCN5125.JPG (897,21 K/S -  3 674 956 bytes)
[17:25:54] - [5] MIRKO.POZEN: Début d'Upload de E:\kerberos.htx\100NIKON\DSCN5127.JPG
[17:25:58] - [4] MIRKO.POZEN: Fichier Upload: E:\kerberos.htx\100NIKON\DSCN5126.JPG (904,30 K/S -  3 704 006 bytes)
[17:25:58] - [4] MIRKO.POZEN: Début d'Upload de E:\kerberos.htx\100NIKON\DSCN5128.JPG
[17:25:58] - [5] MIRKO.POZEN: Fichier Upload: E:\kerberos.htx\100NIKON\DSCN5127.JPG (957,62 K/S -  3 922 421 bytes)
[17:25:59] - [5] MIRKO.POZEN: Début d'Upload de E:\kerberos.htx\100NIKON\DSCN5136.JPG
[17:26:02] - [4] MIRKO.POZEN: Fichier Upload: E:\kerberos.htx\100NIKON\DSCN5128.JPG (879,80 K/S -  3 603 680 bytes)
[17:26:02] - [4] MIRKO.POZEN: Début d'Upload de E:\kerberos.htx\100NIKON\DSCN5137.JPG
[17:26:02] - [5] MIRKO.POZEN: Fichier Upload: E:\kerberos.htx\100NIKON\DSCN5136.JPG (1 208,20 K/S -  3 711 636 bytes)
[17:26:03] - [5] MIRKO.POZEN: Début d'Upload de E:\kerberos.htx\100NIKON\DSCN5138.JPG
[17:26:06] - [4] MIRKO.POZEN: Fichier Upload: E:\kerberos.htx\100NIKON\DSCN5137.JPG (907,52 K/S -  3 717 189 bytes)
[17:26:06] - [4] MIRKO.POZEN: Début d'Upload de E:\kerberos.htx\100NIKON\DSCN5139.JPG
[17:26:06] - [5] MIRKO.POZEN: Fichier Upload: E:\kerberos.htx\100NIKON\DSCN5138.JPG (1 177,40 K/S -  3 617 056 bytes)
[17:26:07] - [5] MIRKO.POZEN: Début d'Upload de E:\kerberos.htx\100NIKON\DSCN5140.JPG
[17:26:10] - [4] MIRKO.POZEN: Fichier Upload: E:\kerberos.htx\100NIKON\DSCN5139.JPG (858,18 K/S -  3 515 086 bytes)
[17:26:10] - [4] MIRKO.POZEN: Début d'Upload de E:\kerberos.htx\100NIKON\DSCN5173.JPG
[17:26:10] - [5] MIRKO.POZEN: Fichier Upload: E:\kerberos.htx\100NIKON\DSCN5140.JPG (1 173,30 K/S -  3 604 405 bytes)
[17:26:11] - [5] MIRKO.POZEN: Début d'Upload de E:\kerberos.htx\100NIKON\DSCN5174.JPG
[17:26:14] - [4] MIRKO.POZEN: Fichier Upload: E:\kerberos.htx\100NIKON\DSCN5173.JPG (887,91 K/S -  3 636 880 bytes)
[17:26:14] - [4] MIRKO.POZEN: Début d'Upload de E:\kerberos.htx\100NIKON\DSCN5175.JPG
[17:26:14] - [5] MIRKO.POZEN: Fichier Upload: E:\kerberos.htx\100NIKON\DSCN5174.JPG (1 165,30 K/S -  3 579 872 bytes)
[17:26:14] - [5] MIRKO.POZEN: Début d'Upload de E:\kerberos.htx\100NIKON\DSCN5176.JPG
[17:26:18] - [4] MIRKO.POZEN: Fichier Upload: E:\kerberos.htx\100NIKON\DSCN5175.JPG (873,58 K/S -  3 578 203 bytes)
[17:26:18] - [4] MIRKO.POZEN: Début d'Upload de E:\kerberos.htx\100NIKON\DSCN5177.JPG
[17:26:18] - [5] MIRKO.POZEN: Fichier Upload: E:\kerberos.htx\100NIKON\DSCN5176.JPG (902,52 K/S -  3 696 715 bytes)
[17:26:19] - [5] MIRKO.POZEN: Début d'Upload de E:\kerberos.htx\100NIKON\DSCN5178.JPG
[17:26:22] - [4] MIRKO.POZEN: Fichier Upload: E:\kerberos.htx\100NIKON\DSCN5177.JPG (821,54 K/S -  3 365 046 bytes)
[17:26:22] - [4] MIRKO.POZEN: Début d'Upload de E:\kerberos.htx\100NIKON\DSCN5179.JPG
[17:26:22] - [5] MIRKO.POZEN: Fichier Upload: E:\kerberos.htx\100NIKON\DSCN5178.JPG (1 160,20 K/S -  3 564 121 bytes)
[17:26:22] - [5] MIRKO.POZEN: Début d'Upload de E:\kerberos.htx\100NIKON\DSCN5180.JPG
[17:26:25] - [4] MIRKO.POZEN: Fichier Upload: E:\kerberos.htx\100NIKON\DSCN5179.JPG (1 151,30 K/S -  3 536 772 bytes)
[17:26:26] - [4] MIRKO.POZEN: Début d'Upload de E:\kerberos.htx\100NIKON\DSCN5181.JPG
[17:26:26] - [5] MIRKO.POZEN: Fichier Upload: E:\kerberos.htx\100NIKON\DSCN5180.JPG (873,25 K/S -  3 576 835 bytes)
[17:26:26] - [5] MIRKO.POZEN: Début d'Upload de E:\kerberos.htx\100NIKON\DSCN5182.JPG
[17:26:29] - [4] MIRKO.POZEN: Fichier Upload: E:\kerberos.htx\100NIKON\DSCN5181.JPG (1 132,10 K/S -  3 477 898 bytes)
[17:26:29] - [4] MIRKO.POZEN: Début d'Upload de E:\kerberos.htx\100NIKON\DSCN5217.JPG
[17:26:29] - [5] MIRKO.POZEN: Fichier Upload: E:\kerberos.htx\100NIKON\DSCN5182.JPG (1 162,70 K/S -  3 571 881 bytes)
[17:26:29] - [5] MIRKO.POZEN: Début d'Upload de E:\kerberos.htx\100NIKON\DSCN5218.JPG
[17:26:33] - [4] MIRKO.POZEN: Fichier Upload: E:\kerberos.htx\100NIKON\DSCN5217.JPG (890,64 K/S -  3 648 055 bytes)
[17:26:33] - [4] MIRKO.POZEN: Début d'Upload de E:\kerberos.htx\100NIKON\DSCN5219.JPG
[17:26:33] - [5] MIRKO.POZEN: Fichier Upload: E:\kerberos.htx\100NIKON\DSCN5218.JPG (920,80 K/S -  3 771 588 bytes)
[17:26:33] - [5] MIRKO.POZEN: Début d'Upload de E:\kerberos.htx\100NIKON\DSCN5220.JPG
[17:26:37] - [4] MIRKO.POZEN: Fichier Upload: E:\kerberos.htx\100NIKON\DSCN5219.JPG (896,15 K/S -  3 670 620 bytes)
[17:26:37] - [4] MIRKO.POZEN: Début d'Upload de E:\kerberos.htx\100NIKON\DSCN5221.JPG
[17:26:37] - [5] MIRKO.POZEN: Fichier Upload: E:\kerberos.htx\100NIKON\DSCN5220.JPG (923,59 K/S -  3 783 030 bytes)
[17:26:38] - [5] MIRKO.POZEN: Début d'Upload de E:\kerberos.htx\100NIKON\DSCN5222.JPG
[17:26:41] - [4] MIRKO.POZEN: Fichier Upload: E:\kerberos.htx\100NIKON\DSCN5221.JPG (920,83 K/S -  3 771 739 bytes)
[17:26:42] - [4] MIRKO.POZEN: Début d'Upload de E:\kerberos.htx\100NIKON\DSCN5223.JPG
[17:26:42] - [5] MIRKO.POZEN: Fichier Upload: E:\kerberos.htx\100NIKON\DSCN5222.JPG (719,13 K/S -  3 681 931 bytes)
[17:26:42] - [5] MIRKO.POZEN: Début d'Upload de E:\kerberos.htx\100NIKON\DSCN5224.JPG
[17:26:46] - [4] MIRKO.POZEN: Fichier Upload: E:\kerberos.htx\100NIKON\DSCN5223.JPG (896,07 K/S -  3 670 321 bytes)
[17:26:46] - [5] MIRKO.POZEN: Fichier Upload: E:\kerberos.htx\100NIKON\DSCN5224.JPG (851,14 K/S -  3 486 271 bytes)
[17:26:46] - [4] MIRKO.POZEN: Début d'Upload de E:\kerberos.htx\100NIKON\DSCN5225.JPG
[17:26:46] - [5] MIRKO.POZEN: Début d'Upload de E:\kerberos.htx\100NIKON\DSCN5226.JPG
[17:26:49] - [4] MIRKO.POZEN: Fichier Upload: E:\kerberos.htx\100NIKON\DSCN5225.JPG (1 112,40 K/S -  3 417 434 bytes)
[17:26:49] - [4] MIRKO.POZEN: Début d'Upload de E:\kerberos.htx\100NIKON\DSCN5227.JPG
[17:26:50] - [5] MIRKO.POZEN: Fichier Upload: E:\kerberos.htx\100NIKON\DSCN5226.JPG (878,77 K/S -  3 599 428 bytes)
[17:26:50] - [5] MIRKO.POZEN: Début d'Upload de E:\kerberos.htx\100NIKON\DSCN5241.JPG
[17:26:53] - [4] MIRKO.POZEN: Fichier Upload: E:\kerberos.htx\100NIKON\DSCN5227.JPG (906,19 K/S -  3 711 764 bytes)
[17:26:53] - [4] MIRKO.POZEN: Début d'Upload de E:\kerberos.htx\100NIKON\DSCN5242.JPG
[17:26:54] - [5] MIRKO.POZEN: Fichier Upload: E:\kerberos.htx\100NIKON\DSCN5241.JPG (899,91 K/S -  3 686 013 bytes)
[17:26:54] - [5] MIRKO.POZEN: Début d'Upload de E:\kerberos.htx\100NIKON\DSCN5243.JPG
[17:26:55] - [6] Connecté à 192.168.0.1. Collecte du Nom d'utilisateur.
[17:26:55] - [6] Usager MIRKO.POZEN Connecté IP: 192.168.0.1
[17:26:55] - [6] MIRKO.POZEN: Répertoire en Cours: E:\kerberos.htx\
[17:26:55] - [6] MIRKO.POZEN: Répertoire en Cours: E:\kerberos.htx\
[17:26:57] - [4] MIRKO.POZEN: Fichier Upload: E:\kerberos.htx\100NIKON\DSCN5242.JPG (881,88 K/S -  3 612 193 bytes)
[17:26:58] - [5] MIRKO.POZEN: Fichier Upload: E:\kerberos.htx\100NIKON\DSCN5243.JPG (900,70 K/S -  3 689 279 bytes)
[17:26:58] - [6] MIRKO.POZEN: Répertoire en Cours: E:\kerberos.htx\100NIKON\
[17:27:10] - [7] Connecté à 192.168.0.1. Collecte du Nom d'utilisateur.
[17:27:10] - [8] Connecté à 192.168.0.1. Collecte du Nom d'utilisateur.
[17:27:10] - [7] Usager MIRKO.POZEN Connecté IP: 192.168.0.1
[17:27:10] - [7] MIRKO.POZEN: Répertoire en Cours: E:\kerberos.htx\
[17:27:10] - [8] Usager MIRKO.POZEN Connecté IP: 192.168.0.1
[17:27:10] - [8] MIRKO.POZEN: Répertoire en Cours: E:\kerberos.htx\
[17:27:10] - [7] MIRKO.POZEN: Répertoire en Cours: E:\kerberos.htx\100NIKON\
[17:27:10] - [8] MIRKO.POZEN: Répertoire en Cours: E:\kerberos.htx\100NIKON\
[17:27:10] - [7] MIRKO.POZEN: Début du Téléchargement de: E:\kerberos.htx\100NIKON\DSCN5118.JPG
[17:27:10] - [8] MIRKO.POZEN: Début du Téléchargement de: E:\kerberos.htx\100NIKON\DSCN5119.JPG
[17:27:19] - [7] MIRKO.POZEN: Fichier envoyé: E:\kerberos.htx\100NIKON\DSCN5118.JPG (389,63 K/S -  3 590 836 bytes)
[17:27:19] - [7] MIRKO.POZEN: Début du Téléchargement de: E:\kerberos.htx\100NIKON\DSCN5120.JPG
[17:27:20] - [8] MIRKO.POZEN: Fichier envoyé: E:\kerberos.htx\100NIKON\DSCN5119.JPG (382,58 K/S -  3 917 586 bytes)
[17:27:20] - [8] MIRKO.POZEN: Début du Téléchargement de: E:\kerberos.htx\100NIKON\DSCN5121.JPG
[17:27:28] - [5] Client 192.168.0.1 Déconnecté (00:01:55 Min)
[17:27:28] - [4] Client 192.168.0.1 Déconnecté (00:01:55 Min)
[17:27:29] - [7] MIRKO.POZEN: Fichier envoyé: E:\kerberos.htx\100NIKON\DSCN5120.JPG (354,79 K/S -  3 633 078 bytes)
[17:27:30] - [7] MIRKO.POZEN: Début du Téléchargement de: E:\kerberos.htx\100NIKON\DSCN5122.JPG
[17:27:30] - [8] MIRKO.POZEN: Fichier envoyé: E:\kerberos.htx\100NIKON\DSCN5121.JPG (346,46 K/S -  3 547 700 bytes)
[17:27:30] - [8] MIRKO.POZEN: Début du Téléchargement de: E:\kerberos.htx\100NIKON\DSCN5123.JPG
[17:27:39] - [7] MIRKO.POZEN: Fichier envoyé: E:\kerberos.htx\100NIKON\DSCN5122.JPG (344,24 K/S -  3 524 999 bytes)
[17:27:39] - [7] MIRKO.POZEN: Début du Téléchargement de: E:\kerberos.htx\100NIKON\DSCN5124.JPG
[17:27:41] - [8] MIRKO.POZEN: Fichier envoyé: E:\kerberos.htx\100NIKON\DSCN5123.JPG (332,23 K/S -  3 742 287 bytes)
[17:27:41] - [8] MIRKO.POZEN: Début du Téléchargement de: E:\kerberos.htx\100NIKON\DSCN5125.JPG
[17:27:50] - [7] MIRKO.POZEN: Fichier envoyé: E:\kerberos.htx\100NIKON\DSCN5124.JPG (329,18 K/S -  3 707 895 bytes)
[17:27:50] - [7] MIRKO.POZEN: Début du Téléchargement de: E:\kerberos.htx\100NIKON\DSCN5126.JPG
[17:27:51] - [8] MIRKO.POZEN: Fichier envoyé: E:\kerberos.htx\100NIKON\DSCN5125.JPG (358,88 K/S -  3 674 956 bytes)
[17:27:51] - [8] MIRKO.POZEN: Début du Téléchargement de: E:\kerberos.htx\100NIKON\DSCN5127.JPG
[17:28:00] - [7] MIRKO.POZEN: Fichier envoyé: E:\kerberos.htx\100NIKON\DSCN5126.JPG (361,72 K/S -  3 704 006 bytes)
[17:28:00] - [7] MIRKO.POZEN: Début du Téléchargement de: E:\kerberos.htx\100NIKON\DSCN5128.JPG
[17:28:02] - [8] MIRKO.POZEN: Fichier envoyé: E:\kerberos.htx\100NIKON\DSCN5127.JPG (348,23 K/S -  3 922 421 bytes)
[17:28:02] - [8] MIRKO.POZEN: Début du Téléchargement de: E:\kerberos.htx\100NIKON\DSCN5136.JPG
[17:28:10] - [7] MIRKO.POZEN: Fichier envoyé: E:\kerberos.htx\100NIKON\DSCN5128.JPG (351,92 K/S -  3 603 680 bytes)
[17:28:10] - [7] MIRKO.POZEN: Début du Téléchargement de: E:\kerberos.htx\100NIKON\DSCN5137.JPG
[17:28:12] - [8] MIRKO.POZEN: Fichier envoyé: E:\kerberos.htx\100NIKON\DSCN5136.JPG (362,46 K/S -  3 711 636 bytes)
[17:28:12] - [8] MIRKO.POZEN: Début du Téléchargement de: E:\kerberos.htx\100NIKON\DSCN5138.JPG
[17:28:21] - [7] MIRKO.POZEN: Fichier envoyé: E:\kerberos.htx\100NIKON\DSCN5137.JPG (330,01 K/S -  3 717 189 bytes)
[17:28:21] - [7] MIRKO.POZEN: Début du Téléchargement de: E:\kerberos.htx\100NIKON\DSCN5139.JPG
[17:28:23] - [8] MIRKO.POZEN: Fichier envoyé: E:\kerberos.htx\100NIKON\DSCN5138.JPG (321,12 K/S -  3 617 056 bytes)
[17:28:23] - [8] MIRKO.POZEN: Début du Téléchargement de: E:\kerberos.htx\100NIKON\DSCN5140.JPG
[17:28:31] - [7] MIRKO.POZEN: Fichier envoyé: E:\kerberos.htx\100NIKON\DSCN5139.JPG (343,27 K/S -  3 515 086 bytes)
[17:28:31] - [7] MIRKO.POZEN: Début du Téléchargement de: E:\kerberos.htx\100NIKON\DSCN5173.JPG
[17:28:33] - [8] MIRKO.POZEN: Fichier envoyé: E:\kerberos.htx\100NIKON\DSCN5140.JPG (351,99 K/S -  3 604 405 bytes)
[17:28:33] - [8] MIRKO.POZEN: Début du Téléchargement de: E:\kerberos.htx\100NIKON\DSCN5174.JPG
[17:28:40] - [7] MIRKO.POZEN: Fichier envoyé: E:\kerberos.htx\100NIKON\DSCN5173.JPG (394,63 K/S -  3 636 880 bytes)
[17:28:40] - [7] MIRKO.POZEN: Début du Téléchargement de: E:\kerberos.htx\100NIKON\DSCN5175.JPG
[17:28:42] - [8] MIRKO.POZEN: Fichier envoyé: E:\kerberos.htx\100NIKON\DSCN5174.JPG (388,44 K/S -  3 579 872 bytes)
[17:28:42] - [8] MIRKO.POZEN: Début du Téléchargement de: E:\kerberos.htx\100NIKON\DSCN5176.JPG
[17:28:50] - [7] MIRKO.POZEN: Fichier envoyé: E:\kerberos.htx\100NIKON\DSCN5175.JPG (349,43 K/S -  3 578 203 bytes)
[17:28:50] - [7] MIRKO.POZEN: Début du Téléchargement de: E:\kerberos.htx\100NIKON\DSCN5177.JPG
[17:28:52] - [8] MIRKO.POZEN: Fichier envoyé: E:\kerberos.htx\100NIKON\DSCN5176.JPG (361,01 K/S -  3 696 715 bytes)
[17:28:52] - [8] MIRKO.POZEN: Début du Téléchargement de: E:\kerberos.htx\100NIKON\DSCN5178.JPG
[17:28:59] - [7] MIRKO.POZEN: Fichier envoyé: E:\kerberos.htx\100NIKON\DSCN5177.JPG (365,13 K/S -  3 365 046 bytes)
[17:28:59] - [7] MIRKO.POZEN: Début du Téléchargement de: E:\kerberos.htx\100NIKON\DSCN5179.JPG
[17:29:01] - [8] MIRKO.POZEN: Fichier envoyé: E:\kerberos.htx\100NIKON\DSCN5178.JPG (386,73 K/S -  3 564 121 bytes)
[17:29:01] - [8] MIRKO.POZEN: Début du Téléchargement de: E:\kerberos.htx\100NIKON\DSCN5180.JPG
[17:29:08] - [7] MIRKO.POZEN: Fichier envoyé: E:\kerberos.htx\100NIKON\DSCN5179.JPG (383,76 K/S -  3 536 772 bytes)
[17:29:09] - [7] MIRKO.POZEN: Début du Téléchargement de: E:\kerberos.htx\100NIKON\DSCN5181.JPG
[17:29:11] - [8] MIRKO.POZEN: Fichier envoyé: E:\kerberos.htx\100NIKON\DSCN5180.JPG (349,30 K/S -  3 576 835 bytes)
[17:29:12] - [8] MIRKO.POZEN: Début du Téléchargement de: E:\kerberos.htx\100NIKON\DSCN5182.JPG
[17:29:18] - [7] MIRKO.POZEN: Fichier envoyé: E:\kerberos.htx\100NIKON\DSCN5181.JPG (377,38 K/S -  3 477 898 bytes)
[17:29:18] - [7] MIRKO.POZEN: Début du Téléchargement de: E:\kerberos.htx\100NIKON\DSCN5217.JPG
[17:29:21] - [8] MIRKO.POZEN: Fichier envoyé: E:\kerberos.htx\100NIKON\DSCN5182.JPG (348,82 K/S -  3 571 881 bytes)
[17:29:21] - [8] MIRKO.POZEN: Début du Téléchargement de: E:\kerberos.htx\100NIKON\DSCN5218.JPG
[17:29:28] - [7] MIRKO.POZEN: Fichier envoyé: E:\kerberos.htx\100NIKON\DSCN5217.JPG (356,26 K/S -  3 648 055 bytes)
[17:29:28] - [7] MIRKO.POZEN: Début du Téléchargement de: E:\kerberos.htx\100NIKON\DSCN5219.JPG
[17:29:32] - [8] MIRKO.POZEN: Fichier envoyé: E:\kerberos.htx\100NIKON\DSCN5218.JPG (334,84 K/S -  3 771 588 bytes)
[17:29:32] - [8] MIRKO.POZEN: Début du Téléchargement de: E:\kerberos.htx\100NIKON\DSCN5220.JPG
[17:29:39] - [7] MIRKO.POZEN: Fichier envoyé: E:\kerberos.htx\100NIKON\DSCN5219.JPG (325,87 K/S -  3 670 620 bytes)
[17:29:39] - [7] MIRKO.POZEN: Début du Téléchargement de: E:\kerberos.htx\100NIKON\DSCN5221.JPG
[17:29:43] - [8] MIRKO.POZEN: Fichier envoyé: E:\kerberos.htx\100NIKON\DSCN5220.JPG (335,85 K/S -  3 783 030 bytes)
[17:29:43] - [8] MIRKO.POZEN: Début du Téléchargement de: E:\kerberos.htx\100NIKON\DSCN5222.JPG
[17:29:49] - [7] MIRKO.POZEN: Fichier envoyé: E:\kerberos.htx\100NIKON\DSCN5221.JPG (368,33 K/S -  3 771 739 bytes)
[17:29:49] - [7] MIRKO.POZEN: Début du Téléchargement de: E:\kerberos.htx\100NIKON\DSCN5223.JPG
[17:29:53] - [8] MIRKO.POZEN: Fichier envoyé: E:\kerberos.htx\100NIKON\DSCN5222.JPG (359,56 K/S -  3 681 931 bytes)
[17:29:53] - [8] MIRKO.POZEN: Début du Téléchargement de: E:\kerberos.htx\100NIKON\DSCN5224.JPG
[17:29:59] - [7] MIRKO.POZEN: Fichier envoyé: E:\kerberos.htx\100NIKON\DSCN5223.JPG (358,43 K/S -  3 670 321 bytes)
[17:29:59] - [7] MIRKO.POZEN: Début du Téléchargement de: E:\kerberos.htx\100NIKON\DSCN5225.JPG
[17:30:03] - [8] MIRKO.POZEN: Fichier envoyé: E:\kerberos.htx\100NIKON\DSCN5224.JPG (340,46 K/S -  3 486 271 bytes)
[17:30:03] - [8] MIRKO.POZEN: Début du Téléchargement de: E:\kerberos.htx\100NIKON\DSCN5226.JPG
[17:30:09] - [7] MIRKO.POZEN: Fichier envoyé: E:\kerberos.htx\100NIKON\DSCN5225.JPG (333,73 K/S -  3 417 434 bytes)
[17:30:09] - [7] MIRKO.POZEN: Début du Téléchargement de: E:\kerberos.htx\100NIKON\DSCN5227.JPG
[17:30:13] - [8] MIRKO.POZEN: Fichier envoyé: E:\kerberos.htx\100NIKON\DSCN5226.JPG (351,51 K/S -  3 599 428 bytes)
[17:30:13] - [8] MIRKO.POZEN: Début du Téléchargement de: E:\kerberos.htx\100NIKON\DSCN5241.JPG
[17:30:19] - [7] MIRKO.POZEN: Fichier envoyé: E:\kerberos.htx\100NIKON\DSCN5227.JPG (362,48 K/S -  3 711 764 bytes)
[17:30:19] - [7] MIRKO.POZEN: Début du Téléchargement de: E:\kerberos.htx\100NIKON\DSCN5242.JPG
[17:30:23] - [8] MIRKO.POZEN: Fichier envoyé: E:\kerberos.htx\100NIKON\DSCN5241.JPG (359,96 K/S -  3 686 013 bytes)
[17:30:23] - [8] MIRKO.POZEN: Début du Téléchargement de: E:\kerberos.htx\100NIKON\DSCN5243.JPG
[17:30:30] - [7] MIRKO.POZEN: Fichier envoyé: E:\kerberos.htx\100NIKON\DSCN5242.JPG (320,68 K/S -  3 612 193 bytes)
[17:30:30] - [7] MIRKO.POZEN: Début du Téléchargement de: E:\kerberos.htx\100NIKON\DSCN5268.JPG
[17:30:34] - [8] MIRKO.POZEN: Fichier envoyé: E:\kerberos.htx\100NIKON\DSCN5243.JPG (327,53 K/S -  3 689 279 bytes)
[17:30:34] - [8] MIRKO.POZEN: Début du Téléchargement de: E:\kerberos.htx\100NIKON\DSCN5271.JPG
[17:30:39] - [7] MIRKO.POZEN: Fichier envoyé: E:\kerberos.htx\100NIKON\DSCN5268.JPG (386,34 K/S -  3 560 531 bytes)
[17:30:41] - [8] MIRKO.POZEN: Fichier envoyé: E:\kerberos.htx\100NIKON\DSCN5271.JPG (482,10 K/S -  3 455 663 bytes)
[17:31:03] - [8] Client 192.168.0.1 Déconnecté (00:03:53 Min)
[17:31:03] - [7] Client 192.168.0.1 Déconnecté (00:03:53 Min)
[17:31:03] - [6] Client 192.168.0.1 Déconnecté (00:04:08 Min)
[17:40:33] - [9] Connecté à 192.168.0.1. Collecte du Nom d'utilisateur.
[17:40:34] - [9] Client 192.168.0.1 Déconnecté (00:00:00 Min)
[17:59:12] - [10] Connecté à 192.241.235.42. Collecte du Nom d'utilisateur.
[17:59:12] - [10] Client 192.241.235.42 Déconnecté (00:00:00 Min)
[18:06:59] - [3] MIRKO.POZEN: Répertoire en Cours: E:\kerberos.htx\100NIKON\
[18:07:03] - [11] Connecté à 192.168.0.1. Collecte du Nom d'utilisateur.
[18:07:03] - [12] Connecté à 192.168.0.1. Collecte du Nom d'utilisateur.
[18:07:03] - [12] Usager MIRKO.POZEN Connecté IP: 192.168.0.1
[18:07:03] - [12] MIRKO.POZEN: Répertoire en Cours: E:\kerberos.htx\
[18:07:03] - [11] Usager MIRKO.POZEN Connecté IP: 192.168.0.1
[18:07:03] - [11] MIRKO.POZEN: Répertoire en Cours: E:\kerberos.htx\
[18:07:03] - [12] MIRKO.POZEN: Répertoire en Cours: E:\kerberos.htx\100NIKON\
[18:07:03] - [11] MIRKO.POZEN: Répertoire en Cours: E:\kerberos.htx\100NIKON\
[18:07:03] - [12] MIRKO.POZEN: Début d'Upload de E:\kerberos.htx\100NIKON\DSCN5273.JPG
[18:07:03] - [11] MIRKO.POZEN: Début d'Upload de E:\kerberos.htx\100NIKON\DSCN5272.JPG
[18:07:07] - [12] MIRKO.POZEN: Fichier Upload: E:\kerberos.htx\100NIKON\DSCN5273.JPG (863,51 K/S -  3 536 952 bytes)
[18:07:07] - [11] MIRKO.POZEN: Fichier Upload: E:\kerberos.htx\100NIKON\DSCN5272.JPG (844,05 K/S -  3 457 239 bytes)
[18:07:13] - [12] Client 192.168.0.1 Déconnecté (00:00:09 Min)
[18:07:13] - [11] Client 192.168.0.1 Déconnecté (00:00:09 Min)
[18:07:13] - [3] Client 192.168.0.1 Déconnecté (00:42:00 Min)
[18:08:08] - [13] Connecté à 192.168.0.1. Collecte du Nom d'utilisateur.
[18:08:08] - [13] Usager MIRKO.POZEN Connecté IP: 192.168.0.1
[18:08:08] - [13] MIRKO.POZEN: Répertoire en Cours: E:\kerberos.htx\
[18:08:08] - [13] MIRKO.POZEN: Répertoire en Cours: E:\kerberos.htx\
[18:08:09] - [13] MIRKO.POZEN: Répertoire en Cours: E:\kerberos.htx\100NIKON\
[18:08:16] - [14] Connecté à 192.168.0.1. Collecte du Nom d'utilisateur.
[18:08:16] - [15] Connecté à 192.168.0.1. Collecte du Nom d'utilisateur.
[18:08:16] - [14] Usager MIRKO.POZEN Connecté IP: 192.168.0.1
[18:08:16] - [14] MIRKO.POZEN: Répertoire en Cours: E:\kerberos.htx\
[18:08:16] - [15] Usager MIRKO.POZEN Connecté IP: 192.168.0.1
[18:08:16] - [15] MIRKO.POZEN: Répertoire en Cours: E:\kerberos.htx\
[18:08:16] - [14] MIRKO.POZEN: Répertoire en Cours: E:\kerberos.htx\100NIKON\
[18:08:16] - [15] MIRKO.POZEN: Répertoire en Cours: E:\kerberos.htx\100NIKON\
[18:08:20] - [14] MIRKO.POZEN: Début du Téléchargement de: E:\kerberos.htx\100NIKON\DSCN5272.JPG
[18:08:20] - [15] MIRKO.POZEN: Début du Téléchargement de: E:\kerberos.htx\100NIKON\DSCN5227.JPG
[18:08:30] - [14] MIRKO.POZEN: Fichier envoyé: E:\kerberos.htx\100NIKON\DSCN5272.JPG (337,62 K/S -  3 457 239 bytes)
[18:08:30] - [14] MIRKO.POZEN: Début du Téléchargement de: E:\kerberos.htx\100NIKON\DSCN5273.JPG
[18:08:30] - [15] MIRKO.POZEN: Fichier envoyé: E:\kerberos.htx\100NIKON\DSCN5227.JPG (362,48 K/S -  3 711 764 bytes)
[18:08:35] - [14] MIRKO.POZEN: Fichier envoyé: E:\kerberos.htx\100NIKON\DSCN5273.JPG (690,81 K/S -  3 536 952 bytes)
[18:09:01] - [15] Client 192.168.0.1 Déconnecté (00:00:44 Min)
[18:09:06] - [14] Client 192.168.0.1 Déconnecté (00:00:49 Min)
[18:09:32] - [16] Connecté à 104.206.128.70. Collecte du Nom d'utilisateur.
[18:10:04] - [16] Client 104.206.128.70 Déconnecté (00:00:32 Min)
[18:11:56] - [13] Client 192.168.0.1 Déconnecté (00:03:48 Min)
[18:28:46] - [17] Connecté à 192.241.238.116. Collecte du Nom d'utilisateur.
[18:28:55] - [17] Client 192.241.238.116 Déconnecté (00:00:09 Min)
