[15:55:59] - Serveur Démarré
[15:55:59] - FTP Port: 21
[15:58:43] - [1] Connecté à 192.168.0.1. Collecte du Nom d'utilisateur.
[15:58:43] - [1] Usager MIRKO.POZEN Connecté IP: 192.168.0.1
[15:58:44] - [1] MIRKO.POZEN: Répertoire en Cours: D:\kerberos.htx\
[15:58:44] - [1] MIRKO.POZEN: Répertoire en Cours: D:\kerberos.htx\
[15:58:56] - [1] MIRKO.POZEN: Répertoire en Cours: D:\kerberos.htx\
[15:58:56] - [1] MIRKO.POZEN: Nouveau Répertoire: D:\kerberos.htx\mobel
[15:59:07] - [1] MIRKO.POZEN: Répertoire en Cours: D:\kerberos.htx\mobel\
[15:59:31] - [2] Connecté à 192.168.0.1. Collecte du Nom d'utilisateur.
[15:59:31] - [3] Connecté à 192.168.0.1. Collecte du Nom d'utilisateur.
[15:59:31] - [2] Usager MIRKO.POZEN Connecté IP: 192.168.0.1
[15:59:31] - [2] MIRKO.POZEN: Répertoire en Cours: D:\kerberos.htx\
[15:59:32] - [3] Usager MIRKO.POZEN Connecté IP: 192.168.0.1
[15:59:32] - [3] MIRKO.POZEN: Répertoire en Cours: D:\kerberos.htx\
[15:59:32] - [2] MIRKO.POZEN: Répertoire en Cours: D:\kerberos.htx\mobel\
[15:59:32] - [3] MIRKO.POZEN: Répertoire en Cours: D:\kerberos.htx\mobel\
[15:59:32] - [2] MIRKO.POZEN: Début d'Upload de D:\kerberos.htx\mobel\1.JPG
[15:59:32] - [3] MIRKO.POZEN: Début d'Upload de D:\kerberos.htx\mobel\10.JPG
[15:59:36] - [2] MIRKO.POZEN: Fichier Upload: D:\kerberos.htx\mobel\1.JPG (637,87 K/S -  2 612 703 bytes)
[15:59:36] - [3] MIRKO.POZEN: Fichier Upload: D:\kerberos.htx\mobel\10.JPG (615,82 K/S -  2 522 402 bytes)
[15:59:36] - [2] MIRKO.POZEN: Début d'Upload de D:\kerberos.htx\mobel\11.JPG
[15:59:36] - [3] MIRKO.POZEN: Début d'Upload de D:\kerberos.htx\mobel\12.JPG
[15:59:39] - [3] MIRKO.POZEN: Fichier Upload: D:\kerberos.htx\mobel\12.JPG (789,39 K/S -  2 425 017 bytes)
[15:59:39] - [3] MIRKO.POZEN: Début d'Upload de D:\kerberos.htx\mobel\13.JPG
[15:59:42] - [2] MIRKO.POZEN: Fichier Upload: D:\kerberos.htx\mobel\11.JPG (480,44 K/S -  2 951 807 bytes)
[15:59:42] - [2] MIRKO.POZEN: Début d'Upload de D:\kerberos.htx\mobel\14.JPG
[15:59:43] - [3] MIRKO.POZEN: Fichier Upload: D:\kerberos.htx\mobel\13.JPG (814,57 K/S -  2 502 368 bytes)
[15:59:43] - [3] MIRKO.POZEN: Début d'Upload de D:\kerberos.htx\mobel\15.JPG
[15:59:46] - [3] MIRKO.POZEN: Fichier Upload: D:\kerberos.htx\mobel\15.JPG (887,79 K/S -  2 727 295 bytes)
[15:59:46] - [3] MIRKO.POZEN: Début d'Upload de D:\kerberos.htx\mobel\16.JPG
[15:59:47] - [2] MIRKO.POZEN: Fichier Upload: D:\kerberos.htx\mobel\14.JPG (664,06 K/S -  2 719 983 bytes)
[15:59:47] - [2] MIRKO.POZEN: Début d'Upload de D:\kerberos.htx\mobel\17.JPG
[15:59:50] - [3] MIRKO.POZEN: Fichier Upload: D:\kerberos.htx\mobel\16.JPG (629,69 K/S -  2 579 221 bytes)
[15:59:50] - [3] MIRKO.POZEN: Début d'Upload de D:\kerberos.htx\mobel\18.JPG
[15:59:52] - [2] MIRKO.POZEN: Fichier Upload: D:\kerberos.htx\mobel\17.JPG (503,86 K/S -  2 579 740 bytes)
[15:59:52] - [2] MIRKO.POZEN: Début d'Upload de D:\kerberos.htx\mobel\19.JPG
[15:59:55] - [2] MIRKO.POZEN: Fichier Upload: D:\kerberos.htx\mobel\19.JPG (839,77 K/S -  2 579 784 bytes)
[15:59:55] - [3] MIRKO.POZEN: Fichier Upload: D:\kerberos.htx\mobel\18.JPG (485,35 K/S -  2 484 975 bytes)
[15:59:55] - [2] MIRKO.POZEN: Début d'Upload de D:\kerberos.htx\mobel\2.JPG
[15:59:55] - [3] MIRKO.POZEN: Début d'Upload de D:\kerberos.htx\mobel\20.JPG
[15:59:58] - [2] MIRKO.POZEN: Fichier Upload: D:\kerberos.htx\mobel\2.JPG (818,85 K/S -  2 515 511 bytes)
[15:59:58] - [2] MIRKO.POZEN: Début d'Upload de D:\kerberos.htx\mobel\21.JPG
[16:00:01] - [3] MIRKO.POZEN: Fichier Upload: D:\kerberos.htx\mobel\20.JPG (450,72 K/S -  2 769 253 bytes)
[16:00:01] - [3] MIRKO.POZEN: Début d'Upload de D:\kerberos.htx\mobel\22.JPG
[16:00:03] - [2] MIRKO.POZEN: Fichier Upload: D:\kerberos.htx\mobel\21.JPG (448,12 K/S -  2 753 266 bytes)
[16:00:04] - [3] MIRKO.POZEN: Fichier Upload: D:\kerberos.htx\mobel\22.JPG (886,71 K/S -  2 723 979 bytes)
[16:00:04] - [2] MIRKO.POZEN: Début d'Upload de D:\kerberos.htx\mobel\3.JPG
[16:00:04] - [3] MIRKO.POZEN: Début d'Upload de D:\kerberos.htx\mobel\4.JPG
[16:00:07] - [3] MIRKO.POZEN: Fichier Upload: D:\kerberos.htx\mobel\4.JPG (756,59 K/S -  2 324 238 bytes)
[16:00:07] - [3] MIRKO.POZEN: Début d'Upload de D:\kerberos.htx\mobel\5.JPG
[16:00:08] - [2] MIRKO.POZEN: Fichier Upload: D:\kerberos.htx\mobel\3.JPG (625,67 K/S -  2 562 745 bytes)
[16:00:08] - [2] MIRKO.POZEN: Début d'Upload de D:\kerberos.htx\mobel\6.JPG
[16:00:11] - [2] MIRKO.POZEN: Fichier Upload: D:\kerberos.htx\mobel\6.JPG (902,15 K/S -  2 771 418 bytes)
[16:00:11] - [2] MIRKO.POZEN: Début d'Upload de D:\kerberos.htx\mobel\7.JPG
[16:00:12] - [3] MIRKO.POZEN: Fichier Upload: D:\kerberos.htx\mobel\5.JPG (495,98 K/S -  2 539 420 bytes)
[16:00:12] - [3] MIRKO.POZEN: Début d'Upload de D:\kerberos.htx\mobel\8.JPG
[16:00:14] - [2] MIRKO.POZEN: Fichier Upload: D:\kerberos.htx\mobel\7.JPG (743,21 K/S -  2 283 155 bytes)
[16:00:14] - [2] MIRKO.POZEN: Début d'Upload de D:\kerberos.htx\mobel\9.JPG
[16:00:16] - [3] MIRKO.POZEN: Fichier Upload: D:\kerberos.htx\mobel\8.JPG (585,74 K/S -  2 399 197 bytes)
[16:00:17] - [2] MIRKO.POZEN: Fichier Upload: D:\kerberos.htx\mobel\9.JPG (823,31 K/S -  2 529 194 bytes)
[16:00:47] - [3] Client 192.168.0.1 Déconnecté (00:01:15 Min)
[16:00:48] - [2] Client 192.168.0.1 Déconnecté (00:01:16 Min)
[16:01:52] - [1] Client 192.168.0.1 Déconnecté (00:03:08 Min)
[18:33:08] - [4] Connecté à 91.124.63.66. Collecte du Nom d'utilisateur.
[18:33:09] - [4] Authentification Incorrect: Utilisateur ADMIN IP: 91.124.63.66
[18:33:09] - [4] Client 91.124.63.66 Déconnecté (00:00:00 Min)
